[2026-06-12T11:03:02.735+0000] {processor.py:161} INFO - Started process (PID=82) to work on /home/airflow/.local/lib/python3.8/site-packages/airflow/example_dags/example_bash_operator.py
[2026-06-12T11:03:02.736+0000] {processor.py:830} INFO - Processing file /home/airflow/.local/lib/python3.8/site-packages/airflow/example_dags/example_bash_operator.py for tasks to queue
[2026-06-12T11:03:02.738+0000] {logging_mixin.py:188} INFO - [2026-06-12T11:03:02.738+0000] {dagbag.py:538} INFO - Filling up the DagBag from /home/airflow/.local/lib/python3.8/site-packages/airflow/example_dags/example_bash_operator.py
[2026-06-12T11:03:02.757+0000] {processor.py:840} INFO - DAG(s) 'example_bash_operator' retrieved from /home/airflow/.local/lib/python3.8/site-packages/airflow/example_dags/example_bash_operator.py
[2026-06-12T11:03:02.808+0000] {logging_mixin.py:188} INFO - [2026-06-12T11:03:02.807+0000] {dag.py:3036} INFO - Sync 1 DAGs
[2026-06-12T11:03:02.849+0000] {logging_mixin.py:188} INFO - [2026-06-12T11:03:02.848+0000] {dag.py:3823} INFO - Setting next_dagrun for example_bash_operator to 2026-06-11 00:00:00+00:00, run_after=2026-06-12 00:00:00+00:00
[2026-06-12T11:03:02.879+0000] {processor.py:183} INFO - Processing /home/airflow/.local/lib/python3.8/site-packages/airflow/example_dags/example_bash_operator.py took 0.149 seconds
[2026-06-12T11:03:34.190+0000] {processor.py:161} INFO - Started process (PID=148) to work on /home/airflow/.local/lib/python3.8/site-packages/airflow/example_dags/example_bash_operator.py
[2026-06-12T11:03:34.191+0000] {processor.py:830} INFO - Processing file /home/airflow/.local/lib/python3.8/site-packages/airflow/example_dags/example_bash_operator.py for tasks to queue
[2026-06-12T11:03:34.194+0000] {logging_mixin.py:188} INFO - [2026-06-12T11:03:34.193+0000] {dagbag.py:538} INFO - Filling up the DagBag from /home/airflow/.local/lib/python3.8/site-packages/airflow/example_dags/example_bash_operator.py
[2026-06-12T11:03:34.211+0000] {processor.py:840} INFO - DAG(s) 'example_bash_operator' retrieved from /home/airflow/.local/lib/python3.8/site-packages/airflow/example_dags/example_bash_operator.py
[2026-06-12T11:03:34.420+0000] {logging_mixin.py:188} INFO - [2026-06-12T11:03:34.419+0000] {dag.py:3036} INFO - Sync 1 DAGs
[2026-06-12T11:03:34.454+0000] {logging_mixin.py:188} INFO - [2026-06-12T11:03:34.454+0000] {dag.py:3823} INFO - Setting next_dagrun for example_bash_operator to 2026-06-11 00:00:00+00:00, run_after=2026-06-12 00:00:00+00:00
[2026-06-12T11:03:34.486+0000] {processor.py:183} INFO - Processing /home/airflow/.local/lib/python3.8/site-packages/airflow/example_dags/example_bash_operator.py took 0.300 seconds
[2026-06-12T11:04:04.951+0000] {processor.py:161} INFO - Started process (PID=214) to work on /home/airflow/.local/lib/python3.8/site-packages/airflow/example_dags/example_bash_operator.py
[2026-06-12T11:04:04.954+0000] {processor.py:830} INFO - Processing file /home/airflow/.local/lib/python3.8/site-packages/airflow/example_dags/example_bash_operator.py for tasks to queue
[2026-06-12T11:04:04.957+0000] {logging_mixin.py:188} INFO - [2026-06-12T11:04:04.957+0000] {dagbag.py:538} INFO - Filling up the DagBag from /home/airflow/.local/lib/python3.8/site-packages/airflow/example_dags/example_bash_operator.py
[2026-06-12T11:04:04.980+0000] {processor.py:840} INFO - DAG(s) 'example_bash_operator' retrieved from /home/airflow/.local/lib/python3.8/site-packages/airflow/example_dags/example_bash_operator.py
[2026-06-12T11:04:05.052+0000] {logging_mixin.py:188} INFO - [2026-06-12T11:04:05.051+0000] {dag.py:3036} INFO - Sync 1 DAGs
[2026-06-12T11:04:05.101+0000] {logging_mixin.py:188} INFO - [2026-06-12T11:04:05.100+0000] {dag.py:3823} INFO - Setting next_dagrun for example_bash_operator to 2026-06-11 00:00:00+00:00, run_after=2026-06-12 00:00:00+00:00
[2026-06-12T11:04:05.138+0000] {processor.py:183} INFO - Processing /home/airflow/.local/lib/python3.8/site-packages/airflow/example_dags/example_bash_operator.py took 0.193 seconds
[2026-06-12T11:04:35.830+0000] {processor.py:161} INFO - Started process (PID=281) to work on /home/airflow/.local/lib/python3.8/site-packages/airflow/example_dags/example_bash_operator.py
[2026-06-12T11:04:35.831+0000] {processor.py:830} INFO - Processing file /home/airflow/.local/lib/python3.8/site-packages/airflow/example_dags/example_bash_operator.py for tasks to queue
[2026-06-12T11:04:35.834+0000] {logging_mixin.py:188} INFO - [2026-06-12T11:04:35.833+0000] {dagbag.py:538} INFO - Filling up the DagBag from /home/airflow/.local/lib/python3.8/site-packages/airflow/example_dags/example_bash_operator.py
[2026-06-12T11:04:35.851+0000] {processor.py:840} INFO - DAG(s) 'example_bash_operator' retrieved from /home/airflow/.local/lib/python3.8/site-packages/airflow/example_dags/example_bash_operator.py
[2026-06-12T11:04:35.907+0000] {logging_mixin.py:188} INFO - [2026-06-12T11:04:35.907+0000] {dag.py:3036} INFO - Sync 1 DAGs
[2026-06-12T11:04:35.943+0000] {logging_mixin.py:188} INFO - [2026-06-12T11:04:35.942+0000] {dag.py:3823} INFO - Setting next_dagrun for example_bash_operator to 2026-06-11 00:00:00+00:00, run_after=2026-06-12 00:00:00+00:00
[2026-06-12T11:04:35.973+0000] {processor.py:183} INFO - Processing /home/airflow/.local/lib/python3.8/site-packages/airflow/example_dags/example_bash_operator.py took 0.148 seconds
[2026-06-12T11:05:06.310+0000] {processor.py:161} INFO - Started process (PID=347) to work on /home/airflow/.local/lib/python3.8/site-packages/airflow/example_dags/example_bash_operator.py
[2026-06-12T11:05:06.312+0000] {processor.py:830} INFO - Processing file /home/airflow/.local/lib/python3.8/site-packages/airflow/example_dags/example_bash_operator.py for tasks to queue
[2026-06-12T11:05:06.315+0000] {logging_mixin.py:188} INFO - [2026-06-12T11:05:06.314+0000] {dagbag.py:538} INFO - Filling up the DagBag from /home/airflow/.local/lib/python3.8/site-packages/airflow/example_dags/example_bash_operator.py
[2026-06-12T11:05:06.335+0000] {processor.py:840} INFO - DAG(s) 'example_bash_operator' retrieved from /home/airflow/.local/lib/python3.8/site-packages/airflow/example_dags/example_bash_operator.py
[2026-06-12T11:05:06.405+0000] {logging_mixin.py:188} INFO - [2026-06-12T11:05:06.405+0000] {dag.py:3036} INFO - Sync 1 DAGs
[2026-06-12T11:05:06.447+0000] {logging_mixin.py:188} INFO - [2026-06-12T11:05:06.446+0000] {dag.py:3823} INFO - Setting next_dagrun for example_bash_operator to 2026-06-11 00:00:00+00:00, run_after=2026-06-12 00:00:00+00:00
[2026-06-12T11:05:06.476+0000] {processor.py:183} INFO - Processing /home/airflow/.local/lib/python3.8/site-packages/airflow/example_dags/example_bash_operator.py took 0.171 seconds
[2026-06-12T11:05:36.770+0000] {processor.py:161} INFO - Started process (PID=413) to work on /home/airflow/.local/lib/python3.8/site-packages/airflow/example_dags/example_bash_operator.py
[2026-06-12T11:05:36.772+0000] {processor.py:830} INFO - Processing file /home/airflow/.local/lib/python3.8/site-packages/airflow/example_dags/example_bash_operator.py for tasks to queue
[2026-06-12T11:05:36.775+0000] {logging_mixin.py:188} INFO - [2026-06-12T11:05:36.775+0000] {dagbag.py:538} INFO - Filling up the DagBag from /home/airflow/.local/lib/python3.8/site-packages/airflow/example_dags/example_bash_operator.py
[2026-06-12T11:05:36.799+0000] {processor.py:840} INFO - DAG(s) 'example_bash_operator' retrieved from /home/airflow/.local/lib/python3.8/site-packages/airflow/example_dags/example_bash_operator.py
[2026-06-12T11:05:36.856+0000] {logging_mixin.py:188} INFO - [2026-06-12T11:05:36.855+0000] {dag.py:3036} INFO - Sync 1 DAGs
[2026-06-12T11:05:36.902+0000] {logging_mixin.py:188} INFO - [2026-06-12T11:05:36.901+0000] {dag.py:3823} INFO - Setting next_dagrun for example_bash_operator to 2026-06-11 00:00:00+00:00, run_after=2026-06-12 00:00:00+00:00
[2026-06-12T11:05:36.935+0000] {processor.py:183} INFO - Processing /home/airflow/.local/lib/python3.8/site-packages/airflow/example_dags/example_bash_operator.py took 0.171 seconds
[2026-06-12T11:06:07.358+0000] {processor.py:161} INFO - Started process (PID=486) to work on /home/airflow/.local/lib/python3.8/site-packages/airflow/example_dags/example_bash_operator.py
[2026-06-12T11:06:07.360+0000] {processor.py:830} INFO - Processing file /home/airflow/.local/lib/python3.8/site-packages/airflow/example_dags/example_bash_operator.py for tasks to queue
[2026-06-12T11:06:07.363+0000] {logging_mixin.py:188} INFO - [2026-06-12T11:06:07.362+0000] {dagbag.py:538} INFO - Filling up the DagBag from /home/airflow/.local/lib/python3.8/site-packages/airflow/example_dags/example_bash_operator.py
[2026-06-12T11:06:07.388+0000] {processor.py:840} INFO - DAG(s) 'example_bash_operator' retrieved from /home/airflow/.local/lib/python3.8/site-packages/airflow/example_dags/example_bash_operator.py
[2026-06-12T11:06:07.451+0000] {logging_mixin.py:188} INFO - [2026-06-12T11:06:07.450+0000] {dag.py:3036} INFO - Sync 1 DAGs
[2026-06-12T11:06:07.497+0000] {logging_mixin.py:188} INFO - [2026-06-12T11:06:07.497+0000] {dag.py:3823} INFO - Setting next_dagrun for example_bash_operator to 2026-06-11 00:00:00+00:00, run_after=2026-06-12 00:00:00+00:00
[2026-06-12T11:06:07.530+0000] {processor.py:183} INFO - Processing /home/airflow/.local/lib/python3.8/site-packages/airflow/example_dags/example_bash_operator.py took 0.178 seconds
[2026-06-12T11:06:37.731+0000] {processor.py:161} INFO - Started process (PID=551) to work on /home/airflow/.local/lib/python3.8/site-packages/airflow/example_dags/example_bash_operator.py
[2026-06-12T11:06:37.733+0000] {processor.py:830} INFO - Processing file /home/airflow/.local/lib/python3.8/site-packages/airflow/example_dags/example_bash_operator.py for tasks to queue
[2026-06-12T11:06:37.736+0000] {logging_mixin.py:188} INFO - [2026-06-12T11:06:37.735+0000] {dagbag.py:538} INFO - Filling up the DagBag from /home/airflow/.local/lib/python3.8/site-packages/airflow/example_dags/example_bash_operator.py
[2026-06-12T11:06:37.759+0000] {processor.py:840} INFO - DAG(s) 'example_bash_operator' retrieved from /home/airflow/.local/lib/python3.8/site-packages/airflow/example_dags/example_bash_operator.py
[2026-06-12T11:06:37.816+0000] {logging_mixin.py:188} INFO - [2026-06-12T11:06:37.816+0000] {dag.py:3036} INFO - Sync 1 DAGs
[2026-06-12T11:06:37.858+0000] {logging_mixin.py:188} INFO - [2026-06-12T11:06:37.857+0000] {dag.py:3823} INFO - Setting next_dagrun for example_bash_operator to 2026-06-11 00:00:00+00:00, run_after=2026-06-12 00:00:00+00:00
[2026-06-12T11:06:37.888+0000] {processor.py:183} INFO - Processing /home/airflow/.local/lib/python3.8/site-packages/airflow/example_dags/example_bash_operator.py took 0.162 seconds
[2026-06-12T11:07:08.282+0000] {processor.py:161} INFO - Started process (PID=616) to work on /home/airflow/.local/lib/python3.8/site-packages/airflow/example_dags/example_bash_operator.py
[2026-06-12T11:07:08.285+0000] {processor.py:830} INFO - Processing file /home/airflow/.local/lib/python3.8/site-packages/airflow/example_dags/example_bash_operator.py for tasks to queue
[2026-06-12T11:07:08.287+0000] {logging_mixin.py:188} INFO - [2026-06-12T11:07:08.287+0000] {dagbag.py:538} INFO - Filling up the DagBag from /home/airflow/.local/lib/python3.8/site-packages/airflow/example_dags/example_bash_operator.py
[2026-06-12T11:07:08.311+0000] {processor.py:840} INFO - DAG(s) 'example_bash_operator' retrieved from /home/airflow/.local/lib/python3.8/site-packages/airflow/example_dags/example_bash_operator.py
[2026-06-12T11:07:08.368+0000] {logging_mixin.py:188} INFO - [2026-06-12T11:07:08.367+0000] {dag.py:3036} INFO - Sync 1 DAGs
[2026-06-12T11:07:08.416+0000] {logging_mixin.py:188} INFO - [2026-06-12T11:07:08.415+0000] {dag.py:3823} INFO - Setting next_dagrun for example_bash_operator to 2026-06-11 00:00:00+00:00, run_after=2026-06-12 00:00:00+00:00
[2026-06-12T11:07:08.448+0000] {processor.py:183} INFO - Processing /home/airflow/.local/lib/python3.8/site-packages/airflow/example_dags/example_bash_operator.py took 0.171 seconds
[2026-06-12T11:07:38.566+0000] {processor.py:161} INFO - Started process (PID=682) to work on /home/airflow/.local/lib/python3.8/site-packages/airflow/example_dags/example_bash_operator.py
[2026-06-12T11:07:38.567+0000] {processor.py:830} INFO - Processing file /home/airflow/.local/lib/python3.8/site-packages/airflow/example_dags/example_bash_operator.py for tasks to queue
[2026-06-12T11:07:38.570+0000] {logging_mixin.py:188} INFO - [2026-06-12T11:07:38.569+0000] {dagbag.py:538} INFO - Filling up the DagBag from /home/airflow/.local/lib/python3.8/site-packages/airflow/example_dags/example_bash_operator.py
[2026-06-12T11:07:38.589+0000] {processor.py:840} INFO - DAG(s) 'example_bash_operator' retrieved from /home/airflow/.local/lib/python3.8/site-packages/airflow/example_dags/example_bash_operator.py
[2026-06-12T11:07:38.641+0000] {logging_mixin.py:188} INFO - [2026-06-12T11:07:38.641+0000] {dag.py:3036} INFO - Sync 1 DAGs
[2026-06-12T11:07:38.679+0000] {logging_mixin.py:188} INFO - [2026-06-12T11:07:38.679+0000] {dag.py:3823} INFO - Setting next_dagrun for example_bash_operator to 2026-06-11 00:00:00+00:00, run_after=2026-06-12 00:00:00+00:00
[2026-06-12T11:07:38.710+0000] {processor.py:183} INFO - Processing /home/airflow/.local/lib/python3.8/site-packages/airflow/example_dags/example_bash_operator.py took 0.148 seconds
[2026-06-12T11:08:08.845+0000] {processor.py:161} INFO - Started process (PID=748) to work on /home/airflow/.local/lib/python3.8/site-packages/airflow/example_dags/example_bash_operator.py
[2026-06-12T11:08:08.847+0000] {processor.py:830} INFO - Processing file /home/airflow/.local/lib/python3.8/site-packages/airflow/example_dags/example_bash_operator.py for tasks to queue
[2026-06-12T11:08:08.850+0000] {logging_mixin.py:188} INFO - [2026-06-12T11:08:08.849+0000] {dagbag.py:538} INFO - Filling up the DagBag from /home/airflow/.local/lib/python3.8/site-packages/airflow/example_dags/example_bash_operator.py
[2026-06-12T11:08:08.870+0000] {processor.py:840} INFO - DAG(s) 'example_bash_operator' retrieved from /home/airflow/.local/lib/python3.8/site-packages/airflow/example_dags/example_bash_operator.py
[2026-06-12T11:08:08.923+0000] {logging_mixin.py:188} INFO - [2026-06-12T11:08:08.922+0000] {dag.py:3036} INFO - Sync 1 DAGs
[2026-06-12T11:08:08.963+0000] {logging_mixin.py:188} INFO - [2026-06-12T11:08:08.962+0000] {dag.py:3823} INFO - Setting next_dagrun for example_bash_operator to 2026-06-11 00:00:00+00:00, run_after=2026-06-12 00:00:00+00:00
[2026-06-12T11:08:08.994+0000] {processor.py:183} INFO - Processing /home/airflow/.local/lib/python3.8/site-packages/airflow/example_dags/example_bash_operator.py took 0.159 seconds
[2026-06-12T11:08:39.208+0000] {processor.py:161} INFO - Started process (PID=815) to work on /home/airflow/.local/lib/python3.8/site-packages/airflow/example_dags/example_bash_operator.py
[2026-06-12T11:08:39.209+0000] {processor.py:830} INFO - Processing file /home/airflow/.local/lib/python3.8/site-packages/airflow/example_dags/example_bash_operator.py for tasks to queue
[2026-06-12T11:08:39.212+0000] {logging_mixin.py:188} INFO - [2026-06-12T11:08:39.212+0000] {dagbag.py:538} INFO - Filling up the DagBag from /home/airflow/.local/lib/python3.8/site-packages/airflow/example_dags/example_bash_operator.py
[2026-06-12T11:08:39.232+0000] {processor.py:840} INFO - DAG(s) 'example_bash_operator' retrieved from /home/airflow/.local/lib/python3.8/site-packages/airflow/example_dags/example_bash_operator.py
[2026-06-12T11:08:39.316+0000] {logging_mixin.py:188} INFO - [2026-06-12T11:08:39.315+0000] {dag.py:3036} INFO - Sync 1 DAGs
[2026-06-12T11:08:39.360+0000] {logging_mixin.py:188} INFO - [2026-06-12T11:08:39.359+0000] {dag.py:3823} INFO - Setting next_dagrun for example_bash_operator to 2026-06-11 00:00:00+00:00, run_after=2026-06-12 00:00:00+00:00
[2026-06-12T11:08:39.393+0000] {processor.py:183} INFO - Processing /home/airflow/.local/lib/python3.8/site-packages/airflow/example_dags/example_bash_operator.py took 0.190 seconds
[2026-06-12T11:09:09.641+0000] {processor.py:161} INFO - Started process (PID=880) to work on /home/airflow/.local/lib/python3.8/site-packages/airflow/example_dags/example_bash_operator.py
[2026-06-12T11:09:09.643+0000] {processor.py:830} INFO - Processing file /home/airflow/.local/lib/python3.8/site-packages/airflow/example_dags/example_bash_operator.py for tasks to queue
[2026-06-12T11:09:09.646+0000] {logging_mixin.py:188} INFO - [2026-06-12T11:09:09.645+0000] {dagbag.py:538} INFO - Filling up the DagBag from /home/airflow/.local/lib/python3.8/site-packages/airflow/example_dags/example_bash_operator.py
[2026-06-12T11:09:09.669+0000] {processor.py:840} INFO - DAG(s) 'example_bash_operator' retrieved from /home/airflow/.local/lib/python3.8/site-packages/airflow/example_dags/example_bash_operator.py
[2026-06-12T11:09:09.752+0000] {logging_mixin.py:188} INFO - [2026-06-12T11:09:09.752+0000] {dag.py:3036} INFO - Sync 1 DAGs
[2026-06-12T11:09:09.805+0000] {logging_mixin.py:188} INFO - [2026-06-12T11:09:09.805+0000] {dag.py:3823} INFO - Setting next_dagrun for example_bash_operator to 2026-06-11 00:00:00+00:00, run_after=2026-06-12 00:00:00+00:00
[2026-06-12T11:09:09.838+0000] {processor.py:183} INFO - Processing /home/airflow/.local/lib/python3.8/site-packages/airflow/example_dags/example_bash_operator.py took 0.203 seconds
[2026-06-12T11:09:40.257+0000] {processor.py:161} INFO - Started process (PID=947) to work on /home/airflow/.local/lib/python3.8/site-packages/airflow/example_dags/example_bash_operator.py
[2026-06-12T11:09:40.258+0000] {processor.py:830} INFO - Processing file /home/airflow/.local/lib/python3.8/site-packages/airflow/example_dags/example_bash_operator.py for tasks to queue
[2026-06-12T11:09:40.261+0000] {logging_mixin.py:188} INFO - [2026-06-12T11:09:40.260+0000] {dagbag.py:538} INFO - Filling up the DagBag from /home/airflow/.local/lib/python3.8/site-packages/airflow/example_dags/example_bash_operator.py
[2026-06-12T11:09:40.283+0000] {processor.py:840} INFO - DAG(s) 'example_bash_operator' retrieved from /home/airflow/.local/lib/python3.8/site-packages/airflow/example_dags/example_bash_operator.py
[2026-06-12T11:09:40.333+0000] {logging_mixin.py:188} INFO - [2026-06-12T11:09:40.333+0000] {dag.py:3036} INFO - Sync 1 DAGs
[2026-06-12T11:09:40.375+0000] {logging_mixin.py:188} INFO - [2026-06-12T11:09:40.375+0000] {dag.py:3823} INFO - Setting next_dagrun for example_bash_operator to 2026-06-11 00:00:00+00:00, run_after=2026-06-12 00:00:00+00:00
[2026-06-12T11:09:40.405+0000] {processor.py:183} INFO - Processing /home/airflow/.local/lib/python3.8/site-packages/airflow/example_dags/example_bash_operator.py took 0.153 seconds
[2026-06-12T11:10:10.703+0000] {processor.py:161} INFO - Started process (PID=1019) to work on /home/airflow/.local/lib/python3.8/site-packages/airflow/example_dags/example_bash_operator.py
[2026-06-12T11:10:10.705+0000] {processor.py:830} INFO - Processing file /home/airflow/.local/lib/python3.8/site-packages/airflow/example_dags/example_bash_operator.py for tasks to queue
[2026-06-12T11:10:10.708+0000] {logging_mixin.py:188} INFO - [2026-06-12T11:10:10.707+0000] {dagbag.py:538} INFO - Filling up the DagBag from /home/airflow/.local/lib/python3.8/site-packages/airflow/example_dags/example_bash_operator.py
[2026-06-12T11:10:10.735+0000] {processor.py:840} INFO - DAG(s) 'example_bash_operator' retrieved from /home/airflow/.local/lib/python3.8/site-packages/airflow/example_dags/example_bash_operator.py
[2026-06-12T11:10:10.795+0000] {logging_mixin.py:188} INFO - [2026-06-12T11:10:10.795+0000] {dag.py:3036} INFO - Sync 1 DAGs
[2026-06-12T11:10:10.837+0000] {logging_mixin.py:188} INFO - [2026-06-12T11:10:10.836+0000] {dag.py:3823} INFO - Setting next_dagrun for example_bash_operator to 2026-06-11 00:00:00+00:00, run_after=2026-06-12 00:00:00+00:00
[2026-06-12T11:10:10.871+0000] {processor.py:183} INFO - Processing /home/airflow/.local/lib/python3.8/site-packages/airflow/example_dags/example_bash_operator.py took 0.174 seconds
[2026-06-12T11:10:40.951+0000] {processor.py:161} INFO - Started process (PID=1085) to work on /home/airflow/.local/lib/python3.8/site-packages/airflow/example_dags/example_bash_operator.py
[2026-06-12T11:10:40.952+0000] {processor.py:830} INFO - Processing file /home/airflow/.local/lib/python3.8/site-packages/airflow/example_dags/example_bash_operator.py for tasks to queue
[2026-06-12T11:10:40.955+0000] {logging_mixin.py:188} INFO - [2026-06-12T11:10:40.954+0000] {dagbag.py:538} INFO - Filling up the DagBag from /home/airflow/.local/lib/python3.8/site-packages/airflow/example_dags/example_bash_operator.py
[2026-06-12T11:10:40.972+0000] {processor.py:840} INFO - DAG(s) 'example_bash_operator' retrieved from /home/airflow/.local/lib/python3.8/site-packages/airflow/example_dags/example_bash_operator.py
[2026-06-12T11:10:41.025+0000] {logging_mixin.py:188} INFO - [2026-06-12T11:10:41.024+0000] {dag.py:3036} INFO - Sync 1 DAGs
[2026-06-12T11:10:41.062+0000] {logging_mixin.py:188} INFO - [2026-06-12T11:10:41.062+0000] {dag.py:3823} INFO - Setting next_dagrun for example_bash_operator to 2026-06-11 00:00:00+00:00, run_after=2026-06-12 00:00:00+00:00
[2026-06-12T11:10:41.092+0000] {processor.py:183} INFO - Processing /home/airflow/.local/lib/python3.8/site-packages/airflow/example_dags/example_bash_operator.py took 0.146 seconds
[2026-06-12T11:11:11.308+0000] {processor.py:161} INFO - Started process (PID=1151) to work on /home/airflow/.local/lib/python3.8/site-packages/airflow/example_dags/example_bash_operator.py
[2026-06-12T11:11:11.310+0000] {processor.py:830} INFO - Processing file /home/airflow/.local/lib/python3.8/site-packages/airflow/example_dags/example_bash_operator.py for tasks to queue
[2026-06-12T11:11:11.313+0000] {logging_mixin.py:188} INFO - [2026-06-12T11:11:11.313+0000] {dagbag.py:538} INFO - Filling up the DagBag from /home/airflow/.local/lib/python3.8/site-packages/airflow/example_dags/example_bash_operator.py
[2026-06-12T11:11:11.335+0000] {processor.py:840} INFO - DAG(s) 'example_bash_operator' retrieved from /home/airflow/.local/lib/python3.8/site-packages/airflow/example_dags/example_bash_operator.py
[2026-06-12T11:11:11.400+0000] {logging_mixin.py:188} INFO - [2026-06-12T11:11:11.399+0000] {dag.py:3036} INFO - Sync 1 DAGs
[2026-06-12T11:11:11.444+0000] {logging_mixin.py:188} INFO - [2026-06-12T11:11:11.444+0000] {dag.py:3823} INFO - Setting next_dagrun for example_bash_operator to 2026-06-11 00:00:00+00:00, run_after=2026-06-12 00:00:00+00:00
[2026-06-12T11:11:11.475+0000] {processor.py:183} INFO - Processing /home/airflow/.local/lib/python3.8/site-packages/airflow/example_dags/example_bash_operator.py took 0.174 seconds
[2026-06-12T11:11:41.889+0000] {processor.py:161} INFO - Started process (PID=1218) to work on /home/airflow/.local/lib/python3.8/site-packages/airflow/example_dags/example_bash_operator.py
[2026-06-12T11:11:41.891+0000] {processor.py:830} INFO - Processing file /home/airflow/.local/lib/python3.8/site-packages/airflow/example_dags/example_bash_operator.py for tasks to queue
[2026-06-12T11:11:41.894+0000] {logging_mixin.py:188} INFO - [2026-06-12T11:11:41.894+0000] {dagbag.py:538} INFO - Filling up the DagBag from /home/airflow/.local/lib/python3.8/site-packages/airflow/example_dags/example_bash_operator.py
[2026-06-12T11:11:41.917+0000] {processor.py:840} INFO - DAG(s) 'example_bash_operator' retrieved from /home/airflow/.local/lib/python3.8/site-packages/airflow/example_dags/example_bash_operator.py
[2026-06-12T11:11:41.982+0000] {logging_mixin.py:188} INFO - [2026-06-12T11:11:41.981+0000] {dag.py:3036} INFO - Sync 1 DAGs
[2026-06-12T11:11:42.035+0000] {logging_mixin.py:188} INFO - [2026-06-12T11:11:42.035+0000] {dag.py:3823} INFO - Setting next_dagrun for example_bash_operator to 2026-06-11 00:00:00+00:00, run_after=2026-06-12 00:00:00+00:00
[2026-06-12T11:11:42.079+0000] {processor.py:183} INFO - Processing /home/airflow/.local/lib/python3.8/site-packages/airflow/example_dags/example_bash_operator.py took 0.195 seconds
[2026-06-12T11:12:12.456+0000] {processor.py:161} INFO - Started process (PID=1285) to work on /home/airflow/.local/lib/python3.8/site-packages/airflow/example_dags/example_bash_operator.py
[2026-06-12T11:12:12.457+0000] {processor.py:830} INFO - Processing file /home/airflow/.local/lib/python3.8/site-packages/airflow/example_dags/example_bash_operator.py for tasks to queue
[2026-06-12T11:12:12.461+0000] {logging_mixin.py:188} INFO - [2026-06-12T11:12:12.461+0000] {dagbag.py:538} INFO - Filling up the DagBag from /home/airflow/.local/lib/python3.8/site-packages/airflow/example_dags/example_bash_operator.py
[2026-06-12T11:12:12.483+0000] {processor.py:840} INFO - DAG(s) 'example_bash_operator' retrieved from /home/airflow/.local/lib/python3.8/site-packages/airflow/example_dags/example_bash_operator.py
[2026-06-12T11:12:12.558+0000] {logging_mixin.py:188} INFO - [2026-06-12T11:12:12.557+0000] {dag.py:3036} INFO - Sync 1 DAGs
[2026-06-12T11:12:12.600+0000] {logging_mixin.py:188} INFO - [2026-06-12T11:12:12.599+0000] {dag.py:3823} INFO - Setting next_dagrun for example_bash_operator to 2026-06-11 00:00:00+00:00, run_after=2026-06-12 00:00:00+00:00
[2026-06-12T11:12:12.634+0000] {processor.py:183} INFO - Processing /home/airflow/.local/lib/python3.8/site-packages/airflow/example_dags/example_bash_operator.py took 0.184 seconds
[2026-06-12T11:12:42.731+0000] {processor.py:161} INFO - Started process (PID=1352) to work on /home/airflow/.local/lib/python3.8/site-packages/airflow/example_dags/example_bash_operator.py
[2026-06-12T11:12:42.733+0000] {processor.py:830} INFO - Processing file /home/airflow/.local/lib/python3.8/site-packages/airflow/example_dags/example_bash_operator.py for tasks to queue
[2026-06-12T11:12:42.736+0000] {logging_mixin.py:188} INFO - [2026-06-12T11:12:42.735+0000] {dagbag.py:538} INFO - Filling up the DagBag from /home/airflow/.local/lib/python3.8/site-packages/airflow/example_dags/example_bash_operator.py
[2026-06-12T11:12:42.756+0000] {processor.py:840} INFO - DAG(s) 'example_bash_operator' retrieved from /home/airflow/.local/lib/python3.8/site-packages/airflow/example_dags/example_bash_operator.py
[2026-06-12T11:12:42.811+0000] {logging_mixin.py:188} INFO - [2026-06-12T11:12:42.810+0000] {dag.py:3036} INFO - Sync 1 DAGs
[2026-06-12T11:12:42.852+0000] {logging_mixin.py:188} INFO - [2026-06-12T11:12:42.852+0000] {dag.py:3823} INFO - Setting next_dagrun for example_bash_operator to 2026-06-11 00:00:00+00:00, run_after=2026-06-12 00:00:00+00:00
[2026-06-12T11:12:42.886+0000] {processor.py:183} INFO - Processing /home/airflow/.local/lib/python3.8/site-packages/airflow/example_dags/example_bash_operator.py took 0.160 seconds
[2026-06-12T11:13:13.132+0000] {processor.py:161} INFO - Started process (PID=1418) to work on /home/airflow/.local/lib/python3.8/site-packages/airflow/example_dags/example_bash_operator.py
[2026-06-12T11:13:13.134+0000] {processor.py:830} INFO - Processing file /home/airflow/.local/lib/python3.8/site-packages/airflow/example_dags/example_bash_operator.py for tasks to queue
[2026-06-12T11:13:13.137+0000] {logging_mixin.py:188} INFO - [2026-06-12T11:13:13.136+0000] {dagbag.py:538} INFO - Filling up the DagBag from /home/airflow/.local/lib/python3.8/site-packages/airflow/example_dags/example_bash_operator.py
[2026-06-12T11:13:13.159+0000] {processor.py:840} INFO - DAG(s) 'example_bash_operator' retrieved from /home/airflow/.local/lib/python3.8/site-packages/airflow/example_dags/example_bash_operator.py
[2026-06-12T11:13:13.223+0000] {logging_mixin.py:188} INFO - [2026-06-12T11:13:13.223+0000] {dag.py:3036} INFO - Sync 1 DAGs
[2026-06-12T11:13:13.270+0000] {logging_mixin.py:188} INFO - [2026-06-12T11:13:13.270+0000] {dag.py:3823} INFO - Setting next_dagrun for example_bash_operator to 2026-06-11 00:00:00+00:00, run_after=2026-06-12 00:00:00+00:00
[2026-06-12T11:13:13.303+0000] {processor.py:183} INFO - Processing /home/airflow/.local/lib/python3.8/site-packages/airflow/example_dags/example_bash_operator.py took 0.176 seconds
[2026-06-12T11:13:43.578+0000] {processor.py:161} INFO - Started process (PID=1483) to work on /home/airflow/.local/lib/python3.8/site-packages/airflow/example_dags/example_bash_operator.py
[2026-06-12T11:13:43.579+0000] {processor.py:830} INFO - Processing file /home/airflow/.local/lib/python3.8/site-packages/airflow/example_dags/example_bash_operator.py for tasks to queue
[2026-06-12T11:13:43.582+0000] {logging_mixin.py:188} INFO - [2026-06-12T11:13:43.582+0000] {dagbag.py:538} INFO - Filling up the DagBag from /home/airflow/.local/lib/python3.8/site-packages/airflow/example_dags/example_bash_operator.py
[2026-06-12T11:13:43.601+0000] {processor.py:840} INFO - DAG(s) 'example_bash_operator' retrieved from /home/airflow/.local/lib/python3.8/site-packages/airflow/example_dags/example_bash_operator.py
[2026-06-12T11:13:43.655+0000] {logging_mixin.py:188} INFO - [2026-06-12T11:13:43.654+0000] {dag.py:3036} INFO - Sync 1 DAGs
[2026-06-12T11:13:43.696+0000] {logging_mixin.py:188} INFO - [2026-06-12T11:13:43.696+0000] {dag.py:3823} INFO - Setting next_dagrun for example_bash_operator to 2026-06-11 00:00:00+00:00, run_after=2026-06-12 00:00:00+00:00
[2026-06-12T11:13:43.724+0000] {processor.py:183} INFO - Processing /home/airflow/.local/lib/python3.8/site-packages/airflow/example_dags/example_bash_operator.py took 0.150 seconds
[2026-06-12T11:14:14.770+0000] {processor.py:161} INFO - Started process (PID=1550) to work on /home/airflow/.local/lib/python3.8/site-packages/airflow/example_dags/example_bash_operator.py
[2026-06-12T11:14:14.773+0000] {processor.py:830} INFO - Processing file /home/airflow/.local/lib/python3.8/site-packages/airflow/example_dags/example_bash_operator.py for tasks to queue
[2026-06-12T11:14:14.776+0000] {logging_mixin.py:188} INFO - [2026-06-12T11:14:14.776+0000] {dagbag.py:538} INFO - Filling up the DagBag from /home/airflow/.local/lib/python3.8/site-packages/airflow/example_dags/example_bash_operator.py
[2026-06-12T11:14:14.801+0000] {processor.py:840} INFO - DAG(s) 'example_bash_operator' retrieved from /home/airflow/.local/lib/python3.8/site-packages/airflow/example_dags/example_bash_operator.py
[2026-06-12T11:14:14.857+0000] {logging_mixin.py:188} INFO - [2026-06-12T11:14:14.857+0000] {dag.py:3036} INFO - Sync 1 DAGs
[2026-06-12T11:14:14.901+0000] {logging_mixin.py:188} INFO - [2026-06-12T11:14:14.901+0000] {dag.py:3823} INFO - Setting next_dagrun for example_bash_operator to 2026-06-11 00:00:00+00:00, run_after=2026-06-12 00:00:00+00:00
[2026-06-12T11:14:14.935+0000] {processor.py:183} INFO - Processing /home/airflow/.local/lib/python3.8/site-packages/airflow/example_dags/example_bash_operator.py took 0.170 seconds
[2026-06-12T11:14:45.419+0000] {processor.py:161} INFO - Started process (PID=1623) to work on /home/airflow/.local/lib/python3.8/site-packages/airflow/example_dags/example_bash_operator.py
[2026-06-12T11:14:45.421+0000] {processor.py:830} INFO - Processing file /home/airflow/.local/lib/python3.8/site-packages/airflow/example_dags/example_bash_operator.py for tasks to queue
[2026-06-12T11:14:45.424+0000] {logging_mixin.py:188} INFO - [2026-06-12T11:14:45.423+0000] {dagbag.py:538} INFO - Filling up the DagBag from /home/airflow/.local/lib/python3.8/site-packages/airflow/example_dags/example_bash_operator.py
[2026-06-12T11:14:45.448+0000] {processor.py:840} INFO - DAG(s) 'example_bash_operator' retrieved from /home/airflow/.local/lib/python3.8/site-packages/airflow/example_dags/example_bash_operator.py
[2026-06-12T11:14:45.518+0000] {logging_mixin.py:188} INFO - [2026-06-12T11:14:45.518+0000] {dag.py:3036} INFO - Sync 1 DAGs
[2026-06-12T11:14:45.560+0000] {logging_mixin.py:188} INFO - [2026-06-12T11:14:45.559+0000] {dag.py:3823} INFO - Setting next_dagrun for example_bash_operator to 2026-06-11 00:00:00+00:00, run_after=2026-06-12 00:00:00+00:00
[2026-06-12T11:14:45.589+0000] {processor.py:183} INFO - Processing /home/airflow/.local/lib/python3.8/site-packages/airflow/example_dags/example_bash_operator.py took 0.175 seconds
[2026-06-12T11:15:15.733+0000] {processor.py:161} INFO - Started process (PID=1690) to work on /home/airflow/.local/lib/python3.8/site-packages/airflow/example_dags/example_bash_operator.py
[2026-06-12T11:15:15.735+0000] {processor.py:830} INFO - Processing file /home/airflow/.local/lib/python3.8/site-packages/airflow/example_dags/example_bash_operator.py for tasks to queue
[2026-06-12T11:15:15.738+0000] {logging_mixin.py:188} INFO - [2026-06-12T11:15:15.738+0000] {dagbag.py:538} INFO - Filling up the DagBag from /home/airflow/.local/lib/python3.8/site-packages/airflow/example_dags/example_bash_operator.py
[2026-06-12T11:15:15.760+0000] {processor.py:840} INFO - DAG(s) 'example_bash_operator' retrieved from /home/airflow/.local/lib/python3.8/site-packages/airflow/example_dags/example_bash_operator.py
[2026-06-12T11:15:15.812+0000] {logging_mixin.py:188} INFO - [2026-06-12T11:15:15.812+0000] {dag.py:3036} INFO - Sync 1 DAGs
[2026-06-12T11:15:15.847+0000] {logging_mixin.py:188} INFO - [2026-06-12T11:15:15.847+0000] {dag.py:3823} INFO - Setting next_dagrun for example_bash_operator to 2026-06-11 00:00:00+00:00, run_after=2026-06-12 00:00:00+00:00
[2026-06-12T11:15:15.876+0000] {processor.py:183} INFO - Processing /home/airflow/.local/lib/python3.8/site-packages/airflow/example_dags/example_bash_operator.py took 0.148 seconds
[2026-06-12T11:15:46.228+0000] {processor.py:161} INFO - Started process (PID=1756) to work on /home/airflow/.local/lib/python3.8/site-packages/airflow/example_dags/example_bash_operator.py
[2026-06-12T11:15:46.229+0000] {processor.py:830} INFO - Processing file /home/airflow/.local/lib/python3.8/site-packages/airflow/example_dags/example_bash_operator.py for tasks to queue
[2026-06-12T11:15:46.232+0000] {logging_mixin.py:188} INFO - [2026-06-12T11:15:46.232+0000] {dagbag.py:538} INFO - Filling up the DagBag from /home/airflow/.local/lib/python3.8/site-packages/airflow/example_dags/example_bash_operator.py
[2026-06-12T11:15:46.256+0000] {processor.py:840} INFO - DAG(s) 'example_bash_operator' retrieved from /home/airflow/.local/lib/python3.8/site-packages/airflow/example_dags/example_bash_operator.py
[2026-06-12T11:15:46.321+0000] {logging_mixin.py:188} INFO - [2026-06-12T11:15:46.321+0000] {dag.py:3036} INFO - Sync 1 DAGs
[2026-06-12T11:15:46.367+0000] {logging_mixin.py:188} INFO - [2026-06-12T11:15:46.366+0000] {dag.py:3823} INFO - Setting next_dagrun for example_bash_operator to 2026-06-11 00:00:00+00:00, run_after=2026-06-12 00:00:00+00:00
[2026-06-12T11:15:46.399+0000] {processor.py:183} INFO - Processing /home/airflow/.local/lib/python3.8/site-packages/airflow/example_dags/example_bash_operator.py took 0.177 seconds
[2026-06-12T11:16:16.877+0000] {processor.py:161} INFO - Started process (PID=1821) to work on /home/airflow/.local/lib/python3.8/site-packages/airflow/example_dags/example_bash_operator.py
[2026-06-12T11:16:16.879+0000] {processor.py:830} INFO - Processing file /home/airflow/.local/lib/python3.8/site-packages/airflow/example_dags/example_bash_operator.py for tasks to queue
[2026-06-12T11:16:16.882+0000] {logging_mixin.py:188} INFO - [2026-06-12T11:16:16.882+0000] {dagbag.py:538} INFO - Filling up the DagBag from /home/airflow/.local/lib/python3.8/site-packages/airflow/example_dags/example_bash_operator.py
[2026-06-12T11:16:16.903+0000] {processor.py:840} INFO - DAG(s) 'example_bash_operator' retrieved from /home/airflow/.local/lib/python3.8/site-packages/airflow/example_dags/example_bash_operator.py
[2026-06-12T11:16:16.987+0000] {logging_mixin.py:188} INFO - [2026-06-12T11:16:16.987+0000] {dag.py:3036} INFO - Sync 1 DAGs
[2026-06-12T11:16:17.034+0000] {logging_mixin.py:188} INFO - [2026-06-12T11:16:17.034+0000] {dag.py:3823} INFO - Setting next_dagrun for example_bash_operator to 2026-06-11 00:00:00+00:00, run_after=2026-06-12 00:00:00+00:00
[2026-06-12T11:16:17.067+0000] {processor.py:183} INFO - Processing /home/airflow/.local/lib/python3.8/site-packages/airflow/example_dags/example_bash_operator.py took 0.195 seconds
[2026-06-12T11:16:47.393+0000] {processor.py:161} INFO - Started process (PID=1887) to work on /home/airflow/.local/lib/python3.8/site-packages/airflow/example_dags/example_bash_operator.py
[2026-06-12T11:16:47.395+0000] {processor.py:830} INFO - Processing file /home/airflow/.local/lib/python3.8/site-packages/airflow/example_dags/example_bash_operator.py for tasks to queue
[2026-06-12T11:16:47.397+0000] {logging_mixin.py:188} INFO - [2026-06-12T11:16:47.397+0000] {dagbag.py:538} INFO - Filling up the DagBag from /home/airflow/.local/lib/python3.8/site-packages/airflow/example_dags/example_bash_operator.py
[2026-06-12T11:16:47.416+0000] {processor.py:840} INFO - DAG(s) 'example_bash_operator' retrieved from /home/airflow/.local/lib/python3.8/site-packages/airflow/example_dags/example_bash_operator.py
[2026-06-12T11:16:47.471+0000] {logging_mixin.py:188} INFO - [2026-06-12T11:16:47.471+0000] {dag.py:3036} INFO - Sync 1 DAGs
[2026-06-12T11:16:47.510+0000] {logging_mixin.py:188} INFO - [2026-06-12T11:16:47.510+0000] {dag.py:3823} INFO - Setting next_dagrun for example_bash_operator to 2026-06-11 00:00:00+00:00, run_after=2026-06-12 00:00:00+00:00
[2026-06-12T11:16:47.541+0000] {processor.py:183} INFO - Processing /home/airflow/.local/lib/python3.8/site-packages/airflow/example_dags/example_bash_operator.py took 0.153 seconds
[2026-06-12T11:17:17.853+0000] {processor.py:161} INFO - Started process (PID=1952) to work on /home/airflow/.local/lib/python3.8/site-packages/airflow/example_dags/example_bash_operator.py
[2026-06-12T11:17:17.854+0000] {processor.py:830} INFO - Processing file /home/airflow/.local/lib/python3.8/site-packages/airflow/example_dags/example_bash_operator.py for tasks to queue
[2026-06-12T11:17:17.857+0000] {logging_mixin.py:188} INFO - [2026-06-12T11:17:17.856+0000] {dagbag.py:538} INFO - Filling up the DagBag from /home/airflow/.local/lib/python3.8/site-packages/airflow/example_dags/example_bash_operator.py
[2026-06-12T11:17:17.874+0000] {processor.py:840} INFO - DAG(s) 'example_bash_operator' retrieved from /home/airflow/.local/lib/python3.8/site-packages/airflow/example_dags/example_bash_operator.py
[2026-06-12T11:17:17.928+0000] {logging_mixin.py:188} INFO - [2026-06-12T11:17:17.928+0000] {dag.py:3036} INFO - Sync 1 DAGs
[2026-06-12T11:17:17.967+0000] {logging_mixin.py:188} INFO - [2026-06-12T11:17:17.966+0000] {dag.py:3823} INFO - Setting next_dagrun for example_bash_operator to 2026-06-11 00:00:00+00:00, run_after=2026-06-12 00:00:00+00:00
[2026-06-12T11:17:17.994+0000] {processor.py:183} INFO - Processing /home/airflow/.local/lib/python3.8/site-packages/airflow/example_dags/example_bash_operator.py took 0.145 seconds
[2026-06-12T11:17:48.258+0000] {processor.py:161} INFO - Started process (PID=2018) to work on /home/airflow/.local/lib/python3.8/site-packages/airflow/example_dags/example_bash_operator.py
[2026-06-12T11:17:48.260+0000] {processor.py:830} INFO - Processing file /home/airflow/.local/lib/python3.8/site-packages/airflow/example_dags/example_bash_operator.py for tasks to queue
[2026-06-12T11:17:48.263+0000] {logging_mixin.py:188} INFO - [2026-06-12T11:17:48.262+0000] {dagbag.py:538} INFO - Filling up the DagBag from /home/airflow/.local/lib/python3.8/site-packages/airflow/example_dags/example_bash_operator.py
[2026-06-12T11:17:48.283+0000] {processor.py:840} INFO - DAG(s) 'example_bash_operator' retrieved from /home/airflow/.local/lib/python3.8/site-packages/airflow/example_dags/example_bash_operator.py
[2026-06-12T11:17:48.339+0000] {logging_mixin.py:188} INFO - [2026-06-12T11:17:48.338+0000] {dag.py:3036} INFO - Sync 1 DAGs
[2026-06-12T11:17:48.376+0000] {logging_mixin.py:188} INFO - [2026-06-12T11:17:48.375+0000] {dag.py:3823} INFO - Setting next_dagrun for example_bash_operator to 2026-06-11 00:00:00+00:00, run_after=2026-06-12 00:00:00+00:00
[2026-06-12T11:17:48.407+0000] {processor.py:183} INFO - Processing /home/airflow/.local/lib/python3.8/site-packages/airflow/example_dags/example_bash_operator.py took 0.155 seconds
[2026-06-12T11:18:18.524+0000] {processor.py:161} INFO - Started process (PID=2084) to work on /home/airflow/.local/lib/python3.8/site-packages/airflow/example_dags/example_bash_operator.py
[2026-06-12T11:18:18.526+0000] {processor.py:830} INFO - Processing file /home/airflow/.local/lib/python3.8/site-packages/airflow/example_dags/example_bash_operator.py for tasks to queue
[2026-06-12T11:18:18.529+0000] {logging_mixin.py:188} INFO - [2026-06-12T11:18:18.529+0000] {dagbag.py:538} INFO - Filling up the DagBag from /home/airflow/.local/lib/python3.8/site-packages/airflow/example_dags/example_bash_operator.py
[2026-06-12T11:18:18.548+0000] {processor.py:840} INFO - DAG(s) 'example_bash_operator' retrieved from /home/airflow/.local/lib/python3.8/site-packages/airflow/example_dags/example_bash_operator.py
[2026-06-12T11:18:18.596+0000] {logging_mixin.py:188} INFO - [2026-06-12T11:18:18.596+0000] {dag.py:3036} INFO - Sync 1 DAGs
[2026-06-12T11:18:18.638+0000] {logging_mixin.py:188} INFO - [2026-06-12T11:18:18.638+0000] {dag.py:3823} INFO - Setting next_dagrun for example_bash_operator to 2026-06-11 00:00:00+00:00, run_after=2026-06-12 00:00:00+00:00
[2026-06-12T11:18:18.668+0000] {processor.py:183} INFO - Processing /home/airflow/.local/lib/python3.8/site-packages/airflow/example_dags/example_bash_operator.py took 0.149 seconds
[2026-06-12T11:18:48.850+0000] {processor.py:161} INFO - Started process (PID=2150) to work on /home/airflow/.local/lib/python3.8/site-packages/airflow/example_dags/example_bash_operator.py
[2026-06-12T11:18:48.853+0000] {processor.py:830} INFO - Processing file /home/airflow/.local/lib/python3.8/site-packages/airflow/example_dags/example_bash_operator.py for tasks to queue
[2026-06-12T11:18:48.856+0000] {logging_mixin.py:188} INFO - [2026-06-12T11:18:48.855+0000] {dagbag.py:538} INFO - Filling up the DagBag from /home/airflow/.local/lib/python3.8/site-packages/airflow/example_dags/example_bash_operator.py
[2026-06-12T11:18:48.877+0000] {processor.py:840} INFO - DAG(s) 'example_bash_operator' retrieved from /home/airflow/.local/lib/python3.8/site-packages/airflow/example_dags/example_bash_operator.py
[2026-06-12T11:18:48.939+0000] {logging_mixin.py:188} INFO - [2026-06-12T11:18:48.938+0000] {dag.py:3036} INFO - Sync 1 DAGs
[2026-06-12T11:18:48.988+0000] {logging_mixin.py:188} INFO - [2026-06-12T11:18:48.988+0000] {dag.py:3823} INFO - Setting next_dagrun for example_bash_operator to 2026-06-11 00:00:00+00:00, run_after=2026-06-12 00:00:00+00:00
[2026-06-12T11:18:49.032+0000] {processor.py:183} INFO - Processing /home/airflow/.local/lib/python3.8/site-packages/airflow/example_dags/example_bash_operator.py took 0.188 seconds
[2026-06-12T11:19:19.228+0000] {processor.py:161} INFO - Started process (PID=2216) to work on /home/airflow/.local/lib/python3.8/site-packages/airflow/example_dags/example_bash_operator.py
[2026-06-12T11:19:19.229+0000] {processor.py:830} INFO - Processing file /home/airflow/.local/lib/python3.8/site-packages/airflow/example_dags/example_bash_operator.py for tasks to queue
[2026-06-12T11:19:19.232+0000] {logging_mixin.py:188} INFO - [2026-06-12T11:19:19.231+0000] {dagbag.py:538} INFO - Filling up the DagBag from /home/airflow/.local/lib/python3.8/site-packages/airflow/example_dags/example_bash_operator.py
[2026-06-12T11:19:19.257+0000] {processor.py:840} INFO - DAG(s) 'example_bash_operator' retrieved from /home/airflow/.local/lib/python3.8/site-packages/airflow/example_dags/example_bash_operator.py
[2026-06-12T11:19:19.319+0000] {logging_mixin.py:188} INFO - [2026-06-12T11:19:19.318+0000] {dag.py:3036} INFO - Sync 1 DAGs
[2026-06-12T11:19:19.361+0000] {logging_mixin.py:188} INFO - [2026-06-12T11:19:19.360+0000] {dag.py:3823} INFO - Setting next_dagrun for example_bash_operator to 2026-06-11 00:00:00+00:00, run_after=2026-06-12 00:00:00+00:00
[2026-06-12T11:19:19.390+0000] {processor.py:183} INFO - Processing /home/airflow/.local/lib/python3.8/site-packages/airflow/example_dags/example_bash_operator.py took 0.169 seconds
[2026-06-12T11:19:49.538+0000] {processor.py:161} INFO - Started process (PID=2289) to work on /home/airflow/.local/lib/python3.8/site-packages/airflow/example_dags/example_bash_operator.py
[2026-06-12T11:19:49.540+0000] {processor.py:830} INFO - Processing file /home/airflow/.local/lib/python3.8/site-packages/airflow/example_dags/example_bash_operator.py for tasks to queue
[2026-06-12T11:19:49.543+0000] {logging_mixin.py:188} INFO - [2026-06-12T11:19:49.542+0000] {dagbag.py:538} INFO - Filling up the DagBag from /home/airflow/.local/lib/python3.8/site-packages/airflow/example_dags/example_bash_operator.py
[2026-06-12T11:19:49.561+0000] {processor.py:840} INFO - DAG(s) 'example_bash_operator' retrieved from /home/airflow/.local/lib/python3.8/site-packages/airflow/example_dags/example_bash_operator.py
[2026-06-12T11:19:49.625+0000] {logging_mixin.py:188} INFO - [2026-06-12T11:19:49.624+0000] {dag.py:3036} INFO - Sync 1 DAGs
[2026-06-12T11:19:49.662+0000] {logging_mixin.py:188} INFO - [2026-06-12T11:19:49.662+0000] {dag.py:3823} INFO - Setting next_dagrun for example_bash_operator to 2026-06-11 00:00:00+00:00, run_after=2026-06-12 00:00:00+00:00
[2026-06-12T11:19:49.696+0000] {processor.py:183} INFO - Processing /home/airflow/.local/lib/python3.8/site-packages/airflow/example_dags/example_bash_operator.py took 0.163 seconds
[2026-06-12T11:20:19.817+0000] {processor.py:161} INFO - Started process (PID=2356) to work on /home/airflow/.local/lib/python3.8/site-packages/airflow/example_dags/example_bash_operator.py
[2026-06-12T11:20:19.818+0000] {processor.py:830} INFO - Processing file /home/airflow/.local/lib/python3.8/site-packages/airflow/example_dags/example_bash_operator.py for tasks to queue
[2026-06-12T11:20:19.821+0000] {logging_mixin.py:188} INFO - [2026-06-12T11:20:19.820+0000] {dagbag.py:538} INFO - Filling up the DagBag from /home/airflow/.local/lib/python3.8/site-packages/airflow/example_dags/example_bash_operator.py
[2026-06-12T11:20:19.840+0000] {processor.py:840} INFO - DAG(s) 'example_bash_operator' retrieved from /home/airflow/.local/lib/python3.8/site-packages/airflow/example_dags/example_bash_operator.py
[2026-06-12T11:20:19.896+0000] {logging_mixin.py:188} INFO - [2026-06-12T11:20:19.896+0000] {dag.py:3036} INFO - Sync 1 DAGs
[2026-06-12T11:20:19.935+0000] {logging_mixin.py:188} INFO - [2026-06-12T11:20:19.935+0000] {dag.py:3823} INFO - Setting next_dagrun for example_bash_operator to 2026-06-11 00:00:00+00:00, run_after=2026-06-12 00:00:00+00:00
[2026-06-12T11:20:19.970+0000] {processor.py:183} INFO - Processing /home/airflow/.local/lib/python3.8/site-packages/airflow/example_dags/example_bash_operator.py took 0.157 seconds
[2026-06-12T11:20:50.199+0000] {processor.py:161} INFO - Started process (PID=2422) to work on /home/airflow/.local/lib/python3.8/site-packages/airflow/example_dags/example_bash_operator.py
[2026-06-12T11:20:50.201+0000] {processor.py:830} INFO - Processing file /home/airflow/.local/lib/python3.8/site-packages/airflow/example_dags/example_bash_operator.py for tasks to queue
[2026-06-12T11:20:50.203+0000] {logging_mixin.py:188} INFO - [2026-06-12T11:20:50.203+0000] {dagbag.py:538} INFO - Filling up the DagBag from /home/airflow/.local/lib/python3.8/site-packages/airflow/example_dags/example_bash_operator.py
[2026-06-12T11:20:50.221+0000] {processor.py:840} INFO - DAG(s) 'example_bash_operator' retrieved from /home/airflow/.local/lib/python3.8/site-packages/airflow/example_dags/example_bash_operator.py
[2026-06-12T11:20:50.287+0000] {logging_mixin.py:188} INFO - [2026-06-12T11:20:50.286+0000] {dag.py:3036} INFO - Sync 1 DAGs
[2026-06-12T11:20:50.333+0000] {logging_mixin.py:188} INFO - [2026-06-12T11:20:50.332+0000] {dag.py:3823} INFO - Setting next_dagrun for example_bash_operator to 2026-06-11 00:00:00+00:00, run_after=2026-06-12 00:00:00+00:00
[2026-06-12T11:20:50.366+0000] {processor.py:183} INFO - Processing /home/airflow/.local/lib/python3.8/site-packages/airflow/example_dags/example_bash_operator.py took 0.171 seconds
[2026-06-12T11:21:20.895+0000] {processor.py:161} INFO - Started process (PID=2488) to work on /home/airflow/.local/lib/python3.8/site-packages/airflow/example_dags/example_bash_operator.py
[2026-06-12T11:21:20.896+0000] {processor.py:830} INFO - Processing file /home/airflow/.local/lib/python3.8/site-packages/airflow/example_dags/example_bash_operator.py for tasks to queue
[2026-06-12T11:21:20.899+0000] {logging_mixin.py:188} INFO - [2026-06-12T11:21:20.898+0000] {dagbag.py:538} INFO - Filling up the DagBag from /home/airflow/.local/lib/python3.8/site-packages/airflow/example_dags/example_bash_operator.py
[2026-06-12T11:21:20.916+0000] {processor.py:840} INFO - DAG(s) 'example_bash_operator' retrieved from /home/airflow/.local/lib/python3.8/site-packages/airflow/example_dags/example_bash_operator.py
[2026-06-12T11:21:20.968+0000] {logging_mixin.py:188} INFO - [2026-06-12T11:21:20.968+0000] {dag.py:3036} INFO - Sync 1 DAGs
[2026-06-12T11:21:21.007+0000] {logging_mixin.py:188} INFO - [2026-06-12T11:21:21.007+0000] {dag.py:3823} INFO - Setting next_dagrun for example_bash_operator to 2026-06-11 00:00:00+00:00, run_after=2026-06-12 00:00:00+00:00
[2026-06-12T11:21:21.035+0000] {processor.py:183} INFO - Processing /home/airflow/.local/lib/python3.8/site-packages/airflow/example_dags/example_bash_operator.py took 0.145 seconds
[2026-06-12T11:21:51.438+0000] {processor.py:161} INFO - Started process (PID=2554) to work on /home/airflow/.local/lib/python3.8/site-packages/airflow/example_dags/example_bash_operator.py
[2026-06-12T11:21:51.440+0000] {processor.py:830} INFO - Processing file /home/airflow/.local/lib/python3.8/site-packages/airflow/example_dags/example_bash_operator.py for tasks to queue
[2026-06-12T11:21:51.443+0000] {logging_mixin.py:188} INFO - [2026-06-12T11:21:51.442+0000] {dagbag.py:538} INFO - Filling up the DagBag from /home/airflow/.local/lib/python3.8/site-packages/airflow/example_dags/example_bash_operator.py
[2026-06-12T11:21:51.462+0000] {processor.py:840} INFO - DAG(s) 'example_bash_operator' retrieved from /home/airflow/.local/lib/python3.8/site-packages/airflow/example_dags/example_bash_operator.py
[2026-06-12T11:21:51.525+0000] {logging_mixin.py:188} INFO - [2026-06-12T11:21:51.525+0000] {dag.py:3036} INFO - Sync 1 DAGs
[2026-06-12T11:21:51.570+0000] {logging_mixin.py:188} INFO - [2026-06-12T11:21:51.569+0000] {dag.py:3823} INFO - Setting next_dagrun for example_bash_operator to 2026-06-11 00:00:00+00:00, run_after=2026-06-12 00:00:00+00:00
[2026-06-12T11:21:51.611+0000] {processor.py:183} INFO - Processing /home/airflow/.local/lib/python3.8/site-packages/airflow/example_dags/example_bash_operator.py took 0.177 seconds
[2026-06-12T11:22:22.327+0000] {processor.py:161} INFO - Started process (PID=2620) to work on /home/airflow/.local/lib/python3.8/site-packages/airflow/example_dags/example_bash_operator.py
[2026-06-12T11:22:22.328+0000] {processor.py:830} INFO - Processing file /home/airflow/.local/lib/python3.8/site-packages/airflow/example_dags/example_bash_operator.py for tasks to queue
[2026-06-12T11:22:22.331+0000] {logging_mixin.py:188} INFO - [2026-06-12T11:22:22.330+0000] {dagbag.py:538} INFO - Filling up the DagBag from /home/airflow/.local/lib/python3.8/site-packages/airflow/example_dags/example_bash_operator.py
[2026-06-12T11:22:22.349+0000] {processor.py:840} INFO - DAG(s) 'example_bash_operator' retrieved from /home/airflow/.local/lib/python3.8/site-packages/airflow/example_dags/example_bash_operator.py
[2026-06-12T11:22:22.400+0000] {logging_mixin.py:188} INFO - [2026-06-12T11:22:22.399+0000] {dag.py:3036} INFO - Sync 1 DAGs
[2026-06-12T11:22:22.436+0000] {logging_mixin.py:188} INFO - [2026-06-12T11:22:22.436+0000] {dag.py:3823} INFO - Setting next_dagrun for example_bash_operator to 2026-06-11 00:00:00+00:00, run_after=2026-06-12 00:00:00+00:00
[2026-06-12T11:22:22.465+0000] {processor.py:183} INFO - Processing /home/airflow/.local/lib/python3.8/site-packages/airflow/example_dags/example_bash_operator.py took 0.143 seconds
[2026-06-12T11:22:52.966+0000] {processor.py:161} INFO - Started process (PID=2686) to work on /home/airflow/.local/lib/python3.8/site-packages/airflow/example_dags/example_bash_operator.py
[2026-06-12T11:22:52.969+0000] {processor.py:830} INFO - Processing file /home/airflow/.local/lib/python3.8/site-packages/airflow/example_dags/example_bash_operator.py for tasks to queue
[2026-06-12T11:22:52.971+0000] {logging_mixin.py:188} INFO - [2026-06-12T11:22:52.971+0000] {dagbag.py:538} INFO - Filling up the DagBag from /home/airflow/.local/lib/python3.8/site-packages/airflow/example_dags/example_bash_operator.py
[2026-06-12T11:22:52.993+0000] {processor.py:840} INFO - DAG(s) 'example_bash_operator' retrieved from /home/airflow/.local/lib/python3.8/site-packages/airflow/example_dags/example_bash_operator.py
[2026-06-12T11:22:53.043+0000] {logging_mixin.py:188} INFO - [2026-06-12T11:22:53.043+0000] {dag.py:3036} INFO - Sync 1 DAGs
[2026-06-12T11:22:53.088+0000] {logging_mixin.py:188} INFO - [2026-06-12T11:22:53.088+0000] {dag.py:3823} INFO - Setting next_dagrun for example_bash_operator to 2026-06-11 00:00:00+00:00, run_after=2026-06-12 00:00:00+00:00
[2026-06-12T11:22:53.122+0000] {processor.py:183} INFO - Processing /home/airflow/.local/lib/python3.8/site-packages/airflow/example_dags/example_bash_operator.py took 0.161 seconds
[2026-06-12T11:23:23.804+0000] {processor.py:161} INFO - Started process (PID=2752) to work on /home/airflow/.local/lib/python3.8/site-packages/airflow/example_dags/example_bash_operator.py
[2026-06-12T11:23:23.806+0000] {processor.py:830} INFO - Processing file /home/airflow/.local/lib/python3.8/site-packages/airflow/example_dags/example_bash_operator.py for tasks to queue
[2026-06-12T11:23:23.810+0000] {logging_mixin.py:188} INFO - [2026-06-12T11:23:23.809+0000] {dagbag.py:538} INFO - Filling up the DagBag from /home/airflow/.local/lib/python3.8/site-packages/airflow/example_dags/example_bash_operator.py
[2026-06-12T11:23:23.829+0000] {processor.py:840} INFO - DAG(s) 'example_bash_operator' retrieved from /home/airflow/.local/lib/python3.8/site-packages/airflow/example_dags/example_bash_operator.py
[2026-06-12T11:23:23.890+0000] {logging_mixin.py:188} INFO - [2026-06-12T11:23:23.889+0000] {dag.py:3036} INFO - Sync 1 DAGs
[2026-06-12T11:23:23.926+0000] {logging_mixin.py:188} INFO - [2026-06-12T11:23:23.926+0000] {dag.py:3823} INFO - Setting next_dagrun for example_bash_operator to 2026-06-11 00:00:00+00:00, run_after=2026-06-12 00:00:00+00:00
[2026-06-12T11:23:24.134+0000] {processor.py:183} INFO - Processing /home/airflow/.local/lib/python3.8/site-packages/airflow/example_dags/example_bash_operator.py took 0.334 seconds
[2026-06-12T11:23:54.693+0000] {processor.py:161} INFO - Started process (PID=2825) to work on /home/airflow/.local/lib/python3.8/site-packages/airflow/example_dags/example_bash_operator.py
[2026-06-12T11:23:54.694+0000] {processor.py:830} INFO - Processing file /home/airflow/.local/lib/python3.8/site-packages/airflow/example_dags/example_bash_operator.py for tasks to queue
[2026-06-12T11:23:54.697+0000] {logging_mixin.py:188} INFO - [2026-06-12T11:23:54.696+0000] {dagbag.py:538} INFO - Filling up the DagBag from /home/airflow/.local/lib/python3.8/site-packages/airflow/example_dags/example_bash_operator.py
[2026-06-12T11:23:54.714+0000] {processor.py:840} INFO - DAG(s) 'example_bash_operator' retrieved from /home/airflow/.local/lib/python3.8/site-packages/airflow/example_dags/example_bash_operator.py
[2026-06-12T11:23:54.768+0000] {logging_mixin.py:188} INFO - [2026-06-12T11:23:54.768+0000] {dag.py:3036} INFO - Sync 1 DAGs
[2026-06-12T11:23:54.806+0000] {logging_mixin.py:188} INFO - [2026-06-12T11:23:54.806+0000] {dag.py:3823} INFO - Setting next_dagrun for example_bash_operator to 2026-06-11 00:00:00+00:00, run_after=2026-06-12 00:00:00+00:00
[2026-06-12T11:23:54.836+0000] {processor.py:183} INFO - Processing /home/airflow/.local/lib/python3.8/site-packages/airflow/example_dags/example_bash_operator.py took 0.147 seconds
[2026-06-12T11:24:25.181+0000] {processor.py:161} INFO - Started process (PID=2891) to work on /home/airflow/.local/lib/python3.8/site-packages/airflow/example_dags/example_bash_operator.py
[2026-06-12T11:24:25.183+0000] {processor.py:830} INFO - Processing file /home/airflow/.local/lib/python3.8/site-packages/airflow/example_dags/example_bash_operator.py for tasks to queue
[2026-06-12T11:24:25.186+0000] {logging_mixin.py:188} INFO - [2026-06-12T11:24:25.186+0000] {dagbag.py:538} INFO - Filling up the DagBag from /home/airflow/.local/lib/python3.8/site-packages/airflow/example_dags/example_bash_operator.py
[2026-06-12T11:24:25.210+0000] {processor.py:840} INFO - DAG(s) 'example_bash_operator' retrieved from /home/airflow/.local/lib/python3.8/site-packages/airflow/example_dags/example_bash_operator.py
[2026-06-12T11:24:25.271+0000] {logging_mixin.py:188} INFO - [2026-06-12T11:24:25.270+0000] {dag.py:3036} INFO - Sync 1 DAGs
[2026-06-12T11:24:25.314+0000] {logging_mixin.py:188} INFO - [2026-06-12T11:24:25.313+0000] {dag.py:3823} INFO - Setting next_dagrun for example_bash_operator to 2026-06-11 00:00:00+00:00, run_after=2026-06-12 00:00:00+00:00
[2026-06-12T11:24:25.347+0000] {processor.py:183} INFO - Processing /home/airflow/.local/lib/python3.8/site-packages/airflow/example_dags/example_bash_operator.py took 0.173 seconds
[2026-06-12T11:24:56.048+0000] {processor.py:161} INFO - Started process (PID=2957) to work on /home/airflow/.local/lib/python3.8/site-packages/airflow/example_dags/example_bash_operator.py
[2026-06-12T11:24:56.049+0000] {processor.py:830} INFO - Processing file /home/airflow/.local/lib/python3.8/site-packages/airflow/example_dags/example_bash_operator.py for tasks to queue
[2026-06-12T11:24:56.052+0000] {logging_mixin.py:188} INFO - [2026-06-12T11:24:56.052+0000] {dagbag.py:538} INFO - Filling up the DagBag from /home/airflow/.local/lib/python3.8/site-packages/airflow/example_dags/example_bash_operator.py
[2026-06-12T11:24:56.075+0000] {processor.py:840} INFO - DAG(s) 'example_bash_operator' retrieved from /home/airflow/.local/lib/python3.8/site-packages/airflow/example_dags/example_bash_operator.py
[2026-06-12T11:24:56.138+0000] {logging_mixin.py:188} INFO - [2026-06-12T11:24:56.138+0000] {dag.py:3036} INFO - Sync 1 DAGs
[2026-06-12T11:24:56.183+0000] {logging_mixin.py:188} INFO - [2026-06-12T11:24:56.182+0000] {dag.py:3823} INFO - Setting next_dagrun for example_bash_operator to 2026-06-11 00:00:00+00:00, run_after=2026-06-12 00:00:00+00:00
[2026-06-12T11:24:56.214+0000] {processor.py:183} INFO - Processing /home/airflow/.local/lib/python3.8/site-packages/airflow/example_dags/example_bash_operator.py took 0.171 seconds
[2026-06-12T11:25:27.975+0000] {processor.py:161} INFO - Started process (PID=3022) to work on /home/airflow/.local/lib/python3.8/site-packages/airflow/example_dags/example_bash_operator.py
[2026-06-12T11:25:27.977+0000] {processor.py:830} INFO - Processing file /home/airflow/.local/lib/python3.8/site-packages/airflow/example_dags/example_bash_operator.py for tasks to queue
[2026-06-12T11:25:27.979+0000] {logging_mixin.py:188} INFO - [2026-06-12T11:25:27.979+0000] {dagbag.py:538} INFO - Filling up the DagBag from /home/airflow/.local/lib/python3.8/site-packages/airflow/example_dags/example_bash_operator.py
[2026-06-12T11:25:27.998+0000] {processor.py:840} INFO - DAG(s) 'example_bash_operator' retrieved from /home/airflow/.local/lib/python3.8/site-packages/airflow/example_dags/example_bash_operator.py
[2026-06-12T11:25:28.048+0000] {logging_mixin.py:188} INFO - [2026-06-12T11:25:28.048+0000] {dag.py:3036} INFO - Sync 1 DAGs
[2026-06-12T11:25:28.272+0000] {logging_mixin.py:188} INFO - [2026-06-12T11:25:28.271+0000] {dag.py:3823} INFO - Setting next_dagrun for example_bash_operator to 2026-06-11 00:00:00+00:00, run_after=2026-06-12 00:00:00+00:00
[2026-06-12T11:25:28.302+0000] {processor.py:183} INFO - Processing /home/airflow/.local/lib/python3.8/site-packages/airflow/example_dags/example_bash_operator.py took 0.332 seconds
[2026-06-12T11:25:58.449+0000] {processor.py:161} INFO - Started process (PID=3087) to work on /home/airflow/.local/lib/python3.8/site-packages/airflow/example_dags/example_bash_operator.py
[2026-06-12T11:25:58.450+0000] {processor.py:830} INFO - Processing file /home/airflow/.local/lib/python3.8/site-packages/airflow/example_dags/example_bash_operator.py for tasks to queue
[2026-06-12T11:25:58.453+0000] {logging_mixin.py:188} INFO - [2026-06-12T11:25:58.453+0000] {dagbag.py:538} INFO - Filling up the DagBag from /home/airflow/.local/lib/python3.8/site-packages/airflow/example_dags/example_bash_operator.py
[2026-06-12T11:25:58.473+0000] {processor.py:840} INFO - DAG(s) 'example_bash_operator' retrieved from /home/airflow/.local/lib/python3.8/site-packages/airflow/example_dags/example_bash_operator.py
[2026-06-12T11:25:58.522+0000] {logging_mixin.py:188} INFO - [2026-06-12T11:25:58.521+0000] {dag.py:3036} INFO - Sync 1 DAGs
[2026-06-12T11:25:58.734+0000] {logging_mixin.py:188} INFO - [2026-06-12T11:25:58.734+0000] {dag.py:3823} INFO - Setting next_dagrun for example_bash_operator to 2026-06-11 00:00:00+00:00, run_after=2026-06-12 00:00:00+00:00
[2026-06-12T11:25:58.759+0000] {processor.py:183} INFO - Processing /home/airflow/.local/lib/python3.8/site-packages/airflow/example_dags/example_bash_operator.py took 0.315 seconds
[2026-06-12T11:26:28.899+0000] {processor.py:161} INFO - Started process (PID=3154) to work on /home/airflow/.local/lib/python3.8/site-packages/airflow/example_dags/example_bash_operator.py
[2026-06-12T11:26:28.901+0000] {processor.py:830} INFO - Processing file /home/airflow/.local/lib/python3.8/site-packages/airflow/example_dags/example_bash_operator.py for tasks to queue
[2026-06-12T11:26:28.903+0000] {logging_mixin.py:188} INFO - [2026-06-12T11:26:28.903+0000] {dagbag.py:538} INFO - Filling up the DagBag from /home/airflow/.local/lib/python3.8/site-packages/airflow/example_dags/example_bash_operator.py
[2026-06-12T11:26:28.921+0000] {processor.py:840} INFO - DAG(s) 'example_bash_operator' retrieved from /home/airflow/.local/lib/python3.8/site-packages/airflow/example_dags/example_bash_operator.py
[2026-06-12T11:26:28.974+0000] {logging_mixin.py:188} INFO - [2026-06-12T11:26:28.974+0000] {dag.py:3036} INFO - Sync 1 DAGs
[2026-06-12T11:26:29.014+0000] {logging_mixin.py:188} INFO - [2026-06-12T11:26:29.014+0000] {dag.py:3823} INFO - Setting next_dagrun for example_bash_operator to 2026-06-11 00:00:00+00:00, run_after=2026-06-12 00:00:00+00:00
[2026-06-12T11:26:29.045+0000] {processor.py:183} INFO - Processing /home/airflow/.local/lib/python3.8/site-packages/airflow/example_dags/example_bash_operator.py took 0.150 seconds
[2026-06-12T11:26:59.186+0000] {processor.py:161} INFO - Started process (PID=3221) to work on /home/airflow/.local/lib/python3.8/site-packages/airflow/example_dags/example_bash_operator.py
[2026-06-12T11:26:59.187+0000] {processor.py:830} INFO - Processing file /home/airflow/.local/lib/python3.8/site-packages/airflow/example_dags/example_bash_operator.py for tasks to queue
[2026-06-12T11:26:59.191+0000] {logging_mixin.py:188} INFO - [2026-06-12T11:26:59.190+0000] {dagbag.py:538} INFO - Filling up the DagBag from /home/airflow/.local/lib/python3.8/site-packages/airflow/example_dags/example_bash_operator.py
[2026-06-12T11:26:59.210+0000] {processor.py:840} INFO - DAG(s) 'example_bash_operator' retrieved from /home/airflow/.local/lib/python3.8/site-packages/airflow/example_dags/example_bash_operator.py
[2026-06-12T11:26:59.264+0000] {logging_mixin.py:188} INFO - [2026-06-12T11:26:59.264+0000] {dag.py:3036} INFO - Sync 1 DAGs
[2026-06-12T11:26:59.303+0000] {logging_mixin.py:188} INFO - [2026-06-12T11:26:59.303+0000] {dag.py:3823} INFO - Setting next_dagrun for example_bash_operator to 2026-06-11 00:00:00+00:00, run_after=2026-06-12 00:00:00+00:00
[2026-06-12T11:26:59.332+0000] {processor.py:183} INFO - Processing /home/airflow/.local/lib/python3.8/site-packages/airflow/example_dags/example_bash_operator.py took 0.151 seconds
[2026-06-12T11:27:29.971+0000] {processor.py:161} INFO - Started process (PID=3287) to work on /home/airflow/.local/lib/python3.8/site-packages/airflow/example_dags/example_bash_operator.py
[2026-06-12T11:27:29.973+0000] {processor.py:830} INFO - Processing file /home/airflow/.local/lib/python3.8/site-packages/airflow/example_dags/example_bash_operator.py for tasks to queue
[2026-06-12T11:27:29.976+0000] {logging_mixin.py:188} INFO - [2026-06-12T11:27:29.975+0000] {dagbag.py:538} INFO - Filling up the DagBag from /home/airflow/.local/lib/python3.8/site-packages/airflow/example_dags/example_bash_operator.py
[2026-06-12T11:27:29.994+0000] {processor.py:840} INFO - DAG(s) 'example_bash_operator' retrieved from /home/airflow/.local/lib/python3.8/site-packages/airflow/example_dags/example_bash_operator.py
[2026-06-12T11:27:30.046+0000] {logging_mixin.py:188} INFO - [2026-06-12T11:27:30.045+0000] {dag.py:3036} INFO - Sync 1 DAGs
[2026-06-12T11:27:30.085+0000] {logging_mixin.py:188} INFO - [2026-06-12T11:27:30.084+0000] {dag.py:3823} INFO - Setting next_dagrun for example_bash_operator to 2026-06-11 00:00:00+00:00, run_after=2026-06-12 00:00:00+00:00
[2026-06-12T11:27:30.114+0000] {processor.py:183} INFO - Processing /home/airflow/.local/lib/python3.8/site-packages/airflow/example_dags/example_bash_operator.py took 0.148 seconds
[2026-06-12T11:28:00.463+0000] {processor.py:161} INFO - Started process (PID=3352) to work on /home/airflow/.local/lib/python3.8/site-packages/airflow/example_dags/example_bash_operator.py
[2026-06-12T11:28:00.464+0000] {processor.py:830} INFO - Processing file /home/airflow/.local/lib/python3.8/site-packages/airflow/example_dags/example_bash_operator.py for tasks to queue
[2026-06-12T11:28:00.467+0000] {logging_mixin.py:188} INFO - [2026-06-12T11:28:00.467+0000] {dagbag.py:538} INFO - Filling up the DagBag from /home/airflow/.local/lib/python3.8/site-packages/airflow/example_dags/example_bash_operator.py
[2026-06-12T11:28:00.488+0000] {processor.py:840} INFO - DAG(s) 'example_bash_operator' retrieved from /home/airflow/.local/lib/python3.8/site-packages/airflow/example_dags/example_bash_operator.py
[2026-06-12T11:28:00.547+0000] {logging_mixin.py:188} INFO - [2026-06-12T11:28:00.546+0000] {dag.py:3036} INFO - Sync 1 DAGs
[2026-06-12T11:28:00.586+0000] {logging_mixin.py:188} INFO - [2026-06-12T11:28:00.585+0000] {dag.py:3823} INFO - Setting next_dagrun for example_bash_operator to 2026-06-11 00:00:00+00:00, run_after=2026-06-12 00:00:00+00:00
[2026-06-12T11:28:00.618+0000] {processor.py:183} INFO - Processing /home/airflow/.local/lib/python3.8/site-packages/airflow/example_dags/example_bash_operator.py took 0.160 seconds
[2026-06-12T11:28:31.052+0000] {processor.py:161} INFO - Started process (PID=3424) to work on /home/airflow/.local/lib/python3.8/site-packages/airflow/example_dags/example_bash_operator.py
[2026-06-12T11:28:31.054+0000] {processor.py:830} INFO - Processing file /home/airflow/.local/lib/python3.8/site-packages/airflow/example_dags/example_bash_operator.py for tasks to queue
[2026-06-12T11:28:31.057+0000] {logging_mixin.py:188} INFO - [2026-06-12T11:28:31.057+0000] {dagbag.py:538} INFO - Filling up the DagBag from /home/airflow/.local/lib/python3.8/site-packages/airflow/example_dags/example_bash_operator.py
[2026-06-12T11:28:31.079+0000] {processor.py:840} INFO - DAG(s) 'example_bash_operator' retrieved from /home/airflow/.local/lib/python3.8/site-packages/airflow/example_dags/example_bash_operator.py
[2026-06-12T11:28:31.146+0000] {logging_mixin.py:188} INFO - [2026-06-12T11:28:31.145+0000] {dag.py:3036} INFO - Sync 1 DAGs
[2026-06-12T11:28:31.195+0000] {logging_mixin.py:188} INFO - [2026-06-12T11:28:31.194+0000] {dag.py:3823} INFO - Setting next_dagrun for example_bash_operator to 2026-06-11 00:00:00+00:00, run_after=2026-06-12 00:00:00+00:00
[2026-06-12T11:28:31.228+0000] {processor.py:183} INFO - Processing /home/airflow/.local/lib/python3.8/site-packages/airflow/example_dags/example_bash_operator.py took 0.182 seconds
[2026-06-12T11:29:01.426+0000] {processor.py:161} INFO - Started process (PID=3491) to work on /home/airflow/.local/lib/python3.8/site-packages/airflow/example_dags/example_bash_operator.py
[2026-06-12T11:29:01.430+0000] {processor.py:830} INFO - Processing file /home/airflow/.local/lib/python3.8/site-packages/airflow/example_dags/example_bash_operator.py for tasks to queue
[2026-06-12T11:29:01.433+0000] {logging_mixin.py:188} INFO - [2026-06-12T11:29:01.432+0000] {dagbag.py:538} INFO - Filling up the DagBag from /home/airflow/.local/lib/python3.8/site-packages/airflow/example_dags/example_bash_operator.py
[2026-06-12T11:29:01.462+0000] {processor.py:840} INFO - DAG(s) 'example_bash_operator' retrieved from /home/airflow/.local/lib/python3.8/site-packages/airflow/example_dags/example_bash_operator.py
[2026-06-12T11:29:01.528+0000] {logging_mixin.py:188} INFO - [2026-06-12T11:29:01.528+0000] {dag.py:3036} INFO - Sync 1 DAGs
[2026-06-12T11:29:01.577+0000] {logging_mixin.py:188} INFO - [2026-06-12T11:29:01.576+0000] {dag.py:3823} INFO - Setting next_dagrun for example_bash_operator to 2026-06-11 00:00:00+00:00, run_after=2026-06-12 00:00:00+00:00
[2026-06-12T11:29:01.615+0000] {processor.py:183} INFO - Processing /home/airflow/.local/lib/python3.8/site-packages/airflow/example_dags/example_bash_operator.py took 0.195 seconds
[2026-06-12T11:29:32.261+0000] {processor.py:161} INFO - Started process (PID=3556) to work on /home/airflow/.local/lib/python3.8/site-packages/airflow/example_dags/example_bash_operator.py
[2026-06-12T11:29:32.263+0000] {processor.py:830} INFO - Processing file /home/airflow/.local/lib/python3.8/site-packages/airflow/example_dags/example_bash_operator.py for tasks to queue
[2026-06-12T11:29:32.267+0000] {logging_mixin.py:188} INFO - [2026-06-12T11:29:32.266+0000] {dagbag.py:538} INFO - Filling up the DagBag from /home/airflow/.local/lib/python3.8/site-packages/airflow/example_dags/example_bash_operator.py
[2026-06-12T11:29:32.290+0000] {processor.py:840} INFO - DAG(s) 'example_bash_operator' retrieved from /home/airflow/.local/lib/python3.8/site-packages/airflow/example_dags/example_bash_operator.py
[2026-06-12T11:29:32.358+0000] {logging_mixin.py:188} INFO - [2026-06-12T11:29:32.357+0000] {dag.py:3036} INFO - Sync 1 DAGs
[2026-06-12T11:29:32.405+0000] {logging_mixin.py:188} INFO - [2026-06-12T11:29:32.405+0000] {dag.py:3823} INFO - Setting next_dagrun for example_bash_operator to 2026-06-11 00:00:00+00:00, run_after=2026-06-12 00:00:00+00:00
[2026-06-12T11:29:32.438+0000] {processor.py:183} INFO - Processing /home/airflow/.local/lib/python3.8/site-packages/airflow/example_dags/example_bash_operator.py took 0.183 seconds
[2026-06-12T11:30:02.584+0000] {processor.py:161} INFO - Started process (PID=3621) to work on /home/airflow/.local/lib/python3.8/site-packages/airflow/example_dags/example_bash_operator.py
[2026-06-12T11:30:02.586+0000] {processor.py:830} INFO - Processing file /home/airflow/.local/lib/python3.8/site-packages/airflow/example_dags/example_bash_operator.py for tasks to queue
[2026-06-12T11:30:02.588+0000] {logging_mixin.py:188} INFO - [2026-06-12T11:30:02.588+0000] {dagbag.py:538} INFO - Filling up the DagBag from /home/airflow/.local/lib/python3.8/site-packages/airflow/example_dags/example_bash_operator.py
[2026-06-12T11:30:02.606+0000] {processor.py:840} INFO - DAG(s) 'example_bash_operator' retrieved from /home/airflow/.local/lib/python3.8/site-packages/airflow/example_dags/example_bash_operator.py
[2026-06-12T11:30:02.660+0000] {logging_mixin.py:188} INFO - [2026-06-12T11:30:02.659+0000] {dag.py:3036} INFO - Sync 1 DAGs
[2026-06-12T11:30:02.698+0000] {logging_mixin.py:188} INFO - [2026-06-12T11:30:02.697+0000] {dag.py:3823} INFO - Setting next_dagrun for example_bash_operator to 2026-06-11 00:00:00+00:00, run_after=2026-06-12 00:00:00+00:00
[2026-06-12T11:30:02.731+0000] {processor.py:183} INFO - Processing /home/airflow/.local/lib/python3.8/site-packages/airflow/example_dags/example_bash_operator.py took 0.151 seconds
[2026-06-12T11:30:33.178+0000] {processor.py:161} INFO - Started process (PID=3687) to work on /home/airflow/.local/lib/python3.8/site-packages/airflow/example_dags/example_bash_operator.py
[2026-06-12T11:30:33.180+0000] {processor.py:830} INFO - Processing file /home/airflow/.local/lib/python3.8/site-packages/airflow/example_dags/example_bash_operator.py for tasks to queue
[2026-06-12T11:30:33.182+0000] {logging_mixin.py:188} INFO - [2026-06-12T11:30:33.182+0000] {dagbag.py:538} INFO - Filling up the DagBag from /home/airflow/.local/lib/python3.8/site-packages/airflow/example_dags/example_bash_operator.py
[2026-06-12T11:30:33.200+0000] {processor.py:840} INFO - DAG(s) 'example_bash_operator' retrieved from /home/airflow/.local/lib/python3.8/site-packages/airflow/example_dags/example_bash_operator.py
[2026-06-12T11:30:33.259+0000] {logging_mixin.py:188} INFO - [2026-06-12T11:30:33.259+0000] {dag.py:3036} INFO - Sync 1 DAGs
[2026-06-12T11:30:33.304+0000] {logging_mixin.py:188} INFO - [2026-06-12T11:30:33.304+0000] {dag.py:3823} INFO - Setting next_dagrun for example_bash_operator to 2026-06-11 00:00:00+00:00, run_after=2026-06-12 00:00:00+00:00
[2026-06-12T11:30:33.338+0000] {processor.py:183} INFO - Processing /home/airflow/.local/lib/python3.8/site-packages/airflow/example_dags/example_bash_operator.py took 0.165 seconds
[2026-06-12T11:31:03.618+0000] {processor.py:161} INFO - Started process (PID=3754) to work on /home/airflow/.local/lib/python3.8/site-packages/airflow/example_dags/example_bash_operator.py
[2026-06-12T11:31:03.620+0000] {processor.py:830} INFO - Processing file /home/airflow/.local/lib/python3.8/site-packages/airflow/example_dags/example_bash_operator.py for tasks to queue
[2026-06-12T11:31:03.623+0000] {logging_mixin.py:188} INFO - [2026-06-12T11:31:03.622+0000] {dagbag.py:538} INFO - Filling up the DagBag from /home/airflow/.local/lib/python3.8/site-packages/airflow/example_dags/example_bash_operator.py
[2026-06-12T11:31:03.642+0000] {processor.py:840} INFO - DAG(s) 'example_bash_operator' retrieved from /home/airflow/.local/lib/python3.8/site-packages/airflow/example_dags/example_bash_operator.py
[2026-06-12T11:31:03.700+0000] {logging_mixin.py:188} INFO - [2026-06-12T11:31:03.699+0000] {dag.py:3036} INFO - Sync 1 DAGs
[2026-06-12T11:31:03.743+0000] {logging_mixin.py:188} INFO - [2026-06-12T11:31:03.743+0000] {dag.py:3823} INFO - Setting next_dagrun for example_bash_operator to 2026-06-11 00:00:00+00:00, run_after=2026-06-12 00:00:00+00:00
[2026-06-12T11:31:03.773+0000] {processor.py:183} INFO - Processing /home/airflow/.local/lib/python3.8/site-packages/airflow/example_dags/example_bash_operator.py took 0.160 seconds
[2026-06-12T11:31:33.986+0000] {processor.py:161} INFO - Started process (PID=3821) to work on /home/airflow/.local/lib/python3.8/site-packages/airflow/example_dags/example_bash_operator.py
[2026-06-12T11:31:33.988+0000] {processor.py:830} INFO - Processing file /home/airflow/.local/lib/python3.8/site-packages/airflow/example_dags/example_bash_operator.py for tasks to queue
[2026-06-12T11:31:33.991+0000] {logging_mixin.py:188} INFO - [2026-06-12T11:31:33.990+0000] {dagbag.py:538} INFO - Filling up the DagBag from /home/airflow/.local/lib/python3.8/site-packages/airflow/example_dags/example_bash_operator.py
[2026-06-12T11:31:34.015+0000] {processor.py:840} INFO - DAG(s) 'example_bash_operator' retrieved from /home/airflow/.local/lib/python3.8/site-packages/airflow/example_dags/example_bash_operator.py
[2026-06-12T11:31:34.082+0000] {logging_mixin.py:188} INFO - [2026-06-12T11:31:34.082+0000] {dag.py:3036} INFO - Sync 1 DAGs
[2026-06-12T11:31:34.127+0000] {logging_mixin.py:188} INFO - [2026-06-12T11:31:34.127+0000] {dag.py:3823} INFO - Setting next_dagrun for example_bash_operator to 2026-06-11 00:00:00+00:00, run_after=2026-06-12 00:00:00+00:00
[2026-06-12T11:31:34.161+0000] {processor.py:183} INFO - Processing /home/airflow/.local/lib/python3.8/site-packages/airflow/example_dags/example_bash_operator.py took 0.181 seconds
[2026-06-12T11:32:04.446+0000] {processor.py:161} INFO - Started process (PID=3888) to work on /home/airflow/.local/lib/python3.8/site-packages/airflow/example_dags/example_bash_operator.py
[2026-06-12T11:32:04.449+0000] {processor.py:830} INFO - Processing file /home/airflow/.local/lib/python3.8/site-packages/airflow/example_dags/example_bash_operator.py for tasks to queue
[2026-06-12T11:32:04.451+0000] {logging_mixin.py:188} INFO - [2026-06-12T11:32:04.451+0000] {dagbag.py:538} INFO - Filling up the DagBag from /home/airflow/.local/lib/python3.8/site-packages/airflow/example_dags/example_bash_operator.py
[2026-06-12T11:32:04.470+0000] {processor.py:840} INFO - DAG(s) 'example_bash_operator' retrieved from /home/airflow/.local/lib/python3.8/site-packages/airflow/example_dags/example_bash_operator.py
[2026-06-12T11:32:04.524+0000] {logging_mixin.py:188} INFO - [2026-06-12T11:32:04.523+0000] {dag.py:3036} INFO - Sync 1 DAGs
[2026-06-12T11:32:04.562+0000] {logging_mixin.py:188} INFO - [2026-06-12T11:32:04.561+0000] {dag.py:3823} INFO - Setting next_dagrun for example_bash_operator to 2026-06-11 00:00:00+00:00, run_after=2026-06-12 00:00:00+00:00
[2026-06-12T11:32:04.591+0000] {processor.py:183} INFO - Processing /home/airflow/.local/lib/python3.8/site-packages/airflow/example_dags/example_bash_operator.py took 0.149 seconds
[2026-06-12T11:32:34.863+0000] {processor.py:161} INFO - Started process (PID=3960) to work on /home/airflow/.local/lib/python3.8/site-packages/airflow/example_dags/example_bash_operator.py
[2026-06-12T11:32:34.864+0000] {processor.py:830} INFO - Processing file /home/airflow/.local/lib/python3.8/site-packages/airflow/example_dags/example_bash_operator.py for tasks to queue
[2026-06-12T11:32:34.867+0000] {logging_mixin.py:188} INFO - [2026-06-12T11:32:34.867+0000] {dagbag.py:538} INFO - Filling up the DagBag from /home/airflow/.local/lib/python3.8/site-packages/airflow/example_dags/example_bash_operator.py
[2026-06-12T11:32:34.891+0000] {processor.py:840} INFO - DAG(s) 'example_bash_operator' retrieved from /home/airflow/.local/lib/python3.8/site-packages/airflow/example_dags/example_bash_operator.py
[2026-06-12T11:32:34.959+0000] {logging_mixin.py:188} INFO - [2026-06-12T11:32:34.959+0000] {dag.py:3036} INFO - Sync 1 DAGs
[2026-06-12T11:32:34.997+0000] {logging_mixin.py:188} INFO - [2026-06-12T11:32:34.997+0000] {dag.py:3823} INFO - Setting next_dagrun for example_bash_operator to 2026-06-11 00:00:00+00:00, run_after=2026-06-12 00:00:00+00:00
[2026-06-12T11:32:35.024+0000] {processor.py:183} INFO - Processing /home/airflow/.local/lib/python3.8/site-packages/airflow/example_dags/example_bash_operator.py took 0.167 seconds
[2026-06-12T11:33:05.568+0000] {processor.py:161} INFO - Started process (PID=4026) to work on /home/airflow/.local/lib/python3.8/site-packages/airflow/example_dags/example_bash_operator.py
[2026-06-12T11:33:05.573+0000] {processor.py:830} INFO - Processing file /home/airflow/.local/lib/python3.8/site-packages/airflow/example_dags/example_bash_operator.py for tasks to queue
[2026-06-12T11:33:05.576+0000] {logging_mixin.py:188} INFO - [2026-06-12T11:33:05.575+0000] {dagbag.py:538} INFO - Filling up the DagBag from /home/airflow/.local/lib/python3.8/site-packages/airflow/example_dags/example_bash_operator.py
[2026-06-12T11:33:05.604+0000] {processor.py:840} INFO - DAG(s) 'example_bash_operator' retrieved from /home/airflow/.local/lib/python3.8/site-packages/airflow/example_dags/example_bash_operator.py
[2026-06-12T11:33:05.668+0000] {logging_mixin.py:188} INFO - [2026-06-12T11:33:05.668+0000] {dag.py:3036} INFO - Sync 1 DAGs
[2026-06-12T11:33:05.720+0000] {logging_mixin.py:188} INFO - [2026-06-12T11:33:05.719+0000] {dag.py:3823} INFO - Setting next_dagrun for example_bash_operator to 2026-06-11 00:00:00+00:00, run_after=2026-06-12 00:00:00+00:00
[2026-06-12T11:33:05.752+0000] {processor.py:183} INFO - Processing /home/airflow/.local/lib/python3.8/site-packages/airflow/example_dags/example_bash_operator.py took 0.190 seconds
[2026-06-12T11:33:36.180+0000] {processor.py:161} INFO - Started process (PID=4092) to work on /home/airflow/.local/lib/python3.8/site-packages/airflow/example_dags/example_bash_operator.py
[2026-06-12T11:33:36.182+0000] {processor.py:830} INFO - Processing file /home/airflow/.local/lib/python3.8/site-packages/airflow/example_dags/example_bash_operator.py for tasks to queue
[2026-06-12T11:33:36.184+0000] {logging_mixin.py:188} INFO - [2026-06-12T11:33:36.184+0000] {dagbag.py:538} INFO - Filling up the DagBag from /home/airflow/.local/lib/python3.8/site-packages/airflow/example_dags/example_bash_operator.py
[2026-06-12T11:33:36.207+0000] {processor.py:840} INFO - DAG(s) 'example_bash_operator' retrieved from /home/airflow/.local/lib/python3.8/site-packages/airflow/example_dags/example_bash_operator.py
[2026-06-12T11:33:36.270+0000] {logging_mixin.py:188} INFO - [2026-06-12T11:33:36.270+0000] {dag.py:3036} INFO - Sync 1 DAGs
[2026-06-12T11:33:36.311+0000] {logging_mixin.py:188} INFO - [2026-06-12T11:33:36.311+0000] {dag.py:3823} INFO - Setting next_dagrun for example_bash_operator to 2026-06-11 00:00:00+00:00, run_after=2026-06-12 00:00:00+00:00
[2026-06-12T11:33:36.338+0000] {processor.py:183} INFO - Processing /home/airflow/.local/lib/python3.8/site-packages/airflow/example_dags/example_bash_operator.py took 0.163 seconds
[2026-06-12T11:34:06.860+0000] {processor.py:161} INFO - Started process (PID=4158) to work on /home/airflow/.local/lib/python3.8/site-packages/airflow/example_dags/example_bash_operator.py
[2026-06-12T11:34:06.863+0000] {processor.py:830} INFO - Processing file /home/airflow/.local/lib/python3.8/site-packages/airflow/example_dags/example_bash_operator.py for tasks to queue
[2026-06-12T11:34:06.866+0000] {logging_mixin.py:188} INFO - [2026-06-12T11:34:06.865+0000] {dagbag.py:538} INFO - Filling up the DagBag from /home/airflow/.local/lib/python3.8/site-packages/airflow/example_dags/example_bash_operator.py
[2026-06-12T11:34:06.888+0000] {processor.py:840} INFO - DAG(s) 'example_bash_operator' retrieved from /home/airflow/.local/lib/python3.8/site-packages/airflow/example_dags/example_bash_operator.py
[2026-06-12T11:34:06.958+0000] {logging_mixin.py:188} INFO - [2026-06-12T11:34:06.958+0000] {dag.py:3036} INFO - Sync 1 DAGs
[2026-06-12T11:34:07.001+0000] {logging_mixin.py:188} INFO - [2026-06-12T11:34:07.001+0000] {dag.py:3823} INFO - Setting next_dagrun for example_bash_operator to 2026-06-11 00:00:00+00:00, run_after=2026-06-12 00:00:00+00:00
[2026-06-12T11:34:07.028+0000] {processor.py:183} INFO - Processing /home/airflow/.local/lib/python3.8/site-packages/airflow/example_dags/example_bash_operator.py took 0.173 seconds
[2026-06-12T11:34:37.872+0000] {processor.py:161} INFO - Started process (PID=4224) to work on /home/airflow/.local/lib/python3.8/site-packages/airflow/example_dags/example_bash_operator.py
[2026-06-12T11:34:37.874+0000] {processor.py:830} INFO - Processing file /home/airflow/.local/lib/python3.8/site-packages/airflow/example_dags/example_bash_operator.py for tasks to queue
[2026-06-12T11:34:37.876+0000] {logging_mixin.py:188} INFO - [2026-06-12T11:34:37.876+0000] {dagbag.py:538} INFO - Filling up the DagBag from /home/airflow/.local/lib/python3.8/site-packages/airflow/example_dags/example_bash_operator.py
[2026-06-12T11:34:37.894+0000] {processor.py:840} INFO - DAG(s) 'example_bash_operator' retrieved from /home/airflow/.local/lib/python3.8/site-packages/airflow/example_dags/example_bash_operator.py
[2026-06-12T11:34:37.957+0000] {logging_mixin.py:188} INFO - [2026-06-12T11:34:37.956+0000] {dag.py:3036} INFO - Sync 1 DAGs
[2026-06-12T11:34:37.996+0000] {logging_mixin.py:188} INFO - [2026-06-12T11:34:37.996+0000] {dag.py:3823} INFO - Setting next_dagrun for example_bash_operator to 2026-06-11 00:00:00+00:00, run_after=2026-06-12 00:00:00+00:00
[2026-06-12T11:34:38.026+0000] {processor.py:183} INFO - Processing /home/airflow/.local/lib/python3.8/site-packages/airflow/example_dags/example_bash_operator.py took 0.160 seconds
[2026-06-12T11:35:08.105+0000] {processor.py:161} INFO - Started process (PID=4290) to work on /home/airflow/.local/lib/python3.8/site-packages/airflow/example_dags/example_bash_operator.py
[2026-06-12T11:35:08.107+0000] {processor.py:830} INFO - Processing file /home/airflow/.local/lib/python3.8/site-packages/airflow/example_dags/example_bash_operator.py for tasks to queue
[2026-06-12T11:35:08.110+0000] {logging_mixin.py:188} INFO - [2026-06-12T11:35:08.110+0000] {dagbag.py:538} INFO - Filling up the DagBag from /home/airflow/.local/lib/python3.8/site-packages/airflow/example_dags/example_bash_operator.py
[2026-06-12T11:35:08.129+0000] {processor.py:840} INFO - DAG(s) 'example_bash_operator' retrieved from /home/airflow/.local/lib/python3.8/site-packages/airflow/example_dags/example_bash_operator.py
[2026-06-12T11:35:08.188+0000] {logging_mixin.py:188} INFO - [2026-06-12T11:35:08.187+0000] {dag.py:3036} INFO - Sync 1 DAGs
[2026-06-12T11:35:08.230+0000] {logging_mixin.py:188} INFO - [2026-06-12T11:35:08.230+0000] {dag.py:3823} INFO - Setting next_dagrun for example_bash_operator to 2026-06-11 00:00:00+00:00, run_after=2026-06-12 00:00:00+00:00
[2026-06-12T11:35:08.261+0000] {processor.py:183} INFO - Processing /home/airflow/.local/lib/python3.8/site-packages/airflow/example_dags/example_bash_operator.py took 0.160 seconds
[2026-06-12T11:35:38.599+0000] {processor.py:161} INFO - Started process (PID=4355) to work on /home/airflow/.local/lib/python3.8/site-packages/airflow/example_dags/example_bash_operator.py
[2026-06-12T11:35:38.600+0000] {processor.py:830} INFO - Processing file /home/airflow/.local/lib/python3.8/site-packages/airflow/example_dags/example_bash_operator.py for tasks to queue
[2026-06-12T11:35:38.603+0000] {logging_mixin.py:188} INFO - [2026-06-12T11:35:38.602+0000] {dagbag.py:538} INFO - Filling up the DagBag from /home/airflow/.local/lib/python3.8/site-packages/airflow/example_dags/example_bash_operator.py
[2026-06-12T11:35:38.624+0000] {processor.py:840} INFO - DAG(s) 'example_bash_operator' retrieved from /home/airflow/.local/lib/python3.8/site-packages/airflow/example_dags/example_bash_operator.py
[2026-06-12T11:35:38.675+0000] {logging_mixin.py:188} INFO - [2026-06-12T11:35:38.675+0000] {dag.py:3036} INFO - Sync 1 DAGs
[2026-06-12T11:35:38.717+0000] {logging_mixin.py:188} INFO - [2026-06-12T11:35:38.716+0000] {dag.py:3823} INFO - Setting next_dagrun for example_bash_operator to 2026-06-11 00:00:00+00:00, run_after=2026-06-12 00:00:00+00:00
[2026-06-12T11:35:38.748+0000] {processor.py:183} INFO - Processing /home/airflow/.local/lib/python3.8/site-packages/airflow/example_dags/example_bash_operator.py took 0.155 seconds
[2026-06-12T11:36:08.992+0000] {processor.py:161} INFO - Started process (PID=4419) to work on /home/airflow/.local/lib/python3.8/site-packages/airflow/example_dags/example_bash_operator.py
[2026-06-12T11:36:08.993+0000] {processor.py:830} INFO - Processing file /home/airflow/.local/lib/python3.8/site-packages/airflow/example_dags/example_bash_operator.py for tasks to queue
[2026-06-12T11:36:08.996+0000] {logging_mixin.py:188} INFO - [2026-06-12T11:36:08.995+0000] {dagbag.py:538} INFO - Filling up the DagBag from /home/airflow/.local/lib/python3.8/site-packages/airflow/example_dags/example_bash_operator.py
[2026-06-12T11:36:09.016+0000] {processor.py:840} INFO - DAG(s) 'example_bash_operator' retrieved from /home/airflow/.local/lib/python3.8/site-packages/airflow/example_dags/example_bash_operator.py
[2026-06-12T11:36:09.078+0000] {logging_mixin.py:188} INFO - [2026-06-12T11:36:09.077+0000] {dag.py:3036} INFO - Sync 1 DAGs
[2026-06-12T11:36:09.117+0000] {logging_mixin.py:188} INFO - [2026-06-12T11:36:09.117+0000] {dag.py:3823} INFO - Setting next_dagrun for example_bash_operator to 2026-06-11 00:00:00+00:00, run_after=2026-06-12 00:00:00+00:00
[2026-06-12T11:36:09.146+0000] {processor.py:183} INFO - Processing /home/airflow/.local/lib/python3.8/site-packages/airflow/example_dags/example_bash_operator.py took 0.160 seconds
[2026-06-12T11:36:39.593+0000] {processor.py:161} INFO - Started process (PID=4493) to work on /home/airflow/.local/lib/python3.8/site-packages/airflow/example_dags/example_bash_operator.py
[2026-06-12T11:36:39.595+0000] {processor.py:830} INFO - Processing file /home/airflow/.local/lib/python3.8/site-packages/airflow/example_dags/example_bash_operator.py for tasks to queue
[2026-06-12T11:36:39.597+0000] {logging_mixin.py:188} INFO - [2026-06-12T11:36:39.597+0000] {dagbag.py:538} INFO - Filling up the DagBag from /home/airflow/.local/lib/python3.8/site-packages/airflow/example_dags/example_bash_operator.py
[2026-06-12T11:36:39.615+0000] {processor.py:840} INFO - DAG(s) 'example_bash_operator' retrieved from /home/airflow/.local/lib/python3.8/site-packages/airflow/example_dags/example_bash_operator.py
[2026-06-12T11:36:39.667+0000] {logging_mixin.py:188} INFO - [2026-06-12T11:36:39.666+0000] {dag.py:3036} INFO - Sync 1 DAGs
[2026-06-12T11:36:39.702+0000] {logging_mixin.py:188} INFO - [2026-06-12T11:36:39.702+0000] {dag.py:3823} INFO - Setting next_dagrun for example_bash_operator to 2026-06-11 00:00:00+00:00, run_after=2026-06-12 00:00:00+00:00
[2026-06-12T11:36:39.730+0000] {processor.py:183} INFO - Processing /home/airflow/.local/lib/python3.8/site-packages/airflow/example_dags/example_bash_operator.py took 0.142 seconds
