[2026-06-12T11:03:03.706+0000] {processor.py:161} INFO - Started process (PID=90) to work on /home/airflow/.local/lib/python3.8/site-packages/airflow/example_dags/example_complex.py
[2026-06-12T11:03:03.708+0000] {processor.py:830} INFO - Processing file /home/airflow/.local/lib/python3.8/site-packages/airflow/example_dags/example_complex.py for tasks to queue
[2026-06-12T11:03:03.710+0000] {logging_mixin.py:188} INFO - [2026-06-12T11:03:03.710+0000] {dagbag.py:538} INFO - Filling up the DagBag from /home/airflow/.local/lib/python3.8/site-packages/airflow/example_dags/example_complex.py
[2026-06-12T11:03:03.737+0000] {processor.py:840} INFO - DAG(s) 'example_complex' retrieved from /home/airflow/.local/lib/python3.8/site-packages/airflow/example_dags/example_complex.py
[2026-06-12T11:03:03.763+0000] {logging_mixin.py:188} INFO - [2026-06-12T11:03:03.762+0000] {dag.py:3036} INFO - Sync 1 DAGs
[2026-06-12T11:03:03.791+0000] {logging_mixin.py:188} INFO - [2026-06-12T11:03:03.790+0000] {dag.py:3823} INFO - Setting next_dagrun for example_complex to None, run_after=None
[2026-06-12T11:03:03.832+0000] {processor.py:183} INFO - Processing /home/airflow/.local/lib/python3.8/site-packages/airflow/example_dags/example_complex.py took 0.131 seconds
[2026-06-12T11:03:35.632+0000] {processor.py:161} INFO - Started process (PID=156) to work on /home/airflow/.local/lib/python3.8/site-packages/airflow/example_dags/example_complex.py
[2026-06-12T11:03:35.633+0000] {processor.py:830} INFO - Processing file /home/airflow/.local/lib/python3.8/site-packages/airflow/example_dags/example_complex.py for tasks to queue
[2026-06-12T11:03:35.636+0000] {logging_mixin.py:188} INFO - [2026-06-12T11:03:35.636+0000] {dagbag.py:538} INFO - Filling up the DagBag from /home/airflow/.local/lib/python3.8/site-packages/airflow/example_dags/example_complex.py
[2026-06-12T11:03:35.657+0000] {processor.py:840} INFO - DAG(s) 'example_complex' retrieved from /home/airflow/.local/lib/python3.8/site-packages/airflow/example_dags/example_complex.py
[2026-06-12T11:03:35.847+0000] {logging_mixin.py:188} INFO - [2026-06-12T11:03:35.847+0000] {dag.py:3036} INFO - Sync 1 DAGs
[2026-06-12T11:03:35.866+0000] {logging_mixin.py:188} INFO - [2026-06-12T11:03:35.865+0000] {dag.py:3823} INFO - Setting next_dagrun for example_complex to None, run_after=None
[2026-06-12T11:03:35.899+0000] {processor.py:183} INFO - Processing /home/airflow/.local/lib/python3.8/site-packages/airflow/example_dags/example_complex.py took 0.272 seconds
[2026-06-12T11:04:06.812+0000] {processor.py:161} INFO - Started process (PID=222) to work on /home/airflow/.local/lib/python3.8/site-packages/airflow/example_dags/example_complex.py
[2026-06-12T11:04:06.814+0000] {processor.py:830} INFO - Processing file /home/airflow/.local/lib/python3.8/site-packages/airflow/example_dags/example_complex.py for tasks to queue
[2026-06-12T11:04:06.817+0000] {logging_mixin.py:188} INFO - [2026-06-12T11:04:06.816+0000] {dagbag.py:538} INFO - Filling up the DagBag from /home/airflow/.local/lib/python3.8/site-packages/airflow/example_dags/example_complex.py
[2026-06-12T11:04:06.835+0000] {processor.py:840} INFO - DAG(s) 'example_complex' retrieved from /home/airflow/.local/lib/python3.8/site-packages/airflow/example_dags/example_complex.py
[2026-06-12T11:04:06.897+0000] {logging_mixin.py:188} INFO - [2026-06-12T11:04:06.896+0000] {dag.py:3036} INFO - Sync 1 DAGs
[2026-06-12T11:04:06.921+0000] {logging_mixin.py:188} INFO - [2026-06-12T11:04:06.921+0000] {dag.py:3823} INFO - Setting next_dagrun for example_complex to None, run_after=None
[2026-06-12T11:04:06.954+0000] {processor.py:183} INFO - Processing /home/airflow/.local/lib/python3.8/site-packages/airflow/example_dags/example_complex.py took 0.147 seconds
[2026-06-12T11:04:37.613+0000] {processor.py:161} INFO - Started process (PID=289) to work on /home/airflow/.local/lib/python3.8/site-packages/airflow/example_dags/example_complex.py
[2026-06-12T11:04:37.614+0000] {processor.py:830} INFO - Processing file /home/airflow/.local/lib/python3.8/site-packages/airflow/example_dags/example_complex.py for tasks to queue
[2026-06-12T11:04:37.616+0000] {logging_mixin.py:188} INFO - [2026-06-12T11:04:37.616+0000] {dagbag.py:538} INFO - Filling up the DagBag from /home/airflow/.local/lib/python3.8/site-packages/airflow/example_dags/example_complex.py
[2026-06-12T11:04:37.635+0000] {processor.py:840} INFO - DAG(s) 'example_complex' retrieved from /home/airflow/.local/lib/python3.8/site-packages/airflow/example_dags/example_complex.py
[2026-06-12T11:04:37.697+0000] {logging_mixin.py:188} INFO - [2026-06-12T11:04:37.697+0000] {dag.py:3036} INFO - Sync 1 DAGs
[2026-06-12T11:04:37.725+0000] {logging_mixin.py:188} INFO - [2026-06-12T11:04:37.724+0000] {dag.py:3823} INFO - Setting next_dagrun for example_complex to None, run_after=None
[2026-06-12T11:04:37.763+0000] {processor.py:183} INFO - Processing /home/airflow/.local/lib/python3.8/site-packages/airflow/example_dags/example_complex.py took 0.155 seconds
[2026-06-12T11:05:08.166+0000] {processor.py:161} INFO - Started process (PID=355) to work on /home/airflow/.local/lib/python3.8/site-packages/airflow/example_dags/example_complex.py
[2026-06-12T11:05:08.167+0000] {processor.py:830} INFO - Processing file /home/airflow/.local/lib/python3.8/site-packages/airflow/example_dags/example_complex.py for tasks to queue
[2026-06-12T11:05:08.170+0000] {logging_mixin.py:188} INFO - [2026-06-12T11:05:08.169+0000] {dagbag.py:538} INFO - Filling up the DagBag from /home/airflow/.local/lib/python3.8/site-packages/airflow/example_dags/example_complex.py
[2026-06-12T11:05:08.194+0000] {processor.py:840} INFO - DAG(s) 'example_complex' retrieved from /home/airflow/.local/lib/python3.8/site-packages/airflow/example_dags/example_complex.py
[2026-06-12T11:05:08.267+0000] {logging_mixin.py:188} INFO - [2026-06-12T11:05:08.266+0000] {dag.py:3036} INFO - Sync 1 DAGs
[2026-06-12T11:05:08.290+0000] {logging_mixin.py:188} INFO - [2026-06-12T11:05:08.289+0000] {dag.py:3823} INFO - Setting next_dagrun for example_complex to None, run_after=None
[2026-06-12T11:05:08.328+0000] {processor.py:183} INFO - Processing /home/airflow/.local/lib/python3.8/site-packages/airflow/example_dags/example_complex.py took 0.168 seconds
[2026-06-12T11:05:38.677+0000] {processor.py:161} INFO - Started process (PID=428) to work on /home/airflow/.local/lib/python3.8/site-packages/airflow/example_dags/example_complex.py
[2026-06-12T11:05:38.679+0000] {processor.py:830} INFO - Processing file /home/airflow/.local/lib/python3.8/site-packages/airflow/example_dags/example_complex.py for tasks to queue
[2026-06-12T11:05:38.682+0000] {logging_mixin.py:188} INFO - [2026-06-12T11:05:38.681+0000] {dagbag.py:538} INFO - Filling up the DagBag from /home/airflow/.local/lib/python3.8/site-packages/airflow/example_dags/example_complex.py
[2026-06-12T11:05:38.706+0000] {processor.py:840} INFO - DAG(s) 'example_complex' retrieved from /home/airflow/.local/lib/python3.8/site-packages/airflow/example_dags/example_complex.py
[2026-06-12T11:05:38.778+0000] {logging_mixin.py:188} INFO - [2026-06-12T11:05:38.777+0000] {dag.py:3036} INFO - Sync 1 DAGs
[2026-06-12T11:05:38.803+0000] {logging_mixin.py:188} INFO - [2026-06-12T11:05:38.803+0000] {dag.py:3823} INFO - Setting next_dagrun for example_complex to None, run_after=None
[2026-06-12T11:05:38.838+0000] {processor.py:183} INFO - Processing /home/airflow/.local/lib/python3.8/site-packages/airflow/example_dags/example_complex.py took 0.167 seconds
[2026-06-12T11:06:09.320+0000] {processor.py:161} INFO - Started process (PID=495) to work on /home/airflow/.local/lib/python3.8/site-packages/airflow/example_dags/example_complex.py
[2026-06-12T11:06:09.322+0000] {processor.py:830} INFO - Processing file /home/airflow/.local/lib/python3.8/site-packages/airflow/example_dags/example_complex.py for tasks to queue
[2026-06-12T11:06:09.324+0000] {logging_mixin.py:188} INFO - [2026-06-12T11:06:09.324+0000] {dagbag.py:538} INFO - Filling up the DagBag from /home/airflow/.local/lib/python3.8/site-packages/airflow/example_dags/example_complex.py
[2026-06-12T11:06:09.343+0000] {processor.py:840} INFO - DAG(s) 'example_complex' retrieved from /home/airflow/.local/lib/python3.8/site-packages/airflow/example_dags/example_complex.py
[2026-06-12T11:06:09.402+0000] {logging_mixin.py:188} INFO - [2026-06-12T11:06:09.402+0000] {dag.py:3036} INFO - Sync 1 DAGs
[2026-06-12T11:06:09.423+0000] {logging_mixin.py:188} INFO - [2026-06-12T11:06:09.422+0000] {dag.py:3823} INFO - Setting next_dagrun for example_complex to None, run_after=None
[2026-06-12T11:06:09.455+0000] {processor.py:183} INFO - Processing /home/airflow/.local/lib/python3.8/site-packages/airflow/example_dags/example_complex.py took 0.141 seconds
[2026-06-12T11:06:39.649+0000] {processor.py:161} INFO - Started process (PID=559) to work on /home/airflow/.local/lib/python3.8/site-packages/airflow/example_dags/example_complex.py
[2026-06-12T11:06:39.650+0000] {processor.py:830} INFO - Processing file /home/airflow/.local/lib/python3.8/site-packages/airflow/example_dags/example_complex.py for tasks to queue
[2026-06-12T11:06:39.653+0000] {logging_mixin.py:188} INFO - [2026-06-12T11:06:39.652+0000] {dagbag.py:538} INFO - Filling up the DagBag from /home/airflow/.local/lib/python3.8/site-packages/airflow/example_dags/example_complex.py
[2026-06-12T11:06:39.676+0000] {processor.py:840} INFO - DAG(s) 'example_complex' retrieved from /home/airflow/.local/lib/python3.8/site-packages/airflow/example_dags/example_complex.py
[2026-06-12T11:06:39.749+0000] {logging_mixin.py:188} INFO - [2026-06-12T11:06:39.749+0000] {dag.py:3036} INFO - Sync 1 DAGs
[2026-06-12T11:06:39.776+0000] {logging_mixin.py:188} INFO - [2026-06-12T11:06:39.775+0000] {dag.py:3823} INFO - Setting next_dagrun for example_complex to None, run_after=None
[2026-06-12T11:06:39.813+0000] {processor.py:183} INFO - Processing /home/airflow/.local/lib/python3.8/site-packages/airflow/example_dags/example_complex.py took 0.169 seconds
[2026-06-12T11:07:10.083+0000] {processor.py:161} INFO - Started process (PID=624) to work on /home/airflow/.local/lib/python3.8/site-packages/airflow/example_dags/example_complex.py
[2026-06-12T11:07:10.085+0000] {processor.py:830} INFO - Processing file /home/airflow/.local/lib/python3.8/site-packages/airflow/example_dags/example_complex.py for tasks to queue
[2026-06-12T11:07:10.088+0000] {logging_mixin.py:188} INFO - [2026-06-12T11:07:10.087+0000] {dagbag.py:538} INFO - Filling up the DagBag from /home/airflow/.local/lib/python3.8/site-packages/airflow/example_dags/example_complex.py
[2026-06-12T11:07:10.106+0000] {processor.py:840} INFO - DAG(s) 'example_complex' retrieved from /home/airflow/.local/lib/python3.8/site-packages/airflow/example_dags/example_complex.py
[2026-06-12T11:07:10.169+0000] {logging_mixin.py:188} INFO - [2026-06-12T11:07:10.169+0000] {dag.py:3036} INFO - Sync 1 DAGs
[2026-06-12T11:07:10.192+0000] {logging_mixin.py:188} INFO - [2026-06-12T11:07:10.191+0000] {dag.py:3823} INFO - Setting next_dagrun for example_complex to None, run_after=None
[2026-06-12T11:07:10.222+0000] {processor.py:183} INFO - Processing /home/airflow/.local/lib/python3.8/site-packages/airflow/example_dags/example_complex.py took 0.144 seconds
[2026-06-12T11:07:40.263+0000] {processor.py:161} INFO - Started process (PID=690) to work on /home/airflow/.local/lib/python3.8/site-packages/airflow/example_dags/example_complex.py
[2026-06-12T11:07:40.264+0000] {processor.py:830} INFO - Processing file /home/airflow/.local/lib/python3.8/site-packages/airflow/example_dags/example_complex.py for tasks to queue
[2026-06-12T11:07:40.266+0000] {logging_mixin.py:188} INFO - [2026-06-12T11:07:40.266+0000] {dagbag.py:538} INFO - Filling up the DagBag from /home/airflow/.local/lib/python3.8/site-packages/airflow/example_dags/example_complex.py
[2026-06-12T11:07:40.286+0000] {processor.py:840} INFO - DAG(s) 'example_complex' retrieved from /home/airflow/.local/lib/python3.8/site-packages/airflow/example_dags/example_complex.py
[2026-06-12T11:07:40.353+0000] {logging_mixin.py:188} INFO - [2026-06-12T11:07:40.352+0000] {dag.py:3036} INFO - Sync 1 DAGs
[2026-06-12T11:07:40.376+0000] {logging_mixin.py:188} INFO - [2026-06-12T11:07:40.376+0000] {dag.py:3823} INFO - Setting next_dagrun for example_complex to None, run_after=None
[2026-06-12T11:07:40.407+0000] {processor.py:183} INFO - Processing /home/airflow/.local/lib/python3.8/site-packages/airflow/example_dags/example_complex.py took 0.150 seconds
[2026-06-12T11:08:10.534+0000] {processor.py:161} INFO - Started process (PID=755) to work on /home/airflow/.local/lib/python3.8/site-packages/airflow/example_dags/example_complex.py
[2026-06-12T11:08:10.536+0000] {processor.py:830} INFO - Processing file /home/airflow/.local/lib/python3.8/site-packages/airflow/example_dags/example_complex.py for tasks to queue
[2026-06-12T11:08:10.539+0000] {logging_mixin.py:188} INFO - [2026-06-12T11:08:10.538+0000] {dagbag.py:538} INFO - Filling up the DagBag from /home/airflow/.local/lib/python3.8/site-packages/airflow/example_dags/example_complex.py
[2026-06-12T11:08:10.558+0000] {processor.py:840} INFO - DAG(s) 'example_complex' retrieved from /home/airflow/.local/lib/python3.8/site-packages/airflow/example_dags/example_complex.py
[2026-06-12T11:08:10.617+0000] {logging_mixin.py:188} INFO - [2026-06-12T11:08:10.616+0000] {dag.py:3036} INFO - Sync 1 DAGs
[2026-06-12T11:08:10.639+0000] {logging_mixin.py:188} INFO - [2026-06-12T11:08:10.639+0000] {dag.py:3823} INFO - Setting next_dagrun for example_complex to None, run_after=None
[2026-06-12T11:08:10.679+0000] {processor.py:183} INFO - Processing /home/airflow/.local/lib/python3.8/site-packages/airflow/example_dags/example_complex.py took 0.151 seconds
[2026-06-12T11:08:40.799+0000] {processor.py:161} INFO - Started process (PID=822) to work on /home/airflow/.local/lib/python3.8/site-packages/airflow/example_dags/example_complex.py
[2026-06-12T11:08:40.800+0000] {processor.py:830} INFO - Processing file /home/airflow/.local/lib/python3.8/site-packages/airflow/example_dags/example_complex.py for tasks to queue
[2026-06-12T11:08:40.803+0000] {logging_mixin.py:188} INFO - [2026-06-12T11:08:40.802+0000] {dagbag.py:538} INFO - Filling up the DagBag from /home/airflow/.local/lib/python3.8/site-packages/airflow/example_dags/example_complex.py
[2026-06-12T11:08:40.822+0000] {processor.py:840} INFO - DAG(s) 'example_complex' retrieved from /home/airflow/.local/lib/python3.8/site-packages/airflow/example_dags/example_complex.py
[2026-06-12T11:08:40.879+0000] {logging_mixin.py:188} INFO - [2026-06-12T11:08:40.878+0000] {dag.py:3036} INFO - Sync 1 DAGs
[2026-06-12T11:08:40.902+0000] {logging_mixin.py:188} INFO - [2026-06-12T11:08:40.901+0000] {dag.py:3823} INFO - Setting next_dagrun for example_complex to None, run_after=None
[2026-06-12T11:08:40.935+0000] {processor.py:183} INFO - Processing /home/airflow/.local/lib/python3.8/site-packages/airflow/example_dags/example_complex.py took 0.141 seconds
[2026-06-12T11:09:11.349+0000] {processor.py:161} INFO - Started process (PID=887) to work on /home/airflow/.local/lib/python3.8/site-packages/airflow/example_dags/example_complex.py
[2026-06-12T11:09:11.351+0000] {processor.py:830} INFO - Processing file /home/airflow/.local/lib/python3.8/site-packages/airflow/example_dags/example_complex.py for tasks to queue
[2026-06-12T11:09:11.354+0000] {logging_mixin.py:188} INFO - [2026-06-12T11:09:11.353+0000] {dagbag.py:538} INFO - Filling up the DagBag from /home/airflow/.local/lib/python3.8/site-packages/airflow/example_dags/example_complex.py
[2026-06-12T11:09:11.374+0000] {processor.py:840} INFO - DAG(s) 'example_complex' retrieved from /home/airflow/.local/lib/python3.8/site-packages/airflow/example_dags/example_complex.py
[2026-06-12T11:09:11.428+0000] {logging_mixin.py:188} INFO - [2026-06-12T11:09:11.428+0000] {dag.py:3036} INFO - Sync 1 DAGs
[2026-06-12T11:09:11.446+0000] {logging_mixin.py:188} INFO - [2026-06-12T11:09:11.446+0000] {dag.py:3823} INFO - Setting next_dagrun for example_complex to None, run_after=None
[2026-06-12T11:09:11.474+0000] {processor.py:183} INFO - Processing /home/airflow/.local/lib/python3.8/site-packages/airflow/example_dags/example_complex.py took 0.130 seconds
[2026-06-12T11:09:41.936+0000] {processor.py:161} INFO - Started process (PID=960) to work on /home/airflow/.local/lib/python3.8/site-packages/airflow/example_dags/example_complex.py
[2026-06-12T11:09:41.938+0000] {processor.py:830} INFO - Processing file /home/airflow/.local/lib/python3.8/site-packages/airflow/example_dags/example_complex.py for tasks to queue
[2026-06-12T11:09:41.940+0000] {logging_mixin.py:188} INFO - [2026-06-12T11:09:41.939+0000] {dagbag.py:538} INFO - Filling up the DagBag from /home/airflow/.local/lib/python3.8/site-packages/airflow/example_dags/example_complex.py
[2026-06-12T11:09:41.965+0000] {processor.py:840} INFO - DAG(s) 'example_complex' retrieved from /home/airflow/.local/lib/python3.8/site-packages/airflow/example_dags/example_complex.py
[2026-06-12T11:09:42.030+0000] {logging_mixin.py:188} INFO - [2026-06-12T11:09:42.029+0000] {dag.py:3036} INFO - Sync 1 DAGs
[2026-06-12T11:09:42.051+0000] {logging_mixin.py:188} INFO - [2026-06-12T11:09:42.051+0000] {dag.py:3823} INFO - Setting next_dagrun for example_complex to None, run_after=None
[2026-06-12T11:09:42.082+0000] {processor.py:183} INFO - Processing /home/airflow/.local/lib/python3.8/site-packages/airflow/example_dags/example_complex.py took 0.150 seconds
[2026-06-12T11:10:12.490+0000] {processor.py:161} INFO - Started process (PID=1027) to work on /home/airflow/.local/lib/python3.8/site-packages/airflow/example_dags/example_complex.py
[2026-06-12T11:10:12.492+0000] {processor.py:830} INFO - Processing file /home/airflow/.local/lib/python3.8/site-packages/airflow/example_dags/example_complex.py for tasks to queue
[2026-06-12T11:10:12.495+0000] {logging_mixin.py:188} INFO - [2026-06-12T11:10:12.495+0000] {dagbag.py:538} INFO - Filling up the DagBag from /home/airflow/.local/lib/python3.8/site-packages/airflow/example_dags/example_complex.py
[2026-06-12T11:10:12.515+0000] {processor.py:840} INFO - DAG(s) 'example_complex' retrieved from /home/airflow/.local/lib/python3.8/site-packages/airflow/example_dags/example_complex.py
[2026-06-12T11:10:12.574+0000] {logging_mixin.py:188} INFO - [2026-06-12T11:10:12.574+0000] {dag.py:3036} INFO - Sync 1 DAGs
[2026-06-12T11:10:12.594+0000] {logging_mixin.py:188} INFO - [2026-06-12T11:10:12.594+0000] {dag.py:3823} INFO - Setting next_dagrun for example_complex to None, run_after=None
[2026-06-12T11:10:12.627+0000] {processor.py:183} INFO - Processing /home/airflow/.local/lib/python3.8/site-packages/airflow/example_dags/example_complex.py took 0.143 seconds
[2026-06-12T11:10:42.683+0000] {processor.py:161} INFO - Started process (PID=1092) to work on /home/airflow/.local/lib/python3.8/site-packages/airflow/example_dags/example_complex.py
[2026-06-12T11:10:42.685+0000] {processor.py:830} INFO - Processing file /home/airflow/.local/lib/python3.8/site-packages/airflow/example_dags/example_complex.py for tasks to queue
[2026-06-12T11:10:42.687+0000] {logging_mixin.py:188} INFO - [2026-06-12T11:10:42.687+0000] {dagbag.py:538} INFO - Filling up the DagBag from /home/airflow/.local/lib/python3.8/site-packages/airflow/example_dags/example_complex.py
[2026-06-12T11:10:42.707+0000] {processor.py:840} INFO - DAG(s) 'example_complex' retrieved from /home/airflow/.local/lib/python3.8/site-packages/airflow/example_dags/example_complex.py
[2026-06-12T11:10:42.764+0000] {logging_mixin.py:188} INFO - [2026-06-12T11:10:42.764+0000] {dag.py:3036} INFO - Sync 1 DAGs
[2026-06-12T11:10:42.789+0000] {logging_mixin.py:188} INFO - [2026-06-12T11:10:42.788+0000] {dag.py:3823} INFO - Setting next_dagrun for example_complex to None, run_after=None
[2026-06-12T11:10:42.820+0000] {processor.py:183} INFO - Processing /home/airflow/.local/lib/python3.8/site-packages/airflow/example_dags/example_complex.py took 0.141 seconds
[2026-06-12T11:11:13.070+0000] {processor.py:161} INFO - Started process (PID=1158) to work on /home/airflow/.local/lib/python3.8/site-packages/airflow/example_dags/example_complex.py
[2026-06-12T11:11:13.072+0000] {processor.py:830} INFO - Processing file /home/airflow/.local/lib/python3.8/site-packages/airflow/example_dags/example_complex.py for tasks to queue
[2026-06-12T11:11:13.075+0000] {logging_mixin.py:188} INFO - [2026-06-12T11:11:13.075+0000] {dagbag.py:538} INFO - Filling up the DagBag from /home/airflow/.local/lib/python3.8/site-packages/airflow/example_dags/example_complex.py
[2026-06-12T11:11:13.098+0000] {processor.py:840} INFO - DAG(s) 'example_complex' retrieved from /home/airflow/.local/lib/python3.8/site-packages/airflow/example_dags/example_complex.py
[2026-06-12T11:11:13.164+0000] {logging_mixin.py:188} INFO - [2026-06-12T11:11:13.164+0000] {dag.py:3036} INFO - Sync 1 DAGs
[2026-06-12T11:11:13.187+0000] {logging_mixin.py:188} INFO - [2026-06-12T11:11:13.186+0000] {dag.py:3823} INFO - Setting next_dagrun for example_complex to None, run_after=None
[2026-06-12T11:11:13.218+0000] {processor.py:183} INFO - Processing /home/airflow/.local/lib/python3.8/site-packages/airflow/example_dags/example_complex.py took 0.153 seconds
[2026-06-12T11:11:43.658+0000] {processor.py:161} INFO - Started process (PID=1225) to work on /home/airflow/.local/lib/python3.8/site-packages/airflow/example_dags/example_complex.py
[2026-06-12T11:11:43.660+0000] {processor.py:830} INFO - Processing file /home/airflow/.local/lib/python3.8/site-packages/airflow/example_dags/example_complex.py for tasks to queue
[2026-06-12T11:11:43.663+0000] {logging_mixin.py:188} INFO - [2026-06-12T11:11:43.662+0000] {dagbag.py:538} INFO - Filling up the DagBag from /home/airflow/.local/lib/python3.8/site-packages/airflow/example_dags/example_complex.py
[2026-06-12T11:11:43.681+0000] {processor.py:840} INFO - DAG(s) 'example_complex' retrieved from /home/airflow/.local/lib/python3.8/site-packages/airflow/example_dags/example_complex.py
[2026-06-12T11:11:43.738+0000] {logging_mixin.py:188} INFO - [2026-06-12T11:11:43.738+0000] {dag.py:3036} INFO - Sync 1 DAGs
[2026-06-12T11:11:43.757+0000] {logging_mixin.py:188} INFO - [2026-06-12T11:11:43.757+0000] {dag.py:3823} INFO - Setting next_dagrun for example_complex to None, run_after=None
[2026-06-12T11:11:43.789+0000] {processor.py:183} INFO - Processing /home/airflow/.local/lib/python3.8/site-packages/airflow/example_dags/example_complex.py took 0.135 seconds
[2026-06-12T11:12:14.060+0000] {processor.py:161} INFO - Started process (PID=1291) to work on /home/airflow/.local/lib/python3.8/site-packages/airflow/example_dags/example_complex.py
[2026-06-12T11:12:14.062+0000] {processor.py:830} INFO - Processing file /home/airflow/.local/lib/python3.8/site-packages/airflow/example_dags/example_complex.py for tasks to queue
[2026-06-12T11:12:14.065+0000] {logging_mixin.py:188} INFO - [2026-06-12T11:12:14.064+0000] {dagbag.py:538} INFO - Filling up the DagBag from /home/airflow/.local/lib/python3.8/site-packages/airflow/example_dags/example_complex.py
[2026-06-12T11:12:14.088+0000] {processor.py:840} INFO - DAG(s) 'example_complex' retrieved from /home/airflow/.local/lib/python3.8/site-packages/airflow/example_dags/example_complex.py
[2026-06-12T11:12:14.157+0000] {logging_mixin.py:188} INFO - [2026-06-12T11:12:14.157+0000] {dag.py:3036} INFO - Sync 1 DAGs
[2026-06-12T11:12:14.183+0000] {logging_mixin.py:188} INFO - [2026-06-12T11:12:14.182+0000] {dag.py:3823} INFO - Setting next_dagrun for example_complex to None, run_after=None
[2026-06-12T11:12:14.215+0000] {processor.py:183} INFO - Processing /home/airflow/.local/lib/python3.8/site-packages/airflow/example_dags/example_complex.py took 0.160 seconds
[2026-06-12T11:12:44.259+0000] {processor.py:161} INFO - Started process (PID=1358) to work on /home/airflow/.local/lib/python3.8/site-packages/airflow/example_dags/example_complex.py
[2026-06-12T11:12:44.260+0000] {processor.py:830} INFO - Processing file /home/airflow/.local/lib/python3.8/site-packages/airflow/example_dags/example_complex.py for tasks to queue
[2026-06-12T11:12:44.262+0000] {logging_mixin.py:188} INFO - [2026-06-12T11:12:44.262+0000] {dagbag.py:538} INFO - Filling up the DagBag from /home/airflow/.local/lib/python3.8/site-packages/airflow/example_dags/example_complex.py
[2026-06-12T11:12:44.281+0000] {processor.py:840} INFO - DAG(s) 'example_complex' retrieved from /home/airflow/.local/lib/python3.8/site-packages/airflow/example_dags/example_complex.py
[2026-06-12T11:12:44.338+0000] {logging_mixin.py:188} INFO - [2026-06-12T11:12:44.338+0000] {dag.py:3036} INFO - Sync 1 DAGs
[2026-06-12T11:12:44.358+0000] {logging_mixin.py:188} INFO - [2026-06-12T11:12:44.358+0000] {dag.py:3823} INFO - Setting next_dagrun for example_complex to None, run_after=None
[2026-06-12T11:12:44.390+0000] {processor.py:183} INFO - Processing /home/airflow/.local/lib/python3.8/site-packages/airflow/example_dags/example_complex.py took 0.136 seconds
[2026-06-12T11:13:14.665+0000] {processor.py:161} INFO - Started process (PID=1424) to work on /home/airflow/.local/lib/python3.8/site-packages/airflow/example_dags/example_complex.py
[2026-06-12T11:13:14.667+0000] {processor.py:830} INFO - Processing file /home/airflow/.local/lib/python3.8/site-packages/airflow/example_dags/example_complex.py for tasks to queue
[2026-06-12T11:13:14.670+0000] {logging_mixin.py:188} INFO - [2026-06-12T11:13:14.670+0000] {dagbag.py:538} INFO - Filling up the DagBag from /home/airflow/.local/lib/python3.8/site-packages/airflow/example_dags/example_complex.py
[2026-06-12T11:13:14.690+0000] {processor.py:840} INFO - DAG(s) 'example_complex' retrieved from /home/airflow/.local/lib/python3.8/site-packages/airflow/example_dags/example_complex.py
[2026-06-12T11:13:14.752+0000] {logging_mixin.py:188} INFO - [2026-06-12T11:13:14.751+0000] {dag.py:3036} INFO - Sync 1 DAGs
[2026-06-12T11:13:14.776+0000] {logging_mixin.py:188} INFO - [2026-06-12T11:13:14.776+0000] {dag.py:3823} INFO - Setting next_dagrun for example_complex to None, run_after=None
[2026-06-12T11:13:14.810+0000] {processor.py:183} INFO - Processing /home/airflow/.local/lib/python3.8/site-packages/airflow/example_dags/example_complex.py took 0.150 seconds
[2026-06-12T11:13:45.314+0000] {processor.py:161} INFO - Started process (PID=1490) to work on /home/airflow/.local/lib/python3.8/site-packages/airflow/example_dags/example_complex.py
[2026-06-12T11:13:45.315+0000] {processor.py:830} INFO - Processing file /home/airflow/.local/lib/python3.8/site-packages/airflow/example_dags/example_complex.py for tasks to queue
[2026-06-12T11:13:45.318+0000] {logging_mixin.py:188} INFO - [2026-06-12T11:13:45.317+0000] {dagbag.py:538} INFO - Filling up the DagBag from /home/airflow/.local/lib/python3.8/site-packages/airflow/example_dags/example_complex.py
[2026-06-12T11:13:45.337+0000] {processor.py:840} INFO - DAG(s) 'example_complex' retrieved from /home/airflow/.local/lib/python3.8/site-packages/airflow/example_dags/example_complex.py
[2026-06-12T11:13:45.397+0000] {logging_mixin.py:188} INFO - [2026-06-12T11:13:45.396+0000] {dag.py:3036} INFO - Sync 1 DAGs
[2026-06-12T11:13:45.418+0000] {logging_mixin.py:188} INFO - [2026-06-12T11:13:45.418+0000] {dag.py:3823} INFO - Setting next_dagrun for example_complex to None, run_after=None
[2026-06-12T11:13:45.450+0000] {processor.py:183} INFO - Processing /home/airflow/.local/lib/python3.8/site-packages/airflow/example_dags/example_complex.py took 0.141 seconds
[2026-06-12T11:14:15.489+0000] {processor.py:161} INFO - Started process (PID=1564) to work on /home/airflow/.local/lib/python3.8/site-packages/airflow/example_dags/example_complex.py
[2026-06-12T11:14:15.491+0000] {processor.py:830} INFO - Processing file /home/airflow/.local/lib/python3.8/site-packages/airflow/example_dags/example_complex.py for tasks to queue
[2026-06-12T11:14:15.494+0000] {logging_mixin.py:188} INFO - [2026-06-12T11:14:15.494+0000] {dagbag.py:538} INFO - Filling up the DagBag from /home/airflow/.local/lib/python3.8/site-packages/airflow/example_dags/example_complex.py
[2026-06-12T11:14:15.517+0000] {processor.py:840} INFO - DAG(s) 'example_complex' retrieved from /home/airflow/.local/lib/python3.8/site-packages/airflow/example_dags/example_complex.py
[2026-06-12T11:14:15.577+0000] {logging_mixin.py:188} INFO - [2026-06-12T11:14:15.577+0000] {dag.py:3036} INFO - Sync 1 DAGs
[2026-06-12T11:14:15.595+0000] {logging_mixin.py:188} INFO - [2026-06-12T11:14:15.595+0000] {dag.py:3823} INFO - Setting next_dagrun for example_complex to None, run_after=None
[2026-06-12T11:14:15.622+0000] {processor.py:183} INFO - Processing /home/airflow/.local/lib/python3.8/site-packages/airflow/example_dags/example_complex.py took 0.138 seconds
[2026-06-12T11:14:46.173+0000] {processor.py:161} INFO - Started process (PID=1631) to work on /home/airflow/.local/lib/python3.8/site-packages/airflow/example_dags/example_complex.py
[2026-06-12T11:14:46.175+0000] {processor.py:830} INFO - Processing file /home/airflow/.local/lib/python3.8/site-packages/airflow/example_dags/example_complex.py for tasks to queue
[2026-06-12T11:14:46.178+0000] {logging_mixin.py:188} INFO - [2026-06-12T11:14:46.177+0000] {dagbag.py:538} INFO - Filling up the DagBag from /home/airflow/.local/lib/python3.8/site-packages/airflow/example_dags/example_complex.py
[2026-06-12T11:14:46.204+0000] {processor.py:840} INFO - DAG(s) 'example_complex' retrieved from /home/airflow/.local/lib/python3.8/site-packages/airflow/example_dags/example_complex.py
[2026-06-12T11:14:46.271+0000] {logging_mixin.py:188} INFO - [2026-06-12T11:14:46.271+0000] {dag.py:3036} INFO - Sync 1 DAGs
[2026-06-12T11:14:46.296+0000] {logging_mixin.py:188} INFO - [2026-06-12T11:14:46.296+0000] {dag.py:3823} INFO - Setting next_dagrun for example_complex to None, run_after=None
[2026-06-12T11:14:46.330+0000] {processor.py:183} INFO - Processing /home/airflow/.local/lib/python3.8/site-packages/airflow/example_dags/example_complex.py took 0.164 seconds
[2026-06-12T11:15:16.588+0000] {processor.py:161} INFO - Started process (PID=1697) to work on /home/airflow/.local/lib/python3.8/site-packages/airflow/example_dags/example_complex.py
[2026-06-12T11:15:16.590+0000] {processor.py:830} INFO - Processing file /home/airflow/.local/lib/python3.8/site-packages/airflow/example_dags/example_complex.py for tasks to queue
[2026-06-12T11:15:16.593+0000] {logging_mixin.py:188} INFO - [2026-06-12T11:15:16.592+0000] {dagbag.py:538} INFO - Filling up the DagBag from /home/airflow/.local/lib/python3.8/site-packages/airflow/example_dags/example_complex.py
[2026-06-12T11:15:16.615+0000] {processor.py:840} INFO - DAG(s) 'example_complex' retrieved from /home/airflow/.local/lib/python3.8/site-packages/airflow/example_dags/example_complex.py
[2026-06-12T11:15:16.682+0000] {logging_mixin.py:188} INFO - [2026-06-12T11:15:16.682+0000] {dag.py:3036} INFO - Sync 1 DAGs
[2026-06-12T11:15:16.708+0000] {logging_mixin.py:188} INFO - [2026-06-12T11:15:16.707+0000] {dag.py:3823} INFO - Setting next_dagrun for example_complex to None, run_after=None
[2026-06-12T11:15:16.741+0000] {processor.py:183} INFO - Processing /home/airflow/.local/lib/python3.8/site-packages/airflow/example_dags/example_complex.py took 0.158 seconds
[2026-06-12T11:15:47.017+0000] {processor.py:161} INFO - Started process (PID=1763) to work on /home/airflow/.local/lib/python3.8/site-packages/airflow/example_dags/example_complex.py
[2026-06-12T11:15:47.019+0000] {processor.py:830} INFO - Processing file /home/airflow/.local/lib/python3.8/site-packages/airflow/example_dags/example_complex.py for tasks to queue
[2026-06-12T11:15:47.023+0000] {logging_mixin.py:188} INFO - [2026-06-12T11:15:47.022+0000] {dagbag.py:538} INFO - Filling up the DagBag from /home/airflow/.local/lib/python3.8/site-packages/airflow/example_dags/example_complex.py
[2026-06-12T11:15:47.048+0000] {processor.py:840} INFO - DAG(s) 'example_complex' retrieved from /home/airflow/.local/lib/python3.8/site-packages/airflow/example_dags/example_complex.py
[2026-06-12T11:15:47.118+0000] {logging_mixin.py:188} INFO - [2026-06-12T11:15:47.117+0000] {dag.py:3036} INFO - Sync 1 DAGs
[2026-06-12T11:15:47.142+0000] {logging_mixin.py:188} INFO - [2026-06-12T11:15:47.142+0000] {dag.py:3823} INFO - Setting next_dagrun for example_complex to None, run_after=None
[2026-06-12T11:15:47.177+0000] {processor.py:183} INFO - Processing /home/airflow/.local/lib/python3.8/site-packages/airflow/example_dags/example_complex.py took 0.165 seconds
[2026-06-12T11:16:17.539+0000] {processor.py:161} INFO - Started process (PID=1828) to work on /home/airflow/.local/lib/python3.8/site-packages/airflow/example_dags/example_complex.py
[2026-06-12T11:16:17.542+0000] {processor.py:830} INFO - Processing file /home/airflow/.local/lib/python3.8/site-packages/airflow/example_dags/example_complex.py for tasks to queue
[2026-06-12T11:16:17.545+0000] {logging_mixin.py:188} INFO - [2026-06-12T11:16:17.545+0000] {dagbag.py:538} INFO - Filling up the DagBag from /home/airflow/.local/lib/python3.8/site-packages/airflow/example_dags/example_complex.py
[2026-06-12T11:16:17.572+0000] {processor.py:840} INFO - DAG(s) 'example_complex' retrieved from /home/airflow/.local/lib/python3.8/site-packages/airflow/example_dags/example_complex.py
[2026-06-12T11:16:17.644+0000] {logging_mixin.py:188} INFO - [2026-06-12T11:16:17.644+0000] {dag.py:3036} INFO - Sync 1 DAGs
[2026-06-12T11:16:17.664+0000] {logging_mixin.py:188} INFO - [2026-06-12T11:16:17.664+0000] {dag.py:3823} INFO - Setting next_dagrun for example_complex to None, run_after=None
[2026-06-12T11:16:17.693+0000] {processor.py:183} INFO - Processing /home/airflow/.local/lib/python3.8/site-packages/airflow/example_dags/example_complex.py took 0.160 seconds
[2026-06-12T11:16:47.961+0000] {processor.py:161} INFO - Started process (PID=1894) to work on /home/airflow/.local/lib/python3.8/site-packages/airflow/example_dags/example_complex.py
[2026-06-12T11:16:47.963+0000] {processor.py:830} INFO - Processing file /home/airflow/.local/lib/python3.8/site-packages/airflow/example_dags/example_complex.py for tasks to queue
[2026-06-12T11:16:47.966+0000] {logging_mixin.py:188} INFO - [2026-06-12T11:16:47.965+0000] {dagbag.py:538} INFO - Filling up the DagBag from /home/airflow/.local/lib/python3.8/site-packages/airflow/example_dags/example_complex.py
[2026-06-12T11:16:47.985+0000] {processor.py:840} INFO - DAG(s) 'example_complex' retrieved from /home/airflow/.local/lib/python3.8/site-packages/airflow/example_dags/example_complex.py
[2026-06-12T11:16:48.046+0000] {logging_mixin.py:188} INFO - [2026-06-12T11:16:48.045+0000] {dag.py:3036} INFO - Sync 1 DAGs
[2026-06-12T11:16:48.065+0000] {logging_mixin.py:188} INFO - [2026-06-12T11:16:48.065+0000] {dag.py:3823} INFO - Setting next_dagrun for example_complex to None, run_after=None
[2026-06-12T11:16:48.097+0000] {processor.py:183} INFO - Processing /home/airflow/.local/lib/python3.8/site-packages/airflow/example_dags/example_complex.py took 0.140 seconds
[2026-06-12T11:17:18.523+0000] {processor.py:161} INFO - Started process (PID=1959) to work on /home/airflow/.local/lib/python3.8/site-packages/airflow/example_dags/example_complex.py
[2026-06-12T11:17:18.525+0000] {processor.py:830} INFO - Processing file /home/airflow/.local/lib/python3.8/site-packages/airflow/example_dags/example_complex.py for tasks to queue
[2026-06-12T11:17:18.527+0000] {logging_mixin.py:188} INFO - [2026-06-12T11:17:18.527+0000] {dagbag.py:538} INFO - Filling up the DagBag from /home/airflow/.local/lib/python3.8/site-packages/airflow/example_dags/example_complex.py
[2026-06-12T11:17:18.546+0000] {processor.py:840} INFO - DAG(s) 'example_complex' retrieved from /home/airflow/.local/lib/python3.8/site-packages/airflow/example_dags/example_complex.py
[2026-06-12T11:17:18.602+0000] {logging_mixin.py:188} INFO - [2026-06-12T11:17:18.602+0000] {dag.py:3036} INFO - Sync 1 DAGs
[2026-06-12T11:17:18.626+0000] {logging_mixin.py:188} INFO - [2026-06-12T11:17:18.625+0000] {dag.py:3823} INFO - Setting next_dagrun for example_complex to None, run_after=None
[2026-06-12T11:17:18.656+0000] {processor.py:183} INFO - Processing /home/airflow/.local/lib/python3.8/site-packages/airflow/example_dags/example_complex.py took 0.138 seconds
[2026-06-12T11:17:48.922+0000] {processor.py:161} INFO - Started process (PID=2025) to work on /home/airflow/.local/lib/python3.8/site-packages/airflow/example_dags/example_complex.py
[2026-06-12T11:17:48.924+0000] {processor.py:830} INFO - Processing file /home/airflow/.local/lib/python3.8/site-packages/airflow/example_dags/example_complex.py for tasks to queue
[2026-06-12T11:17:48.926+0000] {logging_mixin.py:188} INFO - [2026-06-12T11:17:48.926+0000] {dagbag.py:538} INFO - Filling up the DagBag from /home/airflow/.local/lib/python3.8/site-packages/airflow/example_dags/example_complex.py
[2026-06-12T11:17:48.945+0000] {processor.py:840} INFO - DAG(s) 'example_complex' retrieved from /home/airflow/.local/lib/python3.8/site-packages/airflow/example_dags/example_complex.py
[2026-06-12T11:17:48.999+0000] {logging_mixin.py:188} INFO - [2026-06-12T11:17:48.998+0000] {dag.py:3036} INFO - Sync 1 DAGs
[2026-06-12T11:17:49.017+0000] {logging_mixin.py:188} INFO - [2026-06-12T11:17:49.017+0000] {dag.py:3823} INFO - Setting next_dagrun for example_complex to None, run_after=None
[2026-06-12T11:17:49.045+0000] {processor.py:183} INFO - Processing /home/airflow/.local/lib/python3.8/site-packages/airflow/example_dags/example_complex.py took 0.127 seconds
[2026-06-12T11:18:19.191+0000] {processor.py:161} INFO - Started process (PID=2091) to work on /home/airflow/.local/lib/python3.8/site-packages/airflow/example_dags/example_complex.py
[2026-06-12T11:18:19.193+0000] {processor.py:830} INFO - Processing file /home/airflow/.local/lib/python3.8/site-packages/airflow/example_dags/example_complex.py for tasks to queue
[2026-06-12T11:18:19.196+0000] {logging_mixin.py:188} INFO - [2026-06-12T11:18:19.195+0000] {dagbag.py:538} INFO - Filling up the DagBag from /home/airflow/.local/lib/python3.8/site-packages/airflow/example_dags/example_complex.py
[2026-06-12T11:18:19.214+0000] {processor.py:840} INFO - DAG(s) 'example_complex' retrieved from /home/airflow/.local/lib/python3.8/site-packages/airflow/example_dags/example_complex.py
[2026-06-12T11:18:19.268+0000] {logging_mixin.py:188} INFO - [2026-06-12T11:18:19.267+0000] {dag.py:3036} INFO - Sync 1 DAGs
[2026-06-12T11:18:19.287+0000] {logging_mixin.py:188} INFO - [2026-06-12T11:18:19.286+0000] {dag.py:3823} INFO - Setting next_dagrun for example_complex to None, run_after=None
[2026-06-12T11:18:19.320+0000] {processor.py:183} INFO - Processing /home/airflow/.local/lib/python3.8/site-packages/airflow/example_dags/example_complex.py took 0.134 seconds
[2026-06-12T11:18:49.492+0000] {processor.py:161} INFO - Started process (PID=2157) to work on /home/airflow/.local/lib/python3.8/site-packages/airflow/example_dags/example_complex.py
[2026-06-12T11:18:49.494+0000] {processor.py:830} INFO - Processing file /home/airflow/.local/lib/python3.8/site-packages/airflow/example_dags/example_complex.py for tasks to queue
[2026-06-12T11:18:49.497+0000] {logging_mixin.py:188} INFO - [2026-06-12T11:18:49.496+0000] {dagbag.py:538} INFO - Filling up the DagBag from /home/airflow/.local/lib/python3.8/site-packages/airflow/example_dags/example_complex.py
[2026-06-12T11:18:49.520+0000] {processor.py:840} INFO - DAG(s) 'example_complex' retrieved from /home/airflow/.local/lib/python3.8/site-packages/airflow/example_dags/example_complex.py
[2026-06-12T11:18:49.580+0000] {logging_mixin.py:188} INFO - [2026-06-12T11:18:49.580+0000] {dag.py:3036} INFO - Sync 1 DAGs
[2026-06-12T11:18:49.604+0000] {logging_mixin.py:188} INFO - [2026-06-12T11:18:49.604+0000] {dag.py:3823} INFO - Setting next_dagrun for example_complex to None, run_after=None
[2026-06-12T11:18:49.639+0000] {processor.py:183} INFO - Processing /home/airflow/.local/lib/python3.8/site-packages/airflow/example_dags/example_complex.py took 0.153 seconds
[2026-06-12T11:19:20.068+0000] {processor.py:161} INFO - Started process (PID=2223) to work on /home/airflow/.local/lib/python3.8/site-packages/airflow/example_dags/example_complex.py
[2026-06-12T11:19:20.069+0000] {processor.py:830} INFO - Processing file /home/airflow/.local/lib/python3.8/site-packages/airflow/example_dags/example_complex.py for tasks to queue
[2026-06-12T11:19:20.071+0000] {logging_mixin.py:188} INFO - [2026-06-12T11:19:20.071+0000] {dagbag.py:538} INFO - Filling up the DagBag from /home/airflow/.local/lib/python3.8/site-packages/airflow/example_dags/example_complex.py
[2026-06-12T11:19:20.091+0000] {processor.py:840} INFO - DAG(s) 'example_complex' retrieved from /home/airflow/.local/lib/python3.8/site-packages/airflow/example_dags/example_complex.py
[2026-06-12T11:19:20.149+0000] {logging_mixin.py:188} INFO - [2026-06-12T11:19:20.148+0000] {dag.py:3036} INFO - Sync 1 DAGs
[2026-06-12T11:19:20.172+0000] {logging_mixin.py:188} INFO - [2026-06-12T11:19:20.171+0000] {dag.py:3823} INFO - Setting next_dagrun for example_complex to None, run_after=None
[2026-06-12T11:19:20.204+0000] {processor.py:183} INFO - Processing /home/airflow/.local/lib/python3.8/site-packages/airflow/example_dags/example_complex.py took 0.142 seconds
[2026-06-12T11:19:50.316+0000] {processor.py:161} INFO - Started process (PID=2297) to work on /home/airflow/.local/lib/python3.8/site-packages/airflow/example_dags/example_complex.py
[2026-06-12T11:19:50.318+0000] {processor.py:830} INFO - Processing file /home/airflow/.local/lib/python3.8/site-packages/airflow/example_dags/example_complex.py for tasks to queue
[2026-06-12T11:19:50.321+0000] {logging_mixin.py:188} INFO - [2026-06-12T11:19:50.320+0000] {dagbag.py:538} INFO - Filling up the DagBag from /home/airflow/.local/lib/python3.8/site-packages/airflow/example_dags/example_complex.py
[2026-06-12T11:19:50.342+0000] {processor.py:840} INFO - DAG(s) 'example_complex' retrieved from /home/airflow/.local/lib/python3.8/site-packages/airflow/example_dags/example_complex.py
[2026-06-12T11:19:50.403+0000] {logging_mixin.py:188} INFO - [2026-06-12T11:19:50.403+0000] {dag.py:3036} INFO - Sync 1 DAGs
[2026-06-12T11:19:50.426+0000] {logging_mixin.py:188} INFO - [2026-06-12T11:19:50.425+0000] {dag.py:3823} INFO - Setting next_dagrun for example_complex to None, run_after=None
[2026-06-12T11:19:50.459+0000] {processor.py:183} INFO - Processing /home/airflow/.local/lib/python3.8/site-packages/airflow/example_dags/example_complex.py took 0.149 seconds
[2026-06-12T11:20:20.742+0000] {processor.py:161} INFO - Started process (PID=2363) to work on /home/airflow/.local/lib/python3.8/site-packages/airflow/example_dags/example_complex.py
[2026-06-12T11:20:20.744+0000] {processor.py:830} INFO - Processing file /home/airflow/.local/lib/python3.8/site-packages/airflow/example_dags/example_complex.py for tasks to queue
[2026-06-12T11:20:20.746+0000] {logging_mixin.py:188} INFO - [2026-06-12T11:20:20.746+0000] {dagbag.py:538} INFO - Filling up the DagBag from /home/airflow/.local/lib/python3.8/site-packages/airflow/example_dags/example_complex.py
[2026-06-12T11:20:20.768+0000] {processor.py:840} INFO - DAG(s) 'example_complex' retrieved from /home/airflow/.local/lib/python3.8/site-packages/airflow/example_dags/example_complex.py
[2026-06-12T11:20:20.832+0000] {logging_mixin.py:188} INFO - [2026-06-12T11:20:20.832+0000] {dag.py:3036} INFO - Sync 1 DAGs
[2026-06-12T11:20:20.854+0000] {logging_mixin.py:188} INFO - [2026-06-12T11:20:20.854+0000] {dag.py:3823} INFO - Setting next_dagrun for example_complex to None, run_after=None
[2026-06-12T11:20:20.887+0000] {processor.py:183} INFO - Processing /home/airflow/.local/lib/python3.8/site-packages/airflow/example_dags/example_complex.py took 0.150 seconds
[2026-06-12T11:20:51.108+0000] {processor.py:161} INFO - Started process (PID=2429) to work on /home/airflow/.local/lib/python3.8/site-packages/airflow/example_dags/example_complex.py
[2026-06-12T11:20:51.109+0000] {processor.py:830} INFO - Processing file /home/airflow/.local/lib/python3.8/site-packages/airflow/example_dags/example_complex.py for tasks to queue
[2026-06-12T11:20:51.112+0000] {logging_mixin.py:188} INFO - [2026-06-12T11:20:51.112+0000] {dagbag.py:538} INFO - Filling up the DagBag from /home/airflow/.local/lib/python3.8/site-packages/airflow/example_dags/example_complex.py
[2026-06-12T11:20:51.136+0000] {processor.py:840} INFO - DAG(s) 'example_complex' retrieved from /home/airflow/.local/lib/python3.8/site-packages/airflow/example_dags/example_complex.py
[2026-06-12T11:20:51.209+0000] {logging_mixin.py:188} INFO - [2026-06-12T11:20:51.209+0000] {dag.py:3036} INFO - Sync 1 DAGs
[2026-06-12T11:20:51.236+0000] {logging_mixin.py:188} INFO - [2026-06-12T11:20:51.236+0000] {dag.py:3823} INFO - Setting next_dagrun for example_complex to None, run_after=None
[2026-06-12T11:20:51.275+0000] {processor.py:183} INFO - Processing /home/airflow/.local/lib/python3.8/site-packages/airflow/example_dags/example_complex.py took 0.172 seconds
[2026-06-12T11:21:21.490+0000] {processor.py:161} INFO - Started process (PID=2495) to work on /home/airflow/.local/lib/python3.8/site-packages/airflow/example_dags/example_complex.py
[2026-06-12T11:21:21.492+0000] {processor.py:830} INFO - Processing file /home/airflow/.local/lib/python3.8/site-packages/airflow/example_dags/example_complex.py for tasks to queue
[2026-06-12T11:21:21.495+0000] {logging_mixin.py:188} INFO - [2026-06-12T11:21:21.495+0000] {dagbag.py:538} INFO - Filling up the DagBag from /home/airflow/.local/lib/python3.8/site-packages/airflow/example_dags/example_complex.py
[2026-06-12T11:21:21.520+0000] {processor.py:840} INFO - DAG(s) 'example_complex' retrieved from /home/airflow/.local/lib/python3.8/site-packages/airflow/example_dags/example_complex.py
[2026-06-12T11:21:21.580+0000] {logging_mixin.py:188} INFO - [2026-06-12T11:21:21.580+0000] {dag.py:3036} INFO - Sync 1 DAGs
[2026-06-12T11:21:21.600+0000] {logging_mixin.py:188} INFO - [2026-06-12T11:21:21.599+0000] {dag.py:3823} INFO - Setting next_dagrun for example_complex to None, run_after=None
[2026-06-12T11:21:21.631+0000] {processor.py:183} INFO - Processing /home/airflow/.local/lib/python3.8/site-packages/airflow/example_dags/example_complex.py took 0.147 seconds
[2026-06-12T11:21:52.215+0000] {processor.py:161} INFO - Started process (PID=2561) to work on /home/airflow/.local/lib/python3.8/site-packages/airflow/example_dags/example_complex.py
[2026-06-12T11:21:52.217+0000] {processor.py:830} INFO - Processing file /home/airflow/.local/lib/python3.8/site-packages/airflow/example_dags/example_complex.py for tasks to queue
[2026-06-12T11:21:52.219+0000] {logging_mixin.py:188} INFO - [2026-06-12T11:21:52.219+0000] {dagbag.py:538} INFO - Filling up the DagBag from /home/airflow/.local/lib/python3.8/site-packages/airflow/example_dags/example_complex.py
[2026-06-12T11:21:52.239+0000] {processor.py:840} INFO - DAG(s) 'example_complex' retrieved from /home/airflow/.local/lib/python3.8/site-packages/airflow/example_dags/example_complex.py
[2026-06-12T11:21:52.305+0000] {logging_mixin.py:188} INFO - [2026-06-12T11:21:52.305+0000] {dag.py:3036} INFO - Sync 1 DAGs
[2026-06-12T11:21:52.330+0000] {logging_mixin.py:188} INFO - [2026-06-12T11:21:52.330+0000] {dag.py:3823} INFO - Setting next_dagrun for example_complex to None, run_after=None
[2026-06-12T11:21:52.365+0000] {processor.py:183} INFO - Processing /home/airflow/.local/lib/python3.8/site-packages/airflow/example_dags/example_complex.py took 0.155 seconds
[2026-06-12T11:22:23.047+0000] {processor.py:161} INFO - Started process (PID=2627) to work on /home/airflow/.local/lib/python3.8/site-packages/airflow/example_dags/example_complex.py
[2026-06-12T11:22:23.049+0000] {processor.py:830} INFO - Processing file /home/airflow/.local/lib/python3.8/site-packages/airflow/example_dags/example_complex.py for tasks to queue
[2026-06-12T11:22:23.051+0000] {logging_mixin.py:188} INFO - [2026-06-12T11:22:23.051+0000] {dagbag.py:538} INFO - Filling up the DagBag from /home/airflow/.local/lib/python3.8/site-packages/airflow/example_dags/example_complex.py
[2026-06-12T11:22:23.075+0000] {processor.py:840} INFO - DAG(s) 'example_complex' retrieved from /home/airflow/.local/lib/python3.8/site-packages/airflow/example_dags/example_complex.py
[2026-06-12T11:22:23.157+0000] {logging_mixin.py:188} INFO - [2026-06-12T11:22:23.156+0000] {dag.py:3036} INFO - Sync 1 DAGs
[2026-06-12T11:22:23.181+0000] {logging_mixin.py:188} INFO - [2026-06-12T11:22:23.181+0000] {dag.py:3823} INFO - Setting next_dagrun for example_complex to None, run_after=None
[2026-06-12T11:22:23.215+0000] {processor.py:183} INFO - Processing /home/airflow/.local/lib/python3.8/site-packages/airflow/example_dags/example_complex.py took 0.173 seconds
[2026-06-12T11:22:53.521+0000] {processor.py:161} INFO - Started process (PID=2693) to work on /home/airflow/.local/lib/python3.8/site-packages/airflow/example_dags/example_complex.py
[2026-06-12T11:22:53.522+0000] {processor.py:830} INFO - Processing file /home/airflow/.local/lib/python3.8/site-packages/airflow/example_dags/example_complex.py for tasks to queue
[2026-06-12T11:22:53.524+0000] {logging_mixin.py:188} INFO - [2026-06-12T11:22:53.524+0000] {dagbag.py:538} INFO - Filling up the DagBag from /home/airflow/.local/lib/python3.8/site-packages/airflow/example_dags/example_complex.py
[2026-06-12T11:22:53.542+0000] {processor.py:840} INFO - DAG(s) 'example_complex' retrieved from /home/airflow/.local/lib/python3.8/site-packages/airflow/example_dags/example_complex.py
[2026-06-12T11:22:53.608+0000] {logging_mixin.py:188} INFO - [2026-06-12T11:22:53.607+0000] {dag.py:3036} INFO - Sync 1 DAGs
[2026-06-12T11:22:53.630+0000] {logging_mixin.py:188} INFO - [2026-06-12T11:22:53.630+0000] {dag.py:3823} INFO - Setting next_dagrun for example_complex to None, run_after=None
[2026-06-12T11:22:53.660+0000] {processor.py:183} INFO - Processing /home/airflow/.local/lib/python3.8/site-packages/airflow/example_dags/example_complex.py took 0.144 seconds
[2026-06-12T11:23:24.487+0000] {processor.py:161} INFO - Started process (PID=2759) to work on /home/airflow/.local/lib/python3.8/site-packages/airflow/example_dags/example_complex.py
[2026-06-12T11:23:24.488+0000] {processor.py:830} INFO - Processing file /home/airflow/.local/lib/python3.8/site-packages/airflow/example_dags/example_complex.py for tasks to queue
[2026-06-12T11:23:24.491+0000] {logging_mixin.py:188} INFO - [2026-06-12T11:23:24.490+0000] {dagbag.py:538} INFO - Filling up the DagBag from /home/airflow/.local/lib/python3.8/site-packages/airflow/example_dags/example_complex.py
[2026-06-12T11:23:24.509+0000] {processor.py:840} INFO - DAG(s) 'example_complex' retrieved from /home/airflow/.local/lib/python3.8/site-packages/airflow/example_dags/example_complex.py
[2026-06-12T11:23:24.570+0000] {logging_mixin.py:188} INFO - [2026-06-12T11:23:24.569+0000] {dag.py:3036} INFO - Sync 1 DAGs
[2026-06-12T11:23:24.590+0000] {logging_mixin.py:188} INFO - [2026-06-12T11:23:24.590+0000] {dag.py:3823} INFO - Setting next_dagrun for example_complex to None, run_after=None
[2026-06-12T11:23:24.622+0000] {processor.py:183} INFO - Processing /home/airflow/.local/lib/python3.8/site-packages/airflow/example_dags/example_complex.py took 0.140 seconds
[2026-06-12T11:23:55.424+0000] {processor.py:161} INFO - Started process (PID=2832) to work on /home/airflow/.local/lib/python3.8/site-packages/airflow/example_dags/example_complex.py
[2026-06-12T11:23:55.426+0000] {processor.py:830} INFO - Processing file /home/airflow/.local/lib/python3.8/site-packages/airflow/example_dags/example_complex.py for tasks to queue
[2026-06-12T11:23:55.429+0000] {logging_mixin.py:188} INFO - [2026-06-12T11:23:55.428+0000] {dagbag.py:538} INFO - Filling up the DagBag from /home/airflow/.local/lib/python3.8/site-packages/airflow/example_dags/example_complex.py
[2026-06-12T11:23:55.454+0000] {processor.py:840} INFO - DAG(s) 'example_complex' retrieved from /home/airflow/.local/lib/python3.8/site-packages/airflow/example_dags/example_complex.py
[2026-06-12T11:23:55.524+0000] {logging_mixin.py:188} INFO - [2026-06-12T11:23:55.524+0000] {dag.py:3036} INFO - Sync 1 DAGs
[2026-06-12T11:23:55.547+0000] {logging_mixin.py:188} INFO - [2026-06-12T11:23:55.547+0000] {dag.py:3823} INFO - Setting next_dagrun for example_complex to None, run_after=None
[2026-06-12T11:23:55.582+0000] {processor.py:183} INFO - Processing /home/airflow/.local/lib/python3.8/site-packages/airflow/example_dags/example_complex.py took 0.164 seconds
[2026-06-12T11:24:25.955+0000] {processor.py:161} INFO - Started process (PID=2898) to work on /home/airflow/.local/lib/python3.8/site-packages/airflow/example_dags/example_complex.py
[2026-06-12T11:24:25.958+0000] {processor.py:830} INFO - Processing file /home/airflow/.local/lib/python3.8/site-packages/airflow/example_dags/example_complex.py for tasks to queue
[2026-06-12T11:24:25.961+0000] {logging_mixin.py:188} INFO - [2026-06-12T11:24:25.960+0000] {dagbag.py:538} INFO - Filling up the DagBag from /home/airflow/.local/lib/python3.8/site-packages/airflow/example_dags/example_complex.py
[2026-06-12T11:24:25.985+0000] {processor.py:840} INFO - DAG(s) 'example_complex' retrieved from /home/airflow/.local/lib/python3.8/site-packages/airflow/example_dags/example_complex.py
[2026-06-12T11:24:26.064+0000] {logging_mixin.py:188} INFO - [2026-06-12T11:24:26.064+0000] {dag.py:3036} INFO - Sync 1 DAGs
[2026-06-12T11:24:26.090+0000] {logging_mixin.py:188} INFO - [2026-06-12T11:24:26.090+0000] {dag.py:3823} INFO - Setting next_dagrun for example_complex to None, run_after=None
[2026-06-12T11:24:26.140+0000] {processor.py:183} INFO - Processing /home/airflow/.local/lib/python3.8/site-packages/airflow/example_dags/example_complex.py took 0.191 seconds
[2026-06-12T11:24:56.833+0000] {processor.py:161} INFO - Started process (PID=2964) to work on /home/airflow/.local/lib/python3.8/site-packages/airflow/example_dags/example_complex.py
[2026-06-12T11:24:56.834+0000] {processor.py:830} INFO - Processing file /home/airflow/.local/lib/python3.8/site-packages/airflow/example_dags/example_complex.py for tasks to queue
[2026-06-12T11:24:56.838+0000] {logging_mixin.py:188} INFO - [2026-06-12T11:24:56.837+0000] {dagbag.py:538} INFO - Filling up the DagBag from /home/airflow/.local/lib/python3.8/site-packages/airflow/example_dags/example_complex.py
[2026-06-12T11:24:56.892+0000] {processor.py:840} INFO - DAG(s) 'example_complex' retrieved from /home/airflow/.local/lib/python3.8/site-packages/airflow/example_dags/example_complex.py
[2026-06-12T11:24:56.965+0000] {logging_mixin.py:188} INFO - [2026-06-12T11:24:56.965+0000] {dag.py:3036} INFO - Sync 1 DAGs
[2026-06-12T11:24:56.991+0000] {logging_mixin.py:188} INFO - [2026-06-12T11:24:56.990+0000] {dag.py:3823} INFO - Setting next_dagrun for example_complex to None, run_after=None
[2026-06-12T11:24:57.023+0000] {processor.py:183} INFO - Processing /home/airflow/.local/lib/python3.8/site-packages/airflow/example_dags/example_complex.py took 0.196 seconds
[2026-06-12T11:25:28.868+0000] {processor.py:161} INFO - Started process (PID=3031) to work on /home/airflow/.local/lib/python3.8/site-packages/airflow/example_dags/example_complex.py
[2026-06-12T11:25:28.870+0000] {processor.py:830} INFO - Processing file /home/airflow/.local/lib/python3.8/site-packages/airflow/example_dags/example_complex.py for tasks to queue
[2026-06-12T11:25:28.872+0000] {logging_mixin.py:188} INFO - [2026-06-12T11:25:28.872+0000] {dagbag.py:538} INFO - Filling up the DagBag from /home/airflow/.local/lib/python3.8/site-packages/airflow/example_dags/example_complex.py
[2026-06-12T11:25:28.891+0000] {processor.py:840} INFO - DAG(s) 'example_complex' retrieved from /home/airflow/.local/lib/python3.8/site-packages/airflow/example_dags/example_complex.py
[2026-06-12T11:25:28.946+0000] {logging_mixin.py:188} INFO - [2026-06-12T11:25:28.946+0000] {dag.py:3036} INFO - Sync 1 DAGs
[2026-06-12T11:25:28.966+0000] {logging_mixin.py:188} INFO - [2026-06-12T11:25:28.966+0000] {dag.py:3823} INFO - Setting next_dagrun for example_complex to None, run_after=None
[2026-06-12T11:25:28.994+0000] {processor.py:183} INFO - Processing /home/airflow/.local/lib/python3.8/site-packages/airflow/example_dags/example_complex.py took 0.130 seconds
[2026-06-12T11:25:59.811+0000] {processor.py:161} INFO - Started process (PID=3094) to work on /home/airflow/.local/lib/python3.8/site-packages/airflow/example_dags/example_complex.py
[2026-06-12T11:25:59.813+0000] {processor.py:830} INFO - Processing file /home/airflow/.local/lib/python3.8/site-packages/airflow/example_dags/example_complex.py for tasks to queue
[2026-06-12T11:25:59.815+0000] {logging_mixin.py:188} INFO - [2026-06-12T11:25:59.815+0000] {dagbag.py:538} INFO - Filling up the DagBag from /home/airflow/.local/lib/python3.8/site-packages/airflow/example_dags/example_complex.py
[2026-06-12T11:25:59.834+0000] {processor.py:840} INFO - DAG(s) 'example_complex' retrieved from /home/airflow/.local/lib/python3.8/site-packages/airflow/example_dags/example_complex.py
[2026-06-12T11:25:59.890+0000] {logging_mixin.py:188} INFO - [2026-06-12T11:25:59.889+0000] {dag.py:3036} INFO - Sync 1 DAGs
[2026-06-12T11:26:00.104+0000] {logging_mixin.py:188} INFO - [2026-06-12T11:26:00.103+0000] {dag.py:3823} INFO - Setting next_dagrun for example_complex to None, run_after=None
[2026-06-12T11:26:00.140+0000] {processor.py:183} INFO - Processing /home/airflow/.local/lib/python3.8/site-packages/airflow/example_dags/example_complex.py took 0.333 seconds
[2026-06-12T11:26:30.693+0000] {processor.py:161} INFO - Started process (PID=3161) to work on /home/airflow/.local/lib/python3.8/site-packages/airflow/example_dags/example_complex.py
[2026-06-12T11:26:30.695+0000] {processor.py:830} INFO - Processing file /home/airflow/.local/lib/python3.8/site-packages/airflow/example_dags/example_complex.py for tasks to queue
[2026-06-12T11:26:30.697+0000] {logging_mixin.py:188} INFO - [2026-06-12T11:26:30.697+0000] {dagbag.py:538} INFO - Filling up the DagBag from /home/airflow/.local/lib/python3.8/site-packages/airflow/example_dags/example_complex.py
[2026-06-12T11:26:30.717+0000] {processor.py:840} INFO - DAG(s) 'example_complex' retrieved from /home/airflow/.local/lib/python3.8/site-packages/airflow/example_dags/example_complex.py
[2026-06-12T11:26:30.776+0000] {logging_mixin.py:188} INFO - [2026-06-12T11:26:30.775+0000] {dag.py:3036} INFO - Sync 1 DAGs
[2026-06-12T11:26:30.799+0000] {logging_mixin.py:188} INFO - [2026-06-12T11:26:30.799+0000] {dag.py:3823} INFO - Setting next_dagrun for example_complex to None, run_after=None
[2026-06-12T11:26:31.005+0000] {processor.py:183} INFO - Processing /home/airflow/.local/lib/python3.8/site-packages/airflow/example_dags/example_complex.py took 0.317 seconds
[2026-06-12T11:27:01.722+0000] {processor.py:161} INFO - Started process (PID=3228) to work on /home/airflow/.local/lib/python3.8/site-packages/airflow/example_dags/example_complex.py
[2026-06-12T11:27:01.724+0000] {processor.py:830} INFO - Processing file /home/airflow/.local/lib/python3.8/site-packages/airflow/example_dags/example_complex.py for tasks to queue
[2026-06-12T11:27:01.726+0000] {logging_mixin.py:188} INFO - [2026-06-12T11:27:01.726+0000] {dagbag.py:538} INFO - Filling up the DagBag from /home/airflow/.local/lib/python3.8/site-packages/airflow/example_dags/example_complex.py
[2026-06-12T11:27:01.749+0000] {processor.py:840} INFO - DAG(s) 'example_complex' retrieved from /home/airflow/.local/lib/python3.8/site-packages/airflow/example_dags/example_complex.py
[2026-06-12T11:27:01.808+0000] {logging_mixin.py:188} INFO - [2026-06-12T11:27:01.807+0000] {dag.py:3036} INFO - Sync 1 DAGs
[2026-06-12T11:27:01.829+0000] {logging_mixin.py:188} INFO - [2026-06-12T11:27:01.828+0000] {dag.py:3823} INFO - Setting next_dagrun for example_complex to None, run_after=None
[2026-06-12T11:27:01.863+0000] {processor.py:183} INFO - Processing /home/airflow/.local/lib/python3.8/site-packages/airflow/example_dags/example_complex.py took 0.146 seconds
[2026-06-12T11:27:32.524+0000] {processor.py:161} INFO - Started process (PID=3294) to work on /home/airflow/.local/lib/python3.8/site-packages/airflow/example_dags/example_complex.py
[2026-06-12T11:27:32.525+0000] {processor.py:830} INFO - Processing file /home/airflow/.local/lib/python3.8/site-packages/airflow/example_dags/example_complex.py for tasks to queue
[2026-06-12T11:27:32.528+0000] {logging_mixin.py:188} INFO - [2026-06-12T11:27:32.527+0000] {dagbag.py:538} INFO - Filling up the DagBag from /home/airflow/.local/lib/python3.8/site-packages/airflow/example_dags/example_complex.py
[2026-06-12T11:27:32.551+0000] {processor.py:840} INFO - DAG(s) 'example_complex' retrieved from /home/airflow/.local/lib/python3.8/site-packages/airflow/example_dags/example_complex.py
[2026-06-12T11:27:32.627+0000] {logging_mixin.py:188} INFO - [2026-06-12T11:27:32.626+0000] {dag.py:3036} INFO - Sync 1 DAGs
[2026-06-12T11:27:32.660+0000] {logging_mixin.py:188} INFO - [2026-06-12T11:27:32.660+0000] {dag.py:3823} INFO - Setting next_dagrun for example_complex to None, run_after=None
[2026-06-12T11:27:32.693+0000] {processor.py:183} INFO - Processing /home/airflow/.local/lib/python3.8/site-packages/airflow/example_dags/example_complex.py took 0.174 seconds
[2026-06-12T11:28:03.103+0000] {processor.py:161} INFO - Started process (PID=3367) to work on /home/airflow/.local/lib/python3.8/site-packages/airflow/example_dags/example_complex.py
[2026-06-12T11:28:03.111+0000] {processor.py:830} INFO - Processing file /home/airflow/.local/lib/python3.8/site-packages/airflow/example_dags/example_complex.py for tasks to queue
[2026-06-12T11:28:03.114+0000] {logging_mixin.py:188} INFO - [2026-06-12T11:28:03.114+0000] {dagbag.py:538} INFO - Filling up the DagBag from /home/airflow/.local/lib/python3.8/site-packages/airflow/example_dags/example_complex.py
[2026-06-12T11:28:03.143+0000] {processor.py:840} INFO - DAG(s) 'example_complex' retrieved from /home/airflow/.local/lib/python3.8/site-packages/airflow/example_dags/example_complex.py
[2026-06-12T11:28:03.212+0000] {logging_mixin.py:188} INFO - [2026-06-12T11:28:03.212+0000] {dag.py:3036} INFO - Sync 1 DAGs
[2026-06-12T11:28:03.236+0000] {logging_mixin.py:188} INFO - [2026-06-12T11:28:03.236+0000] {dag.py:3823} INFO - Setting next_dagrun for example_complex to None, run_after=None
[2026-06-12T11:28:03.270+0000] {processor.py:183} INFO - Processing /home/airflow/.local/lib/python3.8/site-packages/airflow/example_dags/example_complex.py took 0.176 seconds
[2026-06-12T11:28:33.695+0000] {processor.py:161} INFO - Started process (PID=3432) to work on /home/airflow/.local/lib/python3.8/site-packages/airflow/example_dags/example_complex.py
[2026-06-12T11:28:33.696+0000] {processor.py:830} INFO - Processing file /home/airflow/.local/lib/python3.8/site-packages/airflow/example_dags/example_complex.py for tasks to queue
[2026-06-12T11:28:33.699+0000] {logging_mixin.py:188} INFO - [2026-06-12T11:28:33.698+0000] {dagbag.py:538} INFO - Filling up the DagBag from /home/airflow/.local/lib/python3.8/site-packages/airflow/example_dags/example_complex.py
[2026-06-12T11:28:33.718+0000] {processor.py:840} INFO - DAG(s) 'example_complex' retrieved from /home/airflow/.local/lib/python3.8/site-packages/airflow/example_dags/example_complex.py
[2026-06-12T11:28:33.783+0000] {logging_mixin.py:188} INFO - [2026-06-12T11:28:33.782+0000] {dag.py:3036} INFO - Sync 1 DAGs
[2026-06-12T11:28:33.807+0000] {logging_mixin.py:188} INFO - [2026-06-12T11:28:33.806+0000] {dag.py:3823} INFO - Setting next_dagrun for example_complex to None, run_after=None
[2026-06-12T11:28:33.849+0000] {processor.py:183} INFO - Processing /home/airflow/.local/lib/python3.8/site-packages/airflow/example_dags/example_complex.py took 0.159 seconds
[2026-06-12T11:29:04.053+0000] {processor.py:161} INFO - Started process (PID=3498) to work on /home/airflow/.local/lib/python3.8/site-packages/airflow/example_dags/example_complex.py
[2026-06-12T11:29:04.055+0000] {processor.py:830} INFO - Processing file /home/airflow/.local/lib/python3.8/site-packages/airflow/example_dags/example_complex.py for tasks to queue
[2026-06-12T11:29:04.058+0000] {logging_mixin.py:188} INFO - [2026-06-12T11:29:04.058+0000] {dagbag.py:538} INFO - Filling up the DagBag from /home/airflow/.local/lib/python3.8/site-packages/airflow/example_dags/example_complex.py
[2026-06-12T11:29:04.083+0000] {processor.py:840} INFO - DAG(s) 'example_complex' retrieved from /home/airflow/.local/lib/python3.8/site-packages/airflow/example_dags/example_complex.py
[2026-06-12T11:29:04.155+0000] {logging_mixin.py:188} INFO - [2026-06-12T11:29:04.154+0000] {dag.py:3036} INFO - Sync 1 DAGs
[2026-06-12T11:29:04.181+0000] {logging_mixin.py:188} INFO - [2026-06-12T11:29:04.180+0000] {dag.py:3823} INFO - Setting next_dagrun for example_complex to None, run_after=None
[2026-06-12T11:29:04.216+0000] {processor.py:183} INFO - Processing /home/airflow/.local/lib/python3.8/site-packages/airflow/example_dags/example_complex.py took 0.171 seconds
[2026-06-12T11:29:34.855+0000] {processor.py:161} INFO - Started process (PID=3563) to work on /home/airflow/.local/lib/python3.8/site-packages/airflow/example_dags/example_complex.py
[2026-06-12T11:29:34.857+0000] {processor.py:830} INFO - Processing file /home/airflow/.local/lib/python3.8/site-packages/airflow/example_dags/example_complex.py for tasks to queue
[2026-06-12T11:29:34.860+0000] {logging_mixin.py:188} INFO - [2026-06-12T11:29:34.860+0000] {dagbag.py:538} INFO - Filling up the DagBag from /home/airflow/.local/lib/python3.8/site-packages/airflow/example_dags/example_complex.py
[2026-06-12T11:29:34.879+0000] {processor.py:840} INFO - DAG(s) 'example_complex' retrieved from /home/airflow/.local/lib/python3.8/site-packages/airflow/example_dags/example_complex.py
[2026-06-12T11:29:34.945+0000] {logging_mixin.py:188} INFO - [2026-06-12T11:29:34.945+0000] {dag.py:3036} INFO - Sync 1 DAGs
[2026-06-12T11:29:34.970+0000] {logging_mixin.py:188} INFO - [2026-06-12T11:29:34.969+0000] {dag.py:3823} INFO - Setting next_dagrun for example_complex to None, run_after=None
[2026-06-12T11:29:35.001+0000] {processor.py:183} INFO - Processing /home/airflow/.local/lib/python3.8/site-packages/airflow/example_dags/example_complex.py took 0.151 seconds
[2026-06-12T11:30:05.342+0000] {processor.py:161} INFO - Started process (PID=3628) to work on /home/airflow/.local/lib/python3.8/site-packages/airflow/example_dags/example_complex.py
[2026-06-12T11:30:05.344+0000] {processor.py:830} INFO - Processing file /home/airflow/.local/lib/python3.8/site-packages/airflow/example_dags/example_complex.py for tasks to queue
[2026-06-12T11:30:05.346+0000] {logging_mixin.py:188} INFO - [2026-06-12T11:30:05.346+0000] {dagbag.py:538} INFO - Filling up the DagBag from /home/airflow/.local/lib/python3.8/site-packages/airflow/example_dags/example_complex.py
[2026-06-12T11:30:05.366+0000] {processor.py:840} INFO - DAG(s) 'example_complex' retrieved from /home/airflow/.local/lib/python3.8/site-packages/airflow/example_dags/example_complex.py
[2026-06-12T11:30:05.426+0000] {logging_mixin.py:188} INFO - [2026-06-12T11:30:05.425+0000] {dag.py:3036} INFO - Sync 1 DAGs
[2026-06-12T11:30:05.446+0000] {logging_mixin.py:188} INFO - [2026-06-12T11:30:05.446+0000] {dag.py:3823} INFO - Setting next_dagrun for example_complex to None, run_after=None
[2026-06-12T11:30:05.484+0000] {processor.py:183} INFO - Processing /home/airflow/.local/lib/python3.8/site-packages/airflow/example_dags/example_complex.py took 0.148 seconds
[2026-06-12T11:30:35.764+0000] {processor.py:161} INFO - Started process (PID=3694) to work on /home/airflow/.local/lib/python3.8/site-packages/airflow/example_dags/example_complex.py
[2026-06-12T11:30:35.766+0000] {processor.py:830} INFO - Processing file /home/airflow/.local/lib/python3.8/site-packages/airflow/example_dags/example_complex.py for tasks to queue
[2026-06-12T11:30:35.769+0000] {logging_mixin.py:188} INFO - [2026-06-12T11:30:35.769+0000] {dagbag.py:538} INFO - Filling up the DagBag from /home/airflow/.local/lib/python3.8/site-packages/airflow/example_dags/example_complex.py
[2026-06-12T11:30:35.794+0000] {processor.py:840} INFO - DAG(s) 'example_complex' retrieved from /home/airflow/.local/lib/python3.8/site-packages/airflow/example_dags/example_complex.py
[2026-06-12T11:30:35.868+0000] {logging_mixin.py:188} INFO - [2026-06-12T11:30:35.867+0000] {dag.py:3036} INFO - Sync 1 DAGs
[2026-06-12T11:30:35.894+0000] {logging_mixin.py:188} INFO - [2026-06-12T11:30:35.894+0000] {dag.py:3823} INFO - Setting next_dagrun for example_complex to None, run_after=None
[2026-06-12T11:30:35.934+0000] {processor.py:183} INFO - Processing /home/airflow/.local/lib/python3.8/site-packages/airflow/example_dags/example_complex.py took 0.176 seconds
[2026-06-12T11:31:06.233+0000] {processor.py:161} INFO - Started process (PID=3761) to work on /home/airflow/.local/lib/python3.8/site-packages/airflow/example_dags/example_complex.py
[2026-06-12T11:31:06.235+0000] {processor.py:830} INFO - Processing file /home/airflow/.local/lib/python3.8/site-packages/airflow/example_dags/example_complex.py for tasks to queue
[2026-06-12T11:31:06.238+0000] {logging_mixin.py:188} INFO - [2026-06-12T11:31:06.238+0000] {dagbag.py:538} INFO - Filling up the DagBag from /home/airflow/.local/lib/python3.8/site-packages/airflow/example_dags/example_complex.py
[2026-06-12T11:31:06.258+0000] {processor.py:840} INFO - DAG(s) 'example_complex' retrieved from /home/airflow/.local/lib/python3.8/site-packages/airflow/example_dags/example_complex.py
[2026-06-12T11:31:06.314+0000] {logging_mixin.py:188} INFO - [2026-06-12T11:31:06.314+0000] {dag.py:3036} INFO - Sync 1 DAGs
[2026-06-12T11:31:06.335+0000] {logging_mixin.py:188} INFO - [2026-06-12T11:31:06.334+0000] {dag.py:3823} INFO - Setting next_dagrun for example_complex to None, run_after=None
[2026-06-12T11:31:06.364+0000] {processor.py:183} INFO - Processing /home/airflow/.local/lib/python3.8/site-packages/airflow/example_dags/example_complex.py took 0.135 seconds
[2026-06-12T11:31:36.589+0000] {processor.py:161} INFO - Started process (PID=3828) to work on /home/airflow/.local/lib/python3.8/site-packages/airflow/example_dags/example_complex.py
[2026-06-12T11:31:36.590+0000] {processor.py:830} INFO - Processing file /home/airflow/.local/lib/python3.8/site-packages/airflow/example_dags/example_complex.py for tasks to queue
[2026-06-12T11:31:36.593+0000] {logging_mixin.py:188} INFO - [2026-06-12T11:31:36.592+0000] {dagbag.py:538} INFO - Filling up the DagBag from /home/airflow/.local/lib/python3.8/site-packages/airflow/example_dags/example_complex.py
[2026-06-12T11:31:36.611+0000] {processor.py:840} INFO - DAG(s) 'example_complex' retrieved from /home/airflow/.local/lib/python3.8/site-packages/airflow/example_dags/example_complex.py
[2026-06-12T11:31:36.667+0000] {logging_mixin.py:188} INFO - [2026-06-12T11:31:36.667+0000] {dag.py:3036} INFO - Sync 1 DAGs
[2026-06-12T11:31:36.687+0000] {logging_mixin.py:188} INFO - [2026-06-12T11:31:36.686+0000] {dag.py:3823} INFO - Setting next_dagrun for example_complex to None, run_after=None
[2026-06-12T11:31:36.717+0000] {processor.py:183} INFO - Processing /home/airflow/.local/lib/python3.8/site-packages/airflow/example_dags/example_complex.py took 0.133 seconds
[2026-06-12T11:32:07.012+0000] {processor.py:161} INFO - Started process (PID=3903) to work on /home/airflow/.local/lib/python3.8/site-packages/airflow/example_dags/example_complex.py
[2026-06-12T11:32:07.014+0000] {processor.py:830} INFO - Processing file /home/airflow/.local/lib/python3.8/site-packages/airflow/example_dags/example_complex.py for tasks to queue
[2026-06-12T11:32:07.017+0000] {logging_mixin.py:188} INFO - [2026-06-12T11:32:07.016+0000] {dagbag.py:538} INFO - Filling up the DagBag from /home/airflow/.local/lib/python3.8/site-packages/airflow/example_dags/example_complex.py
[2026-06-12T11:32:07.035+0000] {processor.py:840} INFO - DAG(s) 'example_complex' retrieved from /home/airflow/.local/lib/python3.8/site-packages/airflow/example_dags/example_complex.py
[2026-06-12T11:32:07.092+0000] {logging_mixin.py:188} INFO - [2026-06-12T11:32:07.092+0000] {dag.py:3036} INFO - Sync 1 DAGs
[2026-06-12T11:32:07.111+0000] {logging_mixin.py:188} INFO - [2026-06-12T11:32:07.111+0000] {dag.py:3823} INFO - Setting next_dagrun for example_complex to None, run_after=None
[2026-06-12T11:32:07.140+0000] {processor.py:183} INFO - Processing /home/airflow/.local/lib/python3.8/site-packages/airflow/example_dags/example_complex.py took 0.133 seconds
[2026-06-12T11:32:37.442+0000] {processor.py:161} INFO - Started process (PID=3968) to work on /home/airflow/.local/lib/python3.8/site-packages/airflow/example_dags/example_complex.py
[2026-06-12T11:32:37.443+0000] {processor.py:830} INFO - Processing file /home/airflow/.local/lib/python3.8/site-packages/airflow/example_dags/example_complex.py for tasks to queue
[2026-06-12T11:32:37.446+0000] {logging_mixin.py:188} INFO - [2026-06-12T11:32:37.445+0000] {dagbag.py:538} INFO - Filling up the DagBag from /home/airflow/.local/lib/python3.8/site-packages/airflow/example_dags/example_complex.py
[2026-06-12T11:32:37.465+0000] {processor.py:840} INFO - DAG(s) 'example_complex' retrieved from /home/airflow/.local/lib/python3.8/site-packages/airflow/example_dags/example_complex.py
[2026-06-12T11:32:37.532+0000] {logging_mixin.py:188} INFO - [2026-06-12T11:32:37.532+0000] {dag.py:3036} INFO - Sync 1 DAGs
[2026-06-12T11:32:37.556+0000] {logging_mixin.py:188} INFO - [2026-06-12T11:32:37.556+0000] {dag.py:3823} INFO - Setting next_dagrun for example_complex to None, run_after=None
[2026-06-12T11:32:37.598+0000] {processor.py:183} INFO - Processing /home/airflow/.local/lib/python3.8/site-packages/airflow/example_dags/example_complex.py took 0.162 seconds
[2026-06-12T11:33:08.185+0000] {processor.py:161} INFO - Started process (PID=4033) to work on /home/airflow/.local/lib/python3.8/site-packages/airflow/example_dags/example_complex.py
[2026-06-12T11:33:08.187+0000] {processor.py:830} INFO - Processing file /home/airflow/.local/lib/python3.8/site-packages/airflow/example_dags/example_complex.py for tasks to queue
[2026-06-12T11:33:08.189+0000] {logging_mixin.py:188} INFO - [2026-06-12T11:33:08.189+0000] {dagbag.py:538} INFO - Filling up the DagBag from /home/airflow/.local/lib/python3.8/site-packages/airflow/example_dags/example_complex.py
[2026-06-12T11:33:08.212+0000] {processor.py:840} INFO - DAG(s) 'example_complex' retrieved from /home/airflow/.local/lib/python3.8/site-packages/airflow/example_dags/example_complex.py
[2026-06-12T11:33:08.281+0000] {logging_mixin.py:188} INFO - [2026-06-12T11:33:08.280+0000] {dag.py:3036} INFO - Sync 1 DAGs
[2026-06-12T11:33:08.305+0000] {logging_mixin.py:188} INFO - [2026-06-12T11:33:08.305+0000] {dag.py:3823} INFO - Setting next_dagrun for example_complex to None, run_after=None
[2026-06-12T11:33:08.337+0000] {processor.py:183} INFO - Processing /home/airflow/.local/lib/python3.8/site-packages/airflow/example_dags/example_complex.py took 0.157 seconds
[2026-06-12T11:33:38.778+0000] {processor.py:161} INFO - Started process (PID=4099) to work on /home/airflow/.local/lib/python3.8/site-packages/airflow/example_dags/example_complex.py
[2026-06-12T11:33:38.779+0000] {processor.py:830} INFO - Processing file /home/airflow/.local/lib/python3.8/site-packages/airflow/example_dags/example_complex.py for tasks to queue
[2026-06-12T11:33:38.782+0000] {logging_mixin.py:188} INFO - [2026-06-12T11:33:38.781+0000] {dagbag.py:538} INFO - Filling up the DagBag from /home/airflow/.local/lib/python3.8/site-packages/airflow/example_dags/example_complex.py
[2026-06-12T11:33:38.806+0000] {processor.py:840} INFO - DAG(s) 'example_complex' retrieved from /home/airflow/.local/lib/python3.8/site-packages/airflow/example_dags/example_complex.py
[2026-06-12T11:33:38.876+0000] {logging_mixin.py:188} INFO - [2026-06-12T11:33:38.875+0000] {dag.py:3036} INFO - Sync 1 DAGs
[2026-06-12T11:33:38.902+0000] {logging_mixin.py:188} INFO - [2026-06-12T11:33:38.902+0000] {dag.py:3823} INFO - Setting next_dagrun for example_complex to None, run_after=None
[2026-06-12T11:33:38.936+0000] {processor.py:183} INFO - Processing /home/airflow/.local/lib/python3.8/site-packages/airflow/example_dags/example_complex.py took 0.162 seconds
[2026-06-12T11:34:09.495+0000] {processor.py:161} INFO - Started process (PID=4165) to work on /home/airflow/.local/lib/python3.8/site-packages/airflow/example_dags/example_complex.py
[2026-06-12T11:34:09.497+0000] {processor.py:830} INFO - Processing file /home/airflow/.local/lib/python3.8/site-packages/airflow/example_dags/example_complex.py for tasks to queue
[2026-06-12T11:34:09.500+0000] {logging_mixin.py:188} INFO - [2026-06-12T11:34:09.499+0000] {dagbag.py:538} INFO - Filling up the DagBag from /home/airflow/.local/lib/python3.8/site-packages/airflow/example_dags/example_complex.py
[2026-06-12T11:34:09.523+0000] {processor.py:840} INFO - DAG(s) 'example_complex' retrieved from /home/airflow/.local/lib/python3.8/site-packages/airflow/example_dags/example_complex.py
[2026-06-12T11:34:09.588+0000] {logging_mixin.py:188} INFO - [2026-06-12T11:34:09.588+0000] {dag.py:3036} INFO - Sync 1 DAGs
[2026-06-12T11:34:09.609+0000] {logging_mixin.py:188} INFO - [2026-06-12T11:34:09.609+0000] {dag.py:3823} INFO - Setting next_dagrun for example_complex to None, run_after=None
[2026-06-12T11:34:09.638+0000] {processor.py:183} INFO - Processing /home/airflow/.local/lib/python3.8/site-packages/airflow/example_dags/example_complex.py took 0.150 seconds
[2026-06-12T11:34:40.479+0000] {processor.py:161} INFO - Started process (PID=4231) to work on /home/airflow/.local/lib/python3.8/site-packages/airflow/example_dags/example_complex.py
[2026-06-12T11:34:40.481+0000] {processor.py:830} INFO - Processing file /home/airflow/.local/lib/python3.8/site-packages/airflow/example_dags/example_complex.py for tasks to queue
[2026-06-12T11:34:40.484+0000] {logging_mixin.py:188} INFO - [2026-06-12T11:34:40.483+0000] {dagbag.py:538} INFO - Filling up the DagBag from /home/airflow/.local/lib/python3.8/site-packages/airflow/example_dags/example_complex.py
[2026-06-12T11:34:40.506+0000] {processor.py:840} INFO - DAG(s) 'example_complex' retrieved from /home/airflow/.local/lib/python3.8/site-packages/airflow/example_dags/example_complex.py
[2026-06-12T11:34:40.572+0000] {logging_mixin.py:188} INFO - [2026-06-12T11:34:40.571+0000] {dag.py:3036} INFO - Sync 1 DAGs
[2026-06-12T11:34:40.593+0000] {logging_mixin.py:188} INFO - [2026-06-12T11:34:40.593+0000] {dag.py:3823} INFO - Setting next_dagrun for example_complex to None, run_after=None
[2026-06-12T11:34:40.627+0000] {processor.py:183} INFO - Processing /home/airflow/.local/lib/python3.8/site-packages/airflow/example_dags/example_complex.py took 0.153 seconds
[2026-06-12T11:35:10.698+0000] {processor.py:161} INFO - Started process (PID=4297) to work on /home/airflow/.local/lib/python3.8/site-packages/airflow/example_dags/example_complex.py
[2026-06-12T11:35:10.699+0000] {processor.py:830} INFO - Processing file /home/airflow/.local/lib/python3.8/site-packages/airflow/example_dags/example_complex.py for tasks to queue
[2026-06-12T11:35:10.703+0000] {logging_mixin.py:188} INFO - [2026-06-12T11:35:10.702+0000] {dagbag.py:538} INFO - Filling up the DagBag from /home/airflow/.local/lib/python3.8/site-packages/airflow/example_dags/example_complex.py
[2026-06-12T11:35:10.723+0000] {processor.py:840} INFO - DAG(s) 'example_complex' retrieved from /home/airflow/.local/lib/python3.8/site-packages/airflow/example_dags/example_complex.py
[2026-06-12T11:35:10.783+0000] {logging_mixin.py:188} INFO - [2026-06-12T11:35:10.783+0000] {dag.py:3036} INFO - Sync 1 DAGs
[2026-06-12T11:35:10.805+0000] {logging_mixin.py:188} INFO - [2026-06-12T11:35:10.804+0000] {dag.py:3823} INFO - Setting next_dagrun for example_complex to None, run_after=None
[2026-06-12T11:35:10.836+0000] {processor.py:183} INFO - Processing /home/airflow/.local/lib/python3.8/site-packages/airflow/example_dags/example_complex.py took 0.143 seconds
[2026-06-12T11:35:41.138+0000] {processor.py:161} INFO - Started process (PID=4368) to work on /home/airflow/.local/lib/python3.8/site-packages/airflow/example_dags/example_complex.py
[2026-06-12T11:35:41.139+0000] {processor.py:830} INFO - Processing file /home/airflow/.local/lib/python3.8/site-packages/airflow/example_dags/example_complex.py for tasks to queue
[2026-06-12T11:35:41.142+0000] {logging_mixin.py:188} INFO - [2026-06-12T11:35:41.141+0000] {dagbag.py:538} INFO - Filling up the DagBag from /home/airflow/.local/lib/python3.8/site-packages/airflow/example_dags/example_complex.py
[2026-06-12T11:35:41.162+0000] {processor.py:840} INFO - DAG(s) 'example_complex' retrieved from /home/airflow/.local/lib/python3.8/site-packages/airflow/example_dags/example_complex.py
[2026-06-12T11:35:41.219+0000] {logging_mixin.py:188} INFO - [2026-06-12T11:35:41.218+0000] {dag.py:3036} INFO - Sync 1 DAGs
[2026-06-12T11:35:41.238+0000] {logging_mixin.py:188} INFO - [2026-06-12T11:35:41.238+0000] {dag.py:3823} INFO - Setting next_dagrun for example_complex to None, run_after=None
[2026-06-12T11:35:41.269+0000] {processor.py:183} INFO - Processing /home/airflow/.local/lib/python3.8/site-packages/airflow/example_dags/example_complex.py took 0.137 seconds
[2026-06-12T11:36:11.575+0000] {processor.py:161} INFO - Started process (PID=4434) to work on /home/airflow/.local/lib/python3.8/site-packages/airflow/example_dags/example_complex.py
[2026-06-12T11:36:11.577+0000] {processor.py:830} INFO - Processing file /home/airflow/.local/lib/python3.8/site-packages/airflow/example_dags/example_complex.py for tasks to queue
[2026-06-12T11:36:11.580+0000] {logging_mixin.py:188} INFO - [2026-06-12T11:36:11.579+0000] {dagbag.py:538} INFO - Filling up the DagBag from /home/airflow/.local/lib/python3.8/site-packages/airflow/example_dags/example_complex.py
[2026-06-12T11:36:11.603+0000] {processor.py:840} INFO - DAG(s) 'example_complex' retrieved from /home/airflow/.local/lib/python3.8/site-packages/airflow/example_dags/example_complex.py
[2026-06-12T11:36:11.673+0000] {logging_mixin.py:188} INFO - [2026-06-12T11:36:11.672+0000] {dag.py:3036} INFO - Sync 1 DAGs
[2026-06-12T11:36:11.698+0000] {logging_mixin.py:188} INFO - [2026-06-12T11:36:11.697+0000] {dag.py:3823} INFO - Setting next_dagrun for example_complex to None, run_after=None
[2026-06-12T11:36:11.759+0000] {processor.py:183} INFO - Processing /home/airflow/.local/lib/python3.8/site-packages/airflow/example_dags/example_complex.py took 0.189 seconds
[2026-06-12T11:36:42.240+0000] {processor.py:161} INFO - Started process (PID=4500) to work on /home/airflow/.local/lib/python3.8/site-packages/airflow/example_dags/example_complex.py
[2026-06-12T11:36:42.241+0000] {processor.py:830} INFO - Processing file /home/airflow/.local/lib/python3.8/site-packages/airflow/example_dags/example_complex.py for tasks to queue
[2026-06-12T11:36:42.244+0000] {logging_mixin.py:188} INFO - [2026-06-12T11:36:42.243+0000] {dagbag.py:538} INFO - Filling up the DagBag from /home/airflow/.local/lib/python3.8/site-packages/airflow/example_dags/example_complex.py
[2026-06-12T11:36:42.269+0000] {processor.py:840} INFO - DAG(s) 'example_complex' retrieved from /home/airflow/.local/lib/python3.8/site-packages/airflow/example_dags/example_complex.py
[2026-06-12T11:36:42.345+0000] {logging_mixin.py:188} INFO - [2026-06-12T11:36:42.345+0000] {dag.py:3036} INFO - Sync 1 DAGs
[2026-06-12T11:36:42.371+0000] {logging_mixin.py:188} INFO - [2026-06-12T11:36:42.370+0000] {dag.py:3823} INFO - Setting next_dagrun for example_complex to None, run_after=None
[2026-06-12T11:36:42.410+0000] {processor.py:183} INFO - Processing /home/airflow/.local/lib/python3.8/site-packages/airflow/example_dags/example_complex.py took 0.176 seconds
