[2026-06-12T11:03:03.803+0000] {processor.py:161} INFO - Started process (PID=91) to work on /home/airflow/.local/lib/python3.8/site-packages/airflow/example_dags/example_branch_operator.py
[2026-06-12T11:03:03.805+0000] {processor.py:830} INFO - Processing file /home/airflow/.local/lib/python3.8/site-packages/airflow/example_dags/example_branch_operator.py for tasks to queue
[2026-06-12T11:03:03.809+0000] {logging_mixin.py:188} INFO - [2026-06-12T11:03:03.808+0000] {dagbag.py:538} INFO - Filling up the DagBag from /home/airflow/.local/lib/python3.8/site-packages/airflow/example_dags/example_branch_operator.py
[2026-06-12T11:03:03.846+0000] {processor.py:840} INFO - DAG(s) 'example_branch_operator' retrieved from /home/airflow/.local/lib/python3.8/site-packages/airflow/example_dags/example_branch_operator.py
[2026-06-12T11:03:03.871+0000] {logging_mixin.py:188} INFO - [2026-06-12T11:03:03.871+0000] {dag.py:3036} INFO - Sync 1 DAGs
[2026-06-12T11:03:03.938+0000] {logging_mixin.py:188} INFO - [2026-06-12T11:03:03.937+0000] {dag.py:3823} INFO - Setting next_dagrun for example_branch_operator to 2026-06-11 00:00:00+00:00, run_after=2026-06-12 00:00:00+00:00
[2026-06-12T11:03:03.986+0000] {processor.py:183} INFO - Processing /home/airflow/.local/lib/python3.8/site-packages/airflow/example_dags/example_branch_operator.py took 0.192 seconds
[2026-06-12T11:03:35.690+0000] {processor.py:161} INFO - Started process (PID=157) to work on /home/airflow/.local/lib/python3.8/site-packages/airflow/example_dags/example_branch_operator.py
[2026-06-12T11:03:35.691+0000] {processor.py:830} INFO - Processing file /home/airflow/.local/lib/python3.8/site-packages/airflow/example_dags/example_branch_operator.py for tasks to queue
[2026-06-12T11:03:35.693+0000] {logging_mixin.py:188} INFO - [2026-06-12T11:03:35.693+0000] {dagbag.py:538} INFO - Filling up the DagBag from /home/airflow/.local/lib/python3.8/site-packages/airflow/example_dags/example_branch_operator.py
[2026-06-12T11:03:35.721+0000] {processor.py:840} INFO - DAG(s) 'example_branch_operator' retrieved from /home/airflow/.local/lib/python3.8/site-packages/airflow/example_dags/example_branch_operator.py
[2026-06-12T11:03:35.907+0000] {logging_mixin.py:188} INFO - [2026-06-12T11:03:35.906+0000] {dag.py:3036} INFO - Sync 1 DAGs
[2026-06-12T11:03:35.941+0000] {logging_mixin.py:188} INFO - [2026-06-12T11:03:35.941+0000] {dag.py:3823} INFO - Setting next_dagrun for example_branch_operator to 2026-06-11 00:00:00+00:00, run_after=2026-06-12 00:00:00+00:00
[2026-06-12T11:03:35.971+0000] {processor.py:183} INFO - Processing /home/airflow/.local/lib/python3.8/site-packages/airflow/example_dags/example_branch_operator.py took 0.287 seconds
[2026-06-12T11:04:06.823+0000] {processor.py:161} INFO - Started process (PID=223) to work on /home/airflow/.local/lib/python3.8/site-packages/airflow/example_dags/example_branch_operator.py
[2026-06-12T11:04:06.825+0000] {processor.py:830} INFO - Processing file /home/airflow/.local/lib/python3.8/site-packages/airflow/example_dags/example_branch_operator.py for tasks to queue
[2026-06-12T11:04:06.827+0000] {logging_mixin.py:188} INFO - [2026-06-12T11:04:06.827+0000] {dagbag.py:538} INFO - Filling up the DagBag from /home/airflow/.local/lib/python3.8/site-packages/airflow/example_dags/example_branch_operator.py
[2026-06-12T11:04:06.855+0000] {processor.py:840} INFO - DAG(s) 'example_branch_operator' retrieved from /home/airflow/.local/lib/python3.8/site-packages/airflow/example_dags/example_branch_operator.py
[2026-06-12T11:04:06.912+0000] {logging_mixin.py:188} INFO - [2026-06-12T11:04:06.912+0000] {dag.py:3036} INFO - Sync 1 DAGs
[2026-06-12T11:04:06.965+0000] {logging_mixin.py:188} INFO - [2026-06-12T11:04:06.964+0000] {dag.py:3823} INFO - Setting next_dagrun for example_branch_operator to 2026-06-11 00:00:00+00:00, run_after=2026-06-12 00:00:00+00:00
[2026-06-12T11:04:06.998+0000] {processor.py:183} INFO - Processing /home/airflow/.local/lib/python3.8/site-packages/airflow/example_dags/example_branch_operator.py took 0.180 seconds
[2026-06-12T11:04:37.625+0000] {processor.py:161} INFO - Started process (PID=290) to work on /home/airflow/.local/lib/python3.8/site-packages/airflow/example_dags/example_branch_operator.py
[2026-06-12T11:04:37.626+0000] {processor.py:830} INFO - Processing file /home/airflow/.local/lib/python3.8/site-packages/airflow/example_dags/example_branch_operator.py for tasks to queue
[2026-06-12T11:04:37.629+0000] {logging_mixin.py:188} INFO - [2026-06-12T11:04:37.628+0000] {dagbag.py:538} INFO - Filling up the DagBag from /home/airflow/.local/lib/python3.8/site-packages/airflow/example_dags/example_branch_operator.py
[2026-06-12T11:04:37.658+0000] {processor.py:840} INFO - DAG(s) 'example_branch_operator' retrieved from /home/airflow/.local/lib/python3.8/site-packages/airflow/example_dags/example_branch_operator.py
[2026-06-12T11:04:37.721+0000] {logging_mixin.py:188} INFO - [2026-06-12T11:04:37.721+0000] {dag.py:3036} INFO - Sync 1 DAGs
[2026-06-12T11:04:37.768+0000] {logging_mixin.py:188} INFO - [2026-06-12T11:04:37.767+0000] {dag.py:3823} INFO - Setting next_dagrun for example_branch_operator to 2026-06-11 00:00:00+00:00, run_after=2026-06-12 00:00:00+00:00
[2026-06-12T11:04:37.806+0000] {processor.py:183} INFO - Processing /home/airflow/.local/lib/python3.8/site-packages/airflow/example_dags/example_branch_operator.py took 0.186 seconds
[2026-06-12T11:05:08.181+0000] {processor.py:161} INFO - Started process (PID=356) to work on /home/airflow/.local/lib/python3.8/site-packages/airflow/example_dags/example_branch_operator.py
[2026-06-12T11:05:08.182+0000] {processor.py:830} INFO - Processing file /home/airflow/.local/lib/python3.8/site-packages/airflow/example_dags/example_branch_operator.py for tasks to queue
[2026-06-12T11:05:08.185+0000] {logging_mixin.py:188} INFO - [2026-06-12T11:05:08.185+0000] {dagbag.py:538} INFO - Filling up the DagBag from /home/airflow/.local/lib/python3.8/site-packages/airflow/example_dags/example_branch_operator.py
[2026-06-12T11:05:08.220+0000] {processor.py:840} INFO - DAG(s) 'example_branch_operator' retrieved from /home/airflow/.local/lib/python3.8/site-packages/airflow/example_dags/example_branch_operator.py
[2026-06-12T11:05:08.285+0000] {logging_mixin.py:188} INFO - [2026-06-12T11:05:08.284+0000] {dag.py:3036} INFO - Sync 1 DAGs
[2026-06-12T11:05:08.334+0000] {logging_mixin.py:188} INFO - [2026-06-12T11:05:08.334+0000] {dag.py:3823} INFO - Setting next_dagrun for example_branch_operator to 2026-06-11 00:00:00+00:00, run_after=2026-06-12 00:00:00+00:00
[2026-06-12T11:05:08.369+0000] {processor.py:183} INFO - Processing /home/airflow/.local/lib/python3.8/site-packages/airflow/example_dags/example_branch_operator.py took 0.195 seconds
[2026-06-12T11:05:38.690+0000] {processor.py:161} INFO - Started process (PID=429) to work on /home/airflow/.local/lib/python3.8/site-packages/airflow/example_dags/example_branch_operator.py
[2026-06-12T11:05:38.693+0000] {processor.py:830} INFO - Processing file /home/airflow/.local/lib/python3.8/site-packages/airflow/example_dags/example_branch_operator.py for tasks to queue
[2026-06-12T11:05:38.696+0000] {logging_mixin.py:188} INFO - [2026-06-12T11:05:38.695+0000] {dagbag.py:538} INFO - Filling up the DagBag from /home/airflow/.local/lib/python3.8/site-packages/airflow/example_dags/example_branch_operator.py
[2026-06-12T11:05:38.732+0000] {processor.py:840} INFO - DAG(s) 'example_branch_operator' retrieved from /home/airflow/.local/lib/python3.8/site-packages/airflow/example_dags/example_branch_operator.py
[2026-06-12T11:05:38.791+0000] {logging_mixin.py:188} INFO - [2026-06-12T11:05:38.791+0000] {dag.py:3036} INFO - Sync 1 DAGs
[2026-06-12T11:05:38.845+0000] {logging_mixin.py:188} INFO - [2026-06-12T11:05:38.845+0000] {dag.py:3823} INFO - Setting next_dagrun for example_branch_operator to 2026-06-11 00:00:00+00:00, run_after=2026-06-12 00:00:00+00:00
[2026-06-12T11:05:38.878+0000] {processor.py:183} INFO - Processing /home/airflow/.local/lib/python3.8/site-packages/airflow/example_dags/example_branch_operator.py took 0.193 seconds
[2026-06-12T11:06:09.334+0000] {processor.py:161} INFO - Started process (PID=496) to work on /home/airflow/.local/lib/python3.8/site-packages/airflow/example_dags/example_branch_operator.py
[2026-06-12T11:06:09.336+0000] {processor.py:830} INFO - Processing file /home/airflow/.local/lib/python3.8/site-packages/airflow/example_dags/example_branch_operator.py for tasks to queue
[2026-06-12T11:06:09.339+0000] {logging_mixin.py:188} INFO - [2026-06-12T11:06:09.338+0000] {dagbag.py:538} INFO - Filling up the DagBag from /home/airflow/.local/lib/python3.8/site-packages/airflow/example_dags/example_branch_operator.py
[2026-06-12T11:06:09.375+0000] {processor.py:840} INFO - DAG(s) 'example_branch_operator' retrieved from /home/airflow/.local/lib/python3.8/site-packages/airflow/example_dags/example_branch_operator.py
[2026-06-12T11:06:09.441+0000] {logging_mixin.py:188} INFO - [2026-06-12T11:06:09.441+0000] {dag.py:3036} INFO - Sync 1 DAGs
[2026-06-12T11:06:09.489+0000] {logging_mixin.py:188} INFO - [2026-06-12T11:06:09.489+0000] {dag.py:3823} INFO - Setting next_dagrun for example_branch_operator to 2026-06-11 00:00:00+00:00, run_after=2026-06-12 00:00:00+00:00
[2026-06-12T11:06:09.525+0000] {processor.py:183} INFO - Processing /home/airflow/.local/lib/python3.8/site-packages/airflow/example_dags/example_branch_operator.py took 0.197 seconds
[2026-06-12T11:06:39.664+0000] {processor.py:161} INFO - Started process (PID=560) to work on /home/airflow/.local/lib/python3.8/site-packages/airflow/example_dags/example_branch_operator.py
[2026-06-12T11:06:39.666+0000] {processor.py:830} INFO - Processing file /home/airflow/.local/lib/python3.8/site-packages/airflow/example_dags/example_branch_operator.py for tasks to queue
[2026-06-12T11:06:39.669+0000] {logging_mixin.py:188} INFO - [2026-06-12T11:06:39.668+0000] {dagbag.py:538} INFO - Filling up the DagBag from /home/airflow/.local/lib/python3.8/site-packages/airflow/example_dags/example_branch_operator.py
[2026-06-12T11:06:39.702+0000] {processor.py:840} INFO - DAG(s) 'example_branch_operator' retrieved from /home/airflow/.local/lib/python3.8/site-packages/airflow/example_dags/example_branch_operator.py
[2026-06-12T11:06:39.754+0000] {logging_mixin.py:188} INFO - [2026-06-12T11:06:39.754+0000] {dag.py:3036} INFO - Sync 1 DAGs
[2026-06-12T11:06:39.793+0000] {logging_mixin.py:188} INFO - [2026-06-12T11:06:39.793+0000] {dag.py:3823} INFO - Setting next_dagrun for example_branch_operator to 2026-06-11 00:00:00+00:00, run_after=2026-06-12 00:00:00+00:00
[2026-06-12T11:06:39.825+0000] {processor.py:183} INFO - Processing /home/airflow/.local/lib/python3.8/site-packages/airflow/example_dags/example_branch_operator.py took 0.166 seconds
[2026-06-12T11:07:10.095+0000] {processor.py:161} INFO - Started process (PID=625) to work on /home/airflow/.local/lib/python3.8/site-packages/airflow/example_dags/example_branch_operator.py
[2026-06-12T11:07:10.096+0000] {processor.py:830} INFO - Processing file /home/airflow/.local/lib/python3.8/site-packages/airflow/example_dags/example_branch_operator.py for tasks to queue
[2026-06-12T11:07:10.099+0000] {logging_mixin.py:188} INFO - [2026-06-12T11:07:10.099+0000] {dagbag.py:538} INFO - Filling up the DagBag from /home/airflow/.local/lib/python3.8/site-packages/airflow/example_dags/example_branch_operator.py
[2026-06-12T11:07:10.131+0000] {processor.py:840} INFO - DAG(s) 'example_branch_operator' retrieved from /home/airflow/.local/lib/python3.8/site-packages/airflow/example_dags/example_branch_operator.py
[2026-06-12T11:07:10.185+0000] {logging_mixin.py:188} INFO - [2026-06-12T11:07:10.185+0000] {dag.py:3036} INFO - Sync 1 DAGs
[2026-06-12T11:07:10.226+0000] {logging_mixin.py:188} INFO - [2026-06-12T11:07:10.226+0000] {dag.py:3823} INFO - Setting next_dagrun for example_branch_operator to 2026-06-11 00:00:00+00:00, run_after=2026-06-12 00:00:00+00:00
[2026-06-12T11:07:10.257+0000] {processor.py:183} INFO - Processing /home/airflow/.local/lib/python3.8/site-packages/airflow/example_dags/example_branch_operator.py took 0.168 seconds
[2026-06-12T11:07:40.447+0000] {processor.py:161} INFO - Started process (PID=691) to work on /home/airflow/.local/lib/python3.8/site-packages/airflow/example_dags/example_branch_operator.py
[2026-06-12T11:07:40.448+0000] {processor.py:830} INFO - Processing file /home/airflow/.local/lib/python3.8/site-packages/airflow/example_dags/example_branch_operator.py for tasks to queue
[2026-06-12T11:07:40.451+0000] {logging_mixin.py:188} INFO - [2026-06-12T11:07:40.451+0000] {dagbag.py:538} INFO - Filling up the DagBag from /home/airflow/.local/lib/python3.8/site-packages/airflow/example_dags/example_branch_operator.py
[2026-06-12T11:07:40.480+0000] {processor.py:840} INFO - DAG(s) 'example_branch_operator' retrieved from /home/airflow/.local/lib/python3.8/site-packages/airflow/example_dags/example_branch_operator.py
[2026-06-12T11:07:40.532+0000] {logging_mixin.py:188} INFO - [2026-06-12T11:07:40.531+0000] {dag.py:3036} INFO - Sync 1 DAGs
[2026-06-12T11:07:40.575+0000] {logging_mixin.py:188} INFO - [2026-06-12T11:07:40.574+0000] {dag.py:3823} INFO - Setting next_dagrun for example_branch_operator to 2026-06-11 00:00:00+00:00, run_after=2026-06-12 00:00:00+00:00
[2026-06-12T11:07:40.607+0000] {processor.py:183} INFO - Processing /home/airflow/.local/lib/python3.8/site-packages/airflow/example_dags/example_branch_operator.py took 0.165 seconds
[2026-06-12T11:08:10.734+0000] {processor.py:161} INFO - Started process (PID=757) to work on /home/airflow/.local/lib/python3.8/site-packages/airflow/example_dags/example_branch_operator.py
[2026-06-12T11:08:10.736+0000] {processor.py:830} INFO - Processing file /home/airflow/.local/lib/python3.8/site-packages/airflow/example_dags/example_branch_operator.py for tasks to queue
[2026-06-12T11:08:10.740+0000] {logging_mixin.py:188} INFO - [2026-06-12T11:08:10.739+0000] {dagbag.py:538} INFO - Filling up the DagBag from /home/airflow/.local/lib/python3.8/site-packages/airflow/example_dags/example_branch_operator.py
[2026-06-12T11:08:10.775+0000] {processor.py:840} INFO - DAG(s) 'example_branch_operator' retrieved from /home/airflow/.local/lib/python3.8/site-packages/airflow/example_dags/example_branch_operator.py
[2026-06-12T11:08:10.835+0000] {logging_mixin.py:188} INFO - [2026-06-12T11:08:10.834+0000] {dag.py:3036} INFO - Sync 1 DAGs
[2026-06-12T11:08:10.881+0000] {logging_mixin.py:188} INFO - [2026-06-12T11:08:10.880+0000] {dag.py:3823} INFO - Setting next_dagrun for example_branch_operator to 2026-06-11 00:00:00+00:00, run_after=2026-06-12 00:00:00+00:00
[2026-06-12T11:08:10.915+0000] {processor.py:183} INFO - Processing /home/airflow/.local/lib/python3.8/site-packages/airflow/example_dags/example_branch_operator.py took 0.187 seconds
[2026-06-12T11:08:40.971+0000] {processor.py:161} INFO - Started process (PID=823) to work on /home/airflow/.local/lib/python3.8/site-packages/airflow/example_dags/example_branch_operator.py
[2026-06-12T11:08:40.972+0000] {processor.py:830} INFO - Processing file /home/airflow/.local/lib/python3.8/site-packages/airflow/example_dags/example_branch_operator.py for tasks to queue
[2026-06-12T11:08:40.975+0000] {logging_mixin.py:188} INFO - [2026-06-12T11:08:40.974+0000] {dagbag.py:538} INFO - Filling up the DagBag from /home/airflow/.local/lib/python3.8/site-packages/airflow/example_dags/example_branch_operator.py
[2026-06-12T11:08:41.003+0000] {processor.py:840} INFO - DAG(s) 'example_branch_operator' retrieved from /home/airflow/.local/lib/python3.8/site-packages/airflow/example_dags/example_branch_operator.py
[2026-06-12T11:08:41.052+0000] {logging_mixin.py:188} INFO - [2026-06-12T11:08:41.052+0000] {dag.py:3036} INFO - Sync 1 DAGs
[2026-06-12T11:08:41.093+0000] {logging_mixin.py:188} INFO - [2026-06-12T11:08:41.093+0000] {dag.py:3823} INFO - Setting next_dagrun for example_branch_operator to 2026-06-11 00:00:00+00:00, run_after=2026-06-12 00:00:00+00:00
[2026-06-12T11:08:41.123+0000] {processor.py:183} INFO - Processing /home/airflow/.local/lib/python3.8/site-packages/airflow/example_dags/example_branch_operator.py took 0.156 seconds
[2026-06-12T11:09:11.360+0000] {processor.py:161} INFO - Started process (PID=888) to work on /home/airflow/.local/lib/python3.8/site-packages/airflow/example_dags/example_branch_operator.py
[2026-06-12T11:09:11.362+0000] {processor.py:830} INFO - Processing file /home/airflow/.local/lib/python3.8/site-packages/airflow/example_dags/example_branch_operator.py for tasks to queue
[2026-06-12T11:09:11.364+0000] {logging_mixin.py:188} INFO - [2026-06-12T11:09:11.364+0000] {dagbag.py:538} INFO - Filling up the DagBag from /home/airflow/.local/lib/python3.8/site-packages/airflow/example_dags/example_branch_operator.py
[2026-06-12T11:09:11.393+0000] {processor.py:840} INFO - DAG(s) 'example_branch_operator' retrieved from /home/airflow/.local/lib/python3.8/site-packages/airflow/example_dags/example_branch_operator.py
[2026-06-12T11:09:11.441+0000] {logging_mixin.py:188} INFO - [2026-06-12T11:09:11.441+0000] {dag.py:3036} INFO - Sync 1 DAGs
[2026-06-12T11:09:11.477+0000] {logging_mixin.py:188} INFO - [2026-06-12T11:09:11.476+0000] {dag.py:3823} INFO - Setting next_dagrun for example_branch_operator to 2026-06-11 00:00:00+00:00, run_after=2026-06-12 00:00:00+00:00
[2026-06-12T11:09:11.503+0000] {processor.py:183} INFO - Processing /home/airflow/.local/lib/python3.8/site-packages/airflow/example_dags/example_branch_operator.py took 0.148 seconds
[2026-06-12T11:09:41.951+0000] {processor.py:161} INFO - Started process (PID=961) to work on /home/airflow/.local/lib/python3.8/site-packages/airflow/example_dags/example_branch_operator.py
[2026-06-12T11:09:41.953+0000] {processor.py:830} INFO - Processing file /home/airflow/.local/lib/python3.8/site-packages/airflow/example_dags/example_branch_operator.py for tasks to queue
[2026-06-12T11:09:41.955+0000] {logging_mixin.py:188} INFO - [2026-06-12T11:09:41.955+0000] {dagbag.py:538} INFO - Filling up the DagBag from /home/airflow/.local/lib/python3.8/site-packages/airflow/example_dags/example_branch_operator.py
[2026-06-12T11:09:41.990+0000] {processor.py:840} INFO - DAG(s) 'example_branch_operator' retrieved from /home/airflow/.local/lib/python3.8/site-packages/airflow/example_dags/example_branch_operator.py
[2026-06-12T11:09:42.051+0000] {logging_mixin.py:188} INFO - [2026-06-12T11:09:42.050+0000] {dag.py:3036} INFO - Sync 1 DAGs
[2026-06-12T11:09:42.100+0000] {logging_mixin.py:188} INFO - [2026-06-12T11:09:42.100+0000] {dag.py:3823} INFO - Setting next_dagrun for example_branch_operator to 2026-06-11 00:00:00+00:00, run_after=2026-06-12 00:00:00+00:00
[2026-06-12T11:09:42.131+0000] {processor.py:183} INFO - Processing /home/airflow/.local/lib/python3.8/site-packages/airflow/example_dags/example_branch_operator.py took 0.185 seconds
[2026-06-12T11:10:12.507+0000] {processor.py:161} INFO - Started process (PID=1028) to work on /home/airflow/.local/lib/python3.8/site-packages/airflow/example_dags/example_branch_operator.py
[2026-06-12T11:10:12.509+0000] {processor.py:830} INFO - Processing file /home/airflow/.local/lib/python3.8/site-packages/airflow/example_dags/example_branch_operator.py for tasks to queue
[2026-06-12T11:10:12.512+0000] {logging_mixin.py:188} INFO - [2026-06-12T11:10:12.511+0000] {dagbag.py:538} INFO - Filling up the DagBag from /home/airflow/.local/lib/python3.8/site-packages/airflow/example_dags/example_branch_operator.py
[2026-06-12T11:10:12.545+0000] {processor.py:840} INFO - DAG(s) 'example_branch_operator' retrieved from /home/airflow/.local/lib/python3.8/site-packages/airflow/example_dags/example_branch_operator.py
[2026-06-12T11:10:12.608+0000] {logging_mixin.py:188} INFO - [2026-06-12T11:10:12.608+0000] {dag.py:3036} INFO - Sync 1 DAGs
[2026-06-12T11:10:12.646+0000] {logging_mixin.py:188} INFO - [2026-06-12T11:10:12.646+0000] {dag.py:3823} INFO - Setting next_dagrun for example_branch_operator to 2026-06-11 00:00:00+00:00, run_after=2026-06-12 00:00:00+00:00
[2026-06-12T11:10:12.677+0000] {processor.py:183} INFO - Processing /home/airflow/.local/lib/python3.8/site-packages/airflow/example_dags/example_branch_operator.py took 0.176 seconds
[2026-06-12T11:10:42.847+0000] {processor.py:161} INFO - Started process (PID=1093) to work on /home/airflow/.local/lib/python3.8/site-packages/airflow/example_dags/example_branch_operator.py
[2026-06-12T11:10:42.848+0000] {processor.py:830} INFO - Processing file /home/airflow/.local/lib/python3.8/site-packages/airflow/example_dags/example_branch_operator.py for tasks to queue
[2026-06-12T11:10:42.850+0000] {logging_mixin.py:188} INFO - [2026-06-12T11:10:42.850+0000] {dagbag.py:538} INFO - Filling up the DagBag from /home/airflow/.local/lib/python3.8/site-packages/airflow/example_dags/example_branch_operator.py
[2026-06-12T11:10:42.877+0000] {processor.py:840} INFO - DAG(s) 'example_branch_operator' retrieved from /home/airflow/.local/lib/python3.8/site-packages/airflow/example_dags/example_branch_operator.py
[2026-06-12T11:10:42.925+0000] {logging_mixin.py:188} INFO - [2026-06-12T11:10:42.924+0000] {dag.py:3036} INFO - Sync 1 DAGs
[2026-06-12T11:10:42.963+0000] {logging_mixin.py:188} INFO - [2026-06-12T11:10:42.962+0000] {dag.py:3823} INFO - Setting next_dagrun for example_branch_operator to 2026-06-11 00:00:00+00:00, run_after=2026-06-12 00:00:00+00:00
[2026-06-12T11:10:42.992+0000] {processor.py:183} INFO - Processing /home/airflow/.local/lib/python3.8/site-packages/airflow/example_dags/example_branch_operator.py took 0.150 seconds
[2026-06-12T11:11:13.084+0000] {processor.py:161} INFO - Started process (PID=1159) to work on /home/airflow/.local/lib/python3.8/site-packages/airflow/example_dags/example_branch_operator.py
[2026-06-12T11:11:13.086+0000] {processor.py:830} INFO - Processing file /home/airflow/.local/lib/python3.8/site-packages/airflow/example_dags/example_branch_operator.py for tasks to queue
[2026-06-12T11:11:13.090+0000] {logging_mixin.py:188} INFO - [2026-06-12T11:11:13.089+0000] {dagbag.py:538} INFO - Filling up the DagBag from /home/airflow/.local/lib/python3.8/site-packages/airflow/example_dags/example_branch_operator.py
[2026-06-12T11:11:13.124+0000] {processor.py:840} INFO - DAG(s) 'example_branch_operator' retrieved from /home/airflow/.local/lib/python3.8/site-packages/airflow/example_dags/example_branch_operator.py
[2026-06-12T11:11:13.185+0000] {logging_mixin.py:188} INFO - [2026-06-12T11:11:13.184+0000] {dag.py:3036} INFO - Sync 1 DAGs
[2026-06-12T11:11:13.227+0000] {logging_mixin.py:188} INFO - [2026-06-12T11:11:13.226+0000] {dag.py:3823} INFO - Setting next_dagrun for example_branch_operator to 2026-06-11 00:00:00+00:00, run_after=2026-06-12 00:00:00+00:00
[2026-06-12T11:11:13.257+0000] {processor.py:183} INFO - Processing /home/airflow/.local/lib/python3.8/site-packages/airflow/example_dags/example_branch_operator.py took 0.178 seconds
[2026-06-12T11:11:43.672+0000] {processor.py:161} INFO - Started process (PID=1226) to work on /home/airflow/.local/lib/python3.8/site-packages/airflow/example_dags/example_branch_operator.py
[2026-06-12T11:11:43.674+0000] {processor.py:830} INFO - Processing file /home/airflow/.local/lib/python3.8/site-packages/airflow/example_dags/example_branch_operator.py for tasks to queue
[2026-06-12T11:11:43.677+0000] {logging_mixin.py:188} INFO - [2026-06-12T11:11:43.677+0000] {dagbag.py:538} INFO - Filling up the DagBag from /home/airflow/.local/lib/python3.8/site-packages/airflow/example_dags/example_branch_operator.py
[2026-06-12T11:11:43.713+0000] {processor.py:840} INFO - DAG(s) 'example_branch_operator' retrieved from /home/airflow/.local/lib/python3.8/site-packages/airflow/example_dags/example_branch_operator.py
[2026-06-12T11:11:43.774+0000] {logging_mixin.py:188} INFO - [2026-06-12T11:11:43.774+0000] {dag.py:3036} INFO - Sync 1 DAGs
[2026-06-12T11:11:43.822+0000] {logging_mixin.py:188} INFO - [2026-06-12T11:11:43.821+0000] {dag.py:3823} INFO - Setting next_dagrun for example_branch_operator to 2026-06-11 00:00:00+00:00, run_after=2026-06-12 00:00:00+00:00
[2026-06-12T11:11:43.855+0000] {processor.py:183} INFO - Processing /home/airflow/.local/lib/python3.8/site-packages/airflow/example_dags/example_branch_operator.py took 0.188 seconds
[2026-06-12T11:12:14.076+0000] {processor.py:161} INFO - Started process (PID=1292) to work on /home/airflow/.local/lib/python3.8/site-packages/airflow/example_dags/example_branch_operator.py
[2026-06-12T11:12:14.078+0000] {processor.py:830} INFO - Processing file /home/airflow/.local/lib/python3.8/site-packages/airflow/example_dags/example_branch_operator.py for tasks to queue
[2026-06-12T11:12:14.081+0000] {logging_mixin.py:188} INFO - [2026-06-12T11:12:14.080+0000] {dagbag.py:538} INFO - Filling up the DagBag from /home/airflow/.local/lib/python3.8/site-packages/airflow/example_dags/example_branch_operator.py
[2026-06-12T11:12:14.115+0000] {processor.py:840} INFO - DAG(s) 'example_branch_operator' retrieved from /home/airflow/.local/lib/python3.8/site-packages/airflow/example_dags/example_branch_operator.py
[2026-06-12T11:12:14.177+0000] {logging_mixin.py:188} INFO - [2026-06-12T11:12:14.176+0000] {dag.py:3036} INFO - Sync 1 DAGs
[2026-06-12T11:12:14.220+0000] {logging_mixin.py:188} INFO - [2026-06-12T11:12:14.220+0000] {dag.py:3823} INFO - Setting next_dagrun for example_branch_operator to 2026-06-11 00:00:00+00:00, run_after=2026-06-12 00:00:00+00:00
[2026-06-12T11:12:14.255+0000] {processor.py:183} INFO - Processing /home/airflow/.local/lib/python3.8/site-packages/airflow/example_dags/example_branch_operator.py took 0.184 seconds
[2026-06-12T11:12:44.325+0000] {processor.py:161} INFO - Started process (PID=1359) to work on /home/airflow/.local/lib/python3.8/site-packages/airflow/example_dags/example_branch_operator.py
[2026-06-12T11:12:44.326+0000] {processor.py:830} INFO - Processing file /home/airflow/.local/lib/python3.8/site-packages/airflow/example_dags/example_branch_operator.py for tasks to queue
[2026-06-12T11:12:44.328+0000] {logging_mixin.py:188} INFO - [2026-06-12T11:12:44.328+0000] {dagbag.py:538} INFO - Filling up the DagBag from /home/airflow/.local/lib/python3.8/site-packages/airflow/example_dags/example_branch_operator.py
[2026-06-12T11:12:44.356+0000] {processor.py:840} INFO - DAG(s) 'example_branch_operator' retrieved from /home/airflow/.local/lib/python3.8/site-packages/airflow/example_dags/example_branch_operator.py
[2026-06-12T11:12:44.412+0000] {logging_mixin.py:188} INFO - [2026-06-12T11:12:44.411+0000] {dag.py:3036} INFO - Sync 1 DAGs
[2026-06-12T11:12:44.447+0000] {logging_mixin.py:188} INFO - [2026-06-12T11:12:44.447+0000] {dag.py:3823} INFO - Setting next_dagrun for example_branch_operator to 2026-06-11 00:00:00+00:00, run_after=2026-06-12 00:00:00+00:00
[2026-06-12T11:12:44.477+0000] {processor.py:183} INFO - Processing /home/airflow/.local/lib/python3.8/site-packages/airflow/example_dags/example_branch_operator.py took 0.158 seconds
[2026-06-12T11:13:14.677+0000] {processor.py:161} INFO - Started process (PID=1425) to work on /home/airflow/.local/lib/python3.8/site-packages/airflow/example_dags/example_branch_operator.py
[2026-06-12T11:13:14.679+0000] {processor.py:830} INFO - Processing file /home/airflow/.local/lib/python3.8/site-packages/airflow/example_dags/example_branch_operator.py for tasks to queue
[2026-06-12T11:13:14.682+0000] {logging_mixin.py:188} INFO - [2026-06-12T11:13:14.682+0000] {dagbag.py:538} INFO - Filling up the DagBag from /home/airflow/.local/lib/python3.8/site-packages/airflow/example_dags/example_branch_operator.py
[2026-06-12T11:13:14.713+0000] {processor.py:840} INFO - DAG(s) 'example_branch_operator' retrieved from /home/airflow/.local/lib/python3.8/site-packages/airflow/example_dags/example_branch_operator.py
[2026-06-12T11:13:14.771+0000] {logging_mixin.py:188} INFO - [2026-06-12T11:13:14.771+0000] {dag.py:3036} INFO - Sync 1 DAGs
[2026-06-12T11:13:14.816+0000] {logging_mixin.py:188} INFO - [2026-06-12T11:13:14.816+0000] {dag.py:3823} INFO - Setting next_dagrun for example_branch_operator to 2026-06-11 00:00:00+00:00, run_after=2026-06-12 00:00:00+00:00
[2026-06-12T11:13:14.847+0000] {processor.py:183} INFO - Processing /home/airflow/.local/lib/python3.8/site-packages/airflow/example_dags/example_branch_operator.py took 0.174 seconds
[2026-06-12T11:13:45.328+0000] {processor.py:161} INFO - Started process (PID=1491) to work on /home/airflow/.local/lib/python3.8/site-packages/airflow/example_dags/example_branch_operator.py
[2026-06-12T11:13:45.329+0000] {processor.py:830} INFO - Processing file /home/airflow/.local/lib/python3.8/site-packages/airflow/example_dags/example_branch_operator.py for tasks to queue
[2026-06-12T11:13:45.331+0000] {logging_mixin.py:188} INFO - [2026-06-12T11:13:45.331+0000] {dagbag.py:538} INFO - Filling up the DagBag from /home/airflow/.local/lib/python3.8/site-packages/airflow/example_dags/example_branch_operator.py
[2026-06-12T11:13:45.362+0000] {processor.py:840} INFO - DAG(s) 'example_branch_operator' retrieved from /home/airflow/.local/lib/python3.8/site-packages/airflow/example_dags/example_branch_operator.py
[2026-06-12T11:13:45.413+0000] {logging_mixin.py:188} INFO - [2026-06-12T11:13:45.412+0000] {dag.py:3036} INFO - Sync 1 DAGs
[2026-06-12T11:13:45.454+0000] {logging_mixin.py:188} INFO - [2026-06-12T11:13:45.454+0000] {dag.py:3823} INFO - Setting next_dagrun for example_branch_operator to 2026-06-11 00:00:00+00:00, run_after=2026-06-12 00:00:00+00:00
[2026-06-12T11:13:45.490+0000] {processor.py:183} INFO - Processing /home/airflow/.local/lib/python3.8/site-packages/airflow/example_dags/example_branch_operator.py took 0.167 seconds
[2026-06-12T11:14:15.661+0000] {processor.py:161} INFO - Started process (PID=1565) to work on /home/airflow/.local/lib/python3.8/site-packages/airflow/example_dags/example_branch_operator.py
[2026-06-12T11:14:15.663+0000] {processor.py:830} INFO - Processing file /home/airflow/.local/lib/python3.8/site-packages/airflow/example_dags/example_branch_operator.py for tasks to queue
[2026-06-12T11:14:15.665+0000] {logging_mixin.py:188} INFO - [2026-06-12T11:14:15.665+0000] {dagbag.py:538} INFO - Filling up the DagBag from /home/airflow/.local/lib/python3.8/site-packages/airflow/example_dags/example_branch_operator.py
[2026-06-12T11:14:15.692+0000] {processor.py:840} INFO - DAG(s) 'example_branch_operator' retrieved from /home/airflow/.local/lib/python3.8/site-packages/airflow/example_dags/example_branch_operator.py
[2026-06-12T11:14:15.756+0000] {logging_mixin.py:188} INFO - [2026-06-12T11:14:15.755+0000] {dag.py:3036} INFO - Sync 1 DAGs
[2026-06-12T11:14:15.802+0000] {logging_mixin.py:188} INFO - [2026-06-12T11:14:15.802+0000] {dag.py:3823} INFO - Setting next_dagrun for example_branch_operator to 2026-06-11 00:00:00+00:00, run_after=2026-06-12 00:00:00+00:00
[2026-06-12T11:14:15.832+0000] {processor.py:183} INFO - Processing /home/airflow/.local/lib/python3.8/site-packages/airflow/example_dags/example_branch_operator.py took 0.177 seconds
[2026-06-12T11:14:46.218+0000] {processor.py:161} INFO - Started process (PID=1632) to work on /home/airflow/.local/lib/python3.8/site-packages/airflow/example_dags/example_branch_operator.py
[2026-06-12T11:14:46.220+0000] {processor.py:830} INFO - Processing file /home/airflow/.local/lib/python3.8/site-packages/airflow/example_dags/example_branch_operator.py for tasks to queue
[2026-06-12T11:14:46.223+0000] {logging_mixin.py:188} INFO - [2026-06-12T11:14:46.223+0000] {dagbag.py:538} INFO - Filling up the DagBag from /home/airflow/.local/lib/python3.8/site-packages/airflow/example_dags/example_branch_operator.py
[2026-06-12T11:14:46.273+0000] {processor.py:840} INFO - DAG(s) 'example_branch_operator' retrieved from /home/airflow/.local/lib/python3.8/site-packages/airflow/example_dags/example_branch_operator.py
[2026-06-12T11:14:46.335+0000] {logging_mixin.py:188} INFO - [2026-06-12T11:14:46.334+0000] {dag.py:3036} INFO - Sync 1 DAGs
[2026-06-12T11:14:46.389+0000] {logging_mixin.py:188} INFO - [2026-06-12T11:14:46.389+0000] {dag.py:3823} INFO - Setting next_dagrun for example_branch_operator to 2026-06-11 00:00:00+00:00, run_after=2026-06-12 00:00:00+00:00
[2026-06-12T11:14:46.443+0000] {processor.py:183} INFO - Processing /home/airflow/.local/lib/python3.8/site-packages/airflow/example_dags/example_branch_operator.py took 0.232 seconds
[2026-06-12T11:15:16.613+0000] {processor.py:161} INFO - Started process (PID=1698) to work on /home/airflow/.local/lib/python3.8/site-packages/airflow/example_dags/example_branch_operator.py
[2026-06-12T11:15:16.615+0000] {processor.py:830} INFO - Processing file /home/airflow/.local/lib/python3.8/site-packages/airflow/example_dags/example_branch_operator.py for tasks to queue
[2026-06-12T11:15:16.619+0000] {logging_mixin.py:188} INFO - [2026-06-12T11:15:16.618+0000] {dagbag.py:538} INFO - Filling up the DagBag from /home/airflow/.local/lib/python3.8/site-packages/airflow/example_dags/example_branch_operator.py
[2026-06-12T11:15:16.653+0000] {processor.py:840} INFO - DAG(s) 'example_branch_operator' retrieved from /home/airflow/.local/lib/python3.8/site-packages/airflow/example_dags/example_branch_operator.py
[2026-06-12T11:15:16.714+0000] {logging_mixin.py:188} INFO - [2026-06-12T11:15:16.713+0000] {dag.py:3036} INFO - Sync 1 DAGs
[2026-06-12T11:15:16.791+0000] {logging_mixin.py:188} INFO - [2026-06-12T11:15:16.791+0000] {dag.py:3823} INFO - Setting next_dagrun for example_branch_operator to 2026-06-11 00:00:00+00:00, run_after=2026-06-12 00:00:00+00:00
[2026-06-12T11:15:16.824+0000] {processor.py:183} INFO - Processing /home/airflow/.local/lib/python3.8/site-packages/airflow/example_dags/example_branch_operator.py took 0.217 seconds
[2026-06-12T11:15:47.220+0000] {processor.py:161} INFO - Started process (PID=1764) to work on /home/airflow/.local/lib/python3.8/site-packages/airflow/example_dags/example_branch_operator.py
[2026-06-12T11:15:47.221+0000] {processor.py:830} INFO - Processing file /home/airflow/.local/lib/python3.8/site-packages/airflow/example_dags/example_branch_operator.py for tasks to queue
[2026-06-12T11:15:47.225+0000] {logging_mixin.py:188} INFO - [2026-06-12T11:15:47.224+0000] {dagbag.py:538} INFO - Filling up the DagBag from /home/airflow/.local/lib/python3.8/site-packages/airflow/example_dags/example_branch_operator.py
[2026-06-12T11:15:47.277+0000] {processor.py:840} INFO - DAG(s) 'example_branch_operator' retrieved from /home/airflow/.local/lib/python3.8/site-packages/airflow/example_dags/example_branch_operator.py
[2026-06-12T11:15:47.359+0000] {logging_mixin.py:188} INFO - [2026-06-12T11:15:47.358+0000] {dag.py:3036} INFO - Sync 1 DAGs
[2026-06-12T11:15:47.405+0000] {logging_mixin.py:188} INFO - [2026-06-12T11:15:47.405+0000] {dag.py:3823} INFO - Setting next_dagrun for example_branch_operator to 2026-06-11 00:00:00+00:00, run_after=2026-06-12 00:00:00+00:00
[2026-06-12T11:15:47.441+0000] {processor.py:183} INFO - Processing /home/airflow/.local/lib/python3.8/site-packages/airflow/example_dags/example_branch_operator.py took 0.227 seconds
[2026-06-12T11:16:17.654+0000] {processor.py:161} INFO - Started process (PID=1829) to work on /home/airflow/.local/lib/python3.8/site-packages/airflow/example_dags/example_branch_operator.py
[2026-06-12T11:16:17.656+0000] {processor.py:830} INFO - Processing file /home/airflow/.local/lib/python3.8/site-packages/airflow/example_dags/example_branch_operator.py for tasks to queue
[2026-06-12T11:16:17.659+0000] {logging_mixin.py:188} INFO - [2026-06-12T11:16:17.659+0000] {dagbag.py:538} INFO - Filling up the DagBag from /home/airflow/.local/lib/python3.8/site-packages/airflow/example_dags/example_branch_operator.py
[2026-06-12T11:16:17.696+0000] {processor.py:840} INFO - DAG(s) 'example_branch_operator' retrieved from /home/airflow/.local/lib/python3.8/site-packages/airflow/example_dags/example_branch_operator.py
[2026-06-12T11:16:17.765+0000] {logging_mixin.py:188} INFO - [2026-06-12T11:16:17.764+0000] {dag.py:3036} INFO - Sync 1 DAGs
[2026-06-12T11:16:17.831+0000] {logging_mixin.py:188} INFO - [2026-06-12T11:16:17.830+0000] {dag.py:3823} INFO - Setting next_dagrun for example_branch_operator to 2026-06-11 00:00:00+00:00, run_after=2026-06-12 00:00:00+00:00
[2026-06-12T11:16:17.879+0000] {processor.py:183} INFO - Processing /home/airflow/.local/lib/python3.8/site-packages/airflow/example_dags/example_branch_operator.py took 0.231 seconds
[2026-06-12T11:16:48.135+0000] {processor.py:161} INFO - Started process (PID=1896) to work on /home/airflow/.local/lib/python3.8/site-packages/airflow/example_dags/example_branch_operator.py
[2026-06-12T11:16:48.137+0000] {processor.py:830} INFO - Processing file /home/airflow/.local/lib/python3.8/site-packages/airflow/example_dags/example_branch_operator.py for tasks to queue
[2026-06-12T11:16:48.140+0000] {logging_mixin.py:188} INFO - [2026-06-12T11:16:48.139+0000] {dagbag.py:538} INFO - Filling up the DagBag from /home/airflow/.local/lib/python3.8/site-packages/airflow/example_dags/example_branch_operator.py
[2026-06-12T11:16:48.171+0000] {processor.py:840} INFO - DAG(s) 'example_branch_operator' retrieved from /home/airflow/.local/lib/python3.8/site-packages/airflow/example_dags/example_branch_operator.py
[2026-06-12T11:16:48.222+0000] {logging_mixin.py:188} INFO - [2026-06-12T11:16:48.222+0000] {dag.py:3036} INFO - Sync 1 DAGs
[2026-06-12T11:16:48.260+0000] {logging_mixin.py:188} INFO - [2026-06-12T11:16:48.260+0000] {dag.py:3823} INFO - Setting next_dagrun for example_branch_operator to 2026-06-11 00:00:00+00:00, run_after=2026-06-12 00:00:00+00:00
[2026-06-12T11:16:48.288+0000] {processor.py:183} INFO - Processing /home/airflow/.local/lib/python3.8/site-packages/airflow/example_dags/example_branch_operator.py took 0.158 seconds
[2026-06-12T11:17:18.697+0000] {processor.py:161} INFO - Started process (PID=1961) to work on /home/airflow/.local/lib/python3.8/site-packages/airflow/example_dags/example_branch_operator.py
[2026-06-12T11:17:18.698+0000] {processor.py:830} INFO - Processing file /home/airflow/.local/lib/python3.8/site-packages/airflow/example_dags/example_branch_operator.py for tasks to queue
[2026-06-12T11:17:18.701+0000] {logging_mixin.py:188} INFO - [2026-06-12T11:17:18.700+0000] {dagbag.py:538} INFO - Filling up the DagBag from /home/airflow/.local/lib/python3.8/site-packages/airflow/example_dags/example_branch_operator.py
[2026-06-12T11:17:18.731+0000] {processor.py:840} INFO - DAG(s) 'example_branch_operator' retrieved from /home/airflow/.local/lib/python3.8/site-packages/airflow/example_dags/example_branch_operator.py
[2026-06-12T11:17:18.785+0000] {logging_mixin.py:188} INFO - [2026-06-12T11:17:18.785+0000] {dag.py:3036} INFO - Sync 1 DAGs
[2026-06-12T11:17:18.821+0000] {logging_mixin.py:188} INFO - [2026-06-12T11:17:18.821+0000] {dag.py:3823} INFO - Setting next_dagrun for example_branch_operator to 2026-06-11 00:00:00+00:00, run_after=2026-06-12 00:00:00+00:00
[2026-06-12T11:17:18.850+0000] {processor.py:183} INFO - Processing /home/airflow/.local/lib/python3.8/site-packages/airflow/example_dags/example_branch_operator.py took 0.157 seconds
[2026-06-12T11:17:49.229+0000] {processor.py:161} INFO - Started process (PID=2027) to work on /home/airflow/.local/lib/python3.8/site-packages/airflow/example_dags/example_branch_operator.py
[2026-06-12T11:17:49.231+0000] {processor.py:830} INFO - Processing file /home/airflow/.local/lib/python3.8/site-packages/airflow/example_dags/example_branch_operator.py for tasks to queue
[2026-06-12T11:17:49.234+0000] {logging_mixin.py:188} INFO - [2026-06-12T11:17:49.233+0000] {dagbag.py:538} INFO - Filling up the DagBag from /home/airflow/.local/lib/python3.8/site-packages/airflow/example_dags/example_branch_operator.py
[2026-06-12T11:17:49.261+0000] {processor.py:840} INFO - DAG(s) 'example_branch_operator' retrieved from /home/airflow/.local/lib/python3.8/site-packages/airflow/example_dags/example_branch_operator.py
[2026-06-12T11:17:49.316+0000] {logging_mixin.py:188} INFO - [2026-06-12T11:17:49.315+0000] {dag.py:3036} INFO - Sync 1 DAGs
[2026-06-12T11:17:49.358+0000] {logging_mixin.py:188} INFO - [2026-06-12T11:17:49.357+0000] {dag.py:3823} INFO - Setting next_dagrun for example_branch_operator to 2026-06-11 00:00:00+00:00, run_after=2026-06-12 00:00:00+00:00
[2026-06-12T11:17:49.385+0000] {processor.py:183} INFO - Processing /home/airflow/.local/lib/python3.8/site-packages/airflow/example_dags/example_branch_operator.py took 0.160 seconds
[2026-06-12T11:18:19.517+0000] {processor.py:161} INFO - Started process (PID=2093) to work on /home/airflow/.local/lib/python3.8/site-packages/airflow/example_dags/example_branch_operator.py
[2026-06-12T11:18:19.518+0000] {processor.py:830} INFO - Processing file /home/airflow/.local/lib/python3.8/site-packages/airflow/example_dags/example_branch_operator.py for tasks to queue
[2026-06-12T11:18:19.521+0000] {logging_mixin.py:188} INFO - [2026-06-12T11:18:19.521+0000] {dagbag.py:538} INFO - Filling up the DagBag from /home/airflow/.local/lib/python3.8/site-packages/airflow/example_dags/example_branch_operator.py
[2026-06-12T11:18:19.555+0000] {processor.py:840} INFO - DAG(s) 'example_branch_operator' retrieved from /home/airflow/.local/lib/python3.8/site-packages/airflow/example_dags/example_branch_operator.py
[2026-06-12T11:18:19.613+0000] {logging_mixin.py:188} INFO - [2026-06-12T11:18:19.612+0000] {dag.py:3036} INFO - Sync 1 DAGs
[2026-06-12T11:18:19.650+0000] {logging_mixin.py:188} INFO - [2026-06-12T11:18:19.650+0000] {dag.py:3823} INFO - Setting next_dagrun for example_branch_operator to 2026-06-11 00:00:00+00:00, run_after=2026-06-12 00:00:00+00:00
[2026-06-12T11:18:19.680+0000] {processor.py:183} INFO - Processing /home/airflow/.local/lib/python3.8/site-packages/airflow/example_dags/example_branch_operator.py took 0.169 seconds
[2026-06-12T11:18:49.827+0000] {processor.py:161} INFO - Started process (PID=2160) to work on /home/airflow/.local/lib/python3.8/site-packages/airflow/example_dags/example_branch_operator.py
[2026-06-12T11:18:49.829+0000] {processor.py:830} INFO - Processing file /home/airflow/.local/lib/python3.8/site-packages/airflow/example_dags/example_branch_operator.py for tasks to queue
[2026-06-12T11:18:49.833+0000] {logging_mixin.py:188} INFO - [2026-06-12T11:18:49.832+0000] {dagbag.py:538} INFO - Filling up the DagBag from /home/airflow/.local/lib/python3.8/site-packages/airflow/example_dags/example_branch_operator.py
[2026-06-12T11:18:49.868+0000] {processor.py:840} INFO - DAG(s) 'example_branch_operator' retrieved from /home/airflow/.local/lib/python3.8/site-packages/airflow/example_dags/example_branch_operator.py
[2026-06-12T11:18:49.921+0000] {logging_mixin.py:188} INFO - [2026-06-12T11:18:49.920+0000] {dag.py:3036} INFO - Sync 1 DAGs
[2026-06-12T11:18:49.956+0000] {logging_mixin.py:188} INFO - [2026-06-12T11:18:49.956+0000] {dag.py:3823} INFO - Setting next_dagrun for example_branch_operator to 2026-06-11 00:00:00+00:00, run_after=2026-06-12 00:00:00+00:00
[2026-06-12T11:18:49.987+0000] {processor.py:183} INFO - Processing /home/airflow/.local/lib/python3.8/site-packages/airflow/example_dags/example_branch_operator.py took 0.166 seconds
[2026-06-12T11:19:20.081+0000] {processor.py:161} INFO - Started process (PID=2224) to work on /home/airflow/.local/lib/python3.8/site-packages/airflow/example_dags/example_branch_operator.py
[2026-06-12T11:19:20.082+0000] {processor.py:830} INFO - Processing file /home/airflow/.local/lib/python3.8/site-packages/airflow/example_dags/example_branch_operator.py for tasks to queue
[2026-06-12T11:19:20.085+0000] {logging_mixin.py:188} INFO - [2026-06-12T11:19:20.085+0000] {dagbag.py:538} INFO - Filling up the DagBag from /home/airflow/.local/lib/python3.8/site-packages/airflow/example_dags/example_branch_operator.py
[2026-06-12T11:19:20.113+0000] {processor.py:840} INFO - DAG(s) 'example_branch_operator' retrieved from /home/airflow/.local/lib/python3.8/site-packages/airflow/example_dags/example_branch_operator.py
[2026-06-12T11:19:20.166+0000] {logging_mixin.py:188} INFO - [2026-06-12T11:19:20.165+0000] {dag.py:3036} INFO - Sync 1 DAGs
[2026-06-12T11:19:20.213+0000] {logging_mixin.py:188} INFO - [2026-06-12T11:19:20.213+0000] {dag.py:3823} INFO - Setting next_dagrun for example_branch_operator to 2026-06-11 00:00:00+00:00, run_after=2026-06-12 00:00:00+00:00
[2026-06-12T11:19:20.250+0000] {processor.py:183} INFO - Processing /home/airflow/.local/lib/python3.8/site-packages/airflow/example_dags/example_branch_operator.py took 0.175 seconds
[2026-06-12T11:19:50.476+0000] {processor.py:161} INFO - Started process (PID=2298) to work on /home/airflow/.local/lib/python3.8/site-packages/airflow/example_dags/example_branch_operator.py
[2026-06-12T11:19:50.478+0000] {processor.py:830} INFO - Processing file /home/airflow/.local/lib/python3.8/site-packages/airflow/example_dags/example_branch_operator.py for tasks to queue
[2026-06-12T11:19:50.480+0000] {logging_mixin.py:188} INFO - [2026-06-12T11:19:50.480+0000] {dagbag.py:538} INFO - Filling up the DagBag from /home/airflow/.local/lib/python3.8/site-packages/airflow/example_dags/example_branch_operator.py
[2026-06-12T11:19:50.513+0000] {processor.py:840} INFO - DAG(s) 'example_branch_operator' retrieved from /home/airflow/.local/lib/python3.8/site-packages/airflow/example_dags/example_branch_operator.py
[2026-06-12T11:19:50.573+0000] {logging_mixin.py:188} INFO - [2026-06-12T11:19:50.572+0000] {dag.py:3036} INFO - Sync 1 DAGs
[2026-06-12T11:19:50.639+0000] {logging_mixin.py:188} INFO - [2026-06-12T11:19:50.638+0000] {dag.py:3823} INFO - Setting next_dagrun for example_branch_operator to 2026-06-11 00:00:00+00:00, run_after=2026-06-12 00:00:00+00:00
[2026-06-12T11:19:50.674+0000] {processor.py:183} INFO - Processing /home/airflow/.local/lib/python3.8/site-packages/airflow/example_dags/example_branch_operator.py took 0.204 seconds
[2026-06-12T11:20:20.929+0000] {processor.py:161} INFO - Started process (PID=2364) to work on /home/airflow/.local/lib/python3.8/site-packages/airflow/example_dags/example_branch_operator.py
[2026-06-12T11:20:20.931+0000] {processor.py:830} INFO - Processing file /home/airflow/.local/lib/python3.8/site-packages/airflow/example_dags/example_branch_operator.py for tasks to queue
[2026-06-12T11:20:20.935+0000] {logging_mixin.py:188} INFO - [2026-06-12T11:20:20.934+0000] {dagbag.py:538} INFO - Filling up the DagBag from /home/airflow/.local/lib/python3.8/site-packages/airflow/example_dags/example_branch_operator.py
[2026-06-12T11:20:20.972+0000] {processor.py:840} INFO - DAG(s) 'example_branch_operator' retrieved from /home/airflow/.local/lib/python3.8/site-packages/airflow/example_dags/example_branch_operator.py
[2026-06-12T11:20:21.040+0000] {logging_mixin.py:188} INFO - [2026-06-12T11:20:21.040+0000] {dag.py:3036} INFO - Sync 1 DAGs
[2026-06-12T11:20:21.089+0000] {logging_mixin.py:188} INFO - [2026-06-12T11:20:21.089+0000] {dag.py:3823} INFO - Setting next_dagrun for example_branch_operator to 2026-06-11 00:00:00+00:00, run_after=2026-06-12 00:00:00+00:00
[2026-06-12T11:20:21.126+0000] {processor.py:183} INFO - Processing /home/airflow/.local/lib/python3.8/site-packages/airflow/example_dags/example_branch_operator.py took 0.202 seconds
[2026-06-12T11:20:51.295+0000] {processor.py:161} INFO - Started process (PID=2431) to work on /home/airflow/.local/lib/python3.8/site-packages/airflow/example_dags/example_branch_operator.py
[2026-06-12T11:20:51.297+0000] {processor.py:830} INFO - Processing file /home/airflow/.local/lib/python3.8/site-packages/airflow/example_dags/example_branch_operator.py for tasks to queue
[2026-06-12T11:20:51.300+0000] {logging_mixin.py:188} INFO - [2026-06-12T11:20:51.299+0000] {dagbag.py:538} INFO - Filling up the DagBag from /home/airflow/.local/lib/python3.8/site-packages/airflow/example_dags/example_branch_operator.py
[2026-06-12T11:20:51.329+0000] {processor.py:840} INFO - DAG(s) 'example_branch_operator' retrieved from /home/airflow/.local/lib/python3.8/site-packages/airflow/example_dags/example_branch_operator.py
[2026-06-12T11:20:51.423+0000] {logging_mixin.py:188} INFO - [2026-06-12T11:20:51.423+0000] {dag.py:3036} INFO - Sync 1 DAGs
[2026-06-12T11:20:51.481+0000] {logging_mixin.py:188} INFO - [2026-06-12T11:20:51.481+0000] {dag.py:3823} INFO - Setting next_dagrun for example_branch_operator to 2026-06-11 00:00:00+00:00, run_after=2026-06-12 00:00:00+00:00
[2026-06-12T11:20:51.547+0000] {processor.py:183} INFO - Processing /home/airflow/.local/lib/python3.8/site-packages/airflow/example_dags/example_branch_operator.py took 0.257 seconds
[2026-06-12T11:21:21.737+0000] {processor.py:161} INFO - Started process (PID=2498) to work on /home/airflow/.local/lib/python3.8/site-packages/airflow/example_dags/example_branch_operator.py
[2026-06-12T11:21:21.739+0000] {processor.py:830} INFO - Processing file /home/airflow/.local/lib/python3.8/site-packages/airflow/example_dags/example_branch_operator.py for tasks to queue
[2026-06-12T11:21:21.741+0000] {logging_mixin.py:188} INFO - [2026-06-12T11:21:21.741+0000] {dagbag.py:538} INFO - Filling up the DagBag from /home/airflow/.local/lib/python3.8/site-packages/airflow/example_dags/example_branch_operator.py
[2026-06-12T11:21:21.773+0000] {processor.py:840} INFO - DAG(s) 'example_branch_operator' retrieved from /home/airflow/.local/lib/python3.8/site-packages/airflow/example_dags/example_branch_operator.py
[2026-06-12T11:21:21.822+0000] {logging_mixin.py:188} INFO - [2026-06-12T11:21:21.822+0000] {dag.py:3036} INFO - Sync 1 DAGs
[2026-06-12T11:21:21.860+0000] {logging_mixin.py:188} INFO - [2026-06-12T11:21:21.860+0000] {dag.py:3823} INFO - Setting next_dagrun for example_branch_operator to 2026-06-11 00:00:00+00:00, run_after=2026-06-12 00:00:00+00:00
[2026-06-12T11:21:21.889+0000] {processor.py:183} INFO - Processing /home/airflow/.local/lib/python3.8/site-packages/airflow/example_dags/example_branch_operator.py took 0.157 seconds
[2026-06-12T11:21:52.406+0000] {processor.py:161} INFO - Started process (PID=2562) to work on /home/airflow/.local/lib/python3.8/site-packages/airflow/example_dags/example_branch_operator.py
[2026-06-12T11:21:52.407+0000] {processor.py:830} INFO - Processing file /home/airflow/.local/lib/python3.8/site-packages/airflow/example_dags/example_branch_operator.py for tasks to queue
[2026-06-12T11:21:52.410+0000] {logging_mixin.py:188} INFO - [2026-06-12T11:21:52.409+0000] {dagbag.py:538} INFO - Filling up the DagBag from /home/airflow/.local/lib/python3.8/site-packages/airflow/example_dags/example_branch_operator.py
[2026-06-12T11:21:52.444+0000] {processor.py:840} INFO - DAG(s) 'example_branch_operator' retrieved from /home/airflow/.local/lib/python3.8/site-packages/airflow/example_dags/example_branch_operator.py
[2026-06-12T11:21:52.506+0000] {logging_mixin.py:188} INFO - [2026-06-12T11:21:52.505+0000] {dag.py:3036} INFO - Sync 1 DAGs
[2026-06-12T11:21:52.553+0000] {logging_mixin.py:188} INFO - [2026-06-12T11:21:52.553+0000] {dag.py:3823} INFO - Setting next_dagrun for example_branch_operator to 2026-06-11 00:00:00+00:00, run_after=2026-06-12 00:00:00+00:00
[2026-06-12T11:21:52.588+0000] {processor.py:183} INFO - Processing /home/airflow/.local/lib/python3.8/site-packages/airflow/example_dags/example_branch_operator.py took 0.188 seconds
[2026-06-12T11:22:23.108+0000] {processor.py:161} INFO - Started process (PID=2628) to work on /home/airflow/.local/lib/python3.8/site-packages/airflow/example_dags/example_branch_operator.py
[2026-06-12T11:22:23.110+0000] {processor.py:830} INFO - Processing file /home/airflow/.local/lib/python3.8/site-packages/airflow/example_dags/example_branch_operator.py for tasks to queue
[2026-06-12T11:22:23.113+0000] {logging_mixin.py:188} INFO - [2026-06-12T11:22:23.112+0000] {dagbag.py:538} INFO - Filling up the DagBag from /home/airflow/.local/lib/python3.8/site-packages/airflow/example_dags/example_branch_operator.py
[2026-06-12T11:22:23.149+0000] {processor.py:840} INFO - DAG(s) 'example_branch_operator' retrieved from /home/airflow/.local/lib/python3.8/site-packages/airflow/example_dags/example_branch_operator.py
[2026-06-12T11:22:23.212+0000] {logging_mixin.py:188} INFO - [2026-06-12T11:22:23.212+0000] {dag.py:3036} INFO - Sync 1 DAGs
[2026-06-12T11:22:23.253+0000] {logging_mixin.py:188} INFO - [2026-06-12T11:22:23.253+0000] {dag.py:3823} INFO - Setting next_dagrun for example_branch_operator to 2026-06-11 00:00:00+00:00, run_after=2026-06-12 00:00:00+00:00
[2026-06-12T11:22:23.281+0000] {processor.py:183} INFO - Processing /home/airflow/.local/lib/python3.8/site-packages/airflow/example_dags/example_branch_operator.py took 0.179 seconds
[2026-06-12T11:22:53.649+0000] {processor.py:161} INFO - Started process (PID=2694) to work on /home/airflow/.local/lib/python3.8/site-packages/airflow/example_dags/example_branch_operator.py
[2026-06-12T11:22:53.651+0000] {processor.py:830} INFO - Processing file /home/airflow/.local/lib/python3.8/site-packages/airflow/example_dags/example_branch_operator.py for tasks to queue
[2026-06-12T11:22:53.653+0000] {logging_mixin.py:188} INFO - [2026-06-12T11:22:53.653+0000] {dagbag.py:538} INFO - Filling up the DagBag from /home/airflow/.local/lib/python3.8/site-packages/airflow/example_dags/example_branch_operator.py
[2026-06-12T11:22:53.684+0000] {processor.py:840} INFO - DAG(s) 'example_branch_operator' retrieved from /home/airflow/.local/lib/python3.8/site-packages/airflow/example_dags/example_branch_operator.py
[2026-06-12T11:22:53.739+0000] {logging_mixin.py:188} INFO - [2026-06-12T11:22:53.739+0000] {dag.py:3036} INFO - Sync 1 DAGs
[2026-06-12T11:22:53.785+0000] {logging_mixin.py:188} INFO - [2026-06-12T11:22:53.784+0000] {dag.py:3823} INFO - Setting next_dagrun for example_branch_operator to 2026-06-11 00:00:00+00:00, run_after=2026-06-12 00:00:00+00:00
[2026-06-12T11:22:53.816+0000] {processor.py:183} INFO - Processing /home/airflow/.local/lib/python3.8/site-packages/airflow/example_dags/example_branch_operator.py took 0.172 seconds
[2026-06-12T11:23:24.575+0000] {processor.py:161} INFO - Started process (PID=2760) to work on /home/airflow/.local/lib/python3.8/site-packages/airflow/example_dags/example_branch_operator.py
[2026-06-12T11:23:24.577+0000] {processor.py:830} INFO - Processing file /home/airflow/.local/lib/python3.8/site-packages/airflow/example_dags/example_branch_operator.py for tasks to queue
[2026-06-12T11:23:24.580+0000] {logging_mixin.py:188} INFO - [2026-06-12T11:23:24.579+0000] {dagbag.py:538} INFO - Filling up the DagBag from /home/airflow/.local/lib/python3.8/site-packages/airflow/example_dags/example_branch_operator.py
[2026-06-12T11:23:24.608+0000] {processor.py:840} INFO - DAG(s) 'example_branch_operator' retrieved from /home/airflow/.local/lib/python3.8/site-packages/airflow/example_dags/example_branch_operator.py
[2026-06-12T11:23:24.660+0000] {logging_mixin.py:188} INFO - [2026-06-12T11:23:24.660+0000] {dag.py:3036} INFO - Sync 1 DAGs
[2026-06-12T11:23:24.699+0000] {logging_mixin.py:188} INFO - [2026-06-12T11:23:24.698+0000] {dag.py:3823} INFO - Setting next_dagrun for example_branch_operator to 2026-06-11 00:00:00+00:00, run_after=2026-06-12 00:00:00+00:00
[2026-06-12T11:23:24.728+0000] {processor.py:183} INFO - Processing /home/airflow/.local/lib/python3.8/site-packages/airflow/example_dags/example_branch_operator.py took 0.158 seconds
[2026-06-12T11:23:55.559+0000] {processor.py:161} INFO - Started process (PID=2833) to work on /home/airflow/.local/lib/python3.8/site-packages/airflow/example_dags/example_branch_operator.py
[2026-06-12T11:23:55.561+0000] {processor.py:830} INFO - Processing file /home/airflow/.local/lib/python3.8/site-packages/airflow/example_dags/example_branch_operator.py for tasks to queue
[2026-06-12T11:23:55.564+0000] {logging_mixin.py:188} INFO - [2026-06-12T11:23:55.563+0000] {dagbag.py:538} INFO - Filling up the DagBag from /home/airflow/.local/lib/python3.8/site-packages/airflow/example_dags/example_branch_operator.py
[2026-06-12T11:23:55.601+0000] {processor.py:840} INFO - DAG(s) 'example_branch_operator' retrieved from /home/airflow/.local/lib/python3.8/site-packages/airflow/example_dags/example_branch_operator.py
[2026-06-12T11:23:55.659+0000] {logging_mixin.py:188} INFO - [2026-06-12T11:23:55.658+0000] {dag.py:3036} INFO - Sync 1 DAGs
[2026-06-12T11:23:55.892+0000] {logging_mixin.py:188} INFO - [2026-06-12T11:23:55.892+0000] {dag.py:3823} INFO - Setting next_dagrun for example_branch_operator to 2026-06-11 00:00:00+00:00, run_after=2026-06-12 00:00:00+00:00
[2026-06-12T11:23:55.917+0000] {processor.py:183} INFO - Processing /home/airflow/.local/lib/python3.8/site-packages/airflow/example_dags/example_branch_operator.py took 0.364 seconds
[2026-06-12T11:24:26.184+0000] {processor.py:161} INFO - Started process (PID=2899) to work on /home/airflow/.local/lib/python3.8/site-packages/airflow/example_dags/example_branch_operator.py
[2026-06-12T11:24:26.187+0000] {processor.py:830} INFO - Processing file /home/airflow/.local/lib/python3.8/site-packages/airflow/example_dags/example_branch_operator.py for tasks to queue
[2026-06-12T11:24:26.190+0000] {logging_mixin.py:188} INFO - [2026-06-12T11:24:26.189+0000] {dagbag.py:538} INFO - Filling up the DagBag from /home/airflow/.local/lib/python3.8/site-packages/airflow/example_dags/example_branch_operator.py
[2026-06-12T11:24:26.227+0000] {processor.py:840} INFO - DAG(s) 'example_branch_operator' retrieved from /home/airflow/.local/lib/python3.8/site-packages/airflow/example_dags/example_branch_operator.py
[2026-06-12T11:24:26.290+0000] {logging_mixin.py:188} INFO - [2026-06-12T11:24:26.289+0000] {dag.py:3036} INFO - Sync 1 DAGs
[2026-06-12T11:24:26.360+0000] {logging_mixin.py:188} INFO - [2026-06-12T11:24:26.359+0000] {dag.py:3823} INFO - Setting next_dagrun for example_branch_operator to 2026-06-11 00:00:00+00:00, run_after=2026-06-12 00:00:00+00:00
[2026-06-12T11:24:26.415+0000] {processor.py:183} INFO - Processing /home/airflow/.local/lib/python3.8/site-packages/airflow/example_dags/example_branch_operator.py took 0.237 seconds
[2026-06-12T11:24:56.927+0000] {processor.py:161} INFO - Started process (PID=2965) to work on /home/airflow/.local/lib/python3.8/site-packages/airflow/example_dags/example_branch_operator.py
[2026-06-12T11:24:56.929+0000] {processor.py:830} INFO - Processing file /home/airflow/.local/lib/python3.8/site-packages/airflow/example_dags/example_branch_operator.py for tasks to queue
[2026-06-12T11:24:56.932+0000] {logging_mixin.py:188} INFO - [2026-06-12T11:24:56.931+0000] {dagbag.py:538} INFO - Filling up the DagBag from /home/airflow/.local/lib/python3.8/site-packages/airflow/example_dags/example_branch_operator.py
[2026-06-12T11:24:56.970+0000] {processor.py:840} INFO - DAG(s) 'example_branch_operator' retrieved from /home/airflow/.local/lib/python3.8/site-packages/airflow/example_dags/example_branch_operator.py
[2026-06-12T11:24:57.025+0000] {logging_mixin.py:188} INFO - [2026-06-12T11:24:57.025+0000] {dag.py:3036} INFO - Sync 1 DAGs
[2026-06-12T11:24:57.063+0000] {logging_mixin.py:188} INFO - [2026-06-12T11:24:57.063+0000] {dag.py:3823} INFO - Setting next_dagrun for example_branch_operator to 2026-06-11 00:00:00+00:00, run_after=2026-06-12 00:00:00+00:00
[2026-06-12T11:24:57.106+0000] {processor.py:183} INFO - Processing /home/airflow/.local/lib/python3.8/site-packages/airflow/example_dags/example_branch_operator.py took 0.185 seconds
[2026-06-12T11:25:29.029+0000] {processor.py:161} INFO - Started process (PID=3032) to work on /home/airflow/.local/lib/python3.8/site-packages/airflow/example_dags/example_branch_operator.py
[2026-06-12T11:25:29.031+0000] {processor.py:830} INFO - Processing file /home/airflow/.local/lib/python3.8/site-packages/airflow/example_dags/example_branch_operator.py for tasks to queue
[2026-06-12T11:25:29.034+0000] {logging_mixin.py:188} INFO - [2026-06-12T11:25:29.033+0000] {dagbag.py:538} INFO - Filling up the DagBag from /home/airflow/.local/lib/python3.8/site-packages/airflow/example_dags/example_branch_operator.py
[2026-06-12T11:25:29.061+0000] {processor.py:840} INFO - DAG(s) 'example_branch_operator' retrieved from /home/airflow/.local/lib/python3.8/site-packages/airflow/example_dags/example_branch_operator.py
[2026-06-12T11:25:29.113+0000] {logging_mixin.py:188} INFO - [2026-06-12T11:25:29.112+0000] {dag.py:3036} INFO - Sync 1 DAGs
[2026-06-12T11:25:29.159+0000] {logging_mixin.py:188} INFO - [2026-06-12T11:25:29.159+0000] {dag.py:3823} INFO - Setting next_dagrun for example_branch_operator to 2026-06-11 00:00:00+00:00, run_after=2026-06-12 00:00:00+00:00
[2026-06-12T11:25:29.207+0000] {processor.py:183} INFO - Processing /home/airflow/.local/lib/python3.8/site-packages/airflow/example_dags/example_branch_operator.py took 0.183 seconds
[2026-06-12T11:26:00.163+0000] {processor.py:161} INFO - Started process (PID=3095) to work on /home/airflow/.local/lib/python3.8/site-packages/airflow/example_dags/example_branch_operator.py
[2026-06-12T11:26:00.165+0000] {processor.py:830} INFO - Processing file /home/airflow/.local/lib/python3.8/site-packages/airflow/example_dags/example_branch_operator.py for tasks to queue
[2026-06-12T11:26:00.167+0000] {logging_mixin.py:188} INFO - [2026-06-12T11:26:00.167+0000] {dagbag.py:538} INFO - Filling up the DagBag from /home/airflow/.local/lib/python3.8/site-packages/airflow/example_dags/example_branch_operator.py
[2026-06-12T11:26:00.198+0000] {processor.py:840} INFO - DAG(s) 'example_branch_operator' retrieved from /home/airflow/.local/lib/python3.8/site-packages/airflow/example_dags/example_branch_operator.py
[2026-06-12T11:26:00.250+0000] {logging_mixin.py:188} INFO - [2026-06-12T11:26:00.249+0000] {dag.py:3036} INFO - Sync 1 DAGs
[2026-06-12T11:26:00.483+0000] {logging_mixin.py:188} INFO - [2026-06-12T11:26:00.482+0000] {dag.py:3823} INFO - Setting next_dagrun for example_branch_operator to 2026-06-11 00:00:00+00:00, run_after=2026-06-12 00:00:00+00:00
[2026-06-12T11:26:00.519+0000] {processor.py:183} INFO - Processing /home/airflow/.local/lib/python3.8/site-packages/airflow/example_dags/example_branch_operator.py took 0.363 seconds
[2026-06-12T11:26:31.051+0000] {processor.py:161} INFO - Started process (PID=3162) to work on /home/airflow/.local/lib/python3.8/site-packages/airflow/example_dags/example_branch_operator.py
[2026-06-12T11:26:31.052+0000] {processor.py:830} INFO - Processing file /home/airflow/.local/lib/python3.8/site-packages/airflow/example_dags/example_branch_operator.py for tasks to queue
[2026-06-12T11:26:31.055+0000] {logging_mixin.py:188} INFO - [2026-06-12T11:26:31.054+0000] {dagbag.py:538} INFO - Filling up the DagBag from /home/airflow/.local/lib/python3.8/site-packages/airflow/example_dags/example_branch_operator.py
[2026-06-12T11:26:31.082+0000] {processor.py:840} INFO - DAG(s) 'example_branch_operator' retrieved from /home/airflow/.local/lib/python3.8/site-packages/airflow/example_dags/example_branch_operator.py
[2026-06-12T11:26:31.132+0000] {logging_mixin.py:188} INFO - [2026-06-12T11:26:31.132+0000] {dag.py:3036} INFO - Sync 1 DAGs
[2026-06-12T11:26:31.355+0000] {logging_mixin.py:188} INFO - [2026-06-12T11:26:31.355+0000] {dag.py:3823} INFO - Setting next_dagrun for example_branch_operator to 2026-06-11 00:00:00+00:00, run_after=2026-06-12 00:00:00+00:00
[2026-06-12T11:26:31.383+0000] {processor.py:183} INFO - Processing /home/airflow/.local/lib/python3.8/site-packages/airflow/example_dags/example_branch_operator.py took 0.337 seconds
[2026-06-12T11:27:01.735+0000] {processor.py:161} INFO - Started process (PID=3229) to work on /home/airflow/.local/lib/python3.8/site-packages/airflow/example_dags/example_branch_operator.py
[2026-06-12T11:27:01.737+0000] {processor.py:830} INFO - Processing file /home/airflow/.local/lib/python3.8/site-packages/airflow/example_dags/example_branch_operator.py for tasks to queue
[2026-06-12T11:27:01.740+0000] {logging_mixin.py:188} INFO - [2026-06-12T11:27:01.740+0000] {dagbag.py:538} INFO - Filling up the DagBag from /home/airflow/.local/lib/python3.8/site-packages/airflow/example_dags/example_branch_operator.py
[2026-06-12T11:27:01.773+0000] {processor.py:840} INFO - DAG(s) 'example_branch_operator' retrieved from /home/airflow/.local/lib/python3.8/site-packages/airflow/example_dags/example_branch_operator.py
[2026-06-12T11:27:01.823+0000] {logging_mixin.py:188} INFO - [2026-06-12T11:27:01.822+0000] {dag.py:3036} INFO - Sync 1 DAGs
[2026-06-12T11:27:01.868+0000] {logging_mixin.py:188} INFO - [2026-06-12T11:27:01.868+0000] {dag.py:3823} INFO - Setting next_dagrun for example_branch_operator to 2026-06-11 00:00:00+00:00, run_after=2026-06-12 00:00:00+00:00
[2026-06-12T11:27:01.898+0000] {processor.py:183} INFO - Processing /home/airflow/.local/lib/python3.8/site-packages/airflow/example_dags/example_branch_operator.py took 0.168 seconds
[2026-06-12T11:27:32.540+0000] {processor.py:161} INFO - Started process (PID=3295) to work on /home/airflow/.local/lib/python3.8/site-packages/airflow/example_dags/example_branch_operator.py
[2026-06-12T11:27:32.541+0000] {processor.py:830} INFO - Processing file /home/airflow/.local/lib/python3.8/site-packages/airflow/example_dags/example_branch_operator.py for tasks to queue
[2026-06-12T11:27:32.544+0000] {logging_mixin.py:188} INFO - [2026-06-12T11:27:32.544+0000] {dagbag.py:538} INFO - Filling up the DagBag from /home/airflow/.local/lib/python3.8/site-packages/airflow/example_dags/example_branch_operator.py
[2026-06-12T11:27:32.579+0000] {processor.py:840} INFO - DAG(s) 'example_branch_operator' retrieved from /home/airflow/.local/lib/python3.8/site-packages/airflow/example_dags/example_branch_operator.py
[2026-06-12T11:27:32.664+0000] {logging_mixin.py:188} INFO - [2026-06-12T11:27:32.664+0000] {dag.py:3036} INFO - Sync 1 DAGs
[2026-06-12T11:27:32.718+0000] {logging_mixin.py:188} INFO - [2026-06-12T11:27:32.717+0000] {dag.py:3823} INFO - Setting next_dagrun for example_branch_operator to 2026-06-11 00:00:00+00:00, run_after=2026-06-12 00:00:00+00:00
[2026-06-12T11:27:32.751+0000] {processor.py:183} INFO - Processing /home/airflow/.local/lib/python3.8/site-packages/airflow/example_dags/example_branch_operator.py took 0.217 seconds
[2026-06-12T11:28:03.125+0000] {processor.py:161} INFO - Started process (PID=3368) to work on /home/airflow/.local/lib/python3.8/site-packages/airflow/example_dags/example_branch_operator.py
[2026-06-12T11:28:03.129+0000] {processor.py:830} INFO - Processing file /home/airflow/.local/lib/python3.8/site-packages/airflow/example_dags/example_branch_operator.py for tasks to queue
[2026-06-12T11:28:03.133+0000] {logging_mixin.py:188} INFO - [2026-06-12T11:28:03.132+0000] {dagbag.py:538} INFO - Filling up the DagBag from /home/airflow/.local/lib/python3.8/site-packages/airflow/example_dags/example_branch_operator.py
[2026-06-12T11:28:03.167+0000] {processor.py:840} INFO - DAG(s) 'example_branch_operator' retrieved from /home/airflow/.local/lib/python3.8/site-packages/airflow/example_dags/example_branch_operator.py
[2026-06-12T11:28:03.233+0000] {logging_mixin.py:188} INFO - [2026-06-12T11:28:03.233+0000] {dag.py:3036} INFO - Sync 1 DAGs
[2026-06-12T11:28:03.280+0000] {logging_mixin.py:188} INFO - [2026-06-12T11:28:03.279+0000] {dag.py:3823} INFO - Setting next_dagrun for example_branch_operator to 2026-06-11 00:00:00+00:00, run_after=2026-06-12 00:00:00+00:00
[2026-06-12T11:28:03.314+0000] {processor.py:183} INFO - Processing /home/airflow/.local/lib/python3.8/site-packages/airflow/example_dags/example_branch_operator.py took 0.203 seconds
[2026-06-12T11:28:33.710+0000] {processor.py:161} INFO - Started process (PID=3433) to work on /home/airflow/.local/lib/python3.8/site-packages/airflow/example_dags/example_branch_operator.py
[2026-06-12T11:28:33.711+0000] {processor.py:830} INFO - Processing file /home/airflow/.local/lib/python3.8/site-packages/airflow/example_dags/example_branch_operator.py for tasks to queue
[2026-06-12T11:28:33.714+0000] {logging_mixin.py:188} INFO - [2026-06-12T11:28:33.714+0000] {dagbag.py:538} INFO - Filling up the DagBag from /home/airflow/.local/lib/python3.8/site-packages/airflow/example_dags/example_branch_operator.py
[2026-06-12T11:28:33.753+0000] {processor.py:840} INFO - DAG(s) 'example_branch_operator' retrieved from /home/airflow/.local/lib/python3.8/site-packages/airflow/example_dags/example_branch_operator.py
[2026-06-12T11:28:33.819+0000] {logging_mixin.py:188} INFO - [2026-06-12T11:28:33.818+0000] {dag.py:3036} INFO - Sync 1 DAGs
[2026-06-12T11:28:33.880+0000] {logging_mixin.py:188} INFO - [2026-06-12T11:28:33.880+0000] {dag.py:3823} INFO - Setting next_dagrun for example_branch_operator to 2026-06-11 00:00:00+00:00, run_after=2026-06-12 00:00:00+00:00
[2026-06-12T11:28:33.942+0000] {processor.py:183} INFO - Processing /home/airflow/.local/lib/python3.8/site-packages/airflow/example_dags/example_branch_operator.py took 0.239 seconds
[2026-06-12T11:29:04.073+0000] {processor.py:161} INFO - Started process (PID=3499) to work on /home/airflow/.local/lib/python3.8/site-packages/airflow/example_dags/example_branch_operator.py
[2026-06-12T11:29:04.075+0000] {processor.py:830} INFO - Processing file /home/airflow/.local/lib/python3.8/site-packages/airflow/example_dags/example_branch_operator.py for tasks to queue
[2026-06-12T11:29:04.078+0000] {logging_mixin.py:188} INFO - [2026-06-12T11:29:04.078+0000] {dagbag.py:538} INFO - Filling up the DagBag from /home/airflow/.local/lib/python3.8/site-packages/airflow/example_dags/example_branch_operator.py
[2026-06-12T11:29:04.112+0000] {processor.py:840} INFO - DAG(s) 'example_branch_operator' retrieved from /home/airflow/.local/lib/python3.8/site-packages/airflow/example_dags/example_branch_operator.py
[2026-06-12T11:29:04.190+0000] {logging_mixin.py:188} INFO - [2026-06-12T11:29:04.189+0000] {dag.py:3036} INFO - Sync 1 DAGs
[2026-06-12T11:29:04.246+0000] {logging_mixin.py:188} INFO - [2026-06-12T11:29:04.245+0000] {dag.py:3823} INFO - Setting next_dagrun for example_branch_operator to 2026-06-11 00:00:00+00:00, run_after=2026-06-12 00:00:00+00:00
[2026-06-12T11:29:04.281+0000] {processor.py:183} INFO - Processing /home/airflow/.local/lib/python3.8/site-packages/airflow/example_dags/example_branch_operator.py took 0.214 seconds
[2026-06-12T11:29:34.868+0000] {processor.py:161} INFO - Started process (PID=3564) to work on /home/airflow/.local/lib/python3.8/site-packages/airflow/example_dags/example_branch_operator.py
[2026-06-12T11:29:34.870+0000] {processor.py:830} INFO - Processing file /home/airflow/.local/lib/python3.8/site-packages/airflow/example_dags/example_branch_operator.py for tasks to queue
[2026-06-12T11:29:34.873+0000] {logging_mixin.py:188} INFO - [2026-06-12T11:29:34.872+0000] {dagbag.py:538} INFO - Filling up the DagBag from /home/airflow/.local/lib/python3.8/site-packages/airflow/example_dags/example_branch_operator.py
[2026-06-12T11:29:34.904+0000] {processor.py:840} INFO - DAG(s) 'example_branch_operator' retrieved from /home/airflow/.local/lib/python3.8/site-packages/airflow/example_dags/example_branch_operator.py
[2026-06-12T11:29:34.965+0000] {logging_mixin.py:188} INFO - [2026-06-12T11:29:34.964+0000] {dag.py:3036} INFO - Sync 1 DAGs
[2026-06-12T11:29:35.006+0000] {logging_mixin.py:188} INFO - [2026-06-12T11:29:35.006+0000] {dag.py:3823} INFO - Setting next_dagrun for example_branch_operator to 2026-06-11 00:00:00+00:00, run_after=2026-06-12 00:00:00+00:00
[2026-06-12T11:29:35.036+0000] {processor.py:183} INFO - Processing /home/airflow/.local/lib/python3.8/site-packages/airflow/example_dags/example_branch_operator.py took 0.173 seconds
[2026-06-12T11:30:05.353+0000] {processor.py:161} INFO - Started process (PID=3629) to work on /home/airflow/.local/lib/python3.8/site-packages/airflow/example_dags/example_branch_operator.py
[2026-06-12T11:30:05.355+0000] {processor.py:830} INFO - Processing file /home/airflow/.local/lib/python3.8/site-packages/airflow/example_dags/example_branch_operator.py for tasks to queue
[2026-06-12T11:30:05.357+0000] {logging_mixin.py:188} INFO - [2026-06-12T11:30:05.357+0000] {dagbag.py:538} INFO - Filling up the DagBag from /home/airflow/.local/lib/python3.8/site-packages/airflow/example_dags/example_branch_operator.py
[2026-06-12T11:30:05.388+0000] {processor.py:840} INFO - DAG(s) 'example_branch_operator' retrieved from /home/airflow/.local/lib/python3.8/site-packages/airflow/example_dags/example_branch_operator.py
[2026-06-12T11:30:05.438+0000] {logging_mixin.py:188} INFO - [2026-06-12T11:30:05.438+0000] {dag.py:3036} INFO - Sync 1 DAGs
[2026-06-12T11:30:05.488+0000] {logging_mixin.py:188} INFO - [2026-06-12T11:30:05.487+0000] {dag.py:3823} INFO - Setting next_dagrun for example_branch_operator to 2026-06-11 00:00:00+00:00, run_after=2026-06-12 00:00:00+00:00
[2026-06-12T11:30:05.526+0000] {processor.py:183} INFO - Processing /home/airflow/.local/lib/python3.8/site-packages/airflow/example_dags/example_branch_operator.py took 0.178 seconds
[2026-06-12T11:30:35.780+0000] {processor.py:161} INFO - Started process (PID=3695) to work on /home/airflow/.local/lib/python3.8/site-packages/airflow/example_dags/example_branch_operator.py
[2026-06-12T11:30:35.783+0000] {processor.py:830} INFO - Processing file /home/airflow/.local/lib/python3.8/site-packages/airflow/example_dags/example_branch_operator.py for tasks to queue
[2026-06-12T11:30:35.786+0000] {logging_mixin.py:188} INFO - [2026-06-12T11:30:35.785+0000] {dagbag.py:538} INFO - Filling up the DagBag from /home/airflow/.local/lib/python3.8/site-packages/airflow/example_dags/example_branch_operator.py
[2026-06-12T11:30:35.821+0000] {processor.py:840} INFO - DAG(s) 'example_branch_operator' retrieved from /home/airflow/.local/lib/python3.8/site-packages/airflow/example_dags/example_branch_operator.py
[2026-06-12T11:30:35.887+0000] {logging_mixin.py:188} INFO - [2026-06-12T11:30:35.886+0000] {dag.py:3036} INFO - Sync 1 DAGs
[2026-06-12T11:30:35.933+0000] {logging_mixin.py:188} INFO - [2026-06-12T11:30:35.932+0000] {dag.py:3823} INFO - Setting next_dagrun for example_branch_operator to 2026-06-11 00:00:00+00:00, run_after=2026-06-12 00:00:00+00:00
[2026-06-12T11:30:35.969+0000] {processor.py:183} INFO - Processing /home/airflow/.local/lib/python3.8/site-packages/airflow/example_dags/example_branch_operator.py took 0.195 seconds
[2026-06-12T11:31:06.248+0000] {processor.py:161} INFO - Started process (PID=3762) to work on /home/airflow/.local/lib/python3.8/site-packages/airflow/example_dags/example_branch_operator.py
[2026-06-12T11:31:06.250+0000] {processor.py:830} INFO - Processing file /home/airflow/.local/lib/python3.8/site-packages/airflow/example_dags/example_branch_operator.py for tasks to queue
[2026-06-12T11:31:06.253+0000] {logging_mixin.py:188} INFO - [2026-06-12T11:31:06.253+0000] {dagbag.py:538} INFO - Filling up the DagBag from /home/airflow/.local/lib/python3.8/site-packages/airflow/example_dags/example_branch_operator.py
[2026-06-12T11:31:06.288+0000] {processor.py:840} INFO - DAG(s) 'example_branch_operator' retrieved from /home/airflow/.local/lib/python3.8/site-packages/airflow/example_dags/example_branch_operator.py
[2026-06-12T11:31:06.349+0000] {logging_mixin.py:188} INFO - [2026-06-12T11:31:06.349+0000] {dag.py:3036} INFO - Sync 1 DAGs
[2026-06-12T11:31:06.394+0000] {logging_mixin.py:188} INFO - [2026-06-12T11:31:06.394+0000] {dag.py:3823} INFO - Setting next_dagrun for example_branch_operator to 2026-06-11 00:00:00+00:00, run_after=2026-06-12 00:00:00+00:00
[2026-06-12T11:31:06.423+0000] {processor.py:183} INFO - Processing /home/airflow/.local/lib/python3.8/site-packages/airflow/example_dags/example_branch_operator.py took 0.181 seconds
[2026-06-12T11:31:36.601+0000] {processor.py:161} INFO - Started process (PID=3829) to work on /home/airflow/.local/lib/python3.8/site-packages/airflow/example_dags/example_branch_operator.py
[2026-06-12T11:31:36.602+0000] {processor.py:830} INFO - Processing file /home/airflow/.local/lib/python3.8/site-packages/airflow/example_dags/example_branch_operator.py for tasks to queue
[2026-06-12T11:31:36.605+0000] {logging_mixin.py:188} INFO - [2026-06-12T11:31:36.604+0000] {dagbag.py:538} INFO - Filling up the DagBag from /home/airflow/.local/lib/python3.8/site-packages/airflow/example_dags/example_branch_operator.py
[2026-06-12T11:31:36.635+0000] {processor.py:840} INFO - DAG(s) 'example_branch_operator' retrieved from /home/airflow/.local/lib/python3.8/site-packages/airflow/example_dags/example_branch_operator.py
[2026-06-12T11:31:36.682+0000] {logging_mixin.py:188} INFO - [2026-06-12T11:31:36.682+0000] {dag.py:3036} INFO - Sync 1 DAGs
[2026-06-12T11:31:36.722+0000] {logging_mixin.py:188} INFO - [2026-06-12T11:31:36.721+0000] {dag.py:3823} INFO - Setting next_dagrun for example_branch_operator to 2026-06-11 00:00:00+00:00, run_after=2026-06-12 00:00:00+00:00
[2026-06-12T11:31:36.751+0000] {processor.py:183} INFO - Processing /home/airflow/.local/lib/python3.8/site-packages/airflow/example_dags/example_branch_operator.py took 0.155 seconds
[2026-06-12T11:32:07.026+0000] {processor.py:161} INFO - Started process (PID=3904) to work on /home/airflow/.local/lib/python3.8/site-packages/airflow/example_dags/example_branch_operator.py
[2026-06-12T11:32:07.028+0000] {processor.py:830} INFO - Processing file /home/airflow/.local/lib/python3.8/site-packages/airflow/example_dags/example_branch_operator.py for tasks to queue
[2026-06-12T11:32:07.031+0000] {logging_mixin.py:188} INFO - [2026-06-12T11:32:07.031+0000] {dagbag.py:538} INFO - Filling up the DagBag from /home/airflow/.local/lib/python3.8/site-packages/airflow/example_dags/example_branch_operator.py
[2026-06-12T11:32:07.066+0000] {processor.py:840} INFO - DAG(s) 'example_branch_operator' retrieved from /home/airflow/.local/lib/python3.8/site-packages/airflow/example_dags/example_branch_operator.py
[2026-06-12T11:32:07.141+0000] {logging_mixin.py:188} INFO - [2026-06-12T11:32:07.140+0000] {dag.py:3036} INFO - Sync 1 DAGs
[2026-06-12T11:32:07.188+0000] {logging_mixin.py:188} INFO - [2026-06-12T11:32:07.187+0000] {dag.py:3823} INFO - Setting next_dagrun for example_branch_operator to 2026-06-11 00:00:00+00:00, run_after=2026-06-12 00:00:00+00:00
[2026-06-12T11:32:07.219+0000] {processor.py:183} INFO - Processing /home/airflow/.local/lib/python3.8/site-packages/airflow/example_dags/example_branch_operator.py took 0.199 seconds
[2026-06-12T11:32:37.457+0000] {processor.py:161} INFO - Started process (PID=3969) to work on /home/airflow/.local/lib/python3.8/site-packages/airflow/example_dags/example_branch_operator.py
[2026-06-12T11:32:37.458+0000] {processor.py:830} INFO - Processing file /home/airflow/.local/lib/python3.8/site-packages/airflow/example_dags/example_branch_operator.py for tasks to queue
[2026-06-12T11:32:37.461+0000] {logging_mixin.py:188} INFO - [2026-06-12T11:32:37.460+0000] {dagbag.py:538} INFO - Filling up the DagBag from /home/airflow/.local/lib/python3.8/site-packages/airflow/example_dags/example_branch_operator.py
[2026-06-12T11:32:37.498+0000] {processor.py:840} INFO - DAG(s) 'example_branch_operator' retrieved from /home/airflow/.local/lib/python3.8/site-packages/airflow/example_dags/example_branch_operator.py
[2026-06-12T11:32:37.558+0000] {logging_mixin.py:188} INFO - [2026-06-12T11:32:37.558+0000] {dag.py:3036} INFO - Sync 1 DAGs
[2026-06-12T11:32:37.598+0000] {logging_mixin.py:188} INFO - [2026-06-12T11:32:37.597+0000] {dag.py:3823} INFO - Setting next_dagrun for example_branch_operator to 2026-06-11 00:00:00+00:00, run_after=2026-06-12 00:00:00+00:00
[2026-06-12T11:32:37.631+0000] {processor.py:183} INFO - Processing /home/airflow/.local/lib/python3.8/site-packages/airflow/example_dags/example_branch_operator.py took 0.180 seconds
[2026-06-12T11:33:08.199+0000] {processor.py:161} INFO - Started process (PID=4034) to work on /home/airflow/.local/lib/python3.8/site-packages/airflow/example_dags/example_branch_operator.py
[2026-06-12T11:33:08.202+0000] {processor.py:830} INFO - Processing file /home/airflow/.local/lib/python3.8/site-packages/airflow/example_dags/example_branch_operator.py for tasks to queue
[2026-06-12T11:33:08.204+0000] {logging_mixin.py:188} INFO - [2026-06-12T11:33:08.204+0000] {dagbag.py:538} INFO - Filling up the DagBag from /home/airflow/.local/lib/python3.8/site-packages/airflow/example_dags/example_branch_operator.py
[2026-06-12T11:33:08.241+0000] {processor.py:840} INFO - DAG(s) 'example_branch_operator' retrieved from /home/airflow/.local/lib/python3.8/site-packages/airflow/example_dags/example_branch_operator.py
[2026-06-12T11:33:08.303+0000] {logging_mixin.py:188} INFO - [2026-06-12T11:33:08.302+0000] {dag.py:3036} INFO - Sync 1 DAGs
[2026-06-12T11:33:08.346+0000] {logging_mixin.py:188} INFO - [2026-06-12T11:33:08.346+0000] {dag.py:3823} INFO - Setting next_dagrun for example_branch_operator to 2026-06-11 00:00:00+00:00, run_after=2026-06-12 00:00:00+00:00
[2026-06-12T11:33:08.376+0000] {processor.py:183} INFO - Processing /home/airflow/.local/lib/python3.8/site-packages/airflow/example_dags/example_branch_operator.py took 0.182 seconds
[2026-06-12T11:33:38.794+0000] {processor.py:161} INFO - Started process (PID=4100) to work on /home/airflow/.local/lib/python3.8/site-packages/airflow/example_dags/example_branch_operator.py
[2026-06-12T11:33:38.796+0000] {processor.py:830} INFO - Processing file /home/airflow/.local/lib/python3.8/site-packages/airflow/example_dags/example_branch_operator.py for tasks to queue
[2026-06-12T11:33:38.799+0000] {logging_mixin.py:188} INFO - [2026-06-12T11:33:38.798+0000] {dagbag.py:538} INFO - Filling up the DagBag from /home/airflow/.local/lib/python3.8/site-packages/airflow/example_dags/example_branch_operator.py
[2026-06-12T11:33:38.830+0000] {processor.py:840} INFO - DAG(s) 'example_branch_operator' retrieved from /home/airflow/.local/lib/python3.8/site-packages/airflow/example_dags/example_branch_operator.py
[2026-06-12T11:33:38.880+0000] {logging_mixin.py:188} INFO - [2026-06-12T11:33:38.879+0000] {dag.py:3036} INFO - Sync 1 DAGs
[2026-06-12T11:33:38.920+0000] {logging_mixin.py:188} INFO - [2026-06-12T11:33:38.920+0000] {dag.py:3823} INFO - Setting next_dagrun for example_branch_operator to 2026-06-11 00:00:00+00:00, run_after=2026-06-12 00:00:00+00:00
[2026-06-12T11:33:38.952+0000] {processor.py:183} INFO - Processing /home/airflow/.local/lib/python3.8/site-packages/airflow/example_dags/example_branch_operator.py took 0.163 seconds
[2026-06-12T11:34:09.507+0000] {processor.py:161} INFO - Started process (PID=4166) to work on /home/airflow/.local/lib/python3.8/site-packages/airflow/example_dags/example_branch_operator.py
[2026-06-12T11:34:09.510+0000] {processor.py:830} INFO - Processing file /home/airflow/.local/lib/python3.8/site-packages/airflow/example_dags/example_branch_operator.py for tasks to queue
[2026-06-12T11:34:09.513+0000] {logging_mixin.py:188} INFO - [2026-06-12T11:34:09.512+0000] {dagbag.py:538} INFO - Filling up the DagBag from /home/airflow/.local/lib/python3.8/site-packages/airflow/example_dags/example_branch_operator.py
[2026-06-12T11:34:09.547+0000] {processor.py:840} INFO - DAG(s) 'example_branch_operator' retrieved from /home/airflow/.local/lib/python3.8/site-packages/airflow/example_dags/example_branch_operator.py
[2026-06-12T11:34:09.603+0000] {logging_mixin.py:188} INFO - [2026-06-12T11:34:09.603+0000] {dag.py:3036} INFO - Sync 1 DAGs
[2026-06-12T11:34:09.641+0000] {logging_mixin.py:188} INFO - [2026-06-12T11:34:09.640+0000] {dag.py:3823} INFO - Setting next_dagrun for example_branch_operator to 2026-06-11 00:00:00+00:00, run_after=2026-06-12 00:00:00+00:00
[2026-06-12T11:34:09.669+0000] {processor.py:183} INFO - Processing /home/airflow/.local/lib/python3.8/site-packages/airflow/example_dags/example_branch_operator.py took 0.167 seconds
[2026-06-12T11:34:40.492+0000] {processor.py:161} INFO - Started process (PID=4232) to work on /home/airflow/.local/lib/python3.8/site-packages/airflow/example_dags/example_branch_operator.py
[2026-06-12T11:34:40.494+0000] {processor.py:830} INFO - Processing file /home/airflow/.local/lib/python3.8/site-packages/airflow/example_dags/example_branch_operator.py for tasks to queue
[2026-06-12T11:34:40.496+0000] {logging_mixin.py:188} INFO - [2026-06-12T11:34:40.496+0000] {dagbag.py:538} INFO - Filling up the DagBag from /home/airflow/.local/lib/python3.8/site-packages/airflow/example_dags/example_branch_operator.py
[2026-06-12T11:34:40.530+0000] {processor.py:840} INFO - DAG(s) 'example_branch_operator' retrieved from /home/airflow/.local/lib/python3.8/site-packages/airflow/example_dags/example_branch_operator.py
[2026-06-12T11:34:40.584+0000] {logging_mixin.py:188} INFO - [2026-06-12T11:34:40.584+0000] {dag.py:3036} INFO - Sync 1 DAGs
[2026-06-12T11:34:40.626+0000] {logging_mixin.py:188} INFO - [2026-06-12T11:34:40.626+0000] {dag.py:3823} INFO - Setting next_dagrun for example_branch_operator to 2026-06-11 00:00:00+00:00, run_after=2026-06-12 00:00:00+00:00
[2026-06-12T11:34:40.658+0000] {processor.py:183} INFO - Processing /home/airflow/.local/lib/python3.8/site-packages/airflow/example_dags/example_branch_operator.py took 0.171 seconds
[2026-06-12T11:35:10.711+0000] {processor.py:161} INFO - Started process (PID=4298) to work on /home/airflow/.local/lib/python3.8/site-packages/airflow/example_dags/example_branch_operator.py
[2026-06-12T11:35:10.713+0000] {processor.py:830} INFO - Processing file /home/airflow/.local/lib/python3.8/site-packages/airflow/example_dags/example_branch_operator.py for tasks to queue
[2026-06-12T11:35:10.716+0000] {logging_mixin.py:188} INFO - [2026-06-12T11:35:10.715+0000] {dagbag.py:538} INFO - Filling up the DagBag from /home/airflow/.local/lib/python3.8/site-packages/airflow/example_dags/example_branch_operator.py
[2026-06-12T11:35:10.748+0000] {processor.py:840} INFO - DAG(s) 'example_branch_operator' retrieved from /home/airflow/.local/lib/python3.8/site-packages/airflow/example_dags/example_branch_operator.py
[2026-06-12T11:35:10.806+0000] {logging_mixin.py:188} INFO - [2026-06-12T11:35:10.805+0000] {dag.py:3036} INFO - Sync 1 DAGs
[2026-06-12T11:35:10.847+0000] {logging_mixin.py:188} INFO - [2026-06-12T11:35:10.847+0000] {dag.py:3823} INFO - Setting next_dagrun for example_branch_operator to 2026-06-11 00:00:00+00:00, run_after=2026-06-12 00:00:00+00:00
[2026-06-12T11:35:10.879+0000] {processor.py:183} INFO - Processing /home/airflow/.local/lib/python3.8/site-packages/airflow/example_dags/example_branch_operator.py took 0.173 seconds
[2026-06-12T11:35:41.154+0000] {processor.py:161} INFO - Started process (PID=4369) to work on /home/airflow/.local/lib/python3.8/site-packages/airflow/example_dags/example_branch_operator.py
[2026-06-12T11:35:41.155+0000] {processor.py:830} INFO - Processing file /home/airflow/.local/lib/python3.8/site-packages/airflow/example_dags/example_branch_operator.py for tasks to queue
[2026-06-12T11:35:41.158+0000] {logging_mixin.py:188} INFO - [2026-06-12T11:35:41.157+0000] {dagbag.py:538} INFO - Filling up the DagBag from /home/airflow/.local/lib/python3.8/site-packages/airflow/example_dags/example_branch_operator.py
[2026-06-12T11:35:41.193+0000] {processor.py:840} INFO - DAG(s) 'example_branch_operator' retrieved from /home/airflow/.local/lib/python3.8/site-packages/airflow/example_dags/example_branch_operator.py
[2026-06-12T11:35:41.253+0000] {logging_mixin.py:188} INFO - [2026-06-12T11:35:41.252+0000] {dag.py:3036} INFO - Sync 1 DAGs
[2026-06-12T11:35:41.301+0000] {logging_mixin.py:188} INFO - [2026-06-12T11:35:41.300+0000] {dag.py:3823} INFO - Setting next_dagrun for example_branch_operator to 2026-06-11 00:00:00+00:00, run_after=2026-06-12 00:00:00+00:00
[2026-06-12T11:35:41.329+0000] {processor.py:183} INFO - Processing /home/airflow/.local/lib/python3.8/site-packages/airflow/example_dags/example_branch_operator.py took 0.182 seconds
[2026-06-12T11:36:11.592+0000] {processor.py:161} INFO - Started process (PID=4435) to work on /home/airflow/.local/lib/python3.8/site-packages/airflow/example_dags/example_branch_operator.py
[2026-06-12T11:36:11.594+0000] {processor.py:830} INFO - Processing file /home/airflow/.local/lib/python3.8/site-packages/airflow/example_dags/example_branch_operator.py for tasks to queue
[2026-06-12T11:36:11.597+0000] {logging_mixin.py:188} INFO - [2026-06-12T11:36:11.596+0000] {dagbag.py:538} INFO - Filling up the DagBag from /home/airflow/.local/lib/python3.8/site-packages/airflow/example_dags/example_branch_operator.py
[2026-06-12T11:36:11.632+0000] {processor.py:840} INFO - DAG(s) 'example_branch_operator' retrieved from /home/airflow/.local/lib/python3.8/site-packages/airflow/example_dags/example_branch_operator.py
[2026-06-12T11:36:11.700+0000] {logging_mixin.py:188} INFO - [2026-06-12T11:36:11.700+0000] {dag.py:3036} INFO - Sync 1 DAGs
[2026-06-12T11:36:11.746+0000] {logging_mixin.py:188} INFO - [2026-06-12T11:36:11.746+0000] {dag.py:3823} INFO - Setting next_dagrun for example_branch_operator to 2026-06-11 00:00:00+00:00, run_after=2026-06-12 00:00:00+00:00
[2026-06-12T11:36:11.785+0000] {processor.py:183} INFO - Processing /home/airflow/.local/lib/python3.8/site-packages/airflow/example_dags/example_branch_operator.py took 0.199 seconds
[2026-06-12T11:36:42.264+0000] {processor.py:161} INFO - Started process (PID=4501) to work on /home/airflow/.local/lib/python3.8/site-packages/airflow/example_dags/example_branch_operator.py
[2026-06-12T11:36:42.265+0000] {processor.py:830} INFO - Processing file /home/airflow/.local/lib/python3.8/site-packages/airflow/example_dags/example_branch_operator.py for tasks to queue
[2026-06-12T11:36:42.269+0000] {logging_mixin.py:188} INFO - [2026-06-12T11:36:42.268+0000] {dagbag.py:538} INFO - Filling up the DagBag from /home/airflow/.local/lib/python3.8/site-packages/airflow/example_dags/example_branch_operator.py
[2026-06-12T11:36:42.311+0000] {processor.py:840} INFO - DAG(s) 'example_branch_operator' retrieved from /home/airflow/.local/lib/python3.8/site-packages/airflow/example_dags/example_branch_operator.py
[2026-06-12T11:36:42.373+0000] {logging_mixin.py:188} INFO - [2026-06-12T11:36:42.373+0000] {dag.py:3036} INFO - Sync 1 DAGs
[2026-06-12T11:36:42.419+0000] {logging_mixin.py:188} INFO - [2026-06-12T11:36:42.419+0000] {dag.py:3823} INFO - Setting next_dagrun for example_branch_operator to 2026-06-11 00:00:00+00:00, run_after=2026-06-12 00:00:00+00:00
[2026-06-12T11:36:42.452+0000] {processor.py:183} INFO - Processing /home/airflow/.local/lib/python3.8/site-packages/airflow/example_dags/example_branch_operator.py took 0.195 seconds
