[2026-06-12T11:03:01.776+0000] {processor.py:161} INFO - Started process (PID=74) to work on /home/airflow/.local/lib/python3.8/site-packages/airflow/example_dags/example_local_kubernetes_executor.py
[2026-06-12T11:03:01.778+0000] {processor.py:830} INFO - Processing file /home/airflow/.local/lib/python3.8/site-packages/airflow/example_dags/example_local_kubernetes_executor.py for tasks to queue
[2026-06-12T11:03:01.781+0000] {logging_mixin.py:188} INFO - [2026-06-12T11:03:01.780+0000] {dagbag.py:538} INFO - Filling up the DagBag from /home/airflow/.local/lib/python3.8/site-packages/airflow/example_dags/example_local_kubernetes_executor.py
[2026-06-12T11:03:01.795+0000] {processor.py:840} INFO - DAG(s) 'example_local_kubernetes_executor' retrieved from /home/airflow/.local/lib/python3.8/site-packages/airflow/example_dags/example_local_kubernetes_executor.py
[2026-06-12T11:03:01.820+0000] {logging_mixin.py:188} INFO - [2026-06-12T11:03:01.819+0000] {dag.py:3036} INFO - Sync 1 DAGs
[2026-06-12T11:03:01.845+0000] {logging_mixin.py:188} INFO - [2026-06-12T11:03:01.845+0000] {dag.py:3823} INFO - Setting next_dagrun for example_local_kubernetes_executor to None, run_after=None
[2026-06-12T11:03:01.883+0000] {processor.py:183} INFO - Processing /home/airflow/.local/lib/python3.8/site-packages/airflow/example_dags/example_local_kubernetes_executor.py took 0.113 seconds
[2026-06-12T11:03:32.805+0000] {processor.py:161} INFO - Started process (PID=140) to work on /home/airflow/.local/lib/python3.8/site-packages/airflow/example_dags/example_local_kubernetes_executor.py
[2026-06-12T11:03:32.806+0000] {processor.py:830} INFO - Processing file /home/airflow/.local/lib/python3.8/site-packages/airflow/example_dags/example_local_kubernetes_executor.py for tasks to queue
[2026-06-12T11:03:32.809+0000] {logging_mixin.py:188} INFO - [2026-06-12T11:03:32.809+0000] {dagbag.py:538} INFO - Filling up the DagBag from /home/airflow/.local/lib/python3.8/site-packages/airflow/example_dags/example_local_kubernetes_executor.py
[2026-06-12T11:03:32.820+0000] {processor.py:840} INFO - DAG(s) 'example_local_kubernetes_executor' retrieved from /home/airflow/.local/lib/python3.8/site-packages/airflow/example_dags/example_local_kubernetes_executor.py
[2026-06-12T11:03:33.032+0000] {logging_mixin.py:188} INFO - [2026-06-12T11:03:33.031+0000] {dag.py:3036} INFO - Sync 1 DAGs
[2026-06-12T11:03:33.053+0000] {logging_mixin.py:188} INFO - [2026-06-12T11:03:33.053+0000] {dag.py:3823} INFO - Setting next_dagrun for example_local_kubernetes_executor to None, run_after=None
[2026-06-12T11:03:33.082+0000] {processor.py:183} INFO - Processing /home/airflow/.local/lib/python3.8/site-packages/airflow/example_dags/example_local_kubernetes_executor.py took 0.281 seconds
[2026-06-12T11:04:03.290+0000] {processor.py:161} INFO - Started process (PID=206) to work on /home/airflow/.local/lib/python3.8/site-packages/airflow/example_dags/example_local_kubernetes_executor.py
[2026-06-12T11:04:03.292+0000] {processor.py:830} INFO - Processing file /home/airflow/.local/lib/python3.8/site-packages/airflow/example_dags/example_local_kubernetes_executor.py for tasks to queue
[2026-06-12T11:04:03.295+0000] {logging_mixin.py:188} INFO - [2026-06-12T11:04:03.294+0000] {dagbag.py:538} INFO - Filling up the DagBag from /home/airflow/.local/lib/python3.8/site-packages/airflow/example_dags/example_local_kubernetes_executor.py
[2026-06-12T11:04:03.307+0000] {processor.py:840} INFO - DAG(s) 'example_local_kubernetes_executor' retrieved from /home/airflow/.local/lib/python3.8/site-packages/airflow/example_dags/example_local_kubernetes_executor.py
[2026-06-12T11:04:03.367+0000] {logging_mixin.py:188} INFO - [2026-06-12T11:04:03.367+0000] {dag.py:3036} INFO - Sync 1 DAGs
[2026-06-12T11:04:03.387+0000] {logging_mixin.py:188} INFO - [2026-06-12T11:04:03.387+0000] {dag.py:3823} INFO - Setting next_dagrun for example_local_kubernetes_executor to None, run_after=None
[2026-06-12T11:04:03.419+0000] {processor.py:183} INFO - Processing /home/airflow/.local/lib/python3.8/site-packages/airflow/example_dags/example_local_kubernetes_executor.py took 0.134 seconds
[2026-06-12T11:04:34.203+0000] {processor.py:161} INFO - Started process (PID=273) to work on /home/airflow/.local/lib/python3.8/site-packages/airflow/example_dags/example_local_kubernetes_executor.py
[2026-06-12T11:04:34.204+0000] {processor.py:830} INFO - Processing file /home/airflow/.local/lib/python3.8/site-packages/airflow/example_dags/example_local_kubernetes_executor.py for tasks to queue
[2026-06-12T11:04:34.208+0000] {logging_mixin.py:188} INFO - [2026-06-12T11:04:34.207+0000] {dagbag.py:538} INFO - Filling up the DagBag from /home/airflow/.local/lib/python3.8/site-packages/airflow/example_dags/example_local_kubernetes_executor.py
[2026-06-12T11:04:34.219+0000] {processor.py:840} INFO - DAG(s) 'example_local_kubernetes_executor' retrieved from /home/airflow/.local/lib/python3.8/site-packages/airflow/example_dags/example_local_kubernetes_executor.py
[2026-06-12T11:04:34.275+0000] {logging_mixin.py:188} INFO - [2026-06-12T11:04:34.275+0000] {dag.py:3036} INFO - Sync 1 DAGs
[2026-06-12T11:04:34.294+0000] {logging_mixin.py:188} INFO - [2026-06-12T11:04:34.293+0000] {dag.py:3823} INFO - Setting next_dagrun for example_local_kubernetes_executor to None, run_after=None
[2026-06-12T11:04:34.322+0000] {processor.py:183} INFO - Processing /home/airflow/.local/lib/python3.8/site-packages/airflow/example_dags/example_local_kubernetes_executor.py took 0.125 seconds
[2026-06-12T11:05:04.681+0000] {processor.py:161} INFO - Started process (PID=339) to work on /home/airflow/.local/lib/python3.8/site-packages/airflow/example_dags/example_local_kubernetes_executor.py
[2026-06-12T11:05:04.683+0000] {processor.py:830} INFO - Processing file /home/airflow/.local/lib/python3.8/site-packages/airflow/example_dags/example_local_kubernetes_executor.py for tasks to queue
[2026-06-12T11:05:04.686+0000] {logging_mixin.py:188} INFO - [2026-06-12T11:05:04.685+0000] {dagbag.py:538} INFO - Filling up the DagBag from /home/airflow/.local/lib/python3.8/site-packages/airflow/example_dags/example_local_kubernetes_executor.py
[2026-06-12T11:05:04.697+0000] {processor.py:840} INFO - DAG(s) 'example_local_kubernetes_executor' retrieved from /home/airflow/.local/lib/python3.8/site-packages/airflow/example_dags/example_local_kubernetes_executor.py
[2026-06-12T11:05:04.754+0000] {logging_mixin.py:188} INFO - [2026-06-12T11:05:04.753+0000] {dag.py:3036} INFO - Sync 1 DAGs
[2026-06-12T11:05:04.777+0000] {logging_mixin.py:188} INFO - [2026-06-12T11:05:04.776+0000] {dag.py:3823} INFO - Setting next_dagrun for example_local_kubernetes_executor to None, run_after=None
[2026-06-12T11:05:04.811+0000] {processor.py:183} INFO - Processing /home/airflow/.local/lib/python3.8/site-packages/airflow/example_dags/example_local_kubernetes_executor.py took 0.135 seconds
[2026-06-12T11:05:34.958+0000] {processor.py:161} INFO - Started process (PID=405) to work on /home/airflow/.local/lib/python3.8/site-packages/airflow/example_dags/example_local_kubernetes_executor.py
[2026-06-12T11:05:34.960+0000] {processor.py:830} INFO - Processing file /home/airflow/.local/lib/python3.8/site-packages/airflow/example_dags/example_local_kubernetes_executor.py for tasks to queue
[2026-06-12T11:05:34.962+0000] {logging_mixin.py:188} INFO - [2026-06-12T11:05:34.962+0000] {dagbag.py:538} INFO - Filling up the DagBag from /home/airflow/.local/lib/python3.8/site-packages/airflow/example_dags/example_local_kubernetes_executor.py
[2026-06-12T11:05:34.973+0000] {processor.py:840} INFO - DAG(s) 'example_local_kubernetes_executor' retrieved from /home/airflow/.local/lib/python3.8/site-packages/airflow/example_dags/example_local_kubernetes_executor.py
[2026-06-12T11:05:35.038+0000] {logging_mixin.py:188} INFO - [2026-06-12T11:05:35.037+0000] {dag.py:3036} INFO - Sync 1 DAGs
[2026-06-12T11:05:35.062+0000] {logging_mixin.py:188} INFO - [2026-06-12T11:05:35.062+0000] {dag.py:3823} INFO - Setting next_dagrun for example_local_kubernetes_executor to None, run_after=None
[2026-06-12T11:05:35.091+0000] {processor.py:183} INFO - Processing /home/airflow/.local/lib/python3.8/site-packages/airflow/example_dags/example_local_kubernetes_executor.py took 0.138 seconds
[2026-06-12T11:06:05.475+0000] {processor.py:161} INFO - Started process (PID=471) to work on /home/airflow/.local/lib/python3.8/site-packages/airflow/example_dags/example_local_kubernetes_executor.py
[2026-06-12T11:06:05.477+0000] {processor.py:830} INFO - Processing file /home/airflow/.local/lib/python3.8/site-packages/airflow/example_dags/example_local_kubernetes_executor.py for tasks to queue
[2026-06-12T11:06:05.479+0000] {logging_mixin.py:188} INFO - [2026-06-12T11:06:05.479+0000] {dagbag.py:538} INFO - Filling up the DagBag from /home/airflow/.local/lib/python3.8/site-packages/airflow/example_dags/example_local_kubernetes_executor.py
[2026-06-12T11:06:05.489+0000] {processor.py:840} INFO - DAG(s) 'example_local_kubernetes_executor' retrieved from /home/airflow/.local/lib/python3.8/site-packages/airflow/example_dags/example_local_kubernetes_executor.py
[2026-06-12T11:06:05.553+0000] {logging_mixin.py:188} INFO - [2026-06-12T11:06:05.553+0000] {dag.py:3036} INFO - Sync 1 DAGs
[2026-06-12T11:06:05.577+0000] {logging_mixin.py:188} INFO - [2026-06-12T11:06:05.576+0000] {dag.py:3823} INFO - Setting next_dagrun for example_local_kubernetes_executor to None, run_after=None
[2026-06-12T11:06:05.613+0000] {processor.py:183} INFO - Processing /home/airflow/.local/lib/python3.8/site-packages/airflow/example_dags/example_local_kubernetes_executor.py took 0.142 seconds
[2026-06-12T11:06:35.898+0000] {processor.py:161} INFO - Started process (PID=542) to work on /home/airflow/.local/lib/python3.8/site-packages/airflow/example_dags/example_local_kubernetes_executor.py
[2026-06-12T11:06:35.900+0000] {processor.py:830} INFO - Processing file /home/airflow/.local/lib/python3.8/site-packages/airflow/example_dags/example_local_kubernetes_executor.py for tasks to queue
[2026-06-12T11:06:35.903+0000] {logging_mixin.py:188} INFO - [2026-06-12T11:06:35.903+0000] {dagbag.py:538} INFO - Filling up the DagBag from /home/airflow/.local/lib/python3.8/site-packages/airflow/example_dags/example_local_kubernetes_executor.py
[2026-06-12T11:06:35.917+0000] {processor.py:840} INFO - DAG(s) 'example_local_kubernetes_executor' retrieved from /home/airflow/.local/lib/python3.8/site-packages/airflow/example_dags/example_local_kubernetes_executor.py
[2026-06-12T11:06:35.984+0000] {logging_mixin.py:188} INFO - [2026-06-12T11:06:35.984+0000] {dag.py:3036} INFO - Sync 1 DAGs
[2026-06-12T11:06:36.009+0000] {logging_mixin.py:188} INFO - [2026-06-12T11:06:36.008+0000] {dag.py:3823} INFO - Setting next_dagrun for example_local_kubernetes_executor to None, run_after=None
[2026-06-12T11:06:36.044+0000] {processor.py:183} INFO - Processing /home/airflow/.local/lib/python3.8/site-packages/airflow/example_dags/example_local_kubernetes_executor.py took 0.151 seconds
[2026-06-12T11:07:06.476+0000] {processor.py:161} INFO - Started process (PID=608) to work on /home/airflow/.local/lib/python3.8/site-packages/airflow/example_dags/example_local_kubernetes_executor.py
[2026-06-12T11:07:06.478+0000] {processor.py:830} INFO - Processing file /home/airflow/.local/lib/python3.8/site-packages/airflow/example_dags/example_local_kubernetes_executor.py for tasks to queue
[2026-06-12T11:07:06.482+0000] {logging_mixin.py:188} INFO - [2026-06-12T11:07:06.481+0000] {dagbag.py:538} INFO - Filling up the DagBag from /home/airflow/.local/lib/python3.8/site-packages/airflow/example_dags/example_local_kubernetes_executor.py
[2026-06-12T11:07:06.499+0000] {processor.py:840} INFO - DAG(s) 'example_local_kubernetes_executor' retrieved from /home/airflow/.local/lib/python3.8/site-packages/airflow/example_dags/example_local_kubernetes_executor.py
[2026-06-12T11:07:06.565+0000] {logging_mixin.py:188} INFO - [2026-06-12T11:07:06.565+0000] {dag.py:3036} INFO - Sync 1 DAGs
[2026-06-12T11:07:06.591+0000] {logging_mixin.py:188} INFO - [2026-06-12T11:07:06.590+0000] {dag.py:3823} INFO - Setting next_dagrun for example_local_kubernetes_executor to None, run_after=None
[2026-06-12T11:07:06.644+0000] {processor.py:183} INFO - Processing /home/airflow/.local/lib/python3.8/site-packages/airflow/example_dags/example_local_kubernetes_executor.py took 0.174 seconds
[2026-06-12T11:07:36.839+0000] {processor.py:161} INFO - Started process (PID=674) to work on /home/airflow/.local/lib/python3.8/site-packages/airflow/example_dags/example_local_kubernetes_executor.py
[2026-06-12T11:07:36.840+0000] {processor.py:830} INFO - Processing file /home/airflow/.local/lib/python3.8/site-packages/airflow/example_dags/example_local_kubernetes_executor.py for tasks to queue
[2026-06-12T11:07:36.843+0000] {logging_mixin.py:188} INFO - [2026-06-12T11:07:36.842+0000] {dagbag.py:538} INFO - Filling up the DagBag from /home/airflow/.local/lib/python3.8/site-packages/airflow/example_dags/example_local_kubernetes_executor.py
[2026-06-12T11:07:36.853+0000] {processor.py:840} INFO - DAG(s) 'example_local_kubernetes_executor' retrieved from /home/airflow/.local/lib/python3.8/site-packages/airflow/example_dags/example_local_kubernetes_executor.py
[2026-06-12T11:07:36.917+0000] {logging_mixin.py:188} INFO - [2026-06-12T11:07:36.917+0000] {dag.py:3036} INFO - Sync 1 DAGs
[2026-06-12T11:07:36.940+0000] {logging_mixin.py:188} INFO - [2026-06-12T11:07:36.939+0000] {dag.py:3823} INFO - Setting next_dagrun for example_local_kubernetes_executor to None, run_after=None
[2026-06-12T11:07:36.974+0000] {processor.py:183} INFO - Processing /home/airflow/.local/lib/python3.8/site-packages/airflow/example_dags/example_local_kubernetes_executor.py took 0.140 seconds
[2026-06-12T11:08:07.022+0000] {processor.py:161} INFO - Started process (PID=740) to work on /home/airflow/.local/lib/python3.8/site-packages/airflow/example_dags/example_local_kubernetes_executor.py
[2026-06-12T11:08:07.024+0000] {processor.py:830} INFO - Processing file /home/airflow/.local/lib/python3.8/site-packages/airflow/example_dags/example_local_kubernetes_executor.py for tasks to queue
[2026-06-12T11:08:07.026+0000] {logging_mixin.py:188} INFO - [2026-06-12T11:08:07.026+0000] {dagbag.py:538} INFO - Filling up the DagBag from /home/airflow/.local/lib/python3.8/site-packages/airflow/example_dags/example_local_kubernetes_executor.py
[2026-06-12T11:08:07.036+0000] {processor.py:840} INFO - DAG(s) 'example_local_kubernetes_executor' retrieved from /home/airflow/.local/lib/python3.8/site-packages/airflow/example_dags/example_local_kubernetes_executor.py
[2026-06-12T11:08:07.090+0000] {logging_mixin.py:188} INFO - [2026-06-12T11:08:07.090+0000] {dag.py:3036} INFO - Sync 1 DAGs
[2026-06-12T11:08:07.108+0000] {logging_mixin.py:188} INFO - [2026-06-12T11:08:07.108+0000] {dag.py:3823} INFO - Setting next_dagrun for example_local_kubernetes_executor to None, run_after=None
[2026-06-12T11:08:07.134+0000] {processor.py:183} INFO - Processing /home/airflow/.local/lib/python3.8/site-packages/airflow/example_dags/example_local_kubernetes_executor.py took 0.117 seconds
[2026-06-12T11:08:37.274+0000] {processor.py:161} INFO - Started process (PID=807) to work on /home/airflow/.local/lib/python3.8/site-packages/airflow/example_dags/example_local_kubernetes_executor.py
[2026-06-12T11:08:37.276+0000] {processor.py:830} INFO - Processing file /home/airflow/.local/lib/python3.8/site-packages/airflow/example_dags/example_local_kubernetes_executor.py for tasks to queue
[2026-06-12T11:08:37.279+0000] {logging_mixin.py:188} INFO - [2026-06-12T11:08:37.278+0000] {dagbag.py:538} INFO - Filling up the DagBag from /home/airflow/.local/lib/python3.8/site-packages/airflow/example_dags/example_local_kubernetes_executor.py
[2026-06-12T11:08:37.290+0000] {processor.py:840} INFO - DAG(s) 'example_local_kubernetes_executor' retrieved from /home/airflow/.local/lib/python3.8/site-packages/airflow/example_dags/example_local_kubernetes_executor.py
[2026-06-12T11:08:37.350+0000] {logging_mixin.py:188} INFO - [2026-06-12T11:08:37.349+0000] {dag.py:3036} INFO - Sync 1 DAGs
[2026-06-12T11:08:37.372+0000] {logging_mixin.py:188} INFO - [2026-06-12T11:08:37.371+0000] {dag.py:3823} INFO - Setting next_dagrun for example_local_kubernetes_executor to None, run_after=None
[2026-06-12T11:08:37.401+0000] {processor.py:183} INFO - Processing /home/airflow/.local/lib/python3.8/site-packages/airflow/example_dags/example_local_kubernetes_executor.py took 0.132 seconds
[2026-06-12T11:09:07.831+0000] {processor.py:161} INFO - Started process (PID=872) to work on /home/airflow/.local/lib/python3.8/site-packages/airflow/example_dags/example_local_kubernetes_executor.py
[2026-06-12T11:09:07.833+0000] {processor.py:830} INFO - Processing file /home/airflow/.local/lib/python3.8/site-packages/airflow/example_dags/example_local_kubernetes_executor.py for tasks to queue
[2026-06-12T11:09:07.836+0000] {logging_mixin.py:188} INFO - [2026-06-12T11:09:07.835+0000] {dagbag.py:538} INFO - Filling up the DagBag from /home/airflow/.local/lib/python3.8/site-packages/airflow/example_dags/example_local_kubernetes_executor.py
[2026-06-12T11:09:07.850+0000] {processor.py:840} INFO - DAG(s) 'example_local_kubernetes_executor' retrieved from /home/airflow/.local/lib/python3.8/site-packages/airflow/example_dags/example_local_kubernetes_executor.py
[2026-06-12T11:09:07.918+0000] {logging_mixin.py:188} INFO - [2026-06-12T11:09:07.917+0000] {dag.py:3036} INFO - Sync 1 DAGs
[2026-06-12T11:09:07.941+0000] {logging_mixin.py:188} INFO - [2026-06-12T11:09:07.941+0000] {dag.py:3823} INFO - Setting next_dagrun for example_local_kubernetes_executor to None, run_after=None
[2026-06-12T11:09:07.971+0000] {processor.py:183} INFO - Processing /home/airflow/.local/lib/python3.8/site-packages/airflow/example_dags/example_local_kubernetes_executor.py took 0.147 seconds
[2026-06-12T11:09:38.520+0000] {processor.py:161} INFO - Started process (PID=939) to work on /home/airflow/.local/lib/python3.8/site-packages/airflow/example_dags/example_local_kubernetes_executor.py
[2026-06-12T11:09:38.521+0000] {processor.py:830} INFO - Processing file /home/airflow/.local/lib/python3.8/site-packages/airflow/example_dags/example_local_kubernetes_executor.py for tasks to queue
[2026-06-12T11:09:38.524+0000] {logging_mixin.py:188} INFO - [2026-06-12T11:09:38.524+0000] {dagbag.py:538} INFO - Filling up the DagBag from /home/airflow/.local/lib/python3.8/site-packages/airflow/example_dags/example_local_kubernetes_executor.py
[2026-06-12T11:09:38.537+0000] {processor.py:840} INFO - DAG(s) 'example_local_kubernetes_executor' retrieved from /home/airflow/.local/lib/python3.8/site-packages/airflow/example_dags/example_local_kubernetes_executor.py
[2026-06-12T11:09:38.606+0000] {logging_mixin.py:188} INFO - [2026-06-12T11:09:38.606+0000] {dag.py:3036} INFO - Sync 1 DAGs
[2026-06-12T11:09:38.630+0000] {logging_mixin.py:188} INFO - [2026-06-12T11:09:38.630+0000] {dag.py:3823} INFO - Setting next_dagrun for example_local_kubernetes_executor to None, run_after=None
[2026-06-12T11:09:38.660+0000] {processor.py:183} INFO - Processing /home/airflow/.local/lib/python3.8/site-packages/airflow/example_dags/example_local_kubernetes_executor.py took 0.146 seconds
[2026-06-12T11:10:08.721+0000] {processor.py:161} INFO - Started process (PID=1004) to work on /home/airflow/.local/lib/python3.8/site-packages/airflow/example_dags/example_local_kubernetes_executor.py
[2026-06-12T11:10:08.723+0000] {processor.py:830} INFO - Processing file /home/airflow/.local/lib/python3.8/site-packages/airflow/example_dags/example_local_kubernetes_executor.py for tasks to queue
[2026-06-12T11:10:08.726+0000] {logging_mixin.py:188} INFO - [2026-06-12T11:10:08.726+0000] {dagbag.py:538} INFO - Filling up the DagBag from /home/airflow/.local/lib/python3.8/site-packages/airflow/example_dags/example_local_kubernetes_executor.py
[2026-06-12T11:10:08.740+0000] {processor.py:840} INFO - DAG(s) 'example_local_kubernetes_executor' retrieved from /home/airflow/.local/lib/python3.8/site-packages/airflow/example_dags/example_local_kubernetes_executor.py
[2026-06-12T11:10:08.810+0000] {logging_mixin.py:188} INFO - [2026-06-12T11:10:08.809+0000] {dag.py:3036} INFO - Sync 1 DAGs
[2026-06-12T11:10:08.831+0000] {logging_mixin.py:188} INFO - [2026-06-12T11:10:08.831+0000] {dag.py:3823} INFO - Setting next_dagrun for example_local_kubernetes_executor to None, run_after=None
[2026-06-12T11:10:08.864+0000] {processor.py:183} INFO - Processing /home/airflow/.local/lib/python3.8/site-packages/airflow/example_dags/example_local_kubernetes_executor.py took 0.149 seconds
[2026-06-12T11:10:39.169+0000] {processor.py:161} INFO - Started process (PID=1076) to work on /home/airflow/.local/lib/python3.8/site-packages/airflow/example_dags/example_local_kubernetes_executor.py
[2026-06-12T11:10:39.170+0000] {processor.py:830} INFO - Processing file /home/airflow/.local/lib/python3.8/site-packages/airflow/example_dags/example_local_kubernetes_executor.py for tasks to queue
[2026-06-12T11:10:39.174+0000] {logging_mixin.py:188} INFO - [2026-06-12T11:10:39.173+0000] {dagbag.py:538} INFO - Filling up the DagBag from /home/airflow/.local/lib/python3.8/site-packages/airflow/example_dags/example_local_kubernetes_executor.py
[2026-06-12T11:10:39.187+0000] {processor.py:840} INFO - DAG(s) 'example_local_kubernetes_executor' retrieved from /home/airflow/.local/lib/python3.8/site-packages/airflow/example_dags/example_local_kubernetes_executor.py
[2026-06-12T11:10:39.255+0000] {logging_mixin.py:188} INFO - [2026-06-12T11:10:39.254+0000] {dag.py:3036} INFO - Sync 1 DAGs
[2026-06-12T11:10:39.278+0000] {logging_mixin.py:188} INFO - [2026-06-12T11:10:39.278+0000] {dag.py:3823} INFO - Setting next_dagrun for example_local_kubernetes_executor to None, run_after=None
[2026-06-12T11:10:39.314+0000] {processor.py:183} INFO - Processing /home/airflow/.local/lib/python3.8/site-packages/airflow/example_dags/example_local_kubernetes_executor.py took 0.151 seconds
[2026-06-12T11:11:09.508+0000] {processor.py:161} INFO - Started process (PID=1143) to work on /home/airflow/.local/lib/python3.8/site-packages/airflow/example_dags/example_local_kubernetes_executor.py
[2026-06-12T11:11:09.510+0000] {processor.py:830} INFO - Processing file /home/airflow/.local/lib/python3.8/site-packages/airflow/example_dags/example_local_kubernetes_executor.py for tasks to queue
[2026-06-12T11:11:09.513+0000] {logging_mixin.py:188} INFO - [2026-06-12T11:11:09.512+0000] {dagbag.py:538} INFO - Filling up the DagBag from /home/airflow/.local/lib/python3.8/site-packages/airflow/example_dags/example_local_kubernetes_executor.py
[2026-06-12T11:11:09.524+0000] {processor.py:840} INFO - DAG(s) 'example_local_kubernetes_executor' retrieved from /home/airflow/.local/lib/python3.8/site-packages/airflow/example_dags/example_local_kubernetes_executor.py
[2026-06-12T11:11:09.587+0000] {logging_mixin.py:188} INFO - [2026-06-12T11:11:09.587+0000] {dag.py:3036} INFO - Sync 1 DAGs
[2026-06-12T11:11:09.613+0000] {logging_mixin.py:188} INFO - [2026-06-12T11:11:09.612+0000] {dag.py:3823} INFO - Setting next_dagrun for example_local_kubernetes_executor to None, run_after=None
[2026-06-12T11:11:09.645+0000] {processor.py:183} INFO - Processing /home/airflow/.local/lib/python3.8/site-packages/airflow/example_dags/example_local_kubernetes_executor.py took 0.142 seconds
[2026-06-12T11:11:40.109+0000] {processor.py:161} INFO - Started process (PID=1210) to work on /home/airflow/.local/lib/python3.8/site-packages/airflow/example_dags/example_local_kubernetes_executor.py
[2026-06-12T11:11:40.110+0000] {processor.py:830} INFO - Processing file /home/airflow/.local/lib/python3.8/site-packages/airflow/example_dags/example_local_kubernetes_executor.py for tasks to queue
[2026-06-12T11:11:40.113+0000] {logging_mixin.py:188} INFO - [2026-06-12T11:11:40.112+0000] {dagbag.py:538} INFO - Filling up the DagBag from /home/airflow/.local/lib/python3.8/site-packages/airflow/example_dags/example_local_kubernetes_executor.py
[2026-06-12T11:11:40.124+0000] {processor.py:840} INFO - DAG(s) 'example_local_kubernetes_executor' retrieved from /home/airflow/.local/lib/python3.8/site-packages/airflow/example_dags/example_local_kubernetes_executor.py
[2026-06-12T11:11:40.194+0000] {logging_mixin.py:188} INFO - [2026-06-12T11:11:40.193+0000] {dag.py:3036} INFO - Sync 1 DAGs
[2026-06-12T11:11:40.217+0000] {logging_mixin.py:188} INFO - [2026-06-12T11:11:40.216+0000] {dag.py:3823} INFO - Setting next_dagrun for example_local_kubernetes_executor to None, run_after=None
[2026-06-12T11:11:40.253+0000] {processor.py:183} INFO - Processing /home/airflow/.local/lib/python3.8/site-packages/airflow/example_dags/example_local_kubernetes_executor.py took 0.150 seconds
[2026-06-12T11:12:10.366+0000] {processor.py:161} INFO - Started process (PID=1276) to work on /home/airflow/.local/lib/python3.8/site-packages/airflow/example_dags/example_local_kubernetes_executor.py
[2026-06-12T11:12:10.368+0000] {processor.py:830} INFO - Processing file /home/airflow/.local/lib/python3.8/site-packages/airflow/example_dags/example_local_kubernetes_executor.py for tasks to queue
[2026-06-12T11:12:10.371+0000] {logging_mixin.py:188} INFO - [2026-06-12T11:12:10.370+0000] {dagbag.py:538} INFO - Filling up the DagBag from /home/airflow/.local/lib/python3.8/site-packages/airflow/example_dags/example_local_kubernetes_executor.py
[2026-06-12T11:12:10.382+0000] {processor.py:840} INFO - DAG(s) 'example_local_kubernetes_executor' retrieved from /home/airflow/.local/lib/python3.8/site-packages/airflow/example_dags/example_local_kubernetes_executor.py
[2026-06-12T11:12:10.445+0000] {logging_mixin.py:188} INFO - [2026-06-12T11:12:10.444+0000] {dag.py:3036} INFO - Sync 1 DAGs
[2026-06-12T11:12:10.466+0000] {logging_mixin.py:188} INFO - [2026-06-12T11:12:10.466+0000] {dag.py:3823} INFO - Setting next_dagrun for example_local_kubernetes_executor to None, run_after=None
[2026-06-12T11:12:10.500+0000] {processor.py:183} INFO - Processing /home/airflow/.local/lib/python3.8/site-packages/airflow/example_dags/example_local_kubernetes_executor.py took 0.138 seconds
[2026-06-12T11:12:40.650+0000] {processor.py:161} INFO - Started process (PID=1343) to work on /home/airflow/.local/lib/python3.8/site-packages/airflow/example_dags/example_local_kubernetes_executor.py
[2026-06-12T11:12:40.652+0000] {processor.py:830} INFO - Processing file /home/airflow/.local/lib/python3.8/site-packages/airflow/example_dags/example_local_kubernetes_executor.py for tasks to queue
[2026-06-12T11:12:40.655+0000] {logging_mixin.py:188} INFO - [2026-06-12T11:12:40.655+0000] {dagbag.py:538} INFO - Filling up the DagBag from /home/airflow/.local/lib/python3.8/site-packages/airflow/example_dags/example_local_kubernetes_executor.py
[2026-06-12T11:12:40.669+0000] {processor.py:840} INFO - DAG(s) 'example_local_kubernetes_executor' retrieved from /home/airflow/.local/lib/python3.8/site-packages/airflow/example_dags/example_local_kubernetes_executor.py
[2026-06-12T11:12:40.737+0000] {logging_mixin.py:188} INFO - [2026-06-12T11:12:40.737+0000] {dag.py:3036} INFO - Sync 1 DAGs
[2026-06-12T11:12:40.761+0000] {logging_mixin.py:188} INFO - [2026-06-12T11:12:40.761+0000] {dag.py:3823} INFO - Setting next_dagrun for example_local_kubernetes_executor to None, run_after=None
[2026-06-12T11:12:40.796+0000] {processor.py:183} INFO - Processing /home/airflow/.local/lib/python3.8/site-packages/airflow/example_dags/example_local_kubernetes_executor.py took 0.152 seconds
[2026-06-12T11:13:11.184+0000] {processor.py:161} INFO - Started process (PID=1409) to work on /home/airflow/.local/lib/python3.8/site-packages/airflow/example_dags/example_local_kubernetes_executor.py
[2026-06-12T11:13:11.186+0000] {processor.py:830} INFO - Processing file /home/airflow/.local/lib/python3.8/site-packages/airflow/example_dags/example_local_kubernetes_executor.py for tasks to queue
[2026-06-12T11:13:11.189+0000] {logging_mixin.py:188} INFO - [2026-06-12T11:13:11.188+0000] {dagbag.py:538} INFO - Filling up the DagBag from /home/airflow/.local/lib/python3.8/site-packages/airflow/example_dags/example_local_kubernetes_executor.py
[2026-06-12T11:13:11.201+0000] {processor.py:840} INFO - DAG(s) 'example_local_kubernetes_executor' retrieved from /home/airflow/.local/lib/python3.8/site-packages/airflow/example_dags/example_local_kubernetes_executor.py
[2026-06-12T11:13:11.266+0000] {logging_mixin.py:188} INFO - [2026-06-12T11:13:11.266+0000] {dag.py:3036} INFO - Sync 1 DAGs
[2026-06-12T11:13:11.290+0000] {logging_mixin.py:188} INFO - [2026-06-12T11:13:11.289+0000] {dag.py:3823} INFO - Setting next_dagrun for example_local_kubernetes_executor to None, run_after=None
[2026-06-12T11:13:11.322+0000] {processor.py:183} INFO - Processing /home/airflow/.local/lib/python3.8/site-packages/airflow/example_dags/example_local_kubernetes_executor.py took 0.144 seconds
[2026-06-12T11:13:41.847+0000] {processor.py:161} INFO - Started process (PID=1475) to work on /home/airflow/.local/lib/python3.8/site-packages/airflow/example_dags/example_local_kubernetes_executor.py
[2026-06-12T11:13:41.849+0000] {processor.py:830} INFO - Processing file /home/airflow/.local/lib/python3.8/site-packages/airflow/example_dags/example_local_kubernetes_executor.py for tasks to queue
[2026-06-12T11:13:41.851+0000] {logging_mixin.py:188} INFO - [2026-06-12T11:13:41.851+0000] {dagbag.py:538} INFO - Filling up the DagBag from /home/airflow/.local/lib/python3.8/site-packages/airflow/example_dags/example_local_kubernetes_executor.py
[2026-06-12T11:13:41.864+0000] {processor.py:840} INFO - DAG(s) 'example_local_kubernetes_executor' retrieved from /home/airflow/.local/lib/python3.8/site-packages/airflow/example_dags/example_local_kubernetes_executor.py
[2026-06-12T11:13:41.922+0000] {logging_mixin.py:188} INFO - [2026-06-12T11:13:41.921+0000] {dag.py:3036} INFO - Sync 1 DAGs
[2026-06-12T11:13:41.941+0000] {logging_mixin.py:188} INFO - [2026-06-12T11:13:41.941+0000] {dag.py:3823} INFO - Setting next_dagrun for example_local_kubernetes_executor to None, run_after=None
[2026-06-12T11:13:41.971+0000] {processor.py:183} INFO - Processing /home/airflow/.local/lib/python3.8/site-packages/airflow/example_dags/example_local_kubernetes_executor.py took 0.129 seconds
[2026-06-12T11:14:12.962+0000] {processor.py:161} INFO - Started process (PID=1542) to work on /home/airflow/.local/lib/python3.8/site-packages/airflow/example_dags/example_local_kubernetes_executor.py
[2026-06-12T11:14:12.964+0000] {processor.py:830} INFO - Processing file /home/airflow/.local/lib/python3.8/site-packages/airflow/example_dags/example_local_kubernetes_executor.py for tasks to queue
[2026-06-12T11:14:12.967+0000] {logging_mixin.py:188} INFO - [2026-06-12T11:14:12.967+0000] {dagbag.py:538} INFO - Filling up the DagBag from /home/airflow/.local/lib/python3.8/site-packages/airflow/example_dags/example_local_kubernetes_executor.py
[2026-06-12T11:14:12.979+0000] {processor.py:840} INFO - DAG(s) 'example_local_kubernetes_executor' retrieved from /home/airflow/.local/lib/python3.8/site-packages/airflow/example_dags/example_local_kubernetes_executor.py
[2026-06-12T11:14:13.040+0000] {logging_mixin.py:188} INFO - [2026-06-12T11:14:13.039+0000] {dag.py:3036} INFO - Sync 1 DAGs
[2026-06-12T11:14:13.060+0000] {logging_mixin.py:188} INFO - [2026-06-12T11:14:13.060+0000] {dag.py:3823} INFO - Setting next_dagrun for example_local_kubernetes_executor to None, run_after=None
[2026-06-12T11:14:13.088+0000] {processor.py:183} INFO - Processing /home/airflow/.local/lib/python3.8/site-packages/airflow/example_dags/example_local_kubernetes_executor.py took 0.131 seconds
[2026-06-12T11:14:43.578+0000] {processor.py:161} INFO - Started process (PID=1608) to work on /home/airflow/.local/lib/python3.8/site-packages/airflow/example_dags/example_local_kubernetes_executor.py
[2026-06-12T11:14:43.579+0000] {processor.py:830} INFO - Processing file /home/airflow/.local/lib/python3.8/site-packages/airflow/example_dags/example_local_kubernetes_executor.py for tasks to queue
[2026-06-12T11:14:43.582+0000] {logging_mixin.py:188} INFO - [2026-06-12T11:14:43.582+0000] {dagbag.py:538} INFO - Filling up the DagBag from /home/airflow/.local/lib/python3.8/site-packages/airflow/example_dags/example_local_kubernetes_executor.py
[2026-06-12T11:14:43.594+0000] {processor.py:840} INFO - DAG(s) 'example_local_kubernetes_executor' retrieved from /home/airflow/.local/lib/python3.8/site-packages/airflow/example_dags/example_local_kubernetes_executor.py
[2026-06-12T11:14:43.655+0000] {logging_mixin.py:188} INFO - [2026-06-12T11:14:43.655+0000] {dag.py:3036} INFO - Sync 1 DAGs
[2026-06-12T11:14:43.676+0000] {logging_mixin.py:188} INFO - [2026-06-12T11:14:43.676+0000] {dag.py:3823} INFO - Setting next_dagrun for example_local_kubernetes_executor to None, run_after=None
[2026-06-12T11:14:43.711+0000] {processor.py:183} INFO - Processing /home/airflow/.local/lib/python3.8/site-packages/airflow/example_dags/example_local_kubernetes_executor.py took 0.138 seconds
[2026-06-12T11:15:13.863+0000] {processor.py:161} INFO - Started process (PID=1674) to work on /home/airflow/.local/lib/python3.8/site-packages/airflow/example_dags/example_local_kubernetes_executor.py
[2026-06-12T11:15:13.865+0000] {processor.py:830} INFO - Processing file /home/airflow/.local/lib/python3.8/site-packages/airflow/example_dags/example_local_kubernetes_executor.py for tasks to queue
[2026-06-12T11:15:13.867+0000] {logging_mixin.py:188} INFO - [2026-06-12T11:15:13.867+0000] {dagbag.py:538} INFO - Filling up the DagBag from /home/airflow/.local/lib/python3.8/site-packages/airflow/example_dags/example_local_kubernetes_executor.py
[2026-06-12T11:15:13.878+0000] {processor.py:840} INFO - DAG(s) 'example_local_kubernetes_executor' retrieved from /home/airflow/.local/lib/python3.8/site-packages/airflow/example_dags/example_local_kubernetes_executor.py
[2026-06-12T11:15:13.935+0000] {logging_mixin.py:188} INFO - [2026-06-12T11:15:13.935+0000] {dag.py:3036} INFO - Sync 1 DAGs
[2026-06-12T11:15:13.955+0000] {logging_mixin.py:188} INFO - [2026-06-12T11:15:13.955+0000] {dag.py:3823} INFO - Setting next_dagrun for example_local_kubernetes_executor to None, run_after=None
[2026-06-12T11:15:13.985+0000] {processor.py:183} INFO - Processing /home/airflow/.local/lib/python3.8/site-packages/airflow/example_dags/example_local_kubernetes_executor.py took 0.127 seconds
[2026-06-12T11:15:44.255+0000] {processor.py:161} INFO - Started process (PID=1746) to work on /home/airflow/.local/lib/python3.8/site-packages/airflow/example_dags/example_local_kubernetes_executor.py
[2026-06-12T11:15:44.258+0000] {processor.py:830} INFO - Processing file /home/airflow/.local/lib/python3.8/site-packages/airflow/example_dags/example_local_kubernetes_executor.py for tasks to queue
[2026-06-12T11:15:44.261+0000] {logging_mixin.py:188} INFO - [2026-06-12T11:15:44.261+0000] {dagbag.py:538} INFO - Filling up the DagBag from /home/airflow/.local/lib/python3.8/site-packages/airflow/example_dags/example_local_kubernetes_executor.py
[2026-06-12T11:15:44.301+0000] {processor.py:840} INFO - DAG(s) 'example_local_kubernetes_executor' retrieved from /home/airflow/.local/lib/python3.8/site-packages/airflow/example_dags/example_local_kubernetes_executor.py
[2026-06-12T11:15:44.378+0000] {logging_mixin.py:188} INFO - [2026-06-12T11:15:44.377+0000] {dag.py:3036} INFO - Sync 1 DAGs
[2026-06-12T11:15:44.411+0000] {logging_mixin.py:188} INFO - [2026-06-12T11:15:44.410+0000] {dag.py:3823} INFO - Setting next_dagrun for example_local_kubernetes_executor to None, run_after=None
[2026-06-12T11:15:44.452+0000] {processor.py:183} INFO - Processing /home/airflow/.local/lib/python3.8/site-packages/airflow/example_dags/example_local_kubernetes_executor.py took 0.203 seconds
[2026-06-12T11:16:14.921+0000] {processor.py:161} INFO - Started process (PID=1813) to work on /home/airflow/.local/lib/python3.8/site-packages/airflow/example_dags/example_local_kubernetes_executor.py
[2026-06-12T11:16:14.923+0000] {processor.py:830} INFO - Processing file /home/airflow/.local/lib/python3.8/site-packages/airflow/example_dags/example_local_kubernetes_executor.py for tasks to queue
[2026-06-12T11:16:14.926+0000] {logging_mixin.py:188} INFO - [2026-06-12T11:16:14.925+0000] {dagbag.py:538} INFO - Filling up the DagBag from /home/airflow/.local/lib/python3.8/site-packages/airflow/example_dags/example_local_kubernetes_executor.py
[2026-06-12T11:16:14.939+0000] {processor.py:840} INFO - DAG(s) 'example_local_kubernetes_executor' retrieved from /home/airflow/.local/lib/python3.8/site-packages/airflow/example_dags/example_local_kubernetes_executor.py
[2026-06-12T11:16:15.013+0000] {logging_mixin.py:188} INFO - [2026-06-12T11:16:15.013+0000] {dag.py:3036} INFO - Sync 1 DAGs
[2026-06-12T11:16:15.051+0000] {logging_mixin.py:188} INFO - [2026-06-12T11:16:15.051+0000] {dag.py:3823} INFO - Setting next_dagrun for example_local_kubernetes_executor to None, run_after=None
[2026-06-12T11:16:15.113+0000] {processor.py:183} INFO - Processing /home/airflow/.local/lib/python3.8/site-packages/airflow/example_dags/example_local_kubernetes_executor.py took 0.198 seconds
[2026-06-12T11:16:45.631+0000] {processor.py:161} INFO - Started process (PID=1879) to work on /home/airflow/.local/lib/python3.8/site-packages/airflow/example_dags/example_local_kubernetes_executor.py
[2026-06-12T11:16:45.633+0000] {processor.py:830} INFO - Processing file /home/airflow/.local/lib/python3.8/site-packages/airflow/example_dags/example_local_kubernetes_executor.py for tasks to queue
[2026-06-12T11:16:45.636+0000] {logging_mixin.py:188} INFO - [2026-06-12T11:16:45.635+0000] {dagbag.py:538} INFO - Filling up the DagBag from /home/airflow/.local/lib/python3.8/site-packages/airflow/example_dags/example_local_kubernetes_executor.py
[2026-06-12T11:16:45.647+0000] {processor.py:840} INFO - DAG(s) 'example_local_kubernetes_executor' retrieved from /home/airflow/.local/lib/python3.8/site-packages/airflow/example_dags/example_local_kubernetes_executor.py
[2026-06-12T11:16:45.703+0000] {logging_mixin.py:188} INFO - [2026-06-12T11:16:45.702+0000] {dag.py:3036} INFO - Sync 1 DAGs
[2026-06-12T11:16:45.724+0000] {logging_mixin.py:188} INFO - [2026-06-12T11:16:45.724+0000] {dag.py:3823} INFO - Setting next_dagrun for example_local_kubernetes_executor to None, run_after=None
[2026-06-12T11:16:45.753+0000] {processor.py:183} INFO - Processing /home/airflow/.local/lib/python3.8/site-packages/airflow/example_dags/example_local_kubernetes_executor.py took 0.127 seconds
[2026-06-12T11:17:16.147+0000] {processor.py:161} INFO - Started process (PID=1944) to work on /home/airflow/.local/lib/python3.8/site-packages/airflow/example_dags/example_local_kubernetes_executor.py
[2026-06-12T11:17:16.148+0000] {processor.py:830} INFO - Processing file /home/airflow/.local/lib/python3.8/site-packages/airflow/example_dags/example_local_kubernetes_executor.py for tasks to queue
[2026-06-12T11:17:16.152+0000] {logging_mixin.py:188} INFO - [2026-06-12T11:17:16.151+0000] {dagbag.py:538} INFO - Filling up the DagBag from /home/airflow/.local/lib/python3.8/site-packages/airflow/example_dags/example_local_kubernetes_executor.py
[2026-06-12T11:17:16.163+0000] {processor.py:840} INFO - DAG(s) 'example_local_kubernetes_executor' retrieved from /home/airflow/.local/lib/python3.8/site-packages/airflow/example_dags/example_local_kubernetes_executor.py
[2026-06-12T11:17:16.220+0000] {logging_mixin.py:188} INFO - [2026-06-12T11:17:16.219+0000] {dag.py:3036} INFO - Sync 1 DAGs
[2026-06-12T11:17:16.239+0000] {logging_mixin.py:188} INFO - [2026-06-12T11:17:16.239+0000] {dag.py:3823} INFO - Setting next_dagrun for example_local_kubernetes_executor to None, run_after=None
[2026-06-12T11:17:16.269+0000] {processor.py:183} INFO - Processing /home/airflow/.local/lib/python3.8/site-packages/airflow/example_dags/example_local_kubernetes_executor.py took 0.128 seconds
[2026-06-12T11:17:46.542+0000] {processor.py:161} INFO - Started process (PID=2010) to work on /home/airflow/.local/lib/python3.8/site-packages/airflow/example_dags/example_local_kubernetes_executor.py
[2026-06-12T11:17:46.544+0000] {processor.py:830} INFO - Processing file /home/airflow/.local/lib/python3.8/site-packages/airflow/example_dags/example_local_kubernetes_executor.py for tasks to queue
[2026-06-12T11:17:46.546+0000] {logging_mixin.py:188} INFO - [2026-06-12T11:17:46.546+0000] {dagbag.py:538} INFO - Filling up the DagBag from /home/airflow/.local/lib/python3.8/site-packages/airflow/example_dags/example_local_kubernetes_executor.py
[2026-06-12T11:17:46.557+0000] {processor.py:840} INFO - DAG(s) 'example_local_kubernetes_executor' retrieved from /home/airflow/.local/lib/python3.8/site-packages/airflow/example_dags/example_local_kubernetes_executor.py
[2026-06-12T11:17:46.611+0000] {logging_mixin.py:188} INFO - [2026-06-12T11:17:46.611+0000] {dag.py:3036} INFO - Sync 1 DAGs
[2026-06-12T11:17:46.630+0000] {logging_mixin.py:188} INFO - [2026-06-12T11:17:46.630+0000] {dag.py:3823} INFO - Setting next_dagrun for example_local_kubernetes_executor to None, run_after=None
[2026-06-12T11:17:46.657+0000] {processor.py:183} INFO - Processing /home/airflow/.local/lib/python3.8/site-packages/airflow/example_dags/example_local_kubernetes_executor.py took 0.119 seconds
[2026-06-12T11:18:16.770+0000] {processor.py:161} INFO - Started process (PID=2076) to work on /home/airflow/.local/lib/python3.8/site-packages/airflow/example_dags/example_local_kubernetes_executor.py
[2026-06-12T11:18:16.771+0000] {processor.py:830} INFO - Processing file /home/airflow/.local/lib/python3.8/site-packages/airflow/example_dags/example_local_kubernetes_executor.py for tasks to queue
[2026-06-12T11:18:16.774+0000] {logging_mixin.py:188} INFO - [2026-06-12T11:18:16.774+0000] {dagbag.py:538} INFO - Filling up the DagBag from /home/airflow/.local/lib/python3.8/site-packages/airflow/example_dags/example_local_kubernetes_executor.py
[2026-06-12T11:18:16.785+0000] {processor.py:840} INFO - DAG(s) 'example_local_kubernetes_executor' retrieved from /home/airflow/.local/lib/python3.8/site-packages/airflow/example_dags/example_local_kubernetes_executor.py
[2026-06-12T11:18:16.845+0000] {logging_mixin.py:188} INFO - [2026-06-12T11:18:16.845+0000] {dag.py:3036} INFO - Sync 1 DAGs
[2026-06-12T11:18:16.864+0000] {logging_mixin.py:188} INFO - [2026-06-12T11:18:16.864+0000] {dag.py:3823} INFO - Setting next_dagrun for example_local_kubernetes_executor to None, run_after=None
[2026-06-12T11:18:16.892+0000] {processor.py:183} INFO - Processing /home/airflow/.local/lib/python3.8/site-packages/airflow/example_dags/example_local_kubernetes_executor.py took 0.128 seconds
[2026-06-12T11:18:47.007+0000] {processor.py:161} INFO - Started process (PID=2142) to work on /home/airflow/.local/lib/python3.8/site-packages/airflow/example_dags/example_local_kubernetes_executor.py
[2026-06-12T11:18:47.009+0000] {processor.py:830} INFO - Processing file /home/airflow/.local/lib/python3.8/site-packages/airflow/example_dags/example_local_kubernetes_executor.py for tasks to queue
[2026-06-12T11:18:47.011+0000] {logging_mixin.py:188} INFO - [2026-06-12T11:18:47.011+0000] {dagbag.py:538} INFO - Filling up the DagBag from /home/airflow/.local/lib/python3.8/site-packages/airflow/example_dags/example_local_kubernetes_executor.py
[2026-06-12T11:18:47.022+0000] {processor.py:840} INFO - DAG(s) 'example_local_kubernetes_executor' retrieved from /home/airflow/.local/lib/python3.8/site-packages/airflow/example_dags/example_local_kubernetes_executor.py
[2026-06-12T11:18:47.078+0000] {logging_mixin.py:188} INFO - [2026-06-12T11:18:47.078+0000] {dag.py:3036} INFO - Sync 1 DAGs
[2026-06-12T11:18:47.097+0000] {logging_mixin.py:188} INFO - [2026-06-12T11:18:47.097+0000] {dag.py:3823} INFO - Setting next_dagrun for example_local_kubernetes_executor to None, run_after=None
[2026-06-12T11:18:47.126+0000] {processor.py:183} INFO - Processing /home/airflow/.local/lib/python3.8/site-packages/airflow/example_dags/example_local_kubernetes_executor.py took 0.123 seconds
[2026-06-12T11:19:17.303+0000] {processor.py:161} INFO - Started process (PID=2208) to work on /home/airflow/.local/lib/python3.8/site-packages/airflow/example_dags/example_local_kubernetes_executor.py
[2026-06-12T11:19:17.304+0000] {processor.py:830} INFO - Processing file /home/airflow/.local/lib/python3.8/site-packages/airflow/example_dags/example_local_kubernetes_executor.py for tasks to queue
[2026-06-12T11:19:17.307+0000] {logging_mixin.py:188} INFO - [2026-06-12T11:19:17.306+0000] {dagbag.py:538} INFO - Filling up the DagBag from /home/airflow/.local/lib/python3.8/site-packages/airflow/example_dags/example_local_kubernetes_executor.py
[2026-06-12T11:19:17.318+0000] {processor.py:840} INFO - DAG(s) 'example_local_kubernetes_executor' retrieved from /home/airflow/.local/lib/python3.8/site-packages/airflow/example_dags/example_local_kubernetes_executor.py
[2026-06-12T11:19:17.377+0000] {logging_mixin.py:188} INFO - [2026-06-12T11:19:17.377+0000] {dag.py:3036} INFO - Sync 1 DAGs
[2026-06-12T11:19:17.401+0000] {logging_mixin.py:188} INFO - [2026-06-12T11:19:17.400+0000] {dag.py:3823} INFO - Setting next_dagrun for example_local_kubernetes_executor to None, run_after=None
[2026-06-12T11:19:17.435+0000] {processor.py:183} INFO - Processing /home/airflow/.local/lib/python3.8/site-packages/airflow/example_dags/example_local_kubernetes_executor.py took 0.139 seconds
[2026-06-12T11:19:47.544+0000] {processor.py:161} INFO - Started process (PID=2274) to work on /home/airflow/.local/lib/python3.8/site-packages/airflow/example_dags/example_local_kubernetes_executor.py
[2026-06-12T11:19:47.546+0000] {processor.py:830} INFO - Processing file /home/airflow/.local/lib/python3.8/site-packages/airflow/example_dags/example_local_kubernetes_executor.py for tasks to queue
[2026-06-12T11:19:47.548+0000] {logging_mixin.py:188} INFO - [2026-06-12T11:19:47.548+0000] {dagbag.py:538} INFO - Filling up the DagBag from /home/airflow/.local/lib/python3.8/site-packages/airflow/example_dags/example_local_kubernetes_executor.py
[2026-06-12T11:19:47.559+0000] {processor.py:840} INFO - DAG(s) 'example_local_kubernetes_executor' retrieved from /home/airflow/.local/lib/python3.8/site-packages/airflow/example_dags/example_local_kubernetes_executor.py
[2026-06-12T11:19:47.627+0000] {logging_mixin.py:188} INFO - [2026-06-12T11:19:47.626+0000] {dag.py:3036} INFO - Sync 1 DAGs
[2026-06-12T11:19:47.649+0000] {logging_mixin.py:188} INFO - [2026-06-12T11:19:47.648+0000] {dag.py:3823} INFO - Setting next_dagrun for example_local_kubernetes_executor to None, run_after=None
[2026-06-12T11:19:47.678+0000] {processor.py:183} INFO - Processing /home/airflow/.local/lib/python3.8/site-packages/airflow/example_dags/example_local_kubernetes_executor.py took 0.139 seconds
[2026-06-12T11:20:17.817+0000] {processor.py:161} INFO - Started process (PID=2340) to work on /home/airflow/.local/lib/python3.8/site-packages/airflow/example_dags/example_local_kubernetes_executor.py
[2026-06-12T11:20:17.818+0000] {processor.py:830} INFO - Processing file /home/airflow/.local/lib/python3.8/site-packages/airflow/example_dags/example_local_kubernetes_executor.py for tasks to queue
[2026-06-12T11:20:17.821+0000] {logging_mixin.py:188} INFO - [2026-06-12T11:20:17.820+0000] {dagbag.py:538} INFO - Filling up the DagBag from /home/airflow/.local/lib/python3.8/site-packages/airflow/example_dags/example_local_kubernetes_executor.py
[2026-06-12T11:20:17.834+0000] {processor.py:840} INFO - DAG(s) 'example_local_kubernetes_executor' retrieved from /home/airflow/.local/lib/python3.8/site-packages/airflow/example_dags/example_local_kubernetes_executor.py
[2026-06-12T11:20:17.902+0000] {logging_mixin.py:188} INFO - [2026-06-12T11:20:17.902+0000] {dag.py:3036} INFO - Sync 1 DAGs
[2026-06-12T11:20:17.926+0000] {logging_mixin.py:188} INFO - [2026-06-12T11:20:17.926+0000] {dag.py:3823} INFO - Setting next_dagrun for example_local_kubernetes_executor to None, run_after=None
[2026-06-12T11:20:17.964+0000] {processor.py:183} INFO - Processing /home/airflow/.local/lib/python3.8/site-packages/airflow/example_dags/example_local_kubernetes_executor.py took 0.153 seconds
[2026-06-12T11:20:48.419+0000] {processor.py:161} INFO - Started process (PID=2414) to work on /home/airflow/.local/lib/python3.8/site-packages/airflow/example_dags/example_local_kubernetes_executor.py
[2026-06-12T11:20:48.421+0000] {processor.py:830} INFO - Processing file /home/airflow/.local/lib/python3.8/site-packages/airflow/example_dags/example_local_kubernetes_executor.py for tasks to queue
[2026-06-12T11:20:48.424+0000] {logging_mixin.py:188} INFO - [2026-06-12T11:20:48.423+0000] {dagbag.py:538} INFO - Filling up the DagBag from /home/airflow/.local/lib/python3.8/site-packages/airflow/example_dags/example_local_kubernetes_executor.py
[2026-06-12T11:20:48.435+0000] {processor.py:840} INFO - DAG(s) 'example_local_kubernetes_executor' retrieved from /home/airflow/.local/lib/python3.8/site-packages/airflow/example_dags/example_local_kubernetes_executor.py
[2026-06-12T11:20:48.497+0000] {logging_mixin.py:188} INFO - [2026-06-12T11:20:48.496+0000] {dag.py:3036} INFO - Sync 1 DAGs
[2026-06-12T11:20:48.520+0000] {logging_mixin.py:188} INFO - [2026-06-12T11:20:48.519+0000] {dag.py:3823} INFO - Setting next_dagrun for example_local_kubernetes_executor to None, run_after=None
[2026-06-12T11:20:48.552+0000] {processor.py:183} INFO - Processing /home/airflow/.local/lib/python3.8/site-packages/airflow/example_dags/example_local_kubernetes_executor.py took 0.138 seconds
[2026-06-12T11:21:19.095+0000] {processor.py:161} INFO - Started process (PID=2480) to work on /home/airflow/.local/lib/python3.8/site-packages/airflow/example_dags/example_local_kubernetes_executor.py
[2026-06-12T11:21:19.097+0000] {processor.py:830} INFO - Processing file /home/airflow/.local/lib/python3.8/site-packages/airflow/example_dags/example_local_kubernetes_executor.py for tasks to queue
[2026-06-12T11:21:19.099+0000] {logging_mixin.py:188} INFO - [2026-06-12T11:21:19.099+0000] {dagbag.py:538} INFO - Filling up the DagBag from /home/airflow/.local/lib/python3.8/site-packages/airflow/example_dags/example_local_kubernetes_executor.py
[2026-06-12T11:21:19.111+0000] {processor.py:840} INFO - DAG(s) 'example_local_kubernetes_executor' retrieved from /home/airflow/.local/lib/python3.8/site-packages/airflow/example_dags/example_local_kubernetes_executor.py
[2026-06-12T11:21:19.175+0000] {logging_mixin.py:188} INFO - [2026-06-12T11:21:19.175+0000] {dag.py:3036} INFO - Sync 1 DAGs
[2026-06-12T11:21:19.200+0000] {logging_mixin.py:188} INFO - [2026-06-12T11:21:19.199+0000] {dag.py:3823} INFO - Setting next_dagrun for example_local_kubernetes_executor to None, run_after=None
[2026-06-12T11:21:19.231+0000] {processor.py:183} INFO - Processing /home/airflow/.local/lib/python3.8/site-packages/airflow/example_dags/example_local_kubernetes_executor.py took 0.141 seconds
[2026-06-12T11:21:49.701+0000] {processor.py:161} INFO - Started process (PID=2546) to work on /home/airflow/.local/lib/python3.8/site-packages/airflow/example_dags/example_local_kubernetes_executor.py
[2026-06-12T11:21:49.703+0000] {processor.py:830} INFO - Processing file /home/airflow/.local/lib/python3.8/site-packages/airflow/example_dags/example_local_kubernetes_executor.py for tasks to queue
[2026-06-12T11:21:49.706+0000] {logging_mixin.py:188} INFO - [2026-06-12T11:21:49.705+0000] {dagbag.py:538} INFO - Filling up the DagBag from /home/airflow/.local/lib/python3.8/site-packages/airflow/example_dags/example_local_kubernetes_executor.py
[2026-06-12T11:21:49.718+0000] {processor.py:840} INFO - DAG(s) 'example_local_kubernetes_executor' retrieved from /home/airflow/.local/lib/python3.8/site-packages/airflow/example_dags/example_local_kubernetes_executor.py
[2026-06-12T11:21:49.782+0000] {logging_mixin.py:188} INFO - [2026-06-12T11:21:49.781+0000] {dag.py:3036} INFO - Sync 1 DAGs
[2026-06-12T11:21:49.803+0000] {logging_mixin.py:188} INFO - [2026-06-12T11:21:49.802+0000] {dag.py:3823} INFO - Setting next_dagrun for example_local_kubernetes_executor to None, run_after=None
[2026-06-12T11:21:49.837+0000] {processor.py:183} INFO - Processing /home/airflow/.local/lib/python3.8/site-packages/airflow/example_dags/example_local_kubernetes_executor.py took 0.141 seconds
[2026-06-12T11:22:20.500+0000] {processor.py:161} INFO - Started process (PID=2612) to work on /home/airflow/.local/lib/python3.8/site-packages/airflow/example_dags/example_local_kubernetes_executor.py
[2026-06-12T11:22:20.502+0000] {processor.py:830} INFO - Processing file /home/airflow/.local/lib/python3.8/site-packages/airflow/example_dags/example_local_kubernetes_executor.py for tasks to queue
[2026-06-12T11:22:20.505+0000] {logging_mixin.py:188} INFO - [2026-06-12T11:22:20.504+0000] {dagbag.py:538} INFO - Filling up the DagBag from /home/airflow/.local/lib/python3.8/site-packages/airflow/example_dags/example_local_kubernetes_executor.py
[2026-06-12T11:22:20.517+0000] {processor.py:840} INFO - DAG(s) 'example_local_kubernetes_executor' retrieved from /home/airflow/.local/lib/python3.8/site-packages/airflow/example_dags/example_local_kubernetes_executor.py
[2026-06-12T11:22:20.585+0000] {logging_mixin.py:188} INFO - [2026-06-12T11:22:20.585+0000] {dag.py:3036} INFO - Sync 1 DAGs
[2026-06-12T11:22:20.610+0000] {logging_mixin.py:188} INFO - [2026-06-12T11:22:20.610+0000] {dag.py:3823} INFO - Setting next_dagrun for example_local_kubernetes_executor to None, run_after=None
[2026-06-12T11:22:20.642+0000] {processor.py:183} INFO - Processing /home/airflow/.local/lib/python3.8/site-packages/airflow/example_dags/example_local_kubernetes_executor.py took 0.148 seconds
[2026-06-12T11:22:51.187+0000] {processor.py:161} INFO - Started process (PID=2678) to work on /home/airflow/.local/lib/python3.8/site-packages/airflow/example_dags/example_local_kubernetes_executor.py
[2026-06-12T11:22:51.192+0000] {processor.py:830} INFO - Processing file /home/airflow/.local/lib/python3.8/site-packages/airflow/example_dags/example_local_kubernetes_executor.py for tasks to queue
[2026-06-12T11:22:51.199+0000] {logging_mixin.py:188} INFO - [2026-06-12T11:22:51.198+0000] {dagbag.py:538} INFO - Filling up the DagBag from /home/airflow/.local/lib/python3.8/site-packages/airflow/example_dags/example_local_kubernetes_executor.py
[2026-06-12T11:22:51.214+0000] {processor.py:840} INFO - DAG(s) 'example_local_kubernetes_executor' retrieved from /home/airflow/.local/lib/python3.8/site-packages/airflow/example_dags/example_local_kubernetes_executor.py
[2026-06-12T11:22:51.312+0000] {logging_mixin.py:188} INFO - [2026-06-12T11:22:51.312+0000] {dag.py:3036} INFO - Sync 1 DAGs
[2026-06-12T11:22:51.337+0000] {logging_mixin.py:188} INFO - [2026-06-12T11:22:51.337+0000] {dag.py:3823} INFO - Setting next_dagrun for example_local_kubernetes_executor to None, run_after=None
[2026-06-12T11:22:51.372+0000] {processor.py:183} INFO - Processing /home/airflow/.local/lib/python3.8/site-packages/airflow/example_dags/example_local_kubernetes_executor.py took 0.191 seconds
[2026-06-12T11:23:22.191+0000] {processor.py:161} INFO - Started process (PID=2744) to work on /home/airflow/.local/lib/python3.8/site-packages/airflow/example_dags/example_local_kubernetes_executor.py
[2026-06-12T11:23:22.193+0000] {processor.py:830} INFO - Processing file /home/airflow/.local/lib/python3.8/site-packages/airflow/example_dags/example_local_kubernetes_executor.py for tasks to queue
[2026-06-12T11:23:22.196+0000] {logging_mixin.py:188} INFO - [2026-06-12T11:23:22.195+0000] {dagbag.py:538} INFO - Filling up the DagBag from /home/airflow/.local/lib/python3.8/site-packages/airflow/example_dags/example_local_kubernetes_executor.py
[2026-06-12T11:23:22.207+0000] {processor.py:840} INFO - DAG(s) 'example_local_kubernetes_executor' retrieved from /home/airflow/.local/lib/python3.8/site-packages/airflow/example_dags/example_local_kubernetes_executor.py
[2026-06-12T11:23:22.273+0000] {logging_mixin.py:188} INFO - [2026-06-12T11:23:22.272+0000] {dag.py:3036} INFO - Sync 1 DAGs
[2026-06-12T11:23:22.296+0000] {logging_mixin.py:188} INFO - [2026-06-12T11:23:22.295+0000] {dag.py:3823} INFO - Setting next_dagrun for example_local_kubernetes_executor to None, run_after=None
[2026-06-12T11:23:22.329+0000] {processor.py:183} INFO - Processing /home/airflow/.local/lib/python3.8/site-packages/airflow/example_dags/example_local_kubernetes_executor.py took 0.143 seconds
[2026-06-12T11:23:52.750+0000] {processor.py:161} INFO - Started process (PID=2809) to work on /home/airflow/.local/lib/python3.8/site-packages/airflow/example_dags/example_local_kubernetes_executor.py
[2026-06-12T11:23:52.751+0000] {processor.py:830} INFO - Processing file /home/airflow/.local/lib/python3.8/site-packages/airflow/example_dags/example_local_kubernetes_executor.py for tasks to queue
[2026-06-12T11:23:52.754+0000] {logging_mixin.py:188} INFO - [2026-06-12T11:23:52.753+0000] {dagbag.py:538} INFO - Filling up the DagBag from /home/airflow/.local/lib/python3.8/site-packages/airflow/example_dags/example_local_kubernetes_executor.py
[2026-06-12T11:23:52.765+0000] {processor.py:840} INFO - DAG(s) 'example_local_kubernetes_executor' retrieved from /home/airflow/.local/lib/python3.8/site-packages/airflow/example_dags/example_local_kubernetes_executor.py
[2026-06-12T11:23:52.823+0000] {logging_mixin.py:188} INFO - [2026-06-12T11:23:52.822+0000] {dag.py:3036} INFO - Sync 1 DAGs
[2026-06-12T11:23:52.843+0000] {logging_mixin.py:188} INFO - [2026-06-12T11:23:52.842+0000] {dag.py:3823} INFO - Setting next_dagrun for example_local_kubernetes_executor to None, run_after=None
[2026-06-12T11:23:52.874+0000] {processor.py:183} INFO - Processing /home/airflow/.local/lib/python3.8/site-packages/airflow/example_dags/example_local_kubernetes_executor.py took 0.129 seconds
[2026-06-12T11:24:23.570+0000] {processor.py:161} INFO - Started process (PID=2881) to work on /home/airflow/.local/lib/python3.8/site-packages/airflow/example_dags/example_local_kubernetes_executor.py
[2026-06-12T11:24:23.572+0000] {processor.py:830} INFO - Processing file /home/airflow/.local/lib/python3.8/site-packages/airflow/example_dags/example_local_kubernetes_executor.py for tasks to queue
[2026-06-12T11:24:23.575+0000] {logging_mixin.py:188} INFO - [2026-06-12T11:24:23.574+0000] {dagbag.py:538} INFO - Filling up the DagBag from /home/airflow/.local/lib/python3.8/site-packages/airflow/example_dags/example_local_kubernetes_executor.py
[2026-06-12T11:24:23.588+0000] {processor.py:840} INFO - DAG(s) 'example_local_kubernetes_executor' retrieved from /home/airflow/.local/lib/python3.8/site-packages/airflow/example_dags/example_local_kubernetes_executor.py
[2026-06-12T11:24:23.657+0000] {logging_mixin.py:188} INFO - [2026-06-12T11:24:23.656+0000] {dag.py:3036} INFO - Sync 1 DAGs
[2026-06-12T11:24:23.679+0000] {logging_mixin.py:188} INFO - [2026-06-12T11:24:23.679+0000] {dag.py:3823} INFO - Setting next_dagrun for example_local_kubernetes_executor to None, run_after=None
[2026-06-12T11:24:23.712+0000] {processor.py:183} INFO - Processing /home/airflow/.local/lib/python3.8/site-packages/airflow/example_dags/example_local_kubernetes_executor.py took 0.148 seconds
[2026-06-12T11:24:54.689+0000] {processor.py:161} INFO - Started process (PID=2947) to work on /home/airflow/.local/lib/python3.8/site-packages/airflow/example_dags/example_local_kubernetes_executor.py
[2026-06-12T11:24:54.690+0000] {processor.py:830} INFO - Processing file /home/airflow/.local/lib/python3.8/site-packages/airflow/example_dags/example_local_kubernetes_executor.py for tasks to queue
[2026-06-12T11:24:54.693+0000] {logging_mixin.py:188} INFO - [2026-06-12T11:24:54.693+0000] {dagbag.py:538} INFO - Filling up the DagBag from /home/airflow/.local/lib/python3.8/site-packages/airflow/example_dags/example_local_kubernetes_executor.py
[2026-06-12T11:24:54.706+0000] {processor.py:840} INFO - DAG(s) 'example_local_kubernetes_executor' retrieved from /home/airflow/.local/lib/python3.8/site-packages/airflow/example_dags/example_local_kubernetes_executor.py
[2026-06-12T11:24:54.776+0000] {logging_mixin.py:188} INFO - [2026-06-12T11:24:54.776+0000] {dag.py:3036} INFO - Sync 1 DAGs
[2026-06-12T11:24:54.801+0000] {logging_mixin.py:188} INFO - [2026-06-12T11:24:54.801+0000] {dag.py:3823} INFO - Setting next_dagrun for example_local_kubernetes_executor to None, run_after=None
[2026-06-12T11:24:54.835+0000] {processor.py:183} INFO - Processing /home/airflow/.local/lib/python3.8/site-packages/airflow/example_dags/example_local_kubernetes_executor.py took 0.151 seconds
[2026-06-12T11:25:25.444+0000] {processor.py:161} INFO - Started process (PID=3014) to work on /home/airflow/.local/lib/python3.8/site-packages/airflow/example_dags/example_local_kubernetes_executor.py
[2026-06-12T11:25:25.447+0000] {processor.py:830} INFO - Processing file /home/airflow/.local/lib/python3.8/site-packages/airflow/example_dags/example_local_kubernetes_executor.py for tasks to queue
[2026-06-12T11:25:25.450+0000] {logging_mixin.py:188} INFO - [2026-06-12T11:25:25.449+0000] {dagbag.py:538} INFO - Filling up the DagBag from /home/airflow/.local/lib/python3.8/site-packages/airflow/example_dags/example_local_kubernetes_executor.py
[2026-06-12T11:25:25.471+0000] {processor.py:840} INFO - DAG(s) 'example_local_kubernetes_executor' retrieved from /home/airflow/.local/lib/python3.8/site-packages/airflow/example_dags/example_local_kubernetes_executor.py
[2026-06-12T11:25:25.544+0000] {logging_mixin.py:188} INFO - [2026-06-12T11:25:25.543+0000] {dag.py:3036} INFO - Sync 1 DAGs
[2026-06-12T11:25:25.798+0000] {logging_mixin.py:188} INFO - [2026-06-12T11:25:25.798+0000] {dag.py:3823} INFO - Setting next_dagrun for example_local_kubernetes_executor to None, run_after=None
[2026-06-12T11:25:25.827+0000] {processor.py:183} INFO - Processing /home/airflow/.local/lib/python3.8/site-packages/airflow/example_dags/example_local_kubernetes_executor.py took 0.389 seconds
[2026-06-12T11:25:56.658+0000] {processor.py:161} INFO - Started process (PID=3079) to work on /home/airflow/.local/lib/python3.8/site-packages/airflow/example_dags/example_local_kubernetes_executor.py
[2026-06-12T11:25:56.659+0000] {processor.py:830} INFO - Processing file /home/airflow/.local/lib/python3.8/site-packages/airflow/example_dags/example_local_kubernetes_executor.py for tasks to queue
[2026-06-12T11:25:56.662+0000] {logging_mixin.py:188} INFO - [2026-06-12T11:25:56.661+0000] {dagbag.py:538} INFO - Filling up the DagBag from /home/airflow/.local/lib/python3.8/site-packages/airflow/example_dags/example_local_kubernetes_executor.py
[2026-06-12T11:25:56.673+0000] {processor.py:840} INFO - DAG(s) 'example_local_kubernetes_executor' retrieved from /home/airflow/.local/lib/python3.8/site-packages/airflow/example_dags/example_local_kubernetes_executor.py
[2026-06-12T11:25:56.735+0000] {logging_mixin.py:188} INFO - [2026-06-12T11:25:56.735+0000] {dag.py:3036} INFO - Sync 1 DAGs
[2026-06-12T11:25:56.755+0000] {logging_mixin.py:188} INFO - [2026-06-12T11:25:56.755+0000] {dag.py:3823} INFO - Setting next_dagrun for example_local_kubernetes_executor to None, run_after=None
[2026-06-12T11:25:56.961+0000] {processor.py:183} INFO - Processing /home/airflow/.local/lib/python3.8/site-packages/airflow/example_dags/example_local_kubernetes_executor.py took 0.308 seconds
[2026-06-12T11:26:27.126+0000] {processor.py:161} INFO - Started process (PID=3146) to work on /home/airflow/.local/lib/python3.8/site-packages/airflow/example_dags/example_local_kubernetes_executor.py
[2026-06-12T11:26:27.128+0000] {processor.py:830} INFO - Processing file /home/airflow/.local/lib/python3.8/site-packages/airflow/example_dags/example_local_kubernetes_executor.py for tasks to queue
[2026-06-12T11:26:27.130+0000] {logging_mixin.py:188} INFO - [2026-06-12T11:26:27.130+0000] {dagbag.py:538} INFO - Filling up the DagBag from /home/airflow/.local/lib/python3.8/site-packages/airflow/example_dags/example_local_kubernetes_executor.py
[2026-06-12T11:26:27.141+0000] {processor.py:840} INFO - DAG(s) 'example_local_kubernetes_executor' retrieved from /home/airflow/.local/lib/python3.8/site-packages/airflow/example_dags/example_local_kubernetes_executor.py
[2026-06-12T11:26:27.198+0000] {logging_mixin.py:188} INFO - [2026-06-12T11:26:27.198+0000] {dag.py:3036} INFO - Sync 1 DAGs
[2026-06-12T11:26:27.219+0000] {logging_mixin.py:188} INFO - [2026-06-12T11:26:27.219+0000] {dag.py:3823} INFO - Setting next_dagrun for example_local_kubernetes_executor to None, run_after=None
[2026-06-12T11:26:27.249+0000] {processor.py:183} INFO - Processing /home/airflow/.local/lib/python3.8/site-packages/airflow/example_dags/example_local_kubernetes_executor.py took 0.127 seconds
[2026-06-12T11:26:58.402+0000] {processor.py:161} INFO - Started process (PID=3213) to work on /home/airflow/.local/lib/python3.8/site-packages/airflow/example_dags/example_local_kubernetes_executor.py
[2026-06-12T11:26:58.403+0000] {processor.py:830} INFO - Processing file /home/airflow/.local/lib/python3.8/site-packages/airflow/example_dags/example_local_kubernetes_executor.py for tasks to queue
[2026-06-12T11:26:58.406+0000] {logging_mixin.py:188} INFO - [2026-06-12T11:26:58.405+0000] {dagbag.py:538} INFO - Filling up the DagBag from /home/airflow/.local/lib/python3.8/site-packages/airflow/example_dags/example_local_kubernetes_executor.py
[2026-06-12T11:26:58.418+0000] {processor.py:840} INFO - DAG(s) 'example_local_kubernetes_executor' retrieved from /home/airflow/.local/lib/python3.8/site-packages/airflow/example_dags/example_local_kubernetes_executor.py
[2026-06-12T11:26:58.486+0000] {logging_mixin.py:188} INFO - [2026-06-12T11:26:58.486+0000] {dag.py:3036} INFO - Sync 1 DAGs
[2026-06-12T11:26:58.513+0000] {logging_mixin.py:188} INFO - [2026-06-12T11:26:58.513+0000] {dag.py:3823} INFO - Setting next_dagrun for example_local_kubernetes_executor to None, run_after=None
[2026-06-12T11:26:58.545+0000] {processor.py:183} INFO - Processing /home/airflow/.local/lib/python3.8/site-packages/airflow/example_dags/example_local_kubernetes_executor.py took 0.149 seconds
[2026-06-12T11:27:29.256+0000] {processor.py:161} INFO - Started process (PID=3279) to work on /home/airflow/.local/lib/python3.8/site-packages/airflow/example_dags/example_local_kubernetes_executor.py
[2026-06-12T11:27:29.258+0000] {processor.py:830} INFO - Processing file /home/airflow/.local/lib/python3.8/site-packages/airflow/example_dags/example_local_kubernetes_executor.py for tasks to queue
[2026-06-12T11:27:29.260+0000] {logging_mixin.py:188} INFO - [2026-06-12T11:27:29.260+0000] {dagbag.py:538} INFO - Filling up the DagBag from /home/airflow/.local/lib/python3.8/site-packages/airflow/example_dags/example_local_kubernetes_executor.py
[2026-06-12T11:27:29.271+0000] {processor.py:840} INFO - DAG(s) 'example_local_kubernetes_executor' retrieved from /home/airflow/.local/lib/python3.8/site-packages/airflow/example_dags/example_local_kubernetes_executor.py
[2026-06-12T11:27:29.329+0000] {logging_mixin.py:188} INFO - [2026-06-12T11:27:29.329+0000] {dag.py:3036} INFO - Sync 1 DAGs
[2026-06-12T11:27:29.352+0000] {logging_mixin.py:188} INFO - [2026-06-12T11:27:29.352+0000] {dag.py:3823} INFO - Setting next_dagrun for example_local_kubernetes_executor to None, run_after=None
[2026-06-12T11:27:29.380+0000] {processor.py:183} INFO - Processing /home/airflow/.local/lib/python3.8/site-packages/airflow/example_dags/example_local_kubernetes_executor.py took 0.129 seconds
[2026-06-12T11:27:59.670+0000] {processor.py:161} INFO - Started process (PID=3344) to work on /home/airflow/.local/lib/python3.8/site-packages/airflow/example_dags/example_local_kubernetes_executor.py
[2026-06-12T11:27:59.672+0000] {processor.py:830} INFO - Processing file /home/airflow/.local/lib/python3.8/site-packages/airflow/example_dags/example_local_kubernetes_executor.py for tasks to queue
[2026-06-12T11:27:59.675+0000] {logging_mixin.py:188} INFO - [2026-06-12T11:27:59.674+0000] {dagbag.py:538} INFO - Filling up the DagBag from /home/airflow/.local/lib/python3.8/site-packages/airflow/example_dags/example_local_kubernetes_executor.py
[2026-06-12T11:27:59.686+0000] {processor.py:840} INFO - DAG(s) 'example_local_kubernetes_executor' retrieved from /home/airflow/.local/lib/python3.8/site-packages/airflow/example_dags/example_local_kubernetes_executor.py
[2026-06-12T11:27:59.749+0000] {logging_mixin.py:188} INFO - [2026-06-12T11:27:59.749+0000] {dag.py:3036} INFO - Sync 1 DAGs
[2026-06-12T11:27:59.774+0000] {logging_mixin.py:188} INFO - [2026-06-12T11:27:59.774+0000] {dag.py:3823} INFO - Setting next_dagrun for example_local_kubernetes_executor to None, run_after=None
[2026-06-12T11:27:59.805+0000] {processor.py:183} INFO - Processing /home/airflow/.local/lib/python3.8/site-packages/airflow/example_dags/example_local_kubernetes_executor.py took 0.141 seconds
[2026-06-12T11:28:30.050+0000] {processor.py:161} INFO - Started process (PID=3410) to work on /home/airflow/.local/lib/python3.8/site-packages/airflow/example_dags/example_local_kubernetes_executor.py
[2026-06-12T11:28:30.053+0000] {processor.py:830} INFO - Processing file /home/airflow/.local/lib/python3.8/site-packages/airflow/example_dags/example_local_kubernetes_executor.py for tasks to queue
[2026-06-12T11:28:30.056+0000] {logging_mixin.py:188} INFO - [2026-06-12T11:28:30.055+0000] {dagbag.py:538} INFO - Filling up the DagBag from /home/airflow/.local/lib/python3.8/site-packages/airflow/example_dags/example_local_kubernetes_executor.py
[2026-06-12T11:28:30.071+0000] {processor.py:840} INFO - DAG(s) 'example_local_kubernetes_executor' retrieved from /home/airflow/.local/lib/python3.8/site-packages/airflow/example_dags/example_local_kubernetes_executor.py
[2026-06-12T11:28:30.144+0000] {logging_mixin.py:188} INFO - [2026-06-12T11:28:30.143+0000] {dag.py:3036} INFO - Sync 1 DAGs
[2026-06-12T11:28:30.169+0000] {logging_mixin.py:188} INFO - [2026-06-12T11:28:30.169+0000] {dag.py:3823} INFO - Setting next_dagrun for example_local_kubernetes_executor to None, run_after=None
[2026-06-12T11:28:30.202+0000] {processor.py:183} INFO - Processing /home/airflow/.local/lib/python3.8/site-packages/airflow/example_dags/example_local_kubernetes_executor.py took 0.158 seconds
[2026-06-12T11:29:00.594+0000] {processor.py:161} INFO - Started process (PID=3483) to work on /home/airflow/.local/lib/python3.8/site-packages/airflow/example_dags/example_local_kubernetes_executor.py
[2026-06-12T11:29:00.596+0000] {processor.py:830} INFO - Processing file /home/airflow/.local/lib/python3.8/site-packages/airflow/example_dags/example_local_kubernetes_executor.py for tasks to queue
[2026-06-12T11:29:00.599+0000] {logging_mixin.py:188} INFO - [2026-06-12T11:29:00.598+0000] {dagbag.py:538} INFO - Filling up the DagBag from /home/airflow/.local/lib/python3.8/site-packages/airflow/example_dags/example_local_kubernetes_executor.py
[2026-06-12T11:29:00.612+0000] {processor.py:840} INFO - DAG(s) 'example_local_kubernetes_executor' retrieved from /home/airflow/.local/lib/python3.8/site-packages/airflow/example_dags/example_local_kubernetes_executor.py
[2026-06-12T11:29:00.683+0000] {logging_mixin.py:188} INFO - [2026-06-12T11:29:00.683+0000] {dag.py:3036} INFO - Sync 1 DAGs
[2026-06-12T11:29:00.708+0000] {logging_mixin.py:188} INFO - [2026-06-12T11:29:00.707+0000] {dag.py:3823} INFO - Setting next_dagrun for example_local_kubernetes_executor to None, run_after=None
[2026-06-12T11:29:00.742+0000] {processor.py:183} INFO - Processing /home/airflow/.local/lib/python3.8/site-packages/airflow/example_dags/example_local_kubernetes_executor.py took 0.154 seconds
[2026-06-12T11:29:31.457+0000] {processor.py:161} INFO - Started process (PID=3548) to work on /home/airflow/.local/lib/python3.8/site-packages/airflow/example_dags/example_local_kubernetes_executor.py
[2026-06-12T11:29:31.459+0000] {processor.py:830} INFO - Processing file /home/airflow/.local/lib/python3.8/site-packages/airflow/example_dags/example_local_kubernetes_executor.py for tasks to queue
[2026-06-12T11:29:31.462+0000] {logging_mixin.py:188} INFO - [2026-06-12T11:29:31.461+0000] {dagbag.py:538} INFO - Filling up the DagBag from /home/airflow/.local/lib/python3.8/site-packages/airflow/example_dags/example_local_kubernetes_executor.py
[2026-06-12T11:29:31.473+0000] {processor.py:840} INFO - DAG(s) 'example_local_kubernetes_executor' retrieved from /home/airflow/.local/lib/python3.8/site-packages/airflow/example_dags/example_local_kubernetes_executor.py
[2026-06-12T11:29:31.532+0000] {logging_mixin.py:188} INFO - [2026-06-12T11:29:31.532+0000] {dag.py:3036} INFO - Sync 1 DAGs
[2026-06-12T11:29:31.554+0000] {logging_mixin.py:188} INFO - [2026-06-12T11:29:31.554+0000] {dag.py:3823} INFO - Setting next_dagrun for example_local_kubernetes_executor to None, run_after=None
[2026-06-12T11:29:31.583+0000] {processor.py:183} INFO - Processing /home/airflow/.local/lib/python3.8/site-packages/airflow/example_dags/example_local_kubernetes_executor.py took 0.132 seconds
[2026-06-12T11:30:01.795+0000] {processor.py:161} INFO - Started process (PID=3613) to work on /home/airflow/.local/lib/python3.8/site-packages/airflow/example_dags/example_local_kubernetes_executor.py
[2026-06-12T11:30:01.796+0000] {processor.py:830} INFO - Processing file /home/airflow/.local/lib/python3.8/site-packages/airflow/example_dags/example_local_kubernetes_executor.py for tasks to queue
[2026-06-12T11:30:01.799+0000] {logging_mixin.py:188} INFO - [2026-06-12T11:30:01.799+0000] {dagbag.py:538} INFO - Filling up the DagBag from /home/airflow/.local/lib/python3.8/site-packages/airflow/example_dags/example_local_kubernetes_executor.py
[2026-06-12T11:30:01.813+0000] {processor.py:840} INFO - DAG(s) 'example_local_kubernetes_executor' retrieved from /home/airflow/.local/lib/python3.8/site-packages/airflow/example_dags/example_local_kubernetes_executor.py
[2026-06-12T11:30:01.886+0000] {logging_mixin.py:188} INFO - [2026-06-12T11:30:01.885+0000] {dag.py:3036} INFO - Sync 1 DAGs
[2026-06-12T11:30:01.910+0000] {logging_mixin.py:188} INFO - [2026-06-12T11:30:01.909+0000] {dag.py:3823} INFO - Setting next_dagrun for example_local_kubernetes_executor to None, run_after=None
[2026-06-12T11:30:01.944+0000] {processor.py:183} INFO - Processing /home/airflow/.local/lib/python3.8/site-packages/airflow/example_dags/example_local_kubernetes_executor.py took 0.155 seconds
[2026-06-12T11:30:32.138+0000] {processor.py:161} INFO - Started process (PID=3679) to work on /home/airflow/.local/lib/python3.8/site-packages/airflow/example_dags/example_local_kubernetes_executor.py
[2026-06-12T11:30:32.140+0000] {processor.py:830} INFO - Processing file /home/airflow/.local/lib/python3.8/site-packages/airflow/example_dags/example_local_kubernetes_executor.py for tasks to queue
[2026-06-12T11:30:32.143+0000] {logging_mixin.py:188} INFO - [2026-06-12T11:30:32.142+0000] {dagbag.py:538} INFO - Filling up the DagBag from /home/airflow/.local/lib/python3.8/site-packages/airflow/example_dags/example_local_kubernetes_executor.py
[2026-06-12T11:30:32.155+0000] {processor.py:840} INFO - DAG(s) 'example_local_kubernetes_executor' retrieved from /home/airflow/.local/lib/python3.8/site-packages/airflow/example_dags/example_local_kubernetes_executor.py
[2026-06-12T11:30:32.219+0000] {logging_mixin.py:188} INFO - [2026-06-12T11:30:32.219+0000] {dag.py:3036} INFO - Sync 1 DAGs
[2026-06-12T11:30:32.242+0000] {logging_mixin.py:188} INFO - [2026-06-12T11:30:32.242+0000] {dag.py:3823} INFO - Setting next_dagrun for example_local_kubernetes_executor to None, run_after=None
[2026-06-12T11:30:32.275+0000] {processor.py:183} INFO - Processing /home/airflow/.local/lib/python3.8/site-packages/airflow/example_dags/example_local_kubernetes_executor.py took 0.142 seconds
[2026-06-12T11:31:02.833+0000] {processor.py:161} INFO - Started process (PID=3746) to work on /home/airflow/.local/lib/python3.8/site-packages/airflow/example_dags/example_local_kubernetes_executor.py
[2026-06-12T11:31:02.835+0000] {processor.py:830} INFO - Processing file /home/airflow/.local/lib/python3.8/site-packages/airflow/example_dags/example_local_kubernetes_executor.py for tasks to queue
[2026-06-12T11:31:02.838+0000] {logging_mixin.py:188} INFO - [2026-06-12T11:31:02.837+0000] {dagbag.py:538} INFO - Filling up the DagBag from /home/airflow/.local/lib/python3.8/site-packages/airflow/example_dags/example_local_kubernetes_executor.py
[2026-06-12T11:31:02.849+0000] {processor.py:840} INFO - DAG(s) 'example_local_kubernetes_executor' retrieved from /home/airflow/.local/lib/python3.8/site-packages/airflow/example_dags/example_local_kubernetes_executor.py
[2026-06-12T11:31:02.905+0000] {logging_mixin.py:188} INFO - [2026-06-12T11:31:02.905+0000] {dag.py:3036} INFO - Sync 1 DAGs
[2026-06-12T11:31:02.926+0000] {logging_mixin.py:188} INFO - [2026-06-12T11:31:02.925+0000] {dag.py:3823} INFO - Setting next_dagrun for example_local_kubernetes_executor to None, run_after=None
[2026-06-12T11:31:02.959+0000] {processor.py:183} INFO - Processing /home/airflow/.local/lib/python3.8/site-packages/airflow/example_dags/example_local_kubernetes_executor.py took 0.131 seconds
[2026-06-12T11:31:33.126+0000] {processor.py:161} INFO - Started process (PID=3813) to work on /home/airflow/.local/lib/python3.8/site-packages/airflow/example_dags/example_local_kubernetes_executor.py
[2026-06-12T11:31:33.128+0000] {processor.py:830} INFO - Processing file /home/airflow/.local/lib/python3.8/site-packages/airflow/example_dags/example_local_kubernetes_executor.py for tasks to queue
[2026-06-12T11:31:33.130+0000] {logging_mixin.py:188} INFO - [2026-06-12T11:31:33.130+0000] {dagbag.py:538} INFO - Filling up the DagBag from /home/airflow/.local/lib/python3.8/site-packages/airflow/example_dags/example_local_kubernetes_executor.py
[2026-06-12T11:31:33.141+0000] {processor.py:840} INFO - DAG(s) 'example_local_kubernetes_executor' retrieved from /home/airflow/.local/lib/python3.8/site-packages/airflow/example_dags/example_local_kubernetes_executor.py
[2026-06-12T11:31:33.212+0000] {logging_mixin.py:188} INFO - [2026-06-12T11:31:33.211+0000] {dag.py:3036} INFO - Sync 1 DAGs
[2026-06-12T11:31:33.235+0000] {logging_mixin.py:188} INFO - [2026-06-12T11:31:33.234+0000] {dag.py:3823} INFO - Setting next_dagrun for example_local_kubernetes_executor to None, run_after=None
[2026-06-12T11:31:33.264+0000] {processor.py:183} INFO - Processing /home/airflow/.local/lib/python3.8/site-packages/airflow/example_dags/example_local_kubernetes_executor.py took 0.144 seconds
[2026-06-12T11:32:03.693+0000] {processor.py:161} INFO - Started process (PID=3880) to work on /home/airflow/.local/lib/python3.8/site-packages/airflow/example_dags/example_local_kubernetes_executor.py
[2026-06-12T11:32:03.695+0000] {processor.py:830} INFO - Processing file /home/airflow/.local/lib/python3.8/site-packages/airflow/example_dags/example_local_kubernetes_executor.py for tasks to queue
[2026-06-12T11:32:03.698+0000] {logging_mixin.py:188} INFO - [2026-06-12T11:32:03.697+0000] {dagbag.py:538} INFO - Filling up the DagBag from /home/airflow/.local/lib/python3.8/site-packages/airflow/example_dags/example_local_kubernetes_executor.py
[2026-06-12T11:32:03.711+0000] {processor.py:840} INFO - DAG(s) 'example_local_kubernetes_executor' retrieved from /home/airflow/.local/lib/python3.8/site-packages/airflow/example_dags/example_local_kubernetes_executor.py
[2026-06-12T11:32:03.775+0000] {logging_mixin.py:188} INFO - [2026-06-12T11:32:03.775+0000] {dag.py:3036} INFO - Sync 1 DAGs
[2026-06-12T11:32:03.797+0000] {logging_mixin.py:188} INFO - [2026-06-12T11:32:03.797+0000] {dag.py:3823} INFO - Setting next_dagrun for example_local_kubernetes_executor to None, run_after=None
[2026-06-12T11:32:03.832+0000] {processor.py:183} INFO - Processing /home/airflow/.local/lib/python3.8/site-packages/airflow/example_dags/example_local_kubernetes_executor.py took 0.143 seconds
[2026-06-12T11:32:34.106+0000] {processor.py:161} INFO - Started process (PID=3946) to work on /home/airflow/.local/lib/python3.8/site-packages/airflow/example_dags/example_local_kubernetes_executor.py
[2026-06-12T11:32:34.107+0000] {processor.py:830} INFO - Processing file /home/airflow/.local/lib/python3.8/site-packages/airflow/example_dags/example_local_kubernetes_executor.py for tasks to queue
[2026-06-12T11:32:34.110+0000] {logging_mixin.py:188} INFO - [2026-06-12T11:32:34.109+0000] {dagbag.py:538} INFO - Filling up the DagBag from /home/airflow/.local/lib/python3.8/site-packages/airflow/example_dags/example_local_kubernetes_executor.py
[2026-06-12T11:32:34.122+0000] {processor.py:840} INFO - DAG(s) 'example_local_kubernetes_executor' retrieved from /home/airflow/.local/lib/python3.8/site-packages/airflow/example_dags/example_local_kubernetes_executor.py
[2026-06-12T11:32:34.182+0000] {logging_mixin.py:188} INFO - [2026-06-12T11:32:34.182+0000] {dag.py:3036} INFO - Sync 1 DAGs
[2026-06-12T11:32:34.202+0000] {logging_mixin.py:188} INFO - [2026-06-12T11:32:34.202+0000] {dag.py:3823} INFO - Setting next_dagrun for example_local_kubernetes_executor to None, run_after=None
[2026-06-12T11:32:34.231+0000] {processor.py:183} INFO - Processing /home/airflow/.local/lib/python3.8/site-packages/airflow/example_dags/example_local_kubernetes_executor.py took 0.131 seconds
[2026-06-12T11:33:04.774+0000] {processor.py:161} INFO - Started process (PID=4018) to work on /home/airflow/.local/lib/python3.8/site-packages/airflow/example_dags/example_local_kubernetes_executor.py
[2026-06-12T11:33:04.776+0000] {processor.py:830} INFO - Processing file /home/airflow/.local/lib/python3.8/site-packages/airflow/example_dags/example_local_kubernetes_executor.py for tasks to queue
[2026-06-12T11:33:04.779+0000] {logging_mixin.py:188} INFO - [2026-06-12T11:33:04.778+0000] {dagbag.py:538} INFO - Filling up the DagBag from /home/airflow/.local/lib/python3.8/site-packages/airflow/example_dags/example_local_kubernetes_executor.py
[2026-06-12T11:33:04.793+0000] {processor.py:840} INFO - DAG(s) 'example_local_kubernetes_executor' retrieved from /home/airflow/.local/lib/python3.8/site-packages/airflow/example_dags/example_local_kubernetes_executor.py
[2026-06-12T11:33:04.854+0000] {logging_mixin.py:188} INFO - [2026-06-12T11:33:04.854+0000] {dag.py:3036} INFO - Sync 1 DAGs
[2026-06-12T11:33:04.878+0000] {logging_mixin.py:188} INFO - [2026-06-12T11:33:04.878+0000] {dag.py:3823} INFO - Setting next_dagrun for example_local_kubernetes_executor to None, run_after=None
[2026-06-12T11:33:04.907+0000] {processor.py:183} INFO - Processing /home/airflow/.local/lib/python3.8/site-packages/airflow/example_dags/example_local_kubernetes_executor.py took 0.139 seconds
[2026-06-12T11:33:35.357+0000] {processor.py:161} INFO - Started process (PID=4084) to work on /home/airflow/.local/lib/python3.8/site-packages/airflow/example_dags/example_local_kubernetes_executor.py
[2026-06-12T11:33:35.359+0000] {processor.py:830} INFO - Processing file /home/airflow/.local/lib/python3.8/site-packages/airflow/example_dags/example_local_kubernetes_executor.py for tasks to queue
[2026-06-12T11:33:35.361+0000] {logging_mixin.py:188} INFO - [2026-06-12T11:33:35.361+0000] {dagbag.py:538} INFO - Filling up the DagBag from /home/airflow/.local/lib/python3.8/site-packages/airflow/example_dags/example_local_kubernetes_executor.py
[2026-06-12T11:33:35.374+0000] {processor.py:840} INFO - DAG(s) 'example_local_kubernetes_executor' retrieved from /home/airflow/.local/lib/python3.8/site-packages/airflow/example_dags/example_local_kubernetes_executor.py
[2026-06-12T11:33:35.438+0000] {logging_mixin.py:188} INFO - [2026-06-12T11:33:35.437+0000] {dag.py:3036} INFO - Sync 1 DAGs
[2026-06-12T11:33:35.457+0000] {logging_mixin.py:188} INFO - [2026-06-12T11:33:35.457+0000] {dag.py:3823} INFO - Setting next_dagrun for example_local_kubernetes_executor to None, run_after=None
[2026-06-12T11:33:35.486+0000] {processor.py:183} INFO - Processing /home/airflow/.local/lib/python3.8/site-packages/airflow/example_dags/example_local_kubernetes_executor.py took 0.133 seconds
[2026-06-12T11:34:06.075+0000] {processor.py:161} INFO - Started process (PID=4150) to work on /home/airflow/.local/lib/python3.8/site-packages/airflow/example_dags/example_local_kubernetes_executor.py
[2026-06-12T11:34:06.077+0000] {processor.py:830} INFO - Processing file /home/airflow/.local/lib/python3.8/site-packages/airflow/example_dags/example_local_kubernetes_executor.py for tasks to queue
[2026-06-12T11:34:06.080+0000] {logging_mixin.py:188} INFO - [2026-06-12T11:34:06.080+0000] {dagbag.py:538} INFO - Filling up the DagBag from /home/airflow/.local/lib/python3.8/site-packages/airflow/example_dags/example_local_kubernetes_executor.py
[2026-06-12T11:34:06.091+0000] {processor.py:840} INFO - DAG(s) 'example_local_kubernetes_executor' retrieved from /home/airflow/.local/lib/python3.8/site-packages/airflow/example_dags/example_local_kubernetes_executor.py
[2026-06-12T11:34:06.154+0000] {logging_mixin.py:188} INFO - [2026-06-12T11:34:06.153+0000] {dag.py:3036} INFO - Sync 1 DAGs
[2026-06-12T11:34:06.178+0000] {logging_mixin.py:188} INFO - [2026-06-12T11:34:06.177+0000] {dag.py:3823} INFO - Setting next_dagrun for example_local_kubernetes_executor to None, run_after=None
[2026-06-12T11:34:06.212+0000] {processor.py:183} INFO - Processing /home/airflow/.local/lib/python3.8/site-packages/airflow/example_dags/example_local_kubernetes_executor.py took 0.141 seconds
[2026-06-12T11:34:36.928+0000] {processor.py:161} INFO - Started process (PID=4216) to work on /home/airflow/.local/lib/python3.8/site-packages/airflow/example_dags/example_local_kubernetes_executor.py
[2026-06-12T11:34:36.929+0000] {processor.py:830} INFO - Processing file /home/airflow/.local/lib/python3.8/site-packages/airflow/example_dags/example_local_kubernetes_executor.py for tasks to queue
[2026-06-12T11:34:36.932+0000] {logging_mixin.py:188} INFO - [2026-06-12T11:34:36.931+0000] {dagbag.py:538} INFO - Filling up the DagBag from /home/airflow/.local/lib/python3.8/site-packages/airflow/example_dags/example_local_kubernetes_executor.py
[2026-06-12T11:34:36.943+0000] {processor.py:840} INFO - DAG(s) 'example_local_kubernetes_executor' retrieved from /home/airflow/.local/lib/python3.8/site-packages/airflow/example_dags/example_local_kubernetes_executor.py
[2026-06-12T11:34:37.038+0000] {logging_mixin.py:188} INFO - [2026-06-12T11:34:37.038+0000] {dag.py:3036} INFO - Sync 1 DAGs
[2026-06-12T11:34:37.071+0000] {logging_mixin.py:188} INFO - [2026-06-12T11:34:37.071+0000] {dag.py:3823} INFO - Setting next_dagrun for example_local_kubernetes_executor to None, run_after=None
[2026-06-12T11:34:37.106+0000] {processor.py:183} INFO - Processing /home/airflow/.local/lib/python3.8/site-packages/airflow/example_dags/example_local_kubernetes_executor.py took 0.183 seconds
[2026-06-12T11:35:07.363+0000] {processor.py:161} INFO - Started process (PID=4282) to work on /home/airflow/.local/lib/python3.8/site-packages/airflow/example_dags/example_local_kubernetes_executor.py
[2026-06-12T11:35:07.365+0000] {processor.py:830} INFO - Processing file /home/airflow/.local/lib/python3.8/site-packages/airflow/example_dags/example_local_kubernetes_executor.py for tasks to queue
[2026-06-12T11:35:07.367+0000] {logging_mixin.py:188} INFO - [2026-06-12T11:35:07.367+0000] {dagbag.py:538} INFO - Filling up the DagBag from /home/airflow/.local/lib/python3.8/site-packages/airflow/example_dags/example_local_kubernetes_executor.py
[2026-06-12T11:35:07.379+0000] {processor.py:840} INFO - DAG(s) 'example_local_kubernetes_executor' retrieved from /home/airflow/.local/lib/python3.8/site-packages/airflow/example_dags/example_local_kubernetes_executor.py
[2026-06-12T11:35:07.444+0000] {logging_mixin.py:188} INFO - [2026-06-12T11:35:07.443+0000] {dag.py:3036} INFO - Sync 1 DAGs
[2026-06-12T11:35:07.465+0000] {logging_mixin.py:188} INFO - [2026-06-12T11:35:07.465+0000] {dag.py:3823} INFO - Setting next_dagrun for example_local_kubernetes_executor to None, run_after=None
[2026-06-12T11:35:07.498+0000] {processor.py:183} INFO - Processing /home/airflow/.local/lib/python3.8/site-packages/airflow/example_dags/example_local_kubernetes_executor.py took 0.141 seconds
[2026-06-12T11:35:37.877+0000] {processor.py:161} INFO - Started process (PID=4347) to work on /home/airflow/.local/lib/python3.8/site-packages/airflow/example_dags/example_local_kubernetes_executor.py
[2026-06-12T11:35:37.878+0000] {processor.py:830} INFO - Processing file /home/airflow/.local/lib/python3.8/site-packages/airflow/example_dags/example_local_kubernetes_executor.py for tasks to queue
[2026-06-12T11:35:37.881+0000] {logging_mixin.py:188} INFO - [2026-06-12T11:35:37.881+0000] {dagbag.py:538} INFO - Filling up the DagBag from /home/airflow/.local/lib/python3.8/site-packages/airflow/example_dags/example_local_kubernetes_executor.py
[2026-06-12T11:35:37.893+0000] {processor.py:840} INFO - DAG(s) 'example_local_kubernetes_executor' retrieved from /home/airflow/.local/lib/python3.8/site-packages/airflow/example_dags/example_local_kubernetes_executor.py
[2026-06-12T11:35:37.951+0000] {logging_mixin.py:188} INFO - [2026-06-12T11:35:37.951+0000] {dag.py:3036} INFO - Sync 1 DAGs
[2026-06-12T11:35:37.972+0000] {logging_mixin.py:188} INFO - [2026-06-12T11:35:37.971+0000] {dag.py:3823} INFO - Setting next_dagrun for example_local_kubernetes_executor to None, run_after=None
[2026-06-12T11:35:38.001+0000] {processor.py:183} INFO - Processing /home/airflow/.local/lib/python3.8/site-packages/airflow/example_dags/example_local_kubernetes_executor.py took 0.129 seconds
[2026-06-12T11:36:08.271+0000] {processor.py:161} INFO - Started process (PID=4411) to work on /home/airflow/.local/lib/python3.8/site-packages/airflow/example_dags/example_local_kubernetes_executor.py
[2026-06-12T11:36:08.273+0000] {processor.py:830} INFO - Processing file /home/airflow/.local/lib/python3.8/site-packages/airflow/example_dags/example_local_kubernetes_executor.py for tasks to queue
[2026-06-12T11:36:08.276+0000] {logging_mixin.py:188} INFO - [2026-06-12T11:36:08.275+0000] {dagbag.py:538} INFO - Filling up the DagBag from /home/airflow/.local/lib/python3.8/site-packages/airflow/example_dags/example_local_kubernetes_executor.py
[2026-06-12T11:36:08.289+0000] {processor.py:840} INFO - DAG(s) 'example_local_kubernetes_executor' retrieved from /home/airflow/.local/lib/python3.8/site-packages/airflow/example_dags/example_local_kubernetes_executor.py
[2026-06-12T11:36:08.352+0000] {logging_mixin.py:188} INFO - [2026-06-12T11:36:08.352+0000] {dag.py:3036} INFO - Sync 1 DAGs
[2026-06-12T11:36:08.373+0000] {logging_mixin.py:188} INFO - [2026-06-12T11:36:08.373+0000] {dag.py:3823} INFO - Setting next_dagrun for example_local_kubernetes_executor to None, run_after=None
[2026-06-12T11:36:08.405+0000] {processor.py:183} INFO - Processing /home/airflow/.local/lib/python3.8/site-packages/airflow/example_dags/example_local_kubernetes_executor.py took 0.140 seconds
[2026-06-12T11:36:38.776+0000] {processor.py:161} INFO - Started process (PID=4484) to work on /home/airflow/.local/lib/python3.8/site-packages/airflow/example_dags/example_local_kubernetes_executor.py
[2026-06-12T11:36:38.778+0000] {processor.py:830} INFO - Processing file /home/airflow/.local/lib/python3.8/site-packages/airflow/example_dags/example_local_kubernetes_executor.py for tasks to queue
[2026-06-12T11:36:38.780+0000] {logging_mixin.py:188} INFO - [2026-06-12T11:36:38.780+0000] {dagbag.py:538} INFO - Filling up the DagBag from /home/airflow/.local/lib/python3.8/site-packages/airflow/example_dags/example_local_kubernetes_executor.py
[2026-06-12T11:36:38.791+0000] {processor.py:840} INFO - DAG(s) 'example_local_kubernetes_executor' retrieved from /home/airflow/.local/lib/python3.8/site-packages/airflow/example_dags/example_local_kubernetes_executor.py
[2026-06-12T11:36:38.858+0000] {logging_mixin.py:188} INFO - [2026-06-12T11:36:38.858+0000] {dag.py:3036} INFO - Sync 1 DAGs
[2026-06-12T11:36:38.883+0000] {logging_mixin.py:188} INFO - [2026-06-12T11:36:38.883+0000] {dag.py:3823} INFO - Setting next_dagrun for example_local_kubernetes_executor to None, run_after=None
[2026-06-12T11:36:38.918+0000] {processor.py:183} INFO - Processing /home/airflow/.local/lib/python3.8/site-packages/airflow/example_dags/example_local_kubernetes_executor.py took 0.147 seconds
