[2026-06-12T11:02:59.021+0000] {processor.py:161} INFO - Started process (PID=61) to work on /home/airflow/.local/lib/python3.8/site-packages/airflow/example_dags/example_params_ui_tutorial.py
[2026-06-12T11:02:59.022+0000] {processor.py:830} INFO - Processing file /home/airflow/.local/lib/python3.8/site-packages/airflow/example_dags/example_params_ui_tutorial.py for tasks to queue
[2026-06-12T11:02:59.038+0000] {logging_mixin.py:188} INFO - [2026-06-12T11:02:59.037+0000] {dagbag.py:538} INFO - Filling up the DagBag from /home/airflow/.local/lib/python3.8/site-packages/airflow/example_dags/example_params_ui_tutorial.py
[2026-06-12T11:02:59.114+0000] {processor.py:840} INFO - DAG(s) 'example_params_ui_tutorial' retrieved from /home/airflow/.local/lib/python3.8/site-packages/airflow/example_dags/example_params_ui_tutorial.py
[2026-06-12T11:02:59.156+0000] {logging_mixin.py:188} INFO - [2026-06-12T11:02:59.155+0000] {dag.py:3036} INFO - Sync 1 DAGs
[2026-06-12T11:02:59.224+0000] {logging_mixin.py:188} INFO - [2026-06-12T11:02:59.224+0000] {dag.py:3823} INFO - Setting next_dagrun for example_params_ui_tutorial to None, run_after=None
[2026-06-12T11:02:59.282+0000] {processor.py:183} INFO - Processing /home/airflow/.local/lib/python3.8/site-packages/airflow/example_dags/example_params_ui_tutorial.py took 0.275 seconds
[2026-06-12T11:03:29.866+0000] {processor.py:161} INFO - Started process (PID=127) to work on /home/airflow/.local/lib/python3.8/site-packages/airflow/example_dags/example_params_ui_tutorial.py
[2026-06-12T11:03:29.867+0000] {processor.py:830} INFO - Processing file /home/airflow/.local/lib/python3.8/site-packages/airflow/example_dags/example_params_ui_tutorial.py for tasks to queue
[2026-06-12T11:03:29.869+0000] {logging_mixin.py:188} INFO - [2026-06-12T11:03:29.869+0000] {dagbag.py:538} INFO - Filling up the DagBag from /home/airflow/.local/lib/python3.8/site-packages/airflow/example_dags/example_params_ui_tutorial.py
[2026-06-12T11:03:29.888+0000] {processor.py:840} INFO - DAG(s) 'example_params_ui_tutorial' retrieved from /home/airflow/.local/lib/python3.8/site-packages/airflow/example_dags/example_params_ui_tutorial.py
[2026-06-12T11:03:30.155+0000] {logging_mixin.py:188} INFO - [2026-06-12T11:03:30.154+0000] {dag.py:3036} INFO - Sync 1 DAGs
[2026-06-12T11:03:30.173+0000] {logging_mixin.py:188} INFO - [2026-06-12T11:03:30.172+0000] {dag.py:3823} INFO - Setting next_dagrun for example_params_ui_tutorial to None, run_after=None
[2026-06-12T11:03:30.203+0000] {processor.py:183} INFO - Processing /home/airflow/.local/lib/python3.8/site-packages/airflow/example_dags/example_params_ui_tutorial.py took 0.342 seconds
[2026-06-12T11:04:00.583+0000] {processor.py:161} INFO - Started process (PID=193) to work on /home/airflow/.local/lib/python3.8/site-packages/airflow/example_dags/example_params_ui_tutorial.py
[2026-06-12T11:04:00.586+0000] {processor.py:830} INFO - Processing file /home/airflow/.local/lib/python3.8/site-packages/airflow/example_dags/example_params_ui_tutorial.py for tasks to queue
[2026-06-12T11:04:00.589+0000] {logging_mixin.py:188} INFO - [2026-06-12T11:04:00.588+0000] {dagbag.py:538} INFO - Filling up the DagBag from /home/airflow/.local/lib/python3.8/site-packages/airflow/example_dags/example_params_ui_tutorial.py
[2026-06-12T11:04:00.612+0000] {processor.py:840} INFO - DAG(s) 'example_params_ui_tutorial' retrieved from /home/airflow/.local/lib/python3.8/site-packages/airflow/example_dags/example_params_ui_tutorial.py
[2026-06-12T11:04:00.803+0000] {logging_mixin.py:188} INFO - [2026-06-12T11:04:00.803+0000] {dag.py:3036} INFO - Sync 1 DAGs
[2026-06-12T11:04:00.829+0000] {logging_mixin.py:188} INFO - [2026-06-12T11:04:00.829+0000] {dag.py:3823} INFO - Setting next_dagrun for example_params_ui_tutorial to None, run_after=None
[2026-06-12T11:04:00.866+0000] {processor.py:183} INFO - Processing /home/airflow/.local/lib/python3.8/site-packages/airflow/example_dags/example_params_ui_tutorial.py took 0.289 seconds
[2026-06-12T11:04:31.935+0000] {processor.py:161} INFO - Started process (PID=260) to work on /home/airflow/.local/lib/python3.8/site-packages/airflow/example_dags/example_params_ui_tutorial.py
[2026-06-12T11:04:31.938+0000] {processor.py:830} INFO - Processing file /home/airflow/.local/lib/python3.8/site-packages/airflow/example_dags/example_params_ui_tutorial.py for tasks to queue
[2026-06-12T11:04:31.941+0000] {logging_mixin.py:188} INFO - [2026-06-12T11:04:31.941+0000] {dagbag.py:538} INFO - Filling up the DagBag from /home/airflow/.local/lib/python3.8/site-packages/airflow/example_dags/example_params_ui_tutorial.py
[2026-06-12T11:04:31.962+0000] {processor.py:840} INFO - DAG(s) 'example_params_ui_tutorial' retrieved from /home/airflow/.local/lib/python3.8/site-packages/airflow/example_dags/example_params_ui_tutorial.py
[2026-06-12T11:04:32.078+0000] {logging_mixin.py:188} INFO - [2026-06-12T11:04:32.078+0000] {dag.py:3036} INFO - Sync 1 DAGs
[2026-06-12T11:04:32.100+0000] {logging_mixin.py:188} INFO - [2026-06-12T11:04:32.100+0000] {dag.py:3823} INFO - Setting next_dagrun for example_params_ui_tutorial to None, run_after=None
[2026-06-12T11:04:32.136+0000] {processor.py:183} INFO - Processing /home/airflow/.local/lib/python3.8/site-packages/airflow/example_dags/example_params_ui_tutorial.py took 0.210 seconds
[2026-06-12T11:05:02.257+0000] {processor.py:161} INFO - Started process (PID=326) to work on /home/airflow/.local/lib/python3.8/site-packages/airflow/example_dags/example_params_ui_tutorial.py
[2026-06-12T11:05:02.259+0000] {processor.py:830} INFO - Processing file /home/airflow/.local/lib/python3.8/site-packages/airflow/example_dags/example_params_ui_tutorial.py for tasks to queue
[2026-06-12T11:05:02.263+0000] {logging_mixin.py:188} INFO - [2026-06-12T11:05:02.262+0000] {dagbag.py:538} INFO - Filling up the DagBag from /home/airflow/.local/lib/python3.8/site-packages/airflow/example_dags/example_params_ui_tutorial.py
[2026-06-12T11:05:02.287+0000] {processor.py:840} INFO - DAG(s) 'example_params_ui_tutorial' retrieved from /home/airflow/.local/lib/python3.8/site-packages/airflow/example_dags/example_params_ui_tutorial.py
[2026-06-12T11:05:02.421+0000] {logging_mixin.py:188} INFO - [2026-06-12T11:05:02.421+0000] {dag.py:3036} INFO - Sync 1 DAGs
[2026-06-12T11:05:02.443+0000] {logging_mixin.py:188} INFO - [2026-06-12T11:05:02.443+0000] {dag.py:3823} INFO - Setting next_dagrun for example_params_ui_tutorial to None, run_after=None
[2026-06-12T11:05:02.480+0000] {processor.py:183} INFO - Processing /home/airflow/.local/lib/python3.8/site-packages/airflow/example_dags/example_params_ui_tutorial.py took 0.229 seconds
[2026-06-12T11:05:32.805+0000] {processor.py:161} INFO - Started process (PID=392) to work on /home/airflow/.local/lib/python3.8/site-packages/airflow/example_dags/example_params_ui_tutorial.py
[2026-06-12T11:05:32.807+0000] {processor.py:830} INFO - Processing file /home/airflow/.local/lib/python3.8/site-packages/airflow/example_dags/example_params_ui_tutorial.py for tasks to queue
[2026-06-12T11:05:32.810+0000] {logging_mixin.py:188} INFO - [2026-06-12T11:05:32.810+0000] {dagbag.py:538} INFO - Filling up the DagBag from /home/airflow/.local/lib/python3.8/site-packages/airflow/example_dags/example_params_ui_tutorial.py
[2026-06-12T11:05:32.830+0000] {processor.py:840} INFO - DAG(s) 'example_params_ui_tutorial' retrieved from /home/airflow/.local/lib/python3.8/site-packages/airflow/example_dags/example_params_ui_tutorial.py
[2026-06-12T11:05:32.951+0000] {logging_mixin.py:188} INFO - [2026-06-12T11:05:32.950+0000] {dag.py:3036} INFO - Sync 1 DAGs
[2026-06-12T11:05:32.974+0000] {logging_mixin.py:188} INFO - [2026-06-12T11:05:32.973+0000] {dag.py:3823} INFO - Setting next_dagrun for example_params_ui_tutorial to None, run_after=None
[2026-06-12T11:05:33.005+0000] {processor.py:183} INFO - Processing /home/airflow/.local/lib/python3.8/site-packages/airflow/example_dags/example_params_ui_tutorial.py took 0.205 seconds
[2026-06-12T11:06:03.234+0000] {processor.py:161} INFO - Started process (PID=458) to work on /home/airflow/.local/lib/python3.8/site-packages/airflow/example_dags/example_params_ui_tutorial.py
[2026-06-12T11:06:03.236+0000] {processor.py:830} INFO - Processing file /home/airflow/.local/lib/python3.8/site-packages/airflow/example_dags/example_params_ui_tutorial.py for tasks to queue
[2026-06-12T11:06:03.239+0000] {logging_mixin.py:188} INFO - [2026-06-12T11:06:03.238+0000] {dagbag.py:538} INFO - Filling up the DagBag from /home/airflow/.local/lib/python3.8/site-packages/airflow/example_dags/example_params_ui_tutorial.py
[2026-06-12T11:06:03.259+0000] {processor.py:840} INFO - DAG(s) 'example_params_ui_tutorial' retrieved from /home/airflow/.local/lib/python3.8/site-packages/airflow/example_dags/example_params_ui_tutorial.py
[2026-06-12T11:06:03.379+0000] {logging_mixin.py:188} INFO - [2026-06-12T11:06:03.378+0000] {dag.py:3036} INFO - Sync 1 DAGs
[2026-06-12T11:06:03.398+0000] {logging_mixin.py:188} INFO - [2026-06-12T11:06:03.397+0000] {dag.py:3823} INFO - Setting next_dagrun for example_params_ui_tutorial to None, run_after=None
[2026-06-12T11:06:03.428+0000] {processor.py:183} INFO - Processing /home/airflow/.local/lib/python3.8/site-packages/airflow/example_dags/example_params_ui_tutorial.py took 0.198 seconds
[2026-06-12T11:06:33.646+0000] {processor.py:161} INFO - Started process (PID=523) to work on /home/airflow/.local/lib/python3.8/site-packages/airflow/example_dags/example_params_ui_tutorial.py
[2026-06-12T11:06:33.648+0000] {processor.py:830} INFO - Processing file /home/airflow/.local/lib/python3.8/site-packages/airflow/example_dags/example_params_ui_tutorial.py for tasks to queue
[2026-06-12T11:06:33.650+0000] {logging_mixin.py:188} INFO - [2026-06-12T11:06:33.650+0000] {dagbag.py:538} INFO - Filling up the DagBag from /home/airflow/.local/lib/python3.8/site-packages/airflow/example_dags/example_params_ui_tutorial.py
[2026-06-12T11:06:33.672+0000] {processor.py:840} INFO - DAG(s) 'example_params_ui_tutorial' retrieved from /home/airflow/.local/lib/python3.8/site-packages/airflow/example_dags/example_params_ui_tutorial.py
[2026-06-12T11:06:33.791+0000] {logging_mixin.py:188} INFO - [2026-06-12T11:06:33.791+0000] {dag.py:3036} INFO - Sync 1 DAGs
[2026-06-12T11:06:33.815+0000] {logging_mixin.py:188} INFO - [2026-06-12T11:06:33.815+0000] {dag.py:3823} INFO - Setting next_dagrun for example_params_ui_tutorial to None, run_after=None
[2026-06-12T11:06:33.848+0000] {processor.py:183} INFO - Processing /home/airflow/.local/lib/python3.8/site-packages/airflow/example_dags/example_params_ui_tutorial.py took 0.206 seconds
[2026-06-12T11:07:04.052+0000] {processor.py:161} INFO - Started process (PID=588) to work on /home/airflow/.local/lib/python3.8/site-packages/airflow/example_dags/example_params_ui_tutorial.py
[2026-06-12T11:07:04.054+0000] {processor.py:830} INFO - Processing file /home/airflow/.local/lib/python3.8/site-packages/airflow/example_dags/example_params_ui_tutorial.py for tasks to queue
[2026-06-12T11:07:04.057+0000] {logging_mixin.py:188} INFO - [2026-06-12T11:07:04.057+0000] {dagbag.py:538} INFO - Filling up the DagBag from /home/airflow/.local/lib/python3.8/site-packages/airflow/example_dags/example_params_ui_tutorial.py
[2026-06-12T11:07:04.080+0000] {processor.py:840} INFO - DAG(s) 'example_params_ui_tutorial' retrieved from /home/airflow/.local/lib/python3.8/site-packages/airflow/example_dags/example_params_ui_tutorial.py
[2026-06-12T11:07:04.221+0000] {logging_mixin.py:188} INFO - [2026-06-12T11:07:04.220+0000] {dag.py:3036} INFO - Sync 1 DAGs
[2026-06-12T11:07:04.245+0000] {logging_mixin.py:188} INFO - [2026-06-12T11:07:04.245+0000] {dag.py:3823} INFO - Setting next_dagrun for example_params_ui_tutorial to None, run_after=None
[2026-06-12T11:07:04.279+0000] {processor.py:183} INFO - Processing /home/airflow/.local/lib/python3.8/site-packages/airflow/example_dags/example_params_ui_tutorial.py took 0.232 seconds
[2026-06-12T11:07:34.337+0000] {processor.py:161} INFO - Started process (PID=661) to work on /home/airflow/.local/lib/python3.8/site-packages/airflow/example_dags/example_params_ui_tutorial.py
[2026-06-12T11:07:34.338+0000] {processor.py:830} INFO - Processing file /home/airflow/.local/lib/python3.8/site-packages/airflow/example_dags/example_params_ui_tutorial.py for tasks to queue
[2026-06-12T11:07:34.341+0000] {logging_mixin.py:188} INFO - [2026-06-12T11:07:34.340+0000] {dagbag.py:538} INFO - Filling up the DagBag from /home/airflow/.local/lib/python3.8/site-packages/airflow/example_dags/example_params_ui_tutorial.py
[2026-06-12T11:07:34.363+0000] {processor.py:840} INFO - DAG(s) 'example_params_ui_tutorial' retrieved from /home/airflow/.local/lib/python3.8/site-packages/airflow/example_dags/example_params_ui_tutorial.py
[2026-06-12T11:07:34.504+0000] {logging_mixin.py:188} INFO - [2026-06-12T11:07:34.504+0000] {dag.py:3036} INFO - Sync 1 DAGs
[2026-06-12T11:07:34.528+0000] {logging_mixin.py:188} INFO - [2026-06-12T11:07:34.528+0000] {dag.py:3823} INFO - Setting next_dagrun for example_params_ui_tutorial to None, run_after=None
[2026-06-12T11:07:34.560+0000] {processor.py:183} INFO - Processing /home/airflow/.local/lib/python3.8/site-packages/airflow/example_dags/example_params_ui_tutorial.py took 0.229 seconds
[2026-06-12T11:08:04.666+0000] {processor.py:161} INFO - Started process (PID=727) to work on /home/airflow/.local/lib/python3.8/site-packages/airflow/example_dags/example_params_ui_tutorial.py
[2026-06-12T11:08:04.668+0000] {processor.py:830} INFO - Processing file /home/airflow/.local/lib/python3.8/site-packages/airflow/example_dags/example_params_ui_tutorial.py for tasks to queue
[2026-06-12T11:08:04.671+0000] {logging_mixin.py:188} INFO - [2026-06-12T11:08:04.671+0000] {dagbag.py:538} INFO - Filling up the DagBag from /home/airflow/.local/lib/python3.8/site-packages/airflow/example_dags/example_params_ui_tutorial.py
[2026-06-12T11:08:04.690+0000] {processor.py:840} INFO - DAG(s) 'example_params_ui_tutorial' retrieved from /home/airflow/.local/lib/python3.8/site-packages/airflow/example_dags/example_params_ui_tutorial.py
[2026-06-12T11:08:04.800+0000] {logging_mixin.py:188} INFO - [2026-06-12T11:08:04.800+0000] {dag.py:3036} INFO - Sync 1 DAGs
[2026-06-12T11:08:04.820+0000] {logging_mixin.py:188} INFO - [2026-06-12T11:08:04.820+0000] {dag.py:3823} INFO - Setting next_dagrun for example_params_ui_tutorial to None, run_after=None
[2026-06-12T11:08:04.850+0000] {processor.py:183} INFO - Processing /home/airflow/.local/lib/python3.8/site-packages/airflow/example_dags/example_params_ui_tutorial.py took 0.189 seconds
[2026-06-12T11:08:35.164+0000] {processor.py:161} INFO - Started process (PID=794) to work on /home/airflow/.local/lib/python3.8/site-packages/airflow/example_dags/example_params_ui_tutorial.py
[2026-06-12T11:08:35.165+0000] {processor.py:830} INFO - Processing file /home/airflow/.local/lib/python3.8/site-packages/airflow/example_dags/example_params_ui_tutorial.py for tasks to queue
[2026-06-12T11:08:35.168+0000] {logging_mixin.py:188} INFO - [2026-06-12T11:08:35.167+0000] {dagbag.py:538} INFO - Filling up the DagBag from /home/airflow/.local/lib/python3.8/site-packages/airflow/example_dags/example_params_ui_tutorial.py
[2026-06-12T11:08:35.189+0000] {processor.py:840} INFO - DAG(s) 'example_params_ui_tutorial' retrieved from /home/airflow/.local/lib/python3.8/site-packages/airflow/example_dags/example_params_ui_tutorial.py
[2026-06-12T11:08:35.312+0000] {logging_mixin.py:188} INFO - [2026-06-12T11:08:35.311+0000] {dag.py:3036} INFO - Sync 1 DAGs
[2026-06-12T11:08:35.333+0000] {logging_mixin.py:188} INFO - [2026-06-12T11:08:35.333+0000] {dag.py:3823} INFO - Setting next_dagrun for example_params_ui_tutorial to None, run_after=None
[2026-06-12T11:08:35.362+0000] {processor.py:183} INFO - Processing /home/airflow/.local/lib/python3.8/site-packages/airflow/example_dags/example_params_ui_tutorial.py took 0.204 seconds
[2026-06-12T11:09:05.531+0000] {processor.py:161} INFO - Started process (PID=859) to work on /home/airflow/.local/lib/python3.8/site-packages/airflow/example_dags/example_params_ui_tutorial.py
[2026-06-12T11:09:05.533+0000] {processor.py:830} INFO - Processing file /home/airflow/.local/lib/python3.8/site-packages/airflow/example_dags/example_params_ui_tutorial.py for tasks to queue
[2026-06-12T11:09:05.536+0000] {logging_mixin.py:188} INFO - [2026-06-12T11:09:05.535+0000] {dagbag.py:538} INFO - Filling up the DagBag from /home/airflow/.local/lib/python3.8/site-packages/airflow/example_dags/example_params_ui_tutorial.py
[2026-06-12T11:09:05.558+0000] {processor.py:840} INFO - DAG(s) 'example_params_ui_tutorial' retrieved from /home/airflow/.local/lib/python3.8/site-packages/airflow/example_dags/example_params_ui_tutorial.py
[2026-06-12T11:09:05.668+0000] {logging_mixin.py:188} INFO - [2026-06-12T11:09:05.668+0000] {dag.py:3036} INFO - Sync 1 DAGs
[2026-06-12T11:09:05.687+0000] {logging_mixin.py:188} INFO - [2026-06-12T11:09:05.687+0000] {dag.py:3823} INFO - Setting next_dagrun for example_params_ui_tutorial to None, run_after=None
[2026-06-12T11:09:05.718+0000] {processor.py:183} INFO - Processing /home/airflow/.local/lib/python3.8/site-packages/airflow/example_dags/example_params_ui_tutorial.py took 0.192 seconds
[2026-06-12T11:09:36.138+0000] {processor.py:161} INFO - Started process (PID=926) to work on /home/airflow/.local/lib/python3.8/site-packages/airflow/example_dags/example_params_ui_tutorial.py
[2026-06-12T11:09:36.139+0000] {processor.py:830} INFO - Processing file /home/airflow/.local/lib/python3.8/site-packages/airflow/example_dags/example_params_ui_tutorial.py for tasks to queue
[2026-06-12T11:09:36.142+0000] {logging_mixin.py:188} INFO - [2026-06-12T11:09:36.141+0000] {dagbag.py:538} INFO - Filling up the DagBag from /home/airflow/.local/lib/python3.8/site-packages/airflow/example_dags/example_params_ui_tutorial.py
[2026-06-12T11:09:36.163+0000] {processor.py:840} INFO - DAG(s) 'example_params_ui_tutorial' retrieved from /home/airflow/.local/lib/python3.8/site-packages/airflow/example_dags/example_params_ui_tutorial.py
[2026-06-12T11:09:36.307+0000] {logging_mixin.py:188} INFO - [2026-06-12T11:09:36.306+0000] {dag.py:3036} INFO - Sync 1 DAGs
[2026-06-12T11:09:36.331+0000] {logging_mixin.py:188} INFO - [2026-06-12T11:09:36.330+0000] {dag.py:3823} INFO - Setting next_dagrun for example_params_ui_tutorial to None, run_after=None
[2026-06-12T11:09:36.364+0000] {processor.py:183} INFO - Processing /home/airflow/.local/lib/python3.8/site-packages/airflow/example_dags/example_params_ui_tutorial.py took 0.231 seconds
[2026-06-12T11:10:06.501+0000] {processor.py:161} INFO - Started process (PID=991) to work on /home/airflow/.local/lib/python3.8/site-packages/airflow/example_dags/example_params_ui_tutorial.py
[2026-06-12T11:10:06.503+0000] {processor.py:830} INFO - Processing file /home/airflow/.local/lib/python3.8/site-packages/airflow/example_dags/example_params_ui_tutorial.py for tasks to queue
[2026-06-12T11:10:06.505+0000] {logging_mixin.py:188} INFO - [2026-06-12T11:10:06.505+0000] {dagbag.py:538} INFO - Filling up the DagBag from /home/airflow/.local/lib/python3.8/site-packages/airflow/example_dags/example_params_ui_tutorial.py
[2026-06-12T11:10:06.524+0000] {processor.py:840} INFO - DAG(s) 'example_params_ui_tutorial' retrieved from /home/airflow/.local/lib/python3.8/site-packages/airflow/example_dags/example_params_ui_tutorial.py
[2026-06-12T11:10:06.649+0000] {logging_mixin.py:188} INFO - [2026-06-12T11:10:06.648+0000] {dag.py:3036} INFO - Sync 1 DAGs
[2026-06-12T11:10:06.672+0000] {logging_mixin.py:188} INFO - [2026-06-12T11:10:06.672+0000] {dag.py:3823} INFO - Setting next_dagrun for example_params_ui_tutorial to None, run_after=None
[2026-06-12T11:10:06.705+0000] {processor.py:183} INFO - Processing /home/airflow/.local/lib/python3.8/site-packages/airflow/example_dags/example_params_ui_tutorial.py took 0.209 seconds
[2026-06-12T11:10:36.847+0000] {processor.py:161} INFO - Started process (PID=1056) to work on /home/airflow/.local/lib/python3.8/site-packages/airflow/example_dags/example_params_ui_tutorial.py
[2026-06-12T11:10:36.848+0000] {processor.py:830} INFO - Processing file /home/airflow/.local/lib/python3.8/site-packages/airflow/example_dags/example_params_ui_tutorial.py for tasks to queue
[2026-06-12T11:10:36.851+0000] {logging_mixin.py:188} INFO - [2026-06-12T11:10:36.850+0000] {dagbag.py:538} INFO - Filling up the DagBag from /home/airflow/.local/lib/python3.8/site-packages/airflow/example_dags/example_params_ui_tutorial.py
[2026-06-12T11:10:36.871+0000] {processor.py:840} INFO - DAG(s) 'example_params_ui_tutorial' retrieved from /home/airflow/.local/lib/python3.8/site-packages/airflow/example_dags/example_params_ui_tutorial.py
[2026-06-12T11:10:36.983+0000] {logging_mixin.py:188} INFO - [2026-06-12T11:10:36.983+0000] {dag.py:3036} INFO - Sync 1 DAGs
[2026-06-12T11:10:37.003+0000] {logging_mixin.py:188} INFO - [2026-06-12T11:10:37.003+0000] {dag.py:3823} INFO - Setting next_dagrun for example_params_ui_tutorial to None, run_after=None
[2026-06-12T11:10:37.034+0000] {processor.py:183} INFO - Processing /home/airflow/.local/lib/python3.8/site-packages/airflow/example_dags/example_params_ui_tutorial.py took 0.192 seconds
[2026-06-12T11:11:07.245+0000] {processor.py:161} INFO - Started process (PID=1122) to work on /home/airflow/.local/lib/python3.8/site-packages/airflow/example_dags/example_params_ui_tutorial.py
[2026-06-12T11:11:07.247+0000] {processor.py:830} INFO - Processing file /home/airflow/.local/lib/python3.8/site-packages/airflow/example_dags/example_params_ui_tutorial.py for tasks to queue
[2026-06-12T11:11:07.250+0000] {logging_mixin.py:188} INFO - [2026-06-12T11:11:07.249+0000] {dagbag.py:538} INFO - Filling up the DagBag from /home/airflow/.local/lib/python3.8/site-packages/airflow/example_dags/example_params_ui_tutorial.py
[2026-06-12T11:11:07.270+0000] {processor.py:840} INFO - DAG(s) 'example_params_ui_tutorial' retrieved from /home/airflow/.local/lib/python3.8/site-packages/airflow/example_dags/example_params_ui_tutorial.py
[2026-06-12T11:11:07.380+0000] {logging_mixin.py:188} INFO - [2026-06-12T11:11:07.380+0000] {dag.py:3036} INFO - Sync 1 DAGs
[2026-06-12T11:11:07.402+0000] {logging_mixin.py:188} INFO - [2026-06-12T11:11:07.401+0000] {dag.py:3823} INFO - Setting next_dagrun for example_params_ui_tutorial to None, run_after=None
[2026-06-12T11:11:07.432+0000] {processor.py:183} INFO - Processing /home/airflow/.local/lib/python3.8/site-packages/airflow/example_dags/example_params_ui_tutorial.py took 0.193 seconds
[2026-06-12T11:11:37.583+0000] {processor.py:161} INFO - Started process (PID=1197) to work on /home/airflow/.local/lib/python3.8/site-packages/airflow/example_dags/example_params_ui_tutorial.py
[2026-06-12T11:11:37.585+0000] {processor.py:830} INFO - Processing file /home/airflow/.local/lib/python3.8/site-packages/airflow/example_dags/example_params_ui_tutorial.py for tasks to queue
[2026-06-12T11:11:37.588+0000] {logging_mixin.py:188} INFO - [2026-06-12T11:11:37.588+0000] {dagbag.py:538} INFO - Filling up the DagBag from /home/airflow/.local/lib/python3.8/site-packages/airflow/example_dags/example_params_ui_tutorial.py
[2026-06-12T11:11:37.605+0000] {processor.py:840} INFO - DAG(s) 'example_params_ui_tutorial' retrieved from /home/airflow/.local/lib/python3.8/site-packages/airflow/example_dags/example_params_ui_tutorial.py
[2026-06-12T11:11:37.715+0000] {logging_mixin.py:188} INFO - [2026-06-12T11:11:37.714+0000] {dag.py:3036} INFO - Sync 1 DAGs
[2026-06-12T11:11:37.734+0000] {logging_mixin.py:188} INFO - [2026-06-12T11:11:37.734+0000] {dag.py:3823} INFO - Setting next_dagrun for example_params_ui_tutorial to None, run_after=None
[2026-06-12T11:11:37.768+0000] {processor.py:183} INFO - Processing /home/airflow/.local/lib/python3.8/site-packages/airflow/example_dags/example_params_ui_tutorial.py took 0.189 seconds
[2026-06-12T11:12:07.958+0000] {processor.py:161} INFO - Started process (PID=1264) to work on /home/airflow/.local/lib/python3.8/site-packages/airflow/example_dags/example_params_ui_tutorial.py
[2026-06-12T11:12:07.959+0000] {processor.py:830} INFO - Processing file /home/airflow/.local/lib/python3.8/site-packages/airflow/example_dags/example_params_ui_tutorial.py for tasks to queue
[2026-06-12T11:12:07.962+0000] {logging_mixin.py:188} INFO - [2026-06-12T11:12:07.961+0000] {dagbag.py:538} INFO - Filling up the DagBag from /home/airflow/.local/lib/python3.8/site-packages/airflow/example_dags/example_params_ui_tutorial.py
[2026-06-12T11:12:07.980+0000] {processor.py:840} INFO - DAG(s) 'example_params_ui_tutorial' retrieved from /home/airflow/.local/lib/python3.8/site-packages/airflow/example_dags/example_params_ui_tutorial.py
[2026-06-12T11:12:08.114+0000] {logging_mixin.py:188} INFO - [2026-06-12T11:12:08.113+0000] {dag.py:3036} INFO - Sync 1 DAGs
[2026-06-12T11:12:08.137+0000] {logging_mixin.py:188} INFO - [2026-06-12T11:12:08.136+0000] {dag.py:3823} INFO - Setting next_dagrun for example_params_ui_tutorial to None, run_after=None
[2026-06-12T11:12:08.170+0000] {processor.py:183} INFO - Processing /home/airflow/.local/lib/python3.8/site-packages/airflow/example_dags/example_params_ui_tutorial.py took 0.217 seconds
[2026-06-12T11:12:38.219+0000] {processor.py:161} INFO - Started process (PID=1332) to work on /home/airflow/.local/lib/python3.8/site-packages/airflow/example_dags/example_params_ui_tutorial.py
[2026-06-12T11:12:38.221+0000] {processor.py:830} INFO - Processing file /home/airflow/.local/lib/python3.8/site-packages/airflow/example_dags/example_params_ui_tutorial.py for tasks to queue
[2026-06-12T11:12:38.224+0000] {logging_mixin.py:188} INFO - [2026-06-12T11:12:38.223+0000] {dagbag.py:538} INFO - Filling up the DagBag from /home/airflow/.local/lib/python3.8/site-packages/airflow/example_dags/example_params_ui_tutorial.py
[2026-06-12T11:12:38.247+0000] {processor.py:840} INFO - DAG(s) 'example_params_ui_tutorial' retrieved from /home/airflow/.local/lib/python3.8/site-packages/airflow/example_dags/example_params_ui_tutorial.py
[2026-06-12T11:12:38.387+0000] {logging_mixin.py:188} INFO - [2026-06-12T11:12:38.387+0000] {dag.py:3036} INFO - Sync 1 DAGs
[2026-06-12T11:12:38.411+0000] {logging_mixin.py:188} INFO - [2026-06-12T11:12:38.411+0000] {dag.py:3823} INFO - Setting next_dagrun for example_params_ui_tutorial to None, run_after=None
[2026-06-12T11:12:38.447+0000] {processor.py:183} INFO - Processing /home/airflow/.local/lib/python3.8/site-packages/airflow/example_dags/example_params_ui_tutorial.py took 0.233 seconds
[2026-06-12T11:13:08.955+0000] {processor.py:161} INFO - Started process (PID=1396) to work on /home/airflow/.local/lib/python3.8/site-packages/airflow/example_dags/example_params_ui_tutorial.py
[2026-06-12T11:13:08.957+0000] {processor.py:830} INFO - Processing file /home/airflow/.local/lib/python3.8/site-packages/airflow/example_dags/example_params_ui_tutorial.py for tasks to queue
[2026-06-12T11:13:08.959+0000] {logging_mixin.py:188} INFO - [2026-06-12T11:13:08.959+0000] {dagbag.py:538} INFO - Filling up the DagBag from /home/airflow/.local/lib/python3.8/site-packages/airflow/example_dags/example_params_ui_tutorial.py
[2026-06-12T11:13:08.981+0000] {processor.py:840} INFO - DAG(s) 'example_params_ui_tutorial' retrieved from /home/airflow/.local/lib/python3.8/site-packages/airflow/example_dags/example_params_ui_tutorial.py
[2026-06-12T11:13:09.101+0000] {logging_mixin.py:188} INFO - [2026-06-12T11:13:09.101+0000] {dag.py:3036} INFO - Sync 1 DAGs
[2026-06-12T11:13:09.121+0000] {logging_mixin.py:188} INFO - [2026-06-12T11:13:09.121+0000] {dag.py:3823} INFO - Setting next_dagrun for example_params_ui_tutorial to None, run_after=None
[2026-06-12T11:13:09.156+0000] {processor.py:183} INFO - Processing /home/airflow/.local/lib/python3.8/site-packages/airflow/example_dags/example_params_ui_tutorial.py took 0.206 seconds
[2026-06-12T11:13:39.731+0000] {processor.py:161} INFO - Started process (PID=1462) to work on /home/airflow/.local/lib/python3.8/site-packages/airflow/example_dags/example_params_ui_tutorial.py
[2026-06-12T11:13:39.732+0000] {processor.py:830} INFO - Processing file /home/airflow/.local/lib/python3.8/site-packages/airflow/example_dags/example_params_ui_tutorial.py for tasks to queue
[2026-06-12T11:13:39.735+0000] {logging_mixin.py:188} INFO - [2026-06-12T11:13:39.734+0000] {dagbag.py:538} INFO - Filling up the DagBag from /home/airflow/.local/lib/python3.8/site-packages/airflow/example_dags/example_params_ui_tutorial.py
[2026-06-12T11:13:39.755+0000] {processor.py:840} INFO - DAG(s) 'example_params_ui_tutorial' retrieved from /home/airflow/.local/lib/python3.8/site-packages/airflow/example_dags/example_params_ui_tutorial.py
[2026-06-12T11:13:39.872+0000] {logging_mixin.py:188} INFO - [2026-06-12T11:13:39.871+0000] {dag.py:3036} INFO - Sync 1 DAGs
[2026-06-12T11:13:39.891+0000] {logging_mixin.py:188} INFO - [2026-06-12T11:13:39.890+0000] {dag.py:3823} INFO - Setting next_dagrun for example_params_ui_tutorial to None, run_after=None
[2026-06-12T11:13:39.921+0000] {processor.py:183} INFO - Processing /home/airflow/.local/lib/python3.8/site-packages/airflow/example_dags/example_params_ui_tutorial.py took 0.195 seconds
[2026-06-12T11:14:10.566+0000] {processor.py:161} INFO - Started process (PID=1529) to work on /home/airflow/.local/lib/python3.8/site-packages/airflow/example_dags/example_params_ui_tutorial.py
[2026-06-12T11:14:10.569+0000] {processor.py:830} INFO - Processing file /home/airflow/.local/lib/python3.8/site-packages/airflow/example_dags/example_params_ui_tutorial.py for tasks to queue
[2026-06-12T11:14:10.572+0000] {logging_mixin.py:188} INFO - [2026-06-12T11:14:10.571+0000] {dagbag.py:538} INFO - Filling up the DagBag from /home/airflow/.local/lib/python3.8/site-packages/airflow/example_dags/example_params_ui_tutorial.py
[2026-06-12T11:14:10.594+0000] {processor.py:840} INFO - DAG(s) 'example_params_ui_tutorial' retrieved from /home/airflow/.local/lib/python3.8/site-packages/airflow/example_dags/example_params_ui_tutorial.py
[2026-06-12T11:14:10.712+0000] {logging_mixin.py:188} INFO - [2026-06-12T11:14:10.711+0000] {dag.py:3036} INFO - Sync 1 DAGs
[2026-06-12T11:14:10.734+0000] {logging_mixin.py:188} INFO - [2026-06-12T11:14:10.733+0000] {dag.py:3823} INFO - Setting next_dagrun for example_params_ui_tutorial to None, run_after=None
[2026-06-12T11:14:10.764+0000] {processor.py:183} INFO - Processing /home/airflow/.local/lib/python3.8/site-packages/airflow/example_dags/example_params_ui_tutorial.py took 0.203 seconds
[2026-06-12T11:14:41.376+0000] {processor.py:161} INFO - Started process (PID=1595) to work on /home/airflow/.local/lib/python3.8/site-packages/airflow/example_dags/example_params_ui_tutorial.py
[2026-06-12T11:14:41.379+0000] {processor.py:830} INFO - Processing file /home/airflow/.local/lib/python3.8/site-packages/airflow/example_dags/example_params_ui_tutorial.py for tasks to queue
[2026-06-12T11:14:41.382+0000] {logging_mixin.py:188} INFO - [2026-06-12T11:14:41.381+0000] {dagbag.py:538} INFO - Filling up the DagBag from /home/airflow/.local/lib/python3.8/site-packages/airflow/example_dags/example_params_ui_tutorial.py
[2026-06-12T11:14:41.405+0000] {processor.py:840} INFO - DAG(s) 'example_params_ui_tutorial' retrieved from /home/airflow/.local/lib/python3.8/site-packages/airflow/example_dags/example_params_ui_tutorial.py
[2026-06-12T11:14:41.536+0000] {logging_mixin.py:188} INFO - [2026-06-12T11:14:41.536+0000] {dag.py:3036} INFO - Sync 1 DAGs
[2026-06-12T11:14:41.558+0000] {logging_mixin.py:188} INFO - [2026-06-12T11:14:41.557+0000] {dag.py:3823} INFO - Setting next_dagrun for example_params_ui_tutorial to None, run_after=None
[2026-06-12T11:14:41.589+0000] {processor.py:183} INFO - Processing /home/airflow/.local/lib/python3.8/site-packages/airflow/example_dags/example_params_ui_tutorial.py took 0.218 seconds
[2026-06-12T11:15:11.762+0000] {processor.py:161} INFO - Started process (PID=1661) to work on /home/airflow/.local/lib/python3.8/site-packages/airflow/example_dags/example_params_ui_tutorial.py
[2026-06-12T11:15:11.763+0000] {processor.py:830} INFO - Processing file /home/airflow/.local/lib/python3.8/site-packages/airflow/example_dags/example_params_ui_tutorial.py for tasks to queue
[2026-06-12T11:15:11.768+0000] {logging_mixin.py:188} INFO - [2026-06-12T11:15:11.767+0000] {dagbag.py:538} INFO - Filling up the DagBag from /home/airflow/.local/lib/python3.8/site-packages/airflow/example_dags/example_params_ui_tutorial.py
[2026-06-12T11:15:11.790+0000] {processor.py:840} INFO - DAG(s) 'example_params_ui_tutorial' retrieved from /home/airflow/.local/lib/python3.8/site-packages/airflow/example_dags/example_params_ui_tutorial.py
[2026-06-12T11:15:11.906+0000] {logging_mixin.py:188} INFO - [2026-06-12T11:15:11.905+0000] {dag.py:3036} INFO - Sync 1 DAGs
[2026-06-12T11:15:11.925+0000] {logging_mixin.py:188} INFO - [2026-06-12T11:15:11.924+0000] {dag.py:3823} INFO - Setting next_dagrun for example_params_ui_tutorial to None, run_after=None
[2026-06-12T11:15:11.953+0000] {processor.py:183} INFO - Processing /home/airflow/.local/lib/python3.8/site-packages/airflow/example_dags/example_params_ui_tutorial.py took 0.201 seconds
[2026-06-12T11:15:42.154+0000] {processor.py:161} INFO - Started process (PID=1728) to work on /home/airflow/.local/lib/python3.8/site-packages/airflow/example_dags/example_params_ui_tutorial.py
[2026-06-12T11:15:42.156+0000] {processor.py:830} INFO - Processing file /home/airflow/.local/lib/python3.8/site-packages/airflow/example_dags/example_params_ui_tutorial.py for tasks to queue
[2026-06-12T11:15:42.158+0000] {logging_mixin.py:188} INFO - [2026-06-12T11:15:42.158+0000] {dagbag.py:538} INFO - Filling up the DagBag from /home/airflow/.local/lib/python3.8/site-packages/airflow/example_dags/example_params_ui_tutorial.py
[2026-06-12T11:15:42.180+0000] {processor.py:840} INFO - DAG(s) 'example_params_ui_tutorial' retrieved from /home/airflow/.local/lib/python3.8/site-packages/airflow/example_dags/example_params_ui_tutorial.py
[2026-06-12T11:15:42.289+0000] {logging_mixin.py:188} INFO - [2026-06-12T11:15:42.289+0000] {dag.py:3036} INFO - Sync 1 DAGs
[2026-06-12T11:15:42.307+0000] {logging_mixin.py:188} INFO - [2026-06-12T11:15:42.307+0000] {dag.py:3823} INFO - Setting next_dagrun for example_params_ui_tutorial to None, run_after=None
[2026-06-12T11:15:42.337+0000] {processor.py:183} INFO - Processing /home/airflow/.local/lib/python3.8/site-packages/airflow/example_dags/example_params_ui_tutorial.py took 0.188 seconds
[2026-06-12T11:16:12.457+0000] {processor.py:161} INFO - Started process (PID=1792) to work on /home/airflow/.local/lib/python3.8/site-packages/airflow/example_dags/example_params_ui_tutorial.py
[2026-06-12T11:16:12.459+0000] {processor.py:830} INFO - Processing file /home/airflow/.local/lib/python3.8/site-packages/airflow/example_dags/example_params_ui_tutorial.py for tasks to queue
[2026-06-12T11:16:12.461+0000] {logging_mixin.py:188} INFO - [2026-06-12T11:16:12.461+0000] {dagbag.py:538} INFO - Filling up the DagBag from /home/airflow/.local/lib/python3.8/site-packages/airflow/example_dags/example_params_ui_tutorial.py
[2026-06-12T11:16:12.478+0000] {processor.py:840} INFO - DAG(s) 'example_params_ui_tutorial' retrieved from /home/airflow/.local/lib/python3.8/site-packages/airflow/example_dags/example_params_ui_tutorial.py
[2026-06-12T11:16:12.581+0000] {logging_mixin.py:188} INFO - [2026-06-12T11:16:12.581+0000] {dag.py:3036} INFO - Sync 1 DAGs
[2026-06-12T11:16:12.600+0000] {logging_mixin.py:188} INFO - [2026-06-12T11:16:12.600+0000] {dag.py:3823} INFO - Setting next_dagrun for example_params_ui_tutorial to None, run_after=None
[2026-06-12T11:16:12.627+0000] {processor.py:183} INFO - Processing /home/airflow/.local/lib/python3.8/site-packages/airflow/example_dags/example_params_ui_tutorial.py took 0.175 seconds
[2026-06-12T11:16:43.294+0000] {processor.py:161} INFO - Started process (PID=1865) to work on /home/airflow/.local/lib/python3.8/site-packages/airflow/example_dags/example_params_ui_tutorial.py
[2026-06-12T11:16:43.296+0000] {processor.py:830} INFO - Processing file /home/airflow/.local/lib/python3.8/site-packages/airflow/example_dags/example_params_ui_tutorial.py for tasks to queue
[2026-06-12T11:16:43.299+0000] {logging_mixin.py:188} INFO - [2026-06-12T11:16:43.298+0000] {dagbag.py:538} INFO - Filling up the DagBag from /home/airflow/.local/lib/python3.8/site-packages/airflow/example_dags/example_params_ui_tutorial.py
[2026-06-12T11:16:43.322+0000] {processor.py:840} INFO - DAG(s) 'example_params_ui_tutorial' retrieved from /home/airflow/.local/lib/python3.8/site-packages/airflow/example_dags/example_params_ui_tutorial.py
[2026-06-12T11:16:43.463+0000] {logging_mixin.py:188} INFO - [2026-06-12T11:16:43.463+0000] {dag.py:3036} INFO - Sync 1 DAGs
[2026-06-12T11:16:43.489+0000] {logging_mixin.py:188} INFO - [2026-06-12T11:16:43.489+0000] {dag.py:3823} INFO - Setting next_dagrun for example_params_ui_tutorial to None, run_after=None
[2026-06-12T11:16:43.521+0000] {processor.py:183} INFO - Processing /home/airflow/.local/lib/python3.8/site-packages/airflow/example_dags/example_params_ui_tutorial.py took 0.240 seconds
[2026-06-12T11:17:13.795+0000] {processor.py:161} INFO - Started process (PID=1931) to work on /home/airflow/.local/lib/python3.8/site-packages/airflow/example_dags/example_params_ui_tutorial.py
[2026-06-12T11:17:13.796+0000] {processor.py:830} INFO - Processing file /home/airflow/.local/lib/python3.8/site-packages/airflow/example_dags/example_params_ui_tutorial.py for tasks to queue
[2026-06-12T11:17:13.799+0000] {logging_mixin.py:188} INFO - [2026-06-12T11:17:13.798+0000] {dagbag.py:538} INFO - Filling up the DagBag from /home/airflow/.local/lib/python3.8/site-packages/airflow/example_dags/example_params_ui_tutorial.py
[2026-06-12T11:17:13.822+0000] {processor.py:840} INFO - DAG(s) 'example_params_ui_tutorial' retrieved from /home/airflow/.local/lib/python3.8/site-packages/airflow/example_dags/example_params_ui_tutorial.py
[2026-06-12T11:17:13.982+0000] {logging_mixin.py:188} INFO - [2026-06-12T11:17:13.982+0000] {dag.py:3036} INFO - Sync 1 DAGs
[2026-06-12T11:17:14.005+0000] {logging_mixin.py:188} INFO - [2026-06-12T11:17:14.005+0000] {dag.py:3823} INFO - Setting next_dagrun for example_params_ui_tutorial to None, run_after=None
[2026-06-12T11:17:14.039+0000] {processor.py:183} INFO - Processing /home/airflow/.local/lib/python3.8/site-packages/airflow/example_dags/example_params_ui_tutorial.py took 0.250 seconds
[2026-06-12T11:17:44.179+0000] {processor.py:161} INFO - Started process (PID=1997) to work on /home/airflow/.local/lib/python3.8/site-packages/airflow/example_dags/example_params_ui_tutorial.py
[2026-06-12T11:17:44.181+0000] {processor.py:830} INFO - Processing file /home/airflow/.local/lib/python3.8/site-packages/airflow/example_dags/example_params_ui_tutorial.py for tasks to queue
[2026-06-12T11:17:44.183+0000] {logging_mixin.py:188} INFO - [2026-06-12T11:17:44.183+0000] {dagbag.py:538} INFO - Filling up the DagBag from /home/airflow/.local/lib/python3.8/site-packages/airflow/example_dags/example_params_ui_tutorial.py
[2026-06-12T11:17:44.204+0000] {processor.py:840} INFO - DAG(s) 'example_params_ui_tutorial' retrieved from /home/airflow/.local/lib/python3.8/site-packages/airflow/example_dags/example_params_ui_tutorial.py
[2026-06-12T11:17:44.315+0000] {logging_mixin.py:188} INFO - [2026-06-12T11:17:44.314+0000] {dag.py:3036} INFO - Sync 1 DAGs
[2026-06-12T11:17:44.339+0000] {logging_mixin.py:188} INFO - [2026-06-12T11:17:44.338+0000] {dag.py:3823} INFO - Setting next_dagrun for example_params_ui_tutorial to None, run_after=None
[2026-06-12T11:17:44.371+0000] {processor.py:183} INFO - Processing /home/airflow/.local/lib/python3.8/site-packages/airflow/example_dags/example_params_ui_tutorial.py took 0.197 seconds
[2026-06-12T11:18:14.494+0000] {processor.py:161} INFO - Started process (PID=2063) to work on /home/airflow/.local/lib/python3.8/site-packages/airflow/example_dags/example_params_ui_tutorial.py
[2026-06-12T11:18:14.496+0000] {processor.py:830} INFO - Processing file /home/airflow/.local/lib/python3.8/site-packages/airflow/example_dags/example_params_ui_tutorial.py for tasks to queue
[2026-06-12T11:18:14.499+0000] {logging_mixin.py:188} INFO - [2026-06-12T11:18:14.498+0000] {dagbag.py:538} INFO - Filling up the DagBag from /home/airflow/.local/lib/python3.8/site-packages/airflow/example_dags/example_params_ui_tutorial.py
[2026-06-12T11:18:14.521+0000] {processor.py:840} INFO - DAG(s) 'example_params_ui_tutorial' retrieved from /home/airflow/.local/lib/python3.8/site-packages/airflow/example_dags/example_params_ui_tutorial.py
[2026-06-12T11:18:14.629+0000] {logging_mixin.py:188} INFO - [2026-06-12T11:18:14.629+0000] {dag.py:3036} INFO - Sync 1 DAGs
[2026-06-12T11:18:14.650+0000] {logging_mixin.py:188} INFO - [2026-06-12T11:18:14.650+0000] {dag.py:3823} INFO - Setting next_dagrun for example_params_ui_tutorial to None, run_after=None
[2026-06-12T11:18:14.681+0000] {processor.py:183} INFO - Processing /home/airflow/.local/lib/python3.8/site-packages/airflow/example_dags/example_params_ui_tutorial.py took 0.191 seconds
[2026-06-12T11:18:44.848+0000] {processor.py:161} INFO - Started process (PID=2129) to work on /home/airflow/.local/lib/python3.8/site-packages/airflow/example_dags/example_params_ui_tutorial.py
[2026-06-12T11:18:44.850+0000] {processor.py:830} INFO - Processing file /home/airflow/.local/lib/python3.8/site-packages/airflow/example_dags/example_params_ui_tutorial.py for tasks to queue
[2026-06-12T11:18:44.852+0000] {logging_mixin.py:188} INFO - [2026-06-12T11:18:44.852+0000] {dagbag.py:538} INFO - Filling up the DagBag from /home/airflow/.local/lib/python3.8/site-packages/airflow/example_dags/example_params_ui_tutorial.py
[2026-06-12T11:18:44.872+0000] {processor.py:840} INFO - DAG(s) 'example_params_ui_tutorial' retrieved from /home/airflow/.local/lib/python3.8/site-packages/airflow/example_dags/example_params_ui_tutorial.py
[2026-06-12T11:18:44.999+0000] {logging_mixin.py:188} INFO - [2026-06-12T11:18:44.999+0000] {dag.py:3036} INFO - Sync 1 DAGs
[2026-06-12T11:18:45.017+0000] {logging_mixin.py:188} INFO - [2026-06-12T11:18:45.017+0000] {dag.py:3823} INFO - Setting next_dagrun for example_params_ui_tutorial to None, run_after=None
[2026-06-12T11:18:45.044+0000] {processor.py:183} INFO - Processing /home/airflow/.local/lib/python3.8/site-packages/airflow/example_dags/example_params_ui_tutorial.py took 0.201 seconds
[2026-06-12T11:19:15.903+0000] {processor.py:161} INFO - Started process (PID=2195) to work on /home/airflow/.local/lib/python3.8/site-packages/airflow/example_dags/example_params_ui_tutorial.py
[2026-06-12T11:19:15.904+0000] {processor.py:830} INFO - Processing file /home/airflow/.local/lib/python3.8/site-packages/airflow/example_dags/example_params_ui_tutorial.py for tasks to queue
[2026-06-12T11:19:15.907+0000] {logging_mixin.py:188} INFO - [2026-06-12T11:19:15.907+0000] {dagbag.py:538} INFO - Filling up the DagBag from /home/airflow/.local/lib/python3.8/site-packages/airflow/example_dags/example_params_ui_tutorial.py
[2026-06-12T11:19:15.930+0000] {processor.py:840} INFO - DAG(s) 'example_params_ui_tutorial' retrieved from /home/airflow/.local/lib/python3.8/site-packages/airflow/example_dags/example_params_ui_tutorial.py
[2026-06-12T11:19:16.074+0000] {logging_mixin.py:188} INFO - [2026-06-12T11:19:16.074+0000] {dag.py:3036} INFO - Sync 1 DAGs
[2026-06-12T11:19:16.100+0000] {logging_mixin.py:188} INFO - [2026-06-12T11:19:16.100+0000] {dag.py:3823} INFO - Setting next_dagrun for example_params_ui_tutorial to None, run_after=None
[2026-06-12T11:19:16.133+0000] {processor.py:183} INFO - Processing /home/airflow/.local/lib/python3.8/site-packages/airflow/example_dags/example_params_ui_tutorial.py took 0.236 seconds
[2026-06-12T11:19:46.193+0000] {processor.py:161} INFO - Started process (PID=2261) to work on /home/airflow/.local/lib/python3.8/site-packages/airflow/example_dags/example_params_ui_tutorial.py
[2026-06-12T11:19:46.195+0000] {processor.py:830} INFO - Processing file /home/airflow/.local/lib/python3.8/site-packages/airflow/example_dags/example_params_ui_tutorial.py for tasks to queue
[2026-06-12T11:19:46.198+0000] {logging_mixin.py:188} INFO - [2026-06-12T11:19:46.197+0000] {dagbag.py:538} INFO - Filling up the DagBag from /home/airflow/.local/lib/python3.8/site-packages/airflow/example_dags/example_params_ui_tutorial.py
[2026-06-12T11:19:46.219+0000] {processor.py:840} INFO - DAG(s) 'example_params_ui_tutorial' retrieved from /home/airflow/.local/lib/python3.8/site-packages/airflow/example_dags/example_params_ui_tutorial.py
[2026-06-12T11:19:46.340+0000] {logging_mixin.py:188} INFO - [2026-06-12T11:19:46.340+0000] {dag.py:3036} INFO - Sync 1 DAGs
[2026-06-12T11:19:46.363+0000] {logging_mixin.py:188} INFO - [2026-06-12T11:19:46.362+0000] {dag.py:3823} INFO - Setting next_dagrun for example_params_ui_tutorial to None, run_after=None
[2026-06-12T11:19:46.409+0000] {processor.py:183} INFO - Processing /home/airflow/.local/lib/python3.8/site-packages/airflow/example_dags/example_params_ui_tutorial.py took 0.221 seconds
[2026-06-12T11:20:16.507+0000] {processor.py:161} INFO - Started process (PID=2327) to work on /home/airflow/.local/lib/python3.8/site-packages/airflow/example_dags/example_params_ui_tutorial.py
[2026-06-12T11:20:16.509+0000] {processor.py:830} INFO - Processing file /home/airflow/.local/lib/python3.8/site-packages/airflow/example_dags/example_params_ui_tutorial.py for tasks to queue
[2026-06-12T11:20:16.512+0000] {logging_mixin.py:188} INFO - [2026-06-12T11:20:16.511+0000] {dagbag.py:538} INFO - Filling up the DagBag from /home/airflow/.local/lib/python3.8/site-packages/airflow/example_dags/example_params_ui_tutorial.py
[2026-06-12T11:20:16.535+0000] {processor.py:840} INFO - DAG(s) 'example_params_ui_tutorial' retrieved from /home/airflow/.local/lib/python3.8/site-packages/airflow/example_dags/example_params_ui_tutorial.py
[2026-06-12T11:20:16.744+0000] {logging_mixin.py:188} INFO - [2026-06-12T11:20:16.744+0000] {dag.py:3036} INFO - Sync 1 DAGs
[2026-06-12T11:20:16.782+0000] {logging_mixin.py:188} INFO - [2026-06-12T11:20:16.782+0000] {dag.py:3823} INFO - Setting next_dagrun for example_params_ui_tutorial to None, run_after=None
[2026-06-12T11:20:16.826+0000] {processor.py:183} INFO - Processing /home/airflow/.local/lib/python3.8/site-packages/airflow/example_dags/example_params_ui_tutorial.py took 0.325 seconds
[2026-06-12T11:20:47.132+0000] {processor.py:161} INFO - Started process (PID=2400) to work on /home/airflow/.local/lib/python3.8/site-packages/airflow/example_dags/example_params_ui_tutorial.py
[2026-06-12T11:20:47.139+0000] {processor.py:830} INFO - Processing file /home/airflow/.local/lib/python3.8/site-packages/airflow/example_dags/example_params_ui_tutorial.py for tasks to queue
[2026-06-12T11:20:47.144+0000] {logging_mixin.py:188} INFO - [2026-06-12T11:20:47.143+0000] {dagbag.py:538} INFO - Filling up the DagBag from /home/airflow/.local/lib/python3.8/site-packages/airflow/example_dags/example_params_ui_tutorial.py
[2026-06-12T11:20:47.168+0000] {processor.py:840} INFO - DAG(s) 'example_params_ui_tutorial' retrieved from /home/airflow/.local/lib/python3.8/site-packages/airflow/example_dags/example_params_ui_tutorial.py
[2026-06-12T11:20:47.287+0000] {logging_mixin.py:188} INFO - [2026-06-12T11:20:47.287+0000] {dag.py:3036} INFO - Sync 1 DAGs
[2026-06-12T11:20:47.311+0000] {logging_mixin.py:188} INFO - [2026-06-12T11:20:47.311+0000] {dag.py:3823} INFO - Setting next_dagrun for example_params_ui_tutorial to None, run_after=None
[2026-06-12T11:20:47.344+0000] {processor.py:183} INFO - Processing /home/airflow/.local/lib/python3.8/site-packages/airflow/example_dags/example_params_ui_tutorial.py took 0.216 seconds
[2026-06-12T11:21:17.874+0000] {processor.py:161} INFO - Started process (PID=2467) to work on /home/airflow/.local/lib/python3.8/site-packages/airflow/example_dags/example_params_ui_tutorial.py
[2026-06-12T11:21:17.876+0000] {processor.py:830} INFO - Processing file /home/airflow/.local/lib/python3.8/site-packages/airflow/example_dags/example_params_ui_tutorial.py for tasks to queue
[2026-06-12T11:21:17.879+0000] {logging_mixin.py:188} INFO - [2026-06-12T11:21:17.879+0000] {dagbag.py:538} INFO - Filling up the DagBag from /home/airflow/.local/lib/python3.8/site-packages/airflow/example_dags/example_params_ui_tutorial.py
[2026-06-12T11:21:17.902+0000] {processor.py:840} INFO - DAG(s) 'example_params_ui_tutorial' retrieved from /home/airflow/.local/lib/python3.8/site-packages/airflow/example_dags/example_params_ui_tutorial.py
[2026-06-12T11:21:18.043+0000] {logging_mixin.py:188} INFO - [2026-06-12T11:21:18.043+0000] {dag.py:3036} INFO - Sync 1 DAGs
[2026-06-12T11:21:18.066+0000] {logging_mixin.py:188} INFO - [2026-06-12T11:21:18.066+0000] {dag.py:3823} INFO - Setting next_dagrun for example_params_ui_tutorial to None, run_after=None
[2026-06-12T11:21:18.103+0000] {processor.py:183} INFO - Processing /home/airflow/.local/lib/python3.8/site-packages/airflow/example_dags/example_params_ui_tutorial.py took 0.239 seconds
[2026-06-12T11:21:48.208+0000] {processor.py:161} INFO - Started process (PID=2533) to work on /home/airflow/.local/lib/python3.8/site-packages/airflow/example_dags/example_params_ui_tutorial.py
[2026-06-12T11:21:48.210+0000] {processor.py:830} INFO - Processing file /home/airflow/.local/lib/python3.8/site-packages/airflow/example_dags/example_params_ui_tutorial.py for tasks to queue
[2026-06-12T11:21:48.213+0000] {logging_mixin.py:188} INFO - [2026-06-12T11:21:48.212+0000] {dagbag.py:538} INFO - Filling up the DagBag from /home/airflow/.local/lib/python3.8/site-packages/airflow/example_dags/example_params_ui_tutorial.py
[2026-06-12T11:21:48.235+0000] {processor.py:840} INFO - DAG(s) 'example_params_ui_tutorial' retrieved from /home/airflow/.local/lib/python3.8/site-packages/airflow/example_dags/example_params_ui_tutorial.py
[2026-06-12T11:21:48.354+0000] {logging_mixin.py:188} INFO - [2026-06-12T11:21:48.354+0000] {dag.py:3036} INFO - Sync 1 DAGs
[2026-06-12T11:21:48.381+0000] {logging_mixin.py:188} INFO - [2026-06-12T11:21:48.380+0000] {dag.py:3823} INFO - Setting next_dagrun for example_params_ui_tutorial to None, run_after=None
[2026-06-12T11:21:48.412+0000] {processor.py:183} INFO - Processing /home/airflow/.local/lib/python3.8/site-packages/airflow/example_dags/example_params_ui_tutorial.py took 0.210 seconds
[2026-06-12T11:22:19.271+0000] {processor.py:161} INFO - Started process (PID=2599) to work on /home/airflow/.local/lib/python3.8/site-packages/airflow/example_dags/example_params_ui_tutorial.py
[2026-06-12T11:22:19.274+0000] {processor.py:830} INFO - Processing file /home/airflow/.local/lib/python3.8/site-packages/airflow/example_dags/example_params_ui_tutorial.py for tasks to queue
[2026-06-12T11:22:19.277+0000] {logging_mixin.py:188} INFO - [2026-06-12T11:22:19.276+0000] {dagbag.py:538} INFO - Filling up the DagBag from /home/airflow/.local/lib/python3.8/site-packages/airflow/example_dags/example_params_ui_tutorial.py
[2026-06-12T11:22:19.300+0000] {processor.py:840} INFO - DAG(s) 'example_params_ui_tutorial' retrieved from /home/airflow/.local/lib/python3.8/site-packages/airflow/example_dags/example_params_ui_tutorial.py
[2026-06-12T11:22:19.433+0000] {logging_mixin.py:188} INFO - [2026-06-12T11:22:19.432+0000] {dag.py:3036} INFO - Sync 1 DAGs
[2026-06-12T11:22:19.456+0000] {logging_mixin.py:188} INFO - [2026-06-12T11:22:19.455+0000] {dag.py:3823} INFO - Setting next_dagrun for example_params_ui_tutorial to None, run_after=None
[2026-06-12T11:22:19.486+0000] {processor.py:183} INFO - Processing /home/airflow/.local/lib/python3.8/site-packages/airflow/example_dags/example_params_ui_tutorial.py took 0.221 seconds
[2026-06-12T11:22:49.766+0000] {processor.py:161} INFO - Started process (PID=2665) to work on /home/airflow/.local/lib/python3.8/site-packages/airflow/example_dags/example_params_ui_tutorial.py
[2026-06-12T11:22:49.769+0000] {processor.py:830} INFO - Processing file /home/airflow/.local/lib/python3.8/site-packages/airflow/example_dags/example_params_ui_tutorial.py for tasks to queue
[2026-06-12T11:22:49.772+0000] {logging_mixin.py:188} INFO - [2026-06-12T11:22:49.771+0000] {dagbag.py:538} INFO - Filling up the DagBag from /home/airflow/.local/lib/python3.8/site-packages/airflow/example_dags/example_params_ui_tutorial.py
[2026-06-12T11:22:49.796+0000] {processor.py:840} INFO - DAG(s) 'example_params_ui_tutorial' retrieved from /home/airflow/.local/lib/python3.8/site-packages/airflow/example_dags/example_params_ui_tutorial.py
[2026-06-12T11:22:49.936+0000] {logging_mixin.py:188} INFO - [2026-06-12T11:22:49.936+0000] {dag.py:3036} INFO - Sync 1 DAGs
[2026-06-12T11:22:49.960+0000] {logging_mixin.py:188} INFO - [2026-06-12T11:22:49.959+0000] {dag.py:3823} INFO - Setting next_dagrun for example_params_ui_tutorial to None, run_after=None
[2026-06-12T11:22:50.025+0000] {processor.py:183} INFO - Processing /home/airflow/.local/lib/python3.8/site-packages/airflow/example_dags/example_params_ui_tutorial.py took 0.266 seconds
[2026-06-12T11:23:20.664+0000] {processor.py:161} INFO - Started process (PID=2729) to work on /home/airflow/.local/lib/python3.8/site-packages/airflow/example_dags/example_params_ui_tutorial.py
[2026-06-12T11:23:20.666+0000] {processor.py:830} INFO - Processing file /home/airflow/.local/lib/python3.8/site-packages/airflow/example_dags/example_params_ui_tutorial.py for tasks to queue
[2026-06-12T11:23:20.669+0000] {logging_mixin.py:188} INFO - [2026-06-12T11:23:20.669+0000] {dagbag.py:538} INFO - Filling up the DagBag from /home/airflow/.local/lib/python3.8/site-packages/airflow/example_dags/example_params_ui_tutorial.py
[2026-06-12T11:23:20.694+0000] {processor.py:840} INFO - DAG(s) 'example_params_ui_tutorial' retrieved from /home/airflow/.local/lib/python3.8/site-packages/airflow/example_dags/example_params_ui_tutorial.py
[2026-06-12T11:23:20.824+0000] {logging_mixin.py:188} INFO - [2026-06-12T11:23:20.824+0000] {dag.py:3036} INFO - Sync 1 DAGs
[2026-06-12T11:23:20.850+0000] {logging_mixin.py:188} INFO - [2026-06-12T11:23:20.849+0000] {dag.py:3823} INFO - Setting next_dagrun for example_params_ui_tutorial to None, run_after=None
[2026-06-12T11:23:20.882+0000] {processor.py:183} INFO - Processing /home/airflow/.local/lib/python3.8/site-packages/airflow/example_dags/example_params_ui_tutorial.py took 0.223 seconds
[2026-06-12T11:23:51.012+0000] {processor.py:161} INFO - Started process (PID=2794) to work on /home/airflow/.local/lib/python3.8/site-packages/airflow/example_dags/example_params_ui_tutorial.py
[2026-06-12T11:23:51.013+0000] {processor.py:830} INFO - Processing file /home/airflow/.local/lib/python3.8/site-packages/airflow/example_dags/example_params_ui_tutorial.py for tasks to queue
[2026-06-12T11:23:51.015+0000] {logging_mixin.py:188} INFO - [2026-06-12T11:23:51.015+0000] {dagbag.py:538} INFO - Filling up the DagBag from /home/airflow/.local/lib/python3.8/site-packages/airflow/example_dags/example_params_ui_tutorial.py
[2026-06-12T11:23:51.033+0000] {processor.py:840} INFO - DAG(s) 'example_params_ui_tutorial' retrieved from /home/airflow/.local/lib/python3.8/site-packages/airflow/example_dags/example_params_ui_tutorial.py
[2026-06-12T11:23:51.139+0000] {logging_mixin.py:188} INFO - [2026-06-12T11:23:51.139+0000] {dag.py:3036} INFO - Sync 1 DAGs
[2026-06-12T11:23:51.157+0000] {logging_mixin.py:188} INFO - [2026-06-12T11:23:51.157+0000] {dag.py:3823} INFO - Setting next_dagrun for example_params_ui_tutorial to None, run_after=None
[2026-06-12T11:23:51.186+0000] {processor.py:183} INFO - Processing /home/airflow/.local/lib/python3.8/site-packages/airflow/example_dags/example_params_ui_tutorial.py took 0.180 seconds
[2026-06-12T11:24:21.450+0000] {processor.py:161} INFO - Started process (PID=2860) to work on /home/airflow/.local/lib/python3.8/site-packages/airflow/example_dags/example_params_ui_tutorial.py
[2026-06-12T11:24:21.452+0000] {processor.py:830} INFO - Processing file /home/airflow/.local/lib/python3.8/site-packages/airflow/example_dags/example_params_ui_tutorial.py for tasks to queue
[2026-06-12T11:24:21.454+0000] {logging_mixin.py:188} INFO - [2026-06-12T11:24:21.454+0000] {dagbag.py:538} INFO - Filling up the DagBag from /home/airflow/.local/lib/python3.8/site-packages/airflow/example_dags/example_params_ui_tutorial.py
[2026-06-12T11:24:21.475+0000] {processor.py:840} INFO - DAG(s) 'example_params_ui_tutorial' retrieved from /home/airflow/.local/lib/python3.8/site-packages/airflow/example_dags/example_params_ui_tutorial.py
[2026-06-12T11:24:21.590+0000] {logging_mixin.py:188} INFO - [2026-06-12T11:24:21.590+0000] {dag.py:3036} INFO - Sync 1 DAGs
[2026-06-12T11:24:21.609+0000] {logging_mixin.py:188} INFO - [2026-06-12T11:24:21.608+0000] {dag.py:3823} INFO - Setting next_dagrun for example_params_ui_tutorial to None, run_after=None
[2026-06-12T11:24:21.639+0000] {processor.py:183} INFO - Processing /home/airflow/.local/lib/python3.8/site-packages/airflow/example_dags/example_params_ui_tutorial.py took 0.195 seconds
[2026-06-12T11:24:52.309+0000] {processor.py:161} INFO - Started process (PID=2933) to work on /home/airflow/.local/lib/python3.8/site-packages/airflow/example_dags/example_params_ui_tutorial.py
[2026-06-12T11:24:52.310+0000] {processor.py:830} INFO - Processing file /home/airflow/.local/lib/python3.8/site-packages/airflow/example_dags/example_params_ui_tutorial.py for tasks to queue
[2026-06-12T11:24:52.312+0000] {logging_mixin.py:188} INFO - [2026-06-12T11:24:52.312+0000] {dagbag.py:538} INFO - Filling up the DagBag from /home/airflow/.local/lib/python3.8/site-packages/airflow/example_dags/example_params_ui_tutorial.py
[2026-06-12T11:24:52.333+0000] {processor.py:840} INFO - DAG(s) 'example_params_ui_tutorial' retrieved from /home/airflow/.local/lib/python3.8/site-packages/airflow/example_dags/example_params_ui_tutorial.py
[2026-06-12T11:24:52.444+0000] {logging_mixin.py:188} INFO - [2026-06-12T11:24:52.444+0000] {dag.py:3036} INFO - Sync 1 DAGs
[2026-06-12T11:24:52.465+0000] {logging_mixin.py:188} INFO - [2026-06-12T11:24:52.465+0000] {dag.py:3823} INFO - Setting next_dagrun for example_params_ui_tutorial to None, run_after=None
[2026-06-12T11:24:52.494+0000] {processor.py:183} INFO - Processing /home/airflow/.local/lib/python3.8/site-packages/airflow/example_dags/example_params_ui_tutorial.py took 0.191 seconds
[2026-06-12T11:25:22.610+0000] {processor.py:161} INFO - Started process (PID=3000) to work on /home/airflow/.local/lib/python3.8/site-packages/airflow/example_dags/example_params_ui_tutorial.py
[2026-06-12T11:25:22.612+0000] {processor.py:830} INFO - Processing file /home/airflow/.local/lib/python3.8/site-packages/airflow/example_dags/example_params_ui_tutorial.py for tasks to queue
[2026-06-12T11:25:22.615+0000] {logging_mixin.py:188} INFO - [2026-06-12T11:25:22.614+0000] {dagbag.py:538} INFO - Filling up the DagBag from /home/airflow/.local/lib/python3.8/site-packages/airflow/example_dags/example_params_ui_tutorial.py
[2026-06-12T11:25:22.632+0000] {processor.py:840} INFO - DAG(s) 'example_params_ui_tutorial' retrieved from /home/airflow/.local/lib/python3.8/site-packages/airflow/example_dags/example_params_ui_tutorial.py
[2026-06-12T11:25:22.752+0000] {logging_mixin.py:188} INFO - [2026-06-12T11:25:22.752+0000] {dag.py:3036} INFO - Sync 1 DAGs
[2026-06-12T11:25:22.775+0000] {logging_mixin.py:188} INFO - [2026-06-12T11:25:22.775+0000] {dag.py:3823} INFO - Setting next_dagrun for example_params_ui_tutorial to None, run_after=None
[2026-06-12T11:25:23.052+0000] {processor.py:183} INFO - Processing /home/airflow/.local/lib/python3.8/site-packages/airflow/example_dags/example_params_ui_tutorial.py took 0.447 seconds
[2026-06-12T11:25:53.121+0000] {processor.py:161} INFO - Started process (PID=3065) to work on /home/airflow/.local/lib/python3.8/site-packages/airflow/example_dags/example_params_ui_tutorial.py
[2026-06-12T11:25:53.123+0000] {processor.py:830} INFO - Processing file /home/airflow/.local/lib/python3.8/site-packages/airflow/example_dags/example_params_ui_tutorial.py for tasks to queue
[2026-06-12T11:25:53.126+0000] {logging_mixin.py:188} INFO - [2026-06-12T11:25:53.125+0000] {dagbag.py:538} INFO - Filling up the DagBag from /home/airflow/.local/lib/python3.8/site-packages/airflow/example_dags/example_params_ui_tutorial.py
[2026-06-12T11:25:53.148+0000] {processor.py:840} INFO - DAG(s) 'example_params_ui_tutorial' retrieved from /home/airflow/.local/lib/python3.8/site-packages/airflow/example_dags/example_params_ui_tutorial.py
[2026-06-12T11:25:53.294+0000] {logging_mixin.py:188} INFO - [2026-06-12T11:25:53.293+0000] {dag.py:3036} INFO - Sync 1 DAGs
[2026-06-12T11:25:53.318+0000] {logging_mixin.py:188} INFO - [2026-06-12T11:25:53.317+0000] {dag.py:3823} INFO - Setting next_dagrun for example_params_ui_tutorial to None, run_after=None
[2026-06-12T11:25:53.351+0000] {processor.py:183} INFO - Processing /home/airflow/.local/lib/python3.8/site-packages/airflow/example_dags/example_params_ui_tutorial.py took 0.236 seconds
[2026-06-12T11:26:23.825+0000] {processor.py:161} INFO - Started process (PID=3133) to work on /home/airflow/.local/lib/python3.8/site-packages/airflow/example_dags/example_params_ui_tutorial.py
[2026-06-12T11:26:23.831+0000] {processor.py:830} INFO - Processing file /home/airflow/.local/lib/python3.8/site-packages/airflow/example_dags/example_params_ui_tutorial.py for tasks to queue
[2026-06-12T11:26:23.839+0000] {logging_mixin.py:188} INFO - [2026-06-12T11:26:23.837+0000] {dagbag.py:538} INFO - Filling up the DagBag from /home/airflow/.local/lib/python3.8/site-packages/airflow/example_dags/example_params_ui_tutorial.py
[2026-06-12T11:26:23.863+0000] {processor.py:840} INFO - DAG(s) 'example_params_ui_tutorial' retrieved from /home/airflow/.local/lib/python3.8/site-packages/airflow/example_dags/example_params_ui_tutorial.py
[2026-06-12T11:26:24.006+0000] {logging_mixin.py:188} INFO - [2026-06-12T11:26:24.006+0000] {dag.py:3036} INFO - Sync 1 DAGs
[2026-06-12T11:26:24.030+0000] {logging_mixin.py:188} INFO - [2026-06-12T11:26:24.030+0000] {dag.py:3823} INFO - Setting next_dagrun for example_params_ui_tutorial to None, run_after=None
[2026-06-12T11:26:24.064+0000] {processor.py:183} INFO - Processing /home/airflow/.local/lib/python3.8/site-packages/airflow/example_dags/example_params_ui_tutorial.py took 0.251 seconds
[2026-06-12T11:26:54.641+0000] {processor.py:161} INFO - Started process (PID=3200) to work on /home/airflow/.local/lib/python3.8/site-packages/airflow/example_dags/example_params_ui_tutorial.py
[2026-06-12T11:26:54.642+0000] {processor.py:830} INFO - Processing file /home/airflow/.local/lib/python3.8/site-packages/airflow/example_dags/example_params_ui_tutorial.py for tasks to queue
[2026-06-12T11:26:54.645+0000] {logging_mixin.py:188} INFO - [2026-06-12T11:26:54.644+0000] {dagbag.py:538} INFO - Filling up the DagBag from /home/airflow/.local/lib/python3.8/site-packages/airflow/example_dags/example_params_ui_tutorial.py
[2026-06-12T11:26:54.665+0000] {processor.py:840} INFO - DAG(s) 'example_params_ui_tutorial' retrieved from /home/airflow/.local/lib/python3.8/site-packages/airflow/example_dags/example_params_ui_tutorial.py
[2026-06-12T11:26:54.956+0000] {logging_mixin.py:188} INFO - [2026-06-12T11:26:54.956+0000] {dag.py:3036} INFO - Sync 1 DAGs
[2026-06-12T11:26:54.973+0000] {logging_mixin.py:188} INFO - [2026-06-12T11:26:54.973+0000] {dag.py:3823} INFO - Setting next_dagrun for example_params_ui_tutorial to None, run_after=None
[2026-06-12T11:26:54.999+0000] {processor.py:183} INFO - Processing /home/airflow/.local/lib/python3.8/site-packages/airflow/example_dags/example_params_ui_tutorial.py took 0.363 seconds
[2026-06-12T11:27:25.165+0000] {processor.py:161} INFO - Started process (PID=3266) to work on /home/airflow/.local/lib/python3.8/site-packages/airflow/example_dags/example_params_ui_tutorial.py
[2026-06-12T11:27:25.167+0000] {processor.py:830} INFO - Processing file /home/airflow/.local/lib/python3.8/site-packages/airflow/example_dags/example_params_ui_tutorial.py for tasks to queue
[2026-06-12T11:27:25.169+0000] {logging_mixin.py:188} INFO - [2026-06-12T11:27:25.169+0000] {dagbag.py:538} INFO - Filling up the DagBag from /home/airflow/.local/lib/python3.8/site-packages/airflow/example_dags/example_params_ui_tutorial.py
[2026-06-12T11:27:25.190+0000] {processor.py:840} INFO - DAG(s) 'example_params_ui_tutorial' retrieved from /home/airflow/.local/lib/python3.8/site-packages/airflow/example_dags/example_params_ui_tutorial.py
[2026-06-12T11:27:25.303+0000] {logging_mixin.py:188} INFO - [2026-06-12T11:27:25.302+0000] {dag.py:3036} INFO - Sync 1 DAGs
[2026-06-12T11:27:25.322+0000] {logging_mixin.py:188} INFO - [2026-06-12T11:27:25.322+0000] {dag.py:3823} INFO - Setting next_dagrun for example_params_ui_tutorial to None, run_after=None
[2026-06-12T11:27:25.350+0000] {processor.py:183} INFO - Processing /home/airflow/.local/lib/python3.8/site-packages/airflow/example_dags/example_params_ui_tutorial.py took 0.190 seconds
[2026-06-12T11:27:55.456+0000] {processor.py:161} INFO - Started process (PID=3331) to work on /home/airflow/.local/lib/python3.8/site-packages/airflow/example_dags/example_params_ui_tutorial.py
[2026-06-12T11:27:55.458+0000] {processor.py:830} INFO - Processing file /home/airflow/.local/lib/python3.8/site-packages/airflow/example_dags/example_params_ui_tutorial.py for tasks to queue
[2026-06-12T11:27:55.461+0000] {logging_mixin.py:188} INFO - [2026-06-12T11:27:55.460+0000] {dagbag.py:538} INFO - Filling up the DagBag from /home/airflow/.local/lib/python3.8/site-packages/airflow/example_dags/example_params_ui_tutorial.py
[2026-06-12T11:27:55.481+0000] {processor.py:840} INFO - DAG(s) 'example_params_ui_tutorial' retrieved from /home/airflow/.local/lib/python3.8/site-packages/airflow/example_dags/example_params_ui_tutorial.py
[2026-06-12T11:27:55.589+0000] {logging_mixin.py:188} INFO - [2026-06-12T11:27:55.589+0000] {dag.py:3036} INFO - Sync 1 DAGs
[2026-06-12T11:27:55.607+0000] {logging_mixin.py:188} INFO - [2026-06-12T11:27:55.607+0000] {dag.py:3823} INFO - Setting next_dagrun for example_params_ui_tutorial to None, run_after=None
[2026-06-12T11:27:55.636+0000] {processor.py:183} INFO - Processing /home/airflow/.local/lib/python3.8/site-packages/airflow/example_dags/example_params_ui_tutorial.py took 0.185 seconds
[2026-06-12T11:28:25.739+0000] {processor.py:161} INFO - Started process (PID=3397) to work on /home/airflow/.local/lib/python3.8/site-packages/airflow/example_dags/example_params_ui_tutorial.py
[2026-06-12T11:28:25.741+0000] {processor.py:830} INFO - Processing file /home/airflow/.local/lib/python3.8/site-packages/airflow/example_dags/example_params_ui_tutorial.py for tasks to queue
[2026-06-12T11:28:25.744+0000] {logging_mixin.py:188} INFO - [2026-06-12T11:28:25.744+0000] {dagbag.py:538} INFO - Filling up the DagBag from /home/airflow/.local/lib/python3.8/site-packages/airflow/example_dags/example_params_ui_tutorial.py
[2026-06-12T11:28:25.765+0000] {processor.py:840} INFO - DAG(s) 'example_params_ui_tutorial' retrieved from /home/airflow/.local/lib/python3.8/site-packages/airflow/example_dags/example_params_ui_tutorial.py
[2026-06-12T11:28:25.888+0000] {logging_mixin.py:188} INFO - [2026-06-12T11:28:25.888+0000] {dag.py:3036} INFO - Sync 1 DAGs
[2026-06-12T11:28:25.909+0000] {logging_mixin.py:188} INFO - [2026-06-12T11:28:25.908+0000] {dag.py:3823} INFO - Setting next_dagrun for example_params_ui_tutorial to None, run_after=None
[2026-06-12T11:28:25.939+0000] {processor.py:183} INFO - Processing /home/airflow/.local/lib/python3.8/site-packages/airflow/example_dags/example_params_ui_tutorial.py took 0.206 seconds
[2026-06-12T11:28:56.327+0000] {processor.py:161} INFO - Started process (PID=3462) to work on /home/airflow/.local/lib/python3.8/site-packages/airflow/example_dags/example_params_ui_tutorial.py
[2026-06-12T11:28:56.328+0000] {processor.py:830} INFO - Processing file /home/airflow/.local/lib/python3.8/site-packages/airflow/example_dags/example_params_ui_tutorial.py for tasks to queue
[2026-06-12T11:28:56.331+0000] {logging_mixin.py:188} INFO - [2026-06-12T11:28:56.330+0000] {dagbag.py:538} INFO - Filling up the DagBag from /home/airflow/.local/lib/python3.8/site-packages/airflow/example_dags/example_params_ui_tutorial.py
[2026-06-12T11:28:56.353+0000] {processor.py:840} INFO - DAG(s) 'example_params_ui_tutorial' retrieved from /home/airflow/.local/lib/python3.8/site-packages/airflow/example_dags/example_params_ui_tutorial.py
[2026-06-12T11:28:56.471+0000] {logging_mixin.py:188} INFO - [2026-06-12T11:28:56.471+0000] {dag.py:3036} INFO - Sync 1 DAGs
[2026-06-12T11:28:56.491+0000] {logging_mixin.py:188} INFO - [2026-06-12T11:28:56.490+0000] {dag.py:3823} INFO - Setting next_dagrun for example_params_ui_tutorial to None, run_after=None
[2026-06-12T11:28:56.523+0000] {processor.py:183} INFO - Processing /home/airflow/.local/lib/python3.8/site-packages/airflow/example_dags/example_params_ui_tutorial.py took 0.201 seconds
[2026-06-12T11:29:27.066+0000] {processor.py:161} INFO - Started process (PID=3528) to work on /home/airflow/.local/lib/python3.8/site-packages/airflow/example_dags/example_params_ui_tutorial.py
[2026-06-12T11:29:27.068+0000] {processor.py:830} INFO - Processing file /home/airflow/.local/lib/python3.8/site-packages/airflow/example_dags/example_params_ui_tutorial.py for tasks to queue
[2026-06-12T11:29:27.071+0000] {logging_mixin.py:188} INFO - [2026-06-12T11:29:27.071+0000] {dagbag.py:538} INFO - Filling up the DagBag from /home/airflow/.local/lib/python3.8/site-packages/airflow/example_dags/example_params_ui_tutorial.py
[2026-06-12T11:29:27.094+0000] {processor.py:840} INFO - DAG(s) 'example_params_ui_tutorial' retrieved from /home/airflow/.local/lib/python3.8/site-packages/airflow/example_dags/example_params_ui_tutorial.py
[2026-06-12T11:29:27.224+0000] {logging_mixin.py:188} INFO - [2026-06-12T11:29:27.223+0000] {dag.py:3036} INFO - Sync 1 DAGs
[2026-06-12T11:29:27.243+0000] {logging_mixin.py:188} INFO - [2026-06-12T11:29:27.242+0000] {dag.py:3823} INFO - Setting next_dagrun for example_params_ui_tutorial to None, run_after=None
[2026-06-12T11:29:27.276+0000] {processor.py:183} INFO - Processing /home/airflow/.local/lib/python3.8/site-packages/airflow/example_dags/example_params_ui_tutorial.py took 0.215 seconds
[2026-06-12T11:29:57.390+0000] {processor.py:161} INFO - Started process (PID=3599) to work on /home/airflow/.local/lib/python3.8/site-packages/airflow/example_dags/example_params_ui_tutorial.py
[2026-06-12T11:29:57.392+0000] {processor.py:830} INFO - Processing file /home/airflow/.local/lib/python3.8/site-packages/airflow/example_dags/example_params_ui_tutorial.py for tasks to queue
[2026-06-12T11:29:57.395+0000] {logging_mixin.py:188} INFO - [2026-06-12T11:29:57.395+0000] {dagbag.py:538} INFO - Filling up the DagBag from /home/airflow/.local/lib/python3.8/site-packages/airflow/example_dags/example_params_ui_tutorial.py
[2026-06-12T11:29:57.414+0000] {processor.py:840} INFO - DAG(s) 'example_params_ui_tutorial' retrieved from /home/airflow/.local/lib/python3.8/site-packages/airflow/example_dags/example_params_ui_tutorial.py
[2026-06-12T11:29:57.527+0000] {logging_mixin.py:188} INFO - [2026-06-12T11:29:57.527+0000] {dag.py:3036} INFO - Sync 1 DAGs
[2026-06-12T11:29:57.547+0000] {logging_mixin.py:188} INFO - [2026-06-12T11:29:57.547+0000] {dag.py:3823} INFO - Setting next_dagrun for example_params_ui_tutorial to None, run_after=None
[2026-06-12T11:29:57.580+0000] {processor.py:183} INFO - Processing /home/airflow/.local/lib/python3.8/site-packages/airflow/example_dags/example_params_ui_tutorial.py took 0.194 seconds
[2026-06-12T11:30:27.758+0000] {processor.py:161} INFO - Started process (PID=3666) to work on /home/airflow/.local/lib/python3.8/site-packages/airflow/example_dags/example_params_ui_tutorial.py
[2026-06-12T11:30:27.760+0000] {processor.py:830} INFO - Processing file /home/airflow/.local/lib/python3.8/site-packages/airflow/example_dags/example_params_ui_tutorial.py for tasks to queue
[2026-06-12T11:30:27.763+0000] {logging_mixin.py:188} INFO - [2026-06-12T11:30:27.763+0000] {dagbag.py:538} INFO - Filling up the DagBag from /home/airflow/.local/lib/python3.8/site-packages/airflow/example_dags/example_params_ui_tutorial.py
[2026-06-12T11:30:27.786+0000] {processor.py:840} INFO - DAG(s) 'example_params_ui_tutorial' retrieved from /home/airflow/.local/lib/python3.8/site-packages/airflow/example_dags/example_params_ui_tutorial.py
[2026-06-12T11:30:27.929+0000] {logging_mixin.py:188} INFO - [2026-06-12T11:30:27.929+0000] {dag.py:3036} INFO - Sync 1 DAGs
[2026-06-12T11:30:27.953+0000] {logging_mixin.py:188} INFO - [2026-06-12T11:30:27.953+0000] {dag.py:3823} INFO - Setting next_dagrun for example_params_ui_tutorial to None, run_after=None
[2026-06-12T11:30:27.988+0000] {processor.py:183} INFO - Processing /home/airflow/.local/lib/python3.8/site-packages/airflow/example_dags/example_params_ui_tutorial.py took 0.236 seconds
[2026-06-12T11:30:58.599+0000] {processor.py:161} INFO - Started process (PID=3733) to work on /home/airflow/.local/lib/python3.8/site-packages/airflow/example_dags/example_params_ui_tutorial.py
[2026-06-12T11:30:58.602+0000] {processor.py:830} INFO - Processing file /home/airflow/.local/lib/python3.8/site-packages/airflow/example_dags/example_params_ui_tutorial.py for tasks to queue
[2026-06-12T11:30:58.605+0000] {logging_mixin.py:188} INFO - [2026-06-12T11:30:58.604+0000] {dagbag.py:538} INFO - Filling up the DagBag from /home/airflow/.local/lib/python3.8/site-packages/airflow/example_dags/example_params_ui_tutorial.py
[2026-06-12T11:30:58.635+0000] {processor.py:840} INFO - DAG(s) 'example_params_ui_tutorial' retrieved from /home/airflow/.local/lib/python3.8/site-packages/airflow/example_dags/example_params_ui_tutorial.py
[2026-06-12T11:30:58.842+0000] {logging_mixin.py:188} INFO - [2026-06-12T11:30:58.841+0000] {dag.py:3036} INFO - Sync 1 DAGs
[2026-06-12T11:30:58.890+0000] {logging_mixin.py:188} INFO - [2026-06-12T11:30:58.890+0000] {dag.py:3823} INFO - Setting next_dagrun for example_params_ui_tutorial to None, run_after=None
[2026-06-12T11:30:58.923+0000] {processor.py:183} INFO - Processing /home/airflow/.local/lib/python3.8/site-packages/airflow/example_dags/example_params_ui_tutorial.py took 0.333 seconds
[2026-06-12T11:31:29.020+0000] {processor.py:161} INFO - Started process (PID=3801) to work on /home/airflow/.local/lib/python3.8/site-packages/airflow/example_dags/example_params_ui_tutorial.py
[2026-06-12T11:31:29.021+0000] {processor.py:830} INFO - Processing file /home/airflow/.local/lib/python3.8/site-packages/airflow/example_dags/example_params_ui_tutorial.py for tasks to queue
[2026-06-12T11:31:29.024+0000] {logging_mixin.py:188} INFO - [2026-06-12T11:31:29.023+0000] {dagbag.py:538} INFO - Filling up the DagBag from /home/airflow/.local/lib/python3.8/site-packages/airflow/example_dags/example_params_ui_tutorial.py
[2026-06-12T11:31:29.044+0000] {processor.py:840} INFO - DAG(s) 'example_params_ui_tutorial' retrieved from /home/airflow/.local/lib/python3.8/site-packages/airflow/example_dags/example_params_ui_tutorial.py
[2026-06-12T11:31:29.155+0000] {logging_mixin.py:188} INFO - [2026-06-12T11:31:29.155+0000] {dag.py:3036} INFO - Sync 1 DAGs
[2026-06-12T11:31:29.177+0000] {logging_mixin.py:188} INFO - [2026-06-12T11:31:29.177+0000] {dag.py:3823} INFO - Setting next_dagrun for example_params_ui_tutorial to None, run_after=None
[2026-06-12T11:31:29.206+0000] {processor.py:183} INFO - Processing /home/airflow/.local/lib/python3.8/site-packages/airflow/example_dags/example_params_ui_tutorial.py took 0.190 seconds
[2026-06-12T11:31:59.449+0000] {processor.py:161} INFO - Started process (PID=3867) to work on /home/airflow/.local/lib/python3.8/site-packages/airflow/example_dags/example_params_ui_tutorial.py
[2026-06-12T11:31:59.451+0000] {processor.py:830} INFO - Processing file /home/airflow/.local/lib/python3.8/site-packages/airflow/example_dags/example_params_ui_tutorial.py for tasks to queue
[2026-06-12T11:31:59.454+0000] {logging_mixin.py:188} INFO - [2026-06-12T11:31:59.454+0000] {dagbag.py:538} INFO - Filling up the DagBag from /home/airflow/.local/lib/python3.8/site-packages/airflow/example_dags/example_params_ui_tutorial.py
[2026-06-12T11:31:59.478+0000] {processor.py:840} INFO - DAG(s) 'example_params_ui_tutorial' retrieved from /home/airflow/.local/lib/python3.8/site-packages/airflow/example_dags/example_params_ui_tutorial.py
[2026-06-12T11:31:59.615+0000] {logging_mixin.py:188} INFO - [2026-06-12T11:31:59.615+0000] {dag.py:3036} INFO - Sync 1 DAGs
[2026-06-12T11:31:59.639+0000] {logging_mixin.py:188} INFO - [2026-06-12T11:31:59.639+0000] {dag.py:3823} INFO - Setting next_dagrun for example_params_ui_tutorial to None, run_after=None
[2026-06-12T11:31:59.671+0000] {processor.py:183} INFO - Processing /home/airflow/.local/lib/python3.8/site-packages/airflow/example_dags/example_params_ui_tutorial.py took 0.227 seconds
[2026-06-12T11:32:29.961+0000] {processor.py:161} INFO - Started process (PID=3933) to work on /home/airflow/.local/lib/python3.8/site-packages/airflow/example_dags/example_params_ui_tutorial.py
[2026-06-12T11:32:29.962+0000] {processor.py:830} INFO - Processing file /home/airflow/.local/lib/python3.8/site-packages/airflow/example_dags/example_params_ui_tutorial.py for tasks to queue
[2026-06-12T11:32:29.965+0000] {logging_mixin.py:188} INFO - [2026-06-12T11:32:29.965+0000] {dagbag.py:538} INFO - Filling up the DagBag from /home/airflow/.local/lib/python3.8/site-packages/airflow/example_dags/example_params_ui_tutorial.py
[2026-06-12T11:32:29.988+0000] {processor.py:840} INFO - DAG(s) 'example_params_ui_tutorial' retrieved from /home/airflow/.local/lib/python3.8/site-packages/airflow/example_dags/example_params_ui_tutorial.py
[2026-06-12T11:32:30.126+0000] {logging_mixin.py:188} INFO - [2026-06-12T11:32:30.125+0000] {dag.py:3036} INFO - Sync 1 DAGs
[2026-06-12T11:32:30.147+0000] {logging_mixin.py:188} INFO - [2026-06-12T11:32:30.147+0000] {dag.py:3823} INFO - Setting next_dagrun for example_params_ui_tutorial to None, run_after=None
[2026-06-12T11:32:30.178+0000] {processor.py:183} INFO - Processing /home/airflow/.local/lib/python3.8/site-packages/airflow/example_dags/example_params_ui_tutorial.py took 0.223 seconds
[2026-06-12T11:33:00.535+0000] {processor.py:161} INFO - Started process (PID=3998) to work on /home/airflow/.local/lib/python3.8/site-packages/airflow/example_dags/example_params_ui_tutorial.py
[2026-06-12T11:33:00.537+0000] {processor.py:830} INFO - Processing file /home/airflow/.local/lib/python3.8/site-packages/airflow/example_dags/example_params_ui_tutorial.py for tasks to queue
[2026-06-12T11:33:00.540+0000] {logging_mixin.py:188} INFO - [2026-06-12T11:33:00.539+0000] {dagbag.py:538} INFO - Filling up the DagBag from /home/airflow/.local/lib/python3.8/site-packages/airflow/example_dags/example_params_ui_tutorial.py
[2026-06-12T11:33:00.561+0000] {processor.py:840} INFO - DAG(s) 'example_params_ui_tutorial' retrieved from /home/airflow/.local/lib/python3.8/site-packages/airflow/example_dags/example_params_ui_tutorial.py
[2026-06-12T11:33:00.684+0000] {logging_mixin.py:188} INFO - [2026-06-12T11:33:00.684+0000] {dag.py:3036} INFO - Sync 1 DAGs
[2026-06-12T11:33:00.704+0000] {logging_mixin.py:188} INFO - [2026-06-12T11:33:00.704+0000] {dag.py:3823} INFO - Setting next_dagrun for example_params_ui_tutorial to None, run_after=None
[2026-06-12T11:33:00.734+0000] {processor.py:183} INFO - Processing /home/airflow/.local/lib/python3.8/site-packages/airflow/example_dags/example_params_ui_tutorial.py took 0.203 seconds
[2026-06-12T11:33:31.102+0000] {processor.py:161} INFO - Started process (PID=4063) to work on /home/airflow/.local/lib/python3.8/site-packages/airflow/example_dags/example_params_ui_tutorial.py
[2026-06-12T11:33:31.104+0000] {processor.py:830} INFO - Processing file /home/airflow/.local/lib/python3.8/site-packages/airflow/example_dags/example_params_ui_tutorial.py for tasks to queue
[2026-06-12T11:33:31.107+0000] {logging_mixin.py:188} INFO - [2026-06-12T11:33:31.106+0000] {dagbag.py:538} INFO - Filling up the DagBag from /home/airflow/.local/lib/python3.8/site-packages/airflow/example_dags/example_params_ui_tutorial.py
[2026-06-12T11:33:31.127+0000] {processor.py:840} INFO - DAG(s) 'example_params_ui_tutorial' retrieved from /home/airflow/.local/lib/python3.8/site-packages/airflow/example_dags/example_params_ui_tutorial.py
[2026-06-12T11:33:31.262+0000] {logging_mixin.py:188} INFO - [2026-06-12T11:33:31.261+0000] {dag.py:3036} INFO - Sync 1 DAGs
[2026-06-12T11:33:31.285+0000] {logging_mixin.py:188} INFO - [2026-06-12T11:33:31.285+0000] {dag.py:3823} INFO - Setting next_dagrun for example_params_ui_tutorial to None, run_after=None
[2026-06-12T11:33:31.319+0000] {processor.py:183} INFO - Processing /home/airflow/.local/lib/python3.8/site-packages/airflow/example_dags/example_params_ui_tutorial.py took 0.222 seconds
[2026-06-12T11:34:01.840+0000] {processor.py:161} INFO - Started process (PID=4137) to work on /home/airflow/.local/lib/python3.8/site-packages/airflow/example_dags/example_params_ui_tutorial.py
[2026-06-12T11:34:01.842+0000] {processor.py:830} INFO - Processing file /home/airflow/.local/lib/python3.8/site-packages/airflow/example_dags/example_params_ui_tutorial.py for tasks to queue
[2026-06-12T11:34:01.845+0000] {logging_mixin.py:188} INFO - [2026-06-12T11:34:01.845+0000] {dagbag.py:538} INFO - Filling up the DagBag from /home/airflow/.local/lib/python3.8/site-packages/airflow/example_dags/example_params_ui_tutorial.py
[2026-06-12T11:34:01.867+0000] {processor.py:840} INFO - DAG(s) 'example_params_ui_tutorial' retrieved from /home/airflow/.local/lib/python3.8/site-packages/airflow/example_dags/example_params_ui_tutorial.py
[2026-06-12T11:34:02.007+0000] {logging_mixin.py:188} INFO - [2026-06-12T11:34:02.007+0000] {dag.py:3036} INFO - Sync 1 DAGs
[2026-06-12T11:34:02.040+0000] {logging_mixin.py:188} INFO - [2026-06-12T11:34:02.039+0000] {dag.py:3823} INFO - Setting next_dagrun for example_params_ui_tutorial to None, run_after=None
[2026-06-12T11:34:02.078+0000] {processor.py:183} INFO - Processing /home/airflow/.local/lib/python3.8/site-packages/airflow/example_dags/example_params_ui_tutorial.py took 0.243 seconds
[2026-06-12T11:34:32.579+0000] {processor.py:161} INFO - Started process (PID=4203) to work on /home/airflow/.local/lib/python3.8/site-packages/airflow/example_dags/example_params_ui_tutorial.py
[2026-06-12T11:34:32.581+0000] {processor.py:830} INFO - Processing file /home/airflow/.local/lib/python3.8/site-packages/airflow/example_dags/example_params_ui_tutorial.py for tasks to queue
[2026-06-12T11:34:32.583+0000] {logging_mixin.py:188} INFO - [2026-06-12T11:34:32.583+0000] {dagbag.py:538} INFO - Filling up the DagBag from /home/airflow/.local/lib/python3.8/site-packages/airflow/example_dags/example_params_ui_tutorial.py
[2026-06-12T11:34:32.603+0000] {processor.py:840} INFO - DAG(s) 'example_params_ui_tutorial' retrieved from /home/airflow/.local/lib/python3.8/site-packages/airflow/example_dags/example_params_ui_tutorial.py
[2026-06-12T11:34:32.747+0000] {logging_mixin.py:188} INFO - [2026-06-12T11:34:32.747+0000] {dag.py:3036} INFO - Sync 1 DAGs
[2026-06-12T11:34:32.782+0000] {logging_mixin.py:188} INFO - [2026-06-12T11:34:32.782+0000] {dag.py:3823} INFO - Setting next_dagrun for example_params_ui_tutorial to None, run_after=None
[2026-06-12T11:34:32.823+0000] {processor.py:183} INFO - Processing /home/airflow/.local/lib/python3.8/site-packages/airflow/example_dags/example_params_ui_tutorial.py took 0.249 seconds
[2026-06-12T11:35:03.118+0000] {processor.py:161} INFO - Started process (PID=4269) to work on /home/airflow/.local/lib/python3.8/site-packages/airflow/example_dags/example_params_ui_tutorial.py
[2026-06-12T11:35:03.120+0000] {processor.py:830} INFO - Processing file /home/airflow/.local/lib/python3.8/site-packages/airflow/example_dags/example_params_ui_tutorial.py for tasks to queue
[2026-06-12T11:35:03.123+0000] {logging_mixin.py:188} INFO - [2026-06-12T11:35:03.122+0000] {dagbag.py:538} INFO - Filling up the DagBag from /home/airflow/.local/lib/python3.8/site-packages/airflow/example_dags/example_params_ui_tutorial.py
[2026-06-12T11:35:03.146+0000] {processor.py:840} INFO - DAG(s) 'example_params_ui_tutorial' retrieved from /home/airflow/.local/lib/python3.8/site-packages/airflow/example_dags/example_params_ui_tutorial.py
[2026-06-12T11:35:03.299+0000] {logging_mixin.py:188} INFO - [2026-06-12T11:35:03.299+0000] {dag.py:3036} INFO - Sync 1 DAGs
[2026-06-12T11:35:03.323+0000] {logging_mixin.py:188} INFO - [2026-06-12T11:35:03.323+0000] {dag.py:3823} INFO - Setting next_dagrun for example_params_ui_tutorial to None, run_after=None
[2026-06-12T11:35:03.358+0000] {processor.py:183} INFO - Processing /home/airflow/.local/lib/python3.8/site-packages/airflow/example_dags/example_params_ui_tutorial.py took 0.246 seconds
[2026-06-12T11:35:33.698+0000] {processor.py:161} INFO - Started process (PID=4334) to work on /home/airflow/.local/lib/python3.8/site-packages/airflow/example_dags/example_params_ui_tutorial.py
[2026-06-12T11:35:33.699+0000] {processor.py:830} INFO - Processing file /home/airflow/.local/lib/python3.8/site-packages/airflow/example_dags/example_params_ui_tutorial.py for tasks to queue
[2026-06-12T11:35:33.702+0000] {logging_mixin.py:188} INFO - [2026-06-12T11:35:33.702+0000] {dagbag.py:538} INFO - Filling up the DagBag from /home/airflow/.local/lib/python3.8/site-packages/airflow/example_dags/example_params_ui_tutorial.py
[2026-06-12T11:35:33.723+0000] {processor.py:840} INFO - DAG(s) 'example_params_ui_tutorial' retrieved from /home/airflow/.local/lib/python3.8/site-packages/airflow/example_dags/example_params_ui_tutorial.py
[2026-06-12T11:35:33.834+0000] {logging_mixin.py:188} INFO - [2026-06-12T11:35:33.834+0000] {dag.py:3036} INFO - Sync 1 DAGs
[2026-06-12T11:35:33.857+0000] {logging_mixin.py:188} INFO - [2026-06-12T11:35:33.857+0000] {dag.py:3823} INFO - Setting next_dagrun for example_params_ui_tutorial to None, run_after=None
[2026-06-12T11:35:33.890+0000] {processor.py:183} INFO - Processing /home/airflow/.local/lib/python3.8/site-packages/airflow/example_dags/example_params_ui_tutorial.py took 0.197 seconds
[2026-06-12T11:36:04.081+0000] {processor.py:161} INFO - Started process (PID=4398) to work on /home/airflow/.local/lib/python3.8/site-packages/airflow/example_dags/example_params_ui_tutorial.py
[2026-06-12T11:36:04.082+0000] {processor.py:830} INFO - Processing file /home/airflow/.local/lib/python3.8/site-packages/airflow/example_dags/example_params_ui_tutorial.py for tasks to queue
[2026-06-12T11:36:04.085+0000] {logging_mixin.py:188} INFO - [2026-06-12T11:36:04.085+0000] {dagbag.py:538} INFO - Filling up the DagBag from /home/airflow/.local/lib/python3.8/site-packages/airflow/example_dags/example_params_ui_tutorial.py
[2026-06-12T11:36:04.106+0000] {processor.py:840} INFO - DAG(s) 'example_params_ui_tutorial' retrieved from /home/airflow/.local/lib/python3.8/site-packages/airflow/example_dags/example_params_ui_tutorial.py
[2026-06-12T11:36:04.224+0000] {logging_mixin.py:188} INFO - [2026-06-12T11:36:04.224+0000] {dag.py:3036} INFO - Sync 1 DAGs
[2026-06-12T11:36:04.243+0000] {logging_mixin.py:188} INFO - [2026-06-12T11:36:04.243+0000] {dag.py:3823} INFO - Setting next_dagrun for example_params_ui_tutorial to None, run_after=None
[2026-06-12T11:36:04.273+0000] {processor.py:183} INFO - Processing /home/airflow/.local/lib/python3.8/site-packages/airflow/example_dags/example_params_ui_tutorial.py took 0.197 seconds
[2026-06-12T11:36:34.617+0000] {processor.py:161} INFO - Started process (PID=4463) to work on /home/airflow/.local/lib/python3.8/site-packages/airflow/example_dags/example_params_ui_tutorial.py
[2026-06-12T11:36:34.618+0000] {processor.py:830} INFO - Processing file /home/airflow/.local/lib/python3.8/site-packages/airflow/example_dags/example_params_ui_tutorial.py for tasks to queue
[2026-06-12T11:36:34.621+0000] {logging_mixin.py:188} INFO - [2026-06-12T11:36:34.621+0000] {dagbag.py:538} INFO - Filling up the DagBag from /home/airflow/.local/lib/python3.8/site-packages/airflow/example_dags/example_params_ui_tutorial.py
[2026-06-12T11:36:34.640+0000] {processor.py:840} INFO - DAG(s) 'example_params_ui_tutorial' retrieved from /home/airflow/.local/lib/python3.8/site-packages/airflow/example_dags/example_params_ui_tutorial.py
[2026-06-12T11:36:34.750+0000] {logging_mixin.py:188} INFO - [2026-06-12T11:36:34.749+0000] {dag.py:3036} INFO - Sync 1 DAGs
[2026-06-12T11:36:34.771+0000] {logging_mixin.py:188} INFO - [2026-06-12T11:36:34.771+0000] {dag.py:3823} INFO - Setting next_dagrun for example_params_ui_tutorial to None, run_after=None
[2026-06-12T11:36:34.802+0000] {processor.py:183} INFO - Processing /home/airflow/.local/lib/python3.8/site-packages/airflow/example_dags/example_params_ui_tutorial.py took 0.190 seconds
[2026-06-12T11:37:04.994+0000] {processor.py:161} INFO - Started process (PID=4530) to work on /home/airflow/.local/lib/python3.8/site-packages/airflow/example_dags/example_params_ui_tutorial.py
[2026-06-12T11:37:04.996+0000] {processor.py:830} INFO - Processing file /home/airflow/.local/lib/python3.8/site-packages/airflow/example_dags/example_params_ui_tutorial.py for tasks to queue
[2026-06-12T11:37:04.999+0000] {logging_mixin.py:188} INFO - [2026-06-12T11:37:04.999+0000] {dagbag.py:538} INFO - Filling up the DagBag from /home/airflow/.local/lib/python3.8/site-packages/airflow/example_dags/example_params_ui_tutorial.py
[2026-06-12T11:37:05.020+0000] {processor.py:840} INFO - DAG(s) 'example_params_ui_tutorial' retrieved from /home/airflow/.local/lib/python3.8/site-packages/airflow/example_dags/example_params_ui_tutorial.py
[2026-06-12T11:37:05.132+0000] {logging_mixin.py:188} INFO - [2026-06-12T11:37:05.131+0000] {dag.py:3036} INFO - Sync 1 DAGs
[2026-06-12T11:37:05.152+0000] {logging_mixin.py:188} INFO - [2026-06-12T11:37:05.152+0000] {dag.py:3823} INFO - Setting next_dagrun for example_params_ui_tutorial to None, run_after=None
[2026-06-12T11:37:05.185+0000] {processor.py:183} INFO - Processing /home/airflow/.local/lib/python3.8/site-packages/airflow/example_dags/example_params_ui_tutorial.py took 0.196 seconds
