[2026-06-12T11:03:03.634+0000] {processor.py:161} INFO - Started process (PID=89) to work on /home/airflow/.local/lib/python3.8/site-packages/airflow/example_dags/example_setup_teardown.py
[2026-06-12T11:03:03.636+0000] {processor.py:830} INFO - Processing file /home/airflow/.local/lib/python3.8/site-packages/airflow/example_dags/example_setup_teardown.py for tasks to queue
[2026-06-12T11:03:03.639+0000] {logging_mixin.py:188} INFO - [2026-06-12T11:03:03.638+0000] {dagbag.py:538} INFO - Filling up the DagBag from /home/airflow/.local/lib/python3.8/site-packages/airflow/example_dags/example_setup_teardown.py
[2026-06-12T11:03:03.652+0000] {processor.py:840} INFO - DAG(s) 'example_setup_teardown' retrieved from /home/airflow/.local/lib/python3.8/site-packages/airflow/example_dags/example_setup_teardown.py
[2026-06-12T11:03:03.677+0000] {logging_mixin.py:188} INFO - [2026-06-12T11:03:03.676+0000] {dag.py:3036} INFO - Sync 1 DAGs
[2026-06-12T11:03:03.724+0000] {logging_mixin.py:188} INFO - [2026-06-12T11:03:03.723+0000] {dag.py:3823} INFO - Setting next_dagrun for example_setup_teardown to 2026-06-11 00:00:00+00:00, run_after=2026-06-12 00:00:00+00:00
[2026-06-12T11:03:03.757+0000] {processor.py:183} INFO - Processing /home/airflow/.local/lib/python3.8/site-packages/airflow/example_dags/example_setup_teardown.py took 0.128 seconds
[2026-06-12T11:03:35.373+0000] {processor.py:161} INFO - Started process (PID=155) to work on /home/airflow/.local/lib/python3.8/site-packages/airflow/example_dags/example_setup_teardown.py
[2026-06-12T11:03:35.375+0000] {processor.py:830} INFO - Processing file /home/airflow/.local/lib/python3.8/site-packages/airflow/example_dags/example_setup_teardown.py for tasks to queue
[2026-06-12T11:03:35.377+0000] {logging_mixin.py:188} INFO - [2026-06-12T11:03:35.377+0000] {dagbag.py:538} INFO - Filling up the DagBag from /home/airflow/.local/lib/python3.8/site-packages/airflow/example_dags/example_setup_teardown.py
[2026-06-12T11:03:35.389+0000] {processor.py:840} INFO - DAG(s) 'example_setup_teardown' retrieved from /home/airflow/.local/lib/python3.8/site-packages/airflow/example_dags/example_setup_teardown.py
[2026-06-12T11:03:35.577+0000] {logging_mixin.py:188} INFO - [2026-06-12T11:03:35.577+0000] {dag.py:3036} INFO - Sync 1 DAGs
[2026-06-12T11:03:35.616+0000] {logging_mixin.py:188} INFO - [2026-06-12T11:03:35.616+0000] {dag.py:3823} INFO - Setting next_dagrun for example_setup_teardown to 2026-06-11 00:00:00+00:00, run_after=2026-06-12 00:00:00+00:00
[2026-06-12T11:03:35.648+0000] {processor.py:183} INFO - Processing /home/airflow/.local/lib/python3.8/site-packages/airflow/example_dags/example_setup_teardown.py took 0.281 seconds
[2026-06-12T11:04:05.753+0000] {processor.py:161} INFO - Started process (PID=221) to work on /home/airflow/.local/lib/python3.8/site-packages/airflow/example_dags/example_setup_teardown.py
[2026-06-12T11:04:05.755+0000] {processor.py:830} INFO - Processing file /home/airflow/.local/lib/python3.8/site-packages/airflow/example_dags/example_setup_teardown.py for tasks to queue
[2026-06-12T11:04:05.757+0000] {logging_mixin.py:188} INFO - [2026-06-12T11:04:05.757+0000] {dagbag.py:538} INFO - Filling up the DagBag from /home/airflow/.local/lib/python3.8/site-packages/airflow/example_dags/example_setup_teardown.py
[2026-06-12T11:04:05.767+0000] {processor.py:840} INFO - DAG(s) 'example_setup_teardown' retrieved from /home/airflow/.local/lib/python3.8/site-packages/airflow/example_dags/example_setup_teardown.py
[2026-06-12T11:04:05.804+0000] {logging_mixin.py:188} INFO - [2026-06-12T11:04:05.804+0000] {dag.py:3036} INFO - Sync 1 DAGs
[2026-06-12T11:04:05.839+0000] {logging_mixin.py:188} INFO - [2026-06-12T11:04:05.838+0000] {dag.py:3823} INFO - Setting next_dagrun for example_setup_teardown to 2026-06-11 00:00:00+00:00, run_after=2026-06-12 00:00:00+00:00
[2026-06-12T11:04:05.866+0000] {processor.py:183} INFO - Processing /home/airflow/.local/lib/python3.8/site-packages/airflow/example_dags/example_setup_teardown.py took 0.118 seconds
[2026-06-12T11:04:36.562+0000] {processor.py:161} INFO - Started process (PID=288) to work on /home/airflow/.local/lib/python3.8/site-packages/airflow/example_dags/example_setup_teardown.py
[2026-06-12T11:04:36.563+0000] {processor.py:830} INFO - Processing file /home/airflow/.local/lib/python3.8/site-packages/airflow/example_dags/example_setup_teardown.py for tasks to queue
[2026-06-12T11:04:36.566+0000] {logging_mixin.py:188} INFO - [2026-06-12T11:04:36.565+0000] {dagbag.py:538} INFO - Filling up the DagBag from /home/airflow/.local/lib/python3.8/site-packages/airflow/example_dags/example_setup_teardown.py
[2026-06-12T11:04:36.576+0000] {processor.py:840} INFO - DAG(s) 'example_setup_teardown' retrieved from /home/airflow/.local/lib/python3.8/site-packages/airflow/example_dags/example_setup_teardown.py
[2026-06-12T11:04:36.615+0000] {logging_mixin.py:188} INFO - [2026-06-12T11:04:36.615+0000] {dag.py:3036} INFO - Sync 1 DAGs
[2026-06-12T11:04:36.647+0000] {logging_mixin.py:188} INFO - [2026-06-12T11:04:36.647+0000] {dag.py:3823} INFO - Setting next_dagrun for example_setup_teardown to 2026-06-11 00:00:00+00:00, run_after=2026-06-12 00:00:00+00:00
[2026-06-12T11:04:36.673+0000] {processor.py:183} INFO - Processing /home/airflow/.local/lib/python3.8/site-packages/airflow/example_dags/example_setup_teardown.py took 0.116 seconds
[2026-06-12T11:05:07.130+0000] {processor.py:161} INFO - Started process (PID=354) to work on /home/airflow/.local/lib/python3.8/site-packages/airflow/example_dags/example_setup_teardown.py
[2026-06-12T11:05:07.132+0000] {processor.py:830} INFO - Processing file /home/airflow/.local/lib/python3.8/site-packages/airflow/example_dags/example_setup_teardown.py for tasks to queue
[2026-06-12T11:05:07.134+0000] {logging_mixin.py:188} INFO - [2026-06-12T11:05:07.134+0000] {dagbag.py:538} INFO - Filling up the DagBag from /home/airflow/.local/lib/python3.8/site-packages/airflow/example_dags/example_setup_teardown.py
[2026-06-12T11:05:07.145+0000] {processor.py:840} INFO - DAG(s) 'example_setup_teardown' retrieved from /home/airflow/.local/lib/python3.8/site-packages/airflow/example_dags/example_setup_teardown.py
[2026-06-12T11:05:07.180+0000] {logging_mixin.py:188} INFO - [2026-06-12T11:05:07.180+0000] {dag.py:3036} INFO - Sync 1 DAGs
[2026-06-12T11:05:07.216+0000] {logging_mixin.py:188} INFO - [2026-06-12T11:05:07.215+0000] {dag.py:3823} INFO - Setting next_dagrun for example_setup_teardown to 2026-06-11 00:00:00+00:00, run_after=2026-06-12 00:00:00+00:00
[2026-06-12T11:05:07.247+0000] {processor.py:183} INFO - Processing /home/airflow/.local/lib/python3.8/site-packages/airflow/example_dags/example_setup_teardown.py took 0.123 seconds
[2026-06-12T11:05:37.657+0000] {processor.py:161} INFO - Started process (PID=420) to work on /home/airflow/.local/lib/python3.8/site-packages/airflow/example_dags/example_setup_teardown.py
[2026-06-12T11:05:37.659+0000] {processor.py:830} INFO - Processing file /home/airflow/.local/lib/python3.8/site-packages/airflow/example_dags/example_setup_teardown.py for tasks to queue
[2026-06-12T11:05:37.662+0000] {logging_mixin.py:188} INFO - [2026-06-12T11:05:37.661+0000] {dagbag.py:538} INFO - Filling up the DagBag from /home/airflow/.local/lib/python3.8/site-packages/airflow/example_dags/example_setup_teardown.py
[2026-06-12T11:05:37.671+0000] {processor.py:840} INFO - DAG(s) 'example_setup_teardown' retrieved from /home/airflow/.local/lib/python3.8/site-packages/airflow/example_dags/example_setup_teardown.py
[2026-06-12T11:05:37.712+0000] {logging_mixin.py:188} INFO - [2026-06-12T11:05:37.712+0000] {dag.py:3036} INFO - Sync 1 DAGs
[2026-06-12T11:05:37.755+0000] {logging_mixin.py:188} INFO - [2026-06-12T11:05:37.755+0000] {dag.py:3823} INFO - Setting next_dagrun for example_setup_teardown to 2026-06-11 00:00:00+00:00, run_after=2026-06-12 00:00:00+00:00
[2026-06-12T11:05:37.788+0000] {processor.py:183} INFO - Processing /home/airflow/.local/lib/python3.8/site-packages/airflow/example_dags/example_setup_teardown.py took 0.136 seconds
[2026-06-12T11:06:08.282+0000] {processor.py:161} INFO - Started process (PID=494) to work on /home/airflow/.local/lib/python3.8/site-packages/airflow/example_dags/example_setup_teardown.py
[2026-06-12T11:06:08.284+0000] {processor.py:830} INFO - Processing file /home/airflow/.local/lib/python3.8/site-packages/airflow/example_dags/example_setup_teardown.py for tasks to queue
[2026-06-12T11:06:08.287+0000] {logging_mixin.py:188} INFO - [2026-06-12T11:06:08.286+0000] {dagbag.py:538} INFO - Filling up the DagBag from /home/airflow/.local/lib/python3.8/site-packages/airflow/example_dags/example_setup_teardown.py
[2026-06-12T11:06:08.299+0000] {processor.py:840} INFO - DAG(s) 'example_setup_teardown' retrieved from /home/airflow/.local/lib/python3.8/site-packages/airflow/example_dags/example_setup_teardown.py
[2026-06-12T11:06:08.336+0000] {logging_mixin.py:188} INFO - [2026-06-12T11:06:08.336+0000] {dag.py:3036} INFO - Sync 1 DAGs
[2026-06-12T11:06:08.371+0000] {logging_mixin.py:188} INFO - [2026-06-12T11:06:08.371+0000] {dag.py:3823} INFO - Setting next_dagrun for example_setup_teardown to 2026-06-11 00:00:00+00:00, run_after=2026-06-12 00:00:00+00:00
[2026-06-12T11:06:08.402+0000] {processor.py:183} INFO - Processing /home/airflow/.local/lib/python3.8/site-packages/airflow/example_dags/example_setup_teardown.py took 0.126 seconds
[2026-06-12T11:06:38.461+0000] {processor.py:161} INFO - Started process (PID=558) to work on /home/airflow/.local/lib/python3.8/site-packages/airflow/example_dags/example_setup_teardown.py
[2026-06-12T11:06:38.462+0000] {processor.py:830} INFO - Processing file /home/airflow/.local/lib/python3.8/site-packages/airflow/example_dags/example_setup_teardown.py for tasks to queue
[2026-06-12T11:06:38.465+0000] {logging_mixin.py:188} INFO - [2026-06-12T11:06:38.465+0000] {dagbag.py:538} INFO - Filling up the DagBag from /home/airflow/.local/lib/python3.8/site-packages/airflow/example_dags/example_setup_teardown.py
[2026-06-12T11:06:38.477+0000] {processor.py:840} INFO - DAG(s) 'example_setup_teardown' retrieved from /home/airflow/.local/lib/python3.8/site-packages/airflow/example_dags/example_setup_teardown.py
[2026-06-12T11:06:38.521+0000] {logging_mixin.py:188} INFO - [2026-06-12T11:06:38.520+0000] {dag.py:3036} INFO - Sync 1 DAGs
[2026-06-12T11:06:38.564+0000] {logging_mixin.py:188} INFO - [2026-06-12T11:06:38.563+0000] {dag.py:3823} INFO - Setting next_dagrun for example_setup_teardown to 2026-06-11 00:00:00+00:00, run_after=2026-06-12 00:00:00+00:00
[2026-06-12T11:06:38.599+0000] {processor.py:183} INFO - Processing /home/airflow/.local/lib/python3.8/site-packages/airflow/example_dags/example_setup_teardown.py took 0.144 seconds
[2026-06-12T11:07:08.849+0000] {processor.py:161} INFO - Started process (PID=622) to work on /home/airflow/.local/lib/python3.8/site-packages/airflow/example_dags/example_setup_teardown.py
[2026-06-12T11:07:08.851+0000] {processor.py:830} INFO - Processing file /home/airflow/.local/lib/python3.8/site-packages/airflow/example_dags/example_setup_teardown.py for tasks to queue
[2026-06-12T11:07:08.854+0000] {logging_mixin.py:188} INFO - [2026-06-12T11:07:08.853+0000] {dagbag.py:538} INFO - Filling up the DagBag from /home/airflow/.local/lib/python3.8/site-packages/airflow/example_dags/example_setup_teardown.py
[2026-06-12T11:07:08.868+0000] {processor.py:840} INFO - DAG(s) 'example_setup_teardown' retrieved from /home/airflow/.local/lib/python3.8/site-packages/airflow/example_dags/example_setup_teardown.py
[2026-06-12T11:07:08.915+0000] {logging_mixin.py:188} INFO - [2026-06-12T11:07:08.914+0000] {dag.py:3036} INFO - Sync 1 DAGs
[2026-06-12T11:07:08.988+0000] {logging_mixin.py:188} INFO - [2026-06-12T11:07:08.988+0000] {dag.py:3823} INFO - Setting next_dagrun for example_setup_teardown to 2026-06-11 00:00:00+00:00, run_after=2026-06-12 00:00:00+00:00
[2026-06-12T11:07:09.031+0000] {processor.py:183} INFO - Processing /home/airflow/.local/lib/python3.8/site-packages/airflow/example_dags/example_setup_teardown.py took 0.189 seconds
[2026-06-12T11:07:39.101+0000] {processor.py:161} INFO - Started process (PID=688) to work on /home/airflow/.local/lib/python3.8/site-packages/airflow/example_dags/example_setup_teardown.py
[2026-06-12T11:07:39.103+0000] {processor.py:830} INFO - Processing file /home/airflow/.local/lib/python3.8/site-packages/airflow/example_dags/example_setup_teardown.py for tasks to queue
[2026-06-12T11:07:39.105+0000] {logging_mixin.py:188} INFO - [2026-06-12T11:07:39.105+0000] {dagbag.py:538} INFO - Filling up the DagBag from /home/airflow/.local/lib/python3.8/site-packages/airflow/example_dags/example_setup_teardown.py
[2026-06-12T11:07:39.115+0000] {processor.py:840} INFO - DAG(s) 'example_setup_teardown' retrieved from /home/airflow/.local/lib/python3.8/site-packages/airflow/example_dags/example_setup_teardown.py
[2026-06-12T11:07:39.150+0000] {logging_mixin.py:188} INFO - [2026-06-12T11:07:39.150+0000] {dag.py:3036} INFO - Sync 1 DAGs
[2026-06-12T11:07:39.185+0000] {logging_mixin.py:188} INFO - [2026-06-12T11:07:39.185+0000] {dag.py:3823} INFO - Setting next_dagrun for example_setup_teardown to 2026-06-11 00:00:00+00:00, run_after=2026-06-12 00:00:00+00:00
[2026-06-12T11:07:39.215+0000] {processor.py:183} INFO - Processing /home/airflow/.local/lib/python3.8/site-packages/airflow/example_dags/example_setup_teardown.py took 0.118 seconds
[2026-06-12T11:08:09.377+0000] {processor.py:161} INFO - Started process (PID=754) to work on /home/airflow/.local/lib/python3.8/site-packages/airflow/example_dags/example_setup_teardown.py
[2026-06-12T11:08:09.379+0000] {processor.py:830} INFO - Processing file /home/airflow/.local/lib/python3.8/site-packages/airflow/example_dags/example_setup_teardown.py for tasks to queue
[2026-06-12T11:08:09.382+0000] {logging_mixin.py:188} INFO - [2026-06-12T11:08:09.381+0000] {dagbag.py:538} INFO - Filling up the DagBag from /home/airflow/.local/lib/python3.8/site-packages/airflow/example_dags/example_setup_teardown.py
[2026-06-12T11:08:09.391+0000] {processor.py:840} INFO - DAG(s) 'example_setup_teardown' retrieved from /home/airflow/.local/lib/python3.8/site-packages/airflow/example_dags/example_setup_teardown.py
[2026-06-12T11:08:09.426+0000] {logging_mixin.py:188} INFO - [2026-06-12T11:08:09.426+0000] {dag.py:3036} INFO - Sync 1 DAGs
[2026-06-12T11:08:09.461+0000] {logging_mixin.py:188} INFO - [2026-06-12T11:08:09.461+0000] {dag.py:3823} INFO - Setting next_dagrun for example_setup_teardown to 2026-06-11 00:00:00+00:00, run_after=2026-06-12 00:00:00+00:00
[2026-06-12T11:08:09.490+0000] {processor.py:183} INFO - Processing /home/airflow/.local/lib/python3.8/site-packages/airflow/example_dags/example_setup_teardown.py took 0.118 seconds
[2026-06-12T11:08:39.783+0000] {processor.py:161} INFO - Started process (PID=821) to work on /home/airflow/.local/lib/python3.8/site-packages/airflow/example_dags/example_setup_teardown.py
[2026-06-12T11:08:39.784+0000] {processor.py:830} INFO - Processing file /home/airflow/.local/lib/python3.8/site-packages/airflow/example_dags/example_setup_teardown.py for tasks to queue
[2026-06-12T11:08:39.787+0000] {logging_mixin.py:188} INFO - [2026-06-12T11:08:39.786+0000] {dagbag.py:538} INFO - Filling up the DagBag from /home/airflow/.local/lib/python3.8/site-packages/airflow/example_dags/example_setup_teardown.py
[2026-06-12T11:08:39.797+0000] {processor.py:840} INFO - DAG(s) 'example_setup_teardown' retrieved from /home/airflow/.local/lib/python3.8/site-packages/airflow/example_dags/example_setup_teardown.py
[2026-06-12T11:08:39.834+0000] {logging_mixin.py:188} INFO - [2026-06-12T11:08:39.834+0000] {dag.py:3036} INFO - Sync 1 DAGs
[2026-06-12T11:08:39.870+0000] {logging_mixin.py:188} INFO - [2026-06-12T11:08:39.869+0000] {dag.py:3823} INFO - Setting next_dagrun for example_setup_teardown to 2026-06-11 00:00:00+00:00, run_after=2026-06-12 00:00:00+00:00
[2026-06-12T11:08:39.897+0000] {processor.py:183} INFO - Processing /home/airflow/.local/lib/python3.8/site-packages/airflow/example_dags/example_setup_teardown.py took 0.119 seconds
[2026-06-12T11:09:10.207+0000] {processor.py:161} INFO - Started process (PID=886) to work on /home/airflow/.local/lib/python3.8/site-packages/airflow/example_dags/example_setup_teardown.py
[2026-06-12T11:09:10.209+0000] {processor.py:830} INFO - Processing file /home/airflow/.local/lib/python3.8/site-packages/airflow/example_dags/example_setup_teardown.py for tasks to queue
[2026-06-12T11:09:10.211+0000] {logging_mixin.py:188} INFO - [2026-06-12T11:09:10.211+0000] {dagbag.py:538} INFO - Filling up the DagBag from /home/airflow/.local/lib/python3.8/site-packages/airflow/example_dags/example_setup_teardown.py
[2026-06-12T11:09:10.222+0000] {processor.py:840} INFO - DAG(s) 'example_setup_teardown' retrieved from /home/airflow/.local/lib/python3.8/site-packages/airflow/example_dags/example_setup_teardown.py
[2026-06-12T11:09:10.269+0000] {logging_mixin.py:188} INFO - [2026-06-12T11:09:10.269+0000] {dag.py:3036} INFO - Sync 1 DAGs
[2026-06-12T11:09:10.310+0000] {logging_mixin.py:188} INFO - [2026-06-12T11:09:10.310+0000] {dag.py:3823} INFO - Setting next_dagrun for example_setup_teardown to 2026-06-11 00:00:00+00:00, run_after=2026-06-12 00:00:00+00:00
[2026-06-12T11:09:10.342+0000] {processor.py:183} INFO - Processing /home/airflow/.local/lib/python3.8/site-packages/airflow/example_dags/example_setup_teardown.py took 0.139 seconds
[2026-06-12T11:09:40.824+0000] {processor.py:161} INFO - Started process (PID=953) to work on /home/airflow/.local/lib/python3.8/site-packages/airflow/example_dags/example_setup_teardown.py
[2026-06-12T11:09:40.825+0000] {processor.py:830} INFO - Processing file /home/airflow/.local/lib/python3.8/site-packages/airflow/example_dags/example_setup_teardown.py for tasks to queue
[2026-06-12T11:09:40.827+0000] {logging_mixin.py:188} INFO - [2026-06-12T11:09:40.827+0000] {dagbag.py:538} INFO - Filling up the DagBag from /home/airflow/.local/lib/python3.8/site-packages/airflow/example_dags/example_setup_teardown.py
[2026-06-12T11:09:40.838+0000] {processor.py:840} INFO - DAG(s) 'example_setup_teardown' retrieved from /home/airflow/.local/lib/python3.8/site-packages/airflow/example_dags/example_setup_teardown.py
[2026-06-12T11:09:40.873+0000] {logging_mixin.py:188} INFO - [2026-06-12T11:09:40.872+0000] {dag.py:3036} INFO - Sync 1 DAGs
[2026-06-12T11:09:40.907+0000] {logging_mixin.py:188} INFO - [2026-06-12T11:09:40.906+0000] {dag.py:3823} INFO - Setting next_dagrun for example_setup_teardown to 2026-06-11 00:00:00+00:00, run_after=2026-06-12 00:00:00+00:00
[2026-06-12T11:09:40.935+0000] {processor.py:183} INFO - Processing /home/airflow/.local/lib/python3.8/site-packages/airflow/example_dags/example_setup_teardown.py took 0.116 seconds
[2026-06-12T11:10:11.473+0000] {processor.py:161} INFO - Started process (PID=1026) to work on /home/airflow/.local/lib/python3.8/site-packages/airflow/example_dags/example_setup_teardown.py
[2026-06-12T11:10:11.475+0000] {processor.py:830} INFO - Processing file /home/airflow/.local/lib/python3.8/site-packages/airflow/example_dags/example_setup_teardown.py for tasks to queue
[2026-06-12T11:10:11.478+0000] {logging_mixin.py:188} INFO - [2026-06-12T11:10:11.478+0000] {dagbag.py:538} INFO - Filling up the DagBag from /home/airflow/.local/lib/python3.8/site-packages/airflow/example_dags/example_setup_teardown.py
[2026-06-12T11:10:11.491+0000] {processor.py:840} INFO - DAG(s) 'example_setup_teardown' retrieved from /home/airflow/.local/lib/python3.8/site-packages/airflow/example_dags/example_setup_teardown.py
[2026-06-12T11:10:11.527+0000] {logging_mixin.py:188} INFO - [2026-06-12T11:10:11.527+0000] {dag.py:3036} INFO - Sync 1 DAGs
[2026-06-12T11:10:11.564+0000] {logging_mixin.py:188} INFO - [2026-06-12T11:10:11.564+0000] {dag.py:3823} INFO - Setting next_dagrun for example_setup_teardown to 2026-06-11 00:00:00+00:00, run_after=2026-06-12 00:00:00+00:00
[2026-06-12T11:10:11.596+0000] {processor.py:183} INFO - Processing /home/airflow/.local/lib/python3.8/site-packages/airflow/example_dags/example_setup_teardown.py took 0.129 seconds
[2026-06-12T11:10:41.667+0000] {processor.py:161} INFO - Started process (PID=1091) to work on /home/airflow/.local/lib/python3.8/site-packages/airflow/example_dags/example_setup_teardown.py
[2026-06-12T11:10:41.669+0000] {processor.py:830} INFO - Processing file /home/airflow/.local/lib/python3.8/site-packages/airflow/example_dags/example_setup_teardown.py for tasks to queue
[2026-06-12T11:10:41.671+0000] {logging_mixin.py:188} INFO - [2026-06-12T11:10:41.671+0000] {dagbag.py:538} INFO - Filling up the DagBag from /home/airflow/.local/lib/python3.8/site-packages/airflow/example_dags/example_setup_teardown.py
[2026-06-12T11:10:41.680+0000] {processor.py:840} INFO - DAG(s) 'example_setup_teardown' retrieved from /home/airflow/.local/lib/python3.8/site-packages/airflow/example_dags/example_setup_teardown.py
[2026-06-12T11:10:41.718+0000] {logging_mixin.py:188} INFO - [2026-06-12T11:10:41.718+0000] {dag.py:3036} INFO - Sync 1 DAGs
[2026-06-12T11:10:41.761+0000] {logging_mixin.py:188} INFO - [2026-06-12T11:10:41.761+0000] {dag.py:3823} INFO - Setting next_dagrun for example_setup_teardown to 2026-06-11 00:00:00+00:00, run_after=2026-06-12 00:00:00+00:00
[2026-06-12T11:10:41.796+0000] {processor.py:183} INFO - Processing /home/airflow/.local/lib/python3.8/site-packages/airflow/example_dags/example_setup_teardown.py took 0.134 seconds
[2026-06-12T11:11:11.900+0000] {processor.py:161} INFO - Started process (PID=1157) to work on /home/airflow/.local/lib/python3.8/site-packages/airflow/example_dags/example_setup_teardown.py
[2026-06-12T11:11:11.902+0000] {processor.py:830} INFO - Processing file /home/airflow/.local/lib/python3.8/site-packages/airflow/example_dags/example_setup_teardown.py for tasks to queue
[2026-06-12T11:11:11.905+0000] {logging_mixin.py:188} INFO - [2026-06-12T11:11:11.905+0000] {dagbag.py:538} INFO - Filling up the DagBag from /home/airflow/.local/lib/python3.8/site-packages/airflow/example_dags/example_setup_teardown.py
[2026-06-12T11:11:11.918+0000] {processor.py:840} INFO - DAG(s) 'example_setup_teardown' retrieved from /home/airflow/.local/lib/python3.8/site-packages/airflow/example_dags/example_setup_teardown.py
[2026-06-12T11:11:11.962+0000] {logging_mixin.py:188} INFO - [2026-06-12T11:11:11.961+0000] {dag.py:3036} INFO - Sync 1 DAGs
[2026-06-12T11:11:12.031+0000] {logging_mixin.py:188} INFO - [2026-06-12T11:11:12.030+0000] {dag.py:3823} INFO - Setting next_dagrun for example_setup_teardown to 2026-06-11 00:00:00+00:00, run_after=2026-06-12 00:00:00+00:00
[2026-06-12T11:11:12.063+0000] {processor.py:183} INFO - Processing /home/airflow/.local/lib/python3.8/site-packages/airflow/example_dags/example_setup_teardown.py took 0.169 seconds
[2026-06-12T11:11:42.643+0000] {processor.py:161} INFO - Started process (PID=1224) to work on /home/airflow/.local/lib/python3.8/site-packages/airflow/example_dags/example_setup_teardown.py
[2026-06-12T11:11:42.645+0000] {processor.py:830} INFO - Processing file /home/airflow/.local/lib/python3.8/site-packages/airflow/example_dags/example_setup_teardown.py for tasks to queue
[2026-06-12T11:11:42.647+0000] {logging_mixin.py:188} INFO - [2026-06-12T11:11:42.647+0000] {dagbag.py:538} INFO - Filling up the DagBag from /home/airflow/.local/lib/python3.8/site-packages/airflow/example_dags/example_setup_teardown.py
[2026-06-12T11:11:42.657+0000] {processor.py:840} INFO - DAG(s) 'example_setup_teardown' retrieved from /home/airflow/.local/lib/python3.8/site-packages/airflow/example_dags/example_setup_teardown.py
[2026-06-12T11:11:42.692+0000] {logging_mixin.py:188} INFO - [2026-06-12T11:11:42.691+0000] {dag.py:3036} INFO - Sync 1 DAGs
[2026-06-12T11:11:42.725+0000] {logging_mixin.py:188} INFO - [2026-06-12T11:11:42.725+0000] {dag.py:3823} INFO - Setting next_dagrun for example_setup_teardown to 2026-06-11 00:00:00+00:00, run_after=2026-06-12 00:00:00+00:00
[2026-06-12T11:11:42.751+0000] {processor.py:183} INFO - Processing /home/airflow/.local/lib/python3.8/site-packages/airflow/example_dags/example_setup_teardown.py took 0.113 seconds
[2026-06-12T11:12:12.931+0000] {processor.py:161} INFO - Started process (PID=1290) to work on /home/airflow/.local/lib/python3.8/site-packages/airflow/example_dags/example_setup_teardown.py
[2026-06-12T11:12:12.932+0000] {processor.py:830} INFO - Processing file /home/airflow/.local/lib/python3.8/site-packages/airflow/example_dags/example_setup_teardown.py for tasks to queue
[2026-06-12T11:12:12.935+0000] {logging_mixin.py:188} INFO - [2026-06-12T11:12:12.935+0000] {dagbag.py:538} INFO - Filling up the DagBag from /home/airflow/.local/lib/python3.8/site-packages/airflow/example_dags/example_setup_teardown.py
[2026-06-12T11:12:12.947+0000] {processor.py:840} INFO - DAG(s) 'example_setup_teardown' retrieved from /home/airflow/.local/lib/python3.8/site-packages/airflow/example_dags/example_setup_teardown.py
[2026-06-12T11:12:12.986+0000] {logging_mixin.py:188} INFO - [2026-06-12T11:12:12.986+0000] {dag.py:3036} INFO - Sync 1 DAGs
[2026-06-12T11:12:13.022+0000] {logging_mixin.py:188} INFO - [2026-06-12T11:12:13.022+0000] {dag.py:3823} INFO - Setting next_dagrun for example_setup_teardown to 2026-06-11 00:00:00+00:00, run_after=2026-06-12 00:00:00+00:00
[2026-06-12T11:12:13.053+0000] {processor.py:183} INFO - Processing /home/airflow/.local/lib/python3.8/site-packages/airflow/example_dags/example_setup_teardown.py took 0.128 seconds
[2026-06-12T11:12:43.158+0000] {processor.py:161} INFO - Started process (PID=1357) to work on /home/airflow/.local/lib/python3.8/site-packages/airflow/example_dags/example_setup_teardown.py
[2026-06-12T11:12:43.160+0000] {processor.py:830} INFO - Processing file /home/airflow/.local/lib/python3.8/site-packages/airflow/example_dags/example_setup_teardown.py for tasks to queue
[2026-06-12T11:12:43.163+0000] {logging_mixin.py:188} INFO - [2026-06-12T11:12:43.163+0000] {dagbag.py:538} INFO - Filling up the DagBag from /home/airflow/.local/lib/python3.8/site-packages/airflow/example_dags/example_setup_teardown.py
[2026-06-12T11:12:43.173+0000] {processor.py:840} INFO - DAG(s) 'example_setup_teardown' retrieved from /home/airflow/.local/lib/python3.8/site-packages/airflow/example_dags/example_setup_teardown.py
[2026-06-12T11:12:43.215+0000] {logging_mixin.py:188} INFO - [2026-06-12T11:12:43.215+0000] {dag.py:3036} INFO - Sync 1 DAGs
[2026-06-12T11:12:43.252+0000] {logging_mixin.py:188} INFO - [2026-06-12T11:12:43.252+0000] {dag.py:3823} INFO - Setting next_dagrun for example_setup_teardown to 2026-06-11 00:00:00+00:00, run_after=2026-06-12 00:00:00+00:00
[2026-06-12T11:12:43.279+0000] {processor.py:183} INFO - Processing /home/airflow/.local/lib/python3.8/site-packages/airflow/example_dags/example_setup_teardown.py took 0.125 seconds
[2026-06-12T11:13:13.646+0000] {processor.py:161} INFO - Started process (PID=1423) to work on /home/airflow/.local/lib/python3.8/site-packages/airflow/example_dags/example_setup_teardown.py
[2026-06-12T11:13:13.648+0000] {processor.py:830} INFO - Processing file /home/airflow/.local/lib/python3.8/site-packages/airflow/example_dags/example_setup_teardown.py for tasks to queue
[2026-06-12T11:13:13.651+0000] {logging_mixin.py:188} INFO - [2026-06-12T11:13:13.650+0000] {dagbag.py:538} INFO - Filling up the DagBag from /home/airflow/.local/lib/python3.8/site-packages/airflow/example_dags/example_setup_teardown.py
[2026-06-12T11:13:13.661+0000] {processor.py:840} INFO - DAG(s) 'example_setup_teardown' retrieved from /home/airflow/.local/lib/python3.8/site-packages/airflow/example_dags/example_setup_teardown.py
[2026-06-12T11:13:13.698+0000] {logging_mixin.py:188} INFO - [2026-06-12T11:13:13.697+0000] {dag.py:3036} INFO - Sync 1 DAGs
[2026-06-12T11:13:13.733+0000] {logging_mixin.py:188} INFO - [2026-06-12T11:13:13.732+0000] {dag.py:3823} INFO - Setting next_dagrun for example_setup_teardown to 2026-06-11 00:00:00+00:00, run_after=2026-06-12 00:00:00+00:00
[2026-06-12T11:13:13.765+0000] {processor.py:183} INFO - Processing /home/airflow/.local/lib/python3.8/site-packages/airflow/example_dags/example_setup_teardown.py took 0.123 seconds
[2026-06-12T11:13:44.299+0000] {processor.py:161} INFO - Started process (PID=1489) to work on /home/airflow/.local/lib/python3.8/site-packages/airflow/example_dags/example_setup_teardown.py
[2026-06-12T11:13:44.300+0000] {processor.py:830} INFO - Processing file /home/airflow/.local/lib/python3.8/site-packages/airflow/example_dags/example_setup_teardown.py for tasks to queue
[2026-06-12T11:13:44.303+0000] {logging_mixin.py:188} INFO - [2026-06-12T11:13:44.302+0000] {dagbag.py:538} INFO - Filling up the DagBag from /home/airflow/.local/lib/python3.8/site-packages/airflow/example_dags/example_setup_teardown.py
[2026-06-12T11:13:44.314+0000] {processor.py:840} INFO - DAG(s) 'example_setup_teardown' retrieved from /home/airflow/.local/lib/python3.8/site-packages/airflow/example_dags/example_setup_teardown.py
[2026-06-12T11:13:44.353+0000] {logging_mixin.py:188} INFO - [2026-06-12T11:13:44.353+0000] {dag.py:3036} INFO - Sync 1 DAGs
[2026-06-12T11:13:44.390+0000] {logging_mixin.py:188} INFO - [2026-06-12T11:13:44.390+0000] {dag.py:3823} INFO - Setting next_dagrun for example_setup_teardown to 2026-06-11 00:00:00+00:00, run_after=2026-06-12 00:00:00+00:00
[2026-06-12T11:13:44.426+0000] {processor.py:183} INFO - Processing /home/airflow/.local/lib/python3.8/site-packages/airflow/example_dags/example_setup_teardown.py took 0.132 seconds
[2026-06-12T11:14:15.334+0000] {processor.py:161} INFO - Started process (PID=1563) to work on /home/airflow/.local/lib/python3.8/site-packages/airflow/example_dags/example_setup_teardown.py
[2026-06-12T11:14:15.336+0000] {processor.py:830} INFO - Processing file /home/airflow/.local/lib/python3.8/site-packages/airflow/example_dags/example_setup_teardown.py for tasks to queue
[2026-06-12T11:14:15.339+0000] {logging_mixin.py:188} INFO - [2026-06-12T11:14:15.338+0000] {dagbag.py:538} INFO - Filling up the DagBag from /home/airflow/.local/lib/python3.8/site-packages/airflow/example_dags/example_setup_teardown.py
[2026-06-12T11:14:15.350+0000] {processor.py:840} INFO - DAG(s) 'example_setup_teardown' retrieved from /home/airflow/.local/lib/python3.8/site-packages/airflow/example_dags/example_setup_teardown.py
[2026-06-12T11:14:15.387+0000] {logging_mixin.py:188} INFO - [2026-06-12T11:14:15.387+0000] {dag.py:3036} INFO - Sync 1 DAGs
[2026-06-12T11:14:15.422+0000] {logging_mixin.py:188} INFO - [2026-06-12T11:14:15.421+0000] {dag.py:3823} INFO - Setting next_dagrun for example_setup_teardown to 2026-06-11 00:00:00+00:00, run_after=2026-06-12 00:00:00+00:00
[2026-06-12T11:14:15.449+0000] {processor.py:183} INFO - Processing /home/airflow/.local/lib/python3.8/site-packages/airflow/example_dags/example_setup_teardown.py took 0.121 seconds
[2026-06-12T11:14:46.017+0000] {processor.py:161} INFO - Started process (PID=1630) to work on /home/airflow/.local/lib/python3.8/site-packages/airflow/example_dags/example_setup_teardown.py
[2026-06-12T11:14:46.018+0000] {processor.py:830} INFO - Processing file /home/airflow/.local/lib/python3.8/site-packages/airflow/example_dags/example_setup_teardown.py for tasks to queue
[2026-06-12T11:14:46.021+0000] {logging_mixin.py:188} INFO - [2026-06-12T11:14:46.021+0000] {dagbag.py:538} INFO - Filling up the DagBag from /home/airflow/.local/lib/python3.8/site-packages/airflow/example_dags/example_setup_teardown.py
[2026-06-12T11:14:46.035+0000] {processor.py:840} INFO - DAG(s) 'example_setup_teardown' retrieved from /home/airflow/.local/lib/python3.8/site-packages/airflow/example_dags/example_setup_teardown.py
[2026-06-12T11:14:46.078+0000] {logging_mixin.py:188} INFO - [2026-06-12T11:14:46.078+0000] {dag.py:3036} INFO - Sync 1 DAGs
[2026-06-12T11:14:46.123+0000] {logging_mixin.py:188} INFO - [2026-06-12T11:14:46.123+0000] {dag.py:3823} INFO - Setting next_dagrun for example_setup_teardown to 2026-06-11 00:00:00+00:00, run_after=2026-06-12 00:00:00+00:00
[2026-06-12T11:14:46.161+0000] {processor.py:183} INFO - Processing /home/airflow/.local/lib/python3.8/site-packages/airflow/example_dags/example_setup_teardown.py took 0.150 seconds
[2026-06-12T11:15:16.426+0000] {processor.py:161} INFO - Started process (PID=1696) to work on /home/airflow/.local/lib/python3.8/site-packages/airflow/example_dags/example_setup_teardown.py
[2026-06-12T11:15:16.428+0000] {processor.py:830} INFO - Processing file /home/airflow/.local/lib/python3.8/site-packages/airflow/example_dags/example_setup_teardown.py for tasks to queue
[2026-06-12T11:15:16.431+0000] {logging_mixin.py:188} INFO - [2026-06-12T11:15:16.430+0000] {dagbag.py:538} INFO - Filling up the DagBag from /home/airflow/.local/lib/python3.8/site-packages/airflow/example_dags/example_setup_teardown.py
[2026-06-12T11:15:16.443+0000] {processor.py:840} INFO - DAG(s) 'example_setup_teardown' retrieved from /home/airflow/.local/lib/python3.8/site-packages/airflow/example_dags/example_setup_teardown.py
[2026-06-12T11:15:16.482+0000] {logging_mixin.py:188} INFO - [2026-06-12T11:15:16.482+0000] {dag.py:3036} INFO - Sync 1 DAGs
[2026-06-12T11:15:16.526+0000] {logging_mixin.py:188} INFO - [2026-06-12T11:15:16.526+0000] {dag.py:3823} INFO - Setting next_dagrun for example_setup_teardown to 2026-06-11 00:00:00+00:00, run_after=2026-06-12 00:00:00+00:00
[2026-06-12T11:15:16.560+0000] {processor.py:183} INFO - Processing /home/airflow/.local/lib/python3.8/site-packages/airflow/example_dags/example_setup_teardown.py took 0.140 seconds
[2026-06-12T11:15:46.847+0000] {processor.py:161} INFO - Started process (PID=1762) to work on /home/airflow/.local/lib/python3.8/site-packages/airflow/example_dags/example_setup_teardown.py
[2026-06-12T11:15:46.848+0000] {processor.py:830} INFO - Processing file /home/airflow/.local/lib/python3.8/site-packages/airflow/example_dags/example_setup_teardown.py for tasks to queue
[2026-06-12T11:15:46.851+0000] {logging_mixin.py:188} INFO - [2026-06-12T11:15:46.851+0000] {dagbag.py:538} INFO - Filling up the DagBag from /home/airflow/.local/lib/python3.8/site-packages/airflow/example_dags/example_setup_teardown.py
[2026-06-12T11:15:46.864+0000] {processor.py:840} INFO - DAG(s) 'example_setup_teardown' retrieved from /home/airflow/.local/lib/python3.8/site-packages/airflow/example_dags/example_setup_teardown.py
[2026-06-12T11:15:46.906+0000] {logging_mixin.py:188} INFO - [2026-06-12T11:15:46.906+0000] {dag.py:3036} INFO - Sync 1 DAGs
[2026-06-12T11:15:46.950+0000] {logging_mixin.py:188} INFO - [2026-06-12T11:15:46.950+0000] {dag.py:3823} INFO - Setting next_dagrun for example_setup_teardown to 2026-06-11 00:00:00+00:00, run_after=2026-06-12 00:00:00+00:00
[2026-06-12T11:15:46.982+0000] {processor.py:183} INFO - Processing /home/airflow/.local/lib/python3.8/site-packages/airflow/example_dags/example_setup_teardown.py took 0.141 seconds
[2026-06-12T11:16:17.485+0000] {processor.py:161} INFO - Started process (PID=1827) to work on /home/airflow/.local/lib/python3.8/site-packages/airflow/example_dags/example_setup_teardown.py
[2026-06-12T11:16:17.487+0000] {processor.py:830} INFO - Processing file /home/airflow/.local/lib/python3.8/site-packages/airflow/example_dags/example_setup_teardown.py for tasks to queue
[2026-06-12T11:16:17.490+0000] {logging_mixin.py:188} INFO - [2026-06-12T11:16:17.489+0000] {dagbag.py:538} INFO - Filling up the DagBag from /home/airflow/.local/lib/python3.8/site-packages/airflow/example_dags/example_setup_teardown.py
[2026-06-12T11:16:17.502+0000] {processor.py:840} INFO - DAG(s) 'example_setup_teardown' retrieved from /home/airflow/.local/lib/python3.8/site-packages/airflow/example_dags/example_setup_teardown.py
[2026-06-12T11:16:17.543+0000] {logging_mixin.py:188} INFO - [2026-06-12T11:16:17.543+0000] {dag.py:3036} INFO - Sync 1 DAGs
[2026-06-12T11:16:17.585+0000] {logging_mixin.py:188} INFO - [2026-06-12T11:16:17.585+0000] {dag.py:3823} INFO - Setting next_dagrun for example_setup_teardown to 2026-06-11 00:00:00+00:00, run_after=2026-06-12 00:00:00+00:00
[2026-06-12T11:16:17.614+0000] {processor.py:183} INFO - Processing /home/airflow/.local/lib/python3.8/site-packages/airflow/example_dags/example_setup_teardown.py took 0.134 seconds
[2026-06-12T11:16:47.902+0000] {processor.py:161} INFO - Started process (PID=1893) to work on /home/airflow/.local/lib/python3.8/site-packages/airflow/example_dags/example_setup_teardown.py
[2026-06-12T11:16:47.904+0000] {processor.py:830} INFO - Processing file /home/airflow/.local/lib/python3.8/site-packages/airflow/example_dags/example_setup_teardown.py for tasks to queue
[2026-06-12T11:16:47.907+0000] {logging_mixin.py:188} INFO - [2026-06-12T11:16:47.906+0000] {dagbag.py:538} INFO - Filling up the DagBag from /home/airflow/.local/lib/python3.8/site-packages/airflow/example_dags/example_setup_teardown.py
[2026-06-12T11:16:47.917+0000] {processor.py:840} INFO - DAG(s) 'example_setup_teardown' retrieved from /home/airflow/.local/lib/python3.8/site-packages/airflow/example_dags/example_setup_teardown.py
[2026-06-12T11:16:47.954+0000] {logging_mixin.py:188} INFO - [2026-06-12T11:16:47.953+0000] {dag.py:3036} INFO - Sync 1 DAGs
[2026-06-12T11:16:47.990+0000] {logging_mixin.py:188} INFO - [2026-06-12T11:16:47.990+0000] {dag.py:3823} INFO - Setting next_dagrun for example_setup_teardown to 2026-06-11 00:00:00+00:00, run_after=2026-06-12 00:00:00+00:00
[2026-06-12T11:16:48.019+0000] {processor.py:183} INFO - Processing /home/airflow/.local/lib/python3.8/site-packages/airflow/example_dags/example_setup_teardown.py took 0.122 seconds
[2026-06-12T11:17:18.400+0000] {processor.py:161} INFO - Started process (PID=1958) to work on /home/airflow/.local/lib/python3.8/site-packages/airflow/example_dags/example_setup_teardown.py
[2026-06-12T11:17:18.402+0000] {processor.py:830} INFO - Processing file /home/airflow/.local/lib/python3.8/site-packages/airflow/example_dags/example_setup_teardown.py for tasks to queue
[2026-06-12T11:17:18.405+0000] {logging_mixin.py:188} INFO - [2026-06-12T11:17:18.404+0000] {dagbag.py:538} INFO - Filling up the DagBag from /home/airflow/.local/lib/python3.8/site-packages/airflow/example_dags/example_setup_teardown.py
[2026-06-12T11:17:18.417+0000] {processor.py:840} INFO - DAG(s) 'example_setup_teardown' retrieved from /home/airflow/.local/lib/python3.8/site-packages/airflow/example_dags/example_setup_teardown.py
[2026-06-12T11:17:18.458+0000] {logging_mixin.py:188} INFO - [2026-06-12T11:17:18.457+0000] {dag.py:3036} INFO - Sync 1 DAGs
[2026-06-12T11:17:18.499+0000] {logging_mixin.py:188} INFO - [2026-06-12T11:17:18.498+0000] {dag.py:3823} INFO - Setting next_dagrun for example_setup_teardown to 2026-06-11 00:00:00+00:00, run_after=2026-06-12 00:00:00+00:00
[2026-06-12T11:17:18.527+0000] {processor.py:183} INFO - Processing /home/airflow/.local/lib/python3.8/site-packages/airflow/example_dags/example_setup_teardown.py took 0.133 seconds
[2026-06-12T11:17:48.771+0000] {processor.py:161} INFO - Started process (PID=2024) to work on /home/airflow/.local/lib/python3.8/site-packages/airflow/example_dags/example_setup_teardown.py
[2026-06-12T11:17:48.773+0000] {processor.py:830} INFO - Processing file /home/airflow/.local/lib/python3.8/site-packages/airflow/example_dags/example_setup_teardown.py for tasks to queue
[2026-06-12T11:17:48.775+0000] {logging_mixin.py:188} INFO - [2026-06-12T11:17:48.775+0000] {dagbag.py:538} INFO - Filling up the DagBag from /home/airflow/.local/lib/python3.8/site-packages/airflow/example_dags/example_setup_teardown.py
[2026-06-12T11:17:48.785+0000] {processor.py:840} INFO - DAG(s) 'example_setup_teardown' retrieved from /home/airflow/.local/lib/python3.8/site-packages/airflow/example_dags/example_setup_teardown.py
[2026-06-12T11:17:48.825+0000] {logging_mixin.py:188} INFO - [2026-06-12T11:17:48.825+0000] {dag.py:3036} INFO - Sync 1 DAGs
[2026-06-12T11:17:48.865+0000] {logging_mixin.py:188} INFO - [2026-06-12T11:17:48.865+0000] {dag.py:3823} INFO - Setting next_dagrun for example_setup_teardown to 2026-06-11 00:00:00+00:00, run_after=2026-06-12 00:00:00+00:00
[2026-06-12T11:17:48.899+0000] {processor.py:183} INFO - Processing /home/airflow/.local/lib/python3.8/site-packages/airflow/example_dags/example_setup_teardown.py took 0.133 seconds
[2026-06-12T11:18:19.035+0000] {processor.py:161} INFO - Started process (PID=2090) to work on /home/airflow/.local/lib/python3.8/site-packages/airflow/example_dags/example_setup_teardown.py
[2026-06-12T11:18:19.037+0000] {processor.py:830} INFO - Processing file /home/airflow/.local/lib/python3.8/site-packages/airflow/example_dags/example_setup_teardown.py for tasks to queue
[2026-06-12T11:18:19.040+0000] {logging_mixin.py:188} INFO - [2026-06-12T11:18:19.039+0000] {dagbag.py:538} INFO - Filling up the DagBag from /home/airflow/.local/lib/python3.8/site-packages/airflow/example_dags/example_setup_teardown.py
[2026-06-12T11:18:19.050+0000] {processor.py:840} INFO - DAG(s) 'example_setup_teardown' retrieved from /home/airflow/.local/lib/python3.8/site-packages/airflow/example_dags/example_setup_teardown.py
[2026-06-12T11:18:19.089+0000] {logging_mixin.py:188} INFO - [2026-06-12T11:18:19.089+0000] {dag.py:3036} INFO - Sync 1 DAGs
[2026-06-12T11:18:19.131+0000] {logging_mixin.py:188} INFO - [2026-06-12T11:18:19.130+0000] {dag.py:3823} INFO - Setting next_dagrun for example_setup_teardown to 2026-06-11 00:00:00+00:00, run_after=2026-06-12 00:00:00+00:00
[2026-06-12T11:18:19.162+0000] {processor.py:183} INFO - Processing /home/airflow/.local/lib/python3.8/site-packages/airflow/example_dags/example_setup_teardown.py took 0.132 seconds
[2026-06-12T11:18:49.466+0000] {processor.py:161} INFO - Started process (PID=2156) to work on /home/airflow/.local/lib/python3.8/site-packages/airflow/example_dags/example_setup_teardown.py
[2026-06-12T11:18:49.468+0000] {processor.py:830} INFO - Processing file /home/airflow/.local/lib/python3.8/site-packages/airflow/example_dags/example_setup_teardown.py for tasks to queue
[2026-06-12T11:18:49.471+0000] {logging_mixin.py:188} INFO - [2026-06-12T11:18:49.470+0000] {dagbag.py:538} INFO - Filling up the DagBag from /home/airflow/.local/lib/python3.8/site-packages/airflow/example_dags/example_setup_teardown.py
[2026-06-12T11:18:49.482+0000] {processor.py:840} INFO - DAG(s) 'example_setup_teardown' retrieved from /home/airflow/.local/lib/python3.8/site-packages/airflow/example_dags/example_setup_teardown.py
[2026-06-12T11:18:49.525+0000] {logging_mixin.py:188} INFO - [2026-06-12T11:18:49.524+0000] {dag.py:3036} INFO - Sync 1 DAGs
[2026-06-12T11:18:49.567+0000] {logging_mixin.py:188} INFO - [2026-06-12T11:18:49.567+0000] {dag.py:3823} INFO - Setting next_dagrun for example_setup_teardown to 2026-06-11 00:00:00+00:00, run_after=2026-06-12 00:00:00+00:00
[2026-06-12T11:18:49.601+0000] {processor.py:183} INFO - Processing /home/airflow/.local/lib/python3.8/site-packages/airflow/example_dags/example_setup_teardown.py took 0.141 seconds
[2026-06-12T11:19:19.913+0000] {processor.py:161} INFO - Started process (PID=2222) to work on /home/airflow/.local/lib/python3.8/site-packages/airflow/example_dags/example_setup_teardown.py
[2026-06-12T11:19:19.914+0000] {processor.py:830} INFO - Processing file /home/airflow/.local/lib/python3.8/site-packages/airflow/example_dags/example_setup_teardown.py for tasks to queue
[2026-06-12T11:19:19.916+0000] {logging_mixin.py:188} INFO - [2026-06-12T11:19:19.916+0000] {dagbag.py:538} INFO - Filling up the DagBag from /home/airflow/.local/lib/python3.8/site-packages/airflow/example_dags/example_setup_teardown.py
[2026-06-12T11:19:19.927+0000] {processor.py:840} INFO - DAG(s) 'example_setup_teardown' retrieved from /home/airflow/.local/lib/python3.8/site-packages/airflow/example_dags/example_setup_teardown.py
[2026-06-12T11:19:19.969+0000] {logging_mixin.py:188} INFO - [2026-06-12T11:19:19.969+0000] {dag.py:3036} INFO - Sync 1 DAGs
[2026-06-12T11:19:20.004+0000] {logging_mixin.py:188} INFO - [2026-06-12T11:19:20.004+0000] {dag.py:3823} INFO - Setting next_dagrun for example_setup_teardown to 2026-06-11 00:00:00+00:00, run_after=2026-06-12 00:00:00+00:00
[2026-06-12T11:19:20.030+0000] {processor.py:183} INFO - Processing /home/airflow/.local/lib/python3.8/site-packages/airflow/example_dags/example_setup_teardown.py took 0.122 seconds
[2026-06-12T11:19:50.289+0000] {processor.py:161} INFO - Started process (PID=2296) to work on /home/airflow/.local/lib/python3.8/site-packages/airflow/example_dags/example_setup_teardown.py
[2026-06-12T11:19:50.291+0000] {processor.py:830} INFO - Processing file /home/airflow/.local/lib/python3.8/site-packages/airflow/example_dags/example_setup_teardown.py for tasks to queue
[2026-06-12T11:19:50.294+0000] {logging_mixin.py:188} INFO - [2026-06-12T11:19:50.294+0000] {dagbag.py:538} INFO - Filling up the DagBag from /home/airflow/.local/lib/python3.8/site-packages/airflow/example_dags/example_setup_teardown.py
[2026-06-12T11:19:50.306+0000] {processor.py:840} INFO - DAG(s) 'example_setup_teardown' retrieved from /home/airflow/.local/lib/python3.8/site-packages/airflow/example_dags/example_setup_teardown.py
[2026-06-12T11:19:50.351+0000] {logging_mixin.py:188} INFO - [2026-06-12T11:19:50.350+0000] {dag.py:3036} INFO - Sync 1 DAGs
[2026-06-12T11:19:50.395+0000] {logging_mixin.py:188} INFO - [2026-06-12T11:19:50.395+0000] {dag.py:3823} INFO - Setting next_dagrun for example_setup_teardown to 2026-06-11 00:00:00+00:00, run_after=2026-06-12 00:00:00+00:00
[2026-06-12T11:19:50.432+0000] {processor.py:183} INFO - Processing /home/airflow/.local/lib/python3.8/site-packages/airflow/example_dags/example_setup_teardown.py took 0.148 seconds
[2026-06-12T11:20:20.576+0000] {processor.py:161} INFO - Started process (PID=2362) to work on /home/airflow/.local/lib/python3.8/site-packages/airflow/example_dags/example_setup_teardown.py
[2026-06-12T11:20:20.577+0000] {processor.py:830} INFO - Processing file /home/airflow/.local/lib/python3.8/site-packages/airflow/example_dags/example_setup_teardown.py for tasks to queue
[2026-06-12T11:20:20.580+0000] {logging_mixin.py:188} INFO - [2026-06-12T11:20:20.580+0000] {dagbag.py:538} INFO - Filling up the DagBag from /home/airflow/.local/lib/python3.8/site-packages/airflow/example_dags/example_setup_teardown.py
[2026-06-12T11:20:20.591+0000] {processor.py:840} INFO - DAG(s) 'example_setup_teardown' retrieved from /home/airflow/.local/lib/python3.8/site-packages/airflow/example_dags/example_setup_teardown.py
[2026-06-12T11:20:20.632+0000] {logging_mixin.py:188} INFO - [2026-06-12T11:20:20.632+0000] {dag.py:3036} INFO - Sync 1 DAGs
[2026-06-12T11:20:20.673+0000] {logging_mixin.py:188} INFO - [2026-06-12T11:20:20.673+0000] {dag.py:3823} INFO - Setting next_dagrun for example_setup_teardown to 2026-06-11 00:00:00+00:00, run_after=2026-06-12 00:00:00+00:00
[2026-06-12T11:20:20.704+0000] {processor.py:183} INFO - Processing /home/airflow/.local/lib/python3.8/site-packages/airflow/example_dags/example_setup_teardown.py took 0.133 seconds
[2026-06-12T11:20:50.947+0000] {processor.py:161} INFO - Started process (PID=2428) to work on /home/airflow/.local/lib/python3.8/site-packages/airflow/example_dags/example_setup_teardown.py
[2026-06-12T11:20:50.949+0000] {processor.py:830} INFO - Processing file /home/airflow/.local/lib/python3.8/site-packages/airflow/example_dags/example_setup_teardown.py for tasks to queue
[2026-06-12T11:20:50.951+0000] {logging_mixin.py:188} INFO - [2026-06-12T11:20:50.951+0000] {dagbag.py:538} INFO - Filling up the DagBag from /home/airflow/.local/lib/python3.8/site-packages/airflow/example_dags/example_setup_teardown.py
[2026-06-12T11:20:50.961+0000] {processor.py:840} INFO - DAG(s) 'example_setup_teardown' retrieved from /home/airflow/.local/lib/python3.8/site-packages/airflow/example_dags/example_setup_teardown.py
[2026-06-12T11:20:50.999+0000] {logging_mixin.py:188} INFO - [2026-06-12T11:20:50.998+0000] {dag.py:3036} INFO - Sync 1 DAGs
[2026-06-12T11:20:51.033+0000] {logging_mixin.py:188} INFO - [2026-06-12T11:20:51.033+0000] {dag.py:3823} INFO - Setting next_dagrun for example_setup_teardown to 2026-06-11 00:00:00+00:00, run_after=2026-06-12 00:00:00+00:00
[2026-06-12T11:20:51.066+0000] {processor.py:183} INFO - Processing /home/airflow/.local/lib/python3.8/site-packages/airflow/example_dags/example_setup_teardown.py took 0.124 seconds
[2026-06-12T11:21:21.409+0000] {processor.py:161} INFO - Started process (PID=2494) to work on /home/airflow/.local/lib/python3.8/site-packages/airflow/example_dags/example_setup_teardown.py
[2026-06-12T11:21:21.410+0000] {processor.py:830} INFO - Processing file /home/airflow/.local/lib/python3.8/site-packages/airflow/example_dags/example_setup_teardown.py for tasks to queue
[2026-06-12T11:21:21.413+0000] {logging_mixin.py:188} INFO - [2026-06-12T11:21:21.412+0000] {dagbag.py:538} INFO - Filling up the DagBag from /home/airflow/.local/lib/python3.8/site-packages/airflow/example_dags/example_setup_teardown.py
[2026-06-12T11:21:21.423+0000] {processor.py:840} INFO - DAG(s) 'example_setup_teardown' retrieved from /home/airflow/.local/lib/python3.8/site-packages/airflow/example_dags/example_setup_teardown.py
[2026-06-12T11:21:21.462+0000] {logging_mixin.py:188} INFO - [2026-06-12T11:21:21.462+0000] {dag.py:3036} INFO - Sync 1 DAGs
[2026-06-12T11:21:21.500+0000] {logging_mixin.py:188} INFO - [2026-06-12T11:21:21.500+0000] {dag.py:3823} INFO - Setting next_dagrun for example_setup_teardown to 2026-06-11 00:00:00+00:00, run_after=2026-06-12 00:00:00+00:00
[2026-06-12T11:21:21.531+0000] {processor.py:183} INFO - Processing /home/airflow/.local/lib/python3.8/site-packages/airflow/example_dags/example_setup_teardown.py took 0.127 seconds
[2026-06-12T11:21:52.044+0000] {processor.py:161} INFO - Started process (PID=2560) to work on /home/airflow/.local/lib/python3.8/site-packages/airflow/example_dags/example_setup_teardown.py
[2026-06-12T11:21:52.046+0000] {processor.py:830} INFO - Processing file /home/airflow/.local/lib/python3.8/site-packages/airflow/example_dags/example_setup_teardown.py for tasks to queue
[2026-06-12T11:21:52.048+0000] {logging_mixin.py:188} INFO - [2026-06-12T11:21:52.048+0000] {dagbag.py:538} INFO - Filling up the DagBag from /home/airflow/.local/lib/python3.8/site-packages/airflow/example_dags/example_setup_teardown.py
[2026-06-12T11:21:52.059+0000] {processor.py:840} INFO - DAG(s) 'example_setup_teardown' retrieved from /home/airflow/.local/lib/python3.8/site-packages/airflow/example_dags/example_setup_teardown.py
[2026-06-12T11:21:52.100+0000] {logging_mixin.py:188} INFO - [2026-06-12T11:21:52.100+0000] {dag.py:3036} INFO - Sync 1 DAGs
[2026-06-12T11:21:52.136+0000] {logging_mixin.py:188} INFO - [2026-06-12T11:21:52.135+0000] {dag.py:3823} INFO - Setting next_dagrun for example_setup_teardown to 2026-06-11 00:00:00+00:00, run_after=2026-06-12 00:00:00+00:00
[2026-06-12T11:21:52.171+0000] {processor.py:183} INFO - Processing /home/airflow/.local/lib/python3.8/site-packages/airflow/example_dags/example_setup_teardown.py took 0.131 seconds
[2026-06-12T11:22:22.911+0000] {processor.py:161} INFO - Started process (PID=2626) to work on /home/airflow/.local/lib/python3.8/site-packages/airflow/example_dags/example_setup_teardown.py
[2026-06-12T11:22:22.913+0000] {processor.py:830} INFO - Processing file /home/airflow/.local/lib/python3.8/site-packages/airflow/example_dags/example_setup_teardown.py for tasks to queue
[2026-06-12T11:22:22.916+0000] {logging_mixin.py:188} INFO - [2026-06-12T11:22:22.916+0000] {dagbag.py:538} INFO - Filling up the DagBag from /home/airflow/.local/lib/python3.8/site-packages/airflow/example_dags/example_setup_teardown.py
[2026-06-12T11:22:22.937+0000] {processor.py:840} INFO - DAG(s) 'example_setup_teardown' retrieved from /home/airflow/.local/lib/python3.8/site-packages/airflow/example_dags/example_setup_teardown.py
[2026-06-12T11:22:22.982+0000] {logging_mixin.py:188} INFO - [2026-06-12T11:22:22.981+0000] {dag.py:3036} INFO - Sync 1 DAGs
[2026-06-12T11:22:23.023+0000] {logging_mixin.py:188} INFO - [2026-06-12T11:22:23.023+0000] {dag.py:3823} INFO - Setting next_dagrun for example_setup_teardown to 2026-06-11 00:00:00+00:00, run_after=2026-06-12 00:00:00+00:00
[2026-06-12T11:22:23.059+0000] {processor.py:183} INFO - Processing /home/airflow/.local/lib/python3.8/site-packages/airflow/example_dags/example_setup_teardown.py took 0.155 seconds
[2026-06-12T11:22:53.488+0000] {processor.py:161} INFO - Started process (PID=2692) to work on /home/airflow/.local/lib/python3.8/site-packages/airflow/example_dags/example_setup_teardown.py
[2026-06-12T11:22:53.490+0000] {processor.py:830} INFO - Processing file /home/airflow/.local/lib/python3.8/site-packages/airflow/example_dags/example_setup_teardown.py for tasks to queue
[2026-06-12T11:22:53.493+0000] {logging_mixin.py:188} INFO - [2026-06-12T11:22:53.492+0000] {dagbag.py:538} INFO - Filling up the DagBag from /home/airflow/.local/lib/python3.8/site-packages/airflow/example_dags/example_setup_teardown.py
[2026-06-12T11:22:53.502+0000] {processor.py:840} INFO - DAG(s) 'example_setup_teardown' retrieved from /home/airflow/.local/lib/python3.8/site-packages/airflow/example_dags/example_setup_teardown.py
[2026-06-12T11:22:53.537+0000] {logging_mixin.py:188} INFO - [2026-06-12T11:22:53.537+0000] {dag.py:3036} INFO - Sync 1 DAGs
[2026-06-12T11:22:53.575+0000] {logging_mixin.py:188} INFO - [2026-06-12T11:22:53.574+0000] {dag.py:3823} INFO - Setting next_dagrun for example_setup_teardown to 2026-06-11 00:00:00+00:00, run_after=2026-06-12 00:00:00+00:00
[2026-06-12T11:22:53.609+0000] {processor.py:183} INFO - Processing /home/airflow/.local/lib/python3.8/site-packages/airflow/example_dags/example_setup_teardown.py took 0.126 seconds
[2026-06-12T11:23:24.421+0000] {processor.py:161} INFO - Started process (PID=2758) to work on /home/airflow/.local/lib/python3.8/site-packages/airflow/example_dags/example_setup_teardown.py
[2026-06-12T11:23:24.423+0000] {processor.py:830} INFO - Processing file /home/airflow/.local/lib/python3.8/site-packages/airflow/example_dags/example_setup_teardown.py for tasks to queue
[2026-06-12T11:23:24.425+0000] {logging_mixin.py:188} INFO - [2026-06-12T11:23:24.425+0000] {dagbag.py:538} INFO - Filling up the DagBag from /home/airflow/.local/lib/python3.8/site-packages/airflow/example_dags/example_setup_teardown.py
[2026-06-12T11:23:24.435+0000] {processor.py:840} INFO - DAG(s) 'example_setup_teardown' retrieved from /home/airflow/.local/lib/python3.8/site-packages/airflow/example_dags/example_setup_teardown.py
[2026-06-12T11:23:24.471+0000] {logging_mixin.py:188} INFO - [2026-06-12T11:23:24.471+0000] {dag.py:3036} INFO - Sync 1 DAGs
[2026-06-12T11:23:24.506+0000] {logging_mixin.py:188} INFO - [2026-06-12T11:23:24.505+0000] {dag.py:3823} INFO - Setting next_dagrun for example_setup_teardown to 2026-06-11 00:00:00+00:00, run_after=2026-06-12 00:00:00+00:00
[2026-06-12T11:23:24.534+0000] {processor.py:183} INFO - Processing /home/airflow/.local/lib/python3.8/site-packages/airflow/example_dags/example_setup_teardown.py took 0.119 seconds
[2026-06-12T11:23:55.393+0000] {processor.py:161} INFO - Started process (PID=2831) to work on /home/airflow/.local/lib/python3.8/site-packages/airflow/example_dags/example_setup_teardown.py
[2026-06-12T11:23:55.395+0000] {processor.py:830} INFO - Processing file /home/airflow/.local/lib/python3.8/site-packages/airflow/example_dags/example_setup_teardown.py for tasks to queue
[2026-06-12T11:23:55.397+0000] {logging_mixin.py:188} INFO - [2026-06-12T11:23:55.397+0000] {dagbag.py:538} INFO - Filling up the DagBag from /home/airflow/.local/lib/python3.8/site-packages/airflow/example_dags/example_setup_teardown.py
[2026-06-12T11:23:55.408+0000] {processor.py:840} INFO - DAG(s) 'example_setup_teardown' retrieved from /home/airflow/.local/lib/python3.8/site-packages/airflow/example_dags/example_setup_teardown.py
[2026-06-12T11:23:55.442+0000] {logging_mixin.py:188} INFO - [2026-06-12T11:23:55.442+0000] {dag.py:3036} INFO - Sync 1 DAGs
[2026-06-12T11:23:55.477+0000] {logging_mixin.py:188} INFO - [2026-06-12T11:23:55.476+0000] {dag.py:3823} INFO - Setting next_dagrun for example_setup_teardown to 2026-06-11 00:00:00+00:00, run_after=2026-06-12 00:00:00+00:00
[2026-06-12T11:23:55.510+0000] {processor.py:183} INFO - Processing /home/airflow/.local/lib/python3.8/site-packages/airflow/example_dags/example_setup_teardown.py took 0.121 seconds
[2026-06-12T11:24:25.804+0000] {processor.py:161} INFO - Started process (PID=2897) to work on /home/airflow/.local/lib/python3.8/site-packages/airflow/example_dags/example_setup_teardown.py
[2026-06-12T11:24:25.806+0000] {processor.py:830} INFO - Processing file /home/airflow/.local/lib/python3.8/site-packages/airflow/example_dags/example_setup_teardown.py for tasks to queue
[2026-06-12T11:24:25.808+0000] {logging_mixin.py:188} INFO - [2026-06-12T11:24:25.808+0000] {dagbag.py:538} INFO - Filling up the DagBag from /home/airflow/.local/lib/python3.8/site-packages/airflow/example_dags/example_setup_teardown.py
[2026-06-12T11:24:25.819+0000] {processor.py:840} INFO - DAG(s) 'example_setup_teardown' retrieved from /home/airflow/.local/lib/python3.8/site-packages/airflow/example_dags/example_setup_teardown.py
[2026-06-12T11:24:25.854+0000] {logging_mixin.py:188} INFO - [2026-06-12T11:24:25.854+0000] {dag.py:3036} INFO - Sync 1 DAGs
[2026-06-12T11:24:25.888+0000] {logging_mixin.py:188} INFO - [2026-06-12T11:24:25.888+0000] {dag.py:3823} INFO - Setting next_dagrun for example_setup_teardown to 2026-06-11 00:00:00+00:00, run_after=2026-06-12 00:00:00+00:00
[2026-06-12T11:24:25.917+0000] {processor.py:183} INFO - Processing /home/airflow/.local/lib/python3.8/site-packages/airflow/example_dags/example_setup_teardown.py took 0.118 seconds
[2026-06-12T11:24:56.717+0000] {processor.py:161} INFO - Started process (PID=2963) to work on /home/airflow/.local/lib/python3.8/site-packages/airflow/example_dags/example_setup_teardown.py
[2026-06-12T11:24:56.719+0000] {processor.py:830} INFO - Processing file /home/airflow/.local/lib/python3.8/site-packages/airflow/example_dags/example_setup_teardown.py for tasks to queue
[2026-06-12T11:24:56.722+0000] {logging_mixin.py:188} INFO - [2026-06-12T11:24:56.721+0000] {dagbag.py:538} INFO - Filling up the DagBag from /home/airflow/.local/lib/python3.8/site-packages/airflow/example_dags/example_setup_teardown.py
[2026-06-12T11:24:56.734+0000] {processor.py:840} INFO - DAG(s) 'example_setup_teardown' retrieved from /home/airflow/.local/lib/python3.8/site-packages/airflow/example_dags/example_setup_teardown.py
[2026-06-12T11:24:56.783+0000] {logging_mixin.py:188} INFO - [2026-06-12T11:24:56.783+0000] {dag.py:3036} INFO - Sync 1 DAGs
[2026-06-12T11:24:56.840+0000] {logging_mixin.py:188} INFO - [2026-06-12T11:24:56.839+0000] {dag.py:3823} INFO - Setting next_dagrun for example_setup_teardown to 2026-06-11 00:00:00+00:00, run_after=2026-06-12 00:00:00+00:00
[2026-06-12T11:24:56.873+0000] {processor.py:183} INFO - Processing /home/airflow/.local/lib/python3.8/site-packages/airflow/example_dags/example_setup_teardown.py took 0.174 seconds
[2026-06-12T11:25:28.723+0000] {processor.py:161} INFO - Started process (PID=3029) to work on /home/airflow/.local/lib/python3.8/site-packages/airflow/example_dags/example_setup_teardown.py
[2026-06-12T11:25:28.725+0000] {processor.py:830} INFO - Processing file /home/airflow/.local/lib/python3.8/site-packages/airflow/example_dags/example_setup_teardown.py for tasks to queue
[2026-06-12T11:25:28.727+0000] {logging_mixin.py:188} INFO - [2026-06-12T11:25:28.727+0000] {dagbag.py:538} INFO - Filling up the DagBag from /home/airflow/.local/lib/python3.8/site-packages/airflow/example_dags/example_setup_teardown.py
[2026-06-12T11:25:28.737+0000] {processor.py:840} INFO - DAG(s) 'example_setup_teardown' retrieved from /home/airflow/.local/lib/python3.8/site-packages/airflow/example_dags/example_setup_teardown.py
[2026-06-12T11:25:28.772+0000] {logging_mixin.py:188} INFO - [2026-06-12T11:25:28.772+0000] {dag.py:3036} INFO - Sync 1 DAGs
[2026-06-12T11:25:28.805+0000] {logging_mixin.py:188} INFO - [2026-06-12T11:25:28.804+0000] {dag.py:3823} INFO - Setting next_dagrun for example_setup_teardown to 2026-06-11 00:00:00+00:00, run_after=2026-06-12 00:00:00+00:00
[2026-06-12T11:25:28.832+0000] {processor.py:183} INFO - Processing /home/airflow/.local/lib/python3.8/site-packages/airflow/example_dags/example_setup_teardown.py took 0.113 seconds
[2026-06-12T11:25:59.799+0000] {processor.py:161} INFO - Started process (PID=3093) to work on /home/airflow/.local/lib/python3.8/site-packages/airflow/example_dags/example_setup_teardown.py
[2026-06-12T11:25:59.801+0000] {processor.py:830} INFO - Processing file /home/airflow/.local/lib/python3.8/site-packages/airflow/example_dags/example_setup_teardown.py for tasks to queue
[2026-06-12T11:25:59.803+0000] {logging_mixin.py:188} INFO - [2026-06-12T11:25:59.802+0000] {dagbag.py:538} INFO - Filling up the DagBag from /home/airflow/.local/lib/python3.8/site-packages/airflow/example_dags/example_setup_teardown.py
[2026-06-12T11:25:59.812+0000] {processor.py:840} INFO - DAG(s) 'example_setup_teardown' retrieved from /home/airflow/.local/lib/python3.8/site-packages/airflow/example_dags/example_setup_teardown.py
[2026-06-12T11:25:59.848+0000] {logging_mixin.py:188} INFO - [2026-06-12T11:25:59.847+0000] {dag.py:3036} INFO - Sync 1 DAGs
[2026-06-12T11:26:00.075+0000] {logging_mixin.py:188} INFO - [2026-06-12T11:26:00.075+0000] {dag.py:3823} INFO - Setting next_dagrun for example_setup_teardown to 2026-06-11 00:00:00+00:00, run_after=2026-06-12 00:00:00+00:00
[2026-06-12T11:26:00.109+0000] {processor.py:183} INFO - Processing /home/airflow/.local/lib/python3.8/site-packages/airflow/example_dags/example_setup_teardown.py took 0.314 seconds
[2026-06-12T11:26:30.359+0000] {processor.py:161} INFO - Started process (PID=3160) to work on /home/airflow/.local/lib/python3.8/site-packages/airflow/example_dags/example_setup_teardown.py
[2026-06-12T11:26:30.361+0000] {processor.py:830} INFO - Processing file /home/airflow/.local/lib/python3.8/site-packages/airflow/example_dags/example_setup_teardown.py for tasks to queue
[2026-06-12T11:26:30.363+0000] {logging_mixin.py:188} INFO - [2026-06-12T11:26:30.363+0000] {dagbag.py:538} INFO - Filling up the DagBag from /home/airflow/.local/lib/python3.8/site-packages/airflow/example_dags/example_setup_teardown.py
[2026-06-12T11:26:30.373+0000] {processor.py:840} INFO - DAG(s) 'example_setup_teardown' retrieved from /home/airflow/.local/lib/python3.8/site-packages/airflow/example_dags/example_setup_teardown.py
[2026-06-12T11:26:30.411+0000] {logging_mixin.py:188} INFO - [2026-06-12T11:26:30.411+0000] {dag.py:3036} INFO - Sync 1 DAGs
[2026-06-12T11:26:30.445+0000] {logging_mixin.py:188} INFO - [2026-06-12T11:26:30.445+0000] {dag.py:3823} INFO - Setting next_dagrun for example_setup_teardown to 2026-06-11 00:00:00+00:00, run_after=2026-06-12 00:00:00+00:00
[2026-06-12T11:26:30.649+0000] {processor.py:183} INFO - Processing /home/airflow/.local/lib/python3.8/site-packages/airflow/example_dags/example_setup_teardown.py took 0.295 seconds
[2026-06-12T11:27:00.706+0000] {processor.py:161} INFO - Started process (PID=3227) to work on /home/airflow/.local/lib/python3.8/site-packages/airflow/example_dags/example_setup_teardown.py
[2026-06-12T11:27:00.707+0000] {processor.py:830} INFO - Processing file /home/airflow/.local/lib/python3.8/site-packages/airflow/example_dags/example_setup_teardown.py for tasks to queue
[2026-06-12T11:27:00.710+0000] {logging_mixin.py:188} INFO - [2026-06-12T11:27:00.710+0000] {dagbag.py:538} INFO - Filling up the DagBag from /home/airflow/.local/lib/python3.8/site-packages/airflow/example_dags/example_setup_teardown.py
[2026-06-12T11:27:00.720+0000] {processor.py:840} INFO - DAG(s) 'example_setup_teardown' retrieved from /home/airflow/.local/lib/python3.8/site-packages/airflow/example_dags/example_setup_teardown.py
[2026-06-12T11:27:00.761+0000] {logging_mixin.py:188} INFO - [2026-06-12T11:27:00.760+0000] {dag.py:3036} INFO - Sync 1 DAGs
[2026-06-12T11:27:00.796+0000] {logging_mixin.py:188} INFO - [2026-06-12T11:27:00.796+0000] {dag.py:3823} INFO - Setting next_dagrun for example_setup_teardown to 2026-06-11 00:00:00+00:00, run_after=2026-06-12 00:00:00+00:00
[2026-06-12T11:27:00.827+0000] {processor.py:183} INFO - Processing /home/airflow/.local/lib/python3.8/site-packages/airflow/example_dags/example_setup_teardown.py took 0.126 seconds
[2026-06-12T11:27:31.504+0000] {processor.py:161} INFO - Started process (PID=3293) to work on /home/airflow/.local/lib/python3.8/site-packages/airflow/example_dags/example_setup_teardown.py
[2026-06-12T11:27:31.506+0000] {processor.py:830} INFO - Processing file /home/airflow/.local/lib/python3.8/site-packages/airflow/example_dags/example_setup_teardown.py for tasks to queue
[2026-06-12T11:27:31.509+0000] {logging_mixin.py:188} INFO - [2026-06-12T11:27:31.508+0000] {dagbag.py:538} INFO - Filling up the DagBag from /home/airflow/.local/lib/python3.8/site-packages/airflow/example_dags/example_setup_teardown.py
[2026-06-12T11:27:31.518+0000] {processor.py:840} INFO - DAG(s) 'example_setup_teardown' retrieved from /home/airflow/.local/lib/python3.8/site-packages/airflow/example_dags/example_setup_teardown.py
[2026-06-12T11:27:31.553+0000] {logging_mixin.py:188} INFO - [2026-06-12T11:27:31.553+0000] {dag.py:3036} INFO - Sync 1 DAGs
[2026-06-12T11:27:31.588+0000] {logging_mixin.py:188} INFO - [2026-06-12T11:27:31.587+0000] {dag.py:3823} INFO - Setting next_dagrun for example_setup_teardown to 2026-06-11 00:00:00+00:00, run_after=2026-06-12 00:00:00+00:00
[2026-06-12T11:27:31.615+0000] {processor.py:183} INFO - Processing /home/airflow/.local/lib/python3.8/site-packages/airflow/example_dags/example_setup_teardown.py took 0.116 seconds
[2026-06-12T11:28:02.054+0000] {processor.py:161} INFO - Started process (PID=3365) to work on /home/airflow/.local/lib/python3.8/site-packages/airflow/example_dags/example_setup_teardown.py
[2026-06-12T11:28:02.056+0000] {processor.py:830} INFO - Processing file /home/airflow/.local/lib/python3.8/site-packages/airflow/example_dags/example_setup_teardown.py for tasks to queue
[2026-06-12T11:28:02.059+0000] {logging_mixin.py:188} INFO - [2026-06-12T11:28:02.058+0000] {dagbag.py:538} INFO - Filling up the DagBag from /home/airflow/.local/lib/python3.8/site-packages/airflow/example_dags/example_setup_teardown.py
[2026-06-12T11:28:02.072+0000] {processor.py:840} INFO - DAG(s) 'example_setup_teardown' retrieved from /home/airflow/.local/lib/python3.8/site-packages/airflow/example_dags/example_setup_teardown.py
[2026-06-12T11:28:02.116+0000] {logging_mixin.py:188} INFO - [2026-06-12T11:28:02.116+0000] {dag.py:3036} INFO - Sync 1 DAGs
[2026-06-12T11:28:02.159+0000] {logging_mixin.py:188} INFO - [2026-06-12T11:28:02.158+0000] {dag.py:3823} INFO - Setting next_dagrun for example_setup_teardown to 2026-06-11 00:00:00+00:00, run_after=2026-06-12 00:00:00+00:00
[2026-06-12T11:28:02.195+0000] {processor.py:183} INFO - Processing /home/airflow/.local/lib/python3.8/site-packages/airflow/example_dags/example_setup_teardown.py took 0.151 seconds
[2026-06-12T11:28:32.678+0000] {processor.py:161} INFO - Started process (PID=3431) to work on /home/airflow/.local/lib/python3.8/site-packages/airflow/example_dags/example_setup_teardown.py
[2026-06-12T11:28:32.679+0000] {processor.py:830} INFO - Processing file /home/airflow/.local/lib/python3.8/site-packages/airflow/example_dags/example_setup_teardown.py for tasks to queue
[2026-06-12T11:28:32.682+0000] {logging_mixin.py:188} INFO - [2026-06-12T11:28:32.682+0000] {dagbag.py:538} INFO - Filling up the DagBag from /home/airflow/.local/lib/python3.8/site-packages/airflow/example_dags/example_setup_teardown.py
[2026-06-12T11:28:32.707+0000] {processor.py:840} INFO - DAG(s) 'example_setup_teardown' retrieved from /home/airflow/.local/lib/python3.8/site-packages/airflow/example_dags/example_setup_teardown.py
[2026-06-12T11:28:32.746+0000] {logging_mixin.py:188} INFO - [2026-06-12T11:28:32.746+0000] {dag.py:3036} INFO - Sync 1 DAGs
[2026-06-12T11:28:32.784+0000] {logging_mixin.py:188} INFO - [2026-06-12T11:28:32.783+0000] {dag.py:3823} INFO - Setting next_dagrun for example_setup_teardown to 2026-06-11 00:00:00+00:00, run_after=2026-06-12 00:00:00+00:00
[2026-06-12T11:28:32.813+0000] {processor.py:183} INFO - Processing /home/airflow/.local/lib/python3.8/site-packages/airflow/example_dags/example_setup_teardown.py took 0.141 seconds
[2026-06-12T11:29:03.023+0000] {processor.py:161} INFO - Started process (PID=3497) to work on /home/airflow/.local/lib/python3.8/site-packages/airflow/example_dags/example_setup_teardown.py
[2026-06-12T11:29:03.025+0000] {processor.py:830} INFO - Processing file /home/airflow/.local/lib/python3.8/site-packages/airflow/example_dags/example_setup_teardown.py for tasks to queue
[2026-06-12T11:29:03.028+0000] {logging_mixin.py:188} INFO - [2026-06-12T11:29:03.028+0000] {dagbag.py:538} INFO - Filling up the DagBag from /home/airflow/.local/lib/python3.8/site-packages/airflow/example_dags/example_setup_teardown.py
[2026-06-12T11:29:03.038+0000] {processor.py:840} INFO - DAG(s) 'example_setup_teardown' retrieved from /home/airflow/.local/lib/python3.8/site-packages/airflow/example_dags/example_setup_teardown.py
[2026-06-12T11:29:03.095+0000] {logging_mixin.py:188} INFO - [2026-06-12T11:29:03.094+0000] {dag.py:3036} INFO - Sync 1 DAGs
[2026-06-12T11:29:03.131+0000] {logging_mixin.py:188} INFO - [2026-06-12T11:29:03.131+0000] {dag.py:3823} INFO - Setting next_dagrun for example_setup_teardown to 2026-06-11 00:00:00+00:00, run_after=2026-06-12 00:00:00+00:00
[2026-06-12T11:29:03.194+0000] {processor.py:183} INFO - Processing /home/airflow/.local/lib/python3.8/site-packages/airflow/example_dags/example_setup_teardown.py took 0.175 seconds
[2026-06-12T11:29:33.840+0000] {processor.py:161} INFO - Started process (PID=3562) to work on /home/airflow/.local/lib/python3.8/site-packages/airflow/example_dags/example_setup_teardown.py
[2026-06-12T11:29:33.842+0000] {processor.py:830} INFO - Processing file /home/airflow/.local/lib/python3.8/site-packages/airflow/example_dags/example_setup_teardown.py for tasks to queue
[2026-06-12T11:29:33.845+0000] {logging_mixin.py:188} INFO - [2026-06-12T11:29:33.844+0000] {dagbag.py:538} INFO - Filling up the DagBag from /home/airflow/.local/lib/python3.8/site-packages/airflow/example_dags/example_setup_teardown.py
[2026-06-12T11:29:33.856+0000] {processor.py:840} INFO - DAG(s) 'example_setup_teardown' retrieved from /home/airflow/.local/lib/python3.8/site-packages/airflow/example_dags/example_setup_teardown.py
[2026-06-12T11:29:33.894+0000] {logging_mixin.py:188} INFO - [2026-06-12T11:29:33.894+0000] {dag.py:3036} INFO - Sync 1 DAGs
[2026-06-12T11:29:33.928+0000] {logging_mixin.py:188} INFO - [2026-06-12T11:29:33.928+0000] {dag.py:3823} INFO - Setting next_dagrun for example_setup_teardown to 2026-06-11 00:00:00+00:00, run_after=2026-06-12 00:00:00+00:00
[2026-06-12T11:29:33.956+0000] {processor.py:183} INFO - Processing /home/airflow/.local/lib/python3.8/site-packages/airflow/example_dags/example_setup_teardown.py took 0.122 seconds
[2026-06-12T11:30:04.324+0000] {processor.py:161} INFO - Started process (PID=3627) to work on /home/airflow/.local/lib/python3.8/site-packages/airflow/example_dags/example_setup_teardown.py
[2026-06-12T11:30:04.325+0000] {processor.py:830} INFO - Processing file /home/airflow/.local/lib/python3.8/site-packages/airflow/example_dags/example_setup_teardown.py for tasks to queue
[2026-06-12T11:30:04.327+0000] {logging_mixin.py:188} INFO - [2026-06-12T11:30:04.327+0000] {dagbag.py:538} INFO - Filling up the DagBag from /home/airflow/.local/lib/python3.8/site-packages/airflow/example_dags/example_setup_teardown.py
[2026-06-12T11:30:04.340+0000] {processor.py:840} INFO - DAG(s) 'example_setup_teardown' retrieved from /home/airflow/.local/lib/python3.8/site-packages/airflow/example_dags/example_setup_teardown.py
[2026-06-12T11:30:04.381+0000] {logging_mixin.py:188} INFO - [2026-06-12T11:30:04.380+0000] {dag.py:3036} INFO - Sync 1 DAGs
[2026-06-12T11:30:04.417+0000] {logging_mixin.py:188} INFO - [2026-06-12T11:30:04.417+0000] {dag.py:3823} INFO - Setting next_dagrun for example_setup_teardown to 2026-06-11 00:00:00+00:00, run_after=2026-06-12 00:00:00+00:00
[2026-06-12T11:30:04.448+0000] {processor.py:183} INFO - Processing /home/airflow/.local/lib/python3.8/site-packages/airflow/example_dags/example_setup_teardown.py took 0.129 seconds
[2026-06-12T11:30:34.731+0000] {processor.py:161} INFO - Started process (PID=3693) to work on /home/airflow/.local/lib/python3.8/site-packages/airflow/example_dags/example_setup_teardown.py
[2026-06-12T11:30:34.733+0000] {processor.py:830} INFO - Processing file /home/airflow/.local/lib/python3.8/site-packages/airflow/example_dags/example_setup_teardown.py for tasks to queue
[2026-06-12T11:30:34.735+0000] {logging_mixin.py:188} INFO - [2026-06-12T11:30:34.735+0000] {dagbag.py:538} INFO - Filling up the DagBag from /home/airflow/.local/lib/python3.8/site-packages/airflow/example_dags/example_setup_teardown.py
[2026-06-12T11:30:34.745+0000] {processor.py:840} INFO - DAG(s) 'example_setup_teardown' retrieved from /home/airflow/.local/lib/python3.8/site-packages/airflow/example_dags/example_setup_teardown.py
[2026-06-12T11:30:34.787+0000] {logging_mixin.py:188} INFO - [2026-06-12T11:30:34.787+0000] {dag.py:3036} INFO - Sync 1 DAGs
[2026-06-12T11:30:34.825+0000] {logging_mixin.py:188} INFO - [2026-06-12T11:30:34.825+0000] {dag.py:3823} INFO - Setting next_dagrun for example_setup_teardown to 2026-06-11 00:00:00+00:00, run_after=2026-06-12 00:00:00+00:00
[2026-06-12T11:30:34.855+0000] {processor.py:183} INFO - Processing /home/airflow/.local/lib/python3.8/site-packages/airflow/example_dags/example_setup_teardown.py took 0.130 seconds
[2026-06-12T11:31:05.194+0000] {processor.py:161} INFO - Started process (PID=3760) to work on /home/airflow/.local/lib/python3.8/site-packages/airflow/example_dags/example_setup_teardown.py
[2026-06-12T11:31:05.196+0000] {processor.py:830} INFO - Processing file /home/airflow/.local/lib/python3.8/site-packages/airflow/example_dags/example_setup_teardown.py for tasks to queue
[2026-06-12T11:31:05.199+0000] {logging_mixin.py:188} INFO - [2026-06-12T11:31:05.199+0000] {dagbag.py:538} INFO - Filling up the DagBag from /home/airflow/.local/lib/python3.8/site-packages/airflow/example_dags/example_setup_teardown.py
[2026-06-12T11:31:05.210+0000] {processor.py:840} INFO - DAG(s) 'example_setup_teardown' retrieved from /home/airflow/.local/lib/python3.8/site-packages/airflow/example_dags/example_setup_teardown.py
[2026-06-12T11:31:05.243+0000] {logging_mixin.py:188} INFO - [2026-06-12T11:31:05.243+0000] {dag.py:3036} INFO - Sync 1 DAGs
[2026-06-12T11:31:05.280+0000] {logging_mixin.py:188} INFO - [2026-06-12T11:31:05.280+0000] {dag.py:3823} INFO - Setting next_dagrun for example_setup_teardown to 2026-06-11 00:00:00+00:00, run_after=2026-06-12 00:00:00+00:00
[2026-06-12T11:31:05.307+0000] {processor.py:183} INFO - Processing /home/airflow/.local/lib/python3.8/site-packages/airflow/example_dags/example_setup_teardown.py took 0.117 seconds
[2026-06-12T11:31:35.572+0000] {processor.py:161} INFO - Started process (PID=3827) to work on /home/airflow/.local/lib/python3.8/site-packages/airflow/example_dags/example_setup_teardown.py
[2026-06-12T11:31:35.574+0000] {processor.py:830} INFO - Processing file /home/airflow/.local/lib/python3.8/site-packages/airflow/example_dags/example_setup_teardown.py for tasks to queue
[2026-06-12T11:31:35.576+0000] {logging_mixin.py:188} INFO - [2026-06-12T11:31:35.576+0000] {dagbag.py:538} INFO - Filling up the DagBag from /home/airflow/.local/lib/python3.8/site-packages/airflow/example_dags/example_setup_teardown.py
[2026-06-12T11:31:35.587+0000] {processor.py:840} INFO - DAG(s) 'example_setup_teardown' retrieved from /home/airflow/.local/lib/python3.8/site-packages/airflow/example_dags/example_setup_teardown.py
[2026-06-12T11:31:35.625+0000] {logging_mixin.py:188} INFO - [2026-06-12T11:31:35.624+0000] {dag.py:3036} INFO - Sync 1 DAGs
[2026-06-12T11:31:35.658+0000] {logging_mixin.py:188} INFO - [2026-06-12T11:31:35.658+0000] {dag.py:3823} INFO - Setting next_dagrun for example_setup_teardown to 2026-06-11 00:00:00+00:00, run_after=2026-06-12 00:00:00+00:00
[2026-06-12T11:31:35.684+0000] {processor.py:183} INFO - Processing /home/airflow/.local/lib/python3.8/site-packages/airflow/example_dags/example_setup_teardown.py took 0.117 seconds
[2026-06-12T11:32:05.977+0000] {processor.py:161} INFO - Started process (PID=3901) to work on /home/airflow/.local/lib/python3.8/site-packages/airflow/example_dags/example_setup_teardown.py
[2026-06-12T11:32:05.979+0000] {processor.py:830} INFO - Processing file /home/airflow/.local/lib/python3.8/site-packages/airflow/example_dags/example_setup_teardown.py for tasks to queue
[2026-06-12T11:32:05.982+0000] {logging_mixin.py:188} INFO - [2026-06-12T11:32:05.981+0000] {dagbag.py:538} INFO - Filling up the DagBag from /home/airflow/.local/lib/python3.8/site-packages/airflow/example_dags/example_setup_teardown.py
[2026-06-12T11:32:05.993+0000] {processor.py:840} INFO - DAG(s) 'example_setup_teardown' retrieved from /home/airflow/.local/lib/python3.8/site-packages/airflow/example_dags/example_setup_teardown.py
[2026-06-12T11:32:06.033+0000] {logging_mixin.py:188} INFO - [2026-06-12T11:32:06.033+0000] {dag.py:3036} INFO - Sync 1 DAGs
[2026-06-12T11:32:06.077+0000] {logging_mixin.py:188} INFO - [2026-06-12T11:32:06.076+0000] {dag.py:3823} INFO - Setting next_dagrun for example_setup_teardown to 2026-06-11 00:00:00+00:00, run_after=2026-06-12 00:00:00+00:00
[2026-06-12T11:32:06.105+0000] {processor.py:183} INFO - Processing /home/airflow/.local/lib/python3.8/site-packages/airflow/example_dags/example_setup_teardown.py took 0.133 seconds
[2026-06-12T11:32:36.408+0000] {processor.py:161} INFO - Started process (PID=3967) to work on /home/airflow/.local/lib/python3.8/site-packages/airflow/example_dags/example_setup_teardown.py
[2026-06-12T11:32:36.409+0000] {processor.py:830} INFO - Processing file /home/airflow/.local/lib/python3.8/site-packages/airflow/example_dags/example_setup_teardown.py for tasks to queue
[2026-06-12T11:32:36.411+0000] {logging_mixin.py:188} INFO - [2026-06-12T11:32:36.411+0000] {dagbag.py:538} INFO - Filling up the DagBag from /home/airflow/.local/lib/python3.8/site-packages/airflow/example_dags/example_setup_teardown.py
[2026-06-12T11:32:36.421+0000] {processor.py:840} INFO - DAG(s) 'example_setup_teardown' retrieved from /home/airflow/.local/lib/python3.8/site-packages/airflow/example_dags/example_setup_teardown.py
[2026-06-12T11:32:36.459+0000] {logging_mixin.py:188} INFO - [2026-06-12T11:32:36.458+0000] {dag.py:3036} INFO - Sync 1 DAGs
[2026-06-12T11:32:36.515+0000] {logging_mixin.py:188} INFO - [2026-06-12T11:32:36.515+0000] {dag.py:3823} INFO - Setting next_dagrun for example_setup_teardown to 2026-06-11 00:00:00+00:00, run_after=2026-06-12 00:00:00+00:00
[2026-06-12T11:32:36.546+0000] {processor.py:183} INFO - Processing /home/airflow/.local/lib/python3.8/site-packages/airflow/example_dags/example_setup_teardown.py took 0.145 seconds
[2026-06-12T11:33:07.142+0000] {processor.py:161} INFO - Started process (PID=4032) to work on /home/airflow/.local/lib/python3.8/site-packages/airflow/example_dags/example_setup_teardown.py
[2026-06-12T11:33:07.147+0000] {processor.py:830} INFO - Processing file /home/airflow/.local/lib/python3.8/site-packages/airflow/example_dags/example_setup_teardown.py for tasks to queue
[2026-06-12T11:33:07.156+0000] {logging_mixin.py:188} INFO - [2026-06-12T11:33:07.156+0000] {dagbag.py:538} INFO - Filling up the DagBag from /home/airflow/.local/lib/python3.8/site-packages/airflow/example_dags/example_setup_teardown.py
[2026-06-12T11:33:07.169+0000] {processor.py:840} INFO - DAG(s) 'example_setup_teardown' retrieved from /home/airflow/.local/lib/python3.8/site-packages/airflow/example_dags/example_setup_teardown.py
[2026-06-12T11:33:07.205+0000] {logging_mixin.py:188} INFO - [2026-06-12T11:33:07.205+0000] {dag.py:3036} INFO - Sync 1 DAGs
[2026-06-12T11:33:07.241+0000] {logging_mixin.py:188} INFO - [2026-06-12T11:33:07.241+0000] {dag.py:3823} INFO - Setting next_dagrun for example_setup_teardown to 2026-06-11 00:00:00+00:00, run_after=2026-06-12 00:00:00+00:00
[2026-06-12T11:33:07.271+0000] {processor.py:183} INFO - Processing /home/airflow/.local/lib/python3.8/site-packages/airflow/example_dags/example_setup_teardown.py took 0.134 seconds
[2026-06-12T11:33:37.742+0000] {processor.py:161} INFO - Started process (PID=4098) to work on /home/airflow/.local/lib/python3.8/site-packages/airflow/example_dags/example_setup_teardown.py
[2026-06-12T11:33:37.743+0000] {processor.py:830} INFO - Processing file /home/airflow/.local/lib/python3.8/site-packages/airflow/example_dags/example_setup_teardown.py for tasks to queue
[2026-06-12T11:33:37.745+0000] {logging_mixin.py:188} INFO - [2026-06-12T11:33:37.745+0000] {dagbag.py:538} INFO - Filling up the DagBag from /home/airflow/.local/lib/python3.8/site-packages/airflow/example_dags/example_setup_teardown.py
[2026-06-12T11:33:37.756+0000] {processor.py:840} INFO - DAG(s) 'example_setup_teardown' retrieved from /home/airflow/.local/lib/python3.8/site-packages/airflow/example_dags/example_setup_teardown.py
[2026-06-12T11:33:37.792+0000] {logging_mixin.py:188} INFO - [2026-06-12T11:33:37.792+0000] {dag.py:3036} INFO - Sync 1 DAGs
[2026-06-12T11:33:37.830+0000] {logging_mixin.py:188} INFO - [2026-06-12T11:33:37.830+0000] {dag.py:3823} INFO - Setting next_dagrun for example_setup_teardown to 2026-06-11 00:00:00+00:00, run_after=2026-06-12 00:00:00+00:00
[2026-06-12T11:33:37.858+0000] {processor.py:183} INFO - Processing /home/airflow/.local/lib/python3.8/site-packages/airflow/example_dags/example_setup_teardown.py took 0.123 seconds
[2026-06-12T11:34:08.477+0000] {processor.py:161} INFO - Started process (PID=4164) to work on /home/airflow/.local/lib/python3.8/site-packages/airflow/example_dags/example_setup_teardown.py
[2026-06-12T11:34:08.479+0000] {processor.py:830} INFO - Processing file /home/airflow/.local/lib/python3.8/site-packages/airflow/example_dags/example_setup_teardown.py for tasks to queue
[2026-06-12T11:34:08.482+0000] {logging_mixin.py:188} INFO - [2026-06-12T11:34:08.481+0000] {dagbag.py:538} INFO - Filling up the DagBag from /home/airflow/.local/lib/python3.8/site-packages/airflow/example_dags/example_setup_teardown.py
[2026-06-12T11:34:08.491+0000] {processor.py:840} INFO - DAG(s) 'example_setup_teardown' retrieved from /home/airflow/.local/lib/python3.8/site-packages/airflow/example_dags/example_setup_teardown.py
[2026-06-12T11:34:08.529+0000] {logging_mixin.py:188} INFO - [2026-06-12T11:34:08.528+0000] {dag.py:3036} INFO - Sync 1 DAGs
[2026-06-12T11:34:08.565+0000] {logging_mixin.py:188} INFO - [2026-06-12T11:34:08.565+0000] {dag.py:3823} INFO - Setting next_dagrun for example_setup_teardown to 2026-06-11 00:00:00+00:00, run_after=2026-06-12 00:00:00+00:00
[2026-06-12T11:34:08.592+0000] {processor.py:183} INFO - Processing /home/airflow/.local/lib/python3.8/site-packages/airflow/example_dags/example_setup_teardown.py took 0.121 seconds
[2026-06-12T11:34:39.461+0000] {processor.py:161} INFO - Started process (PID=4230) to work on /home/airflow/.local/lib/python3.8/site-packages/airflow/example_dags/example_setup_teardown.py
[2026-06-12T11:34:39.462+0000] {processor.py:830} INFO - Processing file /home/airflow/.local/lib/python3.8/site-packages/airflow/example_dags/example_setup_teardown.py for tasks to queue
[2026-06-12T11:34:39.464+0000] {logging_mixin.py:188} INFO - [2026-06-12T11:34:39.464+0000] {dagbag.py:538} INFO - Filling up the DagBag from /home/airflow/.local/lib/python3.8/site-packages/airflow/example_dags/example_setup_teardown.py
[2026-06-12T11:34:39.474+0000] {processor.py:840} INFO - DAG(s) 'example_setup_teardown' retrieved from /home/airflow/.local/lib/python3.8/site-packages/airflow/example_dags/example_setup_teardown.py
[2026-06-12T11:34:39.510+0000] {logging_mixin.py:188} INFO - [2026-06-12T11:34:39.510+0000] {dag.py:3036} INFO - Sync 1 DAGs
[2026-06-12T11:34:39.545+0000] {logging_mixin.py:188} INFO - [2026-06-12T11:34:39.545+0000] {dag.py:3823} INFO - Setting next_dagrun for example_setup_teardown to 2026-06-11 00:00:00+00:00, run_after=2026-06-12 00:00:00+00:00
[2026-06-12T11:34:39.578+0000] {processor.py:183} INFO - Processing /home/airflow/.local/lib/python3.8/site-packages/airflow/example_dags/example_setup_teardown.py took 0.122 seconds
[2026-06-12T11:35:09.671+0000] {processor.py:161} INFO - Started process (PID=4296) to work on /home/airflow/.local/lib/python3.8/site-packages/airflow/example_dags/example_setup_teardown.py
[2026-06-12T11:35:09.673+0000] {processor.py:830} INFO - Processing file /home/airflow/.local/lib/python3.8/site-packages/airflow/example_dags/example_setup_teardown.py for tasks to queue
[2026-06-12T11:35:09.675+0000] {logging_mixin.py:188} INFO - [2026-06-12T11:35:09.675+0000] {dagbag.py:538} INFO - Filling up the DagBag from /home/airflow/.local/lib/python3.8/site-packages/airflow/example_dags/example_setup_teardown.py
[2026-06-12T11:35:09.685+0000] {processor.py:840} INFO - DAG(s) 'example_setup_teardown' retrieved from /home/airflow/.local/lib/python3.8/site-packages/airflow/example_dags/example_setup_teardown.py
[2026-06-12T11:35:09.724+0000] {logging_mixin.py:188} INFO - [2026-06-12T11:35:09.723+0000] {dag.py:3036} INFO - Sync 1 DAGs
[2026-06-12T11:35:09.771+0000] {logging_mixin.py:188} INFO - [2026-06-12T11:35:09.771+0000] {dag.py:3823} INFO - Setting next_dagrun for example_setup_teardown to 2026-06-11 00:00:00+00:00, run_after=2026-06-12 00:00:00+00:00
[2026-06-12T11:35:09.800+0000] {processor.py:183} INFO - Processing /home/airflow/.local/lib/python3.8/site-packages/airflow/example_dags/example_setup_teardown.py took 0.133 seconds
[2026-06-12T11:35:40.119+0000] {processor.py:161} INFO - Started process (PID=4361) to work on /home/airflow/.local/lib/python3.8/site-packages/airflow/example_dags/example_setup_teardown.py
[2026-06-12T11:35:40.120+0000] {processor.py:830} INFO - Processing file /home/airflow/.local/lib/python3.8/site-packages/airflow/example_dags/example_setup_teardown.py for tasks to queue
[2026-06-12T11:35:40.122+0000] {logging_mixin.py:188} INFO - [2026-06-12T11:35:40.122+0000] {dagbag.py:538} INFO - Filling up the DagBag from /home/airflow/.local/lib/python3.8/site-packages/airflow/example_dags/example_setup_teardown.py
[2026-06-12T11:35:40.132+0000] {processor.py:840} INFO - DAG(s) 'example_setup_teardown' retrieved from /home/airflow/.local/lib/python3.8/site-packages/airflow/example_dags/example_setup_teardown.py
[2026-06-12T11:35:40.168+0000] {logging_mixin.py:188} INFO - [2026-06-12T11:35:40.167+0000] {dag.py:3036} INFO - Sync 1 DAGs
[2026-06-12T11:35:40.205+0000] {logging_mixin.py:188} INFO - [2026-06-12T11:35:40.204+0000] {dag.py:3823} INFO - Setting next_dagrun for example_setup_teardown to 2026-06-11 00:00:00+00:00, run_after=2026-06-12 00:00:00+00:00
[2026-06-12T11:35:40.240+0000] {processor.py:183} INFO - Processing /home/airflow/.local/lib/python3.8/site-packages/airflow/example_dags/example_setup_teardown.py took 0.126 seconds
[2026-06-12T11:36:10.545+0000] {processor.py:161} INFO - Started process (PID=4433) to work on /home/airflow/.local/lib/python3.8/site-packages/airflow/example_dags/example_setup_teardown.py
[2026-06-12T11:36:10.546+0000] {processor.py:830} INFO - Processing file /home/airflow/.local/lib/python3.8/site-packages/airflow/example_dags/example_setup_teardown.py for tasks to queue
[2026-06-12T11:36:10.549+0000] {logging_mixin.py:188} INFO - [2026-06-12T11:36:10.548+0000] {dagbag.py:538} INFO - Filling up the DagBag from /home/airflow/.local/lib/python3.8/site-packages/airflow/example_dags/example_setup_teardown.py
[2026-06-12T11:36:10.559+0000] {processor.py:840} INFO - DAG(s) 'example_setup_teardown' retrieved from /home/airflow/.local/lib/python3.8/site-packages/airflow/example_dags/example_setup_teardown.py
[2026-06-12T11:36:10.603+0000] {logging_mixin.py:188} INFO - [2026-06-12T11:36:10.603+0000] {dag.py:3036} INFO - Sync 1 DAGs
[2026-06-12T11:36:10.640+0000] {logging_mixin.py:188} INFO - [2026-06-12T11:36:10.640+0000] {dag.py:3823} INFO - Setting next_dagrun for example_setup_teardown to 2026-06-11 00:00:00+00:00, run_after=2026-06-12 00:00:00+00:00
[2026-06-12T11:36:10.671+0000] {processor.py:183} INFO - Processing /home/airflow/.local/lib/python3.8/site-packages/airflow/example_dags/example_setup_teardown.py took 0.132 seconds
[2026-06-12T11:36:41.220+0000] {processor.py:161} INFO - Started process (PID=4499) to work on /home/airflow/.local/lib/python3.8/site-packages/airflow/example_dags/example_setup_teardown.py
[2026-06-12T11:36:41.222+0000] {processor.py:830} INFO - Processing file /home/airflow/.local/lib/python3.8/site-packages/airflow/example_dags/example_setup_teardown.py for tasks to queue
[2026-06-12T11:36:41.225+0000] {logging_mixin.py:188} INFO - [2026-06-12T11:36:41.224+0000] {dagbag.py:538} INFO - Filling up the DagBag from /home/airflow/.local/lib/python3.8/site-packages/airflow/example_dags/example_setup_teardown.py
[2026-06-12T11:36:41.237+0000] {processor.py:840} INFO - DAG(s) 'example_setup_teardown' retrieved from /home/airflow/.local/lib/python3.8/site-packages/airflow/example_dags/example_setup_teardown.py
[2026-06-12T11:36:41.281+0000] {logging_mixin.py:188} INFO - [2026-06-12T11:36:41.281+0000] {dag.py:3036} INFO - Sync 1 DAGs
[2026-06-12T11:36:41.325+0000] {logging_mixin.py:188} INFO - [2026-06-12T11:36:41.325+0000] {dag.py:3823} INFO - Setting next_dagrun for example_setup_teardown to 2026-06-11 00:00:00+00:00, run_after=2026-06-12 00:00:00+00:00
[2026-06-12T11:36:41.359+0000] {processor.py:183} INFO - Processing /home/airflow/.local/lib/python3.8/site-packages/airflow/example_dags/example_setup_teardown.py took 0.145 seconds
