[2026-06-12T11:02:57.270+0000] {processor.py:161} INFO - Started process (PID=54) to work on /home/airflow/.local/lib/python3.8/site-packages/airflow/example_dags/example_python_operator.py
[2026-06-12T11:02:57.271+0000] {processor.py:830} INFO - Processing file /home/airflow/.local/lib/python3.8/site-packages/airflow/example_dags/example_python_operator.py for tasks to queue
[2026-06-12T11:02:57.274+0000] {logging_mixin.py:188} INFO - [2026-06-12T11:02:57.273+0000] {dagbag.py:538} INFO - Filling up the DagBag from /home/airflow/.local/lib/python3.8/site-packages/airflow/example_dags/example_python_operator.py
[2026-06-12T11:02:57.379+0000] {processor.py:840} INFO - DAG(s) 'example_python_operator' retrieved from /home/airflow/.local/lib/python3.8/site-packages/airflow/example_dags/example_python_operator.py
[2026-06-12T11:02:57.518+0000] {logging_mixin.py:188} INFO - [2026-06-12T11:02:57.518+0000] {dag.py:3036} INFO - Sync 1 DAGs
[2026-06-12T11:02:57.571+0000] {logging_mixin.py:188} INFO - [2026-06-12T11:02:57.571+0000] {dag.py:3823} INFO - Setting next_dagrun for example_python_operator to None, run_after=None
[2026-06-12T11:02:57.662+0000] {processor.py:183} INFO - Processing /home/airflow/.local/lib/python3.8/site-packages/airflow/example_dags/example_python_operator.py took 0.416 seconds
[2026-06-12T11:03:27.823+0000] {processor.py:161} INFO - Started process (PID=120) to work on /home/airflow/.local/lib/python3.8/site-packages/airflow/example_dags/example_python_operator.py
[2026-06-12T11:03:27.825+0000] {processor.py:830} INFO - Processing file /home/airflow/.local/lib/python3.8/site-packages/airflow/example_dags/example_python_operator.py for tasks to queue
[2026-06-12T11:03:27.827+0000] {logging_mixin.py:188} INFO - [2026-06-12T11:03:27.827+0000] {dagbag.py:538} INFO - Filling up the DagBag from /home/airflow/.local/lib/python3.8/site-packages/airflow/example_dags/example_python_operator.py
[2026-06-12T11:03:27.849+0000] {processor.py:840} INFO - DAG(s) 'example_python_operator' retrieved from /home/airflow/.local/lib/python3.8/site-packages/airflow/example_dags/example_python_operator.py
[2026-06-12T11:03:28.241+0000] {logging_mixin.py:188} INFO - [2026-06-12T11:03:28.241+0000] {dag.py:3036} INFO - Sync 1 DAGs
[2026-06-12T11:03:28.262+0000] {logging_mixin.py:188} INFO - [2026-06-12T11:03:28.261+0000] {dag.py:3823} INFO - Setting next_dagrun for example_python_operator to None, run_after=None
[2026-06-12T11:03:28.296+0000] {processor.py:183} INFO - Processing /home/airflow/.local/lib/python3.8/site-packages/airflow/example_dags/example_python_operator.py took 0.479 seconds
[2026-06-12T11:03:58.827+0000] {processor.py:161} INFO - Started process (PID=186) to work on /home/airflow/.local/lib/python3.8/site-packages/airflow/example_dags/example_python_operator.py
[2026-06-12T11:03:58.829+0000] {processor.py:830} INFO - Processing file /home/airflow/.local/lib/python3.8/site-packages/airflow/example_dags/example_python_operator.py for tasks to queue
[2026-06-12T11:03:58.832+0000] {logging_mixin.py:188} INFO - [2026-06-12T11:03:58.832+0000] {dagbag.py:538} INFO - Filling up the DagBag from /home/airflow/.local/lib/python3.8/site-packages/airflow/example_dags/example_python_operator.py
[2026-06-12T11:03:58.853+0000] {processor.py:840} INFO - DAG(s) 'example_python_operator' retrieved from /home/airflow/.local/lib/python3.8/site-packages/airflow/example_dags/example_python_operator.py
[2026-06-12T11:03:58.900+0000] {logging_mixin.py:188} INFO - [2026-06-12T11:03:58.899+0000] {dag.py:3036} INFO - Sync 1 DAGs
[2026-06-12T11:03:58.924+0000] {logging_mixin.py:188} INFO - [2026-06-12T11:03:58.924+0000] {dag.py:3823} INFO - Setting next_dagrun for example_python_operator to None, run_after=None
[2026-06-12T11:03:58.957+0000] {processor.py:183} INFO - Processing /home/airflow/.local/lib/python3.8/site-packages/airflow/example_dags/example_python_operator.py took 0.135 seconds
[2026-06-12T11:04:29.422+0000] {processor.py:161} INFO - Started process (PID=253) to work on /home/airflow/.local/lib/python3.8/site-packages/airflow/example_dags/example_python_operator.py
[2026-06-12T11:04:29.423+0000] {processor.py:830} INFO - Processing file /home/airflow/.local/lib/python3.8/site-packages/airflow/example_dags/example_python_operator.py for tasks to queue
[2026-06-12T11:04:29.427+0000] {logging_mixin.py:188} INFO - [2026-06-12T11:04:29.426+0000] {dagbag.py:538} INFO - Filling up the DagBag from /home/airflow/.local/lib/python3.8/site-packages/airflow/example_dags/example_python_operator.py
[2026-06-12T11:04:29.448+0000] {processor.py:840} INFO - DAG(s) 'example_python_operator' retrieved from /home/airflow/.local/lib/python3.8/site-packages/airflow/example_dags/example_python_operator.py
[2026-06-12T11:04:29.499+0000] {logging_mixin.py:188} INFO - [2026-06-12T11:04:29.498+0000] {dag.py:3036} INFO - Sync 1 DAGs
[2026-06-12T11:04:29.540+0000] {logging_mixin.py:188} INFO - [2026-06-12T11:04:29.539+0000] {dag.py:3823} INFO - Setting next_dagrun for example_python_operator to None, run_after=None
[2026-06-12T11:04:29.571+0000] {processor.py:183} INFO - Processing /home/airflow/.local/lib/python3.8/site-packages/airflow/example_dags/example_python_operator.py took 0.155 seconds
[2026-06-12T11:04:59.620+0000] {processor.py:161} INFO - Started process (PID=319) to work on /home/airflow/.local/lib/python3.8/site-packages/airflow/example_dags/example_python_operator.py
[2026-06-12T11:04:59.622+0000] {processor.py:830} INFO - Processing file /home/airflow/.local/lib/python3.8/site-packages/airflow/example_dags/example_python_operator.py for tasks to queue
[2026-06-12T11:04:59.624+0000] {logging_mixin.py:188} INFO - [2026-06-12T11:04:59.624+0000] {dagbag.py:538} INFO - Filling up the DagBag from /home/airflow/.local/lib/python3.8/site-packages/airflow/example_dags/example_python_operator.py
[2026-06-12T11:04:59.642+0000] {processor.py:840} INFO - DAG(s) 'example_python_operator' retrieved from /home/airflow/.local/lib/python3.8/site-packages/airflow/example_dags/example_python_operator.py
[2026-06-12T11:04:59.686+0000] {logging_mixin.py:188} INFO - [2026-06-12T11:04:59.686+0000] {dag.py:3036} INFO - Sync 1 DAGs
[2026-06-12T11:04:59.712+0000] {logging_mixin.py:188} INFO - [2026-06-12T11:04:59.711+0000] {dag.py:3823} INFO - Setting next_dagrun for example_python_operator to None, run_after=None
[2026-06-12T11:04:59.744+0000] {processor.py:183} INFO - Processing /home/airflow/.local/lib/python3.8/site-packages/airflow/example_dags/example_python_operator.py took 0.129 seconds
[2026-06-12T11:05:30.196+0000] {processor.py:161} INFO - Started process (PID=385) to work on /home/airflow/.local/lib/python3.8/site-packages/airflow/example_dags/example_python_operator.py
[2026-06-12T11:05:30.198+0000] {processor.py:830} INFO - Processing file /home/airflow/.local/lib/python3.8/site-packages/airflow/example_dags/example_python_operator.py for tasks to queue
[2026-06-12T11:05:30.201+0000] {logging_mixin.py:188} INFO - [2026-06-12T11:05:30.201+0000] {dagbag.py:538} INFO - Filling up the DagBag from /home/airflow/.local/lib/python3.8/site-packages/airflow/example_dags/example_python_operator.py
[2026-06-12T11:05:30.219+0000] {processor.py:840} INFO - DAG(s) 'example_python_operator' retrieved from /home/airflow/.local/lib/python3.8/site-packages/airflow/example_dags/example_python_operator.py
[2026-06-12T11:05:30.257+0000] {logging_mixin.py:188} INFO - [2026-06-12T11:05:30.257+0000] {dag.py:3036} INFO - Sync 1 DAGs
[2026-06-12T11:05:30.276+0000] {logging_mixin.py:188} INFO - [2026-06-12T11:05:30.275+0000] {dag.py:3823} INFO - Setting next_dagrun for example_python_operator to None, run_after=None
[2026-06-12T11:05:30.304+0000] {processor.py:183} INFO - Processing /home/airflow/.local/lib/python3.8/site-packages/airflow/example_dags/example_python_operator.py took 0.113 seconds
[2026-06-12T11:06:00.584+0000] {processor.py:161} INFO - Started process (PID=451) to work on /home/airflow/.local/lib/python3.8/site-packages/airflow/example_dags/example_python_operator.py
[2026-06-12T11:06:00.586+0000] {processor.py:830} INFO - Processing file /home/airflow/.local/lib/python3.8/site-packages/airflow/example_dags/example_python_operator.py for tasks to queue
[2026-06-12T11:06:00.588+0000] {logging_mixin.py:188} INFO - [2026-06-12T11:06:00.588+0000] {dagbag.py:538} INFO - Filling up the DagBag from /home/airflow/.local/lib/python3.8/site-packages/airflow/example_dags/example_python_operator.py
[2026-06-12T11:06:00.605+0000] {processor.py:840} INFO - DAG(s) 'example_python_operator' retrieved from /home/airflow/.local/lib/python3.8/site-packages/airflow/example_dags/example_python_operator.py
[2026-06-12T11:06:00.648+0000] {logging_mixin.py:188} INFO - [2026-06-12T11:06:00.648+0000] {dag.py:3036} INFO - Sync 1 DAGs
[2026-06-12T11:06:00.671+0000] {logging_mixin.py:188} INFO - [2026-06-12T11:06:00.671+0000] {dag.py:3823} INFO - Setting next_dagrun for example_python_operator to None, run_after=None
[2026-06-12T11:06:00.699+0000] {processor.py:183} INFO - Processing /home/airflow/.local/lib/python3.8/site-packages/airflow/example_dags/example_python_operator.py took 0.120 seconds
[2026-06-12T11:06:31.021+0000] {processor.py:161} INFO - Started process (PID=516) to work on /home/airflow/.local/lib/python3.8/site-packages/airflow/example_dags/example_python_operator.py
[2026-06-12T11:06:31.022+0000] {processor.py:830} INFO - Processing file /home/airflow/.local/lib/python3.8/site-packages/airflow/example_dags/example_python_operator.py for tasks to queue
[2026-06-12T11:06:31.024+0000] {logging_mixin.py:188} INFO - [2026-06-12T11:06:31.024+0000] {dagbag.py:538} INFO - Filling up the DagBag from /home/airflow/.local/lib/python3.8/site-packages/airflow/example_dags/example_python_operator.py
[2026-06-12T11:06:31.042+0000] {processor.py:840} INFO - DAG(s) 'example_python_operator' retrieved from /home/airflow/.local/lib/python3.8/site-packages/airflow/example_dags/example_python_operator.py
[2026-06-12T11:06:31.085+0000] {logging_mixin.py:188} INFO - [2026-06-12T11:06:31.085+0000] {dag.py:3036} INFO - Sync 1 DAGs
[2026-06-12T11:06:31.109+0000] {logging_mixin.py:188} INFO - [2026-06-12T11:06:31.108+0000] {dag.py:3823} INFO - Setting next_dagrun for example_python_operator to None, run_after=None
[2026-06-12T11:06:31.143+0000] {processor.py:183} INFO - Processing /home/airflow/.local/lib/python3.8/site-packages/airflow/example_dags/example_python_operator.py took 0.127 seconds
[2026-06-12T11:07:01.374+0000] {processor.py:161} INFO - Started process (PID=581) to work on /home/airflow/.local/lib/python3.8/site-packages/airflow/example_dags/example_python_operator.py
[2026-06-12T11:07:01.376+0000] {processor.py:830} INFO - Processing file /home/airflow/.local/lib/python3.8/site-packages/airflow/example_dags/example_python_operator.py for tasks to queue
[2026-06-12T11:07:01.379+0000] {logging_mixin.py:188} INFO - [2026-06-12T11:07:01.379+0000] {dagbag.py:538} INFO - Filling up the DagBag from /home/airflow/.local/lib/python3.8/site-packages/airflow/example_dags/example_python_operator.py
[2026-06-12T11:07:01.400+0000] {processor.py:840} INFO - DAG(s) 'example_python_operator' retrieved from /home/airflow/.local/lib/python3.8/site-packages/airflow/example_dags/example_python_operator.py
[2026-06-12T11:07:01.450+0000] {logging_mixin.py:188} INFO - [2026-06-12T11:07:01.450+0000] {dag.py:3036} INFO - Sync 1 DAGs
[2026-06-12T11:07:01.482+0000] {logging_mixin.py:188} INFO - [2026-06-12T11:07:01.481+0000] {dag.py:3823} INFO - Setting next_dagrun for example_python_operator to None, run_after=None
[2026-06-12T11:07:01.515+0000] {processor.py:183} INFO - Processing /home/airflow/.local/lib/python3.8/site-packages/airflow/example_dags/example_python_operator.py took 0.147 seconds
[2026-06-12T11:07:31.786+0000] {processor.py:161} INFO - Started process (PID=646) to work on /home/airflow/.local/lib/python3.8/site-packages/airflow/example_dags/example_python_operator.py
[2026-06-12T11:07:31.787+0000] {processor.py:830} INFO - Processing file /home/airflow/.local/lib/python3.8/site-packages/airflow/example_dags/example_python_operator.py for tasks to queue
[2026-06-12T11:07:31.790+0000] {logging_mixin.py:188} INFO - [2026-06-12T11:07:31.790+0000] {dagbag.py:538} INFO - Filling up the DagBag from /home/airflow/.local/lib/python3.8/site-packages/airflow/example_dags/example_python_operator.py
[2026-06-12T11:07:31.810+0000] {processor.py:840} INFO - DAG(s) 'example_python_operator' retrieved from /home/airflow/.local/lib/python3.8/site-packages/airflow/example_dags/example_python_operator.py
[2026-06-12T11:07:31.858+0000] {logging_mixin.py:188} INFO - [2026-06-12T11:07:31.858+0000] {dag.py:3036} INFO - Sync 1 DAGs
[2026-06-12T11:07:31.884+0000] {logging_mixin.py:188} INFO - [2026-06-12T11:07:31.884+0000] {dag.py:3823} INFO - Setting next_dagrun for example_python_operator to None, run_after=None
[2026-06-12T11:07:31.921+0000] {processor.py:183} INFO - Processing /home/airflow/.local/lib/python3.8/site-packages/airflow/example_dags/example_python_operator.py took 0.141 seconds
[2026-06-12T11:08:01.987+0000] {processor.py:161} INFO - Started process (PID=712) to work on /home/airflow/.local/lib/python3.8/site-packages/airflow/example_dags/example_python_operator.py
[2026-06-12T11:08:01.989+0000] {processor.py:830} INFO - Processing file /home/airflow/.local/lib/python3.8/site-packages/airflow/example_dags/example_python_operator.py for tasks to queue
[2026-06-12T11:08:01.991+0000] {logging_mixin.py:188} INFO - [2026-06-12T11:08:01.991+0000] {dagbag.py:538} INFO - Filling up the DagBag from /home/airflow/.local/lib/python3.8/site-packages/airflow/example_dags/example_python_operator.py
[2026-06-12T11:08:02.011+0000] {processor.py:840} INFO - DAG(s) 'example_python_operator' retrieved from /home/airflow/.local/lib/python3.8/site-packages/airflow/example_dags/example_python_operator.py
[2026-06-12T11:08:02.065+0000] {logging_mixin.py:188} INFO - [2026-06-12T11:08:02.065+0000] {dag.py:3036} INFO - Sync 1 DAGs
[2026-06-12T11:08:02.092+0000] {logging_mixin.py:188} INFO - [2026-06-12T11:08:02.092+0000] {dag.py:3823} INFO - Setting next_dagrun for example_python_operator to None, run_after=None
[2026-06-12T11:08:02.123+0000] {processor.py:183} INFO - Processing /home/airflow/.local/lib/python3.8/site-packages/airflow/example_dags/example_python_operator.py took 0.142 seconds
[2026-06-12T11:08:32.480+0000] {processor.py:161} INFO - Started process (PID=787) to work on /home/airflow/.local/lib/python3.8/site-packages/airflow/example_dags/example_python_operator.py
[2026-06-12T11:08:32.483+0000] {processor.py:830} INFO - Processing file /home/airflow/.local/lib/python3.8/site-packages/airflow/example_dags/example_python_operator.py for tasks to queue
[2026-06-12T11:08:32.486+0000] {logging_mixin.py:188} INFO - [2026-06-12T11:08:32.485+0000] {dagbag.py:538} INFO - Filling up the DagBag from /home/airflow/.local/lib/python3.8/site-packages/airflow/example_dags/example_python_operator.py
[2026-06-12T11:08:32.503+0000] {processor.py:840} INFO - DAG(s) 'example_python_operator' retrieved from /home/airflow/.local/lib/python3.8/site-packages/airflow/example_dags/example_python_operator.py
[2026-06-12T11:08:32.549+0000] {logging_mixin.py:188} INFO - [2026-06-12T11:08:32.549+0000] {dag.py:3036} INFO - Sync 1 DAGs
[2026-06-12T11:08:32.574+0000] {logging_mixin.py:188} INFO - [2026-06-12T11:08:32.573+0000] {dag.py:3823} INFO - Setting next_dagrun for example_python_operator to None, run_after=None
[2026-06-12T11:08:32.608+0000] {processor.py:183} INFO - Processing /home/airflow/.local/lib/python3.8/site-packages/airflow/example_dags/example_python_operator.py took 0.134 seconds
[2026-06-12T11:09:02.874+0000] {processor.py:161} INFO - Started process (PID=852) to work on /home/airflow/.local/lib/python3.8/site-packages/airflow/example_dags/example_python_operator.py
[2026-06-12T11:09:02.875+0000] {processor.py:830} INFO - Processing file /home/airflow/.local/lib/python3.8/site-packages/airflow/example_dags/example_python_operator.py for tasks to queue
[2026-06-12T11:09:02.878+0000] {logging_mixin.py:188} INFO - [2026-06-12T11:09:02.877+0000] {dagbag.py:538} INFO - Filling up the DagBag from /home/airflow/.local/lib/python3.8/site-packages/airflow/example_dags/example_python_operator.py
[2026-06-12T11:09:02.899+0000] {processor.py:840} INFO - DAG(s) 'example_python_operator' retrieved from /home/airflow/.local/lib/python3.8/site-packages/airflow/example_dags/example_python_operator.py
[2026-06-12T11:09:02.948+0000] {logging_mixin.py:188} INFO - [2026-06-12T11:09:02.948+0000] {dag.py:3036} INFO - Sync 1 DAGs
[2026-06-12T11:09:02.968+0000] {logging_mixin.py:188} INFO - [2026-06-12T11:09:02.968+0000] {dag.py:3823} INFO - Setting next_dagrun for example_python_operator to None, run_after=None
[2026-06-12T11:09:02.996+0000] {processor.py:183} INFO - Processing /home/airflow/.local/lib/python3.8/site-packages/airflow/example_dags/example_python_operator.py took 0.128 seconds
[2026-06-12T11:09:33.489+0000] {processor.py:161} INFO - Started process (PID=919) to work on /home/airflow/.local/lib/python3.8/site-packages/airflow/example_dags/example_python_operator.py
[2026-06-12T11:09:33.491+0000] {processor.py:830} INFO - Processing file /home/airflow/.local/lib/python3.8/site-packages/airflow/example_dags/example_python_operator.py for tasks to queue
[2026-06-12T11:09:33.494+0000] {logging_mixin.py:188} INFO - [2026-06-12T11:09:33.494+0000] {dagbag.py:538} INFO - Filling up the DagBag from /home/airflow/.local/lib/python3.8/site-packages/airflow/example_dags/example_python_operator.py
[2026-06-12T11:09:33.512+0000] {processor.py:840} INFO - DAG(s) 'example_python_operator' retrieved from /home/airflow/.local/lib/python3.8/site-packages/airflow/example_dags/example_python_operator.py
[2026-06-12T11:09:33.554+0000] {logging_mixin.py:188} INFO - [2026-06-12T11:09:33.554+0000] {dag.py:3036} INFO - Sync 1 DAGs
[2026-06-12T11:09:33.577+0000] {logging_mixin.py:188} INFO - [2026-06-12T11:09:33.577+0000] {dag.py:3823} INFO - Setting next_dagrun for example_python_operator to None, run_after=None
[2026-06-12T11:09:33.612+0000] {processor.py:183} INFO - Processing /home/airflow/.local/lib/python3.8/site-packages/airflow/example_dags/example_python_operator.py took 0.127 seconds
[2026-06-12T11:10:03.830+0000] {processor.py:161} INFO - Started process (PID=984) to work on /home/airflow/.local/lib/python3.8/site-packages/airflow/example_dags/example_python_operator.py
[2026-06-12T11:10:03.832+0000] {processor.py:830} INFO - Processing file /home/airflow/.local/lib/python3.8/site-packages/airflow/example_dags/example_python_operator.py for tasks to queue
[2026-06-12T11:10:03.836+0000] {logging_mixin.py:188} INFO - [2026-06-12T11:10:03.835+0000] {dagbag.py:538} INFO - Filling up the DagBag from /home/airflow/.local/lib/python3.8/site-packages/airflow/example_dags/example_python_operator.py
[2026-06-12T11:10:03.856+0000] {processor.py:840} INFO - DAG(s) 'example_python_operator' retrieved from /home/airflow/.local/lib/python3.8/site-packages/airflow/example_dags/example_python_operator.py
[2026-06-12T11:10:03.906+0000] {logging_mixin.py:188} INFO - [2026-06-12T11:10:03.905+0000] {dag.py:3036} INFO - Sync 1 DAGs
[2026-06-12T11:10:03.931+0000] {logging_mixin.py:188} INFO - [2026-06-12T11:10:03.931+0000] {dag.py:3823} INFO - Setting next_dagrun for example_python_operator to None, run_after=None
[2026-06-12T11:10:03.967+0000] {processor.py:183} INFO - Processing /home/airflow/.local/lib/python3.8/site-packages/airflow/example_dags/example_python_operator.py took 0.146 seconds
[2026-06-12T11:10:34.303+0000] {processor.py:161} INFO - Started process (PID=1049) to work on /home/airflow/.local/lib/python3.8/site-packages/airflow/example_dags/example_python_operator.py
[2026-06-12T11:10:34.305+0000] {processor.py:830} INFO - Processing file /home/airflow/.local/lib/python3.8/site-packages/airflow/example_dags/example_python_operator.py for tasks to queue
[2026-06-12T11:10:34.308+0000] {logging_mixin.py:188} INFO - [2026-06-12T11:10:34.307+0000] {dagbag.py:538} INFO - Filling up the DagBag from /home/airflow/.local/lib/python3.8/site-packages/airflow/example_dags/example_python_operator.py
[2026-06-12T11:10:34.328+0000] {processor.py:840} INFO - DAG(s) 'example_python_operator' retrieved from /home/airflow/.local/lib/python3.8/site-packages/airflow/example_dags/example_python_operator.py
[2026-06-12T11:10:34.373+0000] {logging_mixin.py:188} INFO - [2026-06-12T11:10:34.372+0000] {dag.py:3036} INFO - Sync 1 DAGs
[2026-06-12T11:10:34.393+0000] {logging_mixin.py:188} INFO - [2026-06-12T11:10:34.393+0000] {dag.py:3823} INFO - Setting next_dagrun for example_python_operator to None, run_after=None
[2026-06-12T11:10:34.424+0000] {processor.py:183} INFO - Processing /home/airflow/.local/lib/python3.8/site-packages/airflow/example_dags/example_python_operator.py took 0.127 seconds
[2026-06-12T11:11:04.623+0000] {processor.py:161} INFO - Started process (PID=1115) to work on /home/airflow/.local/lib/python3.8/site-packages/airflow/example_dags/example_python_operator.py
[2026-06-12T11:11:04.625+0000] {processor.py:830} INFO - Processing file /home/airflow/.local/lib/python3.8/site-packages/airflow/example_dags/example_python_operator.py for tasks to queue
[2026-06-12T11:11:04.627+0000] {logging_mixin.py:188} INFO - [2026-06-12T11:11:04.627+0000] {dagbag.py:538} INFO - Filling up the DagBag from /home/airflow/.local/lib/python3.8/site-packages/airflow/example_dags/example_python_operator.py
[2026-06-12T11:11:04.644+0000] {processor.py:840} INFO - DAG(s) 'example_python_operator' retrieved from /home/airflow/.local/lib/python3.8/site-packages/airflow/example_dags/example_python_operator.py
[2026-06-12T11:11:04.683+0000] {logging_mixin.py:188} INFO - [2026-06-12T11:11:04.683+0000] {dag.py:3036} INFO - Sync 1 DAGs
[2026-06-12T11:11:04.704+0000] {logging_mixin.py:188} INFO - [2026-06-12T11:11:04.703+0000] {dag.py:3823} INFO - Setting next_dagrun for example_python_operator to None, run_after=None
[2026-06-12T11:11:04.734+0000] {processor.py:183} INFO - Processing /home/airflow/.local/lib/python3.8/site-packages/airflow/example_dags/example_python_operator.py took 0.115 seconds
[2026-06-12T11:11:34.838+0000] {processor.py:161} INFO - Started process (PID=1182) to work on /home/airflow/.local/lib/python3.8/site-packages/airflow/example_dags/example_python_operator.py
[2026-06-12T11:11:34.839+0000] {processor.py:830} INFO - Processing file /home/airflow/.local/lib/python3.8/site-packages/airflow/example_dags/example_python_operator.py for tasks to queue
[2026-06-12T11:11:34.842+0000] {logging_mixin.py:188} INFO - [2026-06-12T11:11:34.841+0000] {dagbag.py:538} INFO - Filling up the DagBag from /home/airflow/.local/lib/python3.8/site-packages/airflow/example_dags/example_python_operator.py
[2026-06-12T11:11:34.858+0000] {processor.py:840} INFO - DAG(s) 'example_python_operator' retrieved from /home/airflow/.local/lib/python3.8/site-packages/airflow/example_dags/example_python_operator.py
[2026-06-12T11:11:34.895+0000] {logging_mixin.py:188} INFO - [2026-06-12T11:11:34.894+0000] {dag.py:3036} INFO - Sync 1 DAGs
[2026-06-12T11:11:34.914+0000] {logging_mixin.py:188} INFO - [2026-06-12T11:11:34.913+0000] {dag.py:3823} INFO - Setting next_dagrun for example_python_operator to None, run_after=None
[2026-06-12T11:11:34.940+0000] {processor.py:183} INFO - Processing /home/airflow/.local/lib/python3.8/site-packages/airflow/example_dags/example_python_operator.py took 0.107 seconds
[2026-06-12T11:12:05.000+0000] {processor.py:161} INFO - Started process (PID=1248) to work on /home/airflow/.local/lib/python3.8/site-packages/airflow/example_dags/example_python_operator.py
[2026-06-12T11:12:05.001+0000] {processor.py:830} INFO - Processing file /home/airflow/.local/lib/python3.8/site-packages/airflow/example_dags/example_python_operator.py for tasks to queue
[2026-06-12T11:12:05.004+0000] {logging_mixin.py:188} INFO - [2026-06-12T11:12:05.004+0000] {dagbag.py:538} INFO - Filling up the DagBag from /home/airflow/.local/lib/python3.8/site-packages/airflow/example_dags/example_python_operator.py
[2026-06-12T11:12:05.022+0000] {processor.py:840} INFO - DAG(s) 'example_python_operator' retrieved from /home/airflow/.local/lib/python3.8/site-packages/airflow/example_dags/example_python_operator.py
[2026-06-12T11:12:05.066+0000] {logging_mixin.py:188} INFO - [2026-06-12T11:12:05.065+0000] {dag.py:3036} INFO - Sync 1 DAGs
[2026-06-12T11:12:05.087+0000] {logging_mixin.py:188} INFO - [2026-06-12T11:12:05.086+0000] {dag.py:3823} INFO - Setting next_dagrun for example_python_operator to None, run_after=None
[2026-06-12T11:12:05.121+0000] {processor.py:183} INFO - Processing /home/airflow/.local/lib/python3.8/site-packages/airflow/example_dags/example_python_operator.py took 0.126 seconds
[2026-06-12T11:12:35.462+0000] {processor.py:161} INFO - Started process (PID=1323) to work on /home/airflow/.local/lib/python3.8/site-packages/airflow/example_dags/example_python_operator.py
[2026-06-12T11:12:35.465+0000] {processor.py:830} INFO - Processing file /home/airflow/.local/lib/python3.8/site-packages/airflow/example_dags/example_python_operator.py for tasks to queue
[2026-06-12T11:12:35.468+0000] {logging_mixin.py:188} INFO - [2026-06-12T11:12:35.467+0000] {dagbag.py:538} INFO - Filling up the DagBag from /home/airflow/.local/lib/python3.8/site-packages/airflow/example_dags/example_python_operator.py
[2026-06-12T11:12:35.488+0000] {processor.py:840} INFO - DAG(s) 'example_python_operator' retrieved from /home/airflow/.local/lib/python3.8/site-packages/airflow/example_dags/example_python_operator.py
[2026-06-12T11:12:35.536+0000] {logging_mixin.py:188} INFO - [2026-06-12T11:12:35.535+0000] {dag.py:3036} INFO - Sync 1 DAGs
[2026-06-12T11:12:35.560+0000] {logging_mixin.py:188} INFO - [2026-06-12T11:12:35.560+0000] {dag.py:3823} INFO - Setting next_dagrun for example_python_operator to None, run_after=None
[2026-06-12T11:12:35.598+0000] {processor.py:183} INFO - Processing /home/airflow/.local/lib/python3.8/site-packages/airflow/example_dags/example_python_operator.py took 0.142 seconds
[2026-06-12T11:13:06.400+0000] {processor.py:161} INFO - Started process (PID=1389) to work on /home/airflow/.local/lib/python3.8/site-packages/airflow/example_dags/example_python_operator.py
[2026-06-12T11:13:06.402+0000] {processor.py:830} INFO - Processing file /home/airflow/.local/lib/python3.8/site-packages/airflow/example_dags/example_python_operator.py for tasks to queue
[2026-06-12T11:13:06.405+0000] {logging_mixin.py:188} INFO - [2026-06-12T11:13:06.405+0000] {dagbag.py:538} INFO - Filling up the DagBag from /home/airflow/.local/lib/python3.8/site-packages/airflow/example_dags/example_python_operator.py
[2026-06-12T11:13:06.424+0000] {processor.py:840} INFO - DAG(s) 'example_python_operator' retrieved from /home/airflow/.local/lib/python3.8/site-packages/airflow/example_dags/example_python_operator.py
[2026-06-12T11:13:06.469+0000] {logging_mixin.py:188} INFO - [2026-06-12T11:13:06.469+0000] {dag.py:3036} INFO - Sync 1 DAGs
[2026-06-12T11:13:06.494+0000] {logging_mixin.py:188} INFO - [2026-06-12T11:13:06.493+0000] {dag.py:3823} INFO - Setting next_dagrun for example_python_operator to None, run_after=None
[2026-06-12T11:13:06.526+0000] {processor.py:183} INFO - Processing /home/airflow/.local/lib/python3.8/site-packages/airflow/example_dags/example_python_operator.py took 0.131 seconds
[2026-06-12T11:13:37.239+0000] {processor.py:161} INFO - Started process (PID=1455) to work on /home/airflow/.local/lib/python3.8/site-packages/airflow/example_dags/example_python_operator.py
[2026-06-12T11:13:37.240+0000] {processor.py:830} INFO - Processing file /home/airflow/.local/lib/python3.8/site-packages/airflow/example_dags/example_python_operator.py for tasks to queue
[2026-06-12T11:13:37.243+0000] {logging_mixin.py:188} INFO - [2026-06-12T11:13:37.243+0000] {dagbag.py:538} INFO - Filling up the DagBag from /home/airflow/.local/lib/python3.8/site-packages/airflow/example_dags/example_python_operator.py
[2026-06-12T11:13:37.263+0000] {processor.py:840} INFO - DAG(s) 'example_python_operator' retrieved from /home/airflow/.local/lib/python3.8/site-packages/airflow/example_dags/example_python_operator.py
[2026-06-12T11:13:37.309+0000] {logging_mixin.py:188} INFO - [2026-06-12T11:13:37.308+0000] {dag.py:3036} INFO - Sync 1 DAGs
[2026-06-12T11:13:37.334+0000] {logging_mixin.py:188} INFO - [2026-06-12T11:13:37.334+0000] {dag.py:3823} INFO - Setting next_dagrun for example_python_operator to None, run_after=None
[2026-06-12T11:13:37.366+0000] {processor.py:183} INFO - Processing /home/airflow/.local/lib/python3.8/site-packages/airflow/example_dags/example_python_operator.py took 0.132 seconds
[2026-06-12T11:14:07.911+0000] {processor.py:161} INFO - Started process (PID=1522) to work on /home/airflow/.local/lib/python3.8/site-packages/airflow/example_dags/example_python_operator.py
[2026-06-12T11:14:07.913+0000] {processor.py:830} INFO - Processing file /home/airflow/.local/lib/python3.8/site-packages/airflow/example_dags/example_python_operator.py for tasks to queue
[2026-06-12T11:14:07.916+0000] {logging_mixin.py:188} INFO - [2026-06-12T11:14:07.915+0000] {dagbag.py:538} INFO - Filling up the DagBag from /home/airflow/.local/lib/python3.8/site-packages/airflow/example_dags/example_python_operator.py
[2026-06-12T11:14:07.937+0000] {processor.py:840} INFO - DAG(s) 'example_python_operator' retrieved from /home/airflow/.local/lib/python3.8/site-packages/airflow/example_dags/example_python_operator.py
[2026-06-12T11:14:07.981+0000] {logging_mixin.py:188} INFO - [2026-06-12T11:14:07.981+0000] {dag.py:3036} INFO - Sync 1 DAGs
[2026-06-12T11:14:08.006+0000] {logging_mixin.py:188} INFO - [2026-06-12T11:14:08.006+0000] {dag.py:3823} INFO - Setting next_dagrun for example_python_operator to None, run_after=None
[2026-06-12T11:14:08.040+0000] {processor.py:183} INFO - Processing /home/airflow/.local/lib/python3.8/site-packages/airflow/example_dags/example_python_operator.py took 0.135 seconds
[2026-06-12T11:14:38.732+0000] {processor.py:161} INFO - Started process (PID=1588) to work on /home/airflow/.local/lib/python3.8/site-packages/airflow/example_dags/example_python_operator.py
[2026-06-12T11:14:38.734+0000] {processor.py:830} INFO - Processing file /home/airflow/.local/lib/python3.8/site-packages/airflow/example_dags/example_python_operator.py for tasks to queue
[2026-06-12T11:14:38.736+0000] {logging_mixin.py:188} INFO - [2026-06-12T11:14:38.736+0000] {dagbag.py:538} INFO - Filling up the DagBag from /home/airflow/.local/lib/python3.8/site-packages/airflow/example_dags/example_python_operator.py
[2026-06-12T11:14:38.754+0000] {processor.py:840} INFO - DAG(s) 'example_python_operator' retrieved from /home/airflow/.local/lib/python3.8/site-packages/airflow/example_dags/example_python_operator.py
[2026-06-12T11:14:38.794+0000] {logging_mixin.py:188} INFO - [2026-06-12T11:14:38.793+0000] {dag.py:3036} INFO - Sync 1 DAGs
[2026-06-12T11:14:38.813+0000] {logging_mixin.py:188} INFO - [2026-06-12T11:14:38.813+0000] {dag.py:3823} INFO - Setting next_dagrun for example_python_operator to None, run_after=None
[2026-06-12T11:14:38.843+0000] {processor.py:183} INFO - Processing /home/airflow/.local/lib/python3.8/site-packages/airflow/example_dags/example_python_operator.py took 0.117 seconds
[2026-06-12T11:15:08.970+0000] {processor.py:161} INFO - Started process (PID=1654) to work on /home/airflow/.local/lib/python3.8/site-packages/airflow/example_dags/example_python_operator.py
[2026-06-12T11:15:08.971+0000] {processor.py:830} INFO - Processing file /home/airflow/.local/lib/python3.8/site-packages/airflow/example_dags/example_python_operator.py for tasks to queue
[2026-06-12T11:15:08.974+0000] {logging_mixin.py:188} INFO - [2026-06-12T11:15:08.973+0000] {dagbag.py:538} INFO - Filling up the DagBag from /home/airflow/.local/lib/python3.8/site-packages/airflow/example_dags/example_python_operator.py
[2026-06-12T11:15:08.992+0000] {processor.py:840} INFO - DAG(s) 'example_python_operator' retrieved from /home/airflow/.local/lib/python3.8/site-packages/airflow/example_dags/example_python_operator.py
[2026-06-12T11:15:09.033+0000] {logging_mixin.py:188} INFO - [2026-06-12T11:15:09.032+0000] {dag.py:3036} INFO - Sync 1 DAGs
[2026-06-12T11:15:09.051+0000] {logging_mixin.py:188} INFO - [2026-06-12T11:15:09.051+0000] {dag.py:3823} INFO - Setting next_dagrun for example_python_operator to None, run_after=None
[2026-06-12T11:15:09.079+0000] {processor.py:183} INFO - Processing /home/airflow/.local/lib/python3.8/site-packages/airflow/example_dags/example_python_operator.py took 0.114 seconds
[2026-06-12T11:15:39.656+0000] {processor.py:161} INFO - Started process (PID=1721) to work on /home/airflow/.local/lib/python3.8/site-packages/airflow/example_dags/example_python_operator.py
[2026-06-12T11:15:39.658+0000] {processor.py:830} INFO - Processing file /home/airflow/.local/lib/python3.8/site-packages/airflow/example_dags/example_python_operator.py for tasks to queue
[2026-06-12T11:15:39.660+0000] {logging_mixin.py:188} INFO - [2026-06-12T11:15:39.660+0000] {dagbag.py:538} INFO - Filling up the DagBag from /home/airflow/.local/lib/python3.8/site-packages/airflow/example_dags/example_python_operator.py
[2026-06-12T11:15:39.677+0000] {processor.py:840} INFO - DAG(s) 'example_python_operator' retrieved from /home/airflow/.local/lib/python3.8/site-packages/airflow/example_dags/example_python_operator.py
[2026-06-12T11:15:39.718+0000] {logging_mixin.py:188} INFO - [2026-06-12T11:15:39.718+0000] {dag.py:3036} INFO - Sync 1 DAGs
[2026-06-12T11:15:39.738+0000] {logging_mixin.py:188} INFO - [2026-06-12T11:15:39.738+0000] {dag.py:3823} INFO - Setting next_dagrun for example_python_operator to None, run_after=None
[2026-06-12T11:15:39.771+0000] {processor.py:183} INFO - Processing /home/airflow/.local/lib/python3.8/site-packages/airflow/example_dags/example_python_operator.py took 0.119 seconds
[2026-06-12T11:16:09.970+0000] {processor.py:161} INFO - Started process (PID=1785) to work on /home/airflow/.local/lib/python3.8/site-packages/airflow/example_dags/example_python_operator.py
[2026-06-12T11:16:09.973+0000] {processor.py:830} INFO - Processing file /home/airflow/.local/lib/python3.8/site-packages/airflow/example_dags/example_python_operator.py for tasks to queue
[2026-06-12T11:16:09.977+0000] {logging_mixin.py:188} INFO - [2026-06-12T11:16:09.976+0000] {dagbag.py:538} INFO - Filling up the DagBag from /home/airflow/.local/lib/python3.8/site-packages/airflow/example_dags/example_python_operator.py
[2026-06-12T11:16:09.997+0000] {processor.py:840} INFO - DAG(s) 'example_python_operator' retrieved from /home/airflow/.local/lib/python3.8/site-packages/airflow/example_dags/example_python_operator.py
[2026-06-12T11:16:10.040+0000] {logging_mixin.py:188} INFO - [2026-06-12T11:16:10.039+0000] {dag.py:3036} INFO - Sync 1 DAGs
[2026-06-12T11:16:10.061+0000] {logging_mixin.py:188} INFO - [2026-06-12T11:16:10.061+0000] {dag.py:3823} INFO - Setting next_dagrun for example_python_operator to None, run_after=None
[2026-06-12T11:16:10.091+0000] {processor.py:183} INFO - Processing /home/airflow/.local/lib/python3.8/site-packages/airflow/example_dags/example_python_operator.py took 0.126 seconds
[2026-06-12T11:16:40.637+0000] {processor.py:161} INFO - Started process (PID=1851) to work on /home/airflow/.local/lib/python3.8/site-packages/airflow/example_dags/example_python_operator.py
[2026-06-12T11:16:40.638+0000] {processor.py:830} INFO - Processing file /home/airflow/.local/lib/python3.8/site-packages/airflow/example_dags/example_python_operator.py for tasks to queue
[2026-06-12T11:16:40.640+0000] {logging_mixin.py:188} INFO - [2026-06-12T11:16:40.640+0000] {dagbag.py:538} INFO - Filling up the DagBag from /home/airflow/.local/lib/python3.8/site-packages/airflow/example_dags/example_python_operator.py
[2026-06-12T11:16:40.656+0000] {processor.py:840} INFO - DAG(s) 'example_python_operator' retrieved from /home/airflow/.local/lib/python3.8/site-packages/airflow/example_dags/example_python_operator.py
[2026-06-12T11:16:40.694+0000] {logging_mixin.py:188} INFO - [2026-06-12T11:16:40.694+0000] {dag.py:3036} INFO - Sync 1 DAGs
[2026-06-12T11:16:40.714+0000] {logging_mixin.py:188} INFO - [2026-06-12T11:16:40.714+0000] {dag.py:3823} INFO - Setting next_dagrun for example_python_operator to None, run_after=None
[2026-06-12T11:16:40.754+0000] {processor.py:183} INFO - Processing /home/airflow/.local/lib/python3.8/site-packages/airflow/example_dags/example_python_operator.py took 0.122 seconds
[2026-06-12T11:17:11.203+0000] {processor.py:161} INFO - Started process (PID=1917) to work on /home/airflow/.local/lib/python3.8/site-packages/airflow/example_dags/example_python_operator.py
[2026-06-12T11:17:11.205+0000] {processor.py:830} INFO - Processing file /home/airflow/.local/lib/python3.8/site-packages/airflow/example_dags/example_python_operator.py for tasks to queue
[2026-06-12T11:17:11.208+0000] {logging_mixin.py:188} INFO - [2026-06-12T11:17:11.207+0000] {dagbag.py:538} INFO - Filling up the DagBag from /home/airflow/.local/lib/python3.8/site-packages/airflow/example_dags/example_python_operator.py
[2026-06-12T11:17:11.228+0000] {processor.py:840} INFO - DAG(s) 'example_python_operator' retrieved from /home/airflow/.local/lib/python3.8/site-packages/airflow/example_dags/example_python_operator.py
[2026-06-12T11:17:11.275+0000] {logging_mixin.py:188} INFO - [2026-06-12T11:17:11.274+0000] {dag.py:3036} INFO - Sync 1 DAGs
[2026-06-12T11:17:11.299+0000] {logging_mixin.py:188} INFO - [2026-06-12T11:17:11.299+0000] {dag.py:3823} INFO - Setting next_dagrun for example_python_operator to None, run_after=None
[2026-06-12T11:17:11.332+0000] {processor.py:183} INFO - Processing /home/airflow/.local/lib/python3.8/site-packages/airflow/example_dags/example_python_operator.py took 0.134 seconds
[2026-06-12T11:17:41.515+0000] {processor.py:161} INFO - Started process (PID=1990) to work on /home/airflow/.local/lib/python3.8/site-packages/airflow/example_dags/example_python_operator.py
[2026-06-12T11:17:41.517+0000] {processor.py:830} INFO - Processing file /home/airflow/.local/lib/python3.8/site-packages/airflow/example_dags/example_python_operator.py for tasks to queue
[2026-06-12T11:17:41.520+0000] {logging_mixin.py:188} INFO - [2026-06-12T11:17:41.520+0000] {dagbag.py:538} INFO - Filling up the DagBag from /home/airflow/.local/lib/python3.8/site-packages/airflow/example_dags/example_python_operator.py
[2026-06-12T11:17:41.540+0000] {processor.py:840} INFO - DAG(s) 'example_python_operator' retrieved from /home/airflow/.local/lib/python3.8/site-packages/airflow/example_dags/example_python_operator.py
[2026-06-12T11:17:41.586+0000] {logging_mixin.py:188} INFO - [2026-06-12T11:17:41.585+0000] {dag.py:3036} INFO - Sync 1 DAGs
[2026-06-12T11:17:41.610+0000] {logging_mixin.py:188} INFO - [2026-06-12T11:17:41.610+0000] {dag.py:3823} INFO - Setting next_dagrun for example_python_operator to None, run_after=None
[2026-06-12T11:17:41.644+0000] {processor.py:183} INFO - Processing /home/airflow/.local/lib/python3.8/site-packages/airflow/example_dags/example_python_operator.py took 0.135 seconds
[2026-06-12T11:18:12.611+0000] {processor.py:161} INFO - Started process (PID=2056) to work on /home/airflow/.local/lib/python3.8/site-packages/airflow/example_dags/example_python_operator.py
[2026-06-12T11:18:12.613+0000] {processor.py:830} INFO - Processing file /home/airflow/.local/lib/python3.8/site-packages/airflow/example_dags/example_python_operator.py for tasks to queue
[2026-06-12T11:18:12.616+0000] {logging_mixin.py:188} INFO - [2026-06-12T11:18:12.615+0000] {dagbag.py:538} INFO - Filling up the DagBag from /home/airflow/.local/lib/python3.8/site-packages/airflow/example_dags/example_python_operator.py
[2026-06-12T11:18:12.637+0000] {processor.py:840} INFO - DAG(s) 'example_python_operator' retrieved from /home/airflow/.local/lib/python3.8/site-packages/airflow/example_dags/example_python_operator.py
[2026-06-12T11:18:12.683+0000] {logging_mixin.py:188} INFO - [2026-06-12T11:18:12.683+0000] {dag.py:3036} INFO - Sync 1 DAGs
[2026-06-12T11:18:12.709+0000] {logging_mixin.py:188} INFO - [2026-06-12T11:18:12.709+0000] {dag.py:3823} INFO - Setting next_dagrun for example_python_operator to None, run_after=None
[2026-06-12T11:18:12.742+0000] {processor.py:183} INFO - Processing /home/airflow/.local/lib/python3.8/site-packages/airflow/example_dags/example_python_operator.py took 0.137 seconds
[2026-06-12T11:18:43.317+0000] {processor.py:161} INFO - Started process (PID=2122) to work on /home/airflow/.local/lib/python3.8/site-packages/airflow/example_dags/example_python_operator.py
[2026-06-12T11:18:43.319+0000] {processor.py:830} INFO - Processing file /home/airflow/.local/lib/python3.8/site-packages/airflow/example_dags/example_python_operator.py for tasks to queue
[2026-06-12T11:18:43.322+0000] {logging_mixin.py:188} INFO - [2026-06-12T11:18:43.321+0000] {dagbag.py:538} INFO - Filling up the DagBag from /home/airflow/.local/lib/python3.8/site-packages/airflow/example_dags/example_python_operator.py
[2026-06-12T11:18:43.346+0000] {processor.py:840} INFO - DAG(s) 'example_python_operator' retrieved from /home/airflow/.local/lib/python3.8/site-packages/airflow/example_dags/example_python_operator.py
[2026-06-12T11:18:43.402+0000] {logging_mixin.py:188} INFO - [2026-06-12T11:18:43.402+0000] {dag.py:3036} INFO - Sync 1 DAGs
[2026-06-12T11:18:43.426+0000] {logging_mixin.py:188} INFO - [2026-06-12T11:18:43.425+0000] {dag.py:3823} INFO - Setting next_dagrun for example_python_operator to None, run_after=None
[2026-06-12T11:18:43.455+0000] {processor.py:183} INFO - Processing /home/airflow/.local/lib/python3.8/site-packages/airflow/example_dags/example_python_operator.py took 0.145 seconds
[2026-06-12T11:19:14.193+0000] {processor.py:161} INFO - Started process (PID=2188) to work on /home/airflow/.local/lib/python3.8/site-packages/airflow/example_dags/example_python_operator.py
[2026-06-12T11:19:14.194+0000] {processor.py:830} INFO - Processing file /home/airflow/.local/lib/python3.8/site-packages/airflow/example_dags/example_python_operator.py for tasks to queue
[2026-06-12T11:19:14.197+0000] {logging_mixin.py:188} INFO - [2026-06-12T11:19:14.196+0000] {dagbag.py:538} INFO - Filling up the DagBag from /home/airflow/.local/lib/python3.8/site-packages/airflow/example_dags/example_python_operator.py
[2026-06-12T11:19:14.214+0000] {processor.py:840} INFO - DAG(s) 'example_python_operator' retrieved from /home/airflow/.local/lib/python3.8/site-packages/airflow/example_dags/example_python_operator.py
[2026-06-12T11:19:14.269+0000] {logging_mixin.py:188} INFO - [2026-06-12T11:19:14.268+0000] {dag.py:3036} INFO - Sync 1 DAGs
[2026-06-12T11:19:14.301+0000] {logging_mixin.py:188} INFO - [2026-06-12T11:19:14.300+0000] {dag.py:3823} INFO - Setting next_dagrun for example_python_operator to None, run_after=None
[2026-06-12T11:19:14.341+0000] {processor.py:183} INFO - Processing /home/airflow/.local/lib/python3.8/site-packages/airflow/example_dags/example_python_operator.py took 0.154 seconds
[2026-06-12T11:19:44.465+0000] {processor.py:161} INFO - Started process (PID=2254) to work on /home/airflow/.local/lib/python3.8/site-packages/airflow/example_dags/example_python_operator.py
[2026-06-12T11:19:44.467+0000] {processor.py:830} INFO - Processing file /home/airflow/.local/lib/python3.8/site-packages/airflow/example_dags/example_python_operator.py for tasks to queue
[2026-06-12T11:19:44.469+0000] {logging_mixin.py:188} INFO - [2026-06-12T11:19:44.469+0000] {dagbag.py:538} INFO - Filling up the DagBag from /home/airflow/.local/lib/python3.8/site-packages/airflow/example_dags/example_python_operator.py
[2026-06-12T11:19:44.488+0000] {processor.py:840} INFO - DAG(s) 'example_python_operator' retrieved from /home/airflow/.local/lib/python3.8/site-packages/airflow/example_dags/example_python_operator.py
[2026-06-12T11:19:44.528+0000] {logging_mixin.py:188} INFO - [2026-06-12T11:19:44.527+0000] {dag.py:3036} INFO - Sync 1 DAGs
[2026-06-12T11:19:44.547+0000] {logging_mixin.py:188} INFO - [2026-06-12T11:19:44.547+0000] {dag.py:3823} INFO - Setting next_dagrun for example_python_operator to None, run_after=None
[2026-06-12T11:19:44.586+0000] {processor.py:183} INFO - Processing /home/airflow/.local/lib/python3.8/site-packages/airflow/example_dags/example_python_operator.py took 0.127 seconds
[2026-06-12T11:20:14.907+0000] {processor.py:161} INFO - Started process (PID=2320) to work on /home/airflow/.local/lib/python3.8/site-packages/airflow/example_dags/example_python_operator.py
[2026-06-12T11:20:14.909+0000] {processor.py:830} INFO - Processing file /home/airflow/.local/lib/python3.8/site-packages/airflow/example_dags/example_python_operator.py for tasks to queue
[2026-06-12T11:20:14.912+0000] {logging_mixin.py:188} INFO - [2026-06-12T11:20:14.911+0000] {dagbag.py:538} INFO - Filling up the DagBag from /home/airflow/.local/lib/python3.8/site-packages/airflow/example_dags/example_python_operator.py
[2026-06-12T11:20:14.939+0000] {processor.py:840} INFO - DAG(s) 'example_python_operator' retrieved from /home/airflow/.local/lib/python3.8/site-packages/airflow/example_dags/example_python_operator.py
[2026-06-12T11:20:15.001+0000] {logging_mixin.py:188} INFO - [2026-06-12T11:20:15.000+0000] {dag.py:3036} INFO - Sync 1 DAGs
[2026-06-12T11:20:15.026+0000] {logging_mixin.py:188} INFO - [2026-06-12T11:20:15.026+0000] {dag.py:3823} INFO - Setting next_dagrun for example_python_operator to None, run_after=None
[2026-06-12T11:20:15.074+0000] {processor.py:183} INFO - Processing /home/airflow/.local/lib/python3.8/site-packages/airflow/example_dags/example_python_operator.py took 0.173 seconds
[2026-06-12T11:20:45.485+0000] {processor.py:161} INFO - Started process (PID=2385) to work on /home/airflow/.local/lib/python3.8/site-packages/airflow/example_dags/example_python_operator.py
[2026-06-12T11:20:45.486+0000] {processor.py:830} INFO - Processing file /home/airflow/.local/lib/python3.8/site-packages/airflow/example_dags/example_python_operator.py for tasks to queue
[2026-06-12T11:20:45.488+0000] {logging_mixin.py:188} INFO - [2026-06-12T11:20:45.488+0000] {dagbag.py:538} INFO - Filling up the DagBag from /home/airflow/.local/lib/python3.8/site-packages/airflow/example_dags/example_python_operator.py
[2026-06-12T11:20:45.508+0000] {processor.py:840} INFO - DAG(s) 'example_python_operator' retrieved from /home/airflow/.local/lib/python3.8/site-packages/airflow/example_dags/example_python_operator.py
[2026-06-12T11:20:45.556+0000] {logging_mixin.py:188} INFO - [2026-06-12T11:20:45.556+0000] {dag.py:3036} INFO - Sync 1 DAGs
[2026-06-12T11:20:45.584+0000] {logging_mixin.py:188} INFO - [2026-06-12T11:20:45.583+0000] {dag.py:3823} INFO - Setting next_dagrun for example_python_operator to None, run_after=None
[2026-06-12T11:20:45.616+0000] {processor.py:183} INFO - Processing /home/airflow/.local/lib/python3.8/site-packages/airflow/example_dags/example_python_operator.py took 0.137 seconds
[2026-06-12T11:21:16.220+0000] {processor.py:161} INFO - Started process (PID=2458) to work on /home/airflow/.local/lib/python3.8/site-packages/airflow/example_dags/example_python_operator.py
[2026-06-12T11:21:16.222+0000] {processor.py:830} INFO - Processing file /home/airflow/.local/lib/python3.8/site-packages/airflow/example_dags/example_python_operator.py for tasks to queue
[2026-06-12T11:21:16.225+0000] {logging_mixin.py:188} INFO - [2026-06-12T11:21:16.224+0000] {dagbag.py:538} INFO - Filling up the DagBag from /home/airflow/.local/lib/python3.8/site-packages/airflow/example_dags/example_python_operator.py
[2026-06-12T11:21:16.244+0000] {processor.py:840} INFO - DAG(s) 'example_python_operator' retrieved from /home/airflow/.local/lib/python3.8/site-packages/airflow/example_dags/example_python_operator.py
[2026-06-12T11:21:16.290+0000] {logging_mixin.py:188} INFO - [2026-06-12T11:21:16.290+0000] {dag.py:3036} INFO - Sync 1 DAGs
[2026-06-12T11:21:16.315+0000] {logging_mixin.py:188} INFO - [2026-06-12T11:21:16.314+0000] {dag.py:3823} INFO - Setting next_dagrun for example_python_operator to None, run_after=None
[2026-06-12T11:21:16.347+0000] {processor.py:183} INFO - Processing /home/airflow/.local/lib/python3.8/site-packages/airflow/example_dags/example_python_operator.py took 0.133 seconds
[2026-06-12T11:21:46.641+0000] {processor.py:161} INFO - Started process (PID=2526) to work on /home/airflow/.local/lib/python3.8/site-packages/airflow/example_dags/example_python_operator.py
[2026-06-12T11:21:46.642+0000] {processor.py:830} INFO - Processing file /home/airflow/.local/lib/python3.8/site-packages/airflow/example_dags/example_python_operator.py for tasks to queue
[2026-06-12T11:21:46.645+0000] {logging_mixin.py:188} INFO - [2026-06-12T11:21:46.644+0000] {dagbag.py:538} INFO - Filling up the DagBag from /home/airflow/.local/lib/python3.8/site-packages/airflow/example_dags/example_python_operator.py
[2026-06-12T11:21:46.661+0000] {processor.py:840} INFO - DAG(s) 'example_python_operator' retrieved from /home/airflow/.local/lib/python3.8/site-packages/airflow/example_dags/example_python_operator.py
[2026-06-12T11:21:46.701+0000] {logging_mixin.py:188} INFO - [2026-06-12T11:21:46.701+0000] {dag.py:3036} INFO - Sync 1 DAGs
[2026-06-12T11:21:46.721+0000] {logging_mixin.py:188} INFO - [2026-06-12T11:21:46.720+0000] {dag.py:3823} INFO - Setting next_dagrun for example_python_operator to None, run_after=None
[2026-06-12T11:21:46.748+0000] {processor.py:183} INFO - Processing /home/airflow/.local/lib/python3.8/site-packages/airflow/example_dags/example_python_operator.py took 0.113 seconds
[2026-06-12T11:22:16.931+0000] {processor.py:161} INFO - Started process (PID=2590) to work on /home/airflow/.local/lib/python3.8/site-packages/airflow/example_dags/example_python_operator.py
[2026-06-12T11:22:16.933+0000] {processor.py:830} INFO - Processing file /home/airflow/.local/lib/python3.8/site-packages/airflow/example_dags/example_python_operator.py for tasks to queue
[2026-06-12T11:22:16.936+0000] {logging_mixin.py:188} INFO - [2026-06-12T11:22:16.936+0000] {dagbag.py:538} INFO - Filling up the DagBag from /home/airflow/.local/lib/python3.8/site-packages/airflow/example_dags/example_python_operator.py
[2026-06-12T11:22:16.956+0000] {processor.py:840} INFO - DAG(s) 'example_python_operator' retrieved from /home/airflow/.local/lib/python3.8/site-packages/airflow/example_dags/example_python_operator.py
[2026-06-12T11:22:17.008+0000] {logging_mixin.py:188} INFO - [2026-06-12T11:22:17.008+0000] {dag.py:3036} INFO - Sync 1 DAGs
[2026-06-12T11:22:17.036+0000] {logging_mixin.py:188} INFO - [2026-06-12T11:22:17.035+0000] {dag.py:3823} INFO - Setting next_dagrun for example_python_operator to None, run_after=None
[2026-06-12T11:22:17.069+0000] {processor.py:183} INFO - Processing /home/airflow/.local/lib/python3.8/site-packages/airflow/example_dags/example_python_operator.py took 0.145 seconds
[2026-06-12T11:22:47.599+0000] {processor.py:161} INFO - Started process (PID=2656) to work on /home/airflow/.local/lib/python3.8/site-packages/airflow/example_dags/example_python_operator.py
[2026-06-12T11:22:47.601+0000] {processor.py:830} INFO - Processing file /home/airflow/.local/lib/python3.8/site-packages/airflow/example_dags/example_python_operator.py for tasks to queue
[2026-06-12T11:22:47.604+0000] {logging_mixin.py:188} INFO - [2026-06-12T11:22:47.603+0000] {dagbag.py:538} INFO - Filling up the DagBag from /home/airflow/.local/lib/python3.8/site-packages/airflow/example_dags/example_python_operator.py
[2026-06-12T11:22:47.624+0000] {processor.py:840} INFO - DAG(s) 'example_python_operator' retrieved from /home/airflow/.local/lib/python3.8/site-packages/airflow/example_dags/example_python_operator.py
[2026-06-12T11:22:47.671+0000] {logging_mixin.py:188} INFO - [2026-06-12T11:22:47.671+0000] {dag.py:3036} INFO - Sync 1 DAGs
[2026-06-12T11:22:47.695+0000] {logging_mixin.py:188} INFO - [2026-06-12T11:22:47.695+0000] {dag.py:3823} INFO - Setting next_dagrun for example_python_operator to None, run_after=None
[2026-06-12T11:22:47.727+0000] {processor.py:183} INFO - Processing /home/airflow/.local/lib/python3.8/site-packages/airflow/example_dags/example_python_operator.py took 0.135 seconds
[2026-06-12T11:23:18.166+0000] {processor.py:161} INFO - Started process (PID=2722) to work on /home/airflow/.local/lib/python3.8/site-packages/airflow/example_dags/example_python_operator.py
[2026-06-12T11:23:18.168+0000] {processor.py:830} INFO - Processing file /home/airflow/.local/lib/python3.8/site-packages/airflow/example_dags/example_python_operator.py for tasks to queue
[2026-06-12T11:23:18.171+0000] {logging_mixin.py:188} INFO - [2026-06-12T11:23:18.171+0000] {dagbag.py:538} INFO - Filling up the DagBag from /home/airflow/.local/lib/python3.8/site-packages/airflow/example_dags/example_python_operator.py
[2026-06-12T11:23:18.192+0000] {processor.py:840} INFO - DAG(s) 'example_python_operator' retrieved from /home/airflow/.local/lib/python3.8/site-packages/airflow/example_dags/example_python_operator.py
[2026-06-12T11:23:18.241+0000] {logging_mixin.py:188} INFO - [2026-06-12T11:23:18.241+0000] {dag.py:3036} INFO - Sync 1 DAGs
[2026-06-12T11:23:18.263+0000] {logging_mixin.py:188} INFO - [2026-06-12T11:23:18.263+0000] {dag.py:3823} INFO - Setting next_dagrun for example_python_operator to None, run_after=None
[2026-06-12T11:23:18.299+0000] {processor.py:183} INFO - Processing /home/airflow/.local/lib/python3.8/site-packages/airflow/example_dags/example_python_operator.py took 0.140 seconds
[2026-06-12T11:23:48.542+0000] {processor.py:161} INFO - Started process (PID=2787) to work on /home/airflow/.local/lib/python3.8/site-packages/airflow/example_dags/example_python_operator.py
[2026-06-12T11:23:48.544+0000] {processor.py:830} INFO - Processing file /home/airflow/.local/lib/python3.8/site-packages/airflow/example_dags/example_python_operator.py for tasks to queue
[2026-06-12T11:23:48.547+0000] {logging_mixin.py:188} INFO - [2026-06-12T11:23:48.546+0000] {dagbag.py:538} INFO - Filling up the DagBag from /home/airflow/.local/lib/python3.8/site-packages/airflow/example_dags/example_python_operator.py
[2026-06-12T11:23:48.563+0000] {processor.py:840} INFO - DAG(s) 'example_python_operator' retrieved from /home/airflow/.local/lib/python3.8/site-packages/airflow/example_dags/example_python_operator.py
[2026-06-12T11:23:48.601+0000] {logging_mixin.py:188} INFO - [2026-06-12T11:23:48.600+0000] {dag.py:3036} INFO - Sync 1 DAGs
[2026-06-12T11:23:48.620+0000] {logging_mixin.py:188} INFO - [2026-06-12T11:23:48.620+0000] {dag.py:3823} INFO - Setting next_dagrun for example_python_operator to None, run_after=None
[2026-06-12T11:23:48.648+0000] {processor.py:183} INFO - Processing /home/airflow/.local/lib/python3.8/site-packages/airflow/example_dags/example_python_operator.py took 0.110 seconds
[2026-06-12T11:24:18.972+0000] {processor.py:161} INFO - Started process (PID=2853) to work on /home/airflow/.local/lib/python3.8/site-packages/airflow/example_dags/example_python_operator.py
[2026-06-12T11:24:18.974+0000] {processor.py:830} INFO - Processing file /home/airflow/.local/lib/python3.8/site-packages/airflow/example_dags/example_python_operator.py for tasks to queue
[2026-06-12T11:24:18.977+0000] {logging_mixin.py:188} INFO - [2026-06-12T11:24:18.977+0000] {dagbag.py:538} INFO - Filling up the DagBag from /home/airflow/.local/lib/python3.8/site-packages/airflow/example_dags/example_python_operator.py
[2026-06-12T11:24:18.996+0000] {processor.py:840} INFO - DAG(s) 'example_python_operator' retrieved from /home/airflow/.local/lib/python3.8/site-packages/airflow/example_dags/example_python_operator.py
[2026-06-12T11:24:19.033+0000] {logging_mixin.py:188} INFO - [2026-06-12T11:24:19.033+0000] {dag.py:3036} INFO - Sync 1 DAGs
[2026-06-12T11:24:19.053+0000] {logging_mixin.py:188} INFO - [2026-06-12T11:24:19.052+0000] {dag.py:3823} INFO - Setting next_dagrun for example_python_operator to None, run_after=None
[2026-06-12T11:24:19.080+0000] {processor.py:183} INFO - Processing /home/airflow/.local/lib/python3.8/site-packages/airflow/example_dags/example_python_operator.py took 0.113 seconds
[2026-06-12T11:24:49.228+0000] {processor.py:161} INFO - Started process (PID=2919) to work on /home/airflow/.local/lib/python3.8/site-packages/airflow/example_dags/example_python_operator.py
[2026-06-12T11:24:49.229+0000] {processor.py:830} INFO - Processing file /home/airflow/.local/lib/python3.8/site-packages/airflow/example_dags/example_python_operator.py for tasks to queue
[2026-06-12T11:24:49.232+0000] {logging_mixin.py:188} INFO - [2026-06-12T11:24:49.231+0000] {dagbag.py:538} INFO - Filling up the DagBag from /home/airflow/.local/lib/python3.8/site-packages/airflow/example_dags/example_python_operator.py
[2026-06-12T11:24:49.252+0000] {processor.py:840} INFO - DAG(s) 'example_python_operator' retrieved from /home/airflow/.local/lib/python3.8/site-packages/airflow/example_dags/example_python_operator.py
[2026-06-12T11:24:49.295+0000] {logging_mixin.py:188} INFO - [2026-06-12T11:24:49.295+0000] {dag.py:3036} INFO - Sync 1 DAGs
[2026-06-12T11:24:49.493+0000] {logging_mixin.py:188} INFO - [2026-06-12T11:24:49.493+0000] {dag.py:3823} INFO - Setting next_dagrun for example_python_operator to None, run_after=None
[2026-06-12T11:24:49.525+0000] {processor.py:183} INFO - Processing /home/airflow/.local/lib/python3.8/site-packages/airflow/example_dags/example_python_operator.py took 0.303 seconds
[2026-06-12T11:25:19.932+0000] {processor.py:161} INFO - Started process (PID=2985) to work on /home/airflow/.local/lib/python3.8/site-packages/airflow/example_dags/example_python_operator.py
[2026-06-12T11:25:19.934+0000] {processor.py:830} INFO - Processing file /home/airflow/.local/lib/python3.8/site-packages/airflow/example_dags/example_python_operator.py for tasks to queue
[2026-06-12T11:25:19.936+0000] {logging_mixin.py:188} INFO - [2026-06-12T11:25:19.936+0000] {dagbag.py:538} INFO - Filling up the DagBag from /home/airflow/.local/lib/python3.8/site-packages/airflow/example_dags/example_python_operator.py
[2026-06-12T11:25:19.952+0000] {processor.py:840} INFO - DAG(s) 'example_python_operator' retrieved from /home/airflow/.local/lib/python3.8/site-packages/airflow/example_dags/example_python_operator.py
[2026-06-12T11:25:19.997+0000] {logging_mixin.py:188} INFO - [2026-06-12T11:25:19.996+0000] {dag.py:3036} INFO - Sync 1 DAGs
[2026-06-12T11:25:20.016+0000] {logging_mixin.py:188} INFO - [2026-06-12T11:25:20.016+0000] {dag.py:3823} INFO - Setting next_dagrun for example_python_operator to None, run_after=None
[2026-06-12T11:25:20.050+0000] {processor.py:183} INFO - Processing /home/airflow/.local/lib/python3.8/site-packages/airflow/example_dags/example_python_operator.py took 0.123 seconds
[2026-06-12T11:25:50.458+0000] {processor.py:161} INFO - Started process (PID=3051) to work on /home/airflow/.local/lib/python3.8/site-packages/airflow/example_dags/example_python_operator.py
[2026-06-12T11:25:50.460+0000] {processor.py:830} INFO - Processing file /home/airflow/.local/lib/python3.8/site-packages/airflow/example_dags/example_python_operator.py for tasks to queue
[2026-06-12T11:25:50.462+0000] {logging_mixin.py:188} INFO - [2026-06-12T11:25:50.462+0000] {dagbag.py:538} INFO - Filling up the DagBag from /home/airflow/.local/lib/python3.8/site-packages/airflow/example_dags/example_python_operator.py
[2026-06-12T11:25:50.481+0000] {processor.py:840} INFO - DAG(s) 'example_python_operator' retrieved from /home/airflow/.local/lib/python3.8/site-packages/airflow/example_dags/example_python_operator.py
[2026-06-12T11:25:50.522+0000] {logging_mixin.py:188} INFO - [2026-06-12T11:25:50.521+0000] {dag.py:3036} INFO - Sync 1 DAGs
[2026-06-12T11:25:50.542+0000] {logging_mixin.py:188} INFO - [2026-06-12T11:25:50.541+0000] {dag.py:3823} INFO - Setting next_dagrun for example_python_operator to None, run_after=None
[2026-06-12T11:25:50.570+0000] {processor.py:183} INFO - Processing /home/airflow/.local/lib/python3.8/site-packages/airflow/example_dags/example_python_operator.py took 0.117 seconds
[2026-06-12T11:26:21.218+0000] {processor.py:161} INFO - Started process (PID=3126) to work on /home/airflow/.local/lib/python3.8/site-packages/airflow/example_dags/example_python_operator.py
[2026-06-12T11:26:21.220+0000] {processor.py:830} INFO - Processing file /home/airflow/.local/lib/python3.8/site-packages/airflow/example_dags/example_python_operator.py for tasks to queue
[2026-06-12T11:26:21.223+0000] {logging_mixin.py:188} INFO - [2026-06-12T11:26:21.222+0000] {dagbag.py:538} INFO - Filling up the DagBag from /home/airflow/.local/lib/python3.8/site-packages/airflow/example_dags/example_python_operator.py
[2026-06-12T11:26:21.243+0000] {processor.py:840} INFO - DAG(s) 'example_python_operator' retrieved from /home/airflow/.local/lib/python3.8/site-packages/airflow/example_dags/example_python_operator.py
[2026-06-12T11:26:21.291+0000] {logging_mixin.py:188} INFO - [2026-06-12T11:26:21.290+0000] {dag.py:3036} INFO - Sync 1 DAGs
[2026-06-12T11:26:21.322+0000] {logging_mixin.py:188} INFO - [2026-06-12T11:26:21.321+0000] {dag.py:3823} INFO - Setting next_dagrun for example_python_operator to None, run_after=None
[2026-06-12T11:26:21.355+0000] {processor.py:183} INFO - Processing /home/airflow/.local/lib/python3.8/site-packages/airflow/example_dags/example_python_operator.py took 0.143 seconds
[2026-06-12T11:26:52.009+0000] {processor.py:161} INFO - Started process (PID=3193) to work on /home/airflow/.local/lib/python3.8/site-packages/airflow/example_dags/example_python_operator.py
[2026-06-12T11:26:52.010+0000] {processor.py:830} INFO - Processing file /home/airflow/.local/lib/python3.8/site-packages/airflow/example_dags/example_python_operator.py for tasks to queue
[2026-06-12T11:26:52.013+0000] {logging_mixin.py:188} INFO - [2026-06-12T11:26:52.012+0000] {dagbag.py:538} INFO - Filling up the DagBag from /home/airflow/.local/lib/python3.8/site-packages/airflow/example_dags/example_python_operator.py
[2026-06-12T11:26:52.049+0000] {processor.py:840} INFO - DAG(s) 'example_python_operator' retrieved from /home/airflow/.local/lib/python3.8/site-packages/airflow/example_dags/example_python_operator.py
[2026-06-12T11:26:52.304+0000] {logging_mixin.py:188} INFO - [2026-06-12T11:26:52.304+0000] {dag.py:3036} INFO - Sync 1 DAGs
[2026-06-12T11:26:52.327+0000] {logging_mixin.py:188} INFO - [2026-06-12T11:26:52.326+0000] {dag.py:3823} INFO - Setting next_dagrun for example_python_operator to None, run_after=None
[2026-06-12T11:26:52.359+0000] {processor.py:183} INFO - Processing /home/airflow/.local/lib/python3.8/site-packages/airflow/example_dags/example_python_operator.py took 0.356 seconds
[2026-06-12T11:27:22.643+0000] {processor.py:161} INFO - Started process (PID=3259) to work on /home/airflow/.local/lib/python3.8/site-packages/airflow/example_dags/example_python_operator.py
[2026-06-12T11:27:22.645+0000] {processor.py:830} INFO - Processing file /home/airflow/.local/lib/python3.8/site-packages/airflow/example_dags/example_python_operator.py for tasks to queue
[2026-06-12T11:27:22.647+0000] {logging_mixin.py:188} INFO - [2026-06-12T11:27:22.647+0000] {dagbag.py:538} INFO - Filling up the DagBag from /home/airflow/.local/lib/python3.8/site-packages/airflow/example_dags/example_python_operator.py
[2026-06-12T11:27:22.664+0000] {processor.py:840} INFO - DAG(s) 'example_python_operator' retrieved from /home/airflow/.local/lib/python3.8/site-packages/airflow/example_dags/example_python_operator.py
[2026-06-12T11:27:22.708+0000] {logging_mixin.py:188} INFO - [2026-06-12T11:27:22.708+0000] {dag.py:3036} INFO - Sync 1 DAGs
[2026-06-12T11:27:22.731+0000] {logging_mixin.py:188} INFO - [2026-06-12T11:27:22.731+0000] {dag.py:3823} INFO - Setting next_dagrun for example_python_operator to None, run_after=None
[2026-06-12T11:27:22.764+0000] {processor.py:183} INFO - Processing /home/airflow/.local/lib/python3.8/site-packages/airflow/example_dags/example_python_operator.py took 0.127 seconds
[2026-06-12T11:27:52.963+0000] {processor.py:161} INFO - Started process (PID=3324) to work on /home/airflow/.local/lib/python3.8/site-packages/airflow/example_dags/example_python_operator.py
[2026-06-12T11:27:52.964+0000] {processor.py:830} INFO - Processing file /home/airflow/.local/lib/python3.8/site-packages/airflow/example_dags/example_python_operator.py for tasks to queue
[2026-06-12T11:27:52.967+0000] {logging_mixin.py:188} INFO - [2026-06-12T11:27:52.966+0000] {dagbag.py:538} INFO - Filling up the DagBag from /home/airflow/.local/lib/python3.8/site-packages/airflow/example_dags/example_python_operator.py
[2026-06-12T11:27:52.984+0000] {processor.py:840} INFO - DAG(s) 'example_python_operator' retrieved from /home/airflow/.local/lib/python3.8/site-packages/airflow/example_dags/example_python_operator.py
[2026-06-12T11:27:53.022+0000] {logging_mixin.py:188} INFO - [2026-06-12T11:27:53.022+0000] {dag.py:3036} INFO - Sync 1 DAGs
[2026-06-12T11:27:53.042+0000] {logging_mixin.py:188} INFO - [2026-06-12T11:27:53.041+0000] {dag.py:3823} INFO - Setting next_dagrun for example_python_operator to None, run_after=None
[2026-06-12T11:27:53.071+0000] {processor.py:183} INFO - Processing /home/airflow/.local/lib/python3.8/site-packages/airflow/example_dags/example_python_operator.py took 0.114 seconds
[2026-06-12T11:28:23.235+0000] {processor.py:161} INFO - Started process (PID=3390) to work on /home/airflow/.local/lib/python3.8/site-packages/airflow/example_dags/example_python_operator.py
[2026-06-12T11:28:23.237+0000] {processor.py:830} INFO - Processing file /home/airflow/.local/lib/python3.8/site-packages/airflow/example_dags/example_python_operator.py for tasks to queue
[2026-06-12T11:28:23.239+0000] {logging_mixin.py:188} INFO - [2026-06-12T11:28:23.239+0000] {dagbag.py:538} INFO - Filling up the DagBag from /home/airflow/.local/lib/python3.8/site-packages/airflow/example_dags/example_python_operator.py
[2026-06-12T11:28:23.257+0000] {processor.py:840} INFO - DAG(s) 'example_python_operator' retrieved from /home/airflow/.local/lib/python3.8/site-packages/airflow/example_dags/example_python_operator.py
[2026-06-12T11:28:23.299+0000] {logging_mixin.py:188} INFO - [2026-06-12T11:28:23.299+0000] {dag.py:3036} INFO - Sync 1 DAGs
[2026-06-12T11:28:23.323+0000] {logging_mixin.py:188} INFO - [2026-06-12T11:28:23.322+0000] {dag.py:3823} INFO - Setting next_dagrun for example_python_operator to None, run_after=None
[2026-06-12T11:28:23.351+0000] {processor.py:183} INFO - Processing /home/airflow/.local/lib/python3.8/site-packages/airflow/example_dags/example_python_operator.py took 0.120 seconds
[2026-06-12T11:28:53.862+0000] {processor.py:161} INFO - Started process (PID=3455) to work on /home/airflow/.local/lib/python3.8/site-packages/airflow/example_dags/example_python_operator.py
[2026-06-12T11:28:53.864+0000] {processor.py:830} INFO - Processing file /home/airflow/.local/lib/python3.8/site-packages/airflow/example_dags/example_python_operator.py for tasks to queue
[2026-06-12T11:28:53.867+0000] {logging_mixin.py:188} INFO - [2026-06-12T11:28:53.866+0000] {dagbag.py:538} INFO - Filling up the DagBag from /home/airflow/.local/lib/python3.8/site-packages/airflow/example_dags/example_python_operator.py
[2026-06-12T11:28:53.886+0000] {processor.py:840} INFO - DAG(s) 'example_python_operator' retrieved from /home/airflow/.local/lib/python3.8/site-packages/airflow/example_dags/example_python_operator.py
[2026-06-12T11:28:53.928+0000] {logging_mixin.py:188} INFO - [2026-06-12T11:28:53.927+0000] {dag.py:3036} INFO - Sync 1 DAGs
[2026-06-12T11:28:53.946+0000] {logging_mixin.py:188} INFO - [2026-06-12T11:28:53.946+0000] {dag.py:3823} INFO - Setting next_dagrun for example_python_operator to None, run_after=None
[2026-06-12T11:28:53.976+0000] {processor.py:183} INFO - Processing /home/airflow/.local/lib/python3.8/site-packages/airflow/example_dags/example_python_operator.py took 0.120 seconds
[2026-06-12T11:29:24.547+0000] {processor.py:161} INFO - Started process (PID=3521) to work on /home/airflow/.local/lib/python3.8/site-packages/airflow/example_dags/example_python_operator.py
[2026-06-12T11:29:24.549+0000] {processor.py:830} INFO - Processing file /home/airflow/.local/lib/python3.8/site-packages/airflow/example_dags/example_python_operator.py for tasks to queue
[2026-06-12T11:29:24.551+0000] {logging_mixin.py:188} INFO - [2026-06-12T11:29:24.551+0000] {dagbag.py:538} INFO - Filling up the DagBag from /home/airflow/.local/lib/python3.8/site-packages/airflow/example_dags/example_python_operator.py
[2026-06-12T11:29:24.568+0000] {processor.py:840} INFO - DAG(s) 'example_python_operator' retrieved from /home/airflow/.local/lib/python3.8/site-packages/airflow/example_dags/example_python_operator.py
[2026-06-12T11:29:24.608+0000] {logging_mixin.py:188} INFO - [2026-06-12T11:29:24.608+0000] {dag.py:3036} INFO - Sync 1 DAGs
[2026-06-12T11:29:24.627+0000] {logging_mixin.py:188} INFO - [2026-06-12T11:29:24.627+0000] {dag.py:3823} INFO - Setting next_dagrun for example_python_operator to None, run_after=None
[2026-06-12T11:29:24.658+0000] {processor.py:183} INFO - Processing /home/airflow/.local/lib/python3.8/site-packages/airflow/example_dags/example_python_operator.py took 0.116 seconds
[2026-06-12T11:29:54.825+0000] {processor.py:161} INFO - Started process (PID=3586) to work on /home/airflow/.local/lib/python3.8/site-packages/airflow/example_dags/example_python_operator.py
[2026-06-12T11:29:54.827+0000] {processor.py:830} INFO - Processing file /home/airflow/.local/lib/python3.8/site-packages/airflow/example_dags/example_python_operator.py for tasks to queue
[2026-06-12T11:29:54.830+0000] {logging_mixin.py:188} INFO - [2026-06-12T11:29:54.829+0000] {dagbag.py:538} INFO - Filling up the DagBag from /home/airflow/.local/lib/python3.8/site-packages/airflow/example_dags/example_python_operator.py
[2026-06-12T11:29:54.849+0000] {processor.py:840} INFO - DAG(s) 'example_python_operator' retrieved from /home/airflow/.local/lib/python3.8/site-packages/airflow/example_dags/example_python_operator.py
[2026-06-12T11:29:54.896+0000] {logging_mixin.py:188} INFO - [2026-06-12T11:29:54.895+0000] {dag.py:3036} INFO - Sync 1 DAGs
[2026-06-12T11:29:54.919+0000] {logging_mixin.py:188} INFO - [2026-06-12T11:29:54.918+0000] {dag.py:3823} INFO - Setting next_dagrun for example_python_operator to None, run_after=None
[2026-06-12T11:29:54.951+0000] {processor.py:183} INFO - Processing /home/airflow/.local/lib/python3.8/site-packages/airflow/example_dags/example_python_operator.py took 0.132 seconds
[2026-06-12T11:30:25.344+0000] {processor.py:161} INFO - Started process (PID=3651) to work on /home/airflow/.local/lib/python3.8/site-packages/airflow/example_dags/example_python_operator.py
[2026-06-12T11:30:25.346+0000] {processor.py:830} INFO - Processing file /home/airflow/.local/lib/python3.8/site-packages/airflow/example_dags/example_python_operator.py for tasks to queue
[2026-06-12T11:30:25.348+0000] {logging_mixin.py:188} INFO - [2026-06-12T11:30:25.348+0000] {dagbag.py:538} INFO - Filling up the DagBag from /home/airflow/.local/lib/python3.8/site-packages/airflow/example_dags/example_python_operator.py
[2026-06-12T11:30:25.365+0000] {processor.py:840} INFO - DAG(s) 'example_python_operator' retrieved from /home/airflow/.local/lib/python3.8/site-packages/airflow/example_dags/example_python_operator.py
[2026-06-12T11:30:25.408+0000] {logging_mixin.py:188} INFO - [2026-06-12T11:30:25.407+0000] {dag.py:3036} INFO - Sync 1 DAGs
[2026-06-12T11:30:25.431+0000] {logging_mixin.py:188} INFO - [2026-06-12T11:30:25.430+0000] {dag.py:3823} INFO - Setting next_dagrun for example_python_operator to None, run_after=None
[2026-06-12T11:30:25.460+0000] {processor.py:183} INFO - Processing /home/airflow/.local/lib/python3.8/site-packages/airflow/example_dags/example_python_operator.py took 0.121 seconds
[2026-06-12T11:30:56.047+0000] {processor.py:161} INFO - Started process (PID=3726) to work on /home/airflow/.local/lib/python3.8/site-packages/airflow/example_dags/example_python_operator.py
[2026-06-12T11:30:56.049+0000] {processor.py:830} INFO - Processing file /home/airflow/.local/lib/python3.8/site-packages/airflow/example_dags/example_python_operator.py for tasks to queue
[2026-06-12T11:30:56.052+0000] {logging_mixin.py:188} INFO - [2026-06-12T11:30:56.051+0000] {dagbag.py:538} INFO - Filling up the DagBag from /home/airflow/.local/lib/python3.8/site-packages/airflow/example_dags/example_python_operator.py
[2026-06-12T11:30:56.069+0000] {processor.py:840} INFO - DAG(s) 'example_python_operator' retrieved from /home/airflow/.local/lib/python3.8/site-packages/airflow/example_dags/example_python_operator.py
[2026-06-12T11:30:56.108+0000] {logging_mixin.py:188} INFO - [2026-06-12T11:30:56.108+0000] {dag.py:3036} INFO - Sync 1 DAGs
[2026-06-12T11:30:56.131+0000] {logging_mixin.py:188} INFO - [2026-06-12T11:30:56.130+0000] {dag.py:3823} INFO - Setting next_dagrun for example_python_operator to None, run_after=None
[2026-06-12T11:30:56.169+0000] {processor.py:183} INFO - Processing /home/airflow/.local/lib/python3.8/site-packages/airflow/example_dags/example_python_operator.py took 0.128 seconds
[2026-06-12T11:31:26.384+0000] {processor.py:161} INFO - Started process (PID=3793) to work on /home/airflow/.local/lib/python3.8/site-packages/airflow/example_dags/example_python_operator.py
[2026-06-12T11:31:26.386+0000] {processor.py:830} INFO - Processing file /home/airflow/.local/lib/python3.8/site-packages/airflow/example_dags/example_python_operator.py for tasks to queue
[2026-06-12T11:31:26.389+0000] {logging_mixin.py:188} INFO - [2026-06-12T11:31:26.388+0000] {dagbag.py:538} INFO - Filling up the DagBag from /home/airflow/.local/lib/python3.8/site-packages/airflow/example_dags/example_python_operator.py
[2026-06-12T11:31:26.410+0000] {processor.py:840} INFO - DAG(s) 'example_python_operator' retrieved from /home/airflow/.local/lib/python3.8/site-packages/airflow/example_dags/example_python_operator.py
[2026-06-12T11:31:26.458+0000] {logging_mixin.py:188} INFO - [2026-06-12T11:31:26.458+0000] {dag.py:3036} INFO - Sync 1 DAGs
[2026-06-12T11:31:26.487+0000] {logging_mixin.py:188} INFO - [2026-06-12T11:31:26.486+0000] {dag.py:3823} INFO - Setting next_dagrun for example_python_operator to None, run_after=None
[2026-06-12T11:31:26.521+0000] {processor.py:183} INFO - Processing /home/airflow/.local/lib/python3.8/site-packages/airflow/example_dags/example_python_operator.py took 0.143 seconds
[2026-06-12T11:31:56.942+0000] {processor.py:161} INFO - Started process (PID=3860) to work on /home/airflow/.local/lib/python3.8/site-packages/airflow/example_dags/example_python_operator.py
[2026-06-12T11:31:56.944+0000] {processor.py:830} INFO - Processing file /home/airflow/.local/lib/python3.8/site-packages/airflow/example_dags/example_python_operator.py for tasks to queue
[2026-06-12T11:31:56.946+0000] {logging_mixin.py:188} INFO - [2026-06-12T11:31:56.946+0000] {dagbag.py:538} INFO - Filling up the DagBag from /home/airflow/.local/lib/python3.8/site-packages/airflow/example_dags/example_python_operator.py
[2026-06-12T11:31:56.964+0000] {processor.py:840} INFO - DAG(s) 'example_python_operator' retrieved from /home/airflow/.local/lib/python3.8/site-packages/airflow/example_dags/example_python_operator.py
[2026-06-12T11:31:57.008+0000] {logging_mixin.py:188} INFO - [2026-06-12T11:31:57.007+0000] {dag.py:3036} INFO - Sync 1 DAGs
[2026-06-12T11:31:57.032+0000] {logging_mixin.py:188} INFO - [2026-06-12T11:31:57.032+0000] {dag.py:3823} INFO - Setting next_dagrun for example_python_operator to None, run_after=None
[2026-06-12T11:31:57.062+0000] {processor.py:183} INFO - Processing /home/airflow/.local/lib/python3.8/site-packages/airflow/example_dags/example_python_operator.py took 0.125 seconds
[2026-06-12T11:32:27.456+0000] {processor.py:161} INFO - Started process (PID=3926) to work on /home/airflow/.local/lib/python3.8/site-packages/airflow/example_dags/example_python_operator.py
[2026-06-12T11:32:27.458+0000] {processor.py:830} INFO - Processing file /home/airflow/.local/lib/python3.8/site-packages/airflow/example_dags/example_python_operator.py for tasks to queue
[2026-06-12T11:32:27.461+0000] {logging_mixin.py:188} INFO - [2026-06-12T11:32:27.460+0000] {dagbag.py:538} INFO - Filling up the DagBag from /home/airflow/.local/lib/python3.8/site-packages/airflow/example_dags/example_python_operator.py
[2026-06-12T11:32:27.481+0000] {processor.py:840} INFO - DAG(s) 'example_python_operator' retrieved from /home/airflow/.local/lib/python3.8/site-packages/airflow/example_dags/example_python_operator.py
[2026-06-12T11:32:27.528+0000] {logging_mixin.py:188} INFO - [2026-06-12T11:32:27.528+0000] {dag.py:3036} INFO - Sync 1 DAGs
[2026-06-12T11:32:27.554+0000] {logging_mixin.py:188} INFO - [2026-06-12T11:32:27.554+0000] {dag.py:3823} INFO - Setting next_dagrun for example_python_operator to None, run_after=None
[2026-06-12T11:32:27.587+0000] {processor.py:183} INFO - Processing /home/airflow/.local/lib/python3.8/site-packages/airflow/example_dags/example_python_operator.py took 0.137 seconds
[2026-06-12T11:32:57.980+0000] {processor.py:161} INFO - Started process (PID=3991) to work on /home/airflow/.local/lib/python3.8/site-packages/airflow/example_dags/example_python_operator.py
[2026-06-12T11:32:57.982+0000] {processor.py:830} INFO - Processing file /home/airflow/.local/lib/python3.8/site-packages/airflow/example_dags/example_python_operator.py for tasks to queue
[2026-06-12T11:32:57.985+0000] {logging_mixin.py:188} INFO - [2026-06-12T11:32:57.985+0000] {dagbag.py:538} INFO - Filling up the DagBag from /home/airflow/.local/lib/python3.8/site-packages/airflow/example_dags/example_python_operator.py
[2026-06-12T11:32:58.006+0000] {processor.py:840} INFO - DAG(s) 'example_python_operator' retrieved from /home/airflow/.local/lib/python3.8/site-packages/airflow/example_dags/example_python_operator.py
[2026-06-12T11:32:58.055+0000] {logging_mixin.py:188} INFO - [2026-06-12T11:32:58.055+0000] {dag.py:3036} INFO - Sync 1 DAGs
[2026-06-12T11:32:58.080+0000] {logging_mixin.py:188} INFO - [2026-06-12T11:32:58.080+0000] {dag.py:3823} INFO - Setting next_dagrun for example_python_operator to None, run_after=None
[2026-06-12T11:32:58.115+0000] {processor.py:183} INFO - Processing /home/airflow/.local/lib/python3.8/site-packages/airflow/example_dags/example_python_operator.py took 0.141 seconds
[2026-06-12T11:33:28.615+0000] {processor.py:161} INFO - Started process (PID=4056) to work on /home/airflow/.local/lib/python3.8/site-packages/airflow/example_dags/example_python_operator.py
[2026-06-12T11:33:28.617+0000] {processor.py:830} INFO - Processing file /home/airflow/.local/lib/python3.8/site-packages/airflow/example_dags/example_python_operator.py for tasks to queue
[2026-06-12T11:33:28.619+0000] {logging_mixin.py:188} INFO - [2026-06-12T11:33:28.619+0000] {dagbag.py:538} INFO - Filling up the DagBag from /home/airflow/.local/lib/python3.8/site-packages/airflow/example_dags/example_python_operator.py
[2026-06-12T11:33:28.636+0000] {processor.py:840} INFO - DAG(s) 'example_python_operator' retrieved from /home/airflow/.local/lib/python3.8/site-packages/airflow/example_dags/example_python_operator.py
[2026-06-12T11:33:28.674+0000] {logging_mixin.py:188} INFO - [2026-06-12T11:33:28.674+0000] {dag.py:3036} INFO - Sync 1 DAGs
[2026-06-12T11:33:28.693+0000] {logging_mixin.py:188} INFO - [2026-06-12T11:33:28.693+0000] {dag.py:3823} INFO - Setting next_dagrun for example_python_operator to None, run_after=None
[2026-06-12T11:33:28.722+0000] {processor.py:183} INFO - Processing /home/airflow/.local/lib/python3.8/site-packages/airflow/example_dags/example_python_operator.py took 0.111 seconds
[2026-06-12T11:33:59.282+0000] {processor.py:161} INFO - Started process (PID=4122) to work on /home/airflow/.local/lib/python3.8/site-packages/airflow/example_dags/example_python_operator.py
[2026-06-12T11:33:59.284+0000] {processor.py:830} INFO - Processing file /home/airflow/.local/lib/python3.8/site-packages/airflow/example_dags/example_python_operator.py for tasks to queue
[2026-06-12T11:33:59.287+0000] {logging_mixin.py:188} INFO - [2026-06-12T11:33:59.287+0000] {dagbag.py:538} INFO - Filling up the DagBag from /home/airflow/.local/lib/python3.8/site-packages/airflow/example_dags/example_python_operator.py
[2026-06-12T11:33:59.306+0000] {processor.py:840} INFO - DAG(s) 'example_python_operator' retrieved from /home/airflow/.local/lib/python3.8/site-packages/airflow/example_dags/example_python_operator.py
[2026-06-12T11:33:59.345+0000] {logging_mixin.py:188} INFO - [2026-06-12T11:33:59.344+0000] {dag.py:3036} INFO - Sync 1 DAGs
[2026-06-12T11:33:59.363+0000] {logging_mixin.py:188} INFO - [2026-06-12T11:33:59.363+0000] {dag.py:3823} INFO - Setting next_dagrun for example_python_operator to None, run_after=None
[2026-06-12T11:33:59.390+0000] {processor.py:183} INFO - Processing /home/airflow/.local/lib/python3.8/site-packages/airflow/example_dags/example_python_operator.py took 0.114 seconds
[2026-06-12T11:34:30.050+0000] {processor.py:161} INFO - Started process (PID=4196) to work on /home/airflow/.local/lib/python3.8/site-packages/airflow/example_dags/example_python_operator.py
[2026-06-12T11:34:30.052+0000] {processor.py:830} INFO - Processing file /home/airflow/.local/lib/python3.8/site-packages/airflow/example_dags/example_python_operator.py for tasks to queue
[2026-06-12T11:34:30.054+0000] {logging_mixin.py:188} INFO - [2026-06-12T11:34:30.054+0000] {dagbag.py:538} INFO - Filling up the DagBag from /home/airflow/.local/lib/python3.8/site-packages/airflow/example_dags/example_python_operator.py
[2026-06-12T11:34:30.075+0000] {processor.py:840} INFO - DAG(s) 'example_python_operator' retrieved from /home/airflow/.local/lib/python3.8/site-packages/airflow/example_dags/example_python_operator.py
[2026-06-12T11:34:30.122+0000] {logging_mixin.py:188} INFO - [2026-06-12T11:34:30.121+0000] {dag.py:3036} INFO - Sync 1 DAGs
[2026-06-12T11:34:30.146+0000] {logging_mixin.py:188} INFO - [2026-06-12T11:34:30.146+0000] {dag.py:3823} INFO - Setting next_dagrun for example_python_operator to None, run_after=None
[2026-06-12T11:34:30.187+0000] {processor.py:183} INFO - Processing /home/airflow/.local/lib/python3.8/site-packages/airflow/example_dags/example_python_operator.py took 0.143 seconds
[2026-06-12T11:35:00.518+0000] {processor.py:161} INFO - Started process (PID=4262) to work on /home/airflow/.local/lib/python3.8/site-packages/airflow/example_dags/example_python_operator.py
[2026-06-12T11:35:00.521+0000] {processor.py:830} INFO - Processing file /home/airflow/.local/lib/python3.8/site-packages/airflow/example_dags/example_python_operator.py for tasks to queue
[2026-06-12T11:35:00.524+0000] {logging_mixin.py:188} INFO - [2026-06-12T11:35:00.523+0000] {dagbag.py:538} INFO - Filling up the DagBag from /home/airflow/.local/lib/python3.8/site-packages/airflow/example_dags/example_python_operator.py
[2026-06-12T11:35:00.545+0000] {processor.py:840} INFO - DAG(s) 'example_python_operator' retrieved from /home/airflow/.local/lib/python3.8/site-packages/airflow/example_dags/example_python_operator.py
[2026-06-12T11:35:00.594+0000] {logging_mixin.py:188} INFO - [2026-06-12T11:35:00.593+0000] {dag.py:3036} INFO - Sync 1 DAGs
[2026-06-12T11:35:00.615+0000] {logging_mixin.py:188} INFO - [2026-06-12T11:35:00.615+0000] {dag.py:3823} INFO - Setting next_dagrun for example_python_operator to None, run_after=None
[2026-06-12T11:35:00.652+0000] {processor.py:183} INFO - Processing /home/airflow/.local/lib/python3.8/site-packages/airflow/example_dags/example_python_operator.py took 0.140 seconds
[2026-06-12T11:35:31.152+0000] {processor.py:161} INFO - Started process (PID=4327) to work on /home/airflow/.local/lib/python3.8/site-packages/airflow/example_dags/example_python_operator.py
[2026-06-12T11:35:31.153+0000] {processor.py:830} INFO - Processing file /home/airflow/.local/lib/python3.8/site-packages/airflow/example_dags/example_python_operator.py for tasks to queue
[2026-06-12T11:35:31.157+0000] {logging_mixin.py:188} INFO - [2026-06-12T11:35:31.156+0000] {dagbag.py:538} INFO - Filling up the DagBag from /home/airflow/.local/lib/python3.8/site-packages/airflow/example_dags/example_python_operator.py
[2026-06-12T11:35:31.177+0000] {processor.py:840} INFO - DAG(s) 'example_python_operator' retrieved from /home/airflow/.local/lib/python3.8/site-packages/airflow/example_dags/example_python_operator.py
[2026-06-12T11:35:31.222+0000] {logging_mixin.py:188} INFO - [2026-06-12T11:35:31.222+0000] {dag.py:3036} INFO - Sync 1 DAGs
[2026-06-12T11:35:31.241+0000] {logging_mixin.py:188} INFO - [2026-06-12T11:35:31.241+0000] {dag.py:3823} INFO - Setting next_dagrun for example_python_operator to None, run_after=None
[2026-06-12T11:35:31.272+0000] {processor.py:183} INFO - Processing /home/airflow/.local/lib/python3.8/site-packages/airflow/example_dags/example_python_operator.py took 0.126 seconds
[2026-06-12T11:36:01.562+0000] {processor.py:161} INFO - Started process (PID=4391) to work on /home/airflow/.local/lib/python3.8/site-packages/airflow/example_dags/example_python_operator.py
[2026-06-12T11:36:01.563+0000] {processor.py:830} INFO - Processing file /home/airflow/.local/lib/python3.8/site-packages/airflow/example_dags/example_python_operator.py for tasks to queue
[2026-06-12T11:36:01.566+0000] {logging_mixin.py:188} INFO - [2026-06-12T11:36:01.566+0000] {dagbag.py:538} INFO - Filling up the DagBag from /home/airflow/.local/lib/python3.8/site-packages/airflow/example_dags/example_python_operator.py
[2026-06-12T11:36:01.584+0000] {processor.py:840} INFO - DAG(s) 'example_python_operator' retrieved from /home/airflow/.local/lib/python3.8/site-packages/airflow/example_dags/example_python_operator.py
[2026-06-12T11:36:01.629+0000] {logging_mixin.py:188} INFO - [2026-06-12T11:36:01.629+0000] {dag.py:3036} INFO - Sync 1 DAGs
[2026-06-12T11:36:01.652+0000] {logging_mixin.py:188} INFO - [2026-06-12T11:36:01.652+0000] {dag.py:3823} INFO - Setting next_dagrun for example_python_operator to None, run_after=None
[2026-06-12T11:36:01.683+0000] {processor.py:183} INFO - Processing /home/airflow/.local/lib/python3.8/site-packages/airflow/example_dags/example_python_operator.py took 0.126 seconds
[2026-06-12T11:36:32.143+0000] {processor.py:161} INFO - Started process (PID=4456) to work on /home/airflow/.local/lib/python3.8/site-packages/airflow/example_dags/example_python_operator.py
[2026-06-12T11:36:32.144+0000] {processor.py:830} INFO - Processing file /home/airflow/.local/lib/python3.8/site-packages/airflow/example_dags/example_python_operator.py for tasks to queue
[2026-06-12T11:36:32.147+0000] {logging_mixin.py:188} INFO - [2026-06-12T11:36:32.146+0000] {dagbag.py:538} INFO - Filling up the DagBag from /home/airflow/.local/lib/python3.8/site-packages/airflow/example_dags/example_python_operator.py
[2026-06-12T11:36:32.163+0000] {processor.py:840} INFO - DAG(s) 'example_python_operator' retrieved from /home/airflow/.local/lib/python3.8/site-packages/airflow/example_dags/example_python_operator.py
[2026-06-12T11:36:32.201+0000] {logging_mixin.py:188} INFO - [2026-06-12T11:36:32.201+0000] {dag.py:3036} INFO - Sync 1 DAGs
[2026-06-12T11:36:32.221+0000] {logging_mixin.py:188} INFO - [2026-06-12T11:36:32.221+0000] {dag.py:3823} INFO - Setting next_dagrun for example_python_operator to None, run_after=None
[2026-06-12T11:36:32.250+0000] {processor.py:183} INFO - Processing /home/airflow/.local/lib/python3.8/site-packages/airflow/example_dags/example_python_operator.py took 0.112 seconds
[2026-06-12T11:37:02.486+0000] {processor.py:161} INFO - Started process (PID=4523) to work on /home/airflow/.local/lib/python3.8/site-packages/airflow/example_dags/example_python_operator.py
[2026-06-12T11:37:02.488+0000] {processor.py:830} INFO - Processing file /home/airflow/.local/lib/python3.8/site-packages/airflow/example_dags/example_python_operator.py for tasks to queue
[2026-06-12T11:37:02.490+0000] {logging_mixin.py:188} INFO - [2026-06-12T11:37:02.490+0000] {dagbag.py:538} INFO - Filling up the DagBag from /home/airflow/.local/lib/python3.8/site-packages/airflow/example_dags/example_python_operator.py
[2026-06-12T11:37:02.508+0000] {processor.py:840} INFO - DAG(s) 'example_python_operator' retrieved from /home/airflow/.local/lib/python3.8/site-packages/airflow/example_dags/example_python_operator.py
[2026-06-12T11:37:02.554+0000] {logging_mixin.py:188} INFO - [2026-06-12T11:37:02.554+0000] {dag.py:3036} INFO - Sync 1 DAGs
[2026-06-12T11:37:02.574+0000] {logging_mixin.py:188} INFO - [2026-06-12T11:37:02.574+0000] {dag.py:3823} INFO - Setting next_dagrun for example_python_operator to None, run_after=None
[2026-06-12T11:37:02.605+0000] {processor.py:183} INFO - Processing /home/airflow/.local/lib/python3.8/site-packages/airflow/example_dags/example_python_operator.py took 0.124 seconds
