[2026-06-12T11:03:02.567+0000] {processor.py:161} INFO - Started process (PID=80) to work on /home/airflow/.local/lib/python3.8/site-packages/airflow/example_dags/example_short_circuit_decorator.py
[2026-06-12T11:03:02.568+0000] {processor.py:830} INFO - Processing file /home/airflow/.local/lib/python3.8/site-packages/airflow/example_dags/example_short_circuit_decorator.py for tasks to queue
[2026-06-12T11:03:02.571+0000] {logging_mixin.py:188} INFO - [2026-06-12T11:03:02.571+0000] {dagbag.py:538} INFO - Filling up the DagBag from /home/airflow/.local/lib/python3.8/site-packages/airflow/example_dags/example_short_circuit_decorator.py
[2026-06-12T11:03:02.591+0000] {processor.py:840} INFO - DAG(s) 'example_short_circuit_decorator' retrieved from /home/airflow/.local/lib/python3.8/site-packages/airflow/example_dags/example_short_circuit_decorator.py
[2026-06-12T11:03:02.622+0000] {logging_mixin.py:188} INFO - [2026-06-12T11:03:02.621+0000] {dag.py:3036} INFO - Sync 1 DAGs
[2026-06-12T11:03:02.667+0000] {logging_mixin.py:188} INFO - [2026-06-12T11:03:02.666+0000] {dag.py:3823} INFO - Setting next_dagrun for example_short_circuit_decorator to 2026-06-11 00:00:00+00:00, run_after=2026-06-12 00:00:00+00:00
[2026-06-12T11:03:02.700+0000] {processor.py:183} INFO - Processing /home/airflow/.local/lib/python3.8/site-packages/airflow/example_dags/example_short_circuit_decorator.py took 0.140 seconds
[2026-06-12T11:03:33.860+0000] {processor.py:161} INFO - Started process (PID=146) to work on /home/airflow/.local/lib/python3.8/site-packages/airflow/example_dags/example_short_circuit_decorator.py
[2026-06-12T11:03:33.861+0000] {processor.py:830} INFO - Processing file /home/airflow/.local/lib/python3.8/site-packages/airflow/example_dags/example_short_circuit_decorator.py for tasks to queue
[2026-06-12T11:03:33.864+0000] {logging_mixin.py:188} INFO - [2026-06-12T11:03:33.863+0000] {dagbag.py:538} INFO - Filling up the DagBag from /home/airflow/.local/lib/python3.8/site-packages/airflow/example_dags/example_short_circuit_decorator.py
[2026-06-12T11:03:33.882+0000] {processor.py:840} INFO - DAG(s) 'example_short_circuit_decorator' retrieved from /home/airflow/.local/lib/python3.8/site-packages/airflow/example_dags/example_short_circuit_decorator.py
[2026-06-12T11:03:34.077+0000] {logging_mixin.py:188} INFO - [2026-06-12T11:03:34.076+0000] {dag.py:3036} INFO - Sync 1 DAGs
[2026-06-12T11:03:34.113+0000] {logging_mixin.py:188} INFO - [2026-06-12T11:03:34.113+0000] {dag.py:3823} INFO - Setting next_dagrun for example_short_circuit_decorator to 2026-06-11 00:00:00+00:00, run_after=2026-06-12 00:00:00+00:00
[2026-06-12T11:03:34.149+0000] {processor.py:183} INFO - Processing /home/airflow/.local/lib/python3.8/site-packages/airflow/example_dags/example_short_circuit_decorator.py took 0.294 seconds
[2026-06-12T11:04:04.771+0000] {processor.py:161} INFO - Started process (PID=212) to work on /home/airflow/.local/lib/python3.8/site-packages/airflow/example_dags/example_short_circuit_decorator.py
[2026-06-12T11:04:04.773+0000] {processor.py:830} INFO - Processing file /home/airflow/.local/lib/python3.8/site-packages/airflow/example_dags/example_short_circuit_decorator.py for tasks to queue
[2026-06-12T11:04:04.775+0000] {logging_mixin.py:188} INFO - [2026-06-12T11:04:04.775+0000] {dagbag.py:538} INFO - Filling up the DagBag from /home/airflow/.local/lib/python3.8/site-packages/airflow/example_dags/example_short_circuit_decorator.py
[2026-06-12T11:04:04.790+0000] {processor.py:840} INFO - DAG(s) 'example_short_circuit_decorator' retrieved from /home/airflow/.local/lib/python3.8/site-packages/airflow/example_dags/example_short_circuit_decorator.py
[2026-06-12T11:04:04.834+0000] {logging_mixin.py:188} INFO - [2026-06-12T11:04:04.834+0000] {dag.py:3036} INFO - Sync 1 DAGs
[2026-06-12T11:04:04.877+0000] {logging_mixin.py:188} INFO - [2026-06-12T11:04:04.875+0000] {dag.py:3823} INFO - Setting next_dagrun for example_short_circuit_decorator to 2026-06-11 00:00:00+00:00, run_after=2026-06-12 00:00:00+00:00
[2026-06-12T11:04:04.905+0000] {processor.py:183} INFO - Processing /home/airflow/.local/lib/python3.8/site-packages/airflow/example_dags/example_short_circuit_decorator.py took 0.140 seconds
[2026-06-12T11:04:35.663+0000] {processor.py:161} INFO - Started process (PID=279) to work on /home/airflow/.local/lib/python3.8/site-packages/airflow/example_dags/example_short_circuit_decorator.py
[2026-06-12T11:04:35.664+0000] {processor.py:830} INFO - Processing file /home/airflow/.local/lib/python3.8/site-packages/airflow/example_dags/example_short_circuit_decorator.py for tasks to queue
[2026-06-12T11:04:35.667+0000] {logging_mixin.py:188} INFO - [2026-06-12T11:04:35.666+0000] {dagbag.py:538} INFO - Filling up the DagBag from /home/airflow/.local/lib/python3.8/site-packages/airflow/example_dags/example_short_circuit_decorator.py
[2026-06-12T11:04:35.681+0000] {processor.py:840} INFO - DAG(s) 'example_short_circuit_decorator' retrieved from /home/airflow/.local/lib/python3.8/site-packages/airflow/example_dags/example_short_circuit_decorator.py
[2026-06-12T11:04:35.727+0000] {logging_mixin.py:188} INFO - [2026-06-12T11:04:35.726+0000] {dag.py:3036} INFO - Sync 1 DAGs
[2026-06-12T11:04:35.765+0000] {logging_mixin.py:188} INFO - [2026-06-12T11:04:35.765+0000] {dag.py:3823} INFO - Setting next_dagrun for example_short_circuit_decorator to 2026-06-11 00:00:00+00:00, run_after=2026-06-12 00:00:00+00:00
[2026-06-12T11:04:35.793+0000] {processor.py:183} INFO - Processing /home/airflow/.local/lib/python3.8/site-packages/airflow/example_dags/example_short_circuit_decorator.py took 0.135 seconds
[2026-06-12T11:05:06.139+0000] {processor.py:161} INFO - Started process (PID=345) to work on /home/airflow/.local/lib/python3.8/site-packages/airflow/example_dags/example_short_circuit_decorator.py
[2026-06-12T11:05:06.141+0000] {processor.py:830} INFO - Processing file /home/airflow/.local/lib/python3.8/site-packages/airflow/example_dags/example_short_circuit_decorator.py for tasks to queue
[2026-06-12T11:05:06.143+0000] {logging_mixin.py:188} INFO - [2026-06-12T11:05:06.143+0000] {dagbag.py:538} INFO - Filling up the DagBag from /home/airflow/.local/lib/python3.8/site-packages/airflow/example_dags/example_short_circuit_decorator.py
[2026-06-12T11:05:06.158+0000] {processor.py:840} INFO - DAG(s) 'example_short_circuit_decorator' retrieved from /home/airflow/.local/lib/python3.8/site-packages/airflow/example_dags/example_short_circuit_decorator.py
[2026-06-12T11:05:06.199+0000] {logging_mixin.py:188} INFO - [2026-06-12T11:05:06.199+0000] {dag.py:3036} INFO - Sync 1 DAGs
[2026-06-12T11:05:06.235+0000] {logging_mixin.py:188} INFO - [2026-06-12T11:05:06.235+0000] {dag.py:3823} INFO - Setting next_dagrun for example_short_circuit_decorator to 2026-06-11 00:00:00+00:00, run_after=2026-06-12 00:00:00+00:00
[2026-06-12T11:05:06.266+0000] {processor.py:183} INFO - Processing /home/airflow/.local/lib/python3.8/site-packages/airflow/example_dags/example_short_circuit_decorator.py took 0.134 seconds
[2026-06-12T11:05:36.587+0000] {processor.py:161} INFO - Started process (PID=411) to work on /home/airflow/.local/lib/python3.8/site-packages/airflow/example_dags/example_short_circuit_decorator.py
[2026-06-12T11:05:36.589+0000] {processor.py:830} INFO - Processing file /home/airflow/.local/lib/python3.8/site-packages/airflow/example_dags/example_short_circuit_decorator.py for tasks to queue
[2026-06-12T11:05:36.591+0000] {logging_mixin.py:188} INFO - [2026-06-12T11:05:36.591+0000] {dagbag.py:538} INFO - Filling up the DagBag from /home/airflow/.local/lib/python3.8/site-packages/airflow/example_dags/example_short_circuit_decorator.py
[2026-06-12T11:05:36.608+0000] {processor.py:840} INFO - DAG(s) 'example_short_circuit_decorator' retrieved from /home/airflow/.local/lib/python3.8/site-packages/airflow/example_dags/example_short_circuit_decorator.py
[2026-06-12T11:05:36.651+0000] {logging_mixin.py:188} INFO - [2026-06-12T11:05:36.651+0000] {dag.py:3036} INFO - Sync 1 DAGs
[2026-06-12T11:05:36.693+0000] {logging_mixin.py:188} INFO - [2026-06-12T11:05:36.692+0000] {dag.py:3823} INFO - Setting next_dagrun for example_short_circuit_decorator to 2026-06-11 00:00:00+00:00, run_after=2026-06-12 00:00:00+00:00
[2026-06-12T11:05:36.727+0000] {processor.py:183} INFO - Processing /home/airflow/.local/lib/python3.8/site-packages/airflow/example_dags/example_short_circuit_decorator.py took 0.146 seconds
[2026-06-12T11:06:07.159+0000] {processor.py:161} INFO - Started process (PID=484) to work on /home/airflow/.local/lib/python3.8/site-packages/airflow/example_dags/example_short_circuit_decorator.py
[2026-06-12T11:06:07.161+0000] {processor.py:830} INFO - Processing file /home/airflow/.local/lib/python3.8/site-packages/airflow/example_dags/example_short_circuit_decorator.py for tasks to queue
[2026-06-12T11:06:07.164+0000] {logging_mixin.py:188} INFO - [2026-06-12T11:06:07.164+0000] {dagbag.py:538} INFO - Filling up the DagBag from /home/airflow/.local/lib/python3.8/site-packages/airflow/example_dags/example_short_circuit_decorator.py
[2026-06-12T11:06:07.182+0000] {processor.py:840} INFO - DAG(s) 'example_short_circuit_decorator' retrieved from /home/airflow/.local/lib/python3.8/site-packages/airflow/example_dags/example_short_circuit_decorator.py
[2026-06-12T11:06:07.233+0000] {logging_mixin.py:188} INFO - [2026-06-12T11:06:07.232+0000] {dag.py:3036} INFO - Sync 1 DAGs
[2026-06-12T11:06:07.274+0000] {logging_mixin.py:188} INFO - [2026-06-12T11:06:07.274+0000] {dag.py:3823} INFO - Setting next_dagrun for example_short_circuit_decorator to 2026-06-11 00:00:00+00:00, run_after=2026-06-12 00:00:00+00:00
[2026-06-12T11:06:07.307+0000] {processor.py:183} INFO - Processing /home/airflow/.local/lib/python3.8/site-packages/airflow/example_dags/example_short_circuit_decorator.py took 0.153 seconds
[2026-06-12T11:06:37.545+0000] {processor.py:161} INFO - Started process (PID=549) to work on /home/airflow/.local/lib/python3.8/site-packages/airflow/example_dags/example_short_circuit_decorator.py
[2026-06-12T11:06:37.546+0000] {processor.py:830} INFO - Processing file /home/airflow/.local/lib/python3.8/site-packages/airflow/example_dags/example_short_circuit_decorator.py for tasks to queue
[2026-06-12T11:06:37.549+0000] {logging_mixin.py:188} INFO - [2026-06-12T11:06:37.548+0000] {dagbag.py:538} INFO - Filling up the DagBag from /home/airflow/.local/lib/python3.8/site-packages/airflow/example_dags/example_short_circuit_decorator.py
[2026-06-12T11:06:37.563+0000] {processor.py:840} INFO - DAG(s) 'example_short_circuit_decorator' retrieved from /home/airflow/.local/lib/python3.8/site-packages/airflow/example_dags/example_short_circuit_decorator.py
[2026-06-12T11:06:37.609+0000] {logging_mixin.py:188} INFO - [2026-06-12T11:06:37.609+0000] {dag.py:3036} INFO - Sync 1 DAGs
[2026-06-12T11:06:37.654+0000] {logging_mixin.py:188} INFO - [2026-06-12T11:06:37.654+0000] {dag.py:3823} INFO - Setting next_dagrun for example_short_circuit_decorator to 2026-06-11 00:00:00+00:00, run_after=2026-06-12 00:00:00+00:00
[2026-06-12T11:06:37.687+0000] {processor.py:183} INFO - Processing /home/airflow/.local/lib/python3.8/site-packages/airflow/example_dags/example_short_circuit_decorator.py took 0.147 seconds
[2026-06-12T11:07:08.077+0000] {processor.py:161} INFO - Started process (PID=614) to work on /home/airflow/.local/lib/python3.8/site-packages/airflow/example_dags/example_short_circuit_decorator.py
[2026-06-12T11:07:08.079+0000] {processor.py:830} INFO - Processing file /home/airflow/.local/lib/python3.8/site-packages/airflow/example_dags/example_short_circuit_decorator.py for tasks to queue
[2026-06-12T11:07:08.082+0000] {logging_mixin.py:188} INFO - [2026-06-12T11:07:08.082+0000] {dagbag.py:538} INFO - Filling up the DagBag from /home/airflow/.local/lib/python3.8/site-packages/airflow/example_dags/example_short_circuit_decorator.py
[2026-06-12T11:07:08.101+0000] {processor.py:840} INFO - DAG(s) 'example_short_circuit_decorator' retrieved from /home/airflow/.local/lib/python3.8/site-packages/airflow/example_dags/example_short_circuit_decorator.py
[2026-06-12T11:07:08.158+0000] {logging_mixin.py:188} INFO - [2026-06-12T11:07:08.157+0000] {dag.py:3036} INFO - Sync 1 DAGs
[2026-06-12T11:07:08.202+0000] {logging_mixin.py:188} INFO - [2026-06-12T11:07:08.201+0000] {dag.py:3823} INFO - Setting next_dagrun for example_short_circuit_decorator to 2026-06-11 00:00:00+00:00, run_after=2026-06-12 00:00:00+00:00
[2026-06-12T11:07:08.238+0000] {processor.py:183} INFO - Processing /home/airflow/.local/lib/python3.8/site-packages/airflow/example_dags/example_short_circuit_decorator.py took 0.167 seconds
[2026-06-12T11:07:38.393+0000] {processor.py:161} INFO - Started process (PID=680) to work on /home/airflow/.local/lib/python3.8/site-packages/airflow/example_dags/example_short_circuit_decorator.py
[2026-06-12T11:07:38.396+0000] {processor.py:830} INFO - Processing file /home/airflow/.local/lib/python3.8/site-packages/airflow/example_dags/example_short_circuit_decorator.py for tasks to queue
[2026-06-12T11:07:38.399+0000] {logging_mixin.py:188} INFO - [2026-06-12T11:07:38.398+0000] {dagbag.py:538} INFO - Filling up the DagBag from /home/airflow/.local/lib/python3.8/site-packages/airflow/example_dags/example_short_circuit_decorator.py
[2026-06-12T11:07:38.416+0000] {processor.py:840} INFO - DAG(s) 'example_short_circuit_decorator' retrieved from /home/airflow/.local/lib/python3.8/site-packages/airflow/example_dags/example_short_circuit_decorator.py
[2026-06-12T11:07:38.458+0000] {logging_mixin.py:188} INFO - [2026-06-12T11:07:38.458+0000] {dag.py:3036} INFO - Sync 1 DAGs
[2026-06-12T11:07:38.496+0000] {logging_mixin.py:188} INFO - [2026-06-12T11:07:38.495+0000] {dag.py:3823} INFO - Setting next_dagrun for example_short_circuit_decorator to 2026-06-11 00:00:00+00:00, run_after=2026-06-12 00:00:00+00:00
[2026-06-12T11:07:38.527+0000] {processor.py:183} INFO - Processing /home/airflow/.local/lib/python3.8/site-packages/airflow/example_dags/example_short_circuit_decorator.py took 0.139 seconds
[2026-06-12T11:08:08.669+0000] {processor.py:161} INFO - Started process (PID=746) to work on /home/airflow/.local/lib/python3.8/site-packages/airflow/example_dags/example_short_circuit_decorator.py
[2026-06-12T11:08:08.671+0000] {processor.py:830} INFO - Processing file /home/airflow/.local/lib/python3.8/site-packages/airflow/example_dags/example_short_circuit_decorator.py for tasks to queue
[2026-06-12T11:08:08.673+0000] {logging_mixin.py:188} INFO - [2026-06-12T11:08:08.673+0000] {dagbag.py:538} INFO - Filling up the DagBag from /home/airflow/.local/lib/python3.8/site-packages/airflow/example_dags/example_short_circuit_decorator.py
[2026-06-12T11:08:08.687+0000] {processor.py:840} INFO - DAG(s) 'example_short_circuit_decorator' retrieved from /home/airflow/.local/lib/python3.8/site-packages/airflow/example_dags/example_short_circuit_decorator.py
[2026-06-12T11:08:08.730+0000] {logging_mixin.py:188} INFO - [2026-06-12T11:08:08.730+0000] {dag.py:3036} INFO - Sync 1 DAGs
[2026-06-12T11:08:08.766+0000] {logging_mixin.py:188} INFO - [2026-06-12T11:08:08.765+0000] {dag.py:3823} INFO - Setting next_dagrun for example_short_circuit_decorator to 2026-06-11 00:00:00+00:00, run_after=2026-06-12 00:00:00+00:00
[2026-06-12T11:08:08.795+0000] {processor.py:183} INFO - Processing /home/airflow/.local/lib/python3.8/site-packages/airflow/example_dags/example_short_circuit_decorator.py took 0.131 seconds
[2026-06-12T11:08:39.019+0000] {processor.py:161} INFO - Started process (PID=813) to work on /home/airflow/.local/lib/python3.8/site-packages/airflow/example_dags/example_short_circuit_decorator.py
[2026-06-12T11:08:39.020+0000] {processor.py:830} INFO - Processing file /home/airflow/.local/lib/python3.8/site-packages/airflow/example_dags/example_short_circuit_decorator.py for tasks to queue
[2026-06-12T11:08:39.023+0000] {logging_mixin.py:188} INFO - [2026-06-12T11:08:39.023+0000] {dagbag.py:538} INFO - Filling up the DagBag from /home/airflow/.local/lib/python3.8/site-packages/airflow/example_dags/example_short_circuit_decorator.py
[2026-06-12T11:08:39.041+0000] {processor.py:840} INFO - DAG(s) 'example_short_circuit_decorator' retrieved from /home/airflow/.local/lib/python3.8/site-packages/airflow/example_dags/example_short_circuit_decorator.py
[2026-06-12T11:08:39.086+0000] {logging_mixin.py:188} INFO - [2026-06-12T11:08:39.086+0000] {dag.py:3036} INFO - Sync 1 DAGs
[2026-06-12T11:08:39.129+0000] {logging_mixin.py:188} INFO - [2026-06-12T11:08:39.129+0000] {dag.py:3823} INFO - Setting next_dagrun for example_short_circuit_decorator to 2026-06-11 00:00:00+00:00, run_after=2026-06-12 00:00:00+00:00
[2026-06-12T11:08:39.166+0000] {processor.py:183} INFO - Processing /home/airflow/.local/lib/python3.8/site-packages/airflow/example_dags/example_short_circuit_decorator.py took 0.153 seconds
[2026-06-12T11:09:09.383+0000] {processor.py:161} INFO - Started process (PID=878) to work on /home/airflow/.local/lib/python3.8/site-packages/airflow/example_dags/example_short_circuit_decorator.py
[2026-06-12T11:09:09.384+0000] {processor.py:830} INFO - Processing file /home/airflow/.local/lib/python3.8/site-packages/airflow/example_dags/example_short_circuit_decorator.py for tasks to queue
[2026-06-12T11:09:09.387+0000] {logging_mixin.py:188} INFO - [2026-06-12T11:09:09.386+0000] {dagbag.py:538} INFO - Filling up the DagBag from /home/airflow/.local/lib/python3.8/site-packages/airflow/example_dags/example_short_circuit_decorator.py
[2026-06-12T11:09:09.401+0000] {processor.py:840} INFO - DAG(s) 'example_short_circuit_decorator' retrieved from /home/airflow/.local/lib/python3.8/site-packages/airflow/example_dags/example_short_circuit_decorator.py
[2026-06-12T11:09:09.451+0000] {logging_mixin.py:188} INFO - [2026-06-12T11:09:09.450+0000] {dag.py:3036} INFO - Sync 1 DAGs
[2026-06-12T11:09:09.494+0000] {logging_mixin.py:188} INFO - [2026-06-12T11:09:09.494+0000] {dag.py:3823} INFO - Setting next_dagrun for example_short_circuit_decorator to 2026-06-11 00:00:00+00:00, run_after=2026-06-12 00:00:00+00:00
[2026-06-12T11:09:09.521+0000] {processor.py:183} INFO - Processing /home/airflow/.local/lib/python3.8/site-packages/airflow/example_dags/example_short_circuit_decorator.py took 0.143 seconds
[2026-06-12T11:09:40.081+0000] {processor.py:161} INFO - Started process (PID=945) to work on /home/airflow/.local/lib/python3.8/site-packages/airflow/example_dags/example_short_circuit_decorator.py
[2026-06-12T11:09:40.082+0000] {processor.py:830} INFO - Processing file /home/airflow/.local/lib/python3.8/site-packages/airflow/example_dags/example_short_circuit_decorator.py for tasks to queue
[2026-06-12T11:09:40.085+0000] {logging_mixin.py:188} INFO - [2026-06-12T11:09:40.085+0000] {dagbag.py:538} INFO - Filling up the DagBag from /home/airflow/.local/lib/python3.8/site-packages/airflow/example_dags/example_short_circuit_decorator.py
[2026-06-12T11:09:40.099+0000] {processor.py:840} INFO - DAG(s) 'example_short_circuit_decorator' retrieved from /home/airflow/.local/lib/python3.8/site-packages/airflow/example_dags/example_short_circuit_decorator.py
[2026-06-12T11:09:40.138+0000] {logging_mixin.py:188} INFO - [2026-06-12T11:09:40.138+0000] {dag.py:3036} INFO - Sync 1 DAGs
[2026-06-12T11:09:40.179+0000] {logging_mixin.py:188} INFO - [2026-06-12T11:09:40.179+0000] {dag.py:3823} INFO - Setting next_dagrun for example_short_circuit_decorator to 2026-06-11 00:00:00+00:00, run_after=2026-06-12 00:00:00+00:00
[2026-06-12T11:09:40.213+0000] {processor.py:183} INFO - Processing /home/airflow/.local/lib/python3.8/site-packages/airflow/example_dags/example_short_circuit_decorator.py took 0.138 seconds
[2026-06-12T11:10:10.502+0000] {processor.py:161} INFO - Started process (PID=1017) to work on /home/airflow/.local/lib/python3.8/site-packages/airflow/example_dags/example_short_circuit_decorator.py
[2026-06-12T11:10:10.505+0000] {processor.py:830} INFO - Processing file /home/airflow/.local/lib/python3.8/site-packages/airflow/example_dags/example_short_circuit_decorator.py for tasks to queue
[2026-06-12T11:10:10.508+0000] {logging_mixin.py:188} INFO - [2026-06-12T11:10:10.507+0000] {dagbag.py:538} INFO - Filling up the DagBag from /home/airflow/.local/lib/python3.8/site-packages/airflow/example_dags/example_short_circuit_decorator.py
[2026-06-12T11:10:10.527+0000] {processor.py:840} INFO - DAG(s) 'example_short_circuit_decorator' retrieved from /home/airflow/.local/lib/python3.8/site-packages/airflow/example_dags/example_short_circuit_decorator.py
[2026-06-12T11:10:10.578+0000] {logging_mixin.py:188} INFO - [2026-06-12T11:10:10.578+0000] {dag.py:3036} INFO - Sync 1 DAGs
[2026-06-12T11:10:10.622+0000] {logging_mixin.py:188} INFO - [2026-06-12T11:10:10.622+0000] {dag.py:3823} INFO - Setting next_dagrun for example_short_circuit_decorator to 2026-06-11 00:00:00+00:00, run_after=2026-06-12 00:00:00+00:00
[2026-06-12T11:10:10.656+0000] {processor.py:183} INFO - Processing /home/airflow/.local/lib/python3.8/site-packages/airflow/example_dags/example_short_circuit_decorator.py took 0.159 seconds
[2026-06-12T11:10:40.773+0000] {processor.py:161} INFO - Started process (PID=1083) to work on /home/airflow/.local/lib/python3.8/site-packages/airflow/example_dags/example_short_circuit_decorator.py
[2026-06-12T11:10:40.774+0000] {processor.py:830} INFO - Processing file /home/airflow/.local/lib/python3.8/site-packages/airflow/example_dags/example_short_circuit_decorator.py for tasks to queue
[2026-06-12T11:10:40.777+0000] {logging_mixin.py:188} INFO - [2026-06-12T11:10:40.777+0000] {dagbag.py:538} INFO - Filling up the DagBag from /home/airflow/.local/lib/python3.8/site-packages/airflow/example_dags/example_short_circuit_decorator.py
[2026-06-12T11:10:40.796+0000] {processor.py:840} INFO - DAG(s) 'example_short_circuit_decorator' retrieved from /home/airflow/.local/lib/python3.8/site-packages/airflow/example_dags/example_short_circuit_decorator.py
[2026-06-12T11:10:40.847+0000] {logging_mixin.py:188} INFO - [2026-06-12T11:10:40.846+0000] {dag.py:3036} INFO - Sync 1 DAGs
[2026-06-12T11:10:40.890+0000] {logging_mixin.py:188} INFO - [2026-06-12T11:10:40.890+0000] {dag.py:3823} INFO - Setting next_dagrun for example_short_circuit_decorator to 2026-06-11 00:00:00+00:00, run_after=2026-06-12 00:00:00+00:00
[2026-06-12T11:10:40.923+0000] {processor.py:183} INFO - Processing /home/airflow/.local/lib/python3.8/site-packages/airflow/example_dags/example_short_circuit_decorator.py took 0.157 seconds
[2026-06-12T11:11:11.123+0000] {processor.py:161} INFO - Started process (PID=1149) to work on /home/airflow/.local/lib/python3.8/site-packages/airflow/example_dags/example_short_circuit_decorator.py
[2026-06-12T11:11:11.125+0000] {processor.py:830} INFO - Processing file /home/airflow/.local/lib/python3.8/site-packages/airflow/example_dags/example_short_circuit_decorator.py for tasks to queue
[2026-06-12T11:11:11.128+0000] {logging_mixin.py:188} INFO - [2026-06-12T11:11:11.127+0000] {dagbag.py:538} INFO - Filling up the DagBag from /home/airflow/.local/lib/python3.8/site-packages/airflow/example_dags/example_short_circuit_decorator.py
[2026-06-12T11:11:11.146+0000] {processor.py:840} INFO - DAG(s) 'example_short_circuit_decorator' retrieved from /home/airflow/.local/lib/python3.8/site-packages/airflow/example_dags/example_short_circuit_decorator.py
[2026-06-12T11:11:11.190+0000] {logging_mixin.py:188} INFO - [2026-06-12T11:11:11.189+0000] {dag.py:3036} INFO - Sync 1 DAGs
[2026-06-12T11:11:11.231+0000] {logging_mixin.py:188} INFO - [2026-06-12T11:11:11.231+0000] {dag.py:3823} INFO - Setting next_dagrun for example_short_circuit_decorator to 2026-06-11 00:00:00+00:00, run_after=2026-06-12 00:00:00+00:00
[2026-06-12T11:11:11.264+0000] {processor.py:183} INFO - Processing /home/airflow/.local/lib/python3.8/site-packages/airflow/example_dags/example_short_circuit_decorator.py took 0.145 seconds
[2026-06-12T11:11:41.722+0000] {processor.py:161} INFO - Started process (PID=1216) to work on /home/airflow/.local/lib/python3.8/site-packages/airflow/example_dags/example_short_circuit_decorator.py
[2026-06-12T11:11:41.723+0000] {processor.py:830} INFO - Processing file /home/airflow/.local/lib/python3.8/site-packages/airflow/example_dags/example_short_circuit_decorator.py for tasks to queue
[2026-06-12T11:11:41.726+0000] {logging_mixin.py:188} INFO - [2026-06-12T11:11:41.726+0000] {dagbag.py:538} INFO - Filling up the DagBag from /home/airflow/.local/lib/python3.8/site-packages/airflow/example_dags/example_short_circuit_decorator.py
[2026-06-12T11:11:41.742+0000] {processor.py:840} INFO - DAG(s) 'example_short_circuit_decorator' retrieved from /home/airflow/.local/lib/python3.8/site-packages/airflow/example_dags/example_short_circuit_decorator.py
[2026-06-12T11:11:41.782+0000] {logging_mixin.py:188} INFO - [2026-06-12T11:11:41.782+0000] {dag.py:3036} INFO - Sync 1 DAGs
[2026-06-12T11:11:41.819+0000] {logging_mixin.py:188} INFO - [2026-06-12T11:11:41.818+0000] {dag.py:3823} INFO - Setting next_dagrun for example_short_circuit_decorator to 2026-06-11 00:00:00+00:00, run_after=2026-06-12 00:00:00+00:00
[2026-06-12T11:11:41.847+0000] {processor.py:183} INFO - Processing /home/airflow/.local/lib/python3.8/site-packages/airflow/example_dags/example_short_circuit_decorator.py took 0.130 seconds
[2026-06-12T11:12:12.138+0000] {processor.py:161} INFO - Started process (PID=1282) to work on /home/airflow/.local/lib/python3.8/site-packages/airflow/example_dags/example_short_circuit_decorator.py
[2026-06-12T11:12:12.140+0000] {processor.py:830} INFO - Processing file /home/airflow/.local/lib/python3.8/site-packages/airflow/example_dags/example_short_circuit_decorator.py for tasks to queue
[2026-06-12T11:12:12.143+0000] {logging_mixin.py:188} INFO - [2026-06-12T11:12:12.142+0000] {dagbag.py:538} INFO - Filling up the DagBag from /home/airflow/.local/lib/python3.8/site-packages/airflow/example_dags/example_short_circuit_decorator.py
[2026-06-12T11:12:12.161+0000] {processor.py:840} INFO - DAG(s) 'example_short_circuit_decorator' retrieved from /home/airflow/.local/lib/python3.8/site-packages/airflow/example_dags/example_short_circuit_decorator.py
[2026-06-12T11:12:12.212+0000] {logging_mixin.py:188} INFO - [2026-06-12T11:12:12.212+0000] {dag.py:3036} INFO - Sync 1 DAGs
[2026-06-12T11:12:12.258+0000] {logging_mixin.py:188} INFO - [2026-06-12T11:12:12.258+0000] {dag.py:3823} INFO - Setting next_dagrun for example_short_circuit_decorator to 2026-06-11 00:00:00+00:00, run_after=2026-06-12 00:00:00+00:00
[2026-06-12T11:12:12.296+0000] {processor.py:183} INFO - Processing /home/airflow/.local/lib/python3.8/site-packages/airflow/example_dags/example_short_circuit_decorator.py took 0.163 seconds
[2026-06-12T11:12:42.421+0000] {processor.py:161} INFO - Started process (PID=1349) to work on /home/airflow/.local/lib/python3.8/site-packages/airflow/example_dags/example_short_circuit_decorator.py
[2026-06-12T11:12:42.423+0000] {processor.py:830} INFO - Processing file /home/airflow/.local/lib/python3.8/site-packages/airflow/example_dags/example_short_circuit_decorator.py for tasks to queue
[2026-06-12T11:12:42.426+0000] {logging_mixin.py:188} INFO - [2026-06-12T11:12:42.425+0000] {dagbag.py:538} INFO - Filling up the DagBag from /home/airflow/.local/lib/python3.8/site-packages/airflow/example_dags/example_short_circuit_decorator.py
[2026-06-12T11:12:42.441+0000] {processor.py:840} INFO - DAG(s) 'example_short_circuit_decorator' retrieved from /home/airflow/.local/lib/python3.8/site-packages/airflow/example_dags/example_short_circuit_decorator.py
[2026-06-12T11:12:42.490+0000] {logging_mixin.py:188} INFO - [2026-06-12T11:12:42.490+0000] {dag.py:3036} INFO - Sync 1 DAGs
[2026-06-12T11:12:42.531+0000] {logging_mixin.py:188} INFO - [2026-06-12T11:12:42.530+0000] {dag.py:3823} INFO - Setting next_dagrun for example_short_circuit_decorator to 2026-06-11 00:00:00+00:00, run_after=2026-06-12 00:00:00+00:00
[2026-06-12T11:12:42.561+0000] {processor.py:183} INFO - Processing /home/airflow/.local/lib/python3.8/site-packages/airflow/example_dags/example_short_circuit_decorator.py took 0.145 seconds
[2026-06-12T11:13:12.770+0000] {processor.py:161} INFO - Started process (PID=1415) to work on /home/airflow/.local/lib/python3.8/site-packages/airflow/example_dags/example_short_circuit_decorator.py
[2026-06-12T11:13:12.771+0000] {processor.py:830} INFO - Processing file /home/airflow/.local/lib/python3.8/site-packages/airflow/example_dags/example_short_circuit_decorator.py for tasks to queue
[2026-06-12T11:13:12.775+0000] {logging_mixin.py:188} INFO - [2026-06-12T11:13:12.774+0000] {dagbag.py:538} INFO - Filling up the DagBag from /home/airflow/.local/lib/python3.8/site-packages/airflow/example_dags/example_short_circuit_decorator.py
[2026-06-12T11:13:12.793+0000] {processor.py:840} INFO - DAG(s) 'example_short_circuit_decorator' retrieved from /home/airflow/.local/lib/python3.8/site-packages/airflow/example_dags/example_short_circuit_decorator.py
[2026-06-12T11:13:12.836+0000] {logging_mixin.py:188} INFO - [2026-06-12T11:13:12.836+0000] {dag.py:3036} INFO - Sync 1 DAGs
[2026-06-12T11:13:12.876+0000] {logging_mixin.py:188} INFO - [2026-06-12T11:13:12.876+0000] {dag.py:3823} INFO - Setting next_dagrun for example_short_circuit_decorator to 2026-06-11 00:00:00+00:00, run_after=2026-06-12 00:00:00+00:00
[2026-06-12T11:13:12.910+0000] {processor.py:183} INFO - Processing /home/airflow/.local/lib/python3.8/site-packages/airflow/example_dags/example_short_circuit_decorator.py took 0.146 seconds
[2026-06-12T11:13:43.402+0000] {processor.py:161} INFO - Started process (PID=1481) to work on /home/airflow/.local/lib/python3.8/site-packages/airflow/example_dags/example_short_circuit_decorator.py
[2026-06-12T11:13:43.404+0000] {processor.py:830} INFO - Processing file /home/airflow/.local/lib/python3.8/site-packages/airflow/example_dags/example_short_circuit_decorator.py for tasks to queue
[2026-06-12T11:13:43.406+0000] {logging_mixin.py:188} INFO - [2026-06-12T11:13:43.406+0000] {dagbag.py:538} INFO - Filling up the DagBag from /home/airflow/.local/lib/python3.8/site-packages/airflow/example_dags/example_short_circuit_decorator.py
[2026-06-12T11:13:43.424+0000] {processor.py:840} INFO - DAG(s) 'example_short_circuit_decorator' retrieved from /home/airflow/.local/lib/python3.8/site-packages/airflow/example_dags/example_short_circuit_decorator.py
[2026-06-12T11:13:43.467+0000] {logging_mixin.py:188} INFO - [2026-06-12T11:13:43.467+0000] {dag.py:3036} INFO - Sync 1 DAGs
[2026-06-12T11:13:43.509+0000] {logging_mixin.py:188} INFO - [2026-06-12T11:13:43.508+0000] {dag.py:3823} INFO - Setting next_dagrun for example_short_circuit_decorator to 2026-06-11 00:00:00+00:00, run_after=2026-06-12 00:00:00+00:00
[2026-06-12T11:13:43.541+0000] {processor.py:183} INFO - Processing /home/airflow/.local/lib/python3.8/site-packages/airflow/example_dags/example_short_circuit_decorator.py took 0.143 seconds
[2026-06-12T11:14:14.587+0000] {processor.py:161} INFO - Started process (PID=1548) to work on /home/airflow/.local/lib/python3.8/site-packages/airflow/example_dags/example_short_circuit_decorator.py
[2026-06-12T11:14:14.590+0000] {processor.py:830} INFO - Processing file /home/airflow/.local/lib/python3.8/site-packages/airflow/example_dags/example_short_circuit_decorator.py for tasks to queue
[2026-06-12T11:14:14.593+0000] {logging_mixin.py:188} INFO - [2026-06-12T11:14:14.592+0000] {dagbag.py:538} INFO - Filling up the DagBag from /home/airflow/.local/lib/python3.8/site-packages/airflow/example_dags/example_short_circuit_decorator.py
[2026-06-12T11:14:14.610+0000] {processor.py:840} INFO - DAG(s) 'example_short_circuit_decorator' retrieved from /home/airflow/.local/lib/python3.8/site-packages/airflow/example_dags/example_short_circuit_decorator.py
[2026-06-12T11:14:14.663+0000] {logging_mixin.py:188} INFO - [2026-06-12T11:14:14.662+0000] {dag.py:3036} INFO - Sync 1 DAGs
[2026-06-12T11:14:14.700+0000] {logging_mixin.py:188} INFO - [2026-06-12T11:14:14.699+0000] {dag.py:3823} INFO - Setting next_dagrun for example_short_circuit_decorator to 2026-06-11 00:00:00+00:00, run_after=2026-06-12 00:00:00+00:00
[2026-06-12T11:14:14.728+0000] {processor.py:183} INFO - Processing /home/airflow/.local/lib/python3.8/site-packages/airflow/example_dags/example_short_circuit_decorator.py took 0.147 seconds
[2026-06-12T11:14:45.227+0000] {processor.py:161} INFO - Started process (PID=1621) to work on /home/airflow/.local/lib/python3.8/site-packages/airflow/example_dags/example_short_circuit_decorator.py
[2026-06-12T11:14:45.228+0000] {processor.py:830} INFO - Processing file /home/airflow/.local/lib/python3.8/site-packages/airflow/example_dags/example_short_circuit_decorator.py for tasks to queue
[2026-06-12T11:14:45.231+0000] {logging_mixin.py:188} INFO - [2026-06-12T11:14:45.231+0000] {dagbag.py:538} INFO - Filling up the DagBag from /home/airflow/.local/lib/python3.8/site-packages/airflow/example_dags/example_short_circuit_decorator.py
[2026-06-12T11:14:45.247+0000] {processor.py:840} INFO - DAG(s) 'example_short_circuit_decorator' retrieved from /home/airflow/.local/lib/python3.8/site-packages/airflow/example_dags/example_short_circuit_decorator.py
[2026-06-12T11:14:45.291+0000] {logging_mixin.py:188} INFO - [2026-06-12T11:14:45.290+0000] {dag.py:3036} INFO - Sync 1 DAGs
[2026-06-12T11:14:45.330+0000] {logging_mixin.py:188} INFO - [2026-06-12T11:14:45.330+0000] {dag.py:3823} INFO - Setting next_dagrun for example_short_circuit_decorator to 2026-06-11 00:00:00+00:00, run_after=2026-06-12 00:00:00+00:00
[2026-06-12T11:14:45.365+0000] {processor.py:183} INFO - Processing /home/airflow/.local/lib/python3.8/site-packages/airflow/example_dags/example_short_circuit_decorator.py took 0.143 seconds
[2026-06-12T11:15:15.524+0000] {processor.py:161} INFO - Started process (PID=1688) to work on /home/airflow/.local/lib/python3.8/site-packages/airflow/example_dags/example_short_circuit_decorator.py
[2026-06-12T11:15:15.526+0000] {processor.py:830} INFO - Processing file /home/airflow/.local/lib/python3.8/site-packages/airflow/example_dags/example_short_circuit_decorator.py for tasks to queue
[2026-06-12T11:15:15.529+0000] {logging_mixin.py:188} INFO - [2026-06-12T11:15:15.529+0000] {dagbag.py:538} INFO - Filling up the DagBag from /home/airflow/.local/lib/python3.8/site-packages/airflow/example_dags/example_short_circuit_decorator.py
[2026-06-12T11:15:15.547+0000] {processor.py:840} INFO - DAG(s) 'example_short_circuit_decorator' retrieved from /home/airflow/.local/lib/python3.8/site-packages/airflow/example_dags/example_short_circuit_decorator.py
[2026-06-12T11:15:15.594+0000] {logging_mixin.py:188} INFO - [2026-06-12T11:15:15.593+0000] {dag.py:3036} INFO - Sync 1 DAGs
[2026-06-12T11:15:15.637+0000] {logging_mixin.py:188} INFO - [2026-06-12T11:15:15.637+0000] {dag.py:3823} INFO - Setting next_dagrun for example_short_circuit_decorator to 2026-06-11 00:00:00+00:00, run_after=2026-06-12 00:00:00+00:00
[2026-06-12T11:15:15.671+0000] {processor.py:183} INFO - Processing /home/airflow/.local/lib/python3.8/site-packages/airflow/example_dags/example_short_circuit_decorator.py took 0.153 seconds
[2026-06-12T11:15:46.020+0000] {processor.py:161} INFO - Started process (PID=1754) to work on /home/airflow/.local/lib/python3.8/site-packages/airflow/example_dags/example_short_circuit_decorator.py
[2026-06-12T11:15:46.022+0000] {processor.py:830} INFO - Processing file /home/airflow/.local/lib/python3.8/site-packages/airflow/example_dags/example_short_circuit_decorator.py for tasks to queue
[2026-06-12T11:15:46.026+0000] {logging_mixin.py:188} INFO - [2026-06-12T11:15:46.026+0000] {dagbag.py:538} INFO - Filling up the DagBag from /home/airflow/.local/lib/python3.8/site-packages/airflow/example_dags/example_short_circuit_decorator.py
[2026-06-12T11:15:46.045+0000] {processor.py:840} INFO - DAG(s) 'example_short_circuit_decorator' retrieved from /home/airflow/.local/lib/python3.8/site-packages/airflow/example_dags/example_short_circuit_decorator.py
[2026-06-12T11:15:46.100+0000] {logging_mixin.py:188} INFO - [2026-06-12T11:15:46.100+0000] {dag.py:3036} INFO - Sync 1 DAGs
[2026-06-12T11:15:46.144+0000] {logging_mixin.py:188} INFO - [2026-06-12T11:15:46.144+0000] {dag.py:3823} INFO - Setting next_dagrun for example_short_circuit_decorator to 2026-06-11 00:00:00+00:00, run_after=2026-06-12 00:00:00+00:00
[2026-06-12T11:15:46.177+0000] {processor.py:183} INFO - Processing /home/airflow/.local/lib/python3.8/site-packages/airflow/example_dags/example_short_circuit_decorator.py took 0.163 seconds
[2026-06-12T11:16:16.687+0000] {processor.py:161} INFO - Started process (PID=1819) to work on /home/airflow/.local/lib/python3.8/site-packages/airflow/example_dags/example_short_circuit_decorator.py
[2026-06-12T11:16:16.689+0000] {processor.py:830} INFO - Processing file /home/airflow/.local/lib/python3.8/site-packages/airflow/example_dags/example_short_circuit_decorator.py for tasks to queue
[2026-06-12T11:16:16.692+0000] {logging_mixin.py:188} INFO - [2026-06-12T11:16:16.692+0000] {dagbag.py:538} INFO - Filling up the DagBag from /home/airflow/.local/lib/python3.8/site-packages/airflow/example_dags/example_short_circuit_decorator.py
[2026-06-12T11:16:16.710+0000] {processor.py:840} INFO - DAG(s) 'example_short_circuit_decorator' retrieved from /home/airflow/.local/lib/python3.8/site-packages/airflow/example_dags/example_short_circuit_decorator.py
[2026-06-12T11:16:16.756+0000] {logging_mixin.py:188} INFO - [2026-06-12T11:16:16.756+0000] {dag.py:3036} INFO - Sync 1 DAGs
[2026-06-12T11:16:16.798+0000] {logging_mixin.py:188} INFO - [2026-06-12T11:16:16.798+0000] {dag.py:3823} INFO - Setting next_dagrun for example_short_circuit_decorator to 2026-06-11 00:00:00+00:00, run_after=2026-06-12 00:00:00+00:00
[2026-06-12T11:16:16.830+0000] {processor.py:183} INFO - Processing /home/airflow/.local/lib/python3.8/site-packages/airflow/example_dags/example_short_circuit_decorator.py took 0.149 seconds
[2026-06-12T11:16:47.212+0000] {processor.py:161} INFO - Started process (PID=1885) to work on /home/airflow/.local/lib/python3.8/site-packages/airflow/example_dags/example_short_circuit_decorator.py
[2026-06-12T11:16:47.214+0000] {processor.py:830} INFO - Processing file /home/airflow/.local/lib/python3.8/site-packages/airflow/example_dags/example_short_circuit_decorator.py for tasks to queue
[2026-06-12T11:16:47.217+0000] {logging_mixin.py:188} INFO - [2026-06-12T11:16:47.217+0000] {dagbag.py:538} INFO - Filling up the DagBag from /home/airflow/.local/lib/python3.8/site-packages/airflow/example_dags/example_short_circuit_decorator.py
[2026-06-12T11:16:47.235+0000] {processor.py:840} INFO - DAG(s) 'example_short_circuit_decorator' retrieved from /home/airflow/.local/lib/python3.8/site-packages/airflow/example_dags/example_short_circuit_decorator.py
[2026-06-12T11:16:47.282+0000] {logging_mixin.py:188} INFO - [2026-06-12T11:16:47.282+0000] {dag.py:3036} INFO - Sync 1 DAGs
[2026-06-12T11:16:47.322+0000] {logging_mixin.py:188} INFO - [2026-06-12T11:16:47.322+0000] {dag.py:3823} INFO - Setting next_dagrun for example_short_circuit_decorator to 2026-06-11 00:00:00+00:00, run_after=2026-06-12 00:00:00+00:00
[2026-06-12T11:16:47.352+0000] {processor.py:183} INFO - Processing /home/airflow/.local/lib/python3.8/site-packages/airflow/example_dags/example_short_circuit_decorator.py took 0.145 seconds
[2026-06-12T11:17:17.694+0000] {processor.py:161} INFO - Started process (PID=1950) to work on /home/airflow/.local/lib/python3.8/site-packages/airflow/example_dags/example_short_circuit_decorator.py
[2026-06-12T11:17:17.695+0000] {processor.py:830} INFO - Processing file /home/airflow/.local/lib/python3.8/site-packages/airflow/example_dags/example_short_circuit_decorator.py for tasks to queue
[2026-06-12T11:17:17.698+0000] {logging_mixin.py:188} INFO - [2026-06-12T11:17:17.697+0000] {dagbag.py:538} INFO - Filling up the DagBag from /home/airflow/.local/lib/python3.8/site-packages/airflow/example_dags/example_short_circuit_decorator.py
[2026-06-12T11:17:17.712+0000] {processor.py:840} INFO - DAG(s) 'example_short_circuit_decorator' retrieved from /home/airflow/.local/lib/python3.8/site-packages/airflow/example_dags/example_short_circuit_decorator.py
[2026-06-12T11:17:17.752+0000] {logging_mixin.py:188} INFO - [2026-06-12T11:17:17.752+0000] {dag.py:3036} INFO - Sync 1 DAGs
[2026-06-12T11:17:17.788+0000] {logging_mixin.py:188} INFO - [2026-06-12T11:17:17.787+0000] {dag.py:3823} INFO - Setting next_dagrun for example_short_circuit_decorator to 2026-06-11 00:00:00+00:00, run_after=2026-06-12 00:00:00+00:00
[2026-06-12T11:17:17.814+0000] {processor.py:183} INFO - Processing /home/airflow/.local/lib/python3.8/site-packages/airflow/example_dags/example_short_circuit_decorator.py took 0.124 seconds
[2026-06-12T11:17:48.077+0000] {processor.py:161} INFO - Started process (PID=2016) to work on /home/airflow/.local/lib/python3.8/site-packages/airflow/example_dags/example_short_circuit_decorator.py
[2026-06-12T11:17:48.078+0000] {processor.py:830} INFO - Processing file /home/airflow/.local/lib/python3.8/site-packages/airflow/example_dags/example_short_circuit_decorator.py for tasks to queue
[2026-06-12T11:17:48.081+0000] {logging_mixin.py:188} INFO - [2026-06-12T11:17:48.080+0000] {dagbag.py:538} INFO - Filling up the DagBag from /home/airflow/.local/lib/python3.8/site-packages/airflow/example_dags/example_short_circuit_decorator.py
[2026-06-12T11:17:48.098+0000] {processor.py:840} INFO - DAG(s) 'example_short_circuit_decorator' retrieved from /home/airflow/.local/lib/python3.8/site-packages/airflow/example_dags/example_short_circuit_decorator.py
[2026-06-12T11:17:48.143+0000] {logging_mixin.py:188} INFO - [2026-06-12T11:17:48.143+0000] {dag.py:3036} INFO - Sync 1 DAGs
[2026-06-12T11:17:48.185+0000] {logging_mixin.py:188} INFO - [2026-06-12T11:17:48.185+0000] {dag.py:3823} INFO - Setting next_dagrun for example_short_circuit_decorator to 2026-06-11 00:00:00+00:00, run_after=2026-06-12 00:00:00+00:00
[2026-06-12T11:17:48.217+0000] {processor.py:183} INFO - Processing /home/airflow/.local/lib/python3.8/site-packages/airflow/example_dags/example_short_circuit_decorator.py took 0.145 seconds
[2026-06-12T11:18:18.360+0000] {processor.py:161} INFO - Started process (PID=2082) to work on /home/airflow/.local/lib/python3.8/site-packages/airflow/example_dags/example_short_circuit_decorator.py
[2026-06-12T11:18:18.362+0000] {processor.py:830} INFO - Processing file /home/airflow/.local/lib/python3.8/site-packages/airflow/example_dags/example_short_circuit_decorator.py for tasks to queue
[2026-06-12T11:18:18.364+0000] {logging_mixin.py:188} INFO - [2026-06-12T11:18:18.364+0000] {dagbag.py:538} INFO - Filling up the DagBag from /home/airflow/.local/lib/python3.8/site-packages/airflow/example_dags/example_short_circuit_decorator.py
[2026-06-12T11:18:18.378+0000] {processor.py:840} INFO - DAG(s) 'example_short_circuit_decorator' retrieved from /home/airflow/.local/lib/python3.8/site-packages/airflow/example_dags/example_short_circuit_decorator.py
[2026-06-12T11:18:18.420+0000] {logging_mixin.py:188} INFO - [2026-06-12T11:18:18.420+0000] {dag.py:3036} INFO - Sync 1 DAGs
[2026-06-12T11:18:18.455+0000] {logging_mixin.py:188} INFO - [2026-06-12T11:18:18.455+0000] {dag.py:3823} INFO - Setting next_dagrun for example_short_circuit_decorator to 2026-06-11 00:00:00+00:00, run_after=2026-06-12 00:00:00+00:00
[2026-06-12T11:18:18.483+0000] {processor.py:183} INFO - Processing /home/airflow/.local/lib/python3.8/site-packages/airflow/example_dags/example_short_circuit_decorator.py took 0.128 seconds
[2026-06-12T11:18:48.616+0000] {processor.py:161} INFO - Started process (PID=2148) to work on /home/airflow/.local/lib/python3.8/site-packages/airflow/example_dags/example_short_circuit_decorator.py
[2026-06-12T11:18:48.618+0000] {processor.py:830} INFO - Processing file /home/airflow/.local/lib/python3.8/site-packages/airflow/example_dags/example_short_circuit_decorator.py for tasks to queue
[2026-06-12T11:18:48.621+0000] {logging_mixin.py:188} INFO - [2026-06-12T11:18:48.620+0000] {dagbag.py:538} INFO - Filling up the DagBag from /home/airflow/.local/lib/python3.8/site-packages/airflow/example_dags/example_short_circuit_decorator.py
[2026-06-12T11:18:48.639+0000] {processor.py:840} INFO - DAG(s) 'example_short_circuit_decorator' retrieved from /home/airflow/.local/lib/python3.8/site-packages/airflow/example_dags/example_short_circuit_decorator.py
[2026-06-12T11:18:48.710+0000] {logging_mixin.py:188} INFO - [2026-06-12T11:18:48.710+0000] {dag.py:3036} INFO - Sync 1 DAGs
[2026-06-12T11:18:48.759+0000] {logging_mixin.py:188} INFO - [2026-06-12T11:18:48.758+0000] {dag.py:3823} INFO - Setting next_dagrun for example_short_circuit_decorator to 2026-06-11 00:00:00+00:00, run_after=2026-06-12 00:00:00+00:00
[2026-06-12T11:18:48.800+0000] {processor.py:183} INFO - Processing /home/airflow/.local/lib/python3.8/site-packages/airflow/example_dags/example_short_circuit_decorator.py took 0.191 seconds
[2026-06-12T11:19:19.037+0000] {processor.py:161} INFO - Started process (PID=2214) to work on /home/airflow/.local/lib/python3.8/site-packages/airflow/example_dags/example_short_circuit_decorator.py
[2026-06-12T11:19:19.038+0000] {processor.py:830} INFO - Processing file /home/airflow/.local/lib/python3.8/site-packages/airflow/example_dags/example_short_circuit_decorator.py for tasks to queue
[2026-06-12T11:19:19.041+0000] {logging_mixin.py:188} INFO - [2026-06-12T11:19:19.040+0000] {dagbag.py:538} INFO - Filling up the DagBag from /home/airflow/.local/lib/python3.8/site-packages/airflow/example_dags/example_short_circuit_decorator.py
[2026-06-12T11:19:19.055+0000] {processor.py:840} INFO - DAG(s) 'example_short_circuit_decorator' retrieved from /home/airflow/.local/lib/python3.8/site-packages/airflow/example_dags/example_short_circuit_decorator.py
[2026-06-12T11:19:19.096+0000] {logging_mixin.py:188} INFO - [2026-06-12T11:19:19.096+0000] {dag.py:3036} INFO - Sync 1 DAGs
[2026-06-12T11:19:19.134+0000] {logging_mixin.py:188} INFO - [2026-06-12T11:19:19.133+0000] {dag.py:3823} INFO - Setting next_dagrun for example_short_circuit_decorator to 2026-06-11 00:00:00+00:00, run_after=2026-06-12 00:00:00+00:00
[2026-06-12T11:19:19.166+0000] {processor.py:183} INFO - Processing /home/airflow/.local/lib/python3.8/site-packages/airflow/example_dags/example_short_circuit_decorator.py took 0.134 seconds
[2026-06-12T11:19:49.215+0000] {processor.py:161} INFO - Started process (PID=2287) to work on /home/airflow/.local/lib/python3.8/site-packages/airflow/example_dags/example_short_circuit_decorator.py
[2026-06-12T11:19:49.217+0000] {processor.py:830} INFO - Processing file /home/airflow/.local/lib/python3.8/site-packages/airflow/example_dags/example_short_circuit_decorator.py for tasks to queue
[2026-06-12T11:19:49.220+0000] {logging_mixin.py:188} INFO - [2026-06-12T11:19:49.219+0000] {dagbag.py:538} INFO - Filling up the DagBag from /home/airflow/.local/lib/python3.8/site-packages/airflow/example_dags/example_short_circuit_decorator.py
[2026-06-12T11:19:49.238+0000] {processor.py:840} INFO - DAG(s) 'example_short_circuit_decorator' retrieved from /home/airflow/.local/lib/python3.8/site-packages/airflow/example_dags/example_short_circuit_decorator.py
[2026-06-12T11:19:49.279+0000] {logging_mixin.py:188} INFO - [2026-06-12T11:19:49.278+0000] {dag.py:3036} INFO - Sync 1 DAGs
[2026-06-12T11:19:49.315+0000] {logging_mixin.py:188} INFO - [2026-06-12T11:19:49.315+0000] {dag.py:3823} INFO - Setting next_dagrun for example_short_circuit_decorator to 2026-06-11 00:00:00+00:00, run_after=2026-06-12 00:00:00+00:00
[2026-06-12T11:19:49.346+0000] {processor.py:183} INFO - Processing /home/airflow/.local/lib/python3.8/site-packages/airflow/example_dags/example_short_circuit_decorator.py took 0.138 seconds
[2026-06-12T11:20:19.507+0000] {processor.py:161} INFO - Started process (PID=2354) to work on /home/airflow/.local/lib/python3.8/site-packages/airflow/example_dags/example_short_circuit_decorator.py
[2026-06-12T11:20:19.508+0000] {processor.py:830} INFO - Processing file /home/airflow/.local/lib/python3.8/site-packages/airflow/example_dags/example_short_circuit_decorator.py for tasks to queue
[2026-06-12T11:20:19.510+0000] {logging_mixin.py:188} INFO - [2026-06-12T11:20:19.510+0000] {dagbag.py:538} INFO - Filling up the DagBag from /home/airflow/.local/lib/python3.8/site-packages/airflow/example_dags/example_short_circuit_decorator.py
[2026-06-12T11:20:19.525+0000] {processor.py:840} INFO - DAG(s) 'example_short_circuit_decorator' retrieved from /home/airflow/.local/lib/python3.8/site-packages/airflow/example_dags/example_short_circuit_decorator.py
[2026-06-12T11:20:19.566+0000] {logging_mixin.py:188} INFO - [2026-06-12T11:20:19.566+0000] {dag.py:3036} INFO - Sync 1 DAGs
[2026-06-12T11:20:19.601+0000] {logging_mixin.py:188} INFO - [2026-06-12T11:20:19.601+0000] {dag.py:3823} INFO - Setting next_dagrun for example_short_circuit_decorator to 2026-06-11 00:00:00+00:00, run_after=2026-06-12 00:00:00+00:00
[2026-06-12T11:20:19.629+0000] {processor.py:183} INFO - Processing /home/airflow/.local/lib/python3.8/site-packages/airflow/example_dags/example_short_circuit_decorator.py took 0.127 seconds
[2026-06-12T11:20:50.002+0000] {processor.py:161} INFO - Started process (PID=2420) to work on /home/airflow/.local/lib/python3.8/site-packages/airflow/example_dags/example_short_circuit_decorator.py
[2026-06-12T11:20:50.004+0000] {processor.py:830} INFO - Processing file /home/airflow/.local/lib/python3.8/site-packages/airflow/example_dags/example_short_circuit_decorator.py for tasks to queue
[2026-06-12T11:20:50.007+0000] {logging_mixin.py:188} INFO - [2026-06-12T11:20:50.007+0000] {dagbag.py:538} INFO - Filling up the DagBag from /home/airflow/.local/lib/python3.8/site-packages/airflow/example_dags/example_short_circuit_decorator.py
[2026-06-12T11:20:50.024+0000] {processor.py:840} INFO - DAG(s) 'example_short_circuit_decorator' retrieved from /home/airflow/.local/lib/python3.8/site-packages/airflow/example_dags/example_short_circuit_decorator.py
[2026-06-12T11:20:50.070+0000] {logging_mixin.py:188} INFO - [2026-06-12T11:20:50.070+0000] {dag.py:3036} INFO - Sync 1 DAGs
[2026-06-12T11:20:50.116+0000] {logging_mixin.py:188} INFO - [2026-06-12T11:20:50.116+0000] {dag.py:3823} INFO - Setting next_dagrun for example_short_circuit_decorator to 2026-06-11 00:00:00+00:00, run_after=2026-06-12 00:00:00+00:00
[2026-06-12T11:20:50.154+0000] {processor.py:183} INFO - Processing /home/airflow/.local/lib/python3.8/site-packages/airflow/example_dags/example_short_circuit_decorator.py took 0.157 seconds
[2026-06-12T11:21:20.723+0000] {processor.py:161} INFO - Started process (PID=2486) to work on /home/airflow/.local/lib/python3.8/site-packages/airflow/example_dags/example_short_circuit_decorator.py
[2026-06-12T11:21:20.724+0000] {processor.py:830} INFO - Processing file /home/airflow/.local/lib/python3.8/site-packages/airflow/example_dags/example_short_circuit_decorator.py for tasks to queue
[2026-06-12T11:21:20.727+0000] {logging_mixin.py:188} INFO - [2026-06-12T11:21:20.727+0000] {dagbag.py:538} INFO - Filling up the DagBag from /home/airflow/.local/lib/python3.8/site-packages/airflow/example_dags/example_short_circuit_decorator.py
[2026-06-12T11:21:20.743+0000] {processor.py:840} INFO - DAG(s) 'example_short_circuit_decorator' retrieved from /home/airflow/.local/lib/python3.8/site-packages/airflow/example_dags/example_short_circuit_decorator.py
[2026-06-12T11:21:20.787+0000] {logging_mixin.py:188} INFO - [2026-06-12T11:21:20.787+0000] {dag.py:3036} INFO - Sync 1 DAGs
[2026-06-12T11:21:20.824+0000] {logging_mixin.py:188} INFO - [2026-06-12T11:21:20.824+0000] {dag.py:3823} INFO - Setting next_dagrun for example_short_circuit_decorator to 2026-06-11 00:00:00+00:00, run_after=2026-06-12 00:00:00+00:00
[2026-06-12T11:21:20.854+0000] {processor.py:183} INFO - Processing /home/airflow/.local/lib/python3.8/site-packages/airflow/example_dags/example_short_circuit_decorator.py took 0.136 seconds
[2026-06-12T11:21:51.266+0000] {processor.py:161} INFO - Started process (PID=2552) to work on /home/airflow/.local/lib/python3.8/site-packages/airflow/example_dags/example_short_circuit_decorator.py
[2026-06-12T11:21:51.268+0000] {processor.py:830} INFO - Processing file /home/airflow/.local/lib/python3.8/site-packages/airflow/example_dags/example_short_circuit_decorator.py for tasks to queue
[2026-06-12T11:21:51.270+0000] {logging_mixin.py:188} INFO - [2026-06-12T11:21:51.270+0000] {dagbag.py:538} INFO - Filling up the DagBag from /home/airflow/.local/lib/python3.8/site-packages/airflow/example_dags/example_short_circuit_decorator.py
[2026-06-12T11:21:51.285+0000] {processor.py:840} INFO - DAG(s) 'example_short_circuit_decorator' retrieved from /home/airflow/.local/lib/python3.8/site-packages/airflow/example_dags/example_short_circuit_decorator.py
[2026-06-12T11:21:51.331+0000] {logging_mixin.py:188} INFO - [2026-06-12T11:21:51.330+0000] {dag.py:3036} INFO - Sync 1 DAGs
[2026-06-12T11:21:51.365+0000] {logging_mixin.py:188} INFO - [2026-06-12T11:21:51.364+0000] {dag.py:3823} INFO - Setting next_dagrun for example_short_circuit_decorator to 2026-06-11 00:00:00+00:00, run_after=2026-06-12 00:00:00+00:00
[2026-06-12T11:21:51.394+0000] {processor.py:183} INFO - Processing /home/airflow/.local/lib/python3.8/site-packages/airflow/example_dags/example_short_circuit_decorator.py took 0.133 seconds
[2026-06-12T11:22:22.134+0000] {processor.py:161} INFO - Started process (PID=2618) to work on /home/airflow/.local/lib/python3.8/site-packages/airflow/example_dags/example_short_circuit_decorator.py
[2026-06-12T11:22:22.135+0000] {processor.py:830} INFO - Processing file /home/airflow/.local/lib/python3.8/site-packages/airflow/example_dags/example_short_circuit_decorator.py for tasks to queue
[2026-06-12T11:22:22.138+0000] {logging_mixin.py:188} INFO - [2026-06-12T11:22:22.138+0000] {dagbag.py:538} INFO - Filling up the DagBag from /home/airflow/.local/lib/python3.8/site-packages/airflow/example_dags/example_short_circuit_decorator.py
[2026-06-12T11:22:22.157+0000] {processor.py:840} INFO - DAG(s) 'example_short_circuit_decorator' retrieved from /home/airflow/.local/lib/python3.8/site-packages/airflow/example_dags/example_short_circuit_decorator.py
[2026-06-12T11:22:22.204+0000] {logging_mixin.py:188} INFO - [2026-06-12T11:22:22.204+0000] {dag.py:3036} INFO - Sync 1 DAGs
[2026-06-12T11:22:22.258+0000] {logging_mixin.py:188} INFO - [2026-06-12T11:22:22.258+0000] {dag.py:3823} INFO - Setting next_dagrun for example_short_circuit_decorator to 2026-06-11 00:00:00+00:00, run_after=2026-06-12 00:00:00+00:00
[2026-06-12T11:22:22.292+0000] {processor.py:183} INFO - Processing /home/airflow/.local/lib/python3.8/site-packages/airflow/example_dags/example_short_circuit_decorator.py took 0.164 seconds
[2026-06-12T11:22:52.799+0000] {processor.py:161} INFO - Started process (PID=2684) to work on /home/airflow/.local/lib/python3.8/site-packages/airflow/example_dags/example_short_circuit_decorator.py
[2026-06-12T11:22:52.801+0000] {processor.py:830} INFO - Processing file /home/airflow/.local/lib/python3.8/site-packages/airflow/example_dags/example_short_circuit_decorator.py for tasks to queue
[2026-06-12T11:22:52.803+0000] {logging_mixin.py:188} INFO - [2026-06-12T11:22:52.803+0000] {dagbag.py:538} INFO - Filling up the DagBag from /home/airflow/.local/lib/python3.8/site-packages/airflow/example_dags/example_short_circuit_decorator.py
[2026-06-12T11:22:52.818+0000] {processor.py:840} INFO - DAG(s) 'example_short_circuit_decorator' retrieved from /home/airflow/.local/lib/python3.8/site-packages/airflow/example_dags/example_short_circuit_decorator.py
[2026-06-12T11:22:52.858+0000] {logging_mixin.py:188} INFO - [2026-06-12T11:22:52.858+0000] {dag.py:3036} INFO - Sync 1 DAGs
[2026-06-12T11:22:52.896+0000] {logging_mixin.py:188} INFO - [2026-06-12T11:22:52.895+0000] {dag.py:3823} INFO - Setting next_dagrun for example_short_circuit_decorator to 2026-06-11 00:00:00+00:00, run_after=2026-06-12 00:00:00+00:00
[2026-06-12T11:22:52.927+0000] {processor.py:183} INFO - Processing /home/airflow/.local/lib/python3.8/site-packages/airflow/example_dags/example_short_circuit_decorator.py took 0.132 seconds
[2026-06-12T11:23:23.460+0000] {processor.py:161} INFO - Started process (PID=2750) to work on /home/airflow/.local/lib/python3.8/site-packages/airflow/example_dags/example_short_circuit_decorator.py
[2026-06-12T11:23:23.462+0000] {processor.py:830} INFO - Processing file /home/airflow/.local/lib/python3.8/site-packages/airflow/example_dags/example_short_circuit_decorator.py for tasks to queue
[2026-06-12T11:23:23.465+0000] {logging_mixin.py:188} INFO - [2026-06-12T11:23:23.464+0000] {dagbag.py:538} INFO - Filling up the DagBag from /home/airflow/.local/lib/python3.8/site-packages/airflow/example_dags/example_short_circuit_decorator.py
[2026-06-12T11:23:23.479+0000] {processor.py:840} INFO - DAG(s) 'example_short_circuit_decorator' retrieved from /home/airflow/.local/lib/python3.8/site-packages/airflow/example_dags/example_short_circuit_decorator.py
[2026-06-12T11:23:23.518+0000] {logging_mixin.py:188} INFO - [2026-06-12T11:23:23.518+0000] {dag.py:3036} INFO - Sync 1 DAGs
[2026-06-12T11:23:23.554+0000] {logging_mixin.py:188} INFO - [2026-06-12T11:23:23.554+0000] {dag.py:3823} INFO - Setting next_dagrun for example_short_circuit_decorator to 2026-06-11 00:00:00+00:00, run_after=2026-06-12 00:00:00+00:00
[2026-06-12T11:23:23.756+0000] {processor.py:183} INFO - Processing /home/airflow/.local/lib/python3.8/site-packages/airflow/example_dags/example_short_circuit_decorator.py took 0.300 seconds
[2026-06-12T11:23:54.526+0000] {processor.py:161} INFO - Started process (PID=2823) to work on /home/airflow/.local/lib/python3.8/site-packages/airflow/example_dags/example_short_circuit_decorator.py
[2026-06-12T11:23:54.527+0000] {processor.py:830} INFO - Processing file /home/airflow/.local/lib/python3.8/site-packages/airflow/example_dags/example_short_circuit_decorator.py for tasks to queue
[2026-06-12T11:23:54.529+0000] {logging_mixin.py:188} INFO - [2026-06-12T11:23:54.529+0000] {dagbag.py:538} INFO - Filling up the DagBag from /home/airflow/.local/lib/python3.8/site-packages/airflow/example_dags/example_short_circuit_decorator.py
[2026-06-12T11:23:54.547+0000] {processor.py:840} INFO - DAG(s) 'example_short_circuit_decorator' retrieved from /home/airflow/.local/lib/python3.8/site-packages/airflow/example_dags/example_short_circuit_decorator.py
[2026-06-12T11:23:54.591+0000] {logging_mixin.py:188} INFO - [2026-06-12T11:23:54.591+0000] {dag.py:3036} INFO - Sync 1 DAGs
[2026-06-12T11:23:54.627+0000] {logging_mixin.py:188} INFO - [2026-06-12T11:23:54.626+0000] {dag.py:3823} INFO - Setting next_dagrun for example_short_circuit_decorator to 2026-06-11 00:00:00+00:00, run_after=2026-06-12 00:00:00+00:00
[2026-06-12T11:23:54.656+0000] {processor.py:183} INFO - Processing /home/airflow/.local/lib/python3.8/site-packages/airflow/example_dags/example_short_circuit_decorator.py took 0.136 seconds
[2026-06-12T11:24:24.995+0000] {processor.py:161} INFO - Started process (PID=2889) to work on /home/airflow/.local/lib/python3.8/site-packages/airflow/example_dags/example_short_circuit_decorator.py
[2026-06-12T11:24:24.998+0000] {processor.py:830} INFO - Processing file /home/airflow/.local/lib/python3.8/site-packages/airflow/example_dags/example_short_circuit_decorator.py for tasks to queue
[2026-06-12T11:24:25.001+0000] {logging_mixin.py:188} INFO - [2026-06-12T11:24:25.000+0000] {dagbag.py:538} INFO - Filling up the DagBag from /home/airflow/.local/lib/python3.8/site-packages/airflow/example_dags/example_short_circuit_decorator.py
[2026-06-12T11:24:25.020+0000] {processor.py:840} INFO - DAG(s) 'example_short_circuit_decorator' retrieved from /home/airflow/.local/lib/python3.8/site-packages/airflow/example_dags/example_short_circuit_decorator.py
[2026-06-12T11:24:25.062+0000] {logging_mixin.py:188} INFO - [2026-06-12T11:24:25.062+0000] {dag.py:3036} INFO - Sync 1 DAGs
[2026-06-12T11:24:25.099+0000] {logging_mixin.py:188} INFO - [2026-06-12T11:24:25.099+0000] {dag.py:3823} INFO - Setting next_dagrun for example_short_circuit_decorator to 2026-06-11 00:00:00+00:00, run_after=2026-06-12 00:00:00+00:00
[2026-06-12T11:24:25.133+0000] {processor.py:183} INFO - Processing /home/airflow/.local/lib/python3.8/site-packages/airflow/example_dags/example_short_circuit_decorator.py took 0.144 seconds
[2026-06-12T11:24:55.844+0000] {processor.py:161} INFO - Started process (PID=2955) to work on /home/airflow/.local/lib/python3.8/site-packages/airflow/example_dags/example_short_circuit_decorator.py
[2026-06-12T11:24:55.845+0000] {processor.py:830} INFO - Processing file /home/airflow/.local/lib/python3.8/site-packages/airflow/example_dags/example_short_circuit_decorator.py for tasks to queue
[2026-06-12T11:24:55.848+0000] {logging_mixin.py:188} INFO - [2026-06-12T11:24:55.848+0000] {dagbag.py:538} INFO - Filling up the DagBag from /home/airflow/.local/lib/python3.8/site-packages/airflow/example_dags/example_short_circuit_decorator.py
[2026-06-12T11:24:55.867+0000] {processor.py:840} INFO - DAG(s) 'example_short_circuit_decorator' retrieved from /home/airflow/.local/lib/python3.8/site-packages/airflow/example_dags/example_short_circuit_decorator.py
[2026-06-12T11:24:55.917+0000] {logging_mixin.py:188} INFO - [2026-06-12T11:24:55.916+0000] {dag.py:3036} INFO - Sync 1 DAGs
[2026-06-12T11:24:55.960+0000] {logging_mixin.py:188} INFO - [2026-06-12T11:24:55.960+0000] {dag.py:3823} INFO - Setting next_dagrun for example_short_circuit_decorator to 2026-06-11 00:00:00+00:00, run_after=2026-06-12 00:00:00+00:00
[2026-06-12T11:24:55.996+0000] {processor.py:183} INFO - Processing /home/airflow/.local/lib/python3.8/site-packages/airflow/example_dags/example_short_circuit_decorator.py took 0.158 seconds
[2026-06-12T11:25:27.536+0000] {processor.py:161} INFO - Started process (PID=3020) to work on /home/airflow/.local/lib/python3.8/site-packages/airflow/example_dags/example_short_circuit_decorator.py
[2026-06-12T11:25:27.538+0000] {processor.py:830} INFO - Processing file /home/airflow/.local/lib/python3.8/site-packages/airflow/example_dags/example_short_circuit_decorator.py for tasks to queue
[2026-06-12T11:25:27.541+0000] {logging_mixin.py:188} INFO - [2026-06-12T11:25:27.541+0000] {dagbag.py:538} INFO - Filling up the DagBag from /home/airflow/.local/lib/python3.8/site-packages/airflow/example_dags/example_short_circuit_decorator.py
[2026-06-12T11:25:27.557+0000] {processor.py:840} INFO - DAG(s) 'example_short_circuit_decorator' retrieved from /home/airflow/.local/lib/python3.8/site-packages/airflow/example_dags/example_short_circuit_decorator.py
[2026-06-12T11:25:27.616+0000] {logging_mixin.py:188} INFO - [2026-06-12T11:25:27.615+0000] {dag.py:3036} INFO - Sync 1 DAGs
[2026-06-12T11:25:27.945+0000] {logging_mixin.py:188} INFO - [2026-06-12T11:25:27.945+0000] {dag.py:3823} INFO - Setting next_dagrun for example_short_circuit_decorator to 2026-06-11 00:00:00+00:00, run_after=2026-06-12 00:00:00+00:00
[2026-06-12T11:25:27.972+0000] {processor.py:183} INFO - Processing /home/airflow/.local/lib/python3.8/site-packages/airflow/example_dags/example_short_circuit_decorator.py took 0.441 seconds
[2026-06-12T11:25:58.103+0000] {processor.py:161} INFO - Started process (PID=3085) to work on /home/airflow/.local/lib/python3.8/site-packages/airflow/example_dags/example_short_circuit_decorator.py
[2026-06-12T11:25:58.104+0000] {processor.py:830} INFO - Processing file /home/airflow/.local/lib/python3.8/site-packages/airflow/example_dags/example_short_circuit_decorator.py for tasks to queue
[2026-06-12T11:25:58.107+0000] {logging_mixin.py:188} INFO - [2026-06-12T11:25:58.106+0000] {dagbag.py:538} INFO - Filling up the DagBag from /home/airflow/.local/lib/python3.8/site-packages/airflow/example_dags/example_short_circuit_decorator.py
[2026-06-12T11:25:58.122+0000] {processor.py:840} INFO - DAG(s) 'example_short_circuit_decorator' retrieved from /home/airflow/.local/lib/python3.8/site-packages/airflow/example_dags/example_short_circuit_decorator.py
[2026-06-12T11:25:58.174+0000] {logging_mixin.py:188} INFO - [2026-06-12T11:25:58.173+0000] {dag.py:3036} INFO - Sync 1 DAGs
[2026-06-12T11:25:58.390+0000] {logging_mixin.py:188} INFO - [2026-06-12T11:25:58.390+0000] {dag.py:3823} INFO - Setting next_dagrun for example_short_circuit_decorator to 2026-06-11 00:00:00+00:00, run_after=2026-06-12 00:00:00+00:00
[2026-06-12T11:25:58.417+0000] {processor.py:183} INFO - Processing /home/airflow/.local/lib/python3.8/site-packages/airflow/example_dags/example_short_circuit_decorator.py took 0.319 seconds
[2026-06-12T11:26:28.733+0000] {processor.py:161} INFO - Started process (PID=3152) to work on /home/airflow/.local/lib/python3.8/site-packages/airflow/example_dags/example_short_circuit_decorator.py
[2026-06-12T11:26:28.735+0000] {processor.py:830} INFO - Processing file /home/airflow/.local/lib/python3.8/site-packages/airflow/example_dags/example_short_circuit_decorator.py for tasks to queue
[2026-06-12T11:26:28.737+0000] {logging_mixin.py:188} INFO - [2026-06-12T11:26:28.737+0000] {dagbag.py:538} INFO - Filling up the DagBag from /home/airflow/.local/lib/python3.8/site-packages/airflow/example_dags/example_short_circuit_decorator.py
[2026-06-12T11:26:28.753+0000] {processor.py:840} INFO - DAG(s) 'example_short_circuit_decorator' retrieved from /home/airflow/.local/lib/python3.8/site-packages/airflow/example_dags/example_short_circuit_decorator.py
[2026-06-12T11:26:28.794+0000] {logging_mixin.py:188} INFO - [2026-06-12T11:26:28.793+0000] {dag.py:3036} INFO - Sync 1 DAGs
[2026-06-12T11:26:28.831+0000] {logging_mixin.py:188} INFO - [2026-06-12T11:26:28.831+0000] {dag.py:3823} INFO - Setting next_dagrun for example_short_circuit_decorator to 2026-06-11 00:00:00+00:00, run_after=2026-06-12 00:00:00+00:00
[2026-06-12T11:26:28.860+0000] {processor.py:183} INFO - Processing /home/airflow/.local/lib/python3.8/site-packages/airflow/example_dags/example_short_circuit_decorator.py took 0.132 seconds
[2026-06-12T11:26:59.010+0000] {processor.py:161} INFO - Started process (PID=3219) to work on /home/airflow/.local/lib/python3.8/site-packages/airflow/example_dags/example_short_circuit_decorator.py
[2026-06-12T11:26:59.011+0000] {processor.py:830} INFO - Processing file /home/airflow/.local/lib/python3.8/site-packages/airflow/example_dags/example_short_circuit_decorator.py for tasks to queue
[2026-06-12T11:26:59.013+0000] {logging_mixin.py:188} INFO - [2026-06-12T11:26:59.013+0000] {dagbag.py:538} INFO - Filling up the DagBag from /home/airflow/.local/lib/python3.8/site-packages/airflow/example_dags/example_short_circuit_decorator.py
[2026-06-12T11:26:59.027+0000] {processor.py:840} INFO - DAG(s) 'example_short_circuit_decorator' retrieved from /home/airflow/.local/lib/python3.8/site-packages/airflow/example_dags/example_short_circuit_decorator.py
[2026-06-12T11:26:59.069+0000] {logging_mixin.py:188} INFO - [2026-06-12T11:26:59.068+0000] {dag.py:3036} INFO - Sync 1 DAGs
[2026-06-12T11:26:59.111+0000] {logging_mixin.py:188} INFO - [2026-06-12T11:26:59.110+0000] {dag.py:3823} INFO - Setting next_dagrun for example_short_circuit_decorator to 2026-06-11 00:00:00+00:00, run_after=2026-06-12 00:00:00+00:00
[2026-06-12T11:26:59.144+0000] {processor.py:183} INFO - Processing /home/airflow/.local/lib/python3.8/site-packages/airflow/example_dags/example_short_circuit_decorator.py took 0.139 seconds
[2026-06-12T11:27:29.802+0000] {processor.py:161} INFO - Started process (PID=3285) to work on /home/airflow/.local/lib/python3.8/site-packages/airflow/example_dags/example_short_circuit_decorator.py
[2026-06-12T11:27:29.804+0000] {processor.py:830} INFO - Processing file /home/airflow/.local/lib/python3.8/site-packages/airflow/example_dags/example_short_circuit_decorator.py for tasks to queue
[2026-06-12T11:27:29.807+0000] {logging_mixin.py:188} INFO - [2026-06-12T11:27:29.806+0000] {dagbag.py:538} INFO - Filling up the DagBag from /home/airflow/.local/lib/python3.8/site-packages/airflow/example_dags/example_short_circuit_decorator.py
[2026-06-12T11:27:29.825+0000] {processor.py:840} INFO - DAG(s) 'example_short_circuit_decorator' retrieved from /home/airflow/.local/lib/python3.8/site-packages/airflow/example_dags/example_short_circuit_decorator.py
[2026-06-12T11:27:29.867+0000] {logging_mixin.py:188} INFO - [2026-06-12T11:27:29.867+0000] {dag.py:3036} INFO - Sync 1 DAGs
[2026-06-12T11:27:29.903+0000] {logging_mixin.py:188} INFO - [2026-06-12T11:27:29.903+0000] {dag.py:3823} INFO - Setting next_dagrun for example_short_circuit_decorator to 2026-06-11 00:00:00+00:00, run_after=2026-06-12 00:00:00+00:00
[2026-06-12T11:27:29.930+0000] {processor.py:183} INFO - Processing /home/airflow/.local/lib/python3.8/site-packages/airflow/example_dags/example_short_circuit_decorator.py took 0.133 seconds
[2026-06-12T11:28:00.278+0000] {processor.py:161} INFO - Started process (PID=3350) to work on /home/airflow/.local/lib/python3.8/site-packages/airflow/example_dags/example_short_circuit_decorator.py
[2026-06-12T11:28:00.280+0000] {processor.py:830} INFO - Processing file /home/airflow/.local/lib/python3.8/site-packages/airflow/example_dags/example_short_circuit_decorator.py for tasks to queue
[2026-06-12T11:28:00.283+0000] {logging_mixin.py:188} INFO - [2026-06-12T11:28:00.282+0000] {dagbag.py:538} INFO - Filling up the DagBag from /home/airflow/.local/lib/python3.8/site-packages/airflow/example_dags/example_short_circuit_decorator.py
[2026-06-12T11:28:00.304+0000] {processor.py:840} INFO - DAG(s) 'example_short_circuit_decorator' retrieved from /home/airflow/.local/lib/python3.8/site-packages/airflow/example_dags/example_short_circuit_decorator.py
[2026-06-12T11:28:00.358+0000] {logging_mixin.py:188} INFO - [2026-06-12T11:28:00.357+0000] {dag.py:3036} INFO - Sync 1 DAGs
[2026-06-12T11:28:00.395+0000] {logging_mixin.py:188} INFO - [2026-06-12T11:28:00.394+0000] {dag.py:3823} INFO - Setting next_dagrun for example_short_circuit_decorator to 2026-06-11 00:00:00+00:00, run_after=2026-06-12 00:00:00+00:00
[2026-06-12T11:28:00.424+0000] {processor.py:183} INFO - Processing /home/airflow/.local/lib/python3.8/site-packages/airflow/example_dags/example_short_circuit_decorator.py took 0.153 seconds
[2026-06-12T11:28:30.737+0000] {processor.py:161} INFO - Started process (PID=3422) to work on /home/airflow/.local/lib/python3.8/site-packages/airflow/example_dags/example_short_circuit_decorator.py
[2026-06-12T11:28:30.739+0000] {processor.py:830} INFO - Processing file /home/airflow/.local/lib/python3.8/site-packages/airflow/example_dags/example_short_circuit_decorator.py for tasks to queue
[2026-06-12T11:28:30.742+0000] {logging_mixin.py:188} INFO - [2026-06-12T11:28:30.741+0000] {dagbag.py:538} INFO - Filling up the DagBag from /home/airflow/.local/lib/python3.8/site-packages/airflow/example_dags/example_short_circuit_decorator.py
[2026-06-12T11:28:30.757+0000] {processor.py:840} INFO - DAG(s) 'example_short_circuit_decorator' retrieved from /home/airflow/.local/lib/python3.8/site-packages/airflow/example_dags/example_short_circuit_decorator.py
[2026-06-12T11:28:30.801+0000] {logging_mixin.py:188} INFO - [2026-06-12T11:28:30.800+0000] {dag.py:3036} INFO - Sync 1 DAGs
[2026-06-12T11:28:30.837+0000] {logging_mixin.py:188} INFO - [2026-06-12T11:28:30.837+0000] {dag.py:3823} INFO - Setting next_dagrun for example_short_circuit_decorator to 2026-06-11 00:00:00+00:00, run_after=2026-06-12 00:00:00+00:00
[2026-06-12T11:28:30.867+0000] {processor.py:183} INFO - Processing /home/airflow/.local/lib/python3.8/site-packages/airflow/example_dags/example_short_circuit_decorator.py took 0.134 seconds
[2026-06-12T11:29:01.235+0000] {processor.py:161} INFO - Started process (PID=3489) to work on /home/airflow/.local/lib/python3.8/site-packages/airflow/example_dags/example_short_circuit_decorator.py
[2026-06-12T11:29:01.237+0000] {processor.py:830} INFO - Processing file /home/airflow/.local/lib/python3.8/site-packages/airflow/example_dags/example_short_circuit_decorator.py for tasks to queue
[2026-06-12T11:29:01.240+0000] {logging_mixin.py:188} INFO - [2026-06-12T11:29:01.239+0000] {dagbag.py:538} INFO - Filling up the DagBag from /home/airflow/.local/lib/python3.8/site-packages/airflow/example_dags/example_short_circuit_decorator.py
[2026-06-12T11:29:01.259+0000] {processor.py:840} INFO - DAG(s) 'example_short_circuit_decorator' retrieved from /home/airflow/.local/lib/python3.8/site-packages/airflow/example_dags/example_short_circuit_decorator.py
[2026-06-12T11:29:01.309+0000] {logging_mixin.py:188} INFO - [2026-06-12T11:29:01.308+0000] {dag.py:3036} INFO - Sync 1 DAGs
[2026-06-12T11:29:01.349+0000] {logging_mixin.py:188} INFO - [2026-06-12T11:29:01.348+0000] {dag.py:3823} INFO - Setting next_dagrun for example_short_circuit_decorator to 2026-06-11 00:00:00+00:00, run_after=2026-06-12 00:00:00+00:00
[2026-06-12T11:29:01.378+0000] {processor.py:183} INFO - Processing /home/airflow/.local/lib/python3.8/site-packages/airflow/example_dags/example_short_circuit_decorator.py took 0.149 seconds
[2026-06-12T11:29:32.070+0000] {processor.py:161} INFO - Started process (PID=3554) to work on /home/airflow/.local/lib/python3.8/site-packages/airflow/example_dags/example_short_circuit_decorator.py
[2026-06-12T11:29:32.073+0000] {processor.py:830} INFO - Processing file /home/airflow/.local/lib/python3.8/site-packages/airflow/example_dags/example_short_circuit_decorator.py for tasks to queue
[2026-06-12T11:29:32.076+0000] {logging_mixin.py:188} INFO - [2026-06-12T11:29:32.075+0000] {dagbag.py:538} INFO - Filling up the DagBag from /home/airflow/.local/lib/python3.8/site-packages/airflow/example_dags/example_short_circuit_decorator.py
[2026-06-12T11:29:32.095+0000] {processor.py:840} INFO - DAG(s) 'example_short_circuit_decorator' retrieved from /home/airflow/.local/lib/python3.8/site-packages/airflow/example_dags/example_short_circuit_decorator.py
[2026-06-12T11:29:32.140+0000] {logging_mixin.py:188} INFO - [2026-06-12T11:29:32.140+0000] {dag.py:3036} INFO - Sync 1 DAGs
[2026-06-12T11:29:32.183+0000] {logging_mixin.py:188} INFO - [2026-06-12T11:29:32.182+0000] {dag.py:3823} INFO - Setting next_dagrun for example_short_circuit_decorator to 2026-06-11 00:00:00+00:00, run_after=2026-06-12 00:00:00+00:00
[2026-06-12T11:29:32.216+0000] {processor.py:183} INFO - Processing /home/airflow/.local/lib/python3.8/site-packages/airflow/example_dags/example_short_circuit_decorator.py took 0.152 seconds
[2026-06-12T11:30:02.404+0000] {processor.py:161} INFO - Started process (PID=3619) to work on /home/airflow/.local/lib/python3.8/site-packages/airflow/example_dags/example_short_circuit_decorator.py
[2026-06-12T11:30:02.406+0000] {processor.py:830} INFO - Processing file /home/airflow/.local/lib/python3.8/site-packages/airflow/example_dags/example_short_circuit_decorator.py for tasks to queue
[2026-06-12T11:30:02.409+0000] {logging_mixin.py:188} INFO - [2026-06-12T11:30:02.408+0000] {dagbag.py:538} INFO - Filling up the DagBag from /home/airflow/.local/lib/python3.8/site-packages/airflow/example_dags/example_short_circuit_decorator.py
[2026-06-12T11:30:02.424+0000] {processor.py:840} INFO - DAG(s) 'example_short_circuit_decorator' retrieved from /home/airflow/.local/lib/python3.8/site-packages/airflow/example_dags/example_short_circuit_decorator.py
[2026-06-12T11:30:02.468+0000] {logging_mixin.py:188} INFO - [2026-06-12T11:30:02.467+0000] {dag.py:3036} INFO - Sync 1 DAGs
[2026-06-12T11:30:02.504+0000] {logging_mixin.py:188} INFO - [2026-06-12T11:30:02.504+0000] {dag.py:3823} INFO - Setting next_dagrun for example_short_circuit_decorator to 2026-06-11 00:00:00+00:00, run_after=2026-06-12 00:00:00+00:00
[2026-06-12T11:30:02.543+0000] {processor.py:183} INFO - Processing /home/airflow/.local/lib/python3.8/site-packages/airflow/example_dags/example_short_circuit_decorator.py took 0.143 seconds
[2026-06-12T11:30:32.871+0000] {processor.py:161} INFO - Started process (PID=3685) to work on /home/airflow/.local/lib/python3.8/site-packages/airflow/example_dags/example_short_circuit_decorator.py
[2026-06-12T11:30:32.873+0000] {processor.py:830} INFO - Processing file /home/airflow/.local/lib/python3.8/site-packages/airflow/example_dags/example_short_circuit_decorator.py for tasks to queue
[2026-06-12T11:30:32.875+0000] {logging_mixin.py:188} INFO - [2026-06-12T11:30:32.874+0000] {dagbag.py:538} INFO - Filling up the DagBag from /home/airflow/.local/lib/python3.8/site-packages/airflow/example_dags/example_short_circuit_decorator.py
[2026-06-12T11:30:32.889+0000] {processor.py:840} INFO - DAG(s) 'example_short_circuit_decorator' retrieved from /home/airflow/.local/lib/python3.8/site-packages/airflow/example_dags/example_short_circuit_decorator.py
[2026-06-12T11:30:32.929+0000] {logging_mixin.py:188} INFO - [2026-06-12T11:30:32.928+0000] {dag.py:3036} INFO - Sync 1 DAGs
[2026-06-12T11:30:32.964+0000] {logging_mixin.py:188} INFO - [2026-06-12T11:30:32.964+0000] {dag.py:3823} INFO - Setting next_dagrun for example_short_circuit_decorator to 2026-06-11 00:00:00+00:00, run_after=2026-06-12 00:00:00+00:00
[2026-06-12T11:30:32.992+0000] {processor.py:183} INFO - Processing /home/airflow/.local/lib/python3.8/site-packages/airflow/example_dags/example_short_circuit_decorator.py took 0.126 seconds
[2026-06-12T11:31:03.442+0000] {processor.py:161} INFO - Started process (PID=3752) to work on /home/airflow/.local/lib/python3.8/site-packages/airflow/example_dags/example_short_circuit_decorator.py
[2026-06-12T11:31:03.444+0000] {processor.py:830} INFO - Processing file /home/airflow/.local/lib/python3.8/site-packages/airflow/example_dags/example_short_circuit_decorator.py for tasks to queue
[2026-06-12T11:31:03.446+0000] {logging_mixin.py:188} INFO - [2026-06-12T11:31:03.446+0000] {dagbag.py:538} INFO - Filling up the DagBag from /home/airflow/.local/lib/python3.8/site-packages/airflow/example_dags/example_short_circuit_decorator.py
[2026-06-12T11:31:03.462+0000] {processor.py:840} INFO - DAG(s) 'example_short_circuit_decorator' retrieved from /home/airflow/.local/lib/python3.8/site-packages/airflow/example_dags/example_short_circuit_decorator.py
[2026-06-12T11:31:03.503+0000] {logging_mixin.py:188} INFO - [2026-06-12T11:31:03.502+0000] {dag.py:3036} INFO - Sync 1 DAGs
[2026-06-12T11:31:03.545+0000] {logging_mixin.py:188} INFO - [2026-06-12T11:31:03.544+0000] {dag.py:3823} INFO - Setting next_dagrun for example_short_circuit_decorator to 2026-06-11 00:00:00+00:00, run_after=2026-06-12 00:00:00+00:00
[2026-06-12T11:31:03.575+0000] {processor.py:183} INFO - Processing /home/airflow/.local/lib/python3.8/site-packages/airflow/example_dags/example_short_circuit_decorator.py took 0.138 seconds
[2026-06-12T11:31:33.783+0000] {processor.py:161} INFO - Started process (PID=3819) to work on /home/airflow/.local/lib/python3.8/site-packages/airflow/example_dags/example_short_circuit_decorator.py
[2026-06-12T11:31:33.784+0000] {processor.py:830} INFO - Processing file /home/airflow/.local/lib/python3.8/site-packages/airflow/example_dags/example_short_circuit_decorator.py for tasks to queue
[2026-06-12T11:31:33.788+0000] {logging_mixin.py:188} INFO - [2026-06-12T11:31:33.787+0000] {dagbag.py:538} INFO - Filling up the DagBag from /home/airflow/.local/lib/python3.8/site-packages/airflow/example_dags/example_short_circuit_decorator.py
[2026-06-12T11:31:33.810+0000] {processor.py:840} INFO - DAG(s) 'example_short_circuit_decorator' retrieved from /home/airflow/.local/lib/python3.8/site-packages/airflow/example_dags/example_short_circuit_decorator.py
[2026-06-12T11:31:33.865+0000] {logging_mixin.py:188} INFO - [2026-06-12T11:31:33.865+0000] {dag.py:3036} INFO - Sync 1 DAGs
[2026-06-12T11:31:33.905+0000] {logging_mixin.py:188} INFO - [2026-06-12T11:31:33.905+0000] {dag.py:3823} INFO - Setting next_dagrun for example_short_circuit_decorator to 2026-06-11 00:00:00+00:00, run_after=2026-06-12 00:00:00+00:00
[2026-06-12T11:31:33.940+0000] {processor.py:183} INFO - Processing /home/airflow/.local/lib/python3.8/site-packages/airflow/example_dags/example_short_circuit_decorator.py took 0.164 seconds
[2026-06-12T11:32:04.274+0000] {processor.py:161} INFO - Started process (PID=3886) to work on /home/airflow/.local/lib/python3.8/site-packages/airflow/example_dags/example_short_circuit_decorator.py
[2026-06-12T11:32:04.276+0000] {processor.py:830} INFO - Processing file /home/airflow/.local/lib/python3.8/site-packages/airflow/example_dags/example_short_circuit_decorator.py for tasks to queue
[2026-06-12T11:32:04.279+0000] {logging_mixin.py:188} INFO - [2026-06-12T11:32:04.278+0000] {dagbag.py:538} INFO - Filling up the DagBag from /home/airflow/.local/lib/python3.8/site-packages/airflow/example_dags/example_short_circuit_decorator.py
[2026-06-12T11:32:04.297+0000] {processor.py:840} INFO - DAG(s) 'example_short_circuit_decorator' retrieved from /home/airflow/.local/lib/python3.8/site-packages/airflow/example_dags/example_short_circuit_decorator.py
[2026-06-12T11:32:04.340+0000] {logging_mixin.py:188} INFO - [2026-06-12T11:32:04.340+0000] {dag.py:3036} INFO - Sync 1 DAGs
[2026-06-12T11:32:04.379+0000] {logging_mixin.py:188} INFO - [2026-06-12T11:32:04.379+0000] {dag.py:3823} INFO - Setting next_dagrun for example_short_circuit_decorator to 2026-06-11 00:00:00+00:00, run_after=2026-06-12 00:00:00+00:00
[2026-06-12T11:32:04.408+0000] {processor.py:183} INFO - Processing /home/airflow/.local/lib/python3.8/site-packages/airflow/example_dags/example_short_circuit_decorator.py took 0.139 seconds
[2026-06-12T11:32:34.664+0000] {processor.py:161} INFO - Started process (PID=3958) to work on /home/airflow/.local/lib/python3.8/site-packages/airflow/example_dags/example_short_circuit_decorator.py
[2026-06-12T11:32:34.666+0000] {processor.py:830} INFO - Processing file /home/airflow/.local/lib/python3.8/site-packages/airflow/example_dags/example_short_circuit_decorator.py for tasks to queue
[2026-06-12T11:32:34.668+0000] {logging_mixin.py:188} INFO - [2026-06-12T11:32:34.668+0000] {dagbag.py:538} INFO - Filling up the DagBag from /home/airflow/.local/lib/python3.8/site-packages/airflow/example_dags/example_short_circuit_decorator.py
[2026-06-12T11:32:34.682+0000] {processor.py:840} INFO - DAG(s) 'example_short_circuit_decorator' retrieved from /home/airflow/.local/lib/python3.8/site-packages/airflow/example_dags/example_short_circuit_decorator.py
[2026-06-12T11:32:34.727+0000] {logging_mixin.py:188} INFO - [2026-06-12T11:32:34.726+0000] {dag.py:3036} INFO - Sync 1 DAGs
[2026-06-12T11:32:34.770+0000] {logging_mixin.py:188} INFO - [2026-06-12T11:32:34.770+0000] {dag.py:3823} INFO - Setting next_dagrun for example_short_circuit_decorator to 2026-06-11 00:00:00+00:00, run_after=2026-06-12 00:00:00+00:00
[2026-06-12T11:32:34.803+0000] {processor.py:183} INFO - Processing /home/airflow/.local/lib/python3.8/site-packages/airflow/example_dags/example_short_circuit_decorator.py took 0.144 seconds
[2026-06-12T11:33:05.354+0000] {processor.py:161} INFO - Started process (PID=4024) to work on /home/airflow/.local/lib/python3.8/site-packages/airflow/example_dags/example_short_circuit_decorator.py
[2026-06-12T11:33:05.356+0000] {processor.py:830} INFO - Processing file /home/airflow/.local/lib/python3.8/site-packages/airflow/example_dags/example_short_circuit_decorator.py for tasks to queue
[2026-06-12T11:33:05.359+0000] {logging_mixin.py:188} INFO - [2026-06-12T11:33:05.358+0000] {dagbag.py:538} INFO - Filling up the DagBag from /home/airflow/.local/lib/python3.8/site-packages/airflow/example_dags/example_short_circuit_decorator.py
[2026-06-12T11:33:05.376+0000] {processor.py:840} INFO - DAG(s) 'example_short_circuit_decorator' retrieved from /home/airflow/.local/lib/python3.8/site-packages/airflow/example_dags/example_short_circuit_decorator.py
[2026-06-12T11:33:05.428+0000] {logging_mixin.py:188} INFO - [2026-06-12T11:33:05.427+0000] {dag.py:3036} INFO - Sync 1 DAGs
[2026-06-12T11:33:05.480+0000] {logging_mixin.py:188} INFO - [2026-06-12T11:33:05.480+0000] {dag.py:3823} INFO - Setting next_dagrun for example_short_circuit_decorator to 2026-06-11 00:00:00+00:00, run_after=2026-06-12 00:00:00+00:00
[2026-06-12T11:33:05.513+0000] {processor.py:183} INFO - Processing /home/airflow/.local/lib/python3.8/site-packages/airflow/example_dags/example_short_circuit_decorator.py took 0.165 seconds
[2026-06-12T11:33:35.981+0000] {processor.py:161} INFO - Started process (PID=4090) to work on /home/airflow/.local/lib/python3.8/site-packages/airflow/example_dags/example_short_circuit_decorator.py
[2026-06-12T11:33:35.983+0000] {processor.py:830} INFO - Processing file /home/airflow/.local/lib/python3.8/site-packages/airflow/example_dags/example_short_circuit_decorator.py for tasks to queue
[2026-06-12T11:33:35.986+0000] {logging_mixin.py:188} INFO - [2026-06-12T11:33:35.986+0000] {dagbag.py:538} INFO - Filling up the DagBag from /home/airflow/.local/lib/python3.8/site-packages/airflow/example_dags/example_short_circuit_decorator.py
[2026-06-12T11:33:36.004+0000] {processor.py:840} INFO - DAG(s) 'example_short_circuit_decorator' retrieved from /home/airflow/.local/lib/python3.8/site-packages/airflow/example_dags/example_short_circuit_decorator.py
[2026-06-12T11:33:36.051+0000] {logging_mixin.py:188} INFO - [2026-06-12T11:33:36.051+0000] {dag.py:3036} INFO - Sync 1 DAGs
[2026-06-12T11:33:36.099+0000] {logging_mixin.py:188} INFO - [2026-06-12T11:33:36.098+0000] {dag.py:3823} INFO - Setting next_dagrun for example_short_circuit_decorator to 2026-06-11 00:00:00+00:00, run_after=2026-06-12 00:00:00+00:00
[2026-06-12T11:33:36.132+0000] {processor.py:183} INFO - Processing /home/airflow/.local/lib/python3.8/site-packages/airflow/example_dags/example_short_circuit_decorator.py took 0.156 seconds
[2026-06-12T11:34:06.672+0000] {processor.py:161} INFO - Started process (PID=4156) to work on /home/airflow/.local/lib/python3.8/site-packages/airflow/example_dags/example_short_circuit_decorator.py
[2026-06-12T11:34:06.674+0000] {processor.py:830} INFO - Processing file /home/airflow/.local/lib/python3.8/site-packages/airflow/example_dags/example_short_circuit_decorator.py for tasks to queue
[2026-06-12T11:34:06.677+0000] {logging_mixin.py:188} INFO - [2026-06-12T11:34:06.677+0000] {dagbag.py:538} INFO - Filling up the DagBag from /home/airflow/.local/lib/python3.8/site-packages/airflow/example_dags/example_short_circuit_decorator.py
[2026-06-12T11:34:06.696+0000] {processor.py:840} INFO - DAG(s) 'example_short_circuit_decorator' retrieved from /home/airflow/.local/lib/python3.8/site-packages/airflow/example_dags/example_short_circuit_decorator.py
[2026-06-12T11:34:06.740+0000] {logging_mixin.py:188} INFO - [2026-06-12T11:34:06.740+0000] {dag.py:3036} INFO - Sync 1 DAGs
[2026-06-12T11:34:06.781+0000] {logging_mixin.py:188} INFO - [2026-06-12T11:34:06.781+0000] {dag.py:3823} INFO - Setting next_dagrun for example_short_circuit_decorator to 2026-06-11 00:00:00+00:00, run_after=2026-06-12 00:00:00+00:00
[2026-06-12T11:34:06.815+0000] {processor.py:183} INFO - Processing /home/airflow/.local/lib/python3.8/site-packages/airflow/example_dags/example_short_circuit_decorator.py took 0.149 seconds
[2026-06-12T11:34:37.700+0000] {processor.py:161} INFO - Started process (PID=4222) to work on /home/airflow/.local/lib/python3.8/site-packages/airflow/example_dags/example_short_circuit_decorator.py
[2026-06-12T11:34:37.702+0000] {processor.py:830} INFO - Processing file /home/airflow/.local/lib/python3.8/site-packages/airflow/example_dags/example_short_circuit_decorator.py for tasks to queue
[2026-06-12T11:34:37.705+0000] {logging_mixin.py:188} INFO - [2026-06-12T11:34:37.704+0000] {dagbag.py:538} INFO - Filling up the DagBag from /home/airflow/.local/lib/python3.8/site-packages/airflow/example_dags/example_short_circuit_decorator.py
[2026-06-12T11:34:37.720+0000] {processor.py:840} INFO - DAG(s) 'example_short_circuit_decorator' retrieved from /home/airflow/.local/lib/python3.8/site-packages/airflow/example_dags/example_short_circuit_decorator.py
[2026-06-12T11:34:37.767+0000] {logging_mixin.py:188} INFO - [2026-06-12T11:34:37.767+0000] {dag.py:3036} INFO - Sync 1 DAGs
[2026-06-12T11:34:37.810+0000] {logging_mixin.py:188} INFO - [2026-06-12T11:34:37.810+0000] {dag.py:3823} INFO - Setting next_dagrun for example_short_circuit_decorator to 2026-06-11 00:00:00+00:00, run_after=2026-06-12 00:00:00+00:00
[2026-06-12T11:34:37.841+0000] {processor.py:183} INFO - Processing /home/airflow/.local/lib/python3.8/site-packages/airflow/example_dags/example_short_circuit_decorator.py took 0.146 seconds
[2026-06-12T11:35:07.921+0000] {processor.py:161} INFO - Started process (PID=4288) to work on /home/airflow/.local/lib/python3.8/site-packages/airflow/example_dags/example_short_circuit_decorator.py
[2026-06-12T11:35:07.922+0000] {processor.py:830} INFO - Processing file /home/airflow/.local/lib/python3.8/site-packages/airflow/example_dags/example_short_circuit_decorator.py for tasks to queue
[2026-06-12T11:35:07.925+0000] {logging_mixin.py:188} INFO - [2026-06-12T11:35:07.925+0000] {dagbag.py:538} INFO - Filling up the DagBag from /home/airflow/.local/lib/python3.8/site-packages/airflow/example_dags/example_short_circuit_decorator.py
[2026-06-12T11:35:07.940+0000] {processor.py:840} INFO - DAG(s) 'example_short_circuit_decorator' retrieved from /home/airflow/.local/lib/python3.8/site-packages/airflow/example_dags/example_short_circuit_decorator.py
[2026-06-12T11:35:07.985+0000] {logging_mixin.py:188} INFO - [2026-06-12T11:35:07.984+0000] {dag.py:3036} INFO - Sync 1 DAGs
[2026-06-12T11:35:08.027+0000] {logging_mixin.py:188} INFO - [2026-06-12T11:35:08.027+0000] {dag.py:3823} INFO - Setting next_dagrun for example_short_circuit_decorator to 2026-06-11 00:00:00+00:00, run_after=2026-06-12 00:00:00+00:00
[2026-06-12T11:35:08.061+0000] {processor.py:183} INFO - Processing /home/airflow/.local/lib/python3.8/site-packages/airflow/example_dags/example_short_circuit_decorator.py took 0.145 seconds
[2026-06-12T11:35:38.429+0000] {processor.py:161} INFO - Started process (PID=4353) to work on /home/airflow/.local/lib/python3.8/site-packages/airflow/example_dags/example_short_circuit_decorator.py
[2026-06-12T11:35:38.430+0000] {processor.py:830} INFO - Processing file /home/airflow/.local/lib/python3.8/site-packages/airflow/example_dags/example_short_circuit_decorator.py for tasks to queue
[2026-06-12T11:35:38.432+0000] {logging_mixin.py:188} INFO - [2026-06-12T11:35:38.432+0000] {dagbag.py:538} INFO - Filling up the DagBag from /home/airflow/.local/lib/python3.8/site-packages/airflow/example_dags/example_short_circuit_decorator.py
[2026-06-12T11:35:38.448+0000] {processor.py:840} INFO - DAG(s) 'example_short_circuit_decorator' retrieved from /home/airflow/.local/lib/python3.8/site-packages/airflow/example_dags/example_short_circuit_decorator.py
[2026-06-12T11:35:38.491+0000] {logging_mixin.py:188} INFO - [2026-06-12T11:35:38.490+0000] {dag.py:3036} INFO - Sync 1 DAGs
[2026-06-12T11:35:38.528+0000] {logging_mixin.py:188} INFO - [2026-06-12T11:35:38.527+0000] {dag.py:3823} INFO - Setting next_dagrun for example_short_circuit_decorator to 2026-06-11 00:00:00+00:00, run_after=2026-06-12 00:00:00+00:00
[2026-06-12T11:35:38.558+0000] {processor.py:183} INFO - Processing /home/airflow/.local/lib/python3.8/site-packages/airflow/example_dags/example_short_circuit_decorator.py took 0.134 seconds
[2026-06-12T11:36:08.823+0000] {processor.py:161} INFO - Started process (PID=4417) to work on /home/airflow/.local/lib/python3.8/site-packages/airflow/example_dags/example_short_circuit_decorator.py
[2026-06-12T11:36:08.825+0000] {processor.py:830} INFO - Processing file /home/airflow/.local/lib/python3.8/site-packages/airflow/example_dags/example_short_circuit_decorator.py for tasks to queue
[2026-06-12T11:36:08.827+0000] {logging_mixin.py:188} INFO - [2026-06-12T11:36:08.827+0000] {dagbag.py:538} INFO - Filling up the DagBag from /home/airflow/.local/lib/python3.8/site-packages/airflow/example_dags/example_short_circuit_decorator.py
[2026-06-12T11:36:08.841+0000] {processor.py:840} INFO - DAG(s) 'example_short_circuit_decorator' retrieved from /home/airflow/.local/lib/python3.8/site-packages/airflow/example_dags/example_short_circuit_decorator.py
[2026-06-12T11:36:08.884+0000] {logging_mixin.py:188} INFO - [2026-06-12T11:36:08.883+0000] {dag.py:3036} INFO - Sync 1 DAGs
[2026-06-12T11:36:08.920+0000] {logging_mixin.py:188} INFO - [2026-06-12T11:36:08.919+0000] {dag.py:3823} INFO - Setting next_dagrun for example_short_circuit_decorator to 2026-06-11 00:00:00+00:00, run_after=2026-06-12 00:00:00+00:00
[2026-06-12T11:36:08.951+0000] {processor.py:183} INFO - Processing /home/airflow/.local/lib/python3.8/site-packages/airflow/example_dags/example_short_circuit_decorator.py took 0.133 seconds
[2026-06-12T11:36:39.413+0000] {processor.py:161} INFO - Started process (PID=4491) to work on /home/airflow/.local/lib/python3.8/site-packages/airflow/example_dags/example_short_circuit_decorator.py
[2026-06-12T11:36:39.415+0000] {processor.py:830} INFO - Processing file /home/airflow/.local/lib/python3.8/site-packages/airflow/example_dags/example_short_circuit_decorator.py for tasks to queue
[2026-06-12T11:36:39.418+0000] {logging_mixin.py:188} INFO - [2026-06-12T11:36:39.417+0000] {dagbag.py:538} INFO - Filling up the DagBag from /home/airflow/.local/lib/python3.8/site-packages/airflow/example_dags/example_short_circuit_decorator.py
[2026-06-12T11:36:39.435+0000] {processor.py:840} INFO - DAG(s) 'example_short_circuit_decorator' retrieved from /home/airflow/.local/lib/python3.8/site-packages/airflow/example_dags/example_short_circuit_decorator.py
[2026-06-12T11:36:39.481+0000] {logging_mixin.py:188} INFO - [2026-06-12T11:36:39.481+0000] {dag.py:3036} INFO - Sync 1 DAGs
[2026-06-12T11:36:39.525+0000] {logging_mixin.py:188} INFO - [2026-06-12T11:36:39.525+0000] {dag.py:3823} INFO - Setting next_dagrun for example_short_circuit_decorator to 2026-06-11 00:00:00+00:00, run_after=2026-06-12 00:00:00+00:00
[2026-06-12T11:36:39.557+0000] {processor.py:183} INFO - Processing /home/airflow/.local/lib/python3.8/site-packages/airflow/example_dags/example_short_circuit_decorator.py took 0.154 seconds
