[2026-06-12T11:03:00.055+0000] {processor.py:161} INFO - Started process (PID=64) to work on /home/airflow/.local/lib/python3.8/site-packages/airflow/example_dags/example_time_delta_sensor_async.py
[2026-06-12T11:03:00.063+0000] {processor.py:830} INFO - Processing file /home/airflow/.local/lib/python3.8/site-packages/airflow/example_dags/example_time_delta_sensor_async.py for tasks to queue
[2026-06-12T11:03:00.078+0000] {logging_mixin.py:188} INFO - [2026-06-12T11:03:00.078+0000] {dagbag.py:538} INFO - Filling up the DagBag from /home/airflow/.local/lib/python3.8/site-packages/airflow/example_dags/example_time_delta_sensor_async.py
[2026-06-12T11:03:00.113+0000] {processor.py:840} INFO - DAG(s) 'example_time_delta_sensor_async' retrieved from /home/airflow/.local/lib/python3.8/site-packages/airflow/example_dags/example_time_delta_sensor_async.py
[2026-06-12T11:03:00.187+0000] {logging_mixin.py:188} INFO - [2026-06-12T11:03:00.186+0000] {dag.py:3036} INFO - Sync 1 DAGs
[2026-06-12T11:03:00.238+0000] {logging_mixin.py:188} INFO - [2026-06-12T11:03:00.238+0000] {dag.py:3823} INFO - Setting next_dagrun for example_time_delta_sensor_async to None, run_after=None
[2026-06-12T11:03:00.361+0000] {processor.py:183} INFO - Processing /home/airflow/.local/lib/python3.8/site-packages/airflow/example_dags/example_time_delta_sensor_async.py took 0.327 seconds
[2026-06-12T11:03:30.601+0000] {processor.py:161} INFO - Started process (PID=130) to work on /home/airflow/.local/lib/python3.8/site-packages/airflow/example_dags/example_time_delta_sensor_async.py
[2026-06-12T11:03:30.602+0000] {processor.py:830} INFO - Processing file /home/airflow/.local/lib/python3.8/site-packages/airflow/example_dags/example_time_delta_sensor_async.py for tasks to queue
[2026-06-12T11:03:30.605+0000] {logging_mixin.py:188} INFO - [2026-06-12T11:03:30.605+0000] {dagbag.py:538} INFO - Filling up the DagBag from /home/airflow/.local/lib/python3.8/site-packages/airflow/example_dags/example_time_delta_sensor_async.py
[2026-06-12T11:03:30.612+0000] {processor.py:840} INFO - DAG(s) 'example_time_delta_sensor_async' retrieved from /home/airflow/.local/lib/python3.8/site-packages/airflow/example_dags/example_time_delta_sensor_async.py
[2026-06-12T11:03:30.885+0000] {logging_mixin.py:188} INFO - [2026-06-12T11:03:30.884+0000] {dag.py:3036} INFO - Sync 1 DAGs
[2026-06-12T11:03:30.906+0000] {logging_mixin.py:188} INFO - [2026-06-12T11:03:30.906+0000] {dag.py:3823} INFO - Setting next_dagrun for example_time_delta_sensor_async to None, run_after=None
[2026-06-12T11:03:30.940+0000] {processor.py:183} INFO - Processing /home/airflow/.local/lib/python3.8/site-packages/airflow/example_dags/example_time_delta_sensor_async.py took 0.345 seconds
[2026-06-12T11:04:01.111+0000] {processor.py:161} INFO - Started process (PID=196) to work on /home/airflow/.local/lib/python3.8/site-packages/airflow/example_dags/example_time_delta_sensor_async.py
[2026-06-12T11:04:01.113+0000] {processor.py:830} INFO - Processing file /home/airflow/.local/lib/python3.8/site-packages/airflow/example_dags/example_time_delta_sensor_async.py for tasks to queue
[2026-06-12T11:04:01.116+0000] {logging_mixin.py:188} INFO - [2026-06-12T11:04:01.115+0000] {dagbag.py:538} INFO - Filling up the DagBag from /home/airflow/.local/lib/python3.8/site-packages/airflow/example_dags/example_time_delta_sensor_async.py
[2026-06-12T11:04:01.124+0000] {processor.py:840} INFO - DAG(s) 'example_time_delta_sensor_async' retrieved from /home/airflow/.local/lib/python3.8/site-packages/airflow/example_dags/example_time_delta_sensor_async.py
[2026-06-12T11:04:01.165+0000] {logging_mixin.py:188} INFO - [2026-06-12T11:04:01.165+0000] {dag.py:3036} INFO - Sync 1 DAGs
[2026-06-12T11:04:01.187+0000] {logging_mixin.py:188} INFO - [2026-06-12T11:04:01.186+0000] {dag.py:3823} INFO - Setting next_dagrun for example_time_delta_sensor_async to None, run_after=None
[2026-06-12T11:04:01.213+0000] {processor.py:183} INFO - Processing /home/airflow/.local/lib/python3.8/site-packages/airflow/example_dags/example_time_delta_sensor_async.py took 0.112 seconds
[2026-06-12T11:04:32.174+0000] {processor.py:161} INFO - Started process (PID=263) to work on /home/airflow/.local/lib/python3.8/site-packages/airflow/example_dags/example_time_delta_sensor_async.py
[2026-06-12T11:04:32.175+0000] {processor.py:830} INFO - Processing file /home/airflow/.local/lib/python3.8/site-packages/airflow/example_dags/example_time_delta_sensor_async.py for tasks to queue
[2026-06-12T11:04:32.179+0000] {logging_mixin.py:188} INFO - [2026-06-12T11:04:32.177+0000] {dagbag.py:538} INFO - Filling up the DagBag from /home/airflow/.local/lib/python3.8/site-packages/airflow/example_dags/example_time_delta_sensor_async.py
[2026-06-12T11:04:32.185+0000] {processor.py:840} INFO - DAG(s) 'example_time_delta_sensor_async' retrieved from /home/airflow/.local/lib/python3.8/site-packages/airflow/example_dags/example_time_delta_sensor_async.py
[2026-06-12T11:04:32.223+0000] {logging_mixin.py:188} INFO - [2026-06-12T11:04:32.223+0000] {dag.py:3036} INFO - Sync 1 DAGs
[2026-06-12T11:04:32.244+0000] {logging_mixin.py:188} INFO - [2026-06-12T11:04:32.243+0000] {dag.py:3823} INFO - Setting next_dagrun for example_time_delta_sensor_async to None, run_after=None
[2026-06-12T11:04:32.274+0000] {processor.py:183} INFO - Processing /home/airflow/.local/lib/python3.8/site-packages/airflow/example_dags/example_time_delta_sensor_async.py took 0.105 seconds
[2026-06-12T11:05:02.607+0000] {processor.py:161} INFO - Started process (PID=329) to work on /home/airflow/.local/lib/python3.8/site-packages/airflow/example_dags/example_time_delta_sensor_async.py
[2026-06-12T11:05:02.609+0000] {processor.py:830} INFO - Processing file /home/airflow/.local/lib/python3.8/site-packages/airflow/example_dags/example_time_delta_sensor_async.py for tasks to queue
[2026-06-12T11:05:02.611+0000] {logging_mixin.py:188} INFO - [2026-06-12T11:05:02.611+0000] {dagbag.py:538} INFO - Filling up the DagBag from /home/airflow/.local/lib/python3.8/site-packages/airflow/example_dags/example_time_delta_sensor_async.py
[2026-06-12T11:05:02.619+0000] {processor.py:840} INFO - DAG(s) 'example_time_delta_sensor_async' retrieved from /home/airflow/.local/lib/python3.8/site-packages/airflow/example_dags/example_time_delta_sensor_async.py
[2026-06-12T11:05:02.658+0000] {logging_mixin.py:188} INFO - [2026-06-12T11:05:02.657+0000] {dag.py:3036} INFO - Sync 1 DAGs
[2026-06-12T11:05:02.678+0000] {logging_mixin.py:188} INFO - [2026-06-12T11:05:02.677+0000] {dag.py:3823} INFO - Setting next_dagrun for example_time_delta_sensor_async to None, run_after=None
[2026-06-12T11:05:02.712+0000] {processor.py:183} INFO - Processing /home/airflow/.local/lib/python3.8/site-packages/airflow/example_dags/example_time_delta_sensor_async.py took 0.110 seconds
[2026-06-12T11:05:33.103+0000] {processor.py:161} INFO - Started process (PID=395) to work on /home/airflow/.local/lib/python3.8/site-packages/airflow/example_dags/example_time_delta_sensor_async.py
[2026-06-12T11:05:33.105+0000] {processor.py:830} INFO - Processing file /home/airflow/.local/lib/python3.8/site-packages/airflow/example_dags/example_time_delta_sensor_async.py for tasks to queue
[2026-06-12T11:05:33.107+0000] {logging_mixin.py:188} INFO - [2026-06-12T11:05:33.107+0000] {dagbag.py:538} INFO - Filling up the DagBag from /home/airflow/.local/lib/python3.8/site-packages/airflow/example_dags/example_time_delta_sensor_async.py
[2026-06-12T11:05:33.114+0000] {processor.py:840} INFO - DAG(s) 'example_time_delta_sensor_async' retrieved from /home/airflow/.local/lib/python3.8/site-packages/airflow/example_dags/example_time_delta_sensor_async.py
[2026-06-12T11:05:33.150+0000] {logging_mixin.py:188} INFO - [2026-06-12T11:05:33.150+0000] {dag.py:3036} INFO - Sync 1 DAGs
[2026-06-12T11:05:33.172+0000] {logging_mixin.py:188} INFO - [2026-06-12T11:05:33.172+0000] {dag.py:3823} INFO - Setting next_dagrun for example_time_delta_sensor_async to None, run_after=None
[2026-06-12T11:05:33.201+0000] {processor.py:183} INFO - Processing /home/airflow/.local/lib/python3.8/site-packages/airflow/example_dags/example_time_delta_sensor_async.py took 0.102 seconds
[2026-06-12T11:06:03.532+0000] {processor.py:161} INFO - Started process (PID=461) to work on /home/airflow/.local/lib/python3.8/site-packages/airflow/example_dags/example_time_delta_sensor_async.py
[2026-06-12T11:06:03.534+0000] {processor.py:830} INFO - Processing file /home/airflow/.local/lib/python3.8/site-packages/airflow/example_dags/example_time_delta_sensor_async.py for tasks to queue
[2026-06-12T11:06:03.537+0000] {logging_mixin.py:188} INFO - [2026-06-12T11:06:03.536+0000] {dagbag.py:538} INFO - Filling up the DagBag from /home/airflow/.local/lib/python3.8/site-packages/airflow/example_dags/example_time_delta_sensor_async.py
[2026-06-12T11:06:03.543+0000] {processor.py:840} INFO - DAG(s) 'example_time_delta_sensor_async' retrieved from /home/airflow/.local/lib/python3.8/site-packages/airflow/example_dags/example_time_delta_sensor_async.py
[2026-06-12T11:06:03.578+0000] {logging_mixin.py:188} INFO - [2026-06-12T11:06:03.578+0000] {dag.py:3036} INFO - Sync 1 DAGs
[2026-06-12T11:06:03.600+0000] {logging_mixin.py:188} INFO - [2026-06-12T11:06:03.599+0000] {dag.py:3823} INFO - Setting next_dagrun for example_time_delta_sensor_async to None, run_after=None
[2026-06-12T11:06:03.626+0000] {processor.py:183} INFO - Processing /home/airflow/.local/lib/python3.8/site-packages/airflow/example_dags/example_time_delta_sensor_async.py took 0.099 seconds
[2026-06-12T11:06:33.959+0000] {processor.py:161} INFO - Started process (PID=526) to work on /home/airflow/.local/lib/python3.8/site-packages/airflow/example_dags/example_time_delta_sensor_async.py
[2026-06-12T11:06:33.960+0000] {processor.py:830} INFO - Processing file /home/airflow/.local/lib/python3.8/site-packages/airflow/example_dags/example_time_delta_sensor_async.py for tasks to queue
[2026-06-12T11:06:33.963+0000] {logging_mixin.py:188} INFO - [2026-06-12T11:06:33.963+0000] {dagbag.py:538} INFO - Filling up the DagBag from /home/airflow/.local/lib/python3.8/site-packages/airflow/example_dags/example_time_delta_sensor_async.py
[2026-06-12T11:06:33.970+0000] {processor.py:840} INFO - DAG(s) 'example_time_delta_sensor_async' retrieved from /home/airflow/.local/lib/python3.8/site-packages/airflow/example_dags/example_time_delta_sensor_async.py
[2026-06-12T11:06:34.010+0000] {logging_mixin.py:188} INFO - [2026-06-12T11:06:34.009+0000] {dag.py:3036} INFO - Sync 1 DAGs
[2026-06-12T11:06:34.033+0000] {logging_mixin.py:188} INFO - [2026-06-12T11:06:34.033+0000] {dag.py:3823} INFO - Setting next_dagrun for example_time_delta_sensor_async to None, run_after=None
[2026-06-12T11:06:34.066+0000] {processor.py:183} INFO - Processing /home/airflow/.local/lib/python3.8/site-packages/airflow/example_dags/example_time_delta_sensor_async.py took 0.113 seconds
[2026-06-12T11:07:04.344+0000] {processor.py:161} INFO - Started process (PID=591) to work on /home/airflow/.local/lib/python3.8/site-packages/airflow/example_dags/example_time_delta_sensor_async.py
[2026-06-12T11:07:04.346+0000] {processor.py:830} INFO - Processing file /home/airflow/.local/lib/python3.8/site-packages/airflow/example_dags/example_time_delta_sensor_async.py for tasks to queue
[2026-06-12T11:07:04.349+0000] {logging_mixin.py:188} INFO - [2026-06-12T11:07:04.348+0000] {dagbag.py:538} INFO - Filling up the DagBag from /home/airflow/.local/lib/python3.8/site-packages/airflow/example_dags/example_time_delta_sensor_async.py
[2026-06-12T11:07:04.356+0000] {processor.py:840} INFO - DAG(s) 'example_time_delta_sensor_async' retrieved from /home/airflow/.local/lib/python3.8/site-packages/airflow/example_dags/example_time_delta_sensor_async.py
[2026-06-12T11:07:04.398+0000] {logging_mixin.py:188} INFO - [2026-06-12T11:07:04.397+0000] {dag.py:3036} INFO - Sync 1 DAGs
[2026-06-12T11:07:04.425+0000] {logging_mixin.py:188} INFO - [2026-06-12T11:07:04.425+0000] {dag.py:3823} INFO - Setting next_dagrun for example_time_delta_sensor_async to None, run_after=None
[2026-06-12T11:07:04.466+0000] {processor.py:183} INFO - Processing /home/airflow/.local/lib/python3.8/site-packages/airflow/example_dags/example_time_delta_sensor_async.py took 0.126 seconds
[2026-06-12T11:07:34.628+0000] {processor.py:161} INFO - Started process (PID=664) to work on /home/airflow/.local/lib/python3.8/site-packages/airflow/example_dags/example_time_delta_sensor_async.py
[2026-06-12T11:07:34.629+0000] {processor.py:830} INFO - Processing file /home/airflow/.local/lib/python3.8/site-packages/airflow/example_dags/example_time_delta_sensor_async.py for tasks to queue
[2026-06-12T11:07:34.632+0000] {logging_mixin.py:188} INFO - [2026-06-12T11:07:34.631+0000] {dagbag.py:538} INFO - Filling up the DagBag from /home/airflow/.local/lib/python3.8/site-packages/airflow/example_dags/example_time_delta_sensor_async.py
[2026-06-12T11:07:34.639+0000] {processor.py:840} INFO - DAG(s) 'example_time_delta_sensor_async' retrieved from /home/airflow/.local/lib/python3.8/site-packages/airflow/example_dags/example_time_delta_sensor_async.py
[2026-06-12T11:07:34.680+0000] {logging_mixin.py:188} INFO - [2026-06-12T11:07:34.679+0000] {dag.py:3036} INFO - Sync 1 DAGs
[2026-06-12T11:07:34.704+0000] {logging_mixin.py:188} INFO - [2026-06-12T11:07:34.703+0000] {dag.py:3823} INFO - Setting next_dagrun for example_time_delta_sensor_async to None, run_after=None
[2026-06-12T11:07:34.737+0000] {processor.py:183} INFO - Processing /home/airflow/.local/lib/python3.8/site-packages/airflow/example_dags/example_time_delta_sensor_async.py took 0.114 seconds
[2026-06-12T11:08:04.988+0000] {processor.py:161} INFO - Started process (PID=730) to work on /home/airflow/.local/lib/python3.8/site-packages/airflow/example_dags/example_time_delta_sensor_async.py
[2026-06-12T11:08:04.989+0000] {processor.py:830} INFO - Processing file /home/airflow/.local/lib/python3.8/site-packages/airflow/example_dags/example_time_delta_sensor_async.py for tasks to queue
[2026-06-12T11:08:04.993+0000] {logging_mixin.py:188} INFO - [2026-06-12T11:08:04.992+0000] {dagbag.py:538} INFO - Filling up the DagBag from /home/airflow/.local/lib/python3.8/site-packages/airflow/example_dags/example_time_delta_sensor_async.py
[2026-06-12T11:08:05.002+0000] {processor.py:840} INFO - DAG(s) 'example_time_delta_sensor_async' retrieved from /home/airflow/.local/lib/python3.8/site-packages/airflow/example_dags/example_time_delta_sensor_async.py
[2026-06-12T11:08:05.038+0000] {logging_mixin.py:188} INFO - [2026-06-12T11:08:05.038+0000] {dag.py:3036} INFO - Sync 1 DAGs
[2026-06-12T11:08:05.063+0000] {logging_mixin.py:188} INFO - [2026-06-12T11:08:05.062+0000] {dag.py:3823} INFO - Setting next_dagrun for example_time_delta_sensor_async to None, run_after=None
[2026-06-12T11:08:05.097+0000] {processor.py:183} INFO - Processing /home/airflow/.local/lib/python3.8/site-packages/airflow/example_dags/example_time_delta_sensor_async.py took 0.115 seconds
[2026-06-12T11:08:35.460+0000] {processor.py:161} INFO - Started process (PID=797) to work on /home/airflow/.local/lib/python3.8/site-packages/airflow/example_dags/example_time_delta_sensor_async.py
[2026-06-12T11:08:35.461+0000] {processor.py:830} INFO - Processing file /home/airflow/.local/lib/python3.8/site-packages/airflow/example_dags/example_time_delta_sensor_async.py for tasks to queue
[2026-06-12T11:08:35.464+0000] {logging_mixin.py:188} INFO - [2026-06-12T11:08:35.463+0000] {dagbag.py:538} INFO - Filling up the DagBag from /home/airflow/.local/lib/python3.8/site-packages/airflow/example_dags/example_time_delta_sensor_async.py
[2026-06-12T11:08:35.471+0000] {processor.py:840} INFO - DAG(s) 'example_time_delta_sensor_async' retrieved from /home/airflow/.local/lib/python3.8/site-packages/airflow/example_dags/example_time_delta_sensor_async.py
[2026-06-12T11:08:35.508+0000] {logging_mixin.py:188} INFO - [2026-06-12T11:08:35.507+0000] {dag.py:3036} INFO - Sync 1 DAGs
[2026-06-12T11:08:35.528+0000] {logging_mixin.py:188} INFO - [2026-06-12T11:08:35.528+0000] {dag.py:3823} INFO - Setting next_dagrun for example_time_delta_sensor_async to None, run_after=None
[2026-06-12T11:08:35.557+0000] {processor.py:183} INFO - Processing /home/airflow/.local/lib/python3.8/site-packages/airflow/example_dags/example_time_delta_sensor_async.py took 0.101 seconds
[2026-06-12T11:09:05.835+0000] {processor.py:161} INFO - Started process (PID=862) to work on /home/airflow/.local/lib/python3.8/site-packages/airflow/example_dags/example_time_delta_sensor_async.py
[2026-06-12T11:09:05.837+0000] {processor.py:830} INFO - Processing file /home/airflow/.local/lib/python3.8/site-packages/airflow/example_dags/example_time_delta_sensor_async.py for tasks to queue
[2026-06-12T11:09:05.841+0000] {logging_mixin.py:188} INFO - [2026-06-12T11:09:05.840+0000] {dagbag.py:538} INFO - Filling up the DagBag from /home/airflow/.local/lib/python3.8/site-packages/airflow/example_dags/example_time_delta_sensor_async.py
[2026-06-12T11:09:05.848+0000] {processor.py:840} INFO - DAG(s) 'example_time_delta_sensor_async' retrieved from /home/airflow/.local/lib/python3.8/site-packages/airflow/example_dags/example_time_delta_sensor_async.py
[2026-06-12T11:09:05.885+0000] {logging_mixin.py:188} INFO - [2026-06-12T11:09:05.885+0000] {dag.py:3036} INFO - Sync 1 DAGs
[2026-06-12T11:09:05.905+0000] {logging_mixin.py:188} INFO - [2026-06-12T11:09:05.905+0000] {dag.py:3823} INFO - Setting next_dagrun for example_time_delta_sensor_async to None, run_after=None
[2026-06-12T11:09:05.935+0000] {processor.py:183} INFO - Processing /home/airflow/.local/lib/python3.8/site-packages/airflow/example_dags/example_time_delta_sensor_async.py took 0.105 seconds
[2026-06-12T11:09:36.428+0000] {processor.py:161} INFO - Started process (PID=929) to work on /home/airflow/.local/lib/python3.8/site-packages/airflow/example_dags/example_time_delta_sensor_async.py
[2026-06-12T11:09:36.430+0000] {processor.py:830} INFO - Processing file /home/airflow/.local/lib/python3.8/site-packages/airflow/example_dags/example_time_delta_sensor_async.py for tasks to queue
[2026-06-12T11:09:36.433+0000] {logging_mixin.py:188} INFO - [2026-06-12T11:09:36.432+0000] {dagbag.py:538} INFO - Filling up the DagBag from /home/airflow/.local/lib/python3.8/site-packages/airflow/example_dags/example_time_delta_sensor_async.py
[2026-06-12T11:09:36.440+0000] {processor.py:840} INFO - DAG(s) 'example_time_delta_sensor_async' retrieved from /home/airflow/.local/lib/python3.8/site-packages/airflow/example_dags/example_time_delta_sensor_async.py
[2026-06-12T11:09:36.475+0000] {logging_mixin.py:188} INFO - [2026-06-12T11:09:36.475+0000] {dag.py:3036} INFO - Sync 1 DAGs
[2026-06-12T11:09:36.494+0000] {logging_mixin.py:188} INFO - [2026-06-12T11:09:36.494+0000] {dag.py:3823} INFO - Setting next_dagrun for example_time_delta_sensor_async to None, run_after=None
[2026-06-12T11:09:36.523+0000] {processor.py:183} INFO - Processing /home/airflow/.local/lib/python3.8/site-packages/airflow/example_dags/example_time_delta_sensor_async.py took 0.100 seconds
[2026-06-12T11:10:06.748+0000] {processor.py:161} INFO - Started process (PID=994) to work on /home/airflow/.local/lib/python3.8/site-packages/airflow/example_dags/example_time_delta_sensor_async.py
[2026-06-12T11:10:06.750+0000] {processor.py:830} INFO - Processing file /home/airflow/.local/lib/python3.8/site-packages/airflow/example_dags/example_time_delta_sensor_async.py for tasks to queue
[2026-06-12T11:10:06.753+0000] {logging_mixin.py:188} INFO - [2026-06-12T11:10:06.752+0000] {dagbag.py:538} INFO - Filling up the DagBag from /home/airflow/.local/lib/python3.8/site-packages/airflow/example_dags/example_time_delta_sensor_async.py
[2026-06-12T11:10:06.761+0000] {processor.py:840} INFO - DAG(s) 'example_time_delta_sensor_async' retrieved from /home/airflow/.local/lib/python3.8/site-packages/airflow/example_dags/example_time_delta_sensor_async.py
[2026-06-12T11:10:06.810+0000] {logging_mixin.py:188} INFO - [2026-06-12T11:10:06.809+0000] {dag.py:3036} INFO - Sync 1 DAGs
[2026-06-12T11:10:06.833+0000] {logging_mixin.py:188} INFO - [2026-06-12T11:10:06.833+0000] {dag.py:3823} INFO - Setting next_dagrun for example_time_delta_sensor_async to None, run_after=None
[2026-06-12T11:10:06.866+0000] {processor.py:183} INFO - Processing /home/airflow/.local/lib/python3.8/site-packages/airflow/example_dags/example_time_delta_sensor_async.py took 0.124 seconds
[2026-06-12T11:10:37.136+0000] {processor.py:161} INFO - Started process (PID=1059) to work on /home/airflow/.local/lib/python3.8/site-packages/airflow/example_dags/example_time_delta_sensor_async.py
[2026-06-12T11:10:37.137+0000] {processor.py:830} INFO - Processing file /home/airflow/.local/lib/python3.8/site-packages/airflow/example_dags/example_time_delta_sensor_async.py for tasks to queue
[2026-06-12T11:10:37.139+0000] {logging_mixin.py:188} INFO - [2026-06-12T11:10:37.139+0000] {dagbag.py:538} INFO - Filling up the DagBag from /home/airflow/.local/lib/python3.8/site-packages/airflow/example_dags/example_time_delta_sensor_async.py
[2026-06-12T11:10:37.145+0000] {processor.py:840} INFO - DAG(s) 'example_time_delta_sensor_async' retrieved from /home/airflow/.local/lib/python3.8/site-packages/airflow/example_dags/example_time_delta_sensor_async.py
[2026-06-12T11:10:37.183+0000] {logging_mixin.py:188} INFO - [2026-06-12T11:10:37.182+0000] {dag.py:3036} INFO - Sync 1 DAGs
[2026-06-12T11:10:37.204+0000] {logging_mixin.py:188} INFO - [2026-06-12T11:10:37.204+0000] {dag.py:3823} INFO - Setting next_dagrun for example_time_delta_sensor_async to None, run_after=None
[2026-06-12T11:10:37.232+0000] {processor.py:183} INFO - Processing /home/airflow/.local/lib/python3.8/site-packages/airflow/example_dags/example_time_delta_sensor_async.py took 0.101 seconds
[2026-06-12T11:11:07.552+0000] {processor.py:161} INFO - Started process (PID=1125) to work on /home/airflow/.local/lib/python3.8/site-packages/airflow/example_dags/example_time_delta_sensor_async.py
[2026-06-12T11:11:07.554+0000] {processor.py:830} INFO - Processing file /home/airflow/.local/lib/python3.8/site-packages/airflow/example_dags/example_time_delta_sensor_async.py for tasks to queue
[2026-06-12T11:11:07.557+0000] {logging_mixin.py:188} INFO - [2026-06-12T11:11:07.556+0000] {dagbag.py:538} INFO - Filling up the DagBag from /home/airflow/.local/lib/python3.8/site-packages/airflow/example_dags/example_time_delta_sensor_async.py
[2026-06-12T11:11:07.564+0000] {processor.py:840} INFO - DAG(s) 'example_time_delta_sensor_async' retrieved from /home/airflow/.local/lib/python3.8/site-packages/airflow/example_dags/example_time_delta_sensor_async.py
[2026-06-12T11:11:07.601+0000] {logging_mixin.py:188} INFO - [2026-06-12T11:11:07.600+0000] {dag.py:3036} INFO - Sync 1 DAGs
[2026-06-12T11:11:07.622+0000] {logging_mixin.py:188} INFO - [2026-06-12T11:11:07.622+0000] {dag.py:3823} INFO - Setting next_dagrun for example_time_delta_sensor_async to None, run_after=None
[2026-06-12T11:11:07.651+0000] {processor.py:183} INFO - Processing /home/airflow/.local/lib/python3.8/site-packages/airflow/example_dags/example_time_delta_sensor_async.py took 0.103 seconds
[2026-06-12T11:11:37.808+0000] {processor.py:161} INFO - Started process (PID=1200) to work on /home/airflow/.local/lib/python3.8/site-packages/airflow/example_dags/example_time_delta_sensor_async.py
[2026-06-12T11:11:37.810+0000] {processor.py:830} INFO - Processing file /home/airflow/.local/lib/python3.8/site-packages/airflow/example_dags/example_time_delta_sensor_async.py for tasks to queue
[2026-06-12T11:11:37.813+0000] {logging_mixin.py:188} INFO - [2026-06-12T11:11:37.812+0000] {dagbag.py:538} INFO - Filling up the DagBag from /home/airflow/.local/lib/python3.8/site-packages/airflow/example_dags/example_time_delta_sensor_async.py
[2026-06-12T11:11:37.820+0000] {processor.py:840} INFO - DAG(s) 'example_time_delta_sensor_async' retrieved from /home/airflow/.local/lib/python3.8/site-packages/airflow/example_dags/example_time_delta_sensor_async.py
[2026-06-12T11:11:37.856+0000] {logging_mixin.py:188} INFO - [2026-06-12T11:11:37.856+0000] {dag.py:3036} INFO - Sync 1 DAGs
[2026-06-12T11:11:37.876+0000] {logging_mixin.py:188} INFO - [2026-06-12T11:11:37.875+0000] {dag.py:3823} INFO - Setting next_dagrun for example_time_delta_sensor_async to None, run_after=None
[2026-06-12T11:11:37.904+0000] {processor.py:183} INFO - Processing /home/airflow/.local/lib/python3.8/site-packages/airflow/example_dags/example_time_delta_sensor_async.py took 0.101 seconds
[2026-06-12T11:12:08.130+0000] {processor.py:161} INFO - Started process (PID=1266) to work on /home/airflow/.local/lib/python3.8/site-packages/airflow/example_dags/example_time_delta_sensor_async.py
[2026-06-12T11:12:08.131+0000] {processor.py:830} INFO - Processing file /home/airflow/.local/lib/python3.8/site-packages/airflow/example_dags/example_time_delta_sensor_async.py for tasks to queue
[2026-06-12T11:12:08.134+0000] {logging_mixin.py:188} INFO - [2026-06-12T11:12:08.134+0000] {dagbag.py:538} INFO - Filling up the DagBag from /home/airflow/.local/lib/python3.8/site-packages/airflow/example_dags/example_time_delta_sensor_async.py
[2026-06-12T11:12:08.142+0000] {processor.py:840} INFO - DAG(s) 'example_time_delta_sensor_async' retrieved from /home/airflow/.local/lib/python3.8/site-packages/airflow/example_dags/example_time_delta_sensor_async.py
[2026-06-12T11:12:08.187+0000] {logging_mixin.py:188} INFO - [2026-06-12T11:12:08.186+0000] {dag.py:3036} INFO - Sync 1 DAGs
[2026-06-12T11:12:08.212+0000] {logging_mixin.py:188} INFO - [2026-06-12T11:12:08.212+0000] {dag.py:3823} INFO - Setting next_dagrun for example_time_delta_sensor_async to None, run_after=None
[2026-06-12T11:12:08.248+0000] {processor.py:183} INFO - Processing /home/airflow/.local/lib/python3.8/site-packages/airflow/example_dags/example_time_delta_sensor_async.py took 0.123 seconds
[2026-06-12T11:12:38.323+0000] {processor.py:161} INFO - Started process (PID=1333) to work on /home/airflow/.local/lib/python3.8/site-packages/airflow/example_dags/example_time_delta_sensor_async.py
[2026-06-12T11:12:38.325+0000] {processor.py:830} INFO - Processing file /home/airflow/.local/lib/python3.8/site-packages/airflow/example_dags/example_time_delta_sensor_async.py for tasks to queue
[2026-06-12T11:12:38.328+0000] {logging_mixin.py:188} INFO - [2026-06-12T11:12:38.327+0000] {dagbag.py:538} INFO - Filling up the DagBag from /home/airflow/.local/lib/python3.8/site-packages/airflow/example_dags/example_time_delta_sensor_async.py
[2026-06-12T11:12:38.335+0000] {processor.py:840} INFO - DAG(s) 'example_time_delta_sensor_async' retrieved from /home/airflow/.local/lib/python3.8/site-packages/airflow/example_dags/example_time_delta_sensor_async.py
[2026-06-12T11:12:38.372+0000] {logging_mixin.py:188} INFO - [2026-06-12T11:12:38.371+0000] {dag.py:3036} INFO - Sync 1 DAGs
[2026-06-12T11:12:38.391+0000] {logging_mixin.py:188} INFO - [2026-06-12T11:12:38.391+0000] {dag.py:3823} INFO - Setting next_dagrun for example_time_delta_sensor_async to None, run_after=None
[2026-06-12T11:12:38.422+0000] {processor.py:183} INFO - Processing /home/airflow/.local/lib/python3.8/site-packages/airflow/example_dags/example_time_delta_sensor_async.py took 0.104 seconds
[2026-06-12T11:13:09.289+0000] {processor.py:161} INFO - Started process (PID=1399) to work on /home/airflow/.local/lib/python3.8/site-packages/airflow/example_dags/example_time_delta_sensor_async.py
[2026-06-12T11:13:09.291+0000] {processor.py:830} INFO - Processing file /home/airflow/.local/lib/python3.8/site-packages/airflow/example_dags/example_time_delta_sensor_async.py for tasks to queue
[2026-06-12T11:13:09.293+0000] {logging_mixin.py:188} INFO - [2026-06-12T11:13:09.293+0000] {dagbag.py:538} INFO - Filling up the DagBag from /home/airflow/.local/lib/python3.8/site-packages/airflow/example_dags/example_time_delta_sensor_async.py
[2026-06-12T11:13:09.301+0000] {processor.py:840} INFO - DAG(s) 'example_time_delta_sensor_async' retrieved from /home/airflow/.local/lib/python3.8/site-packages/airflow/example_dags/example_time_delta_sensor_async.py
[2026-06-12T11:13:09.342+0000] {logging_mixin.py:188} INFO - [2026-06-12T11:13:09.341+0000] {dag.py:3036} INFO - Sync 1 DAGs
[2026-06-12T11:13:09.365+0000] {logging_mixin.py:188} INFO - [2026-06-12T11:13:09.364+0000] {dag.py:3823} INFO - Setting next_dagrun for example_time_delta_sensor_async to None, run_after=None
[2026-06-12T11:13:09.401+0000] {processor.py:183} INFO - Processing /home/airflow/.local/lib/python3.8/site-packages/airflow/example_dags/example_time_delta_sensor_async.py took 0.117 seconds
[2026-06-12T11:13:40.022+0000] {processor.py:161} INFO - Started process (PID=1465) to work on /home/airflow/.local/lib/python3.8/site-packages/airflow/example_dags/example_time_delta_sensor_async.py
[2026-06-12T11:13:40.023+0000] {processor.py:830} INFO - Processing file /home/airflow/.local/lib/python3.8/site-packages/airflow/example_dags/example_time_delta_sensor_async.py for tasks to queue
[2026-06-12T11:13:40.026+0000] {logging_mixin.py:188} INFO - [2026-06-12T11:13:40.026+0000] {dagbag.py:538} INFO - Filling up the DagBag from /home/airflow/.local/lib/python3.8/site-packages/airflow/example_dags/example_time_delta_sensor_async.py
[2026-06-12T11:13:40.034+0000] {processor.py:840} INFO - DAG(s) 'example_time_delta_sensor_async' retrieved from /home/airflow/.local/lib/python3.8/site-packages/airflow/example_dags/example_time_delta_sensor_async.py
[2026-06-12T11:13:40.071+0000] {logging_mixin.py:188} INFO - [2026-06-12T11:13:40.071+0000] {dag.py:3036} INFO - Sync 1 DAGs
[2026-06-12T11:13:40.091+0000] {logging_mixin.py:188} INFO - [2026-06-12T11:13:40.091+0000] {dag.py:3823} INFO - Setting next_dagrun for example_time_delta_sensor_async to None, run_after=None
[2026-06-12T11:13:40.119+0000] {processor.py:183} INFO - Processing /home/airflow/.local/lib/python3.8/site-packages/airflow/example_dags/example_time_delta_sensor_async.py took 0.103 seconds
[2026-06-12T11:14:10.891+0000] {processor.py:161} INFO - Started process (PID=1532) to work on /home/airflow/.local/lib/python3.8/site-packages/airflow/example_dags/example_time_delta_sensor_async.py
[2026-06-12T11:14:10.893+0000] {processor.py:830} INFO - Processing file /home/airflow/.local/lib/python3.8/site-packages/airflow/example_dags/example_time_delta_sensor_async.py for tasks to queue
[2026-06-12T11:14:10.896+0000] {logging_mixin.py:188} INFO - [2026-06-12T11:14:10.896+0000] {dagbag.py:538} INFO - Filling up the DagBag from /home/airflow/.local/lib/python3.8/site-packages/airflow/example_dags/example_time_delta_sensor_async.py
[2026-06-12T11:14:10.905+0000] {processor.py:840} INFO - DAG(s) 'example_time_delta_sensor_async' retrieved from /home/airflow/.local/lib/python3.8/site-packages/airflow/example_dags/example_time_delta_sensor_async.py
[2026-06-12T11:14:10.942+0000] {logging_mixin.py:188} INFO - [2026-06-12T11:14:10.941+0000] {dag.py:3036} INFO - Sync 1 DAGs
[2026-06-12T11:14:10.963+0000] {logging_mixin.py:188} INFO - [2026-06-12T11:14:10.962+0000] {dag.py:3823} INFO - Setting next_dagrun for example_time_delta_sensor_async to None, run_after=None
[2026-06-12T11:14:10.993+0000] {processor.py:183} INFO - Processing /home/airflow/.local/lib/python3.8/site-packages/airflow/example_dags/example_time_delta_sensor_async.py took 0.108 seconds
[2026-06-12T11:14:41.689+0000] {processor.py:161} INFO - Started process (PID=1598) to work on /home/airflow/.local/lib/python3.8/site-packages/airflow/example_dags/example_time_delta_sensor_async.py
[2026-06-12T11:14:41.691+0000] {processor.py:830} INFO - Processing file /home/airflow/.local/lib/python3.8/site-packages/airflow/example_dags/example_time_delta_sensor_async.py for tasks to queue
[2026-06-12T11:14:41.693+0000] {logging_mixin.py:188} INFO - [2026-06-12T11:14:41.693+0000] {dagbag.py:538} INFO - Filling up the DagBag from /home/airflow/.local/lib/python3.8/site-packages/airflow/example_dags/example_time_delta_sensor_async.py
[2026-06-12T11:14:41.700+0000] {processor.py:840} INFO - DAG(s) 'example_time_delta_sensor_async' retrieved from /home/airflow/.local/lib/python3.8/site-packages/airflow/example_dags/example_time_delta_sensor_async.py
[2026-06-12T11:14:41.738+0000] {logging_mixin.py:188} INFO - [2026-06-12T11:14:41.737+0000] {dag.py:3036} INFO - Sync 1 DAGs
[2026-06-12T11:14:41.759+0000] {logging_mixin.py:188} INFO - [2026-06-12T11:14:41.759+0000] {dag.py:3823} INFO - Setting next_dagrun for example_time_delta_sensor_async to None, run_after=None
[2026-06-12T11:14:41.789+0000] {processor.py:183} INFO - Processing /home/airflow/.local/lib/python3.8/site-packages/airflow/example_dags/example_time_delta_sensor_async.py took 0.105 seconds
[2026-06-12T11:15:11.991+0000] {processor.py:161} INFO - Started process (PID=1664) to work on /home/airflow/.local/lib/python3.8/site-packages/airflow/example_dags/example_time_delta_sensor_async.py
[2026-06-12T11:15:11.992+0000] {processor.py:830} INFO - Processing file /home/airflow/.local/lib/python3.8/site-packages/airflow/example_dags/example_time_delta_sensor_async.py for tasks to queue
[2026-06-12T11:15:11.995+0000] {logging_mixin.py:188} INFO - [2026-06-12T11:15:11.994+0000] {dagbag.py:538} INFO - Filling up the DagBag from /home/airflow/.local/lib/python3.8/site-packages/airflow/example_dags/example_time_delta_sensor_async.py
[2026-06-12T11:15:12.002+0000] {processor.py:840} INFO - DAG(s) 'example_time_delta_sensor_async' retrieved from /home/airflow/.local/lib/python3.8/site-packages/airflow/example_dags/example_time_delta_sensor_async.py
[2026-06-12T11:15:12.040+0000] {logging_mixin.py:188} INFO - [2026-06-12T11:15:12.040+0000] {dag.py:3036} INFO - Sync 1 DAGs
[2026-06-12T11:15:12.059+0000] {logging_mixin.py:188} INFO - [2026-06-12T11:15:12.059+0000] {dag.py:3823} INFO - Setting next_dagrun for example_time_delta_sensor_async to None, run_after=None
[2026-06-12T11:15:12.090+0000] {processor.py:183} INFO - Processing /home/airflow/.local/lib/python3.8/site-packages/airflow/example_dags/example_time_delta_sensor_async.py took 0.104 seconds
[2026-06-12T11:15:42.434+0000] {processor.py:161} INFO - Started process (PID=1731) to work on /home/airflow/.local/lib/python3.8/site-packages/airflow/example_dags/example_time_delta_sensor_async.py
[2026-06-12T11:15:42.436+0000] {processor.py:830} INFO - Processing file /home/airflow/.local/lib/python3.8/site-packages/airflow/example_dags/example_time_delta_sensor_async.py for tasks to queue
[2026-06-12T11:15:42.439+0000] {logging_mixin.py:188} INFO - [2026-06-12T11:15:42.438+0000] {dagbag.py:538} INFO - Filling up the DagBag from /home/airflow/.local/lib/python3.8/site-packages/airflow/example_dags/example_time_delta_sensor_async.py
[2026-06-12T11:15:42.445+0000] {processor.py:840} INFO - DAG(s) 'example_time_delta_sensor_async' retrieved from /home/airflow/.local/lib/python3.8/site-packages/airflow/example_dags/example_time_delta_sensor_async.py
[2026-06-12T11:15:42.482+0000] {logging_mixin.py:188} INFO - [2026-06-12T11:15:42.482+0000] {dag.py:3036} INFO - Sync 1 DAGs
[2026-06-12T11:15:42.504+0000] {logging_mixin.py:188} INFO - [2026-06-12T11:15:42.503+0000] {dag.py:3823} INFO - Setting next_dagrun for example_time_delta_sensor_async to None, run_after=None
[2026-06-12T11:15:42.530+0000] {processor.py:183} INFO - Processing /home/airflow/.local/lib/python3.8/site-packages/airflow/example_dags/example_time_delta_sensor_async.py took 0.100 seconds
[2026-06-12T11:16:12.734+0000] {processor.py:161} INFO - Started process (PID=1795) to work on /home/airflow/.local/lib/python3.8/site-packages/airflow/example_dags/example_time_delta_sensor_async.py
[2026-06-12T11:16:12.736+0000] {processor.py:830} INFO - Processing file /home/airflow/.local/lib/python3.8/site-packages/airflow/example_dags/example_time_delta_sensor_async.py for tasks to queue
[2026-06-12T11:16:12.739+0000] {logging_mixin.py:188} INFO - [2026-06-12T11:16:12.739+0000] {dagbag.py:538} INFO - Filling up the DagBag from /home/airflow/.local/lib/python3.8/site-packages/airflow/example_dags/example_time_delta_sensor_async.py
[2026-06-12T11:16:12.756+0000] {processor.py:840} INFO - DAG(s) 'example_time_delta_sensor_async' retrieved from /home/airflow/.local/lib/python3.8/site-packages/airflow/example_dags/example_time_delta_sensor_async.py
[2026-06-12T11:16:12.798+0000] {logging_mixin.py:188} INFO - [2026-06-12T11:16:12.797+0000] {dag.py:3036} INFO - Sync 1 DAGs
[2026-06-12T11:16:12.820+0000] {logging_mixin.py:188} INFO - [2026-06-12T11:16:12.820+0000] {dag.py:3823} INFO - Setting next_dagrun for example_time_delta_sensor_async to None, run_after=None
[2026-06-12T11:16:12.848+0000] {processor.py:183} INFO - Processing /home/airflow/.local/lib/python3.8/site-packages/airflow/example_dags/example_time_delta_sensor_async.py took 0.118 seconds
[2026-06-12T11:16:43.650+0000] {processor.py:161} INFO - Started process (PID=1869) to work on /home/airflow/.local/lib/python3.8/site-packages/airflow/example_dags/example_time_delta_sensor_async.py
[2026-06-12T11:16:43.651+0000] {processor.py:830} INFO - Processing file /home/airflow/.local/lib/python3.8/site-packages/airflow/example_dags/example_time_delta_sensor_async.py for tasks to queue
[2026-06-12T11:16:43.654+0000] {logging_mixin.py:188} INFO - [2026-06-12T11:16:43.654+0000] {dagbag.py:538} INFO - Filling up the DagBag from /home/airflow/.local/lib/python3.8/site-packages/airflow/example_dags/example_time_delta_sensor_async.py
[2026-06-12T11:16:43.662+0000] {processor.py:840} INFO - DAG(s) 'example_time_delta_sensor_async' retrieved from /home/airflow/.local/lib/python3.8/site-packages/airflow/example_dags/example_time_delta_sensor_async.py
[2026-06-12T11:16:43.702+0000] {logging_mixin.py:188} INFO - [2026-06-12T11:16:43.702+0000] {dag.py:3036} INFO - Sync 1 DAGs
[2026-06-12T11:16:43.727+0000] {logging_mixin.py:188} INFO - [2026-06-12T11:16:43.726+0000] {dag.py:3823} INFO - Setting next_dagrun for example_time_delta_sensor_async to None, run_after=None
[2026-06-12T11:16:43.761+0000] {processor.py:183} INFO - Processing /home/airflow/.local/lib/python3.8/site-packages/airflow/example_dags/example_time_delta_sensor_async.py took 0.117 seconds
[2026-06-12T11:17:14.223+0000] {processor.py:161} INFO - Started process (PID=1934) to work on /home/airflow/.local/lib/python3.8/site-packages/airflow/example_dags/example_time_delta_sensor_async.py
[2026-06-12T11:17:14.224+0000] {processor.py:830} INFO - Processing file /home/airflow/.local/lib/python3.8/site-packages/airflow/example_dags/example_time_delta_sensor_async.py for tasks to queue
[2026-06-12T11:17:14.228+0000] {logging_mixin.py:188} INFO - [2026-06-12T11:17:14.227+0000] {dagbag.py:538} INFO - Filling up the DagBag from /home/airflow/.local/lib/python3.8/site-packages/airflow/example_dags/example_time_delta_sensor_async.py
[2026-06-12T11:17:14.238+0000] {processor.py:840} INFO - DAG(s) 'example_time_delta_sensor_async' retrieved from /home/airflow/.local/lib/python3.8/site-packages/airflow/example_dags/example_time_delta_sensor_async.py
[2026-06-12T11:17:14.281+0000] {logging_mixin.py:188} INFO - [2026-06-12T11:17:14.281+0000] {dag.py:3036} INFO - Sync 1 DAGs
[2026-06-12T11:17:14.307+0000] {logging_mixin.py:188} INFO - [2026-06-12T11:17:14.307+0000] {dag.py:3823} INFO - Setting next_dagrun for example_time_delta_sensor_async to None, run_after=None
[2026-06-12T11:17:14.348+0000] {processor.py:183} INFO - Processing /home/airflow/.local/lib/python3.8/site-packages/airflow/example_dags/example_time_delta_sensor_async.py took 0.131 seconds
[2026-06-12T11:17:44.419+0000] {processor.py:161} INFO - Started process (PID=2000) to work on /home/airflow/.local/lib/python3.8/site-packages/airflow/example_dags/example_time_delta_sensor_async.py
[2026-06-12T11:17:44.421+0000] {processor.py:830} INFO - Processing file /home/airflow/.local/lib/python3.8/site-packages/airflow/example_dags/example_time_delta_sensor_async.py for tasks to queue
[2026-06-12T11:17:44.424+0000] {logging_mixin.py:188} INFO - [2026-06-12T11:17:44.424+0000] {dagbag.py:538} INFO - Filling up the DagBag from /home/airflow/.local/lib/python3.8/site-packages/airflow/example_dags/example_time_delta_sensor_async.py
[2026-06-12T11:17:44.432+0000] {processor.py:840} INFO - DAG(s) 'example_time_delta_sensor_async' retrieved from /home/airflow/.local/lib/python3.8/site-packages/airflow/example_dags/example_time_delta_sensor_async.py
[2026-06-12T11:17:44.482+0000] {logging_mixin.py:188} INFO - [2026-06-12T11:17:44.482+0000] {dag.py:3036} INFO - Sync 1 DAGs
[2026-06-12T11:17:44.506+0000] {logging_mixin.py:188} INFO - [2026-06-12T11:17:44.505+0000] {dag.py:3823} INFO - Setting next_dagrun for example_time_delta_sensor_async to None, run_after=None
[2026-06-12T11:17:44.547+0000] {processor.py:183} INFO - Processing /home/airflow/.local/lib/python3.8/site-packages/airflow/example_dags/example_time_delta_sensor_async.py took 0.134 seconds
[2026-06-12T11:18:14.720+0000] {processor.py:161} INFO - Started process (PID=2066) to work on /home/airflow/.local/lib/python3.8/site-packages/airflow/example_dags/example_time_delta_sensor_async.py
[2026-06-12T11:18:14.722+0000] {processor.py:830} INFO - Processing file /home/airflow/.local/lib/python3.8/site-packages/airflow/example_dags/example_time_delta_sensor_async.py for tasks to queue
[2026-06-12T11:18:14.724+0000] {logging_mixin.py:188} INFO - [2026-06-12T11:18:14.724+0000] {dagbag.py:538} INFO - Filling up the DagBag from /home/airflow/.local/lib/python3.8/site-packages/airflow/example_dags/example_time_delta_sensor_async.py
[2026-06-12T11:18:14.731+0000] {processor.py:840} INFO - DAG(s) 'example_time_delta_sensor_async' retrieved from /home/airflow/.local/lib/python3.8/site-packages/airflow/example_dags/example_time_delta_sensor_async.py
[2026-06-12T11:18:14.770+0000] {logging_mixin.py:188} INFO - [2026-06-12T11:18:14.770+0000] {dag.py:3036} INFO - Sync 1 DAGs
[2026-06-12T11:18:14.792+0000] {logging_mixin.py:188} INFO - [2026-06-12T11:18:14.792+0000] {dag.py:3823} INFO - Setting next_dagrun for example_time_delta_sensor_async to None, run_after=None
[2026-06-12T11:18:14.826+0000] {processor.py:183} INFO - Processing /home/airflow/.local/lib/python3.8/site-packages/airflow/example_dags/example_time_delta_sensor_async.py took 0.111 seconds
[2026-06-12T11:18:45.144+0000] {processor.py:161} INFO - Started process (PID=2132) to work on /home/airflow/.local/lib/python3.8/site-packages/airflow/example_dags/example_time_delta_sensor_async.py
[2026-06-12T11:18:45.146+0000] {processor.py:830} INFO - Processing file /home/airflow/.local/lib/python3.8/site-packages/airflow/example_dags/example_time_delta_sensor_async.py for tasks to queue
[2026-06-12T11:18:45.149+0000] {logging_mixin.py:188} INFO - [2026-06-12T11:18:45.148+0000] {dagbag.py:538} INFO - Filling up the DagBag from /home/airflow/.local/lib/python3.8/site-packages/airflow/example_dags/example_time_delta_sensor_async.py
[2026-06-12T11:18:45.155+0000] {processor.py:840} INFO - DAG(s) 'example_time_delta_sensor_async' retrieved from /home/airflow/.local/lib/python3.8/site-packages/airflow/example_dags/example_time_delta_sensor_async.py
[2026-06-12T11:18:45.193+0000] {logging_mixin.py:188} INFO - [2026-06-12T11:18:45.192+0000] {dag.py:3036} INFO - Sync 1 DAGs
[2026-06-12T11:18:45.216+0000] {logging_mixin.py:188} INFO - [2026-06-12T11:18:45.216+0000] {dag.py:3823} INFO - Setting next_dagrun for example_time_delta_sensor_async to None, run_after=None
[2026-06-12T11:18:45.246+0000] {processor.py:183} INFO - Processing /home/airflow/.local/lib/python3.8/site-packages/airflow/example_dags/example_time_delta_sensor_async.py took 0.107 seconds
[2026-06-12T11:19:16.207+0000] {processor.py:161} INFO - Started process (PID=2198) to work on /home/airflow/.local/lib/python3.8/site-packages/airflow/example_dags/example_time_delta_sensor_async.py
[2026-06-12T11:19:16.208+0000] {processor.py:830} INFO - Processing file /home/airflow/.local/lib/python3.8/site-packages/airflow/example_dags/example_time_delta_sensor_async.py for tasks to queue
[2026-06-12T11:19:16.211+0000] {logging_mixin.py:188} INFO - [2026-06-12T11:19:16.211+0000] {dagbag.py:538} INFO - Filling up the DagBag from /home/airflow/.local/lib/python3.8/site-packages/airflow/example_dags/example_time_delta_sensor_async.py
[2026-06-12T11:19:16.218+0000] {processor.py:840} INFO - DAG(s) 'example_time_delta_sensor_async' retrieved from /home/airflow/.local/lib/python3.8/site-packages/airflow/example_dags/example_time_delta_sensor_async.py
[2026-06-12T11:19:16.261+0000] {logging_mixin.py:188} INFO - [2026-06-12T11:19:16.260+0000] {dag.py:3036} INFO - Sync 1 DAGs
[2026-06-12T11:19:16.285+0000] {logging_mixin.py:188} INFO - [2026-06-12T11:19:16.285+0000] {dag.py:3823} INFO - Setting next_dagrun for example_time_delta_sensor_async to None, run_after=None
[2026-06-12T11:19:16.316+0000] {processor.py:183} INFO - Processing /home/airflow/.local/lib/python3.8/site-packages/airflow/example_dags/example_time_delta_sensor_async.py took 0.114 seconds
[2026-06-12T11:19:46.476+0000] {processor.py:161} INFO - Started process (PID=2264) to work on /home/airflow/.local/lib/python3.8/site-packages/airflow/example_dags/example_time_delta_sensor_async.py
[2026-06-12T11:19:46.478+0000] {processor.py:830} INFO - Processing file /home/airflow/.local/lib/python3.8/site-packages/airflow/example_dags/example_time_delta_sensor_async.py for tasks to queue
[2026-06-12T11:19:46.482+0000] {logging_mixin.py:188} INFO - [2026-06-12T11:19:46.481+0000] {dagbag.py:538} INFO - Filling up the DagBag from /home/airflow/.local/lib/python3.8/site-packages/airflow/example_dags/example_time_delta_sensor_async.py
[2026-06-12T11:19:46.491+0000] {processor.py:840} INFO - DAG(s) 'example_time_delta_sensor_async' retrieved from /home/airflow/.local/lib/python3.8/site-packages/airflow/example_dags/example_time_delta_sensor_async.py
[2026-06-12T11:19:46.533+0000] {logging_mixin.py:188} INFO - [2026-06-12T11:19:46.532+0000] {dag.py:3036} INFO - Sync 1 DAGs
[2026-06-12T11:19:46.558+0000] {logging_mixin.py:188} INFO - [2026-06-12T11:19:46.557+0000] {dag.py:3823} INFO - Setting next_dagrun for example_time_delta_sensor_async to None, run_after=None
[2026-06-12T11:19:46.592+0000] {processor.py:183} INFO - Processing /home/airflow/.local/lib/python3.8/site-packages/airflow/example_dags/example_time_delta_sensor_async.py took 0.121 seconds
[2026-06-12T11:20:16.891+0000] {processor.py:161} INFO - Started process (PID=2330) to work on /home/airflow/.local/lib/python3.8/site-packages/airflow/example_dags/example_time_delta_sensor_async.py
[2026-06-12T11:20:16.893+0000] {processor.py:830} INFO - Processing file /home/airflow/.local/lib/python3.8/site-packages/airflow/example_dags/example_time_delta_sensor_async.py for tasks to queue
[2026-06-12T11:20:16.896+0000] {logging_mixin.py:188} INFO - [2026-06-12T11:20:16.895+0000] {dagbag.py:538} INFO - Filling up the DagBag from /home/airflow/.local/lib/python3.8/site-packages/airflow/example_dags/example_time_delta_sensor_async.py
[2026-06-12T11:20:16.908+0000] {processor.py:840} INFO - DAG(s) 'example_time_delta_sensor_async' retrieved from /home/airflow/.local/lib/python3.8/site-packages/airflow/example_dags/example_time_delta_sensor_async.py
[2026-06-12T11:20:16.950+0000] {logging_mixin.py:188} INFO - [2026-06-12T11:20:16.950+0000] {dag.py:3036} INFO - Sync 1 DAGs
[2026-06-12T11:20:16.974+0000] {logging_mixin.py:188} INFO - [2026-06-12T11:20:16.974+0000] {dag.py:3823} INFO - Setting next_dagrun for example_time_delta_sensor_async to None, run_after=None
[2026-06-12T11:20:17.009+0000] {processor.py:183} INFO - Processing /home/airflow/.local/lib/python3.8/site-packages/airflow/example_dags/example_time_delta_sensor_async.py took 0.137 seconds
[2026-06-12T11:20:47.470+0000] {processor.py:161} INFO - Started process (PID=2403) to work on /home/airflow/.local/lib/python3.8/site-packages/airflow/example_dags/example_time_delta_sensor_async.py
[2026-06-12T11:20:47.472+0000] {processor.py:830} INFO - Processing file /home/airflow/.local/lib/python3.8/site-packages/airflow/example_dags/example_time_delta_sensor_async.py for tasks to queue
[2026-06-12T11:20:47.475+0000] {logging_mixin.py:188} INFO - [2026-06-12T11:20:47.475+0000] {dagbag.py:538} INFO - Filling up the DagBag from /home/airflow/.local/lib/python3.8/site-packages/airflow/example_dags/example_time_delta_sensor_async.py
[2026-06-12T11:20:47.483+0000] {processor.py:840} INFO - DAG(s) 'example_time_delta_sensor_async' retrieved from /home/airflow/.local/lib/python3.8/site-packages/airflow/example_dags/example_time_delta_sensor_async.py
[2026-06-12T11:20:47.529+0000] {logging_mixin.py:188} INFO - [2026-06-12T11:20:47.529+0000] {dag.py:3036} INFO - Sync 1 DAGs
[2026-06-12T11:20:47.555+0000] {logging_mixin.py:188} INFO - [2026-06-12T11:20:47.554+0000] {dag.py:3823} INFO - Setting next_dagrun for example_time_delta_sensor_async to None, run_after=None
[2026-06-12T11:20:47.592+0000] {processor.py:183} INFO - Processing /home/airflow/.local/lib/python3.8/site-packages/airflow/example_dags/example_time_delta_sensor_async.py took 0.129 seconds
[2026-06-12T11:21:18.172+0000] {processor.py:161} INFO - Started process (PID=2470) to work on /home/airflow/.local/lib/python3.8/site-packages/airflow/example_dags/example_time_delta_sensor_async.py
[2026-06-12T11:21:18.174+0000] {processor.py:830} INFO - Processing file /home/airflow/.local/lib/python3.8/site-packages/airflow/example_dags/example_time_delta_sensor_async.py for tasks to queue
[2026-06-12T11:21:18.177+0000] {logging_mixin.py:188} INFO - [2026-06-12T11:21:18.176+0000] {dagbag.py:538} INFO - Filling up the DagBag from /home/airflow/.local/lib/python3.8/site-packages/airflow/example_dags/example_time_delta_sensor_async.py
[2026-06-12T11:21:18.186+0000] {processor.py:840} INFO - DAG(s) 'example_time_delta_sensor_async' retrieved from /home/airflow/.local/lib/python3.8/site-packages/airflow/example_dags/example_time_delta_sensor_async.py
[2026-06-12T11:21:18.228+0000] {logging_mixin.py:188} INFO - [2026-06-12T11:21:18.228+0000] {dag.py:3036} INFO - Sync 1 DAGs
[2026-06-12T11:21:18.251+0000] {logging_mixin.py:188} INFO - [2026-06-12T11:21:18.250+0000] {dag.py:3823} INFO - Setting next_dagrun for example_time_delta_sensor_async to None, run_after=None
[2026-06-12T11:21:18.286+0000] {processor.py:183} INFO - Processing /home/airflow/.local/lib/python3.8/site-packages/airflow/example_dags/example_time_delta_sensor_async.py took 0.121 seconds
[2026-06-12T11:21:48.608+0000] {processor.py:161} INFO - Started process (PID=2536) to work on /home/airflow/.local/lib/python3.8/site-packages/airflow/example_dags/example_time_delta_sensor_async.py
[2026-06-12T11:21:48.610+0000] {processor.py:830} INFO - Processing file /home/airflow/.local/lib/python3.8/site-packages/airflow/example_dags/example_time_delta_sensor_async.py for tasks to queue
[2026-06-12T11:21:48.613+0000] {logging_mixin.py:188} INFO - [2026-06-12T11:21:48.612+0000] {dagbag.py:538} INFO - Filling up the DagBag from /home/airflow/.local/lib/python3.8/site-packages/airflow/example_dags/example_time_delta_sensor_async.py
[2026-06-12T11:21:48.622+0000] {processor.py:840} INFO - DAG(s) 'example_time_delta_sensor_async' retrieved from /home/airflow/.local/lib/python3.8/site-packages/airflow/example_dags/example_time_delta_sensor_async.py
[2026-06-12T11:21:48.657+0000] {logging_mixin.py:188} INFO - [2026-06-12T11:21:48.657+0000] {dag.py:3036} INFO - Sync 1 DAGs
[2026-06-12T11:21:48.677+0000] {logging_mixin.py:188} INFO - [2026-06-12T11:21:48.677+0000] {dag.py:3823} INFO - Setting next_dagrun for example_time_delta_sensor_async to None, run_after=None
[2026-06-12T11:21:48.708+0000] {processor.py:183} INFO - Processing /home/airflow/.local/lib/python3.8/site-packages/airflow/example_dags/example_time_delta_sensor_async.py took 0.106 seconds
[2026-06-12T11:22:19.600+0000] {processor.py:161} INFO - Started process (PID=2602) to work on /home/airflow/.local/lib/python3.8/site-packages/airflow/example_dags/example_time_delta_sensor_async.py
[2026-06-12T11:22:19.602+0000] {processor.py:830} INFO - Processing file /home/airflow/.local/lib/python3.8/site-packages/airflow/example_dags/example_time_delta_sensor_async.py for tasks to queue
[2026-06-12T11:22:19.605+0000] {logging_mixin.py:188} INFO - [2026-06-12T11:22:19.605+0000] {dagbag.py:538} INFO - Filling up the DagBag from /home/airflow/.local/lib/python3.8/site-packages/airflow/example_dags/example_time_delta_sensor_async.py
[2026-06-12T11:22:19.612+0000] {processor.py:840} INFO - DAG(s) 'example_time_delta_sensor_async' retrieved from /home/airflow/.local/lib/python3.8/site-packages/airflow/example_dags/example_time_delta_sensor_async.py
[2026-06-12T11:22:19.650+0000] {logging_mixin.py:188} INFO - [2026-06-12T11:22:19.650+0000] {dag.py:3036} INFO - Sync 1 DAGs
[2026-06-12T11:22:19.671+0000] {logging_mixin.py:188} INFO - [2026-06-12T11:22:19.670+0000] {dag.py:3823} INFO - Setting next_dagrun for example_time_delta_sensor_async to None, run_after=None
[2026-06-12T11:22:19.700+0000] {processor.py:183} INFO - Processing /home/airflow/.local/lib/python3.8/site-packages/airflow/example_dags/example_time_delta_sensor_async.py took 0.104 seconds
[2026-06-12T11:22:50.189+0000] {processor.py:161} INFO - Started process (PID=2668) to work on /home/airflow/.local/lib/python3.8/site-packages/airflow/example_dags/example_time_delta_sensor_async.py
[2026-06-12T11:22:50.190+0000] {processor.py:830} INFO - Processing file /home/airflow/.local/lib/python3.8/site-packages/airflow/example_dags/example_time_delta_sensor_async.py for tasks to queue
[2026-06-12T11:22:50.192+0000] {logging_mixin.py:188} INFO - [2026-06-12T11:22:50.192+0000] {dagbag.py:538} INFO - Filling up the DagBag from /home/airflow/.local/lib/python3.8/site-packages/airflow/example_dags/example_time_delta_sensor_async.py
[2026-06-12T11:22:50.199+0000] {processor.py:840} INFO - DAG(s) 'example_time_delta_sensor_async' retrieved from /home/airflow/.local/lib/python3.8/site-packages/airflow/example_dags/example_time_delta_sensor_async.py
[2026-06-12T11:22:50.235+0000] {logging_mixin.py:188} INFO - [2026-06-12T11:22:50.235+0000] {dag.py:3036} INFO - Sync 1 DAGs
[2026-06-12T11:22:50.255+0000] {logging_mixin.py:188} INFO - [2026-06-12T11:22:50.254+0000] {dag.py:3823} INFO - Setting next_dagrun for example_time_delta_sensor_async to None, run_after=None
[2026-06-12T11:22:50.285+0000] {processor.py:183} INFO - Processing /home/airflow/.local/lib/python3.8/site-packages/airflow/example_dags/example_time_delta_sensor_async.py took 0.101 seconds
[2026-06-12T11:23:20.985+0000] {processor.py:161} INFO - Started process (PID=2732) to work on /home/airflow/.local/lib/python3.8/site-packages/airflow/example_dags/example_time_delta_sensor_async.py
[2026-06-12T11:23:20.986+0000] {processor.py:830} INFO - Processing file /home/airflow/.local/lib/python3.8/site-packages/airflow/example_dags/example_time_delta_sensor_async.py for tasks to queue
[2026-06-12T11:23:20.989+0000] {logging_mixin.py:188} INFO - [2026-06-12T11:23:20.988+0000] {dagbag.py:538} INFO - Filling up the DagBag from /home/airflow/.local/lib/python3.8/site-packages/airflow/example_dags/example_time_delta_sensor_async.py
[2026-06-12T11:23:20.996+0000] {processor.py:840} INFO - DAG(s) 'example_time_delta_sensor_async' retrieved from /home/airflow/.local/lib/python3.8/site-packages/airflow/example_dags/example_time_delta_sensor_async.py
[2026-06-12T11:23:21.036+0000] {logging_mixin.py:188} INFO - [2026-06-12T11:23:21.035+0000] {dag.py:3036} INFO - Sync 1 DAGs
[2026-06-12T11:23:21.058+0000] {logging_mixin.py:188} INFO - [2026-06-12T11:23:21.058+0000] {dag.py:3823} INFO - Setting next_dagrun for example_time_delta_sensor_async to None, run_after=None
[2026-06-12T11:23:21.089+0000] {processor.py:183} INFO - Processing /home/airflow/.local/lib/python3.8/site-packages/airflow/example_dags/example_time_delta_sensor_async.py took 0.110 seconds
[2026-06-12T11:23:51.293+0000] {processor.py:161} INFO - Started process (PID=2797) to work on /home/airflow/.local/lib/python3.8/site-packages/airflow/example_dags/example_time_delta_sensor_async.py
[2026-06-12T11:23:51.295+0000] {processor.py:830} INFO - Processing file /home/airflow/.local/lib/python3.8/site-packages/airflow/example_dags/example_time_delta_sensor_async.py for tasks to queue
[2026-06-12T11:23:51.297+0000] {logging_mixin.py:188} INFO - [2026-06-12T11:23:51.297+0000] {dagbag.py:538} INFO - Filling up the DagBag from /home/airflow/.local/lib/python3.8/site-packages/airflow/example_dags/example_time_delta_sensor_async.py
[2026-06-12T11:23:51.304+0000] {processor.py:840} INFO - DAG(s) 'example_time_delta_sensor_async' retrieved from /home/airflow/.local/lib/python3.8/site-packages/airflow/example_dags/example_time_delta_sensor_async.py
[2026-06-12T11:23:51.341+0000] {logging_mixin.py:188} INFO - [2026-06-12T11:23:51.341+0000] {dag.py:3036} INFO - Sync 1 DAGs
[2026-06-12T11:23:51.360+0000] {logging_mixin.py:188} INFO - [2026-06-12T11:23:51.360+0000] {dag.py:3823} INFO - Setting next_dagrun for example_time_delta_sensor_async to None, run_after=None
[2026-06-12T11:23:51.388+0000] {processor.py:183} INFO - Processing /home/airflow/.local/lib/python3.8/site-packages/airflow/example_dags/example_time_delta_sensor_async.py took 0.100 seconds
[2026-06-12T11:24:21.737+0000] {processor.py:161} INFO - Started process (PID=2863) to work on /home/airflow/.local/lib/python3.8/site-packages/airflow/example_dags/example_time_delta_sensor_async.py
[2026-06-12T11:24:21.739+0000] {processor.py:830} INFO - Processing file /home/airflow/.local/lib/python3.8/site-packages/airflow/example_dags/example_time_delta_sensor_async.py for tasks to queue
[2026-06-12T11:24:21.742+0000] {logging_mixin.py:188} INFO - [2026-06-12T11:24:21.741+0000] {dagbag.py:538} INFO - Filling up the DagBag from /home/airflow/.local/lib/python3.8/site-packages/airflow/example_dags/example_time_delta_sensor_async.py
[2026-06-12T11:24:21.749+0000] {processor.py:840} INFO - DAG(s) 'example_time_delta_sensor_async' retrieved from /home/airflow/.local/lib/python3.8/site-packages/airflow/example_dags/example_time_delta_sensor_async.py
[2026-06-12T11:24:21.789+0000] {logging_mixin.py:188} INFO - [2026-06-12T11:24:21.788+0000] {dag.py:3036} INFO - Sync 1 DAGs
[2026-06-12T11:24:21.810+0000] {logging_mixin.py:188} INFO - [2026-06-12T11:24:21.810+0000] {dag.py:3823} INFO - Setting next_dagrun for example_time_delta_sensor_async to None, run_after=None
[2026-06-12T11:24:21.841+0000] {processor.py:183} INFO - Processing /home/airflow/.local/lib/python3.8/site-packages/airflow/example_dags/example_time_delta_sensor_async.py took 0.109 seconds
[2026-06-12T11:24:52.714+0000] {processor.py:161} INFO - Started process (PID=2937) to work on /home/airflow/.local/lib/python3.8/site-packages/airflow/example_dags/example_time_delta_sensor_async.py
[2026-06-12T11:24:52.715+0000] {processor.py:830} INFO - Processing file /home/airflow/.local/lib/python3.8/site-packages/airflow/example_dags/example_time_delta_sensor_async.py for tasks to queue
[2026-06-12T11:24:52.718+0000] {logging_mixin.py:188} INFO - [2026-06-12T11:24:52.718+0000] {dagbag.py:538} INFO - Filling up the DagBag from /home/airflow/.local/lib/python3.8/site-packages/airflow/example_dags/example_time_delta_sensor_async.py
[2026-06-12T11:24:52.727+0000] {processor.py:840} INFO - DAG(s) 'example_time_delta_sensor_async' retrieved from /home/airflow/.local/lib/python3.8/site-packages/airflow/example_dags/example_time_delta_sensor_async.py
[2026-06-12T11:24:52.771+0000] {logging_mixin.py:188} INFO - [2026-06-12T11:24:52.771+0000] {dag.py:3036} INFO - Sync 1 DAGs
[2026-06-12T11:24:52.796+0000] {logging_mixin.py:188} INFO - [2026-06-12T11:24:52.795+0000] {dag.py:3823} INFO - Setting next_dagrun for example_time_delta_sensor_async to None, run_after=None
[2026-06-12T11:24:52.828+0000] {processor.py:183} INFO - Processing /home/airflow/.local/lib/python3.8/site-packages/airflow/example_dags/example_time_delta_sensor_async.py took 0.119 seconds
[2026-06-12T11:25:23.505+0000] {processor.py:161} INFO - Started process (PID=3004) to work on /home/airflow/.local/lib/python3.8/site-packages/airflow/example_dags/example_time_delta_sensor_async.py
[2026-06-12T11:25:23.507+0000] {processor.py:830} INFO - Processing file /home/airflow/.local/lib/python3.8/site-packages/airflow/example_dags/example_time_delta_sensor_async.py for tasks to queue
[2026-06-12T11:25:23.512+0000] {logging_mixin.py:188} INFO - [2026-06-12T11:25:23.510+0000] {dagbag.py:538} INFO - Filling up the DagBag from /home/airflow/.local/lib/python3.8/site-packages/airflow/example_dags/example_time_delta_sensor_async.py
[2026-06-12T11:25:23.536+0000] {processor.py:840} INFO - DAG(s) 'example_time_delta_sensor_async' retrieved from /home/airflow/.local/lib/python3.8/site-packages/airflow/example_dags/example_time_delta_sensor_async.py
[2026-06-12T11:25:23.577+0000] {logging_mixin.py:188} INFO - [2026-06-12T11:25:23.577+0000] {dag.py:3036} INFO - Sync 1 DAGs
[2026-06-12T11:25:23.600+0000] {logging_mixin.py:188} INFO - [2026-06-12T11:25:23.600+0000] {dag.py:3823} INFO - Setting next_dagrun for example_time_delta_sensor_async to None, run_after=None
[2026-06-12T11:25:23.633+0000] {processor.py:183} INFO - Processing /home/airflow/.local/lib/python3.8/site-packages/airflow/example_dags/example_time_delta_sensor_async.py took 0.134 seconds
[2026-06-12T11:25:53.770+0000] {processor.py:161} INFO - Started process (PID=3069) to work on /home/airflow/.local/lib/python3.8/site-packages/airflow/example_dags/example_time_delta_sensor_async.py
[2026-06-12T11:25:53.772+0000] {processor.py:830} INFO - Processing file /home/airflow/.local/lib/python3.8/site-packages/airflow/example_dags/example_time_delta_sensor_async.py for tasks to queue
[2026-06-12T11:25:53.776+0000] {logging_mixin.py:188} INFO - [2026-06-12T11:25:53.775+0000] {dagbag.py:538} INFO - Filling up the DagBag from /home/airflow/.local/lib/python3.8/site-packages/airflow/example_dags/example_time_delta_sensor_async.py
[2026-06-12T11:25:53.784+0000] {processor.py:840} INFO - DAG(s) 'example_time_delta_sensor_async' retrieved from /home/airflow/.local/lib/python3.8/site-packages/airflow/example_dags/example_time_delta_sensor_async.py
[2026-06-12T11:25:53.827+0000] {logging_mixin.py:188} INFO - [2026-06-12T11:25:53.827+0000] {dag.py:3036} INFO - Sync 1 DAGs
[2026-06-12T11:25:53.853+0000] {logging_mixin.py:188} INFO - [2026-06-12T11:25:53.852+0000] {dag.py:3823} INFO - Setting next_dagrun for example_time_delta_sensor_async to None, run_after=None
[2026-06-12T11:25:53.888+0000] {processor.py:183} INFO - Processing /home/airflow/.local/lib/python3.8/site-packages/airflow/example_dags/example_time_delta_sensor_async.py took 0.123 seconds
[2026-06-12T11:26:24.150+0000] {processor.py:161} INFO - Started process (PID=3136) to work on /home/airflow/.local/lib/python3.8/site-packages/airflow/example_dags/example_time_delta_sensor_async.py
[2026-06-12T11:26:24.152+0000] {processor.py:830} INFO - Processing file /home/airflow/.local/lib/python3.8/site-packages/airflow/example_dags/example_time_delta_sensor_async.py for tasks to queue
[2026-06-12T11:26:24.155+0000] {logging_mixin.py:188} INFO - [2026-06-12T11:26:24.154+0000] {dagbag.py:538} INFO - Filling up the DagBag from /home/airflow/.local/lib/python3.8/site-packages/airflow/example_dags/example_time_delta_sensor_async.py
[2026-06-12T11:26:24.163+0000] {processor.py:840} INFO - DAG(s) 'example_time_delta_sensor_async' retrieved from /home/airflow/.local/lib/python3.8/site-packages/airflow/example_dags/example_time_delta_sensor_async.py
[2026-06-12T11:26:24.205+0000] {logging_mixin.py:188} INFO - [2026-06-12T11:26:24.205+0000] {dag.py:3036} INFO - Sync 1 DAGs
[2026-06-12T11:26:24.230+0000] {logging_mixin.py:188} INFO - [2026-06-12T11:26:24.230+0000] {dag.py:3823} INFO - Setting next_dagrun for example_time_delta_sensor_async to None, run_after=None
[2026-06-12T11:26:24.264+0000] {processor.py:183} INFO - Processing /home/airflow/.local/lib/python3.8/site-packages/airflow/example_dags/example_time_delta_sensor_async.py took 0.121 seconds
[2026-06-12T11:26:55.313+0000] {processor.py:161} INFO - Started process (PID=3203) to work on /home/airflow/.local/lib/python3.8/site-packages/airflow/example_dags/example_time_delta_sensor_async.py
[2026-06-12T11:26:55.314+0000] {processor.py:830} INFO - Processing file /home/airflow/.local/lib/python3.8/site-packages/airflow/example_dags/example_time_delta_sensor_async.py for tasks to queue
[2026-06-12T11:26:55.317+0000] {logging_mixin.py:188} INFO - [2026-06-12T11:26:55.316+0000] {dagbag.py:538} INFO - Filling up the DagBag from /home/airflow/.local/lib/python3.8/site-packages/airflow/example_dags/example_time_delta_sensor_async.py
[2026-06-12T11:26:55.323+0000] {processor.py:840} INFO - DAG(s) 'example_time_delta_sensor_async' retrieved from /home/airflow/.local/lib/python3.8/site-packages/airflow/example_dags/example_time_delta_sensor_async.py
[2026-06-12T11:26:55.535+0000] {logging_mixin.py:188} INFO - [2026-06-12T11:26:55.534+0000] {dag.py:3036} INFO - Sync 1 DAGs
[2026-06-12T11:26:55.554+0000] {logging_mixin.py:188} INFO - [2026-06-12T11:26:55.553+0000] {dag.py:3823} INFO - Setting next_dagrun for example_time_delta_sensor_async to None, run_after=None
[2026-06-12T11:26:55.584+0000] {processor.py:183} INFO - Processing /home/airflow/.local/lib/python3.8/site-packages/airflow/example_dags/example_time_delta_sensor_async.py took 0.276 seconds
[2026-06-12T11:27:26.411+0000] {processor.py:161} INFO - Started process (PID=3269) to work on /home/airflow/.local/lib/python3.8/site-packages/airflow/example_dags/example_time_delta_sensor_async.py
[2026-06-12T11:27:26.413+0000] {processor.py:830} INFO - Processing file /home/airflow/.local/lib/python3.8/site-packages/airflow/example_dags/example_time_delta_sensor_async.py for tasks to queue
[2026-06-12T11:27:26.416+0000] {logging_mixin.py:188} INFO - [2026-06-12T11:27:26.415+0000] {dagbag.py:538} INFO - Filling up the DagBag from /home/airflow/.local/lib/python3.8/site-packages/airflow/example_dags/example_time_delta_sensor_async.py
[2026-06-12T11:27:26.423+0000] {processor.py:840} INFO - DAG(s) 'example_time_delta_sensor_async' retrieved from /home/airflow/.local/lib/python3.8/site-packages/airflow/example_dags/example_time_delta_sensor_async.py
[2026-06-12T11:27:26.463+0000] {logging_mixin.py:188} INFO - [2026-06-12T11:27:26.463+0000] {dag.py:3036} INFO - Sync 1 DAGs
[2026-06-12T11:27:26.487+0000] {logging_mixin.py:188} INFO - [2026-06-12T11:27:26.487+0000] {dag.py:3823} INFO - Setting next_dagrun for example_time_delta_sensor_async to None, run_after=None
[2026-06-12T11:27:26.521+0000] {processor.py:183} INFO - Processing /home/airflow/.local/lib/python3.8/site-packages/airflow/example_dags/example_time_delta_sensor_async.py took 0.115 seconds
[2026-06-12T11:27:56.756+0000] {processor.py:161} INFO - Started process (PID=3334) to work on /home/airflow/.local/lib/python3.8/site-packages/airflow/example_dags/example_time_delta_sensor_async.py
[2026-06-12T11:27:56.757+0000] {processor.py:830} INFO - Processing file /home/airflow/.local/lib/python3.8/site-packages/airflow/example_dags/example_time_delta_sensor_async.py for tasks to queue
[2026-06-12T11:27:56.760+0000] {logging_mixin.py:188} INFO - [2026-06-12T11:27:56.759+0000] {dagbag.py:538} INFO - Filling up the DagBag from /home/airflow/.local/lib/python3.8/site-packages/airflow/example_dags/example_time_delta_sensor_async.py
[2026-06-12T11:27:56.767+0000] {processor.py:840} INFO - DAG(s) 'example_time_delta_sensor_async' retrieved from /home/airflow/.local/lib/python3.8/site-packages/airflow/example_dags/example_time_delta_sensor_async.py
[2026-06-12T11:27:56.809+0000] {logging_mixin.py:188} INFO - [2026-06-12T11:27:56.808+0000] {dag.py:3036} INFO - Sync 1 DAGs
[2026-06-12T11:27:56.830+0000] {logging_mixin.py:188} INFO - [2026-06-12T11:27:56.830+0000] {dag.py:3823} INFO - Setting next_dagrun for example_time_delta_sensor_async to None, run_after=None
[2026-06-12T11:27:56.859+0000] {processor.py:183} INFO - Processing /home/airflow/.local/lib/python3.8/site-packages/airflow/example_dags/example_time_delta_sensor_async.py took 0.108 seconds
[2026-06-12T11:28:27.065+0000] {processor.py:161} INFO - Started process (PID=3400) to work on /home/airflow/.local/lib/python3.8/site-packages/airflow/example_dags/example_time_delta_sensor_async.py
[2026-06-12T11:28:27.067+0000] {processor.py:830} INFO - Processing file /home/airflow/.local/lib/python3.8/site-packages/airflow/example_dags/example_time_delta_sensor_async.py for tasks to queue
[2026-06-12T11:28:27.069+0000] {logging_mixin.py:188} INFO - [2026-06-12T11:28:27.069+0000] {dagbag.py:538} INFO - Filling up the DagBag from /home/airflow/.local/lib/python3.8/site-packages/airflow/example_dags/example_time_delta_sensor_async.py
[2026-06-12T11:28:27.076+0000] {processor.py:840} INFO - DAG(s) 'example_time_delta_sensor_async' retrieved from /home/airflow/.local/lib/python3.8/site-packages/airflow/example_dags/example_time_delta_sensor_async.py
[2026-06-12T11:28:27.113+0000] {logging_mixin.py:188} INFO - [2026-06-12T11:28:27.112+0000] {dag.py:3036} INFO - Sync 1 DAGs
[2026-06-12T11:28:27.137+0000] {logging_mixin.py:188} INFO - [2026-06-12T11:28:27.137+0000] {dag.py:3823} INFO - Setting next_dagrun for example_time_delta_sensor_async to None, run_after=None
[2026-06-12T11:28:27.171+0000] {processor.py:183} INFO - Processing /home/airflow/.local/lib/python3.8/site-packages/airflow/example_dags/example_time_delta_sensor_async.py took 0.112 seconds
[2026-06-12T11:28:57.633+0000] {processor.py:161} INFO - Started process (PID=3465) to work on /home/airflow/.local/lib/python3.8/site-packages/airflow/example_dags/example_time_delta_sensor_async.py
[2026-06-12T11:28:57.634+0000] {processor.py:830} INFO - Processing file /home/airflow/.local/lib/python3.8/site-packages/airflow/example_dags/example_time_delta_sensor_async.py for tasks to queue
[2026-06-12T11:28:57.637+0000] {logging_mixin.py:188} INFO - [2026-06-12T11:28:57.636+0000] {dagbag.py:538} INFO - Filling up the DagBag from /home/airflow/.local/lib/python3.8/site-packages/airflow/example_dags/example_time_delta_sensor_async.py
[2026-06-12T11:28:57.644+0000] {processor.py:840} INFO - DAG(s) 'example_time_delta_sensor_async' retrieved from /home/airflow/.local/lib/python3.8/site-packages/airflow/example_dags/example_time_delta_sensor_async.py
[2026-06-12T11:28:57.684+0000] {logging_mixin.py:188} INFO - [2026-06-12T11:28:57.683+0000] {dag.py:3036} INFO - Sync 1 DAGs
[2026-06-12T11:28:57.708+0000] {logging_mixin.py:188} INFO - [2026-06-12T11:28:57.707+0000] {dag.py:3823} INFO - Setting next_dagrun for example_time_delta_sensor_async to None, run_after=None
[2026-06-12T11:28:57.739+0000] {processor.py:183} INFO - Processing /home/airflow/.local/lib/python3.8/site-packages/airflow/example_dags/example_time_delta_sensor_async.py took 0.111 seconds
[2026-06-12T11:29:28.411+0000] {processor.py:161} INFO - Started process (PID=3531) to work on /home/airflow/.local/lib/python3.8/site-packages/airflow/example_dags/example_time_delta_sensor_async.py
[2026-06-12T11:29:28.413+0000] {processor.py:830} INFO - Processing file /home/airflow/.local/lib/python3.8/site-packages/airflow/example_dags/example_time_delta_sensor_async.py for tasks to queue
[2026-06-12T11:29:28.415+0000] {logging_mixin.py:188} INFO - [2026-06-12T11:29:28.415+0000] {dagbag.py:538} INFO - Filling up the DagBag from /home/airflow/.local/lib/python3.8/site-packages/airflow/example_dags/example_time_delta_sensor_async.py
[2026-06-12T11:29:28.423+0000] {processor.py:840} INFO - DAG(s) 'example_time_delta_sensor_async' retrieved from /home/airflow/.local/lib/python3.8/site-packages/airflow/example_dags/example_time_delta_sensor_async.py
[2026-06-12T11:29:28.471+0000] {logging_mixin.py:188} INFO - [2026-06-12T11:29:28.470+0000] {dag.py:3036} INFO - Sync 1 DAGs
[2026-06-12T11:29:28.511+0000] {logging_mixin.py:188} INFO - [2026-06-12T11:29:28.510+0000] {dag.py:3823} INFO - Setting next_dagrun for example_time_delta_sensor_async to None, run_after=None
[2026-06-12T11:29:28.587+0000] {processor.py:183} INFO - Processing /home/airflow/.local/lib/python3.8/site-packages/airflow/example_dags/example_time_delta_sensor_async.py took 0.181 seconds
[2026-06-12T11:29:58.725+0000] {processor.py:161} INFO - Started process (PID=3603) to work on /home/airflow/.local/lib/python3.8/site-packages/airflow/example_dags/example_time_delta_sensor_async.py
[2026-06-12T11:29:58.727+0000] {processor.py:830} INFO - Processing file /home/airflow/.local/lib/python3.8/site-packages/airflow/example_dags/example_time_delta_sensor_async.py for tasks to queue
[2026-06-12T11:29:58.730+0000] {logging_mixin.py:188} INFO - [2026-06-12T11:29:58.730+0000] {dagbag.py:538} INFO - Filling up the DagBag from /home/airflow/.local/lib/python3.8/site-packages/airflow/example_dags/example_time_delta_sensor_async.py
[2026-06-12T11:29:58.738+0000] {processor.py:840} INFO - DAG(s) 'example_time_delta_sensor_async' retrieved from /home/airflow/.local/lib/python3.8/site-packages/airflow/example_dags/example_time_delta_sensor_async.py
[2026-06-12T11:29:58.779+0000] {logging_mixin.py:188} INFO - [2026-06-12T11:29:58.779+0000] {dag.py:3036} INFO - Sync 1 DAGs
[2026-06-12T11:29:58.805+0000] {logging_mixin.py:188} INFO - [2026-06-12T11:29:58.805+0000] {dag.py:3823} INFO - Setting next_dagrun for example_time_delta_sensor_async to None, run_after=None
[2026-06-12T11:29:58.841+0000] {processor.py:183} INFO - Processing /home/airflow/.local/lib/python3.8/site-packages/airflow/example_dags/example_time_delta_sensor_async.py took 0.121 seconds
[2026-06-12T11:30:29.073+0000] {processor.py:161} INFO - Started process (PID=3669) to work on /home/airflow/.local/lib/python3.8/site-packages/airflow/example_dags/example_time_delta_sensor_async.py
[2026-06-12T11:30:29.075+0000] {processor.py:830} INFO - Processing file /home/airflow/.local/lib/python3.8/site-packages/airflow/example_dags/example_time_delta_sensor_async.py for tasks to queue
[2026-06-12T11:30:29.078+0000] {logging_mixin.py:188} INFO - [2026-06-12T11:30:29.077+0000] {dagbag.py:538} INFO - Filling up the DagBag from /home/airflow/.local/lib/python3.8/site-packages/airflow/example_dags/example_time_delta_sensor_async.py
[2026-06-12T11:30:29.085+0000] {processor.py:840} INFO - DAG(s) 'example_time_delta_sensor_async' retrieved from /home/airflow/.local/lib/python3.8/site-packages/airflow/example_dags/example_time_delta_sensor_async.py
[2026-06-12T11:30:29.125+0000] {logging_mixin.py:188} INFO - [2026-06-12T11:30:29.125+0000] {dag.py:3036} INFO - Sync 1 DAGs
[2026-06-12T11:30:29.149+0000] {logging_mixin.py:188} INFO - [2026-06-12T11:30:29.148+0000] {dag.py:3823} INFO - Setting next_dagrun for example_time_delta_sensor_async to None, run_after=None
[2026-06-12T11:30:29.179+0000] {processor.py:183} INFO - Processing /home/airflow/.local/lib/python3.8/site-packages/airflow/example_dags/example_time_delta_sensor_async.py took 0.110 seconds
[2026-06-12T11:30:59.977+0000] {processor.py:161} INFO - Started process (PID=3736) to work on /home/airflow/.local/lib/python3.8/site-packages/airflow/example_dags/example_time_delta_sensor_async.py
[2026-06-12T11:30:59.979+0000] {processor.py:830} INFO - Processing file /home/airflow/.local/lib/python3.8/site-packages/airflow/example_dags/example_time_delta_sensor_async.py for tasks to queue
[2026-06-12T11:30:59.982+0000] {logging_mixin.py:188} INFO - [2026-06-12T11:30:59.982+0000] {dagbag.py:538} INFO - Filling up the DagBag from /home/airflow/.local/lib/python3.8/site-packages/airflow/example_dags/example_time_delta_sensor_async.py
[2026-06-12T11:30:59.990+0000] {processor.py:840} INFO - DAG(s) 'example_time_delta_sensor_async' retrieved from /home/airflow/.local/lib/python3.8/site-packages/airflow/example_dags/example_time_delta_sensor_async.py
[2026-06-12T11:31:00.030+0000] {logging_mixin.py:188} INFO - [2026-06-12T11:31:00.030+0000] {dag.py:3036} INFO - Sync 1 DAGs
[2026-06-12T11:31:00.054+0000] {logging_mixin.py:188} INFO - [2026-06-12T11:31:00.053+0000] {dag.py:3823} INFO - Setting next_dagrun for example_time_delta_sensor_async to None, run_after=None
[2026-06-12T11:31:00.087+0000] {processor.py:183} INFO - Processing /home/airflow/.local/lib/python3.8/site-packages/airflow/example_dags/example_time_delta_sensor_async.py took 0.120 seconds
[2026-06-12T11:31:30.205+0000] {processor.py:161} INFO - Started process (PID=3803) to work on /home/airflow/.local/lib/python3.8/site-packages/airflow/example_dags/example_time_delta_sensor_async.py
[2026-06-12T11:31:30.206+0000] {processor.py:830} INFO - Processing file /home/airflow/.local/lib/python3.8/site-packages/airflow/example_dags/example_time_delta_sensor_async.py for tasks to queue
[2026-06-12T11:31:30.209+0000] {logging_mixin.py:188} INFO - [2026-06-12T11:31:30.208+0000] {dagbag.py:538} INFO - Filling up the DagBag from /home/airflow/.local/lib/python3.8/site-packages/airflow/example_dags/example_time_delta_sensor_async.py
[2026-06-12T11:31:30.215+0000] {processor.py:840} INFO - DAG(s) 'example_time_delta_sensor_async' retrieved from /home/airflow/.local/lib/python3.8/site-packages/airflow/example_dags/example_time_delta_sensor_async.py
[2026-06-12T11:31:30.253+0000] {logging_mixin.py:188} INFO - [2026-06-12T11:31:30.253+0000] {dag.py:3036} INFO - Sync 1 DAGs
[2026-06-12T11:31:30.277+0000] {logging_mixin.py:188} INFO - [2026-06-12T11:31:30.277+0000] {dag.py:3823} INFO - Setting next_dagrun for example_time_delta_sensor_async to None, run_after=None
[2026-06-12T11:31:30.310+0000] {processor.py:183} INFO - Processing /home/airflow/.local/lib/python3.8/site-packages/airflow/example_dags/example_time_delta_sensor_async.py took 0.110 seconds
[2026-06-12T11:32:00.761+0000] {processor.py:161} INFO - Started process (PID=3870) to work on /home/airflow/.local/lib/python3.8/site-packages/airflow/example_dags/example_time_delta_sensor_async.py
[2026-06-12T11:32:00.766+0000] {processor.py:830} INFO - Processing file /home/airflow/.local/lib/python3.8/site-packages/airflow/example_dags/example_time_delta_sensor_async.py for tasks to queue
[2026-06-12T11:32:00.769+0000] {logging_mixin.py:188} INFO - [2026-06-12T11:32:00.768+0000] {dagbag.py:538} INFO - Filling up the DagBag from /home/airflow/.local/lib/python3.8/site-packages/airflow/example_dags/example_time_delta_sensor_async.py
[2026-06-12T11:32:00.777+0000] {processor.py:840} INFO - DAG(s) 'example_time_delta_sensor_async' retrieved from /home/airflow/.local/lib/python3.8/site-packages/airflow/example_dags/example_time_delta_sensor_async.py
[2026-06-12T11:32:00.820+0000] {logging_mixin.py:188} INFO - [2026-06-12T11:32:00.819+0000] {dag.py:3036} INFO - Sync 1 DAGs
[2026-06-12T11:32:00.845+0000] {logging_mixin.py:188} INFO - [2026-06-12T11:32:00.844+0000] {dag.py:3823} INFO - Setting next_dagrun for example_time_delta_sensor_async to None, run_after=None
[2026-06-12T11:32:00.880+0000] {processor.py:183} INFO - Processing /home/airflow/.local/lib/python3.8/site-packages/airflow/example_dags/example_time_delta_sensor_async.py took 0.125 seconds
[2026-06-12T11:32:31.267+0000] {processor.py:161} INFO - Started process (PID=3936) to work on /home/airflow/.local/lib/python3.8/site-packages/airflow/example_dags/example_time_delta_sensor_async.py
[2026-06-12T11:32:31.268+0000] {processor.py:830} INFO - Processing file /home/airflow/.local/lib/python3.8/site-packages/airflow/example_dags/example_time_delta_sensor_async.py for tasks to queue
[2026-06-12T11:32:31.272+0000] {logging_mixin.py:188} INFO - [2026-06-12T11:32:31.271+0000] {dagbag.py:538} INFO - Filling up the DagBag from /home/airflow/.local/lib/python3.8/site-packages/airflow/example_dags/example_time_delta_sensor_async.py
[2026-06-12T11:32:31.279+0000] {processor.py:840} INFO - DAG(s) 'example_time_delta_sensor_async' retrieved from /home/airflow/.local/lib/python3.8/site-packages/airflow/example_dags/example_time_delta_sensor_async.py
[2026-06-12T11:32:31.316+0000] {logging_mixin.py:188} INFO - [2026-06-12T11:32:31.315+0000] {dag.py:3036} INFO - Sync 1 DAGs
[2026-06-12T11:32:31.337+0000] {logging_mixin.py:188} INFO - [2026-06-12T11:32:31.336+0000] {dag.py:3823} INFO - Setting next_dagrun for example_time_delta_sensor_async to None, run_after=None
[2026-06-12T11:32:31.367+0000] {processor.py:183} INFO - Processing /home/airflow/.local/lib/python3.8/site-packages/airflow/example_dags/example_time_delta_sensor_async.py took 0.104 seconds
[2026-06-12T11:33:01.847+0000] {processor.py:161} INFO - Started process (PID=4001) to work on /home/airflow/.local/lib/python3.8/site-packages/airflow/example_dags/example_time_delta_sensor_async.py
[2026-06-12T11:33:01.852+0000] {processor.py:830} INFO - Processing file /home/airflow/.local/lib/python3.8/site-packages/airflow/example_dags/example_time_delta_sensor_async.py for tasks to queue
[2026-06-12T11:33:01.855+0000] {logging_mixin.py:188} INFO - [2026-06-12T11:33:01.854+0000] {dagbag.py:538} INFO - Filling up the DagBag from /home/airflow/.local/lib/python3.8/site-packages/airflow/example_dags/example_time_delta_sensor_async.py
[2026-06-12T11:33:01.862+0000] {processor.py:840} INFO - DAG(s) 'example_time_delta_sensor_async' retrieved from /home/airflow/.local/lib/python3.8/site-packages/airflow/example_dags/example_time_delta_sensor_async.py
[2026-06-12T11:33:01.906+0000] {logging_mixin.py:188} INFO - [2026-06-12T11:33:01.906+0000] {dag.py:3036} INFO - Sync 1 DAGs
[2026-06-12T11:33:01.926+0000] {logging_mixin.py:188} INFO - [2026-06-12T11:33:01.926+0000] {dag.py:3823} INFO - Setting next_dagrun for example_time_delta_sensor_async to None, run_after=None
[2026-06-12T11:33:01.958+0000] {processor.py:183} INFO - Processing /home/airflow/.local/lib/python3.8/site-packages/airflow/example_dags/example_time_delta_sensor_async.py took 0.116 seconds
[2026-06-12T11:33:32.427+0000] {processor.py:161} INFO - Started process (PID=4073) to work on /home/airflow/.local/lib/python3.8/site-packages/airflow/example_dags/example_time_delta_sensor_async.py
[2026-06-12T11:33:32.428+0000] {processor.py:830} INFO - Processing file /home/airflow/.local/lib/python3.8/site-packages/airflow/example_dags/example_time_delta_sensor_async.py for tasks to queue
[2026-06-12T11:33:32.430+0000] {logging_mixin.py:188} INFO - [2026-06-12T11:33:32.430+0000] {dagbag.py:538} INFO - Filling up the DagBag from /home/airflow/.local/lib/python3.8/site-packages/airflow/example_dags/example_time_delta_sensor_async.py
[2026-06-12T11:33:32.438+0000] {processor.py:840} INFO - DAG(s) 'example_time_delta_sensor_async' retrieved from /home/airflow/.local/lib/python3.8/site-packages/airflow/example_dags/example_time_delta_sensor_async.py
[2026-06-12T11:33:32.488+0000] {logging_mixin.py:188} INFO - [2026-06-12T11:33:32.488+0000] {dag.py:3036} INFO - Sync 1 DAGs
[2026-06-12T11:33:32.510+0000] {logging_mixin.py:188} INFO - [2026-06-12T11:33:32.509+0000] {dag.py:3823} INFO - Setting next_dagrun for example_time_delta_sensor_async to None, run_after=None
[2026-06-12T11:33:32.541+0000] {processor.py:183} INFO - Processing /home/airflow/.local/lib/python3.8/site-packages/airflow/example_dags/example_time_delta_sensor_async.py took 0.119 seconds
[2026-06-12T11:34:03.200+0000] {processor.py:161} INFO - Started process (PID=4140) to work on /home/airflow/.local/lib/python3.8/site-packages/airflow/example_dags/example_time_delta_sensor_async.py
[2026-06-12T11:34:03.202+0000] {processor.py:830} INFO - Processing file /home/airflow/.local/lib/python3.8/site-packages/airflow/example_dags/example_time_delta_sensor_async.py for tasks to queue
[2026-06-12T11:34:03.205+0000] {logging_mixin.py:188} INFO - [2026-06-12T11:34:03.205+0000] {dagbag.py:538} INFO - Filling up the DagBag from /home/airflow/.local/lib/python3.8/site-packages/airflow/example_dags/example_time_delta_sensor_async.py
[2026-06-12T11:34:03.211+0000] {processor.py:840} INFO - DAG(s) 'example_time_delta_sensor_async' retrieved from /home/airflow/.local/lib/python3.8/site-packages/airflow/example_dags/example_time_delta_sensor_async.py
[2026-06-12T11:34:03.245+0000] {logging_mixin.py:188} INFO - [2026-06-12T11:34:03.245+0000] {dag.py:3036} INFO - Sync 1 DAGs
[2026-06-12T11:34:03.267+0000] {logging_mixin.py:188} INFO - [2026-06-12T11:34:03.267+0000] {dag.py:3823} INFO - Setting next_dagrun for example_time_delta_sensor_async to None, run_after=None
[2026-06-12T11:34:03.295+0000] {processor.py:183} INFO - Processing /home/airflow/.local/lib/python3.8/site-packages/airflow/example_dags/example_time_delta_sensor_async.py took 0.100 seconds
[2026-06-12T11:34:33.946+0000] {processor.py:161} INFO - Started process (PID=4206) to work on /home/airflow/.local/lib/python3.8/site-packages/airflow/example_dags/example_time_delta_sensor_async.py
[2026-06-12T11:34:33.947+0000] {processor.py:830} INFO - Processing file /home/airflow/.local/lib/python3.8/site-packages/airflow/example_dags/example_time_delta_sensor_async.py for tasks to queue
[2026-06-12T11:34:33.950+0000] {logging_mixin.py:188} INFO - [2026-06-12T11:34:33.949+0000] {dagbag.py:538} INFO - Filling up the DagBag from /home/airflow/.local/lib/python3.8/site-packages/airflow/example_dags/example_time_delta_sensor_async.py
[2026-06-12T11:34:33.957+0000] {processor.py:840} INFO - DAG(s) 'example_time_delta_sensor_async' retrieved from /home/airflow/.local/lib/python3.8/site-packages/airflow/example_dags/example_time_delta_sensor_async.py
[2026-06-12T11:34:33.991+0000] {logging_mixin.py:188} INFO - [2026-06-12T11:34:33.991+0000] {dag.py:3036} INFO - Sync 1 DAGs
[2026-06-12T11:34:34.013+0000] {logging_mixin.py:188} INFO - [2026-06-12T11:34:34.012+0000] {dag.py:3823} INFO - Setting next_dagrun for example_time_delta_sensor_async to None, run_after=None
[2026-06-12T11:34:34.047+0000] {processor.py:183} INFO - Processing /home/airflow/.local/lib/python3.8/site-packages/airflow/example_dags/example_time_delta_sensor_async.py took 0.106 seconds
[2026-06-12T11:35:04.483+0000] {processor.py:161} INFO - Started process (PID=4272) to work on /home/airflow/.local/lib/python3.8/site-packages/airflow/example_dags/example_time_delta_sensor_async.py
[2026-06-12T11:35:04.485+0000] {processor.py:830} INFO - Processing file /home/airflow/.local/lib/python3.8/site-packages/airflow/example_dags/example_time_delta_sensor_async.py for tasks to queue
[2026-06-12T11:35:04.488+0000] {logging_mixin.py:188} INFO - [2026-06-12T11:35:04.488+0000] {dagbag.py:538} INFO - Filling up the DagBag from /home/airflow/.local/lib/python3.8/site-packages/airflow/example_dags/example_time_delta_sensor_async.py
[2026-06-12T11:35:04.494+0000] {processor.py:840} INFO - DAG(s) 'example_time_delta_sensor_async' retrieved from /home/airflow/.local/lib/python3.8/site-packages/airflow/example_dags/example_time_delta_sensor_async.py
[2026-06-12T11:35:04.528+0000] {logging_mixin.py:188} INFO - [2026-06-12T11:35:04.528+0000] {dag.py:3036} INFO - Sync 1 DAGs
[2026-06-12T11:35:04.551+0000] {logging_mixin.py:188} INFO - [2026-06-12T11:35:04.551+0000] {dag.py:3823} INFO - Setting next_dagrun for example_time_delta_sensor_async to None, run_after=None
[2026-06-12T11:35:04.588+0000] {processor.py:183} INFO - Processing /home/airflow/.local/lib/python3.8/site-packages/airflow/example_dags/example_time_delta_sensor_async.py took 0.110 seconds
[2026-06-12T11:35:35.003+0000] {processor.py:161} INFO - Started process (PID=4337) to work on /home/airflow/.local/lib/python3.8/site-packages/airflow/example_dags/example_time_delta_sensor_async.py
[2026-06-12T11:35:35.004+0000] {processor.py:830} INFO - Processing file /home/airflow/.local/lib/python3.8/site-packages/airflow/example_dags/example_time_delta_sensor_async.py for tasks to queue
[2026-06-12T11:35:35.007+0000] {logging_mixin.py:188} INFO - [2026-06-12T11:35:35.006+0000] {dagbag.py:538} INFO - Filling up the DagBag from /home/airflow/.local/lib/python3.8/site-packages/airflow/example_dags/example_time_delta_sensor_async.py
[2026-06-12T11:35:35.014+0000] {processor.py:840} INFO - DAG(s) 'example_time_delta_sensor_async' retrieved from /home/airflow/.local/lib/python3.8/site-packages/airflow/example_dags/example_time_delta_sensor_async.py
[2026-06-12T11:35:35.050+0000] {logging_mixin.py:188} INFO - [2026-06-12T11:35:35.049+0000] {dag.py:3036} INFO - Sync 1 DAGs
[2026-06-12T11:35:35.074+0000] {logging_mixin.py:188} INFO - [2026-06-12T11:35:35.073+0000] {dag.py:3823} INFO - Setting next_dagrun for example_time_delta_sensor_async to None, run_after=None
[2026-06-12T11:35:35.105+0000] {processor.py:183} INFO - Processing /home/airflow/.local/lib/python3.8/site-packages/airflow/example_dags/example_time_delta_sensor_async.py took 0.107 seconds
[2026-06-12T11:36:05.382+0000] {processor.py:161} INFO - Started process (PID=4401) to work on /home/airflow/.local/lib/python3.8/site-packages/airflow/example_dags/example_time_delta_sensor_async.py
[2026-06-12T11:36:05.385+0000] {processor.py:830} INFO - Processing file /home/airflow/.local/lib/python3.8/site-packages/airflow/example_dags/example_time_delta_sensor_async.py for tasks to queue
[2026-06-12T11:36:05.388+0000] {logging_mixin.py:188} INFO - [2026-06-12T11:36:05.387+0000] {dagbag.py:538} INFO - Filling up the DagBag from /home/airflow/.local/lib/python3.8/site-packages/airflow/example_dags/example_time_delta_sensor_async.py
[2026-06-12T11:36:05.394+0000] {processor.py:840} INFO - DAG(s) 'example_time_delta_sensor_async' retrieved from /home/airflow/.local/lib/python3.8/site-packages/airflow/example_dags/example_time_delta_sensor_async.py
[2026-06-12T11:36:05.433+0000] {logging_mixin.py:188} INFO - [2026-06-12T11:36:05.433+0000] {dag.py:3036} INFO - Sync 1 DAGs
[2026-06-12T11:36:05.458+0000] {logging_mixin.py:188} INFO - [2026-06-12T11:36:05.457+0000] {dag.py:3823} INFO - Setting next_dagrun for example_time_delta_sensor_async to None, run_after=None
[2026-06-12T11:36:05.492+0000] {processor.py:183} INFO - Processing /home/airflow/.local/lib/python3.8/site-packages/airflow/example_dags/example_time_delta_sensor_async.py took 0.115 seconds
[2026-06-12T11:36:35.913+0000] {processor.py:161} INFO - Started process (PID=4466) to work on /home/airflow/.local/lib/python3.8/site-packages/airflow/example_dags/example_time_delta_sensor_async.py
[2026-06-12T11:36:35.914+0000] {processor.py:830} INFO - Processing file /home/airflow/.local/lib/python3.8/site-packages/airflow/example_dags/example_time_delta_sensor_async.py for tasks to queue
[2026-06-12T11:36:35.917+0000] {logging_mixin.py:188} INFO - [2026-06-12T11:36:35.916+0000] {dagbag.py:538} INFO - Filling up the DagBag from /home/airflow/.local/lib/python3.8/site-packages/airflow/example_dags/example_time_delta_sensor_async.py
[2026-06-12T11:36:35.923+0000] {processor.py:840} INFO - DAG(s) 'example_time_delta_sensor_async' retrieved from /home/airflow/.local/lib/python3.8/site-packages/airflow/example_dags/example_time_delta_sensor_async.py
[2026-06-12T11:36:35.961+0000] {logging_mixin.py:188} INFO - [2026-06-12T11:36:35.961+0000] {dag.py:3036} INFO - Sync 1 DAGs
[2026-06-12T11:36:35.984+0000] {logging_mixin.py:188} INFO - [2026-06-12T11:36:35.983+0000] {dag.py:3823} INFO - Setting next_dagrun for example_time_delta_sensor_async to None, run_after=None
[2026-06-12T11:36:36.011+0000] {processor.py:183} INFO - Processing /home/airflow/.local/lib/python3.8/site-packages/airflow/example_dags/example_time_delta_sensor_async.py took 0.103 seconds
[2026-06-12T11:37:06.305+0000] {processor.py:161} INFO - Started process (PID=4533) to work on /home/airflow/.local/lib/python3.8/site-packages/airflow/example_dags/example_time_delta_sensor_async.py
[2026-06-12T11:37:06.307+0000] {processor.py:830} INFO - Processing file /home/airflow/.local/lib/python3.8/site-packages/airflow/example_dags/example_time_delta_sensor_async.py for tasks to queue
[2026-06-12T11:37:06.310+0000] {logging_mixin.py:188} INFO - [2026-06-12T11:37:06.309+0000] {dagbag.py:538} INFO - Filling up the DagBag from /home/airflow/.local/lib/python3.8/site-packages/airflow/example_dags/example_time_delta_sensor_async.py
[2026-06-12T11:37:06.316+0000] {processor.py:840} INFO - DAG(s) 'example_time_delta_sensor_async' retrieved from /home/airflow/.local/lib/python3.8/site-packages/airflow/example_dags/example_time_delta_sensor_async.py
[2026-06-12T11:37:06.354+0000] {logging_mixin.py:188} INFO - [2026-06-12T11:37:06.353+0000] {dag.py:3036} INFO - Sync 1 DAGs
[2026-06-12T11:37:06.376+0000] {logging_mixin.py:188} INFO - [2026-06-12T11:37:06.376+0000] {dag.py:3823} INFO - Setting next_dagrun for example_time_delta_sensor_async to None, run_after=None
[2026-06-12T11:37:06.404+0000] {processor.py:183} INFO - Processing /home/airflow/.local/lib/python3.8/site-packages/airflow/example_dags/example_time_delta_sensor_async.py took 0.105 seconds
