[2026-06-12T11:03:00.854+0000] {processor.py:161} INFO - Started process (PID=68) to work on /home/airflow/.local/lib/python3.8/site-packages/airflow/example_dags/example_params_trigger_ui.py
[2026-06-12T11:03:00.856+0000] {processor.py:830} INFO - Processing file /home/airflow/.local/lib/python3.8/site-packages/airflow/example_dags/example_params_trigger_ui.py for tasks to queue
[2026-06-12T11:03:00.875+0000] {logging_mixin.py:188} INFO - [2026-06-12T11:03:00.874+0000] {dagbag.py:538} INFO - Filling up the DagBag from /home/airflow/.local/lib/python3.8/site-packages/airflow/example_dags/example_params_trigger_ui.py
[2026-06-12T11:03:00.930+0000] {processor.py:840} INFO - DAG(s) 'example_params_trigger_ui' retrieved from /home/airflow/.local/lib/python3.8/site-packages/airflow/example_dags/example_params_trigger_ui.py
[2026-06-12T11:03:00.969+0000] {logging_mixin.py:188} INFO - [2026-06-12T11:03:00.968+0000] {dag.py:3036} INFO - Sync 1 DAGs
[2026-06-12T11:03:01.017+0000] {logging_mixin.py:188} INFO - [2026-06-12T11:03:01.016+0000] {dag.py:3823} INFO - Setting next_dagrun for example_params_trigger_ui to None, run_after=None
[2026-06-12T11:03:01.110+0000] {processor.py:183} INFO - Processing /home/airflow/.local/lib/python3.8/site-packages/airflow/example_dags/example_params_trigger_ui.py took 0.266 seconds
[2026-06-12T11:03:31.432+0000] {processor.py:161} INFO - Started process (PID=134) to work on /home/airflow/.local/lib/python3.8/site-packages/airflow/example_dags/example_params_trigger_ui.py
[2026-06-12T11:03:31.438+0000] {processor.py:830} INFO - Processing file /home/airflow/.local/lib/python3.8/site-packages/airflow/example_dags/example_params_trigger_ui.py for tasks to queue
[2026-06-12T11:03:31.443+0000] {logging_mixin.py:188} INFO - [2026-06-12T11:03:31.443+0000] {dagbag.py:538} INFO - Filling up the DagBag from /home/airflow/.local/lib/python3.8/site-packages/airflow/example_dags/example_params_trigger_ui.py
[2026-06-12T11:03:31.478+0000] {processor.py:840} INFO - DAG(s) 'example_params_trigger_ui' retrieved from /home/airflow/.local/lib/python3.8/site-packages/airflow/example_dags/example_params_trigger_ui.py
[2026-06-12T11:03:31.787+0000] {logging_mixin.py:188} INFO - [2026-06-12T11:03:31.786+0000] {dag.py:3036} INFO - Sync 1 DAGs
[2026-06-12T11:03:31.809+0000] {logging_mixin.py:188} INFO - [2026-06-12T11:03:31.809+0000] {dag.py:3823} INFO - Setting next_dagrun for example_params_trigger_ui to None, run_after=None
[2026-06-12T11:03:31.846+0000] {processor.py:183} INFO - Processing /home/airflow/.local/lib/python3.8/site-packages/airflow/example_dags/example_params_trigger_ui.py took 0.420 seconds
[2026-06-12T11:04:02.621+0000] {processor.py:161} INFO - Started process (PID=200) to work on /home/airflow/.local/lib/python3.8/site-packages/airflow/example_dags/example_params_trigger_ui.py
[2026-06-12T11:04:02.623+0000] {processor.py:830} INFO - Processing file /home/airflow/.local/lib/python3.8/site-packages/airflow/example_dags/example_params_trigger_ui.py for tasks to queue
[2026-06-12T11:04:02.626+0000] {logging_mixin.py:188} INFO - [2026-06-12T11:04:02.625+0000] {dagbag.py:538} INFO - Filling up the DagBag from /home/airflow/.local/lib/python3.8/site-packages/airflow/example_dags/example_params_trigger_ui.py
[2026-06-12T11:04:02.648+0000] {processor.py:840} INFO - DAG(s) 'example_params_trigger_ui' retrieved from /home/airflow/.local/lib/python3.8/site-packages/airflow/example_dags/example_params_trigger_ui.py
[2026-06-12T11:04:02.745+0000] {logging_mixin.py:188} INFO - [2026-06-12T11:04:02.745+0000] {dag.py:3036} INFO - Sync 1 DAGs
[2026-06-12T11:04:02.767+0000] {logging_mixin.py:188} INFO - [2026-06-12T11:04:02.767+0000] {dag.py:3823} INFO - Setting next_dagrun for example_params_trigger_ui to None, run_after=None
[2026-06-12T11:04:02.802+0000] {processor.py:183} INFO - Processing /home/airflow/.local/lib/python3.8/site-packages/airflow/example_dags/example_params_trigger_ui.py took 0.185 seconds
[2026-06-12T11:04:33.508+0000] {processor.py:161} INFO - Started process (PID=267) to work on /home/airflow/.local/lib/python3.8/site-packages/airflow/example_dags/example_params_trigger_ui.py
[2026-06-12T11:04:33.510+0000] {processor.py:830} INFO - Processing file /home/airflow/.local/lib/python3.8/site-packages/airflow/example_dags/example_params_trigger_ui.py for tasks to queue
[2026-06-12T11:04:33.512+0000] {logging_mixin.py:188} INFO - [2026-06-12T11:04:33.512+0000] {dagbag.py:538} INFO - Filling up the DagBag from /home/airflow/.local/lib/python3.8/site-packages/airflow/example_dags/example_params_trigger_ui.py
[2026-06-12T11:04:33.533+0000] {processor.py:840} INFO - DAG(s) 'example_params_trigger_ui' retrieved from /home/airflow/.local/lib/python3.8/site-packages/airflow/example_dags/example_params_trigger_ui.py
[2026-06-12T11:04:33.627+0000] {logging_mixin.py:188} INFO - [2026-06-12T11:04:33.626+0000] {dag.py:3036} INFO - Sync 1 DAGs
[2026-06-12T11:04:33.646+0000] {logging_mixin.py:188} INFO - [2026-06-12T11:04:33.646+0000] {dag.py:3823} INFO - Setting next_dagrun for example_params_trigger_ui to None, run_after=None
[2026-06-12T11:04:33.674+0000] {processor.py:183} INFO - Processing /home/airflow/.local/lib/python3.8/site-packages/airflow/example_dags/example_params_trigger_ui.py took 0.171 seconds
[2026-06-12T11:05:03.933+0000] {processor.py:161} INFO - Started process (PID=333) to work on /home/airflow/.local/lib/python3.8/site-packages/airflow/example_dags/example_params_trigger_ui.py
[2026-06-12T11:05:03.935+0000] {processor.py:830} INFO - Processing file /home/airflow/.local/lib/python3.8/site-packages/airflow/example_dags/example_params_trigger_ui.py for tasks to queue
[2026-06-12T11:05:03.939+0000] {logging_mixin.py:188} INFO - [2026-06-12T11:05:03.938+0000] {dagbag.py:538} INFO - Filling up the DagBag from /home/airflow/.local/lib/python3.8/site-packages/airflow/example_dags/example_params_trigger_ui.py
[2026-06-12T11:05:03.960+0000] {processor.py:840} INFO - DAG(s) 'example_params_trigger_ui' retrieved from /home/airflow/.local/lib/python3.8/site-packages/airflow/example_dags/example_params_trigger_ui.py
[2026-06-12T11:05:04.056+0000] {logging_mixin.py:188} INFO - [2026-06-12T11:05:04.056+0000] {dag.py:3036} INFO - Sync 1 DAGs
[2026-06-12T11:05:04.076+0000] {logging_mixin.py:188} INFO - [2026-06-12T11:05:04.076+0000] {dag.py:3823} INFO - Setting next_dagrun for example_params_trigger_ui to None, run_after=None
[2026-06-12T11:05:04.111+0000] {processor.py:183} INFO - Processing /home/airflow/.local/lib/python3.8/site-packages/airflow/example_dags/example_params_trigger_ui.py took 0.184 seconds
[2026-06-12T11:05:34.416+0000] {processor.py:161} INFO - Started process (PID=399) to work on /home/airflow/.local/lib/python3.8/site-packages/airflow/example_dags/example_params_trigger_ui.py
[2026-06-12T11:05:34.418+0000] {processor.py:830} INFO - Processing file /home/airflow/.local/lib/python3.8/site-packages/airflow/example_dags/example_params_trigger_ui.py for tasks to queue
[2026-06-12T11:05:34.421+0000] {logging_mixin.py:188} INFO - [2026-06-12T11:05:34.420+0000] {dagbag.py:538} INFO - Filling up the DagBag from /home/airflow/.local/lib/python3.8/site-packages/airflow/example_dags/example_params_trigger_ui.py
[2026-06-12T11:05:34.442+0000] {processor.py:840} INFO - DAG(s) 'example_params_trigger_ui' retrieved from /home/airflow/.local/lib/python3.8/site-packages/airflow/example_dags/example_params_trigger_ui.py
[2026-06-12T11:05:34.538+0000] {logging_mixin.py:188} INFO - [2026-06-12T11:05:34.538+0000] {dag.py:3036} INFO - Sync 1 DAGs
[2026-06-12T11:05:34.560+0000] {logging_mixin.py:188} INFO - [2026-06-12T11:05:34.559+0000] {dag.py:3823} INFO - Setting next_dagrun for example_params_trigger_ui to None, run_after=None
[2026-06-12T11:05:34.593+0000] {processor.py:183} INFO - Processing /home/airflow/.local/lib/python3.8/site-packages/airflow/example_dags/example_params_trigger_ui.py took 0.181 seconds
[2026-06-12T11:06:04.860+0000] {processor.py:161} INFO - Started process (PID=465) to work on /home/airflow/.local/lib/python3.8/site-packages/airflow/example_dags/example_params_trigger_ui.py
[2026-06-12T11:06:04.862+0000] {processor.py:830} INFO - Processing file /home/airflow/.local/lib/python3.8/site-packages/airflow/example_dags/example_params_trigger_ui.py for tasks to queue
[2026-06-12T11:06:04.865+0000] {logging_mixin.py:188} INFO - [2026-06-12T11:06:04.865+0000] {dagbag.py:538} INFO - Filling up the DagBag from /home/airflow/.local/lib/python3.8/site-packages/airflow/example_dags/example_params_trigger_ui.py
[2026-06-12T11:06:04.900+0000] {processor.py:840} INFO - DAG(s) 'example_params_trigger_ui' retrieved from /home/airflow/.local/lib/python3.8/site-packages/airflow/example_dags/example_params_trigger_ui.py
[2026-06-12T11:06:05.032+0000] {logging_mixin.py:188} INFO - [2026-06-12T11:06:05.032+0000] {dag.py:3036} INFO - Sync 1 DAGs
[2026-06-12T11:06:05.054+0000] {logging_mixin.py:188} INFO - [2026-06-12T11:06:05.054+0000] {dag.py:3823} INFO - Setting next_dagrun for example_params_trigger_ui to None, run_after=None
[2026-06-12T11:06:05.093+0000] {processor.py:183} INFO - Processing /home/airflow/.local/lib/python3.8/site-packages/airflow/example_dags/example_params_trigger_ui.py took 0.238 seconds
[2026-06-12T11:06:35.298+0000] {processor.py:161} INFO - Started process (PID=530) to work on /home/airflow/.local/lib/python3.8/site-packages/airflow/example_dags/example_params_trigger_ui.py
[2026-06-12T11:06:35.299+0000] {processor.py:830} INFO - Processing file /home/airflow/.local/lib/python3.8/site-packages/airflow/example_dags/example_params_trigger_ui.py for tasks to queue
[2026-06-12T11:06:35.302+0000] {logging_mixin.py:188} INFO - [2026-06-12T11:06:35.302+0000] {dagbag.py:538} INFO - Filling up the DagBag from /home/airflow/.local/lib/python3.8/site-packages/airflow/example_dags/example_params_trigger_ui.py
[2026-06-12T11:06:35.323+0000] {processor.py:840} INFO - DAG(s) 'example_params_trigger_ui' retrieved from /home/airflow/.local/lib/python3.8/site-packages/airflow/example_dags/example_params_trigger_ui.py
[2026-06-12T11:06:35.442+0000] {logging_mixin.py:188} INFO - [2026-06-12T11:06:35.442+0000] {dag.py:3036} INFO - Sync 1 DAGs
[2026-06-12T11:06:35.465+0000] {logging_mixin.py:188} INFO - [2026-06-12T11:06:35.465+0000] {dag.py:3823} INFO - Setting next_dagrun for example_params_trigger_ui to None, run_after=None
[2026-06-12T11:06:35.495+0000] {processor.py:183} INFO - Processing /home/airflow/.local/lib/python3.8/site-packages/airflow/example_dags/example_params_trigger_ui.py took 0.202 seconds
[2026-06-12T11:07:05.788+0000] {processor.py:161} INFO - Started process (PID=602) to work on /home/airflow/.local/lib/python3.8/site-packages/airflow/example_dags/example_params_trigger_ui.py
[2026-06-12T11:07:05.790+0000] {processor.py:830} INFO - Processing file /home/airflow/.local/lib/python3.8/site-packages/airflow/example_dags/example_params_trigger_ui.py for tasks to queue
[2026-06-12T11:07:05.793+0000] {logging_mixin.py:188} INFO - [2026-06-12T11:07:05.792+0000] {dagbag.py:538} INFO - Filling up the DagBag from /home/airflow/.local/lib/python3.8/site-packages/airflow/example_dags/example_params_trigger_ui.py
[2026-06-12T11:07:05.817+0000] {processor.py:840} INFO - DAG(s) 'example_params_trigger_ui' retrieved from /home/airflow/.local/lib/python3.8/site-packages/airflow/example_dags/example_params_trigger_ui.py
[2026-06-12T11:07:05.913+0000] {logging_mixin.py:188} INFO - [2026-06-12T11:07:05.913+0000] {dag.py:3036} INFO - Sync 1 DAGs
[2026-06-12T11:07:05.936+0000] {logging_mixin.py:188} INFO - [2026-06-12T11:07:05.936+0000] {dag.py:3823} INFO - Setting next_dagrun for example_params_trigger_ui to None, run_after=None
[2026-06-12T11:07:05.969+0000] {processor.py:183} INFO - Processing /home/airflow/.local/lib/python3.8/site-packages/airflow/example_dags/example_params_trigger_ui.py took 0.186 seconds
[2026-06-12T11:07:36.111+0000] {processor.py:161} INFO - Started process (PID=668) to work on /home/airflow/.local/lib/python3.8/site-packages/airflow/example_dags/example_params_trigger_ui.py
[2026-06-12T11:07:36.113+0000] {processor.py:830} INFO - Processing file /home/airflow/.local/lib/python3.8/site-packages/airflow/example_dags/example_params_trigger_ui.py for tasks to queue
[2026-06-12T11:07:36.115+0000] {logging_mixin.py:188} INFO - [2026-06-12T11:07:36.115+0000] {dagbag.py:538} INFO - Filling up the DagBag from /home/airflow/.local/lib/python3.8/site-packages/airflow/example_dags/example_params_trigger_ui.py
[2026-06-12T11:07:36.140+0000] {processor.py:840} INFO - DAG(s) 'example_params_trigger_ui' retrieved from /home/airflow/.local/lib/python3.8/site-packages/airflow/example_dags/example_params_trigger_ui.py
[2026-06-12T11:07:36.234+0000] {logging_mixin.py:188} INFO - [2026-06-12T11:07:36.234+0000] {dag.py:3036} INFO - Sync 1 DAGs
[2026-06-12T11:07:36.254+0000] {logging_mixin.py:188} INFO - [2026-06-12T11:07:36.253+0000] {dag.py:3823} INFO - Setting next_dagrun for example_params_trigger_ui to None, run_after=None
[2026-06-12T11:07:36.282+0000] {processor.py:183} INFO - Processing /home/airflow/.local/lib/python3.8/site-packages/airflow/example_dags/example_params_trigger_ui.py took 0.175 seconds
[2026-06-12T11:08:06.324+0000] {processor.py:161} INFO - Started process (PID=734) to work on /home/airflow/.local/lib/python3.8/site-packages/airflow/example_dags/example_params_trigger_ui.py
[2026-06-12T11:08:06.326+0000] {processor.py:830} INFO - Processing file /home/airflow/.local/lib/python3.8/site-packages/airflow/example_dags/example_params_trigger_ui.py for tasks to queue
[2026-06-12T11:08:06.329+0000] {logging_mixin.py:188} INFO - [2026-06-12T11:08:06.328+0000] {dagbag.py:538} INFO - Filling up the DagBag from /home/airflow/.local/lib/python3.8/site-packages/airflow/example_dags/example_params_trigger_ui.py
[2026-06-12T11:08:06.349+0000] {processor.py:840} INFO - DAG(s) 'example_params_trigger_ui' retrieved from /home/airflow/.local/lib/python3.8/site-packages/airflow/example_dags/example_params_trigger_ui.py
[2026-06-12T11:08:06.455+0000] {logging_mixin.py:188} INFO - [2026-06-12T11:08:06.454+0000] {dag.py:3036} INFO - Sync 1 DAGs
[2026-06-12T11:08:06.474+0000] {logging_mixin.py:188} INFO - [2026-06-12T11:08:06.474+0000] {dag.py:3823} INFO - Setting next_dagrun for example_params_trigger_ui to None, run_after=None
[2026-06-12T11:08:06.504+0000] {processor.py:183} INFO - Processing /home/airflow/.local/lib/python3.8/site-packages/airflow/example_dags/example_params_trigger_ui.py took 0.184 seconds
[2026-06-12T11:08:36.763+0000] {processor.py:161} INFO - Started process (PID=801) to work on /home/airflow/.local/lib/python3.8/site-packages/airflow/example_dags/example_params_trigger_ui.py
[2026-06-12T11:08:36.765+0000] {processor.py:830} INFO - Processing file /home/airflow/.local/lib/python3.8/site-packages/airflow/example_dags/example_params_trigger_ui.py for tasks to queue
[2026-06-12T11:08:36.767+0000] {logging_mixin.py:188} INFO - [2026-06-12T11:08:36.767+0000] {dagbag.py:538} INFO - Filling up the DagBag from /home/airflow/.local/lib/python3.8/site-packages/airflow/example_dags/example_params_trigger_ui.py
[2026-06-12T11:08:36.789+0000] {processor.py:840} INFO - DAG(s) 'example_params_trigger_ui' retrieved from /home/airflow/.local/lib/python3.8/site-packages/airflow/example_dags/example_params_trigger_ui.py
[2026-06-12T11:08:36.887+0000] {logging_mixin.py:188} INFO - [2026-06-12T11:08:36.887+0000] {dag.py:3036} INFO - Sync 1 DAGs
[2026-06-12T11:08:36.907+0000] {logging_mixin.py:188} INFO - [2026-06-12T11:08:36.907+0000] {dag.py:3823} INFO - Setting next_dagrun for example_params_trigger_ui to None, run_after=None
[2026-06-12T11:08:36.943+0000] {processor.py:183} INFO - Processing /home/airflow/.local/lib/python3.8/site-packages/airflow/example_dags/example_params_trigger_ui.py took 0.185 seconds
[2026-06-12T11:09:07.149+0000] {processor.py:161} INFO - Started process (PID=866) to work on /home/airflow/.local/lib/python3.8/site-packages/airflow/example_dags/example_params_trigger_ui.py
[2026-06-12T11:09:07.151+0000] {processor.py:830} INFO - Processing file /home/airflow/.local/lib/python3.8/site-packages/airflow/example_dags/example_params_trigger_ui.py for tasks to queue
[2026-06-12T11:09:07.154+0000] {logging_mixin.py:188} INFO - [2026-06-12T11:09:07.153+0000] {dagbag.py:538} INFO - Filling up the DagBag from /home/airflow/.local/lib/python3.8/site-packages/airflow/example_dags/example_params_trigger_ui.py
[2026-06-12T11:09:07.183+0000] {processor.py:840} INFO - DAG(s) 'example_params_trigger_ui' retrieved from /home/airflow/.local/lib/python3.8/site-packages/airflow/example_dags/example_params_trigger_ui.py
[2026-06-12T11:09:07.278+0000] {logging_mixin.py:188} INFO - [2026-06-12T11:09:07.278+0000] {dag.py:3036} INFO - Sync 1 DAGs
[2026-06-12T11:09:07.297+0000] {logging_mixin.py:188} INFO - [2026-06-12T11:09:07.297+0000] {dag.py:3823} INFO - Setting next_dagrun for example_params_trigger_ui to None, run_after=None
[2026-06-12T11:09:07.328+0000] {processor.py:183} INFO - Processing /home/airflow/.local/lib/python3.8/site-packages/airflow/example_dags/example_params_trigger_ui.py took 0.184 seconds
[2026-06-12T11:09:37.903+0000] {processor.py:161} INFO - Started process (PID=933) to work on /home/airflow/.local/lib/python3.8/site-packages/airflow/example_dags/example_params_trigger_ui.py
[2026-06-12T11:09:37.904+0000] {processor.py:830} INFO - Processing file /home/airflow/.local/lib/python3.8/site-packages/airflow/example_dags/example_params_trigger_ui.py for tasks to queue
[2026-06-12T11:09:37.907+0000] {logging_mixin.py:188} INFO - [2026-06-12T11:09:37.906+0000] {dagbag.py:538} INFO - Filling up the DagBag from /home/airflow/.local/lib/python3.8/site-packages/airflow/example_dags/example_params_trigger_ui.py
[2026-06-12T11:09:37.928+0000] {processor.py:840} INFO - DAG(s) 'example_params_trigger_ui' retrieved from /home/airflow/.local/lib/python3.8/site-packages/airflow/example_dags/example_params_trigger_ui.py
[2026-06-12T11:09:38.026+0000] {logging_mixin.py:188} INFO - [2026-06-12T11:09:38.026+0000] {dag.py:3036} INFO - Sync 1 DAGs
[2026-06-12T11:09:38.046+0000] {logging_mixin.py:188} INFO - [2026-06-12T11:09:38.045+0000] {dag.py:3823} INFO - Setting next_dagrun for example_params_trigger_ui to None, run_after=None
[2026-06-12T11:09:38.073+0000] {processor.py:183} INFO - Processing /home/airflow/.local/lib/python3.8/site-packages/airflow/example_dags/example_params_trigger_ui.py took 0.175 seconds
[2026-06-12T11:10:08.158+0000] {processor.py:161} INFO - Started process (PID=998) to work on /home/airflow/.local/lib/python3.8/site-packages/airflow/example_dags/example_params_trigger_ui.py
[2026-06-12T11:10:08.160+0000] {processor.py:830} INFO - Processing file /home/airflow/.local/lib/python3.8/site-packages/airflow/example_dags/example_params_trigger_ui.py for tasks to queue
[2026-06-12T11:10:08.163+0000] {logging_mixin.py:188} INFO - [2026-06-12T11:10:08.163+0000] {dagbag.py:538} INFO - Filling up the DagBag from /home/airflow/.local/lib/python3.8/site-packages/airflow/example_dags/example_params_trigger_ui.py
[2026-06-12T11:10:08.186+0000] {processor.py:840} INFO - DAG(s) 'example_params_trigger_ui' retrieved from /home/airflow/.local/lib/python3.8/site-packages/airflow/example_dags/example_params_trigger_ui.py
[2026-06-12T11:10:08.303+0000] {logging_mixin.py:188} INFO - [2026-06-12T11:10:08.302+0000] {dag.py:3036} INFO - Sync 1 DAGs
[2026-06-12T11:10:08.326+0000] {logging_mixin.py:188} INFO - [2026-06-12T11:10:08.325+0000] {dag.py:3823} INFO - Setting next_dagrun for example_params_trigger_ui to None, run_after=None
[2026-06-12T11:10:08.358+0000] {processor.py:183} INFO - Processing /home/airflow/.local/lib/python3.8/site-packages/airflow/example_dags/example_params_trigger_ui.py took 0.205 seconds
[2026-06-12T11:10:38.449+0000] {processor.py:161} INFO - Started process (PID=1063) to work on /home/airflow/.local/lib/python3.8/site-packages/airflow/example_dags/example_params_trigger_ui.py
[2026-06-12T11:10:38.450+0000] {processor.py:830} INFO - Processing file /home/airflow/.local/lib/python3.8/site-packages/airflow/example_dags/example_params_trigger_ui.py for tasks to queue
[2026-06-12T11:10:38.452+0000] {logging_mixin.py:188} INFO - [2026-06-12T11:10:38.452+0000] {dagbag.py:538} INFO - Filling up the DagBag from /home/airflow/.local/lib/python3.8/site-packages/airflow/example_dags/example_params_trigger_ui.py
[2026-06-12T11:10:38.472+0000] {processor.py:840} INFO - DAG(s) 'example_params_trigger_ui' retrieved from /home/airflow/.local/lib/python3.8/site-packages/airflow/example_dags/example_params_trigger_ui.py
[2026-06-12T11:10:38.588+0000] {logging_mixin.py:188} INFO - [2026-06-12T11:10:38.588+0000] {dag.py:3036} INFO - Sync 1 DAGs
[2026-06-12T11:10:38.612+0000] {logging_mixin.py:188} INFO - [2026-06-12T11:10:38.612+0000] {dag.py:3823} INFO - Setting next_dagrun for example_params_trigger_ui to None, run_after=None
[2026-06-12T11:10:38.644+0000] {processor.py:183} INFO - Processing /home/airflow/.local/lib/python3.8/site-packages/airflow/example_dags/example_params_trigger_ui.py took 0.200 seconds
[2026-06-12T11:11:08.882+0000] {processor.py:161} INFO - Started process (PID=1137) to work on /home/airflow/.local/lib/python3.8/site-packages/airflow/example_dags/example_params_trigger_ui.py
[2026-06-12T11:11:08.884+0000] {processor.py:830} INFO - Processing file /home/airflow/.local/lib/python3.8/site-packages/airflow/example_dags/example_params_trigger_ui.py for tasks to queue
[2026-06-12T11:11:08.887+0000] {logging_mixin.py:188} INFO - [2026-06-12T11:11:08.886+0000] {dagbag.py:538} INFO - Filling up the DagBag from /home/airflow/.local/lib/python3.8/site-packages/airflow/example_dags/example_params_trigger_ui.py
[2026-06-12T11:11:08.907+0000] {processor.py:840} INFO - DAG(s) 'example_params_trigger_ui' retrieved from /home/airflow/.local/lib/python3.8/site-packages/airflow/example_dags/example_params_trigger_ui.py
[2026-06-12T11:11:09.026+0000] {logging_mixin.py:188} INFO - [2026-06-12T11:11:09.025+0000] {dag.py:3036} INFO - Sync 1 DAGs
[2026-06-12T11:11:09.051+0000] {logging_mixin.py:188} INFO - [2026-06-12T11:11:09.051+0000] {dag.py:3823} INFO - Setting next_dagrun for example_params_trigger_ui to None, run_after=None
[2026-06-12T11:11:09.082+0000] {processor.py:183} INFO - Processing /home/airflow/.local/lib/python3.8/site-packages/airflow/example_dags/example_params_trigger_ui.py took 0.205 seconds
[2026-06-12T11:11:39.317+0000] {processor.py:161} INFO - Started process (PID=1204) to work on /home/airflow/.local/lib/python3.8/site-packages/airflow/example_dags/example_params_trigger_ui.py
[2026-06-12T11:11:39.319+0000] {processor.py:830} INFO - Processing file /home/airflow/.local/lib/python3.8/site-packages/airflow/example_dags/example_params_trigger_ui.py for tasks to queue
[2026-06-12T11:11:39.321+0000] {logging_mixin.py:188} INFO - [2026-06-12T11:11:39.321+0000] {dagbag.py:538} INFO - Filling up the DagBag from /home/airflow/.local/lib/python3.8/site-packages/airflow/example_dags/example_params_trigger_ui.py
[2026-06-12T11:11:39.342+0000] {processor.py:840} INFO - DAG(s) 'example_params_trigger_ui' retrieved from /home/airflow/.local/lib/python3.8/site-packages/airflow/example_dags/example_params_trigger_ui.py
[2026-06-12T11:11:39.472+0000] {logging_mixin.py:188} INFO - [2026-06-12T11:11:39.471+0000] {dag.py:3036} INFO - Sync 1 DAGs
[2026-06-12T11:11:39.498+0000] {logging_mixin.py:188} INFO - [2026-06-12T11:11:39.497+0000] {dag.py:3823} INFO - Setting next_dagrun for example_params_trigger_ui to None, run_after=None
[2026-06-12T11:11:39.531+0000] {processor.py:183} INFO - Processing /home/airflow/.local/lib/python3.8/site-packages/airflow/example_dags/example_params_trigger_ui.py took 0.220 seconds
[2026-06-12T11:12:09.585+0000] {processor.py:161} INFO - Started process (PID=1270) to work on /home/airflow/.local/lib/python3.8/site-packages/airflow/example_dags/example_params_trigger_ui.py
[2026-06-12T11:12:09.586+0000] {processor.py:830} INFO - Processing file /home/airflow/.local/lib/python3.8/site-packages/airflow/example_dags/example_params_trigger_ui.py for tasks to queue
[2026-06-12T11:12:09.589+0000] {logging_mixin.py:188} INFO - [2026-06-12T11:12:09.589+0000] {dagbag.py:538} INFO - Filling up the DagBag from /home/airflow/.local/lib/python3.8/site-packages/airflow/example_dags/example_params_trigger_ui.py
[2026-06-12T11:12:09.613+0000] {processor.py:840} INFO - DAG(s) 'example_params_trigger_ui' retrieved from /home/airflow/.local/lib/python3.8/site-packages/airflow/example_dags/example_params_trigger_ui.py
[2026-06-12T11:12:09.752+0000] {logging_mixin.py:188} INFO - [2026-06-12T11:12:09.752+0000] {dag.py:3036} INFO - Sync 1 DAGs
[2026-06-12T11:12:09.777+0000] {logging_mixin.py:188} INFO - [2026-06-12T11:12:09.777+0000] {dag.py:3823} INFO - Setting next_dagrun for example_params_trigger_ui to None, run_after=None
[2026-06-12T11:12:09.811+0000] {processor.py:183} INFO - Processing /home/airflow/.local/lib/python3.8/site-packages/airflow/example_dags/example_params_trigger_ui.py took 0.231 seconds
[2026-06-12T11:12:39.988+0000] {processor.py:161} INFO - Started process (PID=1338) to work on /home/airflow/.local/lib/python3.8/site-packages/airflow/example_dags/example_params_trigger_ui.py
[2026-06-12T11:12:39.991+0000] {processor.py:830} INFO - Processing file /home/airflow/.local/lib/python3.8/site-packages/airflow/example_dags/example_params_trigger_ui.py for tasks to queue
[2026-06-12T11:12:39.994+0000] {logging_mixin.py:188} INFO - [2026-06-12T11:12:39.994+0000] {dagbag.py:538} INFO - Filling up the DagBag from /home/airflow/.local/lib/python3.8/site-packages/airflow/example_dags/example_params_trigger_ui.py
[2026-06-12T11:12:40.019+0000] {processor.py:840} INFO - DAG(s) 'example_params_trigger_ui' retrieved from /home/airflow/.local/lib/python3.8/site-packages/airflow/example_dags/example_params_trigger_ui.py
[2026-06-12T11:12:40.169+0000] {logging_mixin.py:188} INFO - [2026-06-12T11:12:40.168+0000] {dag.py:3036} INFO - Sync 1 DAGs
[2026-06-12T11:12:40.194+0000] {logging_mixin.py:188} INFO - [2026-06-12T11:12:40.193+0000] {dag.py:3823} INFO - Setting next_dagrun for example_params_trigger_ui to None, run_after=None
[2026-06-12T11:12:40.242+0000] {processor.py:183} INFO - Processing /home/airflow/.local/lib/python3.8/site-packages/airflow/example_dags/example_params_trigger_ui.py took 0.260 seconds
[2026-06-12T11:13:10.634+0000] {processor.py:161} INFO - Started process (PID=1403) to work on /home/airflow/.local/lib/python3.8/site-packages/airflow/example_dags/example_params_trigger_ui.py
[2026-06-12T11:13:10.636+0000] {processor.py:830} INFO - Processing file /home/airflow/.local/lib/python3.8/site-packages/airflow/example_dags/example_params_trigger_ui.py for tasks to queue
[2026-06-12T11:13:10.639+0000] {logging_mixin.py:188} INFO - [2026-06-12T11:13:10.638+0000] {dagbag.py:538} INFO - Filling up the DagBag from /home/airflow/.local/lib/python3.8/site-packages/airflow/example_dags/example_params_trigger_ui.py
[2026-06-12T11:13:10.659+0000] {processor.py:840} INFO - DAG(s) 'example_params_trigger_ui' retrieved from /home/airflow/.local/lib/python3.8/site-packages/airflow/example_dags/example_params_trigger_ui.py
[2026-06-12T11:13:10.765+0000] {logging_mixin.py:188} INFO - [2026-06-12T11:13:10.765+0000] {dag.py:3036} INFO - Sync 1 DAGs
[2026-06-12T11:13:10.787+0000] {logging_mixin.py:188} INFO - [2026-06-12T11:13:10.787+0000] {dag.py:3823} INFO - Setting next_dagrun for example_params_trigger_ui to None, run_after=None
[2026-06-12T11:13:10.819+0000] {processor.py:183} INFO - Processing /home/airflow/.local/lib/python3.8/site-packages/airflow/example_dags/example_params_trigger_ui.py took 0.190 seconds
[2026-06-12T11:13:41.332+0000] {processor.py:161} INFO - Started process (PID=1469) to work on /home/airflow/.local/lib/python3.8/site-packages/airflow/example_dags/example_params_trigger_ui.py
[2026-06-12T11:13:41.334+0000] {processor.py:830} INFO - Processing file /home/airflow/.local/lib/python3.8/site-packages/airflow/example_dags/example_params_trigger_ui.py for tasks to queue
[2026-06-12T11:13:41.337+0000] {logging_mixin.py:188} INFO - [2026-06-12T11:13:41.337+0000] {dagbag.py:538} INFO - Filling up the DagBag from /home/airflow/.local/lib/python3.8/site-packages/airflow/example_dags/example_params_trigger_ui.py
[2026-06-12T11:13:41.356+0000] {processor.py:840} INFO - DAG(s) 'example_params_trigger_ui' retrieved from /home/airflow/.local/lib/python3.8/site-packages/airflow/example_dags/example_params_trigger_ui.py
[2026-06-12T11:13:41.454+0000] {logging_mixin.py:188} INFO - [2026-06-12T11:13:41.453+0000] {dag.py:3036} INFO - Sync 1 DAGs
[2026-06-12T11:13:41.474+0000] {logging_mixin.py:188} INFO - [2026-06-12T11:13:41.474+0000] {dag.py:3823} INFO - Setting next_dagrun for example_params_trigger_ui to None, run_after=None
[2026-06-12T11:13:41.505+0000] {processor.py:183} INFO - Processing /home/airflow/.local/lib/python3.8/site-packages/airflow/example_dags/example_params_trigger_ui.py took 0.177 seconds
[2026-06-12T11:14:12.231+0000] {processor.py:161} INFO - Started process (PID=1536) to work on /home/airflow/.local/lib/python3.8/site-packages/airflow/example_dags/example_params_trigger_ui.py
[2026-06-12T11:14:12.233+0000] {processor.py:830} INFO - Processing file /home/airflow/.local/lib/python3.8/site-packages/airflow/example_dags/example_params_trigger_ui.py for tasks to queue
[2026-06-12T11:14:12.236+0000] {logging_mixin.py:188} INFO - [2026-06-12T11:14:12.235+0000] {dagbag.py:538} INFO - Filling up the DagBag from /home/airflow/.local/lib/python3.8/site-packages/airflow/example_dags/example_params_trigger_ui.py
[2026-06-12T11:14:12.255+0000] {processor.py:840} INFO - DAG(s) 'example_params_trigger_ui' retrieved from /home/airflow/.local/lib/python3.8/site-packages/airflow/example_dags/example_params_trigger_ui.py
[2026-06-12T11:14:12.366+0000] {logging_mixin.py:188} INFO - [2026-06-12T11:14:12.365+0000] {dag.py:3036} INFO - Sync 1 DAGs
[2026-06-12T11:14:12.387+0000] {logging_mixin.py:188} INFO - [2026-06-12T11:14:12.387+0000] {dag.py:3823} INFO - Setting next_dagrun for example_params_trigger_ui to None, run_after=None
[2026-06-12T11:14:12.417+0000] {processor.py:183} INFO - Processing /home/airflow/.local/lib/python3.8/site-packages/airflow/example_dags/example_params_trigger_ui.py took 0.190 seconds
[2026-06-12T11:14:43.013+0000] {processor.py:161} INFO - Started process (PID=1602) to work on /home/airflow/.local/lib/python3.8/site-packages/airflow/example_dags/example_params_trigger_ui.py
[2026-06-12T11:14:43.015+0000] {processor.py:830} INFO - Processing file /home/airflow/.local/lib/python3.8/site-packages/airflow/example_dags/example_params_trigger_ui.py for tasks to queue
[2026-06-12T11:14:43.018+0000] {logging_mixin.py:188} INFO - [2026-06-12T11:14:43.018+0000] {dagbag.py:538} INFO - Filling up the DagBag from /home/airflow/.local/lib/python3.8/site-packages/airflow/example_dags/example_params_trigger_ui.py
[2026-06-12T11:14:43.038+0000] {processor.py:840} INFO - DAG(s) 'example_params_trigger_ui' retrieved from /home/airflow/.local/lib/python3.8/site-packages/airflow/example_dags/example_params_trigger_ui.py
[2026-06-12T11:14:43.140+0000] {logging_mixin.py:188} INFO - [2026-06-12T11:14:43.140+0000] {dag.py:3036} INFO - Sync 1 DAGs
[2026-06-12T11:14:43.165+0000] {logging_mixin.py:188} INFO - [2026-06-12T11:14:43.164+0000] {dag.py:3823} INFO - Setting next_dagrun for example_params_trigger_ui to None, run_after=None
[2026-06-12T11:14:43.205+0000] {processor.py:183} INFO - Processing /home/airflow/.local/lib/python3.8/site-packages/airflow/example_dags/example_params_trigger_ui.py took 0.196 seconds
[2026-06-12T11:15:13.294+0000] {processor.py:161} INFO - Started process (PID=1668) to work on /home/airflow/.local/lib/python3.8/site-packages/airflow/example_dags/example_params_trigger_ui.py
[2026-06-12T11:15:13.296+0000] {processor.py:830} INFO - Processing file /home/airflow/.local/lib/python3.8/site-packages/airflow/example_dags/example_params_trigger_ui.py for tasks to queue
[2026-06-12T11:15:13.299+0000] {logging_mixin.py:188} INFO - [2026-06-12T11:15:13.299+0000] {dagbag.py:538} INFO - Filling up the DagBag from /home/airflow/.local/lib/python3.8/site-packages/airflow/example_dags/example_params_trigger_ui.py
[2026-06-12T11:15:13.322+0000] {processor.py:840} INFO - DAG(s) 'example_params_trigger_ui' retrieved from /home/airflow/.local/lib/python3.8/site-packages/airflow/example_dags/example_params_trigger_ui.py
[2026-06-12T11:15:13.424+0000] {logging_mixin.py:188} INFO - [2026-06-12T11:15:13.423+0000] {dag.py:3036} INFO - Sync 1 DAGs
[2026-06-12T11:15:13.445+0000] {logging_mixin.py:188} INFO - [2026-06-12T11:15:13.445+0000] {dag.py:3823} INFO - Setting next_dagrun for example_params_trigger_ui to None, run_after=None
[2026-06-12T11:15:13.478+0000] {processor.py:183} INFO - Processing /home/airflow/.local/lib/python3.8/site-packages/airflow/example_dags/example_params_trigger_ui.py took 0.189 seconds
[2026-06-12T11:15:43.755+0000] {processor.py:161} INFO - Started process (PID=1741) to work on /home/airflow/.local/lib/python3.8/site-packages/airflow/example_dags/example_params_trigger_ui.py
[2026-06-12T11:15:43.756+0000] {processor.py:830} INFO - Processing file /home/airflow/.local/lib/python3.8/site-packages/airflow/example_dags/example_params_trigger_ui.py for tasks to queue
[2026-06-12T11:15:43.759+0000] {logging_mixin.py:188} INFO - [2026-06-12T11:15:43.759+0000] {dagbag.py:538} INFO - Filling up the DagBag from /home/airflow/.local/lib/python3.8/site-packages/airflow/example_dags/example_params_trigger_ui.py
[2026-06-12T11:15:43.785+0000] {processor.py:840} INFO - DAG(s) 'example_params_trigger_ui' retrieved from /home/airflow/.local/lib/python3.8/site-packages/airflow/example_dags/example_params_trigger_ui.py
[2026-06-12T11:15:43.923+0000] {logging_mixin.py:188} INFO - [2026-06-12T11:15:43.923+0000] {dag.py:3036} INFO - Sync 1 DAGs
[2026-06-12T11:15:43.948+0000] {logging_mixin.py:188} INFO - [2026-06-12T11:15:43.947+0000] {dag.py:3823} INFO - Setting next_dagrun for example_params_trigger_ui to None, run_after=None
[2026-06-12T11:15:43.983+0000] {processor.py:183} INFO - Processing /home/airflow/.local/lib/python3.8/site-packages/airflow/example_dags/example_params_trigger_ui.py took 0.234 seconds
[2026-06-12T11:16:14.080+0000] {processor.py:161} INFO - Started process (PID=1807) to work on /home/airflow/.local/lib/python3.8/site-packages/airflow/example_dags/example_params_trigger_ui.py
[2026-06-12T11:16:14.082+0000] {processor.py:830} INFO - Processing file /home/airflow/.local/lib/python3.8/site-packages/airflow/example_dags/example_params_trigger_ui.py for tasks to queue
[2026-06-12T11:16:14.086+0000] {logging_mixin.py:188} INFO - [2026-06-12T11:16:14.085+0000] {dagbag.py:538} INFO - Filling up the DagBag from /home/airflow/.local/lib/python3.8/site-packages/airflow/example_dags/example_params_trigger_ui.py
[2026-06-12T11:16:14.112+0000] {processor.py:840} INFO - DAG(s) 'example_params_trigger_ui' retrieved from /home/airflow/.local/lib/python3.8/site-packages/airflow/example_dags/example_params_trigger_ui.py
[2026-06-12T11:16:14.239+0000] {logging_mixin.py:188} INFO - [2026-06-12T11:16:14.239+0000] {dag.py:3036} INFO - Sync 1 DAGs
[2026-06-12T11:16:14.264+0000] {logging_mixin.py:188} INFO - [2026-06-12T11:16:14.264+0000] {dag.py:3823} INFO - Setting next_dagrun for example_params_trigger_ui to None, run_after=None
[2026-06-12T11:16:14.301+0000] {processor.py:183} INFO - Processing /home/airflow/.local/lib/python3.8/site-packages/airflow/example_dags/example_params_trigger_ui.py took 0.228 seconds
[2026-06-12T11:16:45.020+0000] {processor.py:161} INFO - Started process (PID=1873) to work on /home/airflow/.local/lib/python3.8/site-packages/airflow/example_dags/example_params_trigger_ui.py
[2026-06-12T11:16:45.022+0000] {processor.py:830} INFO - Processing file /home/airflow/.local/lib/python3.8/site-packages/airflow/example_dags/example_params_trigger_ui.py for tasks to queue
[2026-06-12T11:16:45.025+0000] {logging_mixin.py:188} INFO - [2026-06-12T11:16:45.025+0000] {dagbag.py:538} INFO - Filling up the DagBag from /home/airflow/.local/lib/python3.8/site-packages/airflow/example_dags/example_params_trigger_ui.py
[2026-06-12T11:16:45.063+0000] {processor.py:840} INFO - DAG(s) 'example_params_trigger_ui' retrieved from /home/airflow/.local/lib/python3.8/site-packages/airflow/example_dags/example_params_trigger_ui.py
[2026-06-12T11:16:45.248+0000] {logging_mixin.py:188} INFO - [2026-06-12T11:16:45.247+0000] {dag.py:3036} INFO - Sync 1 DAGs
[2026-06-12T11:16:45.288+0000] {logging_mixin.py:188} INFO - [2026-06-12T11:16:45.288+0000] {dag.py:3823} INFO - Setting next_dagrun for example_params_trigger_ui to None, run_after=None
[2026-06-12T11:16:45.321+0000] {processor.py:183} INFO - Processing /home/airflow/.local/lib/python3.8/site-packages/airflow/example_dags/example_params_trigger_ui.py took 0.308 seconds
[2026-06-12T11:17:15.590+0000] {processor.py:161} INFO - Started process (PID=1938) to work on /home/airflow/.local/lib/python3.8/site-packages/airflow/example_dags/example_params_trigger_ui.py
[2026-06-12T11:17:15.591+0000] {processor.py:830} INFO - Processing file /home/airflow/.local/lib/python3.8/site-packages/airflow/example_dags/example_params_trigger_ui.py for tasks to queue
[2026-06-12T11:17:15.594+0000] {logging_mixin.py:188} INFO - [2026-06-12T11:17:15.593+0000] {dagbag.py:538} INFO - Filling up the DagBag from /home/airflow/.local/lib/python3.8/site-packages/airflow/example_dags/example_params_trigger_ui.py
[2026-06-12T11:17:15.616+0000] {processor.py:840} INFO - DAG(s) 'example_params_trigger_ui' retrieved from /home/airflow/.local/lib/python3.8/site-packages/airflow/example_dags/example_params_trigger_ui.py
[2026-06-12T11:17:15.752+0000] {logging_mixin.py:188} INFO - [2026-06-12T11:17:15.751+0000] {dag.py:3036} INFO - Sync 1 DAGs
[2026-06-12T11:17:15.802+0000] {logging_mixin.py:188} INFO - [2026-06-12T11:17:15.802+0000] {dag.py:3823} INFO - Setting next_dagrun for example_params_trigger_ui to None, run_after=None
[2026-06-12T11:17:15.846+0000] {processor.py:183} INFO - Processing /home/airflow/.local/lib/python3.8/site-packages/airflow/example_dags/example_params_trigger_ui.py took 0.261 seconds
[2026-06-12T11:17:45.907+0000] {processor.py:161} INFO - Started process (PID=2004) to work on /home/airflow/.local/lib/python3.8/site-packages/airflow/example_dags/example_params_trigger_ui.py
[2026-06-12T11:17:45.909+0000] {processor.py:830} INFO - Processing file /home/airflow/.local/lib/python3.8/site-packages/airflow/example_dags/example_params_trigger_ui.py for tasks to queue
[2026-06-12T11:17:45.912+0000] {logging_mixin.py:188} INFO - [2026-06-12T11:17:45.911+0000] {dagbag.py:538} INFO - Filling up the DagBag from /home/airflow/.local/lib/python3.8/site-packages/airflow/example_dags/example_params_trigger_ui.py
[2026-06-12T11:17:45.931+0000] {processor.py:840} INFO - DAG(s) 'example_params_trigger_ui' retrieved from /home/airflow/.local/lib/python3.8/site-packages/airflow/example_dags/example_params_trigger_ui.py
[2026-06-12T11:17:46.035+0000] {logging_mixin.py:188} INFO - [2026-06-12T11:17:46.034+0000] {dag.py:3036} INFO - Sync 1 DAGs
[2026-06-12T11:17:46.055+0000] {logging_mixin.py:188} INFO - [2026-06-12T11:17:46.054+0000] {dag.py:3823} INFO - Setting next_dagrun for example_params_trigger_ui to None, run_after=None
[2026-06-12T11:17:46.085+0000] {processor.py:183} INFO - Processing /home/airflow/.local/lib/python3.8/site-packages/airflow/example_dags/example_params_trigger_ui.py took 0.182 seconds
[2026-06-12T11:18:16.134+0000] {processor.py:161} INFO - Started process (PID=2070) to work on /home/airflow/.local/lib/python3.8/site-packages/airflow/example_dags/example_params_trigger_ui.py
[2026-06-12T11:18:16.136+0000] {processor.py:830} INFO - Processing file /home/airflow/.local/lib/python3.8/site-packages/airflow/example_dags/example_params_trigger_ui.py for tasks to queue
[2026-06-12T11:18:16.138+0000] {logging_mixin.py:188} INFO - [2026-06-12T11:18:16.138+0000] {dagbag.py:538} INFO - Filling up the DagBag from /home/airflow/.local/lib/python3.8/site-packages/airflow/example_dags/example_params_trigger_ui.py
[2026-06-12T11:18:16.158+0000] {processor.py:840} INFO - DAG(s) 'example_params_trigger_ui' retrieved from /home/airflow/.local/lib/python3.8/site-packages/airflow/example_dags/example_params_trigger_ui.py
[2026-06-12T11:18:16.249+0000] {logging_mixin.py:188} INFO - [2026-06-12T11:18:16.249+0000] {dag.py:3036} INFO - Sync 1 DAGs
[2026-06-12T11:18:16.267+0000] {logging_mixin.py:188} INFO - [2026-06-12T11:18:16.267+0000] {dag.py:3823} INFO - Setting next_dagrun for example_params_trigger_ui to None, run_after=None
[2026-06-12T11:18:16.296+0000] {processor.py:183} INFO - Processing /home/airflow/.local/lib/python3.8/site-packages/airflow/example_dags/example_params_trigger_ui.py took 0.167 seconds
[2026-06-12T11:18:46.452+0000] {processor.py:161} INFO - Started process (PID=2136) to work on /home/airflow/.local/lib/python3.8/site-packages/airflow/example_dags/example_params_trigger_ui.py
[2026-06-12T11:18:46.454+0000] {processor.py:830} INFO - Processing file /home/airflow/.local/lib/python3.8/site-packages/airflow/example_dags/example_params_trigger_ui.py for tasks to queue
[2026-06-12T11:18:46.457+0000] {logging_mixin.py:188} INFO - [2026-06-12T11:18:46.457+0000] {dagbag.py:538} INFO - Filling up the DagBag from /home/airflow/.local/lib/python3.8/site-packages/airflow/example_dags/example_params_trigger_ui.py
[2026-06-12T11:18:46.479+0000] {processor.py:840} INFO - DAG(s) 'example_params_trigger_ui' retrieved from /home/airflow/.local/lib/python3.8/site-packages/airflow/example_dags/example_params_trigger_ui.py
[2026-06-12T11:18:46.598+0000] {logging_mixin.py:188} INFO - [2026-06-12T11:18:46.597+0000] {dag.py:3036} INFO - Sync 1 DAGs
[2026-06-12T11:18:46.620+0000] {logging_mixin.py:188} INFO - [2026-06-12T11:18:46.620+0000] {dag.py:3823} INFO - Setting next_dagrun for example_params_trigger_ui to None, run_after=None
[2026-06-12T11:18:46.652+0000] {processor.py:183} INFO - Processing /home/airflow/.local/lib/python3.8/site-packages/airflow/example_dags/example_params_trigger_ui.py took 0.205 seconds
[2026-06-12T11:19:16.873+0000] {processor.py:161} INFO - Started process (PID=2203) to work on /home/airflow/.local/lib/python3.8/site-packages/airflow/example_dags/example_params_trigger_ui.py
[2026-06-12T11:19:16.874+0000] {processor.py:830} INFO - Processing file /home/airflow/.local/lib/python3.8/site-packages/airflow/example_dags/example_params_trigger_ui.py for tasks to queue
[2026-06-12T11:19:16.877+0000] {logging_mixin.py:188} INFO - [2026-06-12T11:19:16.876+0000] {dagbag.py:538} INFO - Filling up the DagBag from /home/airflow/.local/lib/python3.8/site-packages/airflow/example_dags/example_params_trigger_ui.py
[2026-06-12T11:19:16.901+0000] {processor.py:840} INFO - DAG(s) 'example_params_trigger_ui' retrieved from /home/airflow/.local/lib/python3.8/site-packages/airflow/example_dags/example_params_trigger_ui.py
[2026-06-12T11:19:17.026+0000] {logging_mixin.py:188} INFO - [2026-06-12T11:19:17.026+0000] {dag.py:3036} INFO - Sync 1 DAGs
[2026-06-12T11:19:17.052+0000] {logging_mixin.py:188} INFO - [2026-06-12T11:19:17.051+0000] {dag.py:3823} INFO - Setting next_dagrun for example_params_trigger_ui to None, run_after=None
[2026-06-12T11:19:17.084+0000] {processor.py:183} INFO - Processing /home/airflow/.local/lib/python3.8/site-packages/airflow/example_dags/example_params_trigger_ui.py took 0.216 seconds
[2026-06-12T11:19:47.125+0000] {processor.py:161} INFO - Started process (PID=2269) to work on /home/airflow/.local/lib/python3.8/site-packages/airflow/example_dags/example_params_trigger_ui.py
[2026-06-12T11:19:47.127+0000] {processor.py:830} INFO - Processing file /home/airflow/.local/lib/python3.8/site-packages/airflow/example_dags/example_params_trigger_ui.py for tasks to queue
[2026-06-12T11:19:47.130+0000] {logging_mixin.py:188} INFO - [2026-06-12T11:19:47.129+0000] {dagbag.py:538} INFO - Filling up the DagBag from /home/airflow/.local/lib/python3.8/site-packages/airflow/example_dags/example_params_trigger_ui.py
[2026-06-12T11:19:47.155+0000] {processor.py:840} INFO - DAG(s) 'example_params_trigger_ui' retrieved from /home/airflow/.local/lib/python3.8/site-packages/airflow/example_dags/example_params_trigger_ui.py
[2026-06-12T11:19:47.279+0000] {logging_mixin.py:188} INFO - [2026-06-12T11:19:47.279+0000] {dag.py:3036} INFO - Sync 1 DAGs
[2026-06-12T11:19:47.305+0000] {logging_mixin.py:188} INFO - [2026-06-12T11:19:47.304+0000] {dag.py:3823} INFO - Setting next_dagrun for example_params_trigger_ui to None, run_after=None
[2026-06-12T11:19:47.334+0000] {processor.py:183} INFO - Processing /home/airflow/.local/lib/python3.8/site-packages/airflow/example_dags/example_params_trigger_ui.py took 0.215 seconds
[2026-06-12T11:20:17.411+0000] {processor.py:161} INFO - Started process (PID=2335) to work on /home/airflow/.local/lib/python3.8/site-packages/airflow/example_dags/example_params_trigger_ui.py
[2026-06-12T11:20:17.413+0000] {processor.py:830} INFO - Processing file /home/airflow/.local/lib/python3.8/site-packages/airflow/example_dags/example_params_trigger_ui.py for tasks to queue
[2026-06-12T11:20:17.415+0000] {logging_mixin.py:188} INFO - [2026-06-12T11:20:17.415+0000] {dagbag.py:538} INFO - Filling up the DagBag from /home/airflow/.local/lib/python3.8/site-packages/airflow/example_dags/example_params_trigger_ui.py
[2026-06-12T11:20:17.437+0000] {processor.py:840} INFO - DAG(s) 'example_params_trigger_ui' retrieved from /home/airflow/.local/lib/python3.8/site-packages/airflow/example_dags/example_params_trigger_ui.py
[2026-06-12T11:20:17.538+0000] {logging_mixin.py:188} INFO - [2026-06-12T11:20:17.537+0000] {dag.py:3036} INFO - Sync 1 DAGs
[2026-06-12T11:20:17.562+0000] {logging_mixin.py:188} INFO - [2026-06-12T11:20:17.561+0000] {dag.py:3823} INFO - Setting next_dagrun for example_params_trigger_ui to None, run_after=None
[2026-06-12T11:20:17.598+0000] {processor.py:183} INFO - Processing /home/airflow/.local/lib/python3.8/site-packages/airflow/example_dags/example_params_trigger_ui.py took 0.191 seconds
[2026-06-12T11:20:47.925+0000] {processor.py:161} INFO - Started process (PID=2409) to work on /home/airflow/.local/lib/python3.8/site-packages/airflow/example_dags/example_params_trigger_ui.py
[2026-06-12T11:20:47.927+0000] {processor.py:830} INFO - Processing file /home/airflow/.local/lib/python3.8/site-packages/airflow/example_dags/example_params_trigger_ui.py for tasks to queue
[2026-06-12T11:20:47.930+0000] {logging_mixin.py:188} INFO - [2026-06-12T11:20:47.929+0000] {dagbag.py:538} INFO - Filling up the DagBag from /home/airflow/.local/lib/python3.8/site-packages/airflow/example_dags/example_params_trigger_ui.py
[2026-06-12T11:20:47.956+0000] {processor.py:840} INFO - DAG(s) 'example_params_trigger_ui' retrieved from /home/airflow/.local/lib/python3.8/site-packages/airflow/example_dags/example_params_trigger_ui.py
[2026-06-12T11:20:48.072+0000] {logging_mixin.py:188} INFO - [2026-06-12T11:20:48.072+0000] {dag.py:3036} INFO - Sync 1 DAGs
[2026-06-12T11:20:48.096+0000] {logging_mixin.py:188} INFO - [2026-06-12T11:20:48.096+0000] {dag.py:3823} INFO - Setting next_dagrun for example_params_trigger_ui to None, run_after=None
[2026-06-12T11:20:48.129+0000] {processor.py:183} INFO - Processing /home/airflow/.local/lib/python3.8/site-packages/airflow/example_dags/example_params_trigger_ui.py took 0.210 seconds
[2026-06-12T11:21:18.541+0000] {processor.py:161} INFO - Started process (PID=2474) to work on /home/airflow/.local/lib/python3.8/site-packages/airflow/example_dags/example_params_trigger_ui.py
[2026-06-12T11:21:18.543+0000] {processor.py:830} INFO - Processing file /home/airflow/.local/lib/python3.8/site-packages/airflow/example_dags/example_params_trigger_ui.py for tasks to queue
[2026-06-12T11:21:18.545+0000] {logging_mixin.py:188} INFO - [2026-06-12T11:21:18.545+0000] {dagbag.py:538} INFO - Filling up the DagBag from /home/airflow/.local/lib/python3.8/site-packages/airflow/example_dags/example_params_trigger_ui.py
[2026-06-12T11:21:18.564+0000] {processor.py:840} INFO - DAG(s) 'example_params_trigger_ui' retrieved from /home/airflow/.local/lib/python3.8/site-packages/airflow/example_dags/example_params_trigger_ui.py
[2026-06-12T11:21:18.665+0000] {logging_mixin.py:188} INFO - [2026-06-12T11:21:18.665+0000] {dag.py:3036} INFO - Sync 1 DAGs
[2026-06-12T11:21:18.684+0000] {logging_mixin.py:188} INFO - [2026-06-12T11:21:18.683+0000] {dag.py:3823} INFO - Setting next_dagrun for example_params_trigger_ui to None, run_after=None
[2026-06-12T11:21:18.712+0000] {processor.py:183} INFO - Processing /home/airflow/.local/lib/python3.8/site-packages/airflow/example_dags/example_params_trigger_ui.py took 0.176 seconds
[2026-06-12T11:21:48.985+0000] {processor.py:161} INFO - Started process (PID=2540) to work on /home/airflow/.local/lib/python3.8/site-packages/airflow/example_dags/example_params_trigger_ui.py
[2026-06-12T11:21:48.987+0000] {processor.py:830} INFO - Processing file /home/airflow/.local/lib/python3.8/site-packages/airflow/example_dags/example_params_trigger_ui.py for tasks to queue
[2026-06-12T11:21:48.991+0000] {logging_mixin.py:188} INFO - [2026-06-12T11:21:48.990+0000] {dagbag.py:538} INFO - Filling up the DagBag from /home/airflow/.local/lib/python3.8/site-packages/airflow/example_dags/example_params_trigger_ui.py
[2026-06-12T11:21:49.016+0000] {processor.py:840} INFO - DAG(s) 'example_params_trigger_ui' retrieved from /home/airflow/.local/lib/python3.8/site-packages/airflow/example_dags/example_params_trigger_ui.py
[2026-06-12T11:21:49.131+0000] {logging_mixin.py:188} INFO - [2026-06-12T11:21:49.131+0000] {dag.py:3036} INFO - Sync 1 DAGs
[2026-06-12T11:21:49.156+0000] {logging_mixin.py:188} INFO - [2026-06-12T11:21:49.156+0000] {dag.py:3823} INFO - Setting next_dagrun for example_params_trigger_ui to None, run_after=None
[2026-06-12T11:21:49.189+0000] {processor.py:183} INFO - Processing /home/airflow/.local/lib/python3.8/site-packages/airflow/example_dags/example_params_trigger_ui.py took 0.210 seconds
[2026-06-12T11:22:19.933+0000] {processor.py:161} INFO - Started process (PID=2606) to work on /home/airflow/.local/lib/python3.8/site-packages/airflow/example_dags/example_params_trigger_ui.py
[2026-06-12T11:22:19.934+0000] {processor.py:830} INFO - Processing file /home/airflow/.local/lib/python3.8/site-packages/airflow/example_dags/example_params_trigger_ui.py for tasks to queue
[2026-06-12T11:22:19.937+0000] {logging_mixin.py:188} INFO - [2026-06-12T11:22:19.937+0000] {dagbag.py:538} INFO - Filling up the DagBag from /home/airflow/.local/lib/python3.8/site-packages/airflow/example_dags/example_params_trigger_ui.py
[2026-06-12T11:22:19.958+0000] {processor.py:840} INFO - DAG(s) 'example_params_trigger_ui' retrieved from /home/airflow/.local/lib/python3.8/site-packages/airflow/example_dags/example_params_trigger_ui.py
[2026-06-12T11:22:20.060+0000] {logging_mixin.py:188} INFO - [2026-06-12T11:22:20.060+0000] {dag.py:3036} INFO - Sync 1 DAGs
[2026-06-12T11:22:20.085+0000] {logging_mixin.py:188} INFO - [2026-06-12T11:22:20.084+0000] {dag.py:3823} INFO - Setting next_dagrun for example_params_trigger_ui to None, run_after=None
[2026-06-12T11:22:20.118+0000] {processor.py:183} INFO - Processing /home/airflow/.local/lib/python3.8/site-packages/airflow/example_dags/example_params_trigger_ui.py took 0.191 seconds
[2026-06-12T11:22:50.548+0000] {processor.py:161} INFO - Started process (PID=2672) to work on /home/airflow/.local/lib/python3.8/site-packages/airflow/example_dags/example_params_trigger_ui.py
[2026-06-12T11:22:50.550+0000] {processor.py:830} INFO - Processing file /home/airflow/.local/lib/python3.8/site-packages/airflow/example_dags/example_params_trigger_ui.py for tasks to queue
[2026-06-12T11:22:50.553+0000] {logging_mixin.py:188} INFO - [2026-06-12T11:22:50.552+0000] {dagbag.py:538} INFO - Filling up the DagBag from /home/airflow/.local/lib/python3.8/site-packages/airflow/example_dags/example_params_trigger_ui.py
[2026-06-12T11:22:50.580+0000] {processor.py:840} INFO - DAG(s) 'example_params_trigger_ui' retrieved from /home/airflow/.local/lib/python3.8/site-packages/airflow/example_dags/example_params_trigger_ui.py
[2026-06-12T11:22:50.687+0000] {logging_mixin.py:188} INFO - [2026-06-12T11:22:50.687+0000] {dag.py:3036} INFO - Sync 1 DAGs
[2026-06-12T11:22:50.709+0000] {logging_mixin.py:188} INFO - [2026-06-12T11:22:50.709+0000] {dag.py:3823} INFO - Setting next_dagrun for example_params_trigger_ui to None, run_after=None
[2026-06-12T11:22:50.743+0000] {processor.py:183} INFO - Processing /home/airflow/.local/lib/python3.8/site-packages/airflow/example_dags/example_params_trigger_ui.py took 0.201 seconds
[2026-06-12T11:23:21.462+0000] {processor.py:161} INFO - Started process (PID=2737) to work on /home/airflow/.local/lib/python3.8/site-packages/airflow/example_dags/example_params_trigger_ui.py
[2026-06-12T11:23:21.464+0000] {processor.py:830} INFO - Processing file /home/airflow/.local/lib/python3.8/site-packages/airflow/example_dags/example_params_trigger_ui.py for tasks to queue
[2026-06-12T11:23:21.467+0000] {logging_mixin.py:188} INFO - [2026-06-12T11:23:21.466+0000] {dagbag.py:538} INFO - Filling up the DagBag from /home/airflow/.local/lib/python3.8/site-packages/airflow/example_dags/example_params_trigger_ui.py
[2026-06-12T11:23:21.487+0000] {processor.py:840} INFO - DAG(s) 'example_params_trigger_ui' retrieved from /home/airflow/.local/lib/python3.8/site-packages/airflow/example_dags/example_params_trigger_ui.py
[2026-06-12T11:23:21.587+0000] {logging_mixin.py:188} INFO - [2026-06-12T11:23:21.586+0000] {dag.py:3036} INFO - Sync 1 DAGs
[2026-06-12T11:23:21.606+0000] {logging_mixin.py:188} INFO - [2026-06-12T11:23:21.605+0000] {dag.py:3823} INFO - Setting next_dagrun for example_params_trigger_ui to None, run_after=None
[2026-06-12T11:23:21.635+0000] {processor.py:183} INFO - Processing /home/airflow/.local/lib/python3.8/site-packages/airflow/example_dags/example_params_trigger_ui.py took 0.177 seconds
[2026-06-12T11:23:51.681+0000] {processor.py:161} INFO - Started process (PID=2801) to work on /home/airflow/.local/lib/python3.8/site-packages/airflow/example_dags/example_params_trigger_ui.py
[2026-06-12T11:23:51.682+0000] {processor.py:830} INFO - Processing file /home/airflow/.local/lib/python3.8/site-packages/airflow/example_dags/example_params_trigger_ui.py for tasks to queue
[2026-06-12T11:23:51.684+0000] {logging_mixin.py:188} INFO - [2026-06-12T11:23:51.684+0000] {dagbag.py:538} INFO - Filling up the DagBag from /home/airflow/.local/lib/python3.8/site-packages/airflow/example_dags/example_params_trigger_ui.py
[2026-06-12T11:23:51.704+0000] {processor.py:840} INFO - DAG(s) 'example_params_trigger_ui' retrieved from /home/airflow/.local/lib/python3.8/site-packages/airflow/example_dags/example_params_trigger_ui.py
[2026-06-12T11:23:51.794+0000] {logging_mixin.py:188} INFO - [2026-06-12T11:23:51.793+0000] {dag.py:3036} INFO - Sync 1 DAGs
[2026-06-12T11:23:51.812+0000] {logging_mixin.py:188} INFO - [2026-06-12T11:23:51.811+0000] {dag.py:3823} INFO - Setting next_dagrun for example_params_trigger_ui to None, run_after=None
[2026-06-12T11:23:51.839+0000] {processor.py:183} INFO - Processing /home/airflow/.local/lib/python3.8/site-packages/airflow/example_dags/example_params_trigger_ui.py took 0.163 seconds
[2026-06-12T11:24:22.049+0000] {processor.py:161} INFO - Started process (PID=2867) to work on /home/airflow/.local/lib/python3.8/site-packages/airflow/example_dags/example_params_trigger_ui.py
[2026-06-12T11:24:22.051+0000] {processor.py:830} INFO - Processing file /home/airflow/.local/lib/python3.8/site-packages/airflow/example_dags/example_params_trigger_ui.py for tasks to queue
[2026-06-12T11:24:22.054+0000] {logging_mixin.py:188} INFO - [2026-06-12T11:24:22.053+0000] {dagbag.py:538} INFO - Filling up the DagBag from /home/airflow/.local/lib/python3.8/site-packages/airflow/example_dags/example_params_trigger_ui.py
[2026-06-12T11:24:22.077+0000] {processor.py:840} INFO - DAG(s) 'example_params_trigger_ui' retrieved from /home/airflow/.local/lib/python3.8/site-packages/airflow/example_dags/example_params_trigger_ui.py
[2026-06-12T11:24:22.171+0000] {logging_mixin.py:188} INFO - [2026-06-12T11:24:22.171+0000] {dag.py:3036} INFO - Sync 1 DAGs
[2026-06-12T11:24:22.192+0000] {logging_mixin.py:188} INFO - [2026-06-12T11:24:22.192+0000] {dag.py:3823} INFO - Setting next_dagrun for example_params_trigger_ui to None, run_after=None
[2026-06-12T11:24:22.224+0000] {processor.py:183} INFO - Processing /home/airflow/.local/lib/python3.8/site-packages/airflow/example_dags/example_params_trigger_ui.py took 0.180 seconds
[2026-06-12T11:24:53.069+0000] {processor.py:161} INFO - Started process (PID=2941) to work on /home/airflow/.local/lib/python3.8/site-packages/airflow/example_dags/example_params_trigger_ui.py
[2026-06-12T11:24:53.071+0000] {processor.py:830} INFO - Processing file /home/airflow/.local/lib/python3.8/site-packages/airflow/example_dags/example_params_trigger_ui.py for tasks to queue
[2026-06-12T11:24:53.073+0000] {logging_mixin.py:188} INFO - [2026-06-12T11:24:53.073+0000] {dagbag.py:538} INFO - Filling up the DagBag from /home/airflow/.local/lib/python3.8/site-packages/airflow/example_dags/example_params_trigger_ui.py
[2026-06-12T11:24:53.095+0000] {processor.py:840} INFO - DAG(s) 'example_params_trigger_ui' retrieved from /home/airflow/.local/lib/python3.8/site-packages/airflow/example_dags/example_params_trigger_ui.py
[2026-06-12T11:24:53.231+0000] {logging_mixin.py:188} INFO - [2026-06-12T11:24:53.230+0000] {dag.py:3036} INFO - Sync 1 DAGs
[2026-06-12T11:24:53.254+0000] {logging_mixin.py:188} INFO - [2026-06-12T11:24:53.254+0000] {dag.py:3823} INFO - Setting next_dagrun for example_params_trigger_ui to None, run_after=None
[2026-06-12T11:24:53.295+0000] {processor.py:183} INFO - Processing /home/airflow/.local/lib/python3.8/site-packages/airflow/example_dags/example_params_trigger_ui.py took 0.232 seconds
[2026-06-12T11:25:24.155+0000] {processor.py:161} INFO - Started process (PID=3008) to work on /home/airflow/.local/lib/python3.8/site-packages/airflow/example_dags/example_params_trigger_ui.py
[2026-06-12T11:25:24.165+0000] {processor.py:830} INFO - Processing file /home/airflow/.local/lib/python3.8/site-packages/airflow/example_dags/example_params_trigger_ui.py for tasks to queue
[2026-06-12T11:25:24.168+0000] {logging_mixin.py:188} INFO - [2026-06-12T11:25:24.167+0000] {dagbag.py:538} INFO - Filling up the DagBag from /home/airflow/.local/lib/python3.8/site-packages/airflow/example_dags/example_params_trigger_ui.py
[2026-06-12T11:25:24.193+0000] {processor.py:840} INFO - DAG(s) 'example_params_trigger_ui' retrieved from /home/airflow/.local/lib/python3.8/site-packages/airflow/example_dags/example_params_trigger_ui.py
[2026-06-12T11:25:24.318+0000] {logging_mixin.py:188} INFO - [2026-06-12T11:25:24.318+0000] {dag.py:3036} INFO - Sync 1 DAGs
[2026-06-12T11:25:24.536+0000] {logging_mixin.py:188} INFO - [2026-06-12T11:25:24.536+0000] {dag.py:3823} INFO - Setting next_dagrun for example_params_trigger_ui to None, run_after=None
[2026-06-12T11:25:24.569+0000] {processor.py:183} INFO - Processing /home/airflow/.local/lib/python3.8/site-packages/airflow/example_dags/example_params_trigger_ui.py took 0.420 seconds
[2026-06-12T11:25:55.359+0000] {processor.py:161} INFO - Started process (PID=3073) to work on /home/airflow/.local/lib/python3.8/site-packages/airflow/example_dags/example_params_trigger_ui.py
[2026-06-12T11:25:55.361+0000] {processor.py:830} INFO - Processing file /home/airflow/.local/lib/python3.8/site-packages/airflow/example_dags/example_params_trigger_ui.py for tasks to queue
[2026-06-12T11:25:55.364+0000] {logging_mixin.py:188} INFO - [2026-06-12T11:25:55.364+0000] {dagbag.py:538} INFO - Filling up the DagBag from /home/airflow/.local/lib/python3.8/site-packages/airflow/example_dags/example_params_trigger_ui.py
[2026-06-12T11:25:55.390+0000] {processor.py:840} INFO - DAG(s) 'example_params_trigger_ui' retrieved from /home/airflow/.local/lib/python3.8/site-packages/airflow/example_dags/example_params_trigger_ui.py
[2026-06-12T11:25:55.513+0000] {logging_mixin.py:188} INFO - [2026-06-12T11:25:55.513+0000] {dag.py:3036} INFO - Sync 1 DAGs
[2026-06-12T11:25:55.539+0000] {logging_mixin.py:188} INFO - [2026-06-12T11:25:55.538+0000] {dag.py:3823} INFO - Setting next_dagrun for example_params_trigger_ui to None, run_after=None
[2026-06-12T11:25:55.820+0000] {processor.py:183} INFO - Processing /home/airflow/.local/lib/python3.8/site-packages/airflow/example_dags/example_params_trigger_ui.py took 0.468 seconds
[2026-06-12T11:26:26.479+0000] {processor.py:161} INFO - Started process (PID=3140) to work on /home/airflow/.local/lib/python3.8/site-packages/airflow/example_dags/example_params_trigger_ui.py
[2026-06-12T11:26:26.481+0000] {processor.py:830} INFO - Processing file /home/airflow/.local/lib/python3.8/site-packages/airflow/example_dags/example_params_trigger_ui.py for tasks to queue
[2026-06-12T11:26:26.483+0000] {logging_mixin.py:188} INFO - [2026-06-12T11:26:26.483+0000] {dagbag.py:538} INFO - Filling up the DagBag from /home/airflow/.local/lib/python3.8/site-packages/airflow/example_dags/example_params_trigger_ui.py
[2026-06-12T11:26:26.504+0000] {processor.py:840} INFO - DAG(s) 'example_params_trigger_ui' retrieved from /home/airflow/.local/lib/python3.8/site-packages/airflow/example_dags/example_params_trigger_ui.py
[2026-06-12T11:26:26.597+0000] {logging_mixin.py:188} INFO - [2026-06-12T11:26:26.597+0000] {dag.py:3036} INFO - Sync 1 DAGs
[2026-06-12T11:26:26.618+0000] {logging_mixin.py:188} INFO - [2026-06-12T11:26:26.618+0000] {dag.py:3823} INFO - Setting next_dagrun for example_params_trigger_ui to None, run_after=None
[2026-06-12T11:26:26.649+0000] {processor.py:183} INFO - Processing /home/airflow/.local/lib/python3.8/site-packages/airflow/example_dags/example_params_trigger_ui.py took 0.176 seconds
[2026-06-12T11:26:57.031+0000] {processor.py:161} INFO - Started process (PID=3207) to work on /home/airflow/.local/lib/python3.8/site-packages/airflow/example_dags/example_params_trigger_ui.py
[2026-06-12T11:26:57.033+0000] {processor.py:830} INFO - Processing file /home/airflow/.local/lib/python3.8/site-packages/airflow/example_dags/example_params_trigger_ui.py for tasks to queue
[2026-06-12T11:26:57.036+0000] {logging_mixin.py:188} INFO - [2026-06-12T11:26:57.036+0000] {dagbag.py:538} INFO - Filling up the DagBag from /home/airflow/.local/lib/python3.8/site-packages/airflow/example_dags/example_params_trigger_ui.py
[2026-06-12T11:26:57.244+0000] {processor.py:840} INFO - DAG(s) 'example_params_trigger_ui' retrieved from /home/airflow/.local/lib/python3.8/site-packages/airflow/example_dags/example_params_trigger_ui.py
[2026-06-12T11:26:57.338+0000] {logging_mixin.py:188} INFO - [2026-06-12T11:26:57.338+0000] {dag.py:3036} INFO - Sync 1 DAGs
[2026-06-12T11:26:57.357+0000] {logging_mixin.py:188} INFO - [2026-06-12T11:26:57.357+0000] {dag.py:3823} INFO - Setting next_dagrun for example_params_trigger_ui to None, run_after=None
[2026-06-12T11:26:57.386+0000] {processor.py:183} INFO - Processing /home/airflow/.local/lib/python3.8/site-packages/airflow/example_dags/example_params_trigger_ui.py took 0.360 seconds
[2026-06-12T11:27:27.735+0000] {processor.py:161} INFO - Started process (PID=3273) to work on /home/airflow/.local/lib/python3.8/site-packages/airflow/example_dags/example_params_trigger_ui.py
[2026-06-12T11:27:27.736+0000] {processor.py:830} INFO - Processing file /home/airflow/.local/lib/python3.8/site-packages/airflow/example_dags/example_params_trigger_ui.py for tasks to queue
[2026-06-12T11:27:27.739+0000] {logging_mixin.py:188} INFO - [2026-06-12T11:27:27.739+0000] {dagbag.py:538} INFO - Filling up the DagBag from /home/airflow/.local/lib/python3.8/site-packages/airflow/example_dags/example_params_trigger_ui.py
[2026-06-12T11:27:27.761+0000] {processor.py:840} INFO - DAG(s) 'example_params_trigger_ui' retrieved from /home/airflow/.local/lib/python3.8/site-packages/airflow/example_dags/example_params_trigger_ui.py
[2026-06-12T11:27:27.864+0000] {logging_mixin.py:188} INFO - [2026-06-12T11:27:27.864+0000] {dag.py:3036} INFO - Sync 1 DAGs
[2026-06-12T11:27:27.883+0000] {logging_mixin.py:188} INFO - [2026-06-12T11:27:27.883+0000] {dag.py:3823} INFO - Setting next_dagrun for example_params_trigger_ui to None, run_after=None
[2026-06-12T11:27:27.910+0000] {processor.py:183} INFO - Processing /home/airflow/.local/lib/python3.8/site-packages/airflow/example_dags/example_params_trigger_ui.py took 0.180 seconds
[2026-06-12T11:27:58.074+0000] {processor.py:161} INFO - Started process (PID=3338) to work on /home/airflow/.local/lib/python3.8/site-packages/airflow/example_dags/example_params_trigger_ui.py
[2026-06-12T11:27:58.076+0000] {processor.py:830} INFO - Processing file /home/airflow/.local/lib/python3.8/site-packages/airflow/example_dags/example_params_trigger_ui.py for tasks to queue
[2026-06-12T11:27:58.079+0000] {logging_mixin.py:188} INFO - [2026-06-12T11:27:58.079+0000] {dagbag.py:538} INFO - Filling up the DagBag from /home/airflow/.local/lib/python3.8/site-packages/airflow/example_dags/example_params_trigger_ui.py
[2026-06-12T11:27:58.104+0000] {processor.py:840} INFO - DAG(s) 'example_params_trigger_ui' retrieved from /home/airflow/.local/lib/python3.8/site-packages/airflow/example_dags/example_params_trigger_ui.py
[2026-06-12T11:27:58.201+0000] {logging_mixin.py:188} INFO - [2026-06-12T11:27:58.201+0000] {dag.py:3036} INFO - Sync 1 DAGs
[2026-06-12T11:27:58.221+0000] {logging_mixin.py:188} INFO - [2026-06-12T11:27:58.220+0000] {dag.py:3823} INFO - Setting next_dagrun for example_params_trigger_ui to None, run_after=None
[2026-06-12T11:27:58.248+0000] {processor.py:183} INFO - Processing /home/airflow/.local/lib/python3.8/site-packages/airflow/example_dags/example_params_trigger_ui.py took 0.179 seconds
[2026-06-12T11:28:28.400+0000] {processor.py:161} INFO - Started process (PID=3404) to work on /home/airflow/.local/lib/python3.8/site-packages/airflow/example_dags/example_params_trigger_ui.py
[2026-06-12T11:28:28.401+0000] {processor.py:830} INFO - Processing file /home/airflow/.local/lib/python3.8/site-packages/airflow/example_dags/example_params_trigger_ui.py for tasks to queue
[2026-06-12T11:28:28.404+0000] {logging_mixin.py:188} INFO - [2026-06-12T11:28:28.404+0000] {dagbag.py:538} INFO - Filling up the DagBag from /home/airflow/.local/lib/python3.8/site-packages/airflow/example_dags/example_params_trigger_ui.py
[2026-06-12T11:28:28.430+0000] {processor.py:840} INFO - DAG(s) 'example_params_trigger_ui' retrieved from /home/airflow/.local/lib/python3.8/site-packages/airflow/example_dags/example_params_trigger_ui.py
[2026-06-12T11:28:28.551+0000] {logging_mixin.py:188} INFO - [2026-06-12T11:28:28.551+0000] {dag.py:3036} INFO - Sync 1 DAGs
[2026-06-12T11:28:28.577+0000] {logging_mixin.py:188} INFO - [2026-06-12T11:28:28.576+0000] {dag.py:3823} INFO - Setting next_dagrun for example_params_trigger_ui to None, run_after=None
[2026-06-12T11:28:28.613+0000] {processor.py:183} INFO - Processing /home/airflow/.local/lib/python3.8/site-packages/airflow/example_dags/example_params_trigger_ui.py took 0.218 seconds
[2026-06-12T11:28:58.971+0000] {processor.py:161} INFO - Started process (PID=3469) to work on /home/airflow/.local/lib/python3.8/site-packages/airflow/example_dags/example_params_trigger_ui.py
[2026-06-12T11:28:58.973+0000] {processor.py:830} INFO - Processing file /home/airflow/.local/lib/python3.8/site-packages/airflow/example_dags/example_params_trigger_ui.py for tasks to queue
[2026-06-12T11:28:58.976+0000] {logging_mixin.py:188} INFO - [2026-06-12T11:28:58.976+0000] {dagbag.py:538} INFO - Filling up the DagBag from /home/airflow/.local/lib/python3.8/site-packages/airflow/example_dags/example_params_trigger_ui.py
[2026-06-12T11:28:59.003+0000] {processor.py:840} INFO - DAG(s) 'example_params_trigger_ui' retrieved from /home/airflow/.local/lib/python3.8/site-packages/airflow/example_dags/example_params_trigger_ui.py
[2026-06-12T11:28:59.137+0000] {logging_mixin.py:188} INFO - [2026-06-12T11:28:59.136+0000] {dag.py:3036} INFO - Sync 1 DAGs
[2026-06-12T11:28:59.171+0000] {logging_mixin.py:188} INFO - [2026-06-12T11:28:59.170+0000] {dag.py:3823} INFO - Setting next_dagrun for example_params_trigger_ui to None, run_after=None
[2026-06-12T11:28:59.206+0000] {processor.py:183} INFO - Processing /home/airflow/.local/lib/python3.8/site-packages/airflow/example_dags/example_params_trigger_ui.py took 0.240 seconds
[2026-06-12T11:29:29.856+0000] {processor.py:161} INFO - Started process (PID=3542) to work on /home/airflow/.local/lib/python3.8/site-packages/airflow/example_dags/example_params_trigger_ui.py
[2026-06-12T11:29:29.858+0000] {processor.py:830} INFO - Processing file /home/airflow/.local/lib/python3.8/site-packages/airflow/example_dags/example_params_trigger_ui.py for tasks to queue
[2026-06-12T11:29:29.861+0000] {logging_mixin.py:188} INFO - [2026-06-12T11:29:29.860+0000] {dagbag.py:538} INFO - Filling up the DagBag from /home/airflow/.local/lib/python3.8/site-packages/airflow/example_dags/example_params_trigger_ui.py
[2026-06-12T11:29:29.887+0000] {processor.py:840} INFO - DAG(s) 'example_params_trigger_ui' retrieved from /home/airflow/.local/lib/python3.8/site-packages/airflow/example_dags/example_params_trigger_ui.py
[2026-06-12T11:29:30.010+0000] {logging_mixin.py:188} INFO - [2026-06-12T11:29:30.009+0000] {dag.py:3036} INFO - Sync 1 DAGs
[2026-06-12T11:29:30.036+0000] {logging_mixin.py:188} INFO - [2026-06-12T11:29:30.036+0000] {dag.py:3823} INFO - Setting next_dagrun for example_params_trigger_ui to None, run_after=None
[2026-06-12T11:29:30.072+0000] {processor.py:183} INFO - Processing /home/airflow/.local/lib/python3.8/site-packages/airflow/example_dags/example_params_trigger_ui.py took 0.221 seconds
[2026-06-12T11:30:00.127+0000] {processor.py:161} INFO - Started process (PID=3607) to work on /home/airflow/.local/lib/python3.8/site-packages/airflow/example_dags/example_params_trigger_ui.py
[2026-06-12T11:30:00.129+0000] {processor.py:830} INFO - Processing file /home/airflow/.local/lib/python3.8/site-packages/airflow/example_dags/example_params_trigger_ui.py for tasks to queue
[2026-06-12T11:30:00.132+0000] {logging_mixin.py:188} INFO - [2026-06-12T11:30:00.131+0000] {dagbag.py:538} INFO - Filling up the DagBag from /home/airflow/.local/lib/python3.8/site-packages/airflow/example_dags/example_params_trigger_ui.py
[2026-06-12T11:30:00.157+0000] {processor.py:840} INFO - DAG(s) 'example_params_trigger_ui' retrieved from /home/airflow/.local/lib/python3.8/site-packages/airflow/example_dags/example_params_trigger_ui.py
[2026-06-12T11:30:00.283+0000] {logging_mixin.py:188} INFO - [2026-06-12T11:30:00.283+0000] {dag.py:3036} INFO - Sync 1 DAGs
[2026-06-12T11:30:00.310+0000] {logging_mixin.py:188} INFO - [2026-06-12T11:30:00.309+0000] {dag.py:3823} INFO - Setting next_dagrun for example_params_trigger_ui to None, run_after=None
[2026-06-12T11:30:00.345+0000] {processor.py:183} INFO - Processing /home/airflow/.local/lib/python3.8/site-packages/airflow/example_dags/example_params_trigger_ui.py took 0.223 seconds
[2026-06-12T11:30:30.412+0000] {processor.py:161} INFO - Started process (PID=3673) to work on /home/airflow/.local/lib/python3.8/site-packages/airflow/example_dags/example_params_trigger_ui.py
[2026-06-12T11:30:30.414+0000] {processor.py:830} INFO - Processing file /home/airflow/.local/lib/python3.8/site-packages/airflow/example_dags/example_params_trigger_ui.py for tasks to queue
[2026-06-12T11:30:30.417+0000] {logging_mixin.py:188} INFO - [2026-06-12T11:30:30.416+0000] {dagbag.py:538} INFO - Filling up the DagBag from /home/airflow/.local/lib/python3.8/site-packages/airflow/example_dags/example_params_trigger_ui.py
[2026-06-12T11:30:30.438+0000] {processor.py:840} INFO - DAG(s) 'example_params_trigger_ui' retrieved from /home/airflow/.local/lib/python3.8/site-packages/airflow/example_dags/example_params_trigger_ui.py
[2026-06-12T11:30:30.536+0000] {logging_mixin.py:188} INFO - [2026-06-12T11:30:30.535+0000] {dag.py:3036} INFO - Sync 1 DAGs
[2026-06-12T11:30:30.556+0000] {logging_mixin.py:188} INFO - [2026-06-12T11:30:30.556+0000] {dag.py:3823} INFO - Setting next_dagrun for example_params_trigger_ui to None, run_after=None
[2026-06-12T11:30:30.588+0000] {processor.py:183} INFO - Processing /home/airflow/.local/lib/python3.8/site-packages/airflow/example_dags/example_params_trigger_ui.py took 0.181 seconds
[2026-06-12T11:31:01.311+0000] {processor.py:161} INFO - Started process (PID=3740) to work on /home/airflow/.local/lib/python3.8/site-packages/airflow/example_dags/example_params_trigger_ui.py
[2026-06-12T11:31:01.313+0000] {processor.py:830} INFO - Processing file /home/airflow/.local/lib/python3.8/site-packages/airflow/example_dags/example_params_trigger_ui.py for tasks to queue
[2026-06-12T11:31:01.316+0000] {logging_mixin.py:188} INFO - [2026-06-12T11:31:01.315+0000] {dagbag.py:538} INFO - Filling up the DagBag from /home/airflow/.local/lib/python3.8/site-packages/airflow/example_dags/example_params_trigger_ui.py
[2026-06-12T11:31:01.337+0000] {processor.py:840} INFO - DAG(s) 'example_params_trigger_ui' retrieved from /home/airflow/.local/lib/python3.8/site-packages/airflow/example_dags/example_params_trigger_ui.py
[2026-06-12T11:31:01.431+0000] {logging_mixin.py:188} INFO - [2026-06-12T11:31:01.430+0000] {dag.py:3036} INFO - Sync 1 DAGs
[2026-06-12T11:31:01.454+0000] {logging_mixin.py:188} INFO - [2026-06-12T11:31:01.453+0000] {dag.py:3823} INFO - Setting next_dagrun for example_params_trigger_ui to None, run_after=None
[2026-06-12T11:31:01.484+0000] {processor.py:183} INFO - Processing /home/airflow/.local/lib/python3.8/site-packages/airflow/example_dags/example_params_trigger_ui.py took 0.177 seconds
[2026-06-12T11:31:31.567+0000] {processor.py:161} INFO - Started process (PID=3807) to work on /home/airflow/.local/lib/python3.8/site-packages/airflow/example_dags/example_params_trigger_ui.py
[2026-06-12T11:31:31.568+0000] {processor.py:830} INFO - Processing file /home/airflow/.local/lib/python3.8/site-packages/airflow/example_dags/example_params_trigger_ui.py for tasks to queue
[2026-06-12T11:31:31.571+0000] {logging_mixin.py:188} INFO - [2026-06-12T11:31:31.570+0000] {dagbag.py:538} INFO - Filling up the DagBag from /home/airflow/.local/lib/python3.8/site-packages/airflow/example_dags/example_params_trigger_ui.py
[2026-06-12T11:31:31.594+0000] {processor.py:840} INFO - DAG(s) 'example_params_trigger_ui' retrieved from /home/airflow/.local/lib/python3.8/site-packages/airflow/example_dags/example_params_trigger_ui.py
[2026-06-12T11:31:31.710+0000] {logging_mixin.py:188} INFO - [2026-06-12T11:31:31.710+0000] {dag.py:3036} INFO - Sync 1 DAGs
[2026-06-12T11:31:31.736+0000] {logging_mixin.py:188} INFO - [2026-06-12T11:31:31.734+0000] {dag.py:3823} INFO - Setting next_dagrun for example_params_trigger_ui to None, run_after=None
[2026-06-12T11:31:31.772+0000] {processor.py:183} INFO - Processing /home/airflow/.local/lib/python3.8/site-packages/airflow/example_dags/example_params_trigger_ui.py took 0.210 seconds
[2026-06-12T11:32:02.143+0000] {processor.py:161} INFO - Started process (PID=3874) to work on /home/airflow/.local/lib/python3.8/site-packages/airflow/example_dags/example_params_trigger_ui.py
[2026-06-12T11:32:02.146+0000] {processor.py:830} INFO - Processing file /home/airflow/.local/lib/python3.8/site-packages/airflow/example_dags/example_params_trigger_ui.py for tasks to queue
[2026-06-12T11:32:02.149+0000] {logging_mixin.py:188} INFO - [2026-06-12T11:32:02.148+0000] {dagbag.py:538} INFO - Filling up the DagBag from /home/airflow/.local/lib/python3.8/site-packages/airflow/example_dags/example_params_trigger_ui.py
[2026-06-12T11:32:02.176+0000] {processor.py:840} INFO - DAG(s) 'example_params_trigger_ui' retrieved from /home/airflow/.local/lib/python3.8/site-packages/airflow/example_dags/example_params_trigger_ui.py
[2026-06-12T11:32:02.326+0000] {logging_mixin.py:188} INFO - [2026-06-12T11:32:02.325+0000] {dag.py:3036} INFO - Sync 1 DAGs
[2026-06-12T11:32:02.350+0000] {logging_mixin.py:188} INFO - [2026-06-12T11:32:02.350+0000] {dag.py:3823} INFO - Setting next_dagrun for example_params_trigger_ui to None, run_after=None
[2026-06-12T11:32:02.387+0000] {processor.py:183} INFO - Processing /home/airflow/.local/lib/python3.8/site-packages/airflow/example_dags/example_params_trigger_ui.py took 0.250 seconds
[2026-06-12T11:32:32.584+0000] {processor.py:161} INFO - Started process (PID=3940) to work on /home/airflow/.local/lib/python3.8/site-packages/airflow/example_dags/example_params_trigger_ui.py
[2026-06-12T11:32:32.585+0000] {processor.py:830} INFO - Processing file /home/airflow/.local/lib/python3.8/site-packages/airflow/example_dags/example_params_trigger_ui.py for tasks to queue
[2026-06-12T11:32:32.589+0000] {logging_mixin.py:188} INFO - [2026-06-12T11:32:32.588+0000] {dagbag.py:538} INFO - Filling up the DagBag from /home/airflow/.local/lib/python3.8/site-packages/airflow/example_dags/example_params_trigger_ui.py
[2026-06-12T11:32:32.609+0000] {processor.py:840} INFO - DAG(s) 'example_params_trigger_ui' retrieved from /home/airflow/.local/lib/python3.8/site-packages/airflow/example_dags/example_params_trigger_ui.py
[2026-06-12T11:32:32.699+0000] {logging_mixin.py:188} INFO - [2026-06-12T11:32:32.698+0000] {dag.py:3036} INFO - Sync 1 DAGs
[2026-06-12T11:32:32.718+0000] {logging_mixin.py:188} INFO - [2026-06-12T11:32:32.718+0000] {dag.py:3823} INFO - Setting next_dagrun for example_params_trigger_ui to None, run_after=None
[2026-06-12T11:32:32.751+0000] {processor.py:183} INFO - Processing /home/airflow/.local/lib/python3.8/site-packages/airflow/example_dags/example_params_trigger_ui.py took 0.172 seconds
[2026-06-12T11:33:03.199+0000] {processor.py:161} INFO - Started process (PID=4011) to work on /home/airflow/.local/lib/python3.8/site-packages/airflow/example_dags/example_params_trigger_ui.py
[2026-06-12T11:33:03.201+0000] {processor.py:830} INFO - Processing file /home/airflow/.local/lib/python3.8/site-packages/airflow/example_dags/example_params_trigger_ui.py for tasks to queue
[2026-06-12T11:33:03.204+0000] {logging_mixin.py:188} INFO - [2026-06-12T11:33:03.203+0000] {dagbag.py:538} INFO - Filling up the DagBag from /home/airflow/.local/lib/python3.8/site-packages/airflow/example_dags/example_params_trigger_ui.py
[2026-06-12T11:33:03.226+0000] {processor.py:840} INFO - DAG(s) 'example_params_trigger_ui' retrieved from /home/airflow/.local/lib/python3.8/site-packages/airflow/example_dags/example_params_trigger_ui.py
[2026-06-12T11:33:03.347+0000] {logging_mixin.py:188} INFO - [2026-06-12T11:33:03.347+0000] {dag.py:3036} INFO - Sync 1 DAGs
[2026-06-12T11:33:03.372+0000] {logging_mixin.py:188} INFO - [2026-06-12T11:33:03.371+0000] {dag.py:3823} INFO - Setting next_dagrun for example_params_trigger_ui to None, run_after=None
[2026-06-12T11:33:03.404+0000] {processor.py:183} INFO - Processing /home/airflow/.local/lib/python3.8/site-packages/airflow/example_dags/example_params_trigger_ui.py took 0.210 seconds
[2026-06-12T11:33:33.795+0000] {processor.py:161} INFO - Started process (PID=4078) to work on /home/airflow/.local/lib/python3.8/site-packages/airflow/example_dags/example_params_trigger_ui.py
[2026-06-12T11:33:33.796+0000] {processor.py:830} INFO - Processing file /home/airflow/.local/lib/python3.8/site-packages/airflow/example_dags/example_params_trigger_ui.py for tasks to queue
[2026-06-12T11:33:33.799+0000] {logging_mixin.py:188} INFO - [2026-06-12T11:33:33.798+0000] {dagbag.py:538} INFO - Filling up the DagBag from /home/airflow/.local/lib/python3.8/site-packages/airflow/example_dags/example_params_trigger_ui.py
[2026-06-12T11:33:33.825+0000] {processor.py:840} INFO - DAG(s) 'example_params_trigger_ui' retrieved from /home/airflow/.local/lib/python3.8/site-packages/airflow/example_dags/example_params_trigger_ui.py
[2026-06-12T11:33:33.947+0000] {logging_mixin.py:188} INFO - [2026-06-12T11:33:33.946+0000] {dag.py:3036} INFO - Sync 1 DAGs
[2026-06-12T11:33:33.968+0000] {logging_mixin.py:188} INFO - [2026-06-12T11:33:33.968+0000] {dag.py:3823} INFO - Setting next_dagrun for example_params_trigger_ui to None, run_after=None
[2026-06-12T11:33:33.998+0000] {processor.py:183} INFO - Processing /home/airflow/.local/lib/python3.8/site-packages/airflow/example_dags/example_params_trigger_ui.py took 0.209 seconds
[2026-06-12T11:34:04.510+0000] {processor.py:161} INFO - Started process (PID=4144) to work on /home/airflow/.local/lib/python3.8/site-packages/airflow/example_dags/example_params_trigger_ui.py
[2026-06-12T11:34:04.512+0000] {processor.py:830} INFO - Processing file /home/airflow/.local/lib/python3.8/site-packages/airflow/example_dags/example_params_trigger_ui.py for tasks to queue
[2026-06-12T11:34:04.515+0000] {logging_mixin.py:188} INFO - [2026-06-12T11:34:04.514+0000] {dagbag.py:538} INFO - Filling up the DagBag from /home/airflow/.local/lib/python3.8/site-packages/airflow/example_dags/example_params_trigger_ui.py
[2026-06-12T11:34:04.536+0000] {processor.py:840} INFO - DAG(s) 'example_params_trigger_ui' retrieved from /home/airflow/.local/lib/python3.8/site-packages/airflow/example_dags/example_params_trigger_ui.py
[2026-06-12T11:34:04.649+0000] {logging_mixin.py:188} INFO - [2026-06-12T11:34:04.648+0000] {dag.py:3036} INFO - Sync 1 DAGs
[2026-06-12T11:34:04.676+0000] {logging_mixin.py:188} INFO - [2026-06-12T11:34:04.675+0000] {dag.py:3823} INFO - Setting next_dagrun for example_params_trigger_ui to None, run_after=None
[2026-06-12T11:34:04.710+0000] {processor.py:183} INFO - Processing /home/airflow/.local/lib/python3.8/site-packages/airflow/example_dags/example_params_trigger_ui.py took 0.205 seconds
[2026-06-12T11:34:35.276+0000] {processor.py:161} INFO - Started process (PID=4210) to work on /home/airflow/.local/lib/python3.8/site-packages/airflow/example_dags/example_params_trigger_ui.py
[2026-06-12T11:34:35.278+0000] {processor.py:830} INFO - Processing file /home/airflow/.local/lib/python3.8/site-packages/airflow/example_dags/example_params_trigger_ui.py for tasks to queue
[2026-06-12T11:34:35.281+0000] {logging_mixin.py:188} INFO - [2026-06-12T11:34:35.280+0000] {dagbag.py:538} INFO - Filling up the DagBag from /home/airflow/.local/lib/python3.8/site-packages/airflow/example_dags/example_params_trigger_ui.py
[2026-06-12T11:34:35.301+0000] {processor.py:840} INFO - DAG(s) 'example_params_trigger_ui' retrieved from /home/airflow/.local/lib/python3.8/site-packages/airflow/example_dags/example_params_trigger_ui.py
[2026-06-12T11:34:35.417+0000] {logging_mixin.py:188} INFO - [2026-06-12T11:34:35.416+0000] {dag.py:3036} INFO - Sync 1 DAGs
[2026-06-12T11:34:35.442+0000] {logging_mixin.py:188} INFO - [2026-06-12T11:34:35.442+0000] {dag.py:3823} INFO - Setting next_dagrun for example_params_trigger_ui to None, run_after=None
[2026-06-12T11:34:35.476+0000] {processor.py:183} INFO - Processing /home/airflow/.local/lib/python3.8/site-packages/airflow/example_dags/example_params_trigger_ui.py took 0.205 seconds
[2026-06-12T11:35:05.820+0000] {processor.py:161} INFO - Started process (PID=4276) to work on /home/airflow/.local/lib/python3.8/site-packages/airflow/example_dags/example_params_trigger_ui.py
[2026-06-12T11:35:05.822+0000] {processor.py:830} INFO - Processing file /home/airflow/.local/lib/python3.8/site-packages/airflow/example_dags/example_params_trigger_ui.py for tasks to queue
[2026-06-12T11:35:05.825+0000] {logging_mixin.py:188} INFO - [2026-06-12T11:35:05.824+0000] {dagbag.py:538} INFO - Filling up the DagBag from /home/airflow/.local/lib/python3.8/site-packages/airflow/example_dags/example_params_trigger_ui.py
[2026-06-12T11:35:05.849+0000] {processor.py:840} INFO - DAG(s) 'example_params_trigger_ui' retrieved from /home/airflow/.local/lib/python3.8/site-packages/airflow/example_dags/example_params_trigger_ui.py
[2026-06-12T11:35:05.944+0000] {logging_mixin.py:188} INFO - [2026-06-12T11:35:05.944+0000] {dag.py:3036} INFO - Sync 1 DAGs
[2026-06-12T11:35:05.964+0000] {logging_mixin.py:188} INFO - [2026-06-12T11:35:05.964+0000] {dag.py:3823} INFO - Setting next_dagrun for example_params_trigger_ui to None, run_after=None
[2026-06-12T11:35:05.993+0000] {processor.py:183} INFO - Processing /home/airflow/.local/lib/python3.8/site-packages/airflow/example_dags/example_params_trigger_ui.py took 0.178 seconds
[2026-06-12T11:35:36.323+0000] {processor.py:161} INFO - Started process (PID=4341) to work on /home/airflow/.local/lib/python3.8/site-packages/airflow/example_dags/example_params_trigger_ui.py
[2026-06-12T11:35:36.324+0000] {processor.py:830} INFO - Processing file /home/airflow/.local/lib/python3.8/site-packages/airflow/example_dags/example_params_trigger_ui.py for tasks to queue
[2026-06-12T11:35:36.327+0000] {logging_mixin.py:188} INFO - [2026-06-12T11:35:36.326+0000] {dagbag.py:538} INFO - Filling up the DagBag from /home/airflow/.local/lib/python3.8/site-packages/airflow/example_dags/example_params_trigger_ui.py
[2026-06-12T11:35:36.348+0000] {processor.py:840} INFO - DAG(s) 'example_params_trigger_ui' retrieved from /home/airflow/.local/lib/python3.8/site-packages/airflow/example_dags/example_params_trigger_ui.py
[2026-06-12T11:35:36.453+0000] {logging_mixin.py:188} INFO - [2026-06-12T11:35:36.452+0000] {dag.py:3036} INFO - Sync 1 DAGs
[2026-06-12T11:35:36.472+0000] {logging_mixin.py:188} INFO - [2026-06-12T11:35:36.472+0000] {dag.py:3823} INFO - Setting next_dagrun for example_params_trigger_ui to None, run_after=None
[2026-06-12T11:35:36.502+0000] {processor.py:183} INFO - Processing /home/airflow/.local/lib/python3.8/site-packages/airflow/example_dags/example_params_trigger_ui.py took 0.185 seconds
[2026-06-12T11:36:06.718+0000] {processor.py:161} INFO - Started process (PID=4405) to work on /home/airflow/.local/lib/python3.8/site-packages/airflow/example_dags/example_params_trigger_ui.py
[2026-06-12T11:36:06.720+0000] {processor.py:830} INFO - Processing file /home/airflow/.local/lib/python3.8/site-packages/airflow/example_dags/example_params_trigger_ui.py for tasks to queue
[2026-06-12T11:36:06.722+0000] {logging_mixin.py:188} INFO - [2026-06-12T11:36:06.722+0000] {dagbag.py:538} INFO - Filling up the DagBag from /home/airflow/.local/lib/python3.8/site-packages/airflow/example_dags/example_params_trigger_ui.py
[2026-06-12T11:36:06.749+0000] {processor.py:840} INFO - DAG(s) 'example_params_trigger_ui' retrieved from /home/airflow/.local/lib/python3.8/site-packages/airflow/example_dags/example_params_trigger_ui.py
[2026-06-12T11:36:06.844+0000] {logging_mixin.py:188} INFO - [2026-06-12T11:36:06.843+0000] {dag.py:3036} INFO - Sync 1 DAGs
[2026-06-12T11:36:06.868+0000] {logging_mixin.py:188} INFO - [2026-06-12T11:36:06.867+0000] {dag.py:3823} INFO - Setting next_dagrun for example_params_trigger_ui to None, run_after=None
[2026-06-12T11:36:06.901+0000] {processor.py:183} INFO - Processing /home/airflow/.local/lib/python3.8/site-packages/airflow/example_dags/example_params_trigger_ui.py took 0.188 seconds
[2026-06-12T11:36:37.238+0000] {processor.py:161} INFO - Started process (PID=4470) to work on /home/airflow/.local/lib/python3.8/site-packages/airflow/example_dags/example_params_trigger_ui.py
[2026-06-12T11:36:37.240+0000] {processor.py:830} INFO - Processing file /home/airflow/.local/lib/python3.8/site-packages/airflow/example_dags/example_params_trigger_ui.py for tasks to queue
[2026-06-12T11:36:37.243+0000] {logging_mixin.py:188} INFO - [2026-06-12T11:36:37.242+0000] {dagbag.py:538} INFO - Filling up the DagBag from /home/airflow/.local/lib/python3.8/site-packages/airflow/example_dags/example_params_trigger_ui.py
[2026-06-12T11:36:37.267+0000] {processor.py:840} INFO - DAG(s) 'example_params_trigger_ui' retrieved from /home/airflow/.local/lib/python3.8/site-packages/airflow/example_dags/example_params_trigger_ui.py
[2026-06-12T11:36:37.365+0000] {logging_mixin.py:188} INFO - [2026-06-12T11:36:37.365+0000] {dag.py:3036} INFO - Sync 1 DAGs
[2026-06-12T11:36:37.384+0000] {logging_mixin.py:188} INFO - [2026-06-12T11:36:37.384+0000] {dag.py:3823} INFO - Setting next_dagrun for example_params_trigger_ui to None, run_after=None
[2026-06-12T11:36:37.411+0000] {processor.py:183} INFO - Processing /home/airflow/.local/lib/python3.8/site-packages/airflow/example_dags/example_params_trigger_ui.py took 0.179 seconds
