[2026-06-12T11:02:58.162+0000] {processor.py:161} INFO - Started process (PID=57) to work on /home/airflow/.local/lib/python3.8/site-packages/airflow/example_dags/example_xcom.py
[2026-06-12T11:02:58.163+0000] {processor.py:830} INFO - Processing file /home/airflow/.local/lib/python3.8/site-packages/airflow/example_dags/example_xcom.py for tasks to queue
[2026-06-12T11:02:58.166+0000] {logging_mixin.py:188} INFO - [2026-06-12T11:02:58.165+0000] {dagbag.py:538} INFO - Filling up the DagBag from /home/airflow/.local/lib/python3.8/site-packages/airflow/example_dags/example_xcom.py
[2026-06-12T11:02:58.227+0000] {processor.py:840} INFO - DAG(s) 'example_xcom' retrieved from /home/airflow/.local/lib/python3.8/site-packages/airflow/example_dags/example_xcom.py
[2026-06-12T11:02:58.318+0000] {logging_mixin.py:188} INFO - [2026-06-12T11:02:58.317+0000] {dag.py:3036} INFO - Sync 1 DAGs
[2026-06-12T11:02:58.426+0000] {logging_mixin.py:188} INFO - [2026-06-12T11:02:58.425+0000] {dag.py:3823} INFO - Setting next_dagrun for example_xcom to 2021-01-01 00:00:00+00:00, run_after=2021-01-01 00:00:00+00:00
[2026-06-12T11:02:58.511+0000] {processor.py:183} INFO - Processing /home/airflow/.local/lib/python3.8/site-packages/airflow/example_dags/example_xcom.py took 0.361 seconds
[2026-06-12T11:03:28.745+0000] {processor.py:161} INFO - Started process (PID=123) to work on /home/airflow/.local/lib/python3.8/site-packages/airflow/example_dags/example_xcom.py
[2026-06-12T11:03:28.747+0000] {processor.py:830} INFO - Processing file /home/airflow/.local/lib/python3.8/site-packages/airflow/example_dags/example_xcom.py for tasks to queue
[2026-06-12T11:03:28.751+0000] {logging_mixin.py:188} INFO - [2026-06-12T11:03:28.750+0000] {dagbag.py:538} INFO - Filling up the DagBag from /home/airflow/.local/lib/python3.8/site-packages/airflow/example_dags/example_xcom.py
[2026-06-12T11:03:28.764+0000] {processor.py:840} INFO - DAG(s) 'example_xcom' retrieved from /home/airflow/.local/lib/python3.8/site-packages/airflow/example_dags/example_xcom.py
[2026-06-12T11:03:28.979+0000] {logging_mixin.py:188} INFO - [2026-06-12T11:03:28.979+0000] {dag.py:3036} INFO - Sync 1 DAGs
[2026-06-12T11:03:29.029+0000] {logging_mixin.py:188} INFO - [2026-06-12T11:03:29.028+0000] {dag.py:3823} INFO - Setting next_dagrun for example_xcom to 2021-01-01 00:00:00+00:00, run_after=2021-01-01 00:00:00+00:00
[2026-06-12T11:03:29.086+0000] {processor.py:183} INFO - Processing /home/airflow/.local/lib/python3.8/site-packages/airflow/example_dags/example_xcom.py took 0.348 seconds
[2026-06-12T11:03:59.227+0000] {processor.py:161} INFO - Started process (PID=189) to work on /home/airflow/.local/lib/python3.8/site-packages/airflow/example_dags/example_xcom.py
[2026-06-12T11:03:59.230+0000] {processor.py:830} INFO - Processing file /home/airflow/.local/lib/python3.8/site-packages/airflow/example_dags/example_xcom.py for tasks to queue
[2026-06-12T11:03:59.233+0000] {logging_mixin.py:188} INFO - [2026-06-12T11:03:59.232+0000] {dagbag.py:538} INFO - Filling up the DagBag from /home/airflow/.local/lib/python3.8/site-packages/airflow/example_dags/example_xcom.py
[2026-06-12T11:03:59.248+0000] {processor.py:840} INFO - DAG(s) 'example_xcom' retrieved from /home/airflow/.local/lib/python3.8/site-packages/airflow/example_dags/example_xcom.py
[2026-06-12T11:03:59.291+0000] {logging_mixin.py:188} INFO - [2026-06-12T11:03:59.291+0000] {dag.py:3036} INFO - Sync 1 DAGs
[2026-06-12T11:03:59.337+0000] {logging_mixin.py:188} INFO - [2026-06-12T11:03:59.336+0000] {dag.py:3823} INFO - Setting next_dagrun for example_xcom to 2021-01-01 00:00:00+00:00, run_after=2021-01-01 00:00:00+00:00
[2026-06-12T11:03:59.370+0000] {processor.py:183} INFO - Processing /home/airflow/.local/lib/python3.8/site-packages/airflow/example_dags/example_xcom.py took 0.149 seconds
[2026-06-12T11:04:29.751+0000] {processor.py:161} INFO - Started process (PID=256) to work on /home/airflow/.local/lib/python3.8/site-packages/airflow/example_dags/example_xcom.py
[2026-06-12T11:04:29.753+0000] {processor.py:830} INFO - Processing file /home/airflow/.local/lib/python3.8/site-packages/airflow/example_dags/example_xcom.py for tasks to queue
[2026-06-12T11:04:29.756+0000] {logging_mixin.py:188} INFO - [2026-06-12T11:04:29.755+0000] {dagbag.py:538} INFO - Filling up the DagBag from /home/airflow/.local/lib/python3.8/site-packages/airflow/example_dags/example_xcom.py
[2026-06-12T11:04:29.769+0000] {processor.py:840} INFO - DAG(s) 'example_xcom' retrieved from /home/airflow/.local/lib/python3.8/site-packages/airflow/example_dags/example_xcom.py
[2026-06-12T11:04:29.808+0000] {logging_mixin.py:188} INFO - [2026-06-12T11:04:29.808+0000] {dag.py:3036} INFO - Sync 1 DAGs
[2026-06-12T11:04:29.845+0000] {logging_mixin.py:188} INFO - [2026-06-12T11:04:29.844+0000] {dag.py:3823} INFO - Setting next_dagrun for example_xcom to 2021-01-01 00:00:00+00:00, run_after=2021-01-01 00:00:00+00:00
[2026-06-12T11:04:29.875+0000] {processor.py:183} INFO - Processing /home/airflow/.local/lib/python3.8/site-packages/airflow/example_dags/example_xcom.py took 0.129 seconds
[2026-06-12T11:05:00.061+0000] {processor.py:161} INFO - Started process (PID=322) to work on /home/airflow/.local/lib/python3.8/site-packages/airflow/example_dags/example_xcom.py
[2026-06-12T11:05:00.063+0000] {processor.py:830} INFO - Processing file /home/airflow/.local/lib/python3.8/site-packages/airflow/example_dags/example_xcom.py for tasks to queue
[2026-06-12T11:05:00.066+0000] {logging_mixin.py:188} INFO - [2026-06-12T11:05:00.065+0000] {dagbag.py:538} INFO - Filling up the DagBag from /home/airflow/.local/lib/python3.8/site-packages/airflow/example_dags/example_xcom.py
[2026-06-12T11:05:00.077+0000] {processor.py:840} INFO - DAG(s) 'example_xcom' retrieved from /home/airflow/.local/lib/python3.8/site-packages/airflow/example_dags/example_xcom.py
[2026-06-12T11:05:00.113+0000] {logging_mixin.py:188} INFO - [2026-06-12T11:05:00.113+0000] {dag.py:3036} INFO - Sync 1 DAGs
[2026-06-12T11:05:00.147+0000] {logging_mixin.py:188} INFO - [2026-06-12T11:05:00.147+0000] {dag.py:3823} INFO - Setting next_dagrun for example_xcom to 2021-01-01 00:00:00+00:00, run_after=2021-01-01 00:00:00+00:00
[2026-06-12T11:05:00.174+0000] {processor.py:183} INFO - Processing /home/airflow/.local/lib/python3.8/site-packages/airflow/example_dags/example_xcom.py took 0.117 seconds
[2026-06-12T11:05:30.631+0000] {processor.py:161} INFO - Started process (PID=388) to work on /home/airflow/.local/lib/python3.8/site-packages/airflow/example_dags/example_xcom.py
[2026-06-12T11:05:30.633+0000] {processor.py:830} INFO - Processing file /home/airflow/.local/lib/python3.8/site-packages/airflow/example_dags/example_xcom.py for tasks to queue
[2026-06-12T11:05:30.635+0000] {logging_mixin.py:188} INFO - [2026-06-12T11:05:30.635+0000] {dagbag.py:538} INFO - Filling up the DagBag from /home/airflow/.local/lib/python3.8/site-packages/airflow/example_dags/example_xcom.py
[2026-06-12T11:05:30.646+0000] {processor.py:840} INFO - DAG(s) 'example_xcom' retrieved from /home/airflow/.local/lib/python3.8/site-packages/airflow/example_dags/example_xcom.py
[2026-06-12T11:05:30.682+0000] {logging_mixin.py:188} INFO - [2026-06-12T11:05:30.681+0000] {dag.py:3036} INFO - Sync 1 DAGs
[2026-06-12T11:05:30.714+0000] {logging_mixin.py:188} INFO - [2026-06-12T11:05:30.714+0000] {dag.py:3823} INFO - Setting next_dagrun for example_xcom to 2021-01-01 00:00:00+00:00, run_after=2021-01-01 00:00:00+00:00
[2026-06-12T11:05:30.742+0000] {processor.py:183} INFO - Processing /home/airflow/.local/lib/python3.8/site-packages/airflow/example_dags/example_xcom.py took 0.116 seconds
[2026-06-12T11:06:00.914+0000] {processor.py:161} INFO - Started process (PID=454) to work on /home/airflow/.local/lib/python3.8/site-packages/airflow/example_dags/example_xcom.py
[2026-06-12T11:06:00.916+0000] {processor.py:830} INFO - Processing file /home/airflow/.local/lib/python3.8/site-packages/airflow/example_dags/example_xcom.py for tasks to queue
[2026-06-12T11:06:00.919+0000] {logging_mixin.py:188} INFO - [2026-06-12T11:06:00.918+0000] {dagbag.py:538} INFO - Filling up the DagBag from /home/airflow/.local/lib/python3.8/site-packages/airflow/example_dags/example_xcom.py
[2026-06-12T11:06:00.933+0000] {processor.py:840} INFO - DAG(s) 'example_xcom' retrieved from /home/airflow/.local/lib/python3.8/site-packages/airflow/example_dags/example_xcom.py
[2026-06-12T11:06:00.976+0000] {logging_mixin.py:188} INFO - [2026-06-12T11:06:00.975+0000] {dag.py:3036} INFO - Sync 1 DAGs
[2026-06-12T11:06:01.015+0000] {logging_mixin.py:188} INFO - [2026-06-12T11:06:01.015+0000] {dag.py:3823} INFO - Setting next_dagrun for example_xcom to 2021-01-01 00:00:00+00:00, run_after=2021-01-01 00:00:00+00:00
[2026-06-12T11:06:01.044+0000] {processor.py:183} INFO - Processing /home/airflow/.local/lib/python3.8/site-packages/airflow/example_dags/example_xcom.py took 0.135 seconds
[2026-06-12T11:06:31.348+0000] {processor.py:161} INFO - Started process (PID=519) to work on /home/airflow/.local/lib/python3.8/site-packages/airflow/example_dags/example_xcom.py
[2026-06-12T11:06:31.349+0000] {processor.py:830} INFO - Processing file /home/airflow/.local/lib/python3.8/site-packages/airflow/example_dags/example_xcom.py for tasks to queue
[2026-06-12T11:06:31.352+0000] {logging_mixin.py:188} INFO - [2026-06-12T11:06:31.351+0000] {dagbag.py:538} INFO - Filling up the DagBag from /home/airflow/.local/lib/python3.8/site-packages/airflow/example_dags/example_xcom.py
[2026-06-12T11:06:31.363+0000] {processor.py:840} INFO - DAG(s) 'example_xcom' retrieved from /home/airflow/.local/lib/python3.8/site-packages/airflow/example_dags/example_xcom.py
[2026-06-12T11:06:31.401+0000] {logging_mixin.py:188} INFO - [2026-06-12T11:06:31.400+0000] {dag.py:3036} INFO - Sync 1 DAGs
[2026-06-12T11:06:31.437+0000] {logging_mixin.py:188} INFO - [2026-06-12T11:06:31.436+0000] {dag.py:3823} INFO - Setting next_dagrun for example_xcom to 2021-01-01 00:00:00+00:00, run_after=2021-01-01 00:00:00+00:00
[2026-06-12T11:06:31.463+0000] {processor.py:183} INFO - Processing /home/airflow/.local/lib/python3.8/site-packages/airflow/example_dags/example_xcom.py took 0.120 seconds
[2026-06-12T11:07:01.744+0000] {processor.py:161} INFO - Started process (PID=584) to work on /home/airflow/.local/lib/python3.8/site-packages/airflow/example_dags/example_xcom.py
[2026-06-12T11:07:01.746+0000] {processor.py:830} INFO - Processing file /home/airflow/.local/lib/python3.8/site-packages/airflow/example_dags/example_xcom.py for tasks to queue
[2026-06-12T11:07:01.750+0000] {logging_mixin.py:188} INFO - [2026-06-12T11:07:01.749+0000] {dagbag.py:538} INFO - Filling up the DagBag from /home/airflow/.local/lib/python3.8/site-packages/airflow/example_dags/example_xcom.py
[2026-06-12T11:07:01.763+0000] {processor.py:840} INFO - DAG(s) 'example_xcom' retrieved from /home/airflow/.local/lib/python3.8/site-packages/airflow/example_dags/example_xcom.py
[2026-06-12T11:07:01.809+0000] {logging_mixin.py:188} INFO - [2026-06-12T11:07:01.808+0000] {dag.py:3036} INFO - Sync 1 DAGs
[2026-06-12T11:07:01.849+0000] {logging_mixin.py:188} INFO - [2026-06-12T11:07:01.849+0000] {dag.py:3823} INFO - Setting next_dagrun for example_xcom to 2021-01-01 00:00:00+00:00, run_after=2021-01-01 00:00:00+00:00
[2026-06-12T11:07:01.878+0000] {processor.py:183} INFO - Processing /home/airflow/.local/lib/python3.8/site-packages/airflow/example_dags/example_xcom.py took 0.140 seconds
[2026-06-12T11:07:32.115+0000] {processor.py:161} INFO - Started process (PID=649) to work on /home/airflow/.local/lib/python3.8/site-packages/airflow/example_dags/example_xcom.py
[2026-06-12T11:07:32.118+0000] {processor.py:830} INFO - Processing file /home/airflow/.local/lib/python3.8/site-packages/airflow/example_dags/example_xcom.py for tasks to queue
[2026-06-12T11:07:32.120+0000] {logging_mixin.py:188} INFO - [2026-06-12T11:07:32.120+0000] {dagbag.py:538} INFO - Filling up the DagBag from /home/airflow/.local/lib/python3.8/site-packages/airflow/example_dags/example_xcom.py
[2026-06-12T11:07:32.135+0000] {processor.py:840} INFO - DAG(s) 'example_xcom' retrieved from /home/airflow/.local/lib/python3.8/site-packages/airflow/example_dags/example_xcom.py
[2026-06-12T11:07:32.175+0000] {logging_mixin.py:188} INFO - [2026-06-12T11:07:32.175+0000] {dag.py:3036} INFO - Sync 1 DAGs
[2026-06-12T11:07:32.213+0000] {logging_mixin.py:188} INFO - [2026-06-12T11:07:32.213+0000] {dag.py:3823} INFO - Setting next_dagrun for example_xcom to 2021-01-01 00:00:00+00:00, run_after=2021-01-01 00:00:00+00:00
[2026-06-12T11:07:32.246+0000] {processor.py:183} INFO - Processing /home/airflow/.local/lib/python3.8/site-packages/airflow/example_dags/example_xcom.py took 0.136 seconds
[2026-06-12T11:08:02.486+0000] {processor.py:161} INFO - Started process (PID=722) to work on /home/airflow/.local/lib/python3.8/site-packages/airflow/example_dags/example_xcom.py
[2026-06-12T11:08:02.487+0000] {processor.py:830} INFO - Processing file /home/airflow/.local/lib/python3.8/site-packages/airflow/example_dags/example_xcom.py for tasks to queue
[2026-06-12T11:08:02.490+0000] {logging_mixin.py:188} INFO - [2026-06-12T11:08:02.489+0000] {dagbag.py:538} INFO - Filling up the DagBag from /home/airflow/.local/lib/python3.8/site-packages/airflow/example_dags/example_xcom.py
[2026-06-12T11:08:02.502+0000] {processor.py:840} INFO - DAG(s) 'example_xcom' retrieved from /home/airflow/.local/lib/python3.8/site-packages/airflow/example_dags/example_xcom.py
[2026-06-12T11:08:02.538+0000] {logging_mixin.py:188} INFO - [2026-06-12T11:08:02.537+0000] {dag.py:3036} INFO - Sync 1 DAGs
[2026-06-12T11:08:02.573+0000] {logging_mixin.py:188} INFO - [2026-06-12T11:08:02.572+0000] {dag.py:3823} INFO - Setting next_dagrun for example_xcom to 2021-01-01 00:00:00+00:00, run_after=2021-01-01 00:00:00+00:00
[2026-06-12T11:08:02.602+0000] {processor.py:183} INFO - Processing /home/airflow/.local/lib/python3.8/site-packages/airflow/example_dags/example_xcom.py took 0.120 seconds
[2026-06-12T11:08:32.825+0000] {processor.py:161} INFO - Started process (PID=790) to work on /home/airflow/.local/lib/python3.8/site-packages/airflow/example_dags/example_xcom.py
[2026-06-12T11:08:32.827+0000] {processor.py:830} INFO - Processing file /home/airflow/.local/lib/python3.8/site-packages/airflow/example_dags/example_xcom.py for tasks to queue
[2026-06-12T11:08:32.830+0000] {logging_mixin.py:188} INFO - [2026-06-12T11:08:32.829+0000] {dagbag.py:538} INFO - Filling up the DagBag from /home/airflow/.local/lib/python3.8/site-packages/airflow/example_dags/example_xcom.py
[2026-06-12T11:08:32.844+0000] {processor.py:840} INFO - DAG(s) 'example_xcom' retrieved from /home/airflow/.local/lib/python3.8/site-packages/airflow/example_dags/example_xcom.py
[2026-06-12T11:08:32.890+0000] {logging_mixin.py:188} INFO - [2026-06-12T11:08:32.890+0000] {dag.py:3036} INFO - Sync 1 DAGs
[2026-06-12T11:08:32.924+0000] {logging_mixin.py:188} INFO - [2026-06-12T11:08:32.923+0000] {dag.py:3823} INFO - Setting next_dagrun for example_xcom to 2021-01-01 00:00:00+00:00, run_after=2021-01-01 00:00:00+00:00
[2026-06-12T11:08:32.953+0000] {processor.py:183} INFO - Processing /home/airflow/.local/lib/python3.8/site-packages/airflow/example_dags/example_xcom.py took 0.134 seconds
[2026-06-12T11:09:03.216+0000] {processor.py:161} INFO - Started process (PID=855) to work on /home/airflow/.local/lib/python3.8/site-packages/airflow/example_dags/example_xcom.py
[2026-06-12T11:09:03.218+0000] {processor.py:830} INFO - Processing file /home/airflow/.local/lib/python3.8/site-packages/airflow/example_dags/example_xcom.py for tasks to queue
[2026-06-12T11:09:03.221+0000] {logging_mixin.py:188} INFO - [2026-06-12T11:09:03.221+0000] {dagbag.py:538} INFO - Filling up the DagBag from /home/airflow/.local/lib/python3.8/site-packages/airflow/example_dags/example_xcom.py
[2026-06-12T11:09:03.257+0000] {processor.py:840} INFO - DAG(s) 'example_xcom' retrieved from /home/airflow/.local/lib/python3.8/site-packages/airflow/example_dags/example_xcom.py
[2026-06-12T11:09:03.306+0000] {logging_mixin.py:188} INFO - [2026-06-12T11:09:03.305+0000] {dag.py:3036} INFO - Sync 1 DAGs
[2026-06-12T11:09:03.340+0000] {logging_mixin.py:188} INFO - [2026-06-12T11:09:03.339+0000] {dag.py:3823} INFO - Setting next_dagrun for example_xcom to 2021-01-01 00:00:00+00:00, run_after=2021-01-01 00:00:00+00:00
[2026-06-12T11:09:03.367+0000] {processor.py:183} INFO - Processing /home/airflow/.local/lib/python3.8/site-packages/airflow/example_dags/example_xcom.py took 0.159 seconds
[2026-06-12T11:09:33.816+0000] {processor.py:161} INFO - Started process (PID=922) to work on /home/airflow/.local/lib/python3.8/site-packages/airflow/example_dags/example_xcom.py
[2026-06-12T11:09:33.818+0000] {processor.py:830} INFO - Processing file /home/airflow/.local/lib/python3.8/site-packages/airflow/example_dags/example_xcom.py for tasks to queue
[2026-06-12T11:09:33.820+0000] {logging_mixin.py:188} INFO - [2026-06-12T11:09:33.820+0000] {dagbag.py:538} INFO - Filling up the DagBag from /home/airflow/.local/lib/python3.8/site-packages/airflow/example_dags/example_xcom.py
[2026-06-12T11:09:33.835+0000] {processor.py:840} INFO - DAG(s) 'example_xcom' retrieved from /home/airflow/.local/lib/python3.8/site-packages/airflow/example_dags/example_xcom.py
[2026-06-12T11:09:33.877+0000] {logging_mixin.py:188} INFO - [2026-06-12T11:09:33.877+0000] {dag.py:3036} INFO - Sync 1 DAGs
[2026-06-12T11:09:33.917+0000] {logging_mixin.py:188} INFO - [2026-06-12T11:09:33.917+0000] {dag.py:3823} INFO - Setting next_dagrun for example_xcom to 2021-01-01 00:00:00+00:00, run_after=2021-01-01 00:00:00+00:00
[2026-06-12T11:09:33.945+0000] {processor.py:183} INFO - Processing /home/airflow/.local/lib/python3.8/site-packages/airflow/example_dags/example_xcom.py took 0.134 seconds
[2026-06-12T11:10:04.172+0000] {processor.py:161} INFO - Started process (PID=987) to work on /home/airflow/.local/lib/python3.8/site-packages/airflow/example_dags/example_xcom.py
[2026-06-12T11:10:04.174+0000] {processor.py:830} INFO - Processing file /home/airflow/.local/lib/python3.8/site-packages/airflow/example_dags/example_xcom.py for tasks to queue
[2026-06-12T11:10:04.177+0000] {logging_mixin.py:188} INFO - [2026-06-12T11:10:04.177+0000] {dagbag.py:538} INFO - Filling up the DagBag from /home/airflow/.local/lib/python3.8/site-packages/airflow/example_dags/example_xcom.py
[2026-06-12T11:10:04.189+0000] {processor.py:840} INFO - DAG(s) 'example_xcom' retrieved from /home/airflow/.local/lib/python3.8/site-packages/airflow/example_dags/example_xcom.py
[2026-06-12T11:10:04.226+0000] {logging_mixin.py:188} INFO - [2026-06-12T11:10:04.226+0000] {dag.py:3036} INFO - Sync 1 DAGs
[2026-06-12T11:10:04.261+0000] {logging_mixin.py:188} INFO - [2026-06-12T11:10:04.260+0000] {dag.py:3823} INFO - Setting next_dagrun for example_xcom to 2021-01-01 00:00:00+00:00, run_after=2021-01-01 00:00:00+00:00
[2026-06-12T11:10:04.291+0000] {processor.py:183} INFO - Processing /home/airflow/.local/lib/python3.8/site-packages/airflow/example_dags/example_xcom.py took 0.124 seconds
[2026-06-12T11:10:34.799+0000] {processor.py:161} INFO - Started process (PID=1052) to work on /home/airflow/.local/lib/python3.8/site-packages/airflow/example_dags/example_xcom.py
[2026-06-12T11:10:34.801+0000] {processor.py:830} INFO - Processing file /home/airflow/.local/lib/python3.8/site-packages/airflow/example_dags/example_xcom.py for tasks to queue
[2026-06-12T11:10:34.806+0000] {logging_mixin.py:188} INFO - [2026-06-12T11:10:34.805+0000] {dagbag.py:538} INFO - Filling up the DagBag from /home/airflow/.local/lib/python3.8/site-packages/airflow/example_dags/example_xcom.py
[2026-06-12T11:10:34.822+0000] {processor.py:840} INFO - DAG(s) 'example_xcom' retrieved from /home/airflow/.local/lib/python3.8/site-packages/airflow/example_dags/example_xcom.py
[2026-06-12T11:10:34.888+0000] {logging_mixin.py:188} INFO - [2026-06-12T11:10:34.887+0000] {dag.py:3036} INFO - Sync 1 DAGs
[2026-06-12T11:10:34.924+0000] {logging_mixin.py:188} INFO - [2026-06-12T11:10:34.924+0000] {dag.py:3823} INFO - Setting next_dagrun for example_xcom to 2021-01-01 00:00:00+00:00, run_after=2021-01-01 00:00:00+00:00
[2026-06-12T11:10:34.955+0000] {processor.py:183} INFO - Processing /home/airflow/.local/lib/python3.8/site-packages/airflow/example_dags/example_xcom.py took 0.164 seconds
[2026-06-12T11:11:05.059+0000] {processor.py:161} INFO - Started process (PID=1118) to work on /home/airflow/.local/lib/python3.8/site-packages/airflow/example_dags/example_xcom.py
[2026-06-12T11:11:05.060+0000] {processor.py:830} INFO - Processing file /home/airflow/.local/lib/python3.8/site-packages/airflow/example_dags/example_xcom.py for tasks to queue
[2026-06-12T11:11:05.063+0000] {logging_mixin.py:188} INFO - [2026-06-12T11:11:05.062+0000] {dagbag.py:538} INFO - Filling up the DagBag from /home/airflow/.local/lib/python3.8/site-packages/airflow/example_dags/example_xcom.py
[2026-06-12T11:11:05.074+0000] {processor.py:840} INFO - DAG(s) 'example_xcom' retrieved from /home/airflow/.local/lib/python3.8/site-packages/airflow/example_dags/example_xcom.py
[2026-06-12T11:11:05.111+0000] {logging_mixin.py:188} INFO - [2026-06-12T11:11:05.111+0000] {dag.py:3036} INFO - Sync 1 DAGs
[2026-06-12T11:11:05.143+0000] {logging_mixin.py:188} INFO - [2026-06-12T11:11:05.143+0000] {dag.py:3823} INFO - Setting next_dagrun for example_xcom to 2021-01-01 00:00:00+00:00, run_after=2021-01-01 00:00:00+00:00
[2026-06-12T11:11:05.173+0000] {processor.py:183} INFO - Processing /home/airflow/.local/lib/python3.8/site-packages/airflow/example_dags/example_xcom.py took 0.119 seconds
[2026-06-12T11:11:35.265+0000] {processor.py:161} INFO - Started process (PID=1185) to work on /home/airflow/.local/lib/python3.8/site-packages/airflow/example_dags/example_xcom.py
[2026-06-12T11:11:35.267+0000] {processor.py:830} INFO - Processing file /home/airflow/.local/lib/python3.8/site-packages/airflow/example_dags/example_xcom.py for tasks to queue
[2026-06-12T11:11:35.269+0000] {logging_mixin.py:188} INFO - [2026-06-12T11:11:35.269+0000] {dagbag.py:538} INFO - Filling up the DagBag from /home/airflow/.local/lib/python3.8/site-packages/airflow/example_dags/example_xcom.py
[2026-06-12T11:11:35.280+0000] {processor.py:840} INFO - DAG(s) 'example_xcom' retrieved from /home/airflow/.local/lib/python3.8/site-packages/airflow/example_dags/example_xcom.py
[2026-06-12T11:11:35.315+0000] {logging_mixin.py:188} INFO - [2026-06-12T11:11:35.314+0000] {dag.py:3036} INFO - Sync 1 DAGs
[2026-06-12T11:11:35.347+0000] {logging_mixin.py:188} INFO - [2026-06-12T11:11:35.346+0000] {dag.py:3823} INFO - Setting next_dagrun for example_xcom to 2021-01-01 00:00:00+00:00, run_after=2021-01-01 00:00:00+00:00
[2026-06-12T11:11:35.373+0000] {processor.py:183} INFO - Processing /home/airflow/.local/lib/python3.8/site-packages/airflow/example_dags/example_xcom.py took 0.113 seconds
[2026-06-12T11:12:05.486+0000] {processor.py:161} INFO - Started process (PID=1258) to work on /home/airflow/.local/lib/python3.8/site-packages/airflow/example_dags/example_xcom.py
[2026-06-12T11:12:05.487+0000] {processor.py:830} INFO - Processing file /home/airflow/.local/lib/python3.8/site-packages/airflow/example_dags/example_xcom.py for tasks to queue
[2026-06-12T11:12:05.490+0000] {logging_mixin.py:188} INFO - [2026-06-12T11:12:05.489+0000] {dagbag.py:538} INFO - Filling up the DagBag from /home/airflow/.local/lib/python3.8/site-packages/airflow/example_dags/example_xcom.py
[2026-06-12T11:12:05.501+0000] {processor.py:840} INFO - DAG(s) 'example_xcom' retrieved from /home/airflow/.local/lib/python3.8/site-packages/airflow/example_dags/example_xcom.py
[2026-06-12T11:12:05.538+0000] {logging_mixin.py:188} INFO - [2026-06-12T11:12:05.537+0000] {dag.py:3036} INFO - Sync 1 DAGs
[2026-06-12T11:12:05.574+0000] {logging_mixin.py:188} INFO - [2026-06-12T11:12:05.573+0000] {dag.py:3823} INFO - Setting next_dagrun for example_xcom to 2021-01-01 00:00:00+00:00, run_after=2021-01-01 00:00:00+00:00
[2026-06-12T11:12:05.602+0000] {processor.py:183} INFO - Processing /home/airflow/.local/lib/python3.8/site-packages/airflow/example_dags/example_xcom.py took 0.121 seconds
[2026-06-12T11:12:35.791+0000] {processor.py:161} INFO - Started process (PID=1326) to work on /home/airflow/.local/lib/python3.8/site-packages/airflow/example_dags/example_xcom.py
[2026-06-12T11:12:35.793+0000] {processor.py:830} INFO - Processing file /home/airflow/.local/lib/python3.8/site-packages/airflow/example_dags/example_xcom.py for tasks to queue
[2026-06-12T11:12:35.796+0000] {logging_mixin.py:188} INFO - [2026-06-12T11:12:35.795+0000] {dagbag.py:538} INFO - Filling up the DagBag from /home/airflow/.local/lib/python3.8/site-packages/airflow/example_dags/example_xcom.py
[2026-06-12T11:12:35.807+0000] {processor.py:840} INFO - DAG(s) 'example_xcom' retrieved from /home/airflow/.local/lib/python3.8/site-packages/airflow/example_dags/example_xcom.py
[2026-06-12T11:12:35.845+0000] {logging_mixin.py:188} INFO - [2026-06-12T11:12:35.844+0000] {dag.py:3036} INFO - Sync 1 DAGs
[2026-06-12T11:12:35.885+0000] {logging_mixin.py:188} INFO - [2026-06-12T11:12:35.885+0000] {dag.py:3823} INFO - Setting next_dagrun for example_xcom to 2021-01-01 00:00:00+00:00, run_after=2021-01-01 00:00:00+00:00
[2026-06-12T11:12:35.919+0000] {processor.py:183} INFO - Processing /home/airflow/.local/lib/python3.8/site-packages/airflow/example_dags/example_xcom.py took 0.133 seconds
[2026-06-12T11:13:06.747+0000] {processor.py:161} INFO - Started process (PID=1392) to work on /home/airflow/.local/lib/python3.8/site-packages/airflow/example_dags/example_xcom.py
[2026-06-12T11:13:06.749+0000] {processor.py:830} INFO - Processing file /home/airflow/.local/lib/python3.8/site-packages/airflow/example_dags/example_xcom.py for tasks to queue
[2026-06-12T11:13:06.752+0000] {logging_mixin.py:188} INFO - [2026-06-12T11:13:06.752+0000] {dagbag.py:538} INFO - Filling up the DagBag from /home/airflow/.local/lib/python3.8/site-packages/airflow/example_dags/example_xcom.py
[2026-06-12T11:13:06.766+0000] {processor.py:840} INFO - DAG(s) 'example_xcom' retrieved from /home/airflow/.local/lib/python3.8/site-packages/airflow/example_dags/example_xcom.py
[2026-06-12T11:13:06.811+0000] {logging_mixin.py:188} INFO - [2026-06-12T11:13:06.810+0000] {dag.py:3036} INFO - Sync 1 DAGs
[2026-06-12T11:13:06.854+0000] {logging_mixin.py:188} INFO - [2026-06-12T11:13:06.854+0000] {dag.py:3823} INFO - Setting next_dagrun for example_xcom to 2021-01-01 00:00:00+00:00, run_after=2021-01-01 00:00:00+00:00
[2026-06-12T11:13:06.885+0000] {processor.py:183} INFO - Processing /home/airflow/.local/lib/python3.8/site-packages/airflow/example_dags/example_xcom.py took 0.144 seconds
[2026-06-12T11:13:37.558+0000] {processor.py:161} INFO - Started process (PID=1458) to work on /home/airflow/.local/lib/python3.8/site-packages/airflow/example_dags/example_xcom.py
[2026-06-12T11:13:37.559+0000] {processor.py:830} INFO - Processing file /home/airflow/.local/lib/python3.8/site-packages/airflow/example_dags/example_xcom.py for tasks to queue
[2026-06-12T11:13:37.562+0000] {logging_mixin.py:188} INFO - [2026-06-12T11:13:37.562+0000] {dagbag.py:538} INFO - Filling up the DagBag from /home/airflow/.local/lib/python3.8/site-packages/airflow/example_dags/example_xcom.py
[2026-06-12T11:13:37.576+0000] {processor.py:840} INFO - DAG(s) 'example_xcom' retrieved from /home/airflow/.local/lib/python3.8/site-packages/airflow/example_dags/example_xcom.py
[2026-06-12T11:13:37.611+0000] {logging_mixin.py:188} INFO - [2026-06-12T11:13:37.610+0000] {dag.py:3036} INFO - Sync 1 DAGs
[2026-06-12T11:13:37.644+0000] {logging_mixin.py:188} INFO - [2026-06-12T11:13:37.643+0000] {dag.py:3823} INFO - Setting next_dagrun for example_xcom to 2021-01-01 00:00:00+00:00, run_after=2021-01-01 00:00:00+00:00
[2026-06-12T11:13:37.670+0000] {processor.py:183} INFO - Processing /home/airflow/.local/lib/python3.8/site-packages/airflow/example_dags/example_xcom.py took 0.118 seconds
[2026-06-12T11:14:08.260+0000] {processor.py:161} INFO - Started process (PID=1525) to work on /home/airflow/.local/lib/python3.8/site-packages/airflow/example_dags/example_xcom.py
[2026-06-12T11:14:08.262+0000] {processor.py:830} INFO - Processing file /home/airflow/.local/lib/python3.8/site-packages/airflow/example_dags/example_xcom.py for tasks to queue
[2026-06-12T11:14:08.265+0000] {logging_mixin.py:188} INFO - [2026-06-12T11:14:08.264+0000] {dagbag.py:538} INFO - Filling up the DagBag from /home/airflow/.local/lib/python3.8/site-packages/airflow/example_dags/example_xcom.py
[2026-06-12T11:14:08.278+0000] {processor.py:840} INFO - DAG(s) 'example_xcom' retrieved from /home/airflow/.local/lib/python3.8/site-packages/airflow/example_dags/example_xcom.py
[2026-06-12T11:14:08.319+0000] {logging_mixin.py:188} INFO - [2026-06-12T11:14:08.319+0000] {dag.py:3036} INFO - Sync 1 DAGs
[2026-06-12T11:14:08.356+0000] {logging_mixin.py:188} INFO - [2026-06-12T11:14:08.356+0000] {dag.py:3823} INFO - Setting next_dagrun for example_xcom to 2021-01-01 00:00:00+00:00, run_after=2021-01-01 00:00:00+00:00
[2026-06-12T11:14:08.388+0000] {processor.py:183} INFO - Processing /home/airflow/.local/lib/python3.8/site-packages/airflow/example_dags/example_xcom.py took 0.134 seconds
[2026-06-12T11:14:39.059+0000] {processor.py:161} INFO - Started process (PID=1591) to work on /home/airflow/.local/lib/python3.8/site-packages/airflow/example_dags/example_xcom.py
[2026-06-12T11:14:39.061+0000] {processor.py:830} INFO - Processing file /home/airflow/.local/lib/python3.8/site-packages/airflow/example_dags/example_xcom.py for tasks to queue
[2026-06-12T11:14:39.063+0000] {logging_mixin.py:188} INFO - [2026-06-12T11:14:39.063+0000] {dagbag.py:538} INFO - Filling up the DagBag from /home/airflow/.local/lib/python3.8/site-packages/airflow/example_dags/example_xcom.py
[2026-06-12T11:14:39.075+0000] {processor.py:840} INFO - DAG(s) 'example_xcom' retrieved from /home/airflow/.local/lib/python3.8/site-packages/airflow/example_dags/example_xcom.py
[2026-06-12T11:14:39.112+0000] {logging_mixin.py:188} INFO - [2026-06-12T11:14:39.111+0000] {dag.py:3036} INFO - Sync 1 DAGs
[2026-06-12T11:14:39.150+0000] {logging_mixin.py:188} INFO - [2026-06-12T11:14:39.150+0000] {dag.py:3823} INFO - Setting next_dagrun for example_xcom to 2021-01-01 00:00:00+00:00, run_after=2021-01-01 00:00:00+00:00
[2026-06-12T11:14:39.181+0000] {processor.py:183} INFO - Processing /home/airflow/.local/lib/python3.8/site-packages/airflow/example_dags/example_xcom.py took 0.127 seconds
[2026-06-12T11:15:09.287+0000] {processor.py:161} INFO - Started process (PID=1657) to work on /home/airflow/.local/lib/python3.8/site-packages/airflow/example_dags/example_xcom.py
[2026-06-12T11:15:09.288+0000] {processor.py:830} INFO - Processing file /home/airflow/.local/lib/python3.8/site-packages/airflow/example_dags/example_xcom.py for tasks to queue
[2026-06-12T11:15:09.290+0000] {logging_mixin.py:188} INFO - [2026-06-12T11:15:09.290+0000] {dagbag.py:538} INFO - Filling up the DagBag from /home/airflow/.local/lib/python3.8/site-packages/airflow/example_dags/example_xcom.py
[2026-06-12T11:15:09.304+0000] {processor.py:840} INFO - DAG(s) 'example_xcom' retrieved from /home/airflow/.local/lib/python3.8/site-packages/airflow/example_dags/example_xcom.py
[2026-06-12T11:15:09.341+0000] {logging_mixin.py:188} INFO - [2026-06-12T11:15:09.340+0000] {dag.py:3036} INFO - Sync 1 DAGs
[2026-06-12T11:15:09.378+0000] {logging_mixin.py:188} INFO - [2026-06-12T11:15:09.378+0000] {dag.py:3823} INFO - Setting next_dagrun for example_xcom to 2021-01-01 00:00:00+00:00, run_after=2021-01-01 00:00:00+00:00
[2026-06-12T11:15:09.410+0000] {processor.py:183} INFO - Processing /home/airflow/.local/lib/python3.8/site-packages/airflow/example_dags/example_xcom.py took 0.128 seconds
[2026-06-12T11:15:39.955+0000] {processor.py:161} INFO - Started process (PID=1724) to work on /home/airflow/.local/lib/python3.8/site-packages/airflow/example_dags/example_xcom.py
[2026-06-12T11:15:39.957+0000] {processor.py:830} INFO - Processing file /home/airflow/.local/lib/python3.8/site-packages/airflow/example_dags/example_xcom.py for tasks to queue
[2026-06-12T11:15:39.959+0000] {logging_mixin.py:188} INFO - [2026-06-12T11:15:39.959+0000] {dagbag.py:538} INFO - Filling up the DagBag from /home/airflow/.local/lib/python3.8/site-packages/airflow/example_dags/example_xcom.py
[2026-06-12T11:15:39.970+0000] {processor.py:840} INFO - DAG(s) 'example_xcom' retrieved from /home/airflow/.local/lib/python3.8/site-packages/airflow/example_dags/example_xcom.py
[2026-06-12T11:15:40.005+0000] {logging_mixin.py:188} INFO - [2026-06-12T11:15:40.005+0000] {dag.py:3036} INFO - Sync 1 DAGs
[2026-06-12T11:15:40.038+0000] {logging_mixin.py:188} INFO - [2026-06-12T11:15:40.038+0000] {dag.py:3823} INFO - Setting next_dagrun for example_xcom to 2021-01-01 00:00:00+00:00, run_after=2021-01-01 00:00:00+00:00
[2026-06-12T11:15:40.067+0000] {processor.py:183} INFO - Processing /home/airflow/.local/lib/python3.8/site-packages/airflow/example_dags/example_xcom.py took 0.118 seconds
[2026-06-12T11:16:10.270+0000] {processor.py:161} INFO - Started process (PID=1788) to work on /home/airflow/.local/lib/python3.8/site-packages/airflow/example_dags/example_xcom.py
[2026-06-12T11:16:10.272+0000] {processor.py:830} INFO - Processing file /home/airflow/.local/lib/python3.8/site-packages/airflow/example_dags/example_xcom.py for tasks to queue
[2026-06-12T11:16:10.275+0000] {logging_mixin.py:188} INFO - [2026-06-12T11:16:10.274+0000] {dagbag.py:538} INFO - Filling up the DagBag from /home/airflow/.local/lib/python3.8/site-packages/airflow/example_dags/example_xcom.py
[2026-06-12T11:16:10.288+0000] {processor.py:840} INFO - DAG(s) 'example_xcom' retrieved from /home/airflow/.local/lib/python3.8/site-packages/airflow/example_dags/example_xcom.py
[2026-06-12T11:16:10.327+0000] {logging_mixin.py:188} INFO - [2026-06-12T11:16:10.327+0000] {dag.py:3036} INFO - Sync 1 DAGs
[2026-06-12T11:16:10.364+0000] {logging_mixin.py:188} INFO - [2026-06-12T11:16:10.363+0000] {dag.py:3823} INFO - Setting next_dagrun for example_xcom to 2021-01-01 00:00:00+00:00, run_after=2021-01-01 00:00:00+00:00
[2026-06-12T11:16:10.396+0000] {processor.py:183} INFO - Processing /home/airflow/.local/lib/python3.8/site-packages/airflow/example_dags/example_xcom.py took 0.132 seconds
[2026-06-12T11:16:40.972+0000] {processor.py:161} INFO - Started process (PID=1854) to work on /home/airflow/.local/lib/python3.8/site-packages/airflow/example_dags/example_xcom.py
[2026-06-12T11:16:40.974+0000] {processor.py:830} INFO - Processing file /home/airflow/.local/lib/python3.8/site-packages/airflow/example_dags/example_xcom.py for tasks to queue
[2026-06-12T11:16:40.977+0000] {logging_mixin.py:188} INFO - [2026-06-12T11:16:40.976+0000] {dagbag.py:538} INFO - Filling up the DagBag from /home/airflow/.local/lib/python3.8/site-packages/airflow/example_dags/example_xcom.py
[2026-06-12T11:16:40.988+0000] {processor.py:840} INFO - DAG(s) 'example_xcom' retrieved from /home/airflow/.local/lib/python3.8/site-packages/airflow/example_dags/example_xcom.py
[2026-06-12T11:16:41.028+0000] {logging_mixin.py:188} INFO - [2026-06-12T11:16:41.028+0000] {dag.py:3036} INFO - Sync 1 DAGs
[2026-06-12T11:16:41.068+0000] {logging_mixin.py:188} INFO - [2026-06-12T11:16:41.068+0000] {dag.py:3823} INFO - Setting next_dagrun for example_xcom to 2021-01-01 00:00:00+00:00, run_after=2021-01-01 00:00:00+00:00
[2026-06-12T11:16:41.097+0000] {processor.py:183} INFO - Processing /home/airflow/.local/lib/python3.8/site-packages/airflow/example_dags/example_xcom.py took 0.129 seconds
[2026-06-12T11:17:11.589+0000] {processor.py:161} INFO - Started process (PID=1926) to work on /home/airflow/.local/lib/python3.8/site-packages/airflow/example_dags/example_xcom.py
[2026-06-12T11:17:11.591+0000] {processor.py:830} INFO - Processing file /home/airflow/.local/lib/python3.8/site-packages/airflow/example_dags/example_xcom.py for tasks to queue
[2026-06-12T11:17:11.594+0000] {logging_mixin.py:188} INFO - [2026-06-12T11:17:11.593+0000] {dagbag.py:538} INFO - Filling up the DagBag from /home/airflow/.local/lib/python3.8/site-packages/airflow/example_dags/example_xcom.py
[2026-06-12T11:17:11.608+0000] {processor.py:840} INFO - DAG(s) 'example_xcom' retrieved from /home/airflow/.local/lib/python3.8/site-packages/airflow/example_dags/example_xcom.py
[2026-06-12T11:17:11.653+0000] {logging_mixin.py:188} INFO - [2026-06-12T11:17:11.653+0000] {dag.py:3036} INFO - Sync 1 DAGs
[2026-06-12T11:17:11.697+0000] {logging_mixin.py:188} INFO - [2026-06-12T11:17:11.696+0000] {dag.py:3823} INFO - Setting next_dagrun for example_xcom to 2021-01-01 00:00:00+00:00, run_after=2021-01-01 00:00:00+00:00
[2026-06-12T11:17:11.729+0000] {processor.py:183} INFO - Processing /home/airflow/.local/lib/python3.8/site-packages/airflow/example_dags/example_xcom.py took 0.146 seconds
[2026-06-12T11:17:41.829+0000] {processor.py:161} INFO - Started process (PID=1993) to work on /home/airflow/.local/lib/python3.8/site-packages/airflow/example_dags/example_xcom.py
[2026-06-12T11:17:41.830+0000] {processor.py:830} INFO - Processing file /home/airflow/.local/lib/python3.8/site-packages/airflow/example_dags/example_xcom.py for tasks to queue
[2026-06-12T11:17:41.833+0000] {logging_mixin.py:188} INFO - [2026-06-12T11:17:41.832+0000] {dagbag.py:538} INFO - Filling up the DagBag from /home/airflow/.local/lib/python3.8/site-packages/airflow/example_dags/example_xcom.py
[2026-06-12T11:17:41.848+0000] {processor.py:840} INFO - DAG(s) 'example_xcom' retrieved from /home/airflow/.local/lib/python3.8/site-packages/airflow/example_dags/example_xcom.py
[2026-06-12T11:17:41.885+0000] {logging_mixin.py:188} INFO - [2026-06-12T11:17:41.885+0000] {dag.py:3036} INFO - Sync 1 DAGs
[2026-06-12T11:17:41.921+0000] {logging_mixin.py:188} INFO - [2026-06-12T11:17:41.920+0000] {dag.py:3823} INFO - Setting next_dagrun for example_xcom to 2021-01-01 00:00:00+00:00, run_after=2021-01-01 00:00:00+00:00
[2026-06-12T11:17:41.952+0000] {processor.py:183} INFO - Processing /home/airflow/.local/lib/python3.8/site-packages/airflow/example_dags/example_xcom.py took 0.130 seconds
[2026-06-12T11:18:12.938+0000] {processor.py:161} INFO - Started process (PID=2059) to work on /home/airflow/.local/lib/python3.8/site-packages/airflow/example_dags/example_xcom.py
[2026-06-12T11:18:12.940+0000] {processor.py:830} INFO - Processing file /home/airflow/.local/lib/python3.8/site-packages/airflow/example_dags/example_xcom.py for tasks to queue
[2026-06-12T11:18:12.943+0000] {logging_mixin.py:188} INFO - [2026-06-12T11:18:12.942+0000] {dagbag.py:538} INFO - Filling up the DagBag from /home/airflow/.local/lib/python3.8/site-packages/airflow/example_dags/example_xcom.py
[2026-06-12T11:18:12.956+0000] {processor.py:840} INFO - DAG(s) 'example_xcom' retrieved from /home/airflow/.local/lib/python3.8/site-packages/airflow/example_dags/example_xcom.py
[2026-06-12T11:18:12.993+0000] {logging_mixin.py:188} INFO - [2026-06-12T11:18:12.993+0000] {dag.py:3036} INFO - Sync 1 DAGs
[2026-06-12T11:18:13.036+0000] {logging_mixin.py:188} INFO - [2026-06-12T11:18:13.036+0000] {dag.py:3823} INFO - Setting next_dagrun for example_xcom to 2021-01-01 00:00:00+00:00, run_after=2021-01-01 00:00:00+00:00
[2026-06-12T11:18:13.078+0000] {processor.py:183} INFO - Processing /home/airflow/.local/lib/python3.8/site-packages/airflow/example_dags/example_xcom.py took 0.145 seconds
[2026-06-12T11:18:43.639+0000] {processor.py:161} INFO - Started process (PID=2125) to work on /home/airflow/.local/lib/python3.8/site-packages/airflow/example_dags/example_xcom.py
[2026-06-12T11:18:43.641+0000] {processor.py:830} INFO - Processing file /home/airflow/.local/lib/python3.8/site-packages/airflow/example_dags/example_xcom.py for tasks to queue
[2026-06-12T11:18:43.644+0000] {logging_mixin.py:188} INFO - [2026-06-12T11:18:43.644+0000] {dagbag.py:538} INFO - Filling up the DagBag from /home/airflow/.local/lib/python3.8/site-packages/airflow/example_dags/example_xcom.py
[2026-06-12T11:18:43.655+0000] {processor.py:840} INFO - DAG(s) 'example_xcom' retrieved from /home/airflow/.local/lib/python3.8/site-packages/airflow/example_dags/example_xcom.py
[2026-06-12T11:18:43.690+0000] {logging_mixin.py:188} INFO - [2026-06-12T11:18:43.689+0000] {dag.py:3036} INFO - Sync 1 DAGs
[2026-06-12T11:18:43.724+0000] {logging_mixin.py:188} INFO - [2026-06-12T11:18:43.724+0000] {dag.py:3823} INFO - Setting next_dagrun for example_xcom to 2021-01-01 00:00:00+00:00, run_after=2021-01-01 00:00:00+00:00
[2026-06-12T11:18:43.756+0000] {processor.py:183} INFO - Processing /home/airflow/.local/lib/python3.8/site-packages/airflow/example_dags/example_xcom.py took 0.122 seconds
[2026-06-12T11:19:14.584+0000] {processor.py:161} INFO - Started process (PID=2191) to work on /home/airflow/.local/lib/python3.8/site-packages/airflow/example_dags/example_xcom.py
[2026-06-12T11:19:14.586+0000] {processor.py:830} INFO - Processing file /home/airflow/.local/lib/python3.8/site-packages/airflow/example_dags/example_xcom.py for tasks to queue
[2026-06-12T11:19:14.589+0000] {logging_mixin.py:188} INFO - [2026-06-12T11:19:14.588+0000] {dagbag.py:538} INFO - Filling up the DagBag from /home/airflow/.local/lib/python3.8/site-packages/airflow/example_dags/example_xcom.py
[2026-06-12T11:19:14.601+0000] {processor.py:840} INFO - DAG(s) 'example_xcom' retrieved from /home/airflow/.local/lib/python3.8/site-packages/airflow/example_dags/example_xcom.py
[2026-06-12T11:19:14.643+0000] {logging_mixin.py:188} INFO - [2026-06-12T11:19:14.643+0000] {dag.py:3036} INFO - Sync 1 DAGs
[2026-06-12T11:19:14.682+0000] {logging_mixin.py:188} INFO - [2026-06-12T11:19:14.682+0000] {dag.py:3823} INFO - Setting next_dagrun for example_xcom to 2021-01-01 00:00:00+00:00, run_after=2021-01-01 00:00:00+00:00
[2026-06-12T11:19:14.711+0000] {processor.py:183} INFO - Processing /home/airflow/.local/lib/python3.8/site-packages/airflow/example_dags/example_xcom.py took 0.132 seconds
[2026-06-12T11:19:44.834+0000] {processor.py:161} INFO - Started process (PID=2257) to work on /home/airflow/.local/lib/python3.8/site-packages/airflow/example_dags/example_xcom.py
[2026-06-12T11:19:44.836+0000] {processor.py:830} INFO - Processing file /home/airflow/.local/lib/python3.8/site-packages/airflow/example_dags/example_xcom.py for tasks to queue
[2026-06-12T11:19:44.839+0000] {logging_mixin.py:188} INFO - [2026-06-12T11:19:44.838+0000] {dagbag.py:538} INFO - Filling up the DagBag from /home/airflow/.local/lib/python3.8/site-packages/airflow/example_dags/example_xcom.py
[2026-06-12T11:19:44.853+0000] {processor.py:840} INFO - DAG(s) 'example_xcom' retrieved from /home/airflow/.local/lib/python3.8/site-packages/airflow/example_dags/example_xcom.py
[2026-06-12T11:19:44.898+0000] {logging_mixin.py:188} INFO - [2026-06-12T11:19:44.898+0000] {dag.py:3036} INFO - Sync 1 DAGs
[2026-06-12T11:19:44.950+0000] {logging_mixin.py:188} INFO - [2026-06-12T11:19:44.950+0000] {dag.py:3823} INFO - Setting next_dagrun for example_xcom to 2021-01-01 00:00:00+00:00, run_after=2021-01-01 00:00:00+00:00
[2026-06-12T11:19:44.984+0000] {processor.py:183} INFO - Processing /home/airflow/.local/lib/python3.8/site-packages/airflow/example_dags/example_xcom.py took 0.155 seconds
[2026-06-12T11:20:15.272+0000] {processor.py:161} INFO - Started process (PID=2323) to work on /home/airflow/.local/lib/python3.8/site-packages/airflow/example_dags/example_xcom.py
[2026-06-12T11:20:15.274+0000] {processor.py:830} INFO - Processing file /home/airflow/.local/lib/python3.8/site-packages/airflow/example_dags/example_xcom.py for tasks to queue
[2026-06-12T11:20:15.277+0000] {logging_mixin.py:188} INFO - [2026-06-12T11:20:15.276+0000] {dagbag.py:538} INFO - Filling up the DagBag from /home/airflow/.local/lib/python3.8/site-packages/airflow/example_dags/example_xcom.py
[2026-06-12T11:20:15.290+0000] {processor.py:840} INFO - DAG(s) 'example_xcom' retrieved from /home/airflow/.local/lib/python3.8/site-packages/airflow/example_dags/example_xcom.py
[2026-06-12T11:20:15.334+0000] {logging_mixin.py:188} INFO - [2026-06-12T11:20:15.334+0000] {dag.py:3036} INFO - Sync 1 DAGs
[2026-06-12T11:20:15.373+0000] {logging_mixin.py:188} INFO - [2026-06-12T11:20:15.372+0000] {dag.py:3823} INFO - Setting next_dagrun for example_xcom to 2021-01-01 00:00:00+00:00, run_after=2021-01-01 00:00:00+00:00
[2026-06-12T11:20:15.403+0000] {processor.py:183} INFO - Processing /home/airflow/.local/lib/python3.8/site-packages/airflow/example_dags/example_xcom.py took 0.139 seconds
[2026-06-12T11:20:45.818+0000] {processor.py:161} INFO - Started process (PID=2388) to work on /home/airflow/.local/lib/python3.8/site-packages/airflow/example_dags/example_xcom.py
[2026-06-12T11:20:45.820+0000] {processor.py:830} INFO - Processing file /home/airflow/.local/lib/python3.8/site-packages/airflow/example_dags/example_xcom.py for tasks to queue
[2026-06-12T11:20:45.822+0000] {logging_mixin.py:188} INFO - [2026-06-12T11:20:45.822+0000] {dagbag.py:538} INFO - Filling up the DagBag from /home/airflow/.local/lib/python3.8/site-packages/airflow/example_dags/example_xcom.py
[2026-06-12T11:20:45.835+0000] {processor.py:840} INFO - DAG(s) 'example_xcom' retrieved from /home/airflow/.local/lib/python3.8/site-packages/airflow/example_dags/example_xcom.py
[2026-06-12T11:20:45.876+0000] {logging_mixin.py:188} INFO - [2026-06-12T11:20:45.876+0000] {dag.py:3036} INFO - Sync 1 DAGs
[2026-06-12T11:20:45.910+0000] {logging_mixin.py:188} INFO - [2026-06-12T11:20:45.910+0000] {dag.py:3823} INFO - Setting next_dagrun for example_xcom to 2021-01-01 00:00:00+00:00, run_after=2021-01-01 00:00:00+00:00
[2026-06-12T11:20:45.938+0000] {processor.py:183} INFO - Processing /home/airflow/.local/lib/python3.8/site-packages/airflow/example_dags/example_xcom.py took 0.125 seconds
[2026-06-12T11:21:16.534+0000] {processor.py:161} INFO - Started process (PID=2462) to work on /home/airflow/.local/lib/python3.8/site-packages/airflow/example_dags/example_xcom.py
[2026-06-12T11:21:16.536+0000] {processor.py:830} INFO - Processing file /home/airflow/.local/lib/python3.8/site-packages/airflow/example_dags/example_xcom.py for tasks to queue
[2026-06-12T11:21:16.538+0000] {logging_mixin.py:188} INFO - [2026-06-12T11:21:16.538+0000] {dagbag.py:538} INFO - Filling up the DagBag from /home/airflow/.local/lib/python3.8/site-packages/airflow/example_dags/example_xcom.py
[2026-06-12T11:21:16.550+0000] {processor.py:840} INFO - DAG(s) 'example_xcom' retrieved from /home/airflow/.local/lib/python3.8/site-packages/airflow/example_dags/example_xcom.py
[2026-06-12T11:21:16.585+0000] {logging_mixin.py:188} INFO - [2026-06-12T11:21:16.584+0000] {dag.py:3036} INFO - Sync 1 DAGs
[2026-06-12T11:21:16.618+0000] {logging_mixin.py:188} INFO - [2026-06-12T11:21:16.618+0000] {dag.py:3823} INFO - Setting next_dagrun for example_xcom to 2021-01-01 00:00:00+00:00, run_after=2021-01-01 00:00:00+00:00
[2026-06-12T11:21:16.645+0000] {processor.py:183} INFO - Processing /home/airflow/.local/lib/python3.8/site-packages/airflow/example_dags/example_xcom.py took 0.116 seconds
[2026-06-12T11:21:46.889+0000] {processor.py:161} INFO - Started process (PID=2529) to work on /home/airflow/.local/lib/python3.8/site-packages/airflow/example_dags/example_xcom.py
[2026-06-12T11:21:46.890+0000] {processor.py:830} INFO - Processing file /home/airflow/.local/lib/python3.8/site-packages/airflow/example_dags/example_xcom.py for tasks to queue
[2026-06-12T11:21:46.893+0000] {logging_mixin.py:188} INFO - [2026-06-12T11:21:46.892+0000] {dagbag.py:538} INFO - Filling up the DagBag from /home/airflow/.local/lib/python3.8/site-packages/airflow/example_dags/example_xcom.py
[2026-06-12T11:21:46.904+0000] {processor.py:840} INFO - DAG(s) 'example_xcom' retrieved from /home/airflow/.local/lib/python3.8/site-packages/airflow/example_dags/example_xcom.py
[2026-06-12T11:21:46.943+0000] {logging_mixin.py:188} INFO - [2026-06-12T11:21:46.943+0000] {dag.py:3036} INFO - Sync 1 DAGs
[2026-06-12T11:21:46.979+0000] {logging_mixin.py:188} INFO - [2026-06-12T11:21:46.979+0000] {dag.py:3823} INFO - Setting next_dagrun for example_xcom to 2021-01-01 00:00:00+00:00, run_after=2021-01-01 00:00:00+00:00
[2026-06-12T11:21:47.010+0000] {processor.py:183} INFO - Processing /home/airflow/.local/lib/python3.8/site-packages/airflow/example_dags/example_xcom.py took 0.126 seconds
[2026-06-12T11:22:17.945+0000] {processor.py:161} INFO - Started process (PID=2595) to work on /home/airflow/.local/lib/python3.8/site-packages/airflow/example_dags/example_xcom.py
[2026-06-12T11:22:17.947+0000] {processor.py:830} INFO - Processing file /home/airflow/.local/lib/python3.8/site-packages/airflow/example_dags/example_xcom.py for tasks to queue
[2026-06-12T11:22:17.950+0000] {logging_mixin.py:188} INFO - [2026-06-12T11:22:17.950+0000] {dagbag.py:538} INFO - Filling up the DagBag from /home/airflow/.local/lib/python3.8/site-packages/airflow/example_dags/example_xcom.py
[2026-06-12T11:22:17.963+0000] {processor.py:840} INFO - DAG(s) 'example_xcom' retrieved from /home/airflow/.local/lib/python3.8/site-packages/airflow/example_dags/example_xcom.py
[2026-06-12T11:22:18.001+0000] {logging_mixin.py:188} INFO - [2026-06-12T11:22:18.000+0000] {dag.py:3036} INFO - Sync 1 DAGs
[2026-06-12T11:22:18.037+0000] {logging_mixin.py:188} INFO - [2026-06-12T11:22:18.037+0000] {dag.py:3823} INFO - Setting next_dagrun for example_xcom to 2021-01-01 00:00:00+00:00, run_after=2021-01-01 00:00:00+00:00
[2026-06-12T11:22:18.070+0000] {processor.py:183} INFO - Processing /home/airflow/.local/lib/python3.8/site-packages/airflow/example_dags/example_xcom.py took 0.130 seconds
[2026-06-12T11:22:48.792+0000] {processor.py:161} INFO - Started process (PID=2659) to work on /home/airflow/.local/lib/python3.8/site-packages/airflow/example_dags/example_xcom.py
[2026-06-12T11:22:48.793+0000] {processor.py:830} INFO - Processing file /home/airflow/.local/lib/python3.8/site-packages/airflow/example_dags/example_xcom.py for tasks to queue
[2026-06-12T11:22:48.796+0000] {logging_mixin.py:188} INFO - [2026-06-12T11:22:48.795+0000] {dagbag.py:538} INFO - Filling up the DagBag from /home/airflow/.local/lib/python3.8/site-packages/airflow/example_dags/example_xcom.py
[2026-06-12T11:22:48.810+0000] {processor.py:840} INFO - DAG(s) 'example_xcom' retrieved from /home/airflow/.local/lib/python3.8/site-packages/airflow/example_dags/example_xcom.py
[2026-06-12T11:22:48.853+0000] {logging_mixin.py:188} INFO - [2026-06-12T11:22:48.853+0000] {dag.py:3036} INFO - Sync 1 DAGs
[2026-06-12T11:22:48.893+0000] {logging_mixin.py:188} INFO - [2026-06-12T11:22:48.893+0000] {dag.py:3823} INFO - Setting next_dagrun for example_xcom to 2021-01-01 00:00:00+00:00, run_after=2021-01-01 00:00:00+00:00
[2026-06-12T11:22:48.922+0000] {processor.py:183} INFO - Processing /home/airflow/.local/lib/python3.8/site-packages/airflow/example_dags/example_xcom.py took 0.136 seconds
[2026-06-12T11:23:19.368+0000] {processor.py:161} INFO - Started process (PID=2725) to work on /home/airflow/.local/lib/python3.8/site-packages/airflow/example_dags/example_xcom.py
[2026-06-12T11:23:19.370+0000] {processor.py:830} INFO - Processing file /home/airflow/.local/lib/python3.8/site-packages/airflow/example_dags/example_xcom.py for tasks to queue
[2026-06-12T11:23:19.373+0000] {logging_mixin.py:188} INFO - [2026-06-12T11:23:19.372+0000] {dagbag.py:538} INFO - Filling up the DagBag from /home/airflow/.local/lib/python3.8/site-packages/airflow/example_dags/example_xcom.py
[2026-06-12T11:23:19.385+0000] {processor.py:840} INFO - DAG(s) 'example_xcom' retrieved from /home/airflow/.local/lib/python3.8/site-packages/airflow/example_dags/example_xcom.py
[2026-06-12T11:23:19.423+0000] {logging_mixin.py:188} INFO - [2026-06-12T11:23:19.423+0000] {dag.py:3036} INFO - Sync 1 DAGs
[2026-06-12T11:23:19.459+0000] {logging_mixin.py:188} INFO - [2026-06-12T11:23:19.459+0000] {dag.py:3823} INFO - Setting next_dagrun for example_xcom to 2021-01-01 00:00:00+00:00, run_after=2021-01-01 00:00:00+00:00
[2026-06-12T11:23:19.489+0000] {processor.py:183} INFO - Processing /home/airflow/.local/lib/python3.8/site-packages/airflow/example_dags/example_xcom.py took 0.126 seconds
[2026-06-12T11:23:49.707+0000] {processor.py:161} INFO - Started process (PID=2790) to work on /home/airflow/.local/lib/python3.8/site-packages/airflow/example_dags/example_xcom.py
[2026-06-12T11:23:49.709+0000] {processor.py:830} INFO - Processing file /home/airflow/.local/lib/python3.8/site-packages/airflow/example_dags/example_xcom.py for tasks to queue
[2026-06-12T11:23:49.711+0000] {logging_mixin.py:188} INFO - [2026-06-12T11:23:49.711+0000] {dagbag.py:538} INFO - Filling up the DagBag from /home/airflow/.local/lib/python3.8/site-packages/airflow/example_dags/example_xcom.py
[2026-06-12T11:23:49.722+0000] {processor.py:840} INFO - DAG(s) 'example_xcom' retrieved from /home/airflow/.local/lib/python3.8/site-packages/airflow/example_dags/example_xcom.py
[2026-06-12T11:23:49.765+0000] {logging_mixin.py:188} INFO - [2026-06-12T11:23:49.764+0000] {dag.py:3036} INFO - Sync 1 DAGs
[2026-06-12T11:23:49.807+0000] {logging_mixin.py:188} INFO - [2026-06-12T11:23:49.806+0000] {dag.py:3823} INFO - Setting next_dagrun for example_xcom to 2021-01-01 00:00:00+00:00, run_after=2021-01-01 00:00:00+00:00
[2026-06-12T11:23:49.835+0000] {processor.py:183} INFO - Processing /home/airflow/.local/lib/python3.8/site-packages/airflow/example_dags/example_xcom.py took 0.133 seconds
[2026-06-12T11:24:20.139+0000] {processor.py:161} INFO - Started process (PID=2856) to work on /home/airflow/.local/lib/python3.8/site-packages/airflow/example_dags/example_xcom.py
[2026-06-12T11:24:20.141+0000] {processor.py:830} INFO - Processing file /home/airflow/.local/lib/python3.8/site-packages/airflow/example_dags/example_xcom.py for tasks to queue
[2026-06-12T11:24:20.143+0000] {logging_mixin.py:188} INFO - [2026-06-12T11:24:20.143+0000] {dagbag.py:538} INFO - Filling up the DagBag from /home/airflow/.local/lib/python3.8/site-packages/airflow/example_dags/example_xcom.py
[2026-06-12T11:24:20.156+0000] {processor.py:840} INFO - DAG(s) 'example_xcom' retrieved from /home/airflow/.local/lib/python3.8/site-packages/airflow/example_dags/example_xcom.py
[2026-06-12T11:24:20.194+0000] {logging_mixin.py:188} INFO - [2026-06-12T11:24:20.193+0000] {dag.py:3036} INFO - Sync 1 DAGs
[2026-06-12T11:24:20.232+0000] {logging_mixin.py:188} INFO - [2026-06-12T11:24:20.231+0000] {dag.py:3823} INFO - Setting next_dagrun for example_xcom to 2021-01-01 00:00:00+00:00, run_after=2021-01-01 00:00:00+00:00
[2026-06-12T11:24:20.264+0000] {processor.py:183} INFO - Processing /home/airflow/.local/lib/python3.8/site-packages/airflow/example_dags/example_xcom.py took 0.130 seconds
[2026-06-12T11:24:50.602+0000] {processor.py:161} INFO - Started process (PID=2922) to work on /home/airflow/.local/lib/python3.8/site-packages/airflow/example_dags/example_xcom.py
[2026-06-12T11:24:50.603+0000] {processor.py:830} INFO - Processing file /home/airflow/.local/lib/python3.8/site-packages/airflow/example_dags/example_xcom.py for tasks to queue
[2026-06-12T11:24:50.606+0000] {logging_mixin.py:188} INFO - [2026-06-12T11:24:50.605+0000] {dagbag.py:538} INFO - Filling up the DagBag from /home/airflow/.local/lib/python3.8/site-packages/airflow/example_dags/example_xcom.py
[2026-06-12T11:24:50.618+0000] {processor.py:840} INFO - DAG(s) 'example_xcom' retrieved from /home/airflow/.local/lib/python3.8/site-packages/airflow/example_dags/example_xcom.py
[2026-06-12T11:24:50.659+0000] {logging_mixin.py:188} INFO - [2026-06-12T11:24:50.659+0000] {dag.py:3036} INFO - Sync 1 DAGs
[2026-06-12T11:24:50.887+0000] {logging_mixin.py:188} INFO - [2026-06-12T11:24:50.886+0000] {dag.py:3823} INFO - Setting next_dagrun for example_xcom to 2021-01-01 00:00:00+00:00, run_after=2021-01-01 00:00:00+00:00
[2026-06-12T11:24:50.917+0000] {processor.py:183} INFO - Processing /home/airflow/.local/lib/python3.8/site-packages/airflow/example_dags/example_xcom.py took 0.321 seconds
[2026-06-12T11:25:21.116+0000] {processor.py:161} INFO - Started process (PID=2988) to work on /home/airflow/.local/lib/python3.8/site-packages/airflow/example_dags/example_xcom.py
[2026-06-12T11:25:21.118+0000] {processor.py:830} INFO - Processing file /home/airflow/.local/lib/python3.8/site-packages/airflow/example_dags/example_xcom.py for tasks to queue
[2026-06-12T11:25:21.121+0000] {logging_mixin.py:188} INFO - [2026-06-12T11:25:21.120+0000] {dagbag.py:538} INFO - Filling up the DagBag from /home/airflow/.local/lib/python3.8/site-packages/airflow/example_dags/example_xcom.py
[2026-06-12T11:25:21.133+0000] {processor.py:840} INFO - DAG(s) 'example_xcom' retrieved from /home/airflow/.local/lib/python3.8/site-packages/airflow/example_dags/example_xcom.py
[2026-06-12T11:25:21.171+0000] {logging_mixin.py:188} INFO - [2026-06-12T11:25:21.171+0000] {dag.py:3036} INFO - Sync 1 DAGs
[2026-06-12T11:25:21.207+0000] {logging_mixin.py:188} INFO - [2026-06-12T11:25:21.207+0000] {dag.py:3823} INFO - Setting next_dagrun for example_xcom to 2021-01-01 00:00:00+00:00, run_after=2021-01-01 00:00:00+00:00
[2026-06-12T11:25:21.408+0000] {processor.py:183} INFO - Processing /home/airflow/.local/lib/python3.8/site-packages/airflow/example_dags/example_xcom.py took 0.298 seconds
[2026-06-12T11:25:51.637+0000] {processor.py:161} INFO - Started process (PID=3061) to work on /home/airflow/.local/lib/python3.8/site-packages/airflow/example_dags/example_xcom.py
[2026-06-12T11:25:51.638+0000] {processor.py:830} INFO - Processing file /home/airflow/.local/lib/python3.8/site-packages/airflow/example_dags/example_xcom.py for tasks to queue
[2026-06-12T11:25:51.641+0000] {logging_mixin.py:188} INFO - [2026-06-12T11:25:51.641+0000] {dagbag.py:538} INFO - Filling up the DagBag from /home/airflow/.local/lib/python3.8/site-packages/airflow/example_dags/example_xcom.py
[2026-06-12T11:25:51.653+0000] {processor.py:840} INFO - DAG(s) 'example_xcom' retrieved from /home/airflow/.local/lib/python3.8/site-packages/airflow/example_dags/example_xcom.py
[2026-06-12T11:25:51.695+0000] {logging_mixin.py:188} INFO - [2026-06-12T11:25:51.695+0000] {dag.py:3036} INFO - Sync 1 DAGs
[2026-06-12T11:25:51.736+0000] {logging_mixin.py:188} INFO - [2026-06-12T11:25:51.735+0000] {dag.py:3823} INFO - Setting next_dagrun for example_xcom to 2021-01-01 00:00:00+00:00, run_after=2021-01-01 00:00:00+00:00
[2026-06-12T11:25:51.769+0000] {processor.py:183} INFO - Processing /home/airflow/.local/lib/python3.8/site-packages/airflow/example_dags/example_xcom.py took 0.138 seconds
[2026-06-12T11:26:22.429+0000] {processor.py:161} INFO - Started process (PID=3129) to work on /home/airflow/.local/lib/python3.8/site-packages/airflow/example_dags/example_xcom.py
[2026-06-12T11:26:22.431+0000] {processor.py:830} INFO - Processing file /home/airflow/.local/lib/python3.8/site-packages/airflow/example_dags/example_xcom.py for tasks to queue
[2026-06-12T11:26:22.434+0000] {logging_mixin.py:188} INFO - [2026-06-12T11:26:22.433+0000] {dagbag.py:538} INFO - Filling up the DagBag from /home/airflow/.local/lib/python3.8/site-packages/airflow/example_dags/example_xcom.py
[2026-06-12T11:26:22.449+0000] {processor.py:840} INFO - DAG(s) 'example_xcom' retrieved from /home/airflow/.local/lib/python3.8/site-packages/airflow/example_dags/example_xcom.py
[2026-06-12T11:26:22.493+0000] {logging_mixin.py:188} INFO - [2026-06-12T11:26:22.493+0000] {dag.py:3036} INFO - Sync 1 DAGs
[2026-06-12T11:26:22.537+0000] {logging_mixin.py:188} INFO - [2026-06-12T11:26:22.536+0000] {dag.py:3823} INFO - Setting next_dagrun for example_xcom to 2021-01-01 00:00:00+00:00, run_after=2021-01-01 00:00:00+00:00
[2026-06-12T11:26:22.579+0000] {processor.py:183} INFO - Processing /home/airflow/.local/lib/python3.8/site-packages/airflow/example_dags/example_xcom.py took 0.156 seconds
[2026-06-12T11:26:52.813+0000] {processor.py:161} INFO - Started process (PID=3196) to work on /home/airflow/.local/lib/python3.8/site-packages/airflow/example_dags/example_xcom.py
[2026-06-12T11:26:52.815+0000] {processor.py:830} INFO - Processing file /home/airflow/.local/lib/python3.8/site-packages/airflow/example_dags/example_xcom.py for tasks to queue
[2026-06-12T11:26:52.818+0000] {logging_mixin.py:188} INFO - [2026-06-12T11:26:52.817+0000] {dagbag.py:538} INFO - Filling up the DagBag from /home/airflow/.local/lib/python3.8/site-packages/airflow/example_dags/example_xcom.py
[2026-06-12T11:26:52.832+0000] {processor.py:840} INFO - DAG(s) 'example_xcom' retrieved from /home/airflow/.local/lib/python3.8/site-packages/airflow/example_dags/example_xcom.py
[2026-06-12T11:26:53.108+0000] {logging_mixin.py:188} INFO - [2026-06-12T11:26:53.108+0000] {dag.py:3036} INFO - Sync 1 DAGs
[2026-06-12T11:26:53.149+0000] {logging_mixin.py:188} INFO - [2026-06-12T11:26:53.148+0000] {dag.py:3823} INFO - Setting next_dagrun for example_xcom to 2021-01-01 00:00:00+00:00, run_after=2021-01-01 00:00:00+00:00
[2026-06-12T11:26:53.182+0000] {processor.py:183} INFO - Processing /home/airflow/.local/lib/python3.8/site-packages/airflow/example_dags/example_xcom.py took 0.375 seconds
[2026-06-12T11:27:23.830+0000] {processor.py:161} INFO - Started process (PID=3262) to work on /home/airflow/.local/lib/python3.8/site-packages/airflow/example_dags/example_xcom.py
[2026-06-12T11:27:23.832+0000] {processor.py:830} INFO - Processing file /home/airflow/.local/lib/python3.8/site-packages/airflow/example_dags/example_xcom.py for tasks to queue
[2026-06-12T11:27:23.834+0000] {logging_mixin.py:188} INFO - [2026-06-12T11:27:23.834+0000] {dagbag.py:538} INFO - Filling up the DagBag from /home/airflow/.local/lib/python3.8/site-packages/airflow/example_dags/example_xcom.py
[2026-06-12T11:27:23.847+0000] {processor.py:840} INFO - DAG(s) 'example_xcom' retrieved from /home/airflow/.local/lib/python3.8/site-packages/airflow/example_dags/example_xcom.py
[2026-06-12T11:27:23.890+0000] {logging_mixin.py:188} INFO - [2026-06-12T11:27:23.889+0000] {dag.py:3036} INFO - Sync 1 DAGs
[2026-06-12T11:27:23.931+0000] {logging_mixin.py:188} INFO - [2026-06-12T11:27:23.930+0000] {dag.py:3823} INFO - Setting next_dagrun for example_xcom to 2021-01-01 00:00:00+00:00, run_after=2021-01-01 00:00:00+00:00
[2026-06-12T11:27:23.960+0000] {processor.py:183} INFO - Processing /home/airflow/.local/lib/python3.8/site-packages/airflow/example_dags/example_xcom.py took 0.136 seconds
[2026-06-12T11:27:54.138+0000] {processor.py:161} INFO - Started process (PID=3327) to work on /home/airflow/.local/lib/python3.8/site-packages/airflow/example_dags/example_xcom.py
[2026-06-12T11:27:54.139+0000] {processor.py:830} INFO - Processing file /home/airflow/.local/lib/python3.8/site-packages/airflow/example_dags/example_xcom.py for tasks to queue
[2026-06-12T11:27:54.142+0000] {logging_mixin.py:188} INFO - [2026-06-12T11:27:54.141+0000] {dagbag.py:538} INFO - Filling up the DagBag from /home/airflow/.local/lib/python3.8/site-packages/airflow/example_dags/example_xcom.py
[2026-06-12T11:27:54.154+0000] {processor.py:840} INFO - DAG(s) 'example_xcom' retrieved from /home/airflow/.local/lib/python3.8/site-packages/airflow/example_dags/example_xcom.py
[2026-06-12T11:27:54.199+0000] {logging_mixin.py:188} INFO - [2026-06-12T11:27:54.198+0000] {dag.py:3036} INFO - Sync 1 DAGs
[2026-06-12T11:27:54.239+0000] {logging_mixin.py:188} INFO - [2026-06-12T11:27:54.239+0000] {dag.py:3823} INFO - Setting next_dagrun for example_xcom to 2021-01-01 00:00:00+00:00, run_after=2021-01-01 00:00:00+00:00
[2026-06-12T11:27:54.267+0000] {processor.py:183} INFO - Processing /home/airflow/.local/lib/python3.8/site-packages/airflow/example_dags/example_xcom.py took 0.134 seconds
[2026-06-12T11:28:24.417+0000] {processor.py:161} INFO - Started process (PID=3393) to work on /home/airflow/.local/lib/python3.8/site-packages/airflow/example_dags/example_xcom.py
[2026-06-12T11:28:24.419+0000] {processor.py:830} INFO - Processing file /home/airflow/.local/lib/python3.8/site-packages/airflow/example_dags/example_xcom.py for tasks to queue
[2026-06-12T11:28:24.422+0000] {logging_mixin.py:188} INFO - [2026-06-12T11:28:24.421+0000] {dagbag.py:538} INFO - Filling up the DagBag from /home/airflow/.local/lib/python3.8/site-packages/airflow/example_dags/example_xcom.py
[2026-06-12T11:28:24.433+0000] {processor.py:840} INFO - DAG(s) 'example_xcom' retrieved from /home/airflow/.local/lib/python3.8/site-packages/airflow/example_dags/example_xcom.py
[2026-06-12T11:28:24.476+0000] {logging_mixin.py:188} INFO - [2026-06-12T11:28:24.476+0000] {dag.py:3036} INFO - Sync 1 DAGs
[2026-06-12T11:28:24.516+0000] {logging_mixin.py:188} INFO - [2026-06-12T11:28:24.516+0000] {dag.py:3823} INFO - Setting next_dagrun for example_xcom to 2021-01-01 00:00:00+00:00, run_after=2021-01-01 00:00:00+00:00
[2026-06-12T11:28:24.551+0000] {processor.py:183} INFO - Processing /home/airflow/.local/lib/python3.8/site-packages/airflow/example_dags/example_xcom.py took 0.138 seconds
[2026-06-12T11:28:55.039+0000] {processor.py:161} INFO - Started process (PID=3458) to work on /home/airflow/.local/lib/python3.8/site-packages/airflow/example_dags/example_xcom.py
[2026-06-12T11:28:55.040+0000] {processor.py:830} INFO - Processing file /home/airflow/.local/lib/python3.8/site-packages/airflow/example_dags/example_xcom.py for tasks to queue
[2026-06-12T11:28:55.043+0000] {logging_mixin.py:188} INFO - [2026-06-12T11:28:55.042+0000] {dagbag.py:538} INFO - Filling up the DagBag from /home/airflow/.local/lib/python3.8/site-packages/airflow/example_dags/example_xcom.py
[2026-06-12T11:28:55.054+0000] {processor.py:840} INFO - DAG(s) 'example_xcom' retrieved from /home/airflow/.local/lib/python3.8/site-packages/airflow/example_dags/example_xcom.py
[2026-06-12T11:28:55.089+0000] {logging_mixin.py:188} INFO - [2026-06-12T11:28:55.089+0000] {dag.py:3036} INFO - Sync 1 DAGs
[2026-06-12T11:28:55.122+0000] {logging_mixin.py:188} INFO - [2026-06-12T11:28:55.121+0000] {dag.py:3823} INFO - Setting next_dagrun for example_xcom to 2021-01-01 00:00:00+00:00, run_after=2021-01-01 00:00:00+00:00
[2026-06-12T11:28:55.152+0000] {processor.py:183} INFO - Processing /home/airflow/.local/lib/python3.8/site-packages/airflow/example_dags/example_xcom.py took 0.118 seconds
[2026-06-12T11:29:25.729+0000] {processor.py:161} INFO - Started process (PID=3524) to work on /home/airflow/.local/lib/python3.8/site-packages/airflow/example_dags/example_xcom.py
[2026-06-12T11:29:25.731+0000] {processor.py:830} INFO - Processing file /home/airflow/.local/lib/python3.8/site-packages/airflow/example_dags/example_xcom.py for tasks to queue
[2026-06-12T11:29:25.734+0000] {logging_mixin.py:188} INFO - [2026-06-12T11:29:25.733+0000] {dagbag.py:538} INFO - Filling up the DagBag from /home/airflow/.local/lib/python3.8/site-packages/airflow/example_dags/example_xcom.py
[2026-06-12T11:29:25.748+0000] {processor.py:840} INFO - DAG(s) 'example_xcom' retrieved from /home/airflow/.local/lib/python3.8/site-packages/airflow/example_dags/example_xcom.py
[2026-06-12T11:29:25.792+0000] {logging_mixin.py:188} INFO - [2026-06-12T11:29:25.792+0000] {dag.py:3036} INFO - Sync 1 DAGs
[2026-06-12T11:29:25.836+0000] {logging_mixin.py:188} INFO - [2026-06-12T11:29:25.836+0000] {dag.py:3823} INFO - Setting next_dagrun for example_xcom to 2021-01-01 00:00:00+00:00, run_after=2021-01-01 00:00:00+00:00
[2026-06-12T11:29:25.866+0000] {processor.py:183} INFO - Processing /home/airflow/.local/lib/python3.8/site-packages/airflow/example_dags/example_xcom.py took 0.143 seconds
[2026-06-12T11:29:56.034+0000] {processor.py:161} INFO - Started process (PID=3589) to work on /home/airflow/.local/lib/python3.8/site-packages/airflow/example_dags/example_xcom.py
[2026-06-12T11:29:56.036+0000] {processor.py:830} INFO - Processing file /home/airflow/.local/lib/python3.8/site-packages/airflow/example_dags/example_xcom.py for tasks to queue
[2026-06-12T11:29:56.039+0000] {logging_mixin.py:188} INFO - [2026-06-12T11:29:56.038+0000] {dagbag.py:538} INFO - Filling up the DagBag from /home/airflow/.local/lib/python3.8/site-packages/airflow/example_dags/example_xcom.py
[2026-06-12T11:29:56.051+0000] {processor.py:840} INFO - DAG(s) 'example_xcom' retrieved from /home/airflow/.local/lib/python3.8/site-packages/airflow/example_dags/example_xcom.py
[2026-06-12T11:29:56.088+0000] {logging_mixin.py:188} INFO - [2026-06-12T11:29:56.088+0000] {dag.py:3036} INFO - Sync 1 DAGs
[2026-06-12T11:29:56.129+0000] {logging_mixin.py:188} INFO - [2026-06-12T11:29:56.129+0000] {dag.py:3823} INFO - Setting next_dagrun for example_xcom to 2021-01-01 00:00:00+00:00, run_after=2021-01-01 00:00:00+00:00
[2026-06-12T11:29:56.162+0000] {processor.py:183} INFO - Processing /home/airflow/.local/lib/python3.8/site-packages/airflow/example_dags/example_xcom.py took 0.133 seconds
[2026-06-12T11:30:26.530+0000] {processor.py:161} INFO - Started process (PID=3661) to work on /home/airflow/.local/lib/python3.8/site-packages/airflow/example_dags/example_xcom.py
[2026-06-12T11:30:26.532+0000] {processor.py:830} INFO - Processing file /home/airflow/.local/lib/python3.8/site-packages/airflow/example_dags/example_xcom.py for tasks to queue
[2026-06-12T11:30:26.535+0000] {logging_mixin.py:188} INFO - [2026-06-12T11:30:26.535+0000] {dagbag.py:538} INFO - Filling up the DagBag from /home/airflow/.local/lib/python3.8/site-packages/airflow/example_dags/example_xcom.py
[2026-06-12T11:30:26.548+0000] {processor.py:840} INFO - DAG(s) 'example_xcom' retrieved from /home/airflow/.local/lib/python3.8/site-packages/airflow/example_dags/example_xcom.py
[2026-06-12T11:30:26.586+0000] {logging_mixin.py:188} INFO - [2026-06-12T11:30:26.586+0000] {dag.py:3036} INFO - Sync 1 DAGs
[2026-06-12T11:30:26.646+0000] {logging_mixin.py:188} INFO - [2026-06-12T11:30:26.646+0000] {dag.py:3823} INFO - Setting next_dagrun for example_xcom to 2021-01-01 00:00:00+00:00, run_after=2021-01-01 00:00:00+00:00
[2026-06-12T11:30:26.676+0000] {processor.py:183} INFO - Processing /home/airflow/.local/lib/python3.8/site-packages/airflow/example_dags/example_xcom.py took 0.152 seconds
[2026-06-12T11:30:57.240+0000] {processor.py:161} INFO - Started process (PID=3729) to work on /home/airflow/.local/lib/python3.8/site-packages/airflow/example_dags/example_xcom.py
[2026-06-12T11:30:57.242+0000] {processor.py:830} INFO - Processing file /home/airflow/.local/lib/python3.8/site-packages/airflow/example_dags/example_xcom.py for tasks to queue
[2026-06-12T11:30:57.245+0000] {logging_mixin.py:188} INFO - [2026-06-12T11:30:57.245+0000] {dagbag.py:538} INFO - Filling up the DagBag from /home/airflow/.local/lib/python3.8/site-packages/airflow/example_dags/example_xcom.py
[2026-06-12T11:30:57.259+0000] {processor.py:840} INFO - DAG(s) 'example_xcom' retrieved from /home/airflow/.local/lib/python3.8/site-packages/airflow/example_dags/example_xcom.py
[2026-06-12T11:30:57.306+0000] {logging_mixin.py:188} INFO - [2026-06-12T11:30:57.305+0000] {dag.py:3036} INFO - Sync 1 DAGs
[2026-06-12T11:30:57.349+0000] {logging_mixin.py:188} INFO - [2026-06-12T11:30:57.348+0000] {dag.py:3823} INFO - Setting next_dagrun for example_xcom to 2021-01-01 00:00:00+00:00, run_after=2021-01-01 00:00:00+00:00
[2026-06-12T11:30:57.386+0000] {processor.py:183} INFO - Processing /home/airflow/.local/lib/python3.8/site-packages/airflow/example_dags/example_xcom.py took 0.152 seconds
[2026-06-12T11:31:27.581+0000] {processor.py:161} INFO - Started process (PID=3796) to work on /home/airflow/.local/lib/python3.8/site-packages/airflow/example_dags/example_xcom.py
[2026-06-12T11:31:27.582+0000] {processor.py:830} INFO - Processing file /home/airflow/.local/lib/python3.8/site-packages/airflow/example_dags/example_xcom.py for tasks to queue
[2026-06-12T11:31:27.585+0000] {logging_mixin.py:188} INFO - [2026-06-12T11:31:27.584+0000] {dagbag.py:538} INFO - Filling up the DagBag from /home/airflow/.local/lib/python3.8/site-packages/airflow/example_dags/example_xcom.py
[2026-06-12T11:31:27.597+0000] {processor.py:840} INFO - DAG(s) 'example_xcom' retrieved from /home/airflow/.local/lib/python3.8/site-packages/airflow/example_dags/example_xcom.py
[2026-06-12T11:31:27.638+0000] {logging_mixin.py:188} INFO - [2026-06-12T11:31:27.638+0000] {dag.py:3036} INFO - Sync 1 DAGs
[2026-06-12T11:31:27.679+0000] {logging_mixin.py:188} INFO - [2026-06-12T11:31:27.678+0000] {dag.py:3823} INFO - Setting next_dagrun for example_xcom to 2021-01-01 00:00:00+00:00, run_after=2021-01-01 00:00:00+00:00
[2026-06-12T11:31:27.709+0000] {processor.py:183} INFO - Processing /home/airflow/.local/lib/python3.8/site-packages/airflow/example_dags/example_xcom.py took 0.133 seconds
[2026-06-12T11:31:58.128+0000] {processor.py:161} INFO - Started process (PID=3863) to work on /home/airflow/.local/lib/python3.8/site-packages/airflow/example_dags/example_xcom.py
[2026-06-12T11:31:58.130+0000] {processor.py:830} INFO - Processing file /home/airflow/.local/lib/python3.8/site-packages/airflow/example_dags/example_xcom.py for tasks to queue
[2026-06-12T11:31:58.133+0000] {logging_mixin.py:188} INFO - [2026-06-12T11:31:58.132+0000] {dagbag.py:538} INFO - Filling up the DagBag from /home/airflow/.local/lib/python3.8/site-packages/airflow/example_dags/example_xcom.py
[2026-06-12T11:31:58.145+0000] {processor.py:840} INFO - DAG(s) 'example_xcom' retrieved from /home/airflow/.local/lib/python3.8/site-packages/airflow/example_dags/example_xcom.py
[2026-06-12T11:31:58.182+0000] {logging_mixin.py:188} INFO - [2026-06-12T11:31:58.182+0000] {dag.py:3036} INFO - Sync 1 DAGs
[2026-06-12T11:31:58.218+0000] {logging_mixin.py:188} INFO - [2026-06-12T11:31:58.218+0000] {dag.py:3823} INFO - Setting next_dagrun for example_xcom to 2021-01-01 00:00:00+00:00, run_after=2021-01-01 00:00:00+00:00
[2026-06-12T11:31:58.246+0000] {processor.py:183} INFO - Processing /home/airflow/.local/lib/python3.8/site-packages/airflow/example_dags/example_xcom.py took 0.124 seconds
[2026-06-12T11:32:28.649+0000] {processor.py:161} INFO - Started process (PID=3929) to work on /home/airflow/.local/lib/python3.8/site-packages/airflow/example_dags/example_xcom.py
[2026-06-12T11:32:28.650+0000] {processor.py:830} INFO - Processing file /home/airflow/.local/lib/python3.8/site-packages/airflow/example_dags/example_xcom.py for tasks to queue
[2026-06-12T11:32:28.653+0000] {logging_mixin.py:188} INFO - [2026-06-12T11:32:28.653+0000] {dagbag.py:538} INFO - Filling up the DagBag from /home/airflow/.local/lib/python3.8/site-packages/airflow/example_dags/example_xcom.py
[2026-06-12T11:32:28.666+0000] {processor.py:840} INFO - DAG(s) 'example_xcom' retrieved from /home/airflow/.local/lib/python3.8/site-packages/airflow/example_dags/example_xcom.py
[2026-06-12T11:32:28.709+0000] {logging_mixin.py:188} INFO - [2026-06-12T11:32:28.708+0000] {dag.py:3036} INFO - Sync 1 DAGs
[2026-06-12T11:32:28.753+0000] {logging_mixin.py:188} INFO - [2026-06-12T11:32:28.752+0000] {dag.py:3823} INFO - Setting next_dagrun for example_xcom to 2021-01-01 00:00:00+00:00, run_after=2021-01-01 00:00:00+00:00
[2026-06-12T11:32:28.784+0000] {processor.py:183} INFO - Processing /home/airflow/.local/lib/python3.8/site-packages/airflow/example_dags/example_xcom.py took 0.141 seconds
[2026-06-12T11:32:59.225+0000] {processor.py:161} INFO - Started process (PID=3994) to work on /home/airflow/.local/lib/python3.8/site-packages/airflow/example_dags/example_xcom.py
[2026-06-12T11:32:59.227+0000] {processor.py:830} INFO - Processing file /home/airflow/.local/lib/python3.8/site-packages/airflow/example_dags/example_xcom.py for tasks to queue
[2026-06-12T11:32:59.229+0000] {logging_mixin.py:188} INFO - [2026-06-12T11:32:59.229+0000] {dagbag.py:538} INFO - Filling up the DagBag from /home/airflow/.local/lib/python3.8/site-packages/airflow/example_dags/example_xcom.py
[2026-06-12T11:32:59.243+0000] {processor.py:840} INFO - DAG(s) 'example_xcom' retrieved from /home/airflow/.local/lib/python3.8/site-packages/airflow/example_dags/example_xcom.py
[2026-06-12T11:32:59.283+0000] {logging_mixin.py:188} INFO - [2026-06-12T11:32:59.283+0000] {dag.py:3036} INFO - Sync 1 DAGs
[2026-06-12T11:32:59.320+0000] {logging_mixin.py:188} INFO - [2026-06-12T11:32:59.320+0000] {dag.py:3823} INFO - Setting next_dagrun for example_xcom to 2021-01-01 00:00:00+00:00, run_after=2021-01-01 00:00:00+00:00
[2026-06-12T11:32:59.350+0000] {processor.py:183} INFO - Processing /home/airflow/.local/lib/python3.8/site-packages/airflow/example_dags/example_xcom.py took 0.130 seconds
[2026-06-12T11:33:29.788+0000] {processor.py:161} INFO - Started process (PID=4059) to work on /home/airflow/.local/lib/python3.8/site-packages/airflow/example_dags/example_xcom.py
[2026-06-12T11:33:29.789+0000] {processor.py:830} INFO - Processing file /home/airflow/.local/lib/python3.8/site-packages/airflow/example_dags/example_xcom.py for tasks to queue
[2026-06-12T11:33:29.792+0000] {logging_mixin.py:188} INFO - [2026-06-12T11:33:29.792+0000] {dagbag.py:538} INFO - Filling up the DagBag from /home/airflow/.local/lib/python3.8/site-packages/airflow/example_dags/example_xcom.py
[2026-06-12T11:33:29.804+0000] {processor.py:840} INFO - DAG(s) 'example_xcom' retrieved from /home/airflow/.local/lib/python3.8/site-packages/airflow/example_dags/example_xcom.py
[2026-06-12T11:33:29.846+0000] {logging_mixin.py:188} INFO - [2026-06-12T11:33:29.845+0000] {dag.py:3036} INFO - Sync 1 DAGs
[2026-06-12T11:33:29.882+0000] {logging_mixin.py:188} INFO - [2026-06-12T11:33:29.882+0000] {dag.py:3823} INFO - Setting next_dagrun for example_xcom to 2021-01-01 00:00:00+00:00, run_after=2021-01-01 00:00:00+00:00
[2026-06-12T11:33:29.913+0000] {processor.py:183} INFO - Processing /home/airflow/.local/lib/python3.8/site-packages/airflow/example_dags/example_xcom.py took 0.129 seconds
[2026-06-12T11:34:00.467+0000] {processor.py:161} INFO - Started process (PID=4132) to work on /home/airflow/.local/lib/python3.8/site-packages/airflow/example_dags/example_xcom.py
[2026-06-12T11:34:00.469+0000] {processor.py:830} INFO - Processing file /home/airflow/.local/lib/python3.8/site-packages/airflow/example_dags/example_xcom.py for tasks to queue
[2026-06-12T11:34:00.472+0000] {logging_mixin.py:188} INFO - [2026-06-12T11:34:00.471+0000] {dagbag.py:538} INFO - Filling up the DagBag from /home/airflow/.local/lib/python3.8/site-packages/airflow/example_dags/example_xcom.py
[2026-06-12T11:34:00.487+0000] {processor.py:840} INFO - DAG(s) 'example_xcom' retrieved from /home/airflow/.local/lib/python3.8/site-packages/airflow/example_dags/example_xcom.py
[2026-06-12T11:34:00.530+0000] {logging_mixin.py:188} INFO - [2026-06-12T11:34:00.530+0000] {dag.py:3036} INFO - Sync 1 DAGs
[2026-06-12T11:34:00.573+0000] {logging_mixin.py:188} INFO - [2026-06-12T11:34:00.573+0000] {dag.py:3823} INFO - Setting next_dagrun for example_xcom to 2021-01-01 00:00:00+00:00, run_after=2021-01-01 00:00:00+00:00
[2026-06-12T11:34:00.601+0000] {processor.py:183} INFO - Processing /home/airflow/.local/lib/python3.8/site-packages/airflow/example_dags/example_xcom.py took 0.141 seconds
[2026-06-12T11:34:31.253+0000] {processor.py:161} INFO - Started process (PID=4199) to work on /home/airflow/.local/lib/python3.8/site-packages/airflow/example_dags/example_xcom.py
[2026-06-12T11:34:31.255+0000] {processor.py:830} INFO - Processing file /home/airflow/.local/lib/python3.8/site-packages/airflow/example_dags/example_xcom.py for tasks to queue
[2026-06-12T11:34:31.258+0000] {logging_mixin.py:188} INFO - [2026-06-12T11:34:31.258+0000] {dagbag.py:538} INFO - Filling up the DagBag from /home/airflow/.local/lib/python3.8/site-packages/airflow/example_dags/example_xcom.py
[2026-06-12T11:34:31.273+0000] {processor.py:840} INFO - DAG(s) 'example_xcom' retrieved from /home/airflow/.local/lib/python3.8/site-packages/airflow/example_dags/example_xcom.py
[2026-06-12T11:34:31.318+0000] {logging_mixin.py:188} INFO - [2026-06-12T11:34:31.317+0000] {dag.py:3036} INFO - Sync 1 DAGs
[2026-06-12T11:34:31.359+0000] {logging_mixin.py:188} INFO - [2026-06-12T11:34:31.359+0000] {dag.py:3823} INFO - Setting next_dagrun for example_xcom to 2021-01-01 00:00:00+00:00, run_after=2021-01-01 00:00:00+00:00
[2026-06-12T11:34:31.394+0000] {processor.py:183} INFO - Processing /home/airflow/.local/lib/python3.8/site-packages/airflow/example_dags/example_xcom.py took 0.147 seconds
[2026-06-12T11:35:01.734+0000] {processor.py:161} INFO - Started process (PID=4265) to work on /home/airflow/.local/lib/python3.8/site-packages/airflow/example_dags/example_xcom.py
[2026-06-12T11:35:01.736+0000] {processor.py:830} INFO - Processing file /home/airflow/.local/lib/python3.8/site-packages/airflow/example_dags/example_xcom.py for tasks to queue
[2026-06-12T11:35:01.740+0000] {logging_mixin.py:188} INFO - [2026-06-12T11:35:01.739+0000] {dagbag.py:538} INFO - Filling up the DagBag from /home/airflow/.local/lib/python3.8/site-packages/airflow/example_dags/example_xcom.py
[2026-06-12T11:35:01.755+0000] {processor.py:840} INFO - DAG(s) 'example_xcom' retrieved from /home/airflow/.local/lib/python3.8/site-packages/airflow/example_dags/example_xcom.py
[2026-06-12T11:35:01.813+0000] {logging_mixin.py:188} INFO - [2026-06-12T11:35:01.813+0000] {dag.py:3036} INFO - Sync 1 DAGs
[2026-06-12T11:35:01.864+0000] {logging_mixin.py:188} INFO - [2026-06-12T11:35:01.863+0000] {dag.py:3823} INFO - Setting next_dagrun for example_xcom to 2021-01-01 00:00:00+00:00, run_after=2021-01-01 00:00:00+00:00
[2026-06-12T11:35:01.899+0000] {processor.py:183} INFO - Processing /home/airflow/.local/lib/python3.8/site-packages/airflow/example_dags/example_xcom.py took 0.172 seconds
[2026-06-12T11:35:32.345+0000] {processor.py:161} INFO - Started process (PID=4330) to work on /home/airflow/.local/lib/python3.8/site-packages/airflow/example_dags/example_xcom.py
[2026-06-12T11:35:32.347+0000] {processor.py:830} INFO - Processing file /home/airflow/.local/lib/python3.8/site-packages/airflow/example_dags/example_xcom.py for tasks to queue
[2026-06-12T11:35:32.349+0000] {logging_mixin.py:188} INFO - [2026-06-12T11:35:32.349+0000] {dagbag.py:538} INFO - Filling up the DagBag from /home/airflow/.local/lib/python3.8/site-packages/airflow/example_dags/example_xcom.py
[2026-06-12T11:35:32.362+0000] {processor.py:840} INFO - DAG(s) 'example_xcom' retrieved from /home/airflow/.local/lib/python3.8/site-packages/airflow/example_dags/example_xcom.py
[2026-06-12T11:35:32.404+0000] {logging_mixin.py:188} INFO - [2026-06-12T11:35:32.404+0000] {dag.py:3036} INFO - Sync 1 DAGs
[2026-06-12T11:35:32.447+0000] {logging_mixin.py:188} INFO - [2026-06-12T11:35:32.446+0000] {dag.py:3823} INFO - Setting next_dagrun for example_xcom to 2021-01-01 00:00:00+00:00, run_after=2021-01-01 00:00:00+00:00
[2026-06-12T11:35:32.478+0000] {processor.py:183} INFO - Processing /home/airflow/.local/lib/python3.8/site-packages/airflow/example_dags/example_xcom.py took 0.138 seconds
[2026-06-12T11:36:02.750+0000] {processor.py:161} INFO - Started process (PID=4394) to work on /home/airflow/.local/lib/python3.8/site-packages/airflow/example_dags/example_xcom.py
[2026-06-12T11:36:02.751+0000] {processor.py:830} INFO - Processing file /home/airflow/.local/lib/python3.8/site-packages/airflow/example_dags/example_xcom.py for tasks to queue
[2026-06-12T11:36:02.754+0000] {logging_mixin.py:188} INFO - [2026-06-12T11:36:02.754+0000] {dagbag.py:538} INFO - Filling up the DagBag from /home/airflow/.local/lib/python3.8/site-packages/airflow/example_dags/example_xcom.py
[2026-06-12T11:36:02.768+0000] {processor.py:840} INFO - DAG(s) 'example_xcom' retrieved from /home/airflow/.local/lib/python3.8/site-packages/airflow/example_dags/example_xcom.py
[2026-06-12T11:36:02.807+0000] {logging_mixin.py:188} INFO - [2026-06-12T11:36:02.806+0000] {dag.py:3036} INFO - Sync 1 DAGs
[2026-06-12T11:36:02.847+0000] {logging_mixin.py:188} INFO - [2026-06-12T11:36:02.846+0000] {dag.py:3823} INFO - Setting next_dagrun for example_xcom to 2021-01-01 00:00:00+00:00, run_after=2021-01-01 00:00:00+00:00
[2026-06-12T11:36:02.879+0000] {processor.py:183} INFO - Processing /home/airflow/.local/lib/python3.8/site-packages/airflow/example_dags/example_xcom.py took 0.135 seconds
[2026-06-12T11:36:33.317+0000] {processor.py:161} INFO - Started process (PID=4459) to work on /home/airflow/.local/lib/python3.8/site-packages/airflow/example_dags/example_xcom.py
[2026-06-12T11:36:33.319+0000] {processor.py:830} INFO - Processing file /home/airflow/.local/lib/python3.8/site-packages/airflow/example_dags/example_xcom.py for tasks to queue
[2026-06-12T11:36:33.321+0000] {logging_mixin.py:188} INFO - [2026-06-12T11:36:33.321+0000] {dagbag.py:538} INFO - Filling up the DagBag from /home/airflow/.local/lib/python3.8/site-packages/airflow/example_dags/example_xcom.py
[2026-06-12T11:36:33.334+0000] {processor.py:840} INFO - DAG(s) 'example_xcom' retrieved from /home/airflow/.local/lib/python3.8/site-packages/airflow/example_dags/example_xcom.py
[2026-06-12T11:36:33.372+0000] {logging_mixin.py:188} INFO - [2026-06-12T11:36:33.372+0000] {dag.py:3036} INFO - Sync 1 DAGs
[2026-06-12T11:36:33.405+0000] {logging_mixin.py:188} INFO - [2026-06-12T11:36:33.405+0000] {dag.py:3823} INFO - Setting next_dagrun for example_xcom to 2021-01-01 00:00:00+00:00, run_after=2021-01-01 00:00:00+00:00
[2026-06-12T11:36:33.433+0000] {processor.py:183} INFO - Processing /home/airflow/.local/lib/python3.8/site-packages/airflow/example_dags/example_xcom.py took 0.121 seconds
[2026-06-12T11:37:03.672+0000] {processor.py:161} INFO - Started process (PID=4526) to work on /home/airflow/.local/lib/python3.8/site-packages/airflow/example_dags/example_xcom.py
[2026-06-12T11:37:03.674+0000] {processor.py:830} INFO - Processing file /home/airflow/.local/lib/python3.8/site-packages/airflow/example_dags/example_xcom.py for tasks to queue
[2026-06-12T11:37:03.676+0000] {logging_mixin.py:188} INFO - [2026-06-12T11:37:03.676+0000] {dagbag.py:538} INFO - Filling up the DagBag from /home/airflow/.local/lib/python3.8/site-packages/airflow/example_dags/example_xcom.py
[2026-06-12T11:37:03.688+0000] {processor.py:840} INFO - DAG(s) 'example_xcom' retrieved from /home/airflow/.local/lib/python3.8/site-packages/airflow/example_dags/example_xcom.py
[2026-06-12T11:37:03.726+0000] {logging_mixin.py:188} INFO - [2026-06-12T11:37:03.725+0000] {dag.py:3036} INFO - Sync 1 DAGs
[2026-06-12T11:37:03.766+0000] {logging_mixin.py:188} INFO - [2026-06-12T11:37:03.766+0000] {dag.py:3823} INFO - Setting next_dagrun for example_xcom to 2021-01-01 00:00:00+00:00, run_after=2021-01-01 00:00:00+00:00
[2026-06-12T11:37:03.802+0000] {processor.py:183} INFO - Processing /home/airflow/.local/lib/python3.8/site-packages/airflow/example_dags/example_xcom.py took 0.135 seconds
