[2026-06-12T11:02:59.200+0000] {processor.py:161} INFO - Started process (PID=62) to work on /home/airflow/.local/lib/python3.8/site-packages/airflow/example_dags/example_latest_only.py
[2026-06-12T11:02:59.202+0000] {processor.py:830} INFO - Processing file /home/airflow/.local/lib/python3.8/site-packages/airflow/example_dags/example_latest_only.py for tasks to queue
[2026-06-12T11:02:59.209+0000] {logging_mixin.py:188} INFO - [2026-06-12T11:02:59.208+0000] {dagbag.py:538} INFO - Filling up the DagBag from /home/airflow/.local/lib/python3.8/site-packages/airflow/example_dags/example_latest_only.py
[2026-06-12T11:02:59.239+0000] {processor.py:840} INFO - DAG(s) 'latest_only' retrieved from /home/airflow/.local/lib/python3.8/site-packages/airflow/example_dags/example_latest_only.py
[2026-06-12T11:02:59.309+0000] {logging_mixin.py:188} INFO - [2026-06-12T11:02:59.309+0000] {dag.py:3036} INFO - Sync 1 DAGs
[2026-06-12T11:02:59.385+0000] {logging_mixin.py:188} INFO - [2026-06-12T11:02:59.385+0000] {dag.py:3823} INFO - Setting next_dagrun for latest_only to 2026-06-12 04:00:00+00:00, run_after=2026-06-12 08:00:00+00:00
[2026-06-12T11:02:59.475+0000] {processor.py:183} INFO - Processing /home/airflow/.local/lib/python3.8/site-packages/airflow/example_dags/example_latest_only.py took 0.293 seconds
[2026-06-12T11:03:30.241+0000] {processor.py:161} INFO - Started process (PID=128) to work on /home/airflow/.local/lib/python3.8/site-packages/airflow/example_dags/example_latest_only.py
[2026-06-12T11:03:30.243+0000] {processor.py:830} INFO - Processing file /home/airflow/.local/lib/python3.8/site-packages/airflow/example_dags/example_latest_only.py for tasks to queue
[2026-06-12T11:03:30.246+0000] {logging_mixin.py:188} INFO - [2026-06-12T11:03:30.245+0000] {dagbag.py:538} INFO - Filling up the DagBag from /home/airflow/.local/lib/python3.8/site-packages/airflow/example_dags/example_latest_only.py
[2026-06-12T11:03:30.254+0000] {processor.py:840} INFO - DAG(s) 'latest_only' retrieved from /home/airflow/.local/lib/python3.8/site-packages/airflow/example_dags/example_latest_only.py
[2026-06-12T11:03:30.474+0000] {logging_mixin.py:188} INFO - [2026-06-12T11:03:30.474+0000] {dag.py:3036} INFO - Sync 1 DAGs
[2026-06-12T11:03:30.514+0000] {logging_mixin.py:188} INFO - [2026-06-12T11:03:30.514+0000] {dag.py:3823} INFO - Setting next_dagrun for latest_only to 2026-06-12 04:00:00+00:00, run_after=2026-06-12 08:00:00+00:00
[2026-06-12T11:03:30.550+0000] {processor.py:183} INFO - Processing /home/airflow/.local/lib/python3.8/site-packages/airflow/example_dags/example_latest_only.py took 0.313 seconds
[2026-06-12T11:04:00.746+0000] {processor.py:161} INFO - Started process (PID=194) to work on /home/airflow/.local/lib/python3.8/site-packages/airflow/example_dags/example_latest_only.py
[2026-06-12T11:04:00.748+0000] {processor.py:830} INFO - Processing file /home/airflow/.local/lib/python3.8/site-packages/airflow/example_dags/example_latest_only.py for tasks to queue
[2026-06-12T11:04:00.751+0000] {logging_mixin.py:188} INFO - [2026-06-12T11:04:00.751+0000] {dagbag.py:538} INFO - Filling up the DagBag from /home/airflow/.local/lib/python3.8/site-packages/airflow/example_dags/example_latest_only.py
[2026-06-12T11:04:00.762+0000] {processor.py:840} INFO - DAG(s) 'latest_only' retrieved from /home/airflow/.local/lib/python3.8/site-packages/airflow/example_dags/example_latest_only.py
[2026-06-12T11:04:00.814+0000] {logging_mixin.py:188} INFO - [2026-06-12T11:04:00.814+0000] {dag.py:3036} INFO - Sync 1 DAGs
[2026-06-12T11:04:00.888+0000] {logging_mixin.py:188} INFO - [2026-06-12T11:04:00.888+0000] {dag.py:3823} INFO - Setting next_dagrun for latest_only to 2026-06-12 04:00:00+00:00, run_after=2026-06-12 08:00:00+00:00
[2026-06-12T11:04:00.932+0000] {processor.py:183} INFO - Processing /home/airflow/.local/lib/python3.8/site-packages/airflow/example_dags/example_latest_only.py took 0.192 seconds
[2026-06-12T11:04:31.965+0000] {processor.py:161} INFO - Started process (PID=261) to work on /home/airflow/.local/lib/python3.8/site-packages/airflow/example_dags/example_latest_only.py
[2026-06-12T11:04:31.967+0000] {processor.py:830} INFO - Processing file /home/airflow/.local/lib/python3.8/site-packages/airflow/example_dags/example_latest_only.py for tasks to queue
[2026-06-12T11:04:31.969+0000] {logging_mixin.py:188} INFO - [2026-06-12T11:04:31.969+0000] {dagbag.py:538} INFO - Filling up the DagBag from /home/airflow/.local/lib/python3.8/site-packages/airflow/example_dags/example_latest_only.py
[2026-06-12T11:04:31.977+0000] {processor.py:840} INFO - DAG(s) 'latest_only' retrieved from /home/airflow/.local/lib/python3.8/site-packages/airflow/example_dags/example_latest_only.py
[2026-06-12T11:04:32.018+0000] {logging_mixin.py:188} INFO - [2026-06-12T11:04:32.017+0000] {dag.py:3036} INFO - Sync 1 DAGs
[2026-06-12T11:04:32.058+0000] {logging_mixin.py:188} INFO - [2026-06-12T11:04:32.058+0000] {dag.py:3823} INFO - Setting next_dagrun for latest_only to 2026-06-12 04:00:00+00:00, run_after=2026-06-12 08:00:00+00:00
[2026-06-12T11:04:32.089+0000] {processor.py:183} INFO - Processing /home/airflow/.local/lib/python3.8/site-packages/airflow/example_dags/example_latest_only.py took 0.129 seconds
[2026-06-12T11:05:02.430+0000] {processor.py:161} INFO - Started process (PID=327) to work on /home/airflow/.local/lib/python3.8/site-packages/airflow/example_dags/example_latest_only.py
[2026-06-12T11:05:02.432+0000] {processor.py:830} INFO - Processing file /home/airflow/.local/lib/python3.8/site-packages/airflow/example_dags/example_latest_only.py for tasks to queue
[2026-06-12T11:05:02.435+0000] {logging_mixin.py:188} INFO - [2026-06-12T11:05:02.434+0000] {dagbag.py:538} INFO - Filling up the DagBag from /home/airflow/.local/lib/python3.8/site-packages/airflow/example_dags/example_latest_only.py
[2026-06-12T11:05:02.443+0000] {processor.py:840} INFO - DAG(s) 'latest_only' retrieved from /home/airflow/.local/lib/python3.8/site-packages/airflow/example_dags/example_latest_only.py
[2026-06-12T11:05:02.484+0000] {logging_mixin.py:188} INFO - [2026-06-12T11:05:02.484+0000] {dag.py:3036} INFO - Sync 1 DAGs
[2026-06-12T11:05:02.534+0000] {logging_mixin.py:188} INFO - [2026-06-12T11:05:02.534+0000] {dag.py:3823} INFO - Setting next_dagrun for latest_only to 2026-06-12 04:00:00+00:00, run_after=2026-06-12 08:00:00+00:00
[2026-06-12T11:05:02.567+0000] {processor.py:183} INFO - Processing /home/airflow/.local/lib/python3.8/site-packages/airflow/example_dags/example_latest_only.py took 0.142 seconds
[2026-06-12T11:05:32.948+0000] {processor.py:161} INFO - Started process (PID=393) to work on /home/airflow/.local/lib/python3.8/site-packages/airflow/example_dags/example_latest_only.py
[2026-06-12T11:05:32.950+0000] {processor.py:830} INFO - Processing file /home/airflow/.local/lib/python3.8/site-packages/airflow/example_dags/example_latest_only.py for tasks to queue
[2026-06-12T11:05:32.953+0000] {logging_mixin.py:188} INFO - [2026-06-12T11:05:32.952+0000] {dagbag.py:538} INFO - Filling up the DagBag from /home/airflow/.local/lib/python3.8/site-packages/airflow/example_dags/example_latest_only.py
[2026-06-12T11:05:32.961+0000] {processor.py:840} INFO - DAG(s) 'latest_only' retrieved from /home/airflow/.local/lib/python3.8/site-packages/airflow/example_dags/example_latest_only.py
[2026-06-12T11:05:33.000+0000] {logging_mixin.py:188} INFO - [2026-06-12T11:05:33.000+0000] {dag.py:3036} INFO - Sync 1 DAGs
[2026-06-12T11:05:33.038+0000] {logging_mixin.py:188} INFO - [2026-06-12T11:05:33.038+0000] {dag.py:3823} INFO - Setting next_dagrun for latest_only to 2026-06-12 04:00:00+00:00, run_after=2026-06-12 08:00:00+00:00
[2026-06-12T11:05:33.066+0000] {processor.py:183} INFO - Processing /home/airflow/.local/lib/python3.8/site-packages/airflow/example_dags/example_latest_only.py took 0.123 seconds
[2026-06-12T11:06:03.375+0000] {processor.py:161} INFO - Started process (PID=459) to work on /home/airflow/.local/lib/python3.8/site-packages/airflow/example_dags/example_latest_only.py
[2026-06-12T11:06:03.377+0000] {processor.py:830} INFO - Processing file /home/airflow/.local/lib/python3.8/site-packages/airflow/example_dags/example_latest_only.py for tasks to queue
[2026-06-12T11:06:03.379+0000] {logging_mixin.py:188} INFO - [2026-06-12T11:06:03.379+0000] {dagbag.py:538} INFO - Filling up the DagBag from /home/airflow/.local/lib/python3.8/site-packages/airflow/example_dags/example_latest_only.py
[2026-06-12T11:06:03.386+0000] {processor.py:840} INFO - DAG(s) 'latest_only' retrieved from /home/airflow/.local/lib/python3.8/site-packages/airflow/example_dags/example_latest_only.py
[2026-06-12T11:06:03.424+0000] {logging_mixin.py:188} INFO - [2026-06-12T11:06:03.423+0000] {dag.py:3036} INFO - Sync 1 DAGs
[2026-06-12T11:06:03.461+0000] {logging_mixin.py:188} INFO - [2026-06-12T11:06:03.460+0000] {dag.py:3823} INFO - Setting next_dagrun for latest_only to 2026-06-12 04:00:00+00:00, run_after=2026-06-12 08:00:00+00:00
[2026-06-12T11:06:03.491+0000] {processor.py:183} INFO - Processing /home/airflow/.local/lib/python3.8/site-packages/airflow/example_dags/example_latest_only.py took 0.121 seconds
[2026-06-12T11:06:33.790+0000] {processor.py:161} INFO - Started process (PID=524) to work on /home/airflow/.local/lib/python3.8/site-packages/airflow/example_dags/example_latest_only.py
[2026-06-12T11:06:33.792+0000] {processor.py:830} INFO - Processing file /home/airflow/.local/lib/python3.8/site-packages/airflow/example_dags/example_latest_only.py for tasks to queue
[2026-06-12T11:06:33.795+0000] {logging_mixin.py:188} INFO - [2026-06-12T11:06:33.794+0000] {dagbag.py:538} INFO - Filling up the DagBag from /home/airflow/.local/lib/python3.8/site-packages/airflow/example_dags/example_latest_only.py
[2026-06-12T11:06:33.803+0000] {processor.py:840} INFO - DAG(s) 'latest_only' retrieved from /home/airflow/.local/lib/python3.8/site-packages/airflow/example_dags/example_latest_only.py
[2026-06-12T11:06:33.842+0000] {logging_mixin.py:188} INFO - [2026-06-12T11:06:33.841+0000] {dag.py:3036} INFO - Sync 1 DAGs
[2026-06-12T11:06:33.879+0000] {logging_mixin.py:188} INFO - [2026-06-12T11:06:33.878+0000] {dag.py:3823} INFO - Setting next_dagrun for latest_only to 2026-06-12 04:00:00+00:00, run_after=2026-06-12 08:00:00+00:00
[2026-06-12T11:06:33.913+0000] {processor.py:183} INFO - Processing /home/airflow/.local/lib/python3.8/site-packages/airflow/example_dags/example_latest_only.py took 0.128 seconds
[2026-06-12T11:07:04.187+0000] {processor.py:161} INFO - Started process (PID=589) to work on /home/airflow/.local/lib/python3.8/site-packages/airflow/example_dags/example_latest_only.py
[2026-06-12T11:07:04.189+0000] {processor.py:830} INFO - Processing file /home/airflow/.local/lib/python3.8/site-packages/airflow/example_dags/example_latest_only.py for tasks to queue
[2026-06-12T11:07:04.192+0000] {logging_mixin.py:188} INFO - [2026-06-12T11:07:04.191+0000] {dagbag.py:538} INFO - Filling up the DagBag from /home/airflow/.local/lib/python3.8/site-packages/airflow/example_dags/example_latest_only.py
[2026-06-12T11:07:04.199+0000] {processor.py:840} INFO - DAG(s) 'latest_only' retrieved from /home/airflow/.local/lib/python3.8/site-packages/airflow/example_dags/example_latest_only.py
[2026-06-12T11:07:04.235+0000] {logging_mixin.py:188} INFO - [2026-06-12T11:07:04.235+0000] {dag.py:3036} INFO - Sync 1 DAGs
[2026-06-12T11:07:04.271+0000] {logging_mixin.py:188} INFO - [2026-06-12T11:07:04.270+0000] {dag.py:3823} INFO - Setting next_dagrun for latest_only to 2026-06-12 04:00:00+00:00, run_after=2026-06-12 08:00:00+00:00
[2026-06-12T11:07:04.304+0000] {processor.py:183} INFO - Processing /home/airflow/.local/lib/python3.8/site-packages/airflow/example_dags/example_latest_only.py took 0.121 seconds
[2026-06-12T11:07:34.475+0000] {processor.py:161} INFO - Started process (PID=662) to work on /home/airflow/.local/lib/python3.8/site-packages/airflow/example_dags/example_latest_only.py
[2026-06-12T11:07:34.477+0000] {processor.py:830} INFO - Processing file /home/airflow/.local/lib/python3.8/site-packages/airflow/example_dags/example_latest_only.py for tasks to queue
[2026-06-12T11:07:34.479+0000] {logging_mixin.py:188} INFO - [2026-06-12T11:07:34.479+0000] {dagbag.py:538} INFO - Filling up the DagBag from /home/airflow/.local/lib/python3.8/site-packages/airflow/example_dags/example_latest_only.py
[2026-06-12T11:07:34.488+0000] {processor.py:840} INFO - DAG(s) 'latest_only' retrieved from /home/airflow/.local/lib/python3.8/site-packages/airflow/example_dags/example_latest_only.py
[2026-06-12T11:07:34.524+0000] {logging_mixin.py:188} INFO - [2026-06-12T11:07:34.523+0000] {dag.py:3036} INFO - Sync 1 DAGs
[2026-06-12T11:07:34.558+0000] {logging_mixin.py:188} INFO - [2026-06-12T11:07:34.558+0000] {dag.py:3823} INFO - Setting next_dagrun for latest_only to 2026-06-12 04:00:00+00:00, run_after=2026-06-12 08:00:00+00:00
[2026-06-12T11:07:34.589+0000] {processor.py:183} INFO - Processing /home/airflow/.local/lib/python3.8/site-packages/airflow/example_dags/example_latest_only.py took 0.119 seconds
[2026-06-12T11:08:04.822+0000] {processor.py:161} INFO - Started process (PID=728) to work on /home/airflow/.local/lib/python3.8/site-packages/airflow/example_dags/example_latest_only.py
[2026-06-12T11:08:04.824+0000] {processor.py:830} INFO - Processing file /home/airflow/.local/lib/python3.8/site-packages/airflow/example_dags/example_latest_only.py for tasks to queue
[2026-06-12T11:08:04.827+0000] {logging_mixin.py:188} INFO - [2026-06-12T11:08:04.827+0000] {dagbag.py:538} INFO - Filling up the DagBag from /home/airflow/.local/lib/python3.8/site-packages/airflow/example_dags/example_latest_only.py
[2026-06-12T11:08:04.836+0000] {processor.py:840} INFO - DAG(s) 'latest_only' retrieved from /home/airflow/.local/lib/python3.8/site-packages/airflow/example_dags/example_latest_only.py
[2026-06-12T11:08:04.872+0000] {logging_mixin.py:188} INFO - [2026-06-12T11:08:04.871+0000] {dag.py:3036} INFO - Sync 1 DAGs
[2026-06-12T11:08:04.910+0000] {logging_mixin.py:188} INFO - [2026-06-12T11:08:04.910+0000] {dag.py:3823} INFO - Setting next_dagrun for latest_only to 2026-06-12 04:00:00+00:00, run_after=2026-06-12 08:00:00+00:00
[2026-06-12T11:08:04.940+0000] {processor.py:183} INFO - Processing /home/airflow/.local/lib/python3.8/site-packages/airflow/example_dags/example_latest_only.py took 0.125 seconds
[2026-06-12T11:08:35.305+0000] {processor.py:161} INFO - Started process (PID=795) to work on /home/airflow/.local/lib/python3.8/site-packages/airflow/example_dags/example_latest_only.py
[2026-06-12T11:08:35.306+0000] {processor.py:830} INFO - Processing file /home/airflow/.local/lib/python3.8/site-packages/airflow/example_dags/example_latest_only.py for tasks to queue
[2026-06-12T11:08:35.309+0000] {logging_mixin.py:188} INFO - [2026-06-12T11:08:35.308+0000] {dagbag.py:538} INFO - Filling up the DagBag from /home/airflow/.local/lib/python3.8/site-packages/airflow/example_dags/example_latest_only.py
[2026-06-12T11:08:35.316+0000] {processor.py:840} INFO - DAG(s) 'latest_only' retrieved from /home/airflow/.local/lib/python3.8/site-packages/airflow/example_dags/example_latest_only.py
[2026-06-12T11:08:35.351+0000] {logging_mixin.py:188} INFO - [2026-06-12T11:08:35.351+0000] {dag.py:3036} INFO - Sync 1 DAGs
[2026-06-12T11:08:35.390+0000] {logging_mixin.py:188} INFO - [2026-06-12T11:08:35.390+0000] {dag.py:3823} INFO - Setting next_dagrun for latest_only to 2026-06-12 04:00:00+00:00, run_after=2026-06-12 08:00:00+00:00
[2026-06-12T11:08:35.419+0000] {processor.py:183} INFO - Processing /home/airflow/.local/lib/python3.8/site-packages/airflow/example_dags/example_latest_only.py took 0.118 seconds
[2026-06-12T11:09:05.672+0000] {processor.py:161} INFO - Started process (PID=860) to work on /home/airflow/.local/lib/python3.8/site-packages/airflow/example_dags/example_latest_only.py
[2026-06-12T11:09:05.675+0000] {processor.py:830} INFO - Processing file /home/airflow/.local/lib/python3.8/site-packages/airflow/example_dags/example_latest_only.py for tasks to queue
[2026-06-12T11:09:05.677+0000] {logging_mixin.py:188} INFO - [2026-06-12T11:09:05.677+0000] {dagbag.py:538} INFO - Filling up the DagBag from /home/airflow/.local/lib/python3.8/site-packages/airflow/example_dags/example_latest_only.py
[2026-06-12T11:09:05.685+0000] {processor.py:840} INFO - DAG(s) 'latest_only' retrieved from /home/airflow/.local/lib/python3.8/site-packages/airflow/example_dags/example_latest_only.py
[2026-06-12T11:09:05.724+0000] {logging_mixin.py:188} INFO - [2026-06-12T11:09:05.724+0000] {dag.py:3036} INFO - Sync 1 DAGs
[2026-06-12T11:09:05.766+0000] {logging_mixin.py:188} INFO - [2026-06-12T11:09:05.765+0000] {dag.py:3823} INFO - Setting next_dagrun for latest_only to 2026-06-12 04:00:00+00:00, run_after=2026-06-12 08:00:00+00:00
[2026-06-12T11:09:05.796+0000] {processor.py:183} INFO - Processing /home/airflow/.local/lib/python3.8/site-packages/airflow/example_dags/example_latest_only.py took 0.129 seconds
[2026-06-12T11:09:36.269+0000] {processor.py:161} INFO - Started process (PID=927) to work on /home/airflow/.local/lib/python3.8/site-packages/airflow/example_dags/example_latest_only.py
[2026-06-12T11:09:36.270+0000] {processor.py:830} INFO - Processing file /home/airflow/.local/lib/python3.8/site-packages/airflow/example_dags/example_latest_only.py for tasks to queue
[2026-06-12T11:09:36.273+0000] {logging_mixin.py:188} INFO - [2026-06-12T11:09:36.272+0000] {dagbag.py:538} INFO - Filling up the DagBag from /home/airflow/.local/lib/python3.8/site-packages/airflow/example_dags/example_latest_only.py
[2026-06-12T11:09:36.280+0000] {processor.py:840} INFO - DAG(s) 'latest_only' retrieved from /home/airflow/.local/lib/python3.8/site-packages/airflow/example_dags/example_latest_only.py
[2026-06-12T11:09:36.315+0000] {logging_mixin.py:188} INFO - [2026-06-12T11:09:36.315+0000] {dag.py:3036} INFO - Sync 1 DAGs
[2026-06-12T11:09:36.354+0000] {logging_mixin.py:188} INFO - [2026-06-12T11:09:36.354+0000] {dag.py:3823} INFO - Setting next_dagrun for latest_only to 2026-06-12 04:00:00+00:00, run_after=2026-06-12 08:00:00+00:00
[2026-06-12T11:09:36.386+0000] {processor.py:183} INFO - Processing /home/airflow/.local/lib/python3.8/site-packages/airflow/example_dags/example_latest_only.py took 0.122 seconds
[2026-06-12T11:10:06.513+0000] {processor.py:161} INFO - Started process (PID=992) to work on /home/airflow/.local/lib/python3.8/site-packages/airflow/example_dags/example_latest_only.py
[2026-06-12T11:10:06.515+0000] {processor.py:830} INFO - Processing file /home/airflow/.local/lib/python3.8/site-packages/airflow/example_dags/example_latest_only.py for tasks to queue
[2026-06-12T11:10:06.518+0000] {logging_mixin.py:188} INFO - [2026-06-12T11:10:06.518+0000] {dagbag.py:538} INFO - Filling up the DagBag from /home/airflow/.local/lib/python3.8/site-packages/airflow/example_dags/example_latest_only.py
[2026-06-12T11:10:06.527+0000] {processor.py:840} INFO - DAG(s) 'latest_only' retrieved from /home/airflow/.local/lib/python3.8/site-packages/airflow/example_dags/example_latest_only.py
[2026-06-12T11:10:06.568+0000] {logging_mixin.py:188} INFO - [2026-06-12T11:10:06.568+0000] {dag.py:3036} INFO - Sync 1 DAGs
[2026-06-12T11:10:06.613+0000] {logging_mixin.py:188} INFO - [2026-06-12T11:10:06.613+0000] {dag.py:3823} INFO - Setting next_dagrun for latest_only to 2026-06-12 04:00:00+00:00, run_after=2026-06-12 08:00:00+00:00
[2026-06-12T11:10:06.649+0000] {processor.py:183} INFO - Processing /home/airflow/.local/lib/python3.8/site-packages/airflow/example_dags/example_latest_only.py took 0.142 seconds
[2026-06-12T11:10:36.981+0000] {processor.py:161} INFO - Started process (PID=1057) to work on /home/airflow/.local/lib/python3.8/site-packages/airflow/example_dags/example_latest_only.py
[2026-06-12T11:10:36.982+0000] {processor.py:830} INFO - Processing file /home/airflow/.local/lib/python3.8/site-packages/airflow/example_dags/example_latest_only.py for tasks to queue
[2026-06-12T11:10:36.984+0000] {logging_mixin.py:188} INFO - [2026-06-12T11:10:36.984+0000] {dagbag.py:538} INFO - Filling up the DagBag from /home/airflow/.local/lib/python3.8/site-packages/airflow/example_dags/example_latest_only.py
[2026-06-12T11:10:36.992+0000] {processor.py:840} INFO - DAG(s) 'latest_only' retrieved from /home/airflow/.local/lib/python3.8/site-packages/airflow/example_dags/example_latest_only.py
[2026-06-12T11:10:37.030+0000] {logging_mixin.py:188} INFO - [2026-06-12T11:10:37.030+0000] {dag.py:3036} INFO - Sync 1 DAGs
[2026-06-12T11:10:37.071+0000] {logging_mixin.py:188} INFO - [2026-06-12T11:10:37.070+0000] {dag.py:3823} INFO - Setting next_dagrun for latest_only to 2026-06-12 04:00:00+00:00, run_after=2026-06-12 08:00:00+00:00
[2026-06-12T11:10:37.098+0000] {processor.py:183} INFO - Processing /home/airflow/.local/lib/python3.8/site-packages/airflow/example_dags/example_latest_only.py took 0.122 seconds
[2026-06-12T11:11:07.377+0000] {processor.py:161} INFO - Started process (PID=1123) to work on /home/airflow/.local/lib/python3.8/site-packages/airflow/example_dags/example_latest_only.py
[2026-06-12T11:11:07.379+0000] {processor.py:830} INFO - Processing file /home/airflow/.local/lib/python3.8/site-packages/airflow/example_dags/example_latest_only.py for tasks to queue
[2026-06-12T11:11:07.381+0000] {logging_mixin.py:188} INFO - [2026-06-12T11:11:07.381+0000] {dagbag.py:538} INFO - Filling up the DagBag from /home/airflow/.local/lib/python3.8/site-packages/airflow/example_dags/example_latest_only.py
[2026-06-12T11:11:07.388+0000] {processor.py:840} INFO - DAG(s) 'latest_only' retrieved from /home/airflow/.local/lib/python3.8/site-packages/airflow/example_dags/example_latest_only.py
[2026-06-12T11:11:07.425+0000] {logging_mixin.py:188} INFO - [2026-06-12T11:11:07.424+0000] {dag.py:3036} INFO - Sync 1 DAGs
[2026-06-12T11:11:07.465+0000] {logging_mixin.py:188} INFO - [2026-06-12T11:11:07.464+0000] {dag.py:3823} INFO - Setting next_dagrun for latest_only to 2026-06-12 04:00:00+00:00, run_after=2026-06-12 08:00:00+00:00
[2026-06-12T11:11:07.503+0000] {processor.py:183} INFO - Processing /home/airflow/.local/lib/python3.8/site-packages/airflow/example_dags/example_latest_only.py took 0.131 seconds
[2026-06-12T11:11:37.596+0000] {processor.py:161} INFO - Started process (PID=1198) to work on /home/airflow/.local/lib/python3.8/site-packages/airflow/example_dags/example_latest_only.py
[2026-06-12T11:11:37.598+0000] {processor.py:830} INFO - Processing file /home/airflow/.local/lib/python3.8/site-packages/airflow/example_dags/example_latest_only.py for tasks to queue
[2026-06-12T11:11:37.601+0000] {logging_mixin.py:188} INFO - [2026-06-12T11:11:37.600+0000] {dagbag.py:538} INFO - Filling up the DagBag from /home/airflow/.local/lib/python3.8/site-packages/airflow/example_dags/example_latest_only.py
[2026-06-12T11:11:37.609+0000] {processor.py:840} INFO - DAG(s) 'latest_only' retrieved from /home/airflow/.local/lib/python3.8/site-packages/airflow/example_dags/example_latest_only.py
[2026-06-12T11:11:37.649+0000] {logging_mixin.py:188} INFO - [2026-06-12T11:11:37.648+0000] {dag.py:3036} INFO - Sync 1 DAGs
[2026-06-12T11:11:37.692+0000] {logging_mixin.py:188} INFO - [2026-06-12T11:11:37.691+0000] {dag.py:3823} INFO - Setting next_dagrun for latest_only to 2026-06-12 04:00:00+00:00, run_after=2026-06-12 08:00:00+00:00
[2026-06-12T11:11:37.725+0000] {processor.py:183} INFO - Processing /home/airflow/.local/lib/python3.8/site-packages/airflow/example_dags/example_latest_only.py took 0.135 seconds
[2026-06-12T11:12:07.790+0000] {processor.py:161} INFO - Started process (PID=1263) to work on /home/airflow/.local/lib/python3.8/site-packages/airflow/example_dags/example_latest_only.py
[2026-06-12T11:12:07.791+0000] {processor.py:830} INFO - Processing file /home/airflow/.local/lib/python3.8/site-packages/airflow/example_dags/example_latest_only.py for tasks to queue
[2026-06-12T11:12:07.794+0000] {logging_mixin.py:188} INFO - [2026-06-12T11:12:07.793+0000] {dagbag.py:538} INFO - Filling up the DagBag from /home/airflow/.local/lib/python3.8/site-packages/airflow/example_dags/example_latest_only.py
[2026-06-12T11:12:07.801+0000] {processor.py:840} INFO - DAG(s) 'latest_only' retrieved from /home/airflow/.local/lib/python3.8/site-packages/airflow/example_dags/example_latest_only.py
[2026-06-12T11:12:07.841+0000] {logging_mixin.py:188} INFO - [2026-06-12T11:12:07.841+0000] {dag.py:3036} INFO - Sync 1 DAGs
[2026-06-12T11:12:07.885+0000] {logging_mixin.py:188} INFO - [2026-06-12T11:12:07.884+0000] {dag.py:3823} INFO - Setting next_dagrun for latest_only to 2026-06-12 04:00:00+00:00, run_after=2026-06-12 08:00:00+00:00
[2026-06-12T11:12:07.917+0000] {processor.py:183} INFO - Processing /home/airflow/.local/lib/python3.8/site-packages/airflow/example_dags/example_latest_only.py took 0.132 seconds
[2026-06-12T11:12:38.029+0000] {processor.py:161} INFO - Started process (PID=1330) to work on /home/airflow/.local/lib/python3.8/site-packages/airflow/example_dags/example_latest_only.py
[2026-06-12T11:12:38.031+0000] {processor.py:830} INFO - Processing file /home/airflow/.local/lib/python3.8/site-packages/airflow/example_dags/example_latest_only.py for tasks to queue
[2026-06-12T11:12:38.035+0000] {logging_mixin.py:188} INFO - [2026-06-12T11:12:38.034+0000] {dagbag.py:538} INFO - Filling up the DagBag from /home/airflow/.local/lib/python3.8/site-packages/airflow/example_dags/example_latest_only.py
[2026-06-12T11:12:38.049+0000] {processor.py:840} INFO - DAG(s) 'latest_only' retrieved from /home/airflow/.local/lib/python3.8/site-packages/airflow/example_dags/example_latest_only.py
[2026-06-12T11:12:38.089+0000] {logging_mixin.py:188} INFO - [2026-06-12T11:12:38.089+0000] {dag.py:3036} INFO - Sync 1 DAGs
[2026-06-12T11:12:38.131+0000] {logging_mixin.py:188} INFO - [2026-06-12T11:12:38.131+0000] {dag.py:3823} INFO - Setting next_dagrun for latest_only to 2026-06-12 04:00:00+00:00, run_after=2026-06-12 08:00:00+00:00
[2026-06-12T11:12:38.168+0000] {processor.py:183} INFO - Processing /home/airflow/.local/lib/python3.8/site-packages/airflow/example_dags/example_latest_only.py took 0.159 seconds
[2026-06-12T11:13:09.106+0000] {processor.py:161} INFO - Started process (PID=1397) to work on /home/airflow/.local/lib/python3.8/site-packages/airflow/example_dags/example_latest_only.py
[2026-06-12T11:13:09.108+0000] {processor.py:830} INFO - Processing file /home/airflow/.local/lib/python3.8/site-packages/airflow/example_dags/example_latest_only.py for tasks to queue
[2026-06-12T11:13:09.111+0000] {logging_mixin.py:188} INFO - [2026-06-12T11:13:09.111+0000] {dagbag.py:538} INFO - Filling up the DagBag from /home/airflow/.local/lib/python3.8/site-packages/airflow/example_dags/example_latest_only.py
[2026-06-12T11:13:09.122+0000] {processor.py:840} INFO - DAG(s) 'latest_only' retrieved from /home/airflow/.local/lib/python3.8/site-packages/airflow/example_dags/example_latest_only.py
[2026-06-12T11:13:09.168+0000] {logging_mixin.py:188} INFO - [2026-06-12T11:13:09.168+0000] {dag.py:3036} INFO - Sync 1 DAGs
[2026-06-12T11:13:09.214+0000] {logging_mixin.py:188} INFO - [2026-06-12T11:13:09.213+0000] {dag.py:3823} INFO - Setting next_dagrun for latest_only to 2026-06-12 04:00:00+00:00, run_after=2026-06-12 08:00:00+00:00
[2026-06-12T11:13:09.248+0000] {processor.py:183} INFO - Processing /home/airflow/.local/lib/python3.8/site-packages/airflow/example_dags/example_latest_only.py took 0.148 seconds
[2026-06-12T11:13:39.870+0000] {processor.py:161} INFO - Started process (PID=1463) to work on /home/airflow/.local/lib/python3.8/site-packages/airflow/example_dags/example_latest_only.py
[2026-06-12T11:13:39.871+0000] {processor.py:830} INFO - Processing file /home/airflow/.local/lib/python3.8/site-packages/airflow/example_dags/example_latest_only.py for tasks to queue
[2026-06-12T11:13:39.874+0000] {logging_mixin.py:188} INFO - [2026-06-12T11:13:39.873+0000] {dagbag.py:538} INFO - Filling up the DagBag from /home/airflow/.local/lib/python3.8/site-packages/airflow/example_dags/example_latest_only.py
[2026-06-12T11:13:39.881+0000] {processor.py:840} INFO - DAG(s) 'latest_only' retrieved from /home/airflow/.local/lib/python3.8/site-packages/airflow/example_dags/example_latest_only.py
[2026-06-12T11:13:39.917+0000] {logging_mixin.py:188} INFO - [2026-06-12T11:13:39.917+0000] {dag.py:3036} INFO - Sync 1 DAGs
[2026-06-12T11:13:39.953+0000] {logging_mixin.py:188} INFO - [2026-06-12T11:13:39.953+0000] {dag.py:3823} INFO - Setting next_dagrun for latest_only to 2026-06-12 04:00:00+00:00, run_after=2026-06-12 08:00:00+00:00
[2026-06-12T11:13:39.982+0000] {processor.py:183} INFO - Processing /home/airflow/.local/lib/python3.8/site-packages/airflow/example_dags/example_latest_only.py took 0.117 seconds
[2026-06-12T11:14:10.720+0000] {processor.py:161} INFO - Started process (PID=1530) to work on /home/airflow/.local/lib/python3.8/site-packages/airflow/example_dags/example_latest_only.py
[2026-06-12T11:14:10.722+0000] {processor.py:830} INFO - Processing file /home/airflow/.local/lib/python3.8/site-packages/airflow/example_dags/example_latest_only.py for tasks to queue
[2026-06-12T11:14:10.725+0000] {logging_mixin.py:188} INFO - [2026-06-12T11:14:10.725+0000] {dagbag.py:538} INFO - Filling up the DagBag from /home/airflow/.local/lib/python3.8/site-packages/airflow/example_dags/example_latest_only.py
[2026-06-12T11:14:10.733+0000] {processor.py:840} INFO - DAG(s) 'latest_only' retrieved from /home/airflow/.local/lib/python3.8/site-packages/airflow/example_dags/example_latest_only.py
[2026-06-12T11:14:10.769+0000] {logging_mixin.py:188} INFO - [2026-06-12T11:14:10.769+0000] {dag.py:3036} INFO - Sync 1 DAGs
[2026-06-12T11:14:10.806+0000] {logging_mixin.py:188} INFO - [2026-06-12T11:14:10.806+0000] {dag.py:3823} INFO - Setting next_dagrun for latest_only to 2026-06-12 04:00:00+00:00, run_after=2026-06-12 08:00:00+00:00
[2026-06-12T11:14:10.840+0000] {processor.py:183} INFO - Processing /home/airflow/.local/lib/python3.8/site-packages/airflow/example_dags/example_latest_only.py took 0.125 seconds
[2026-06-12T11:14:41.528+0000] {processor.py:161} INFO - Started process (PID=1596) to work on /home/airflow/.local/lib/python3.8/site-packages/airflow/example_dags/example_latest_only.py
[2026-06-12T11:14:41.530+0000] {processor.py:830} INFO - Processing file /home/airflow/.local/lib/python3.8/site-packages/airflow/example_dags/example_latest_only.py for tasks to queue
[2026-06-12T11:14:41.533+0000] {logging_mixin.py:188} INFO - [2026-06-12T11:14:41.532+0000] {dagbag.py:538} INFO - Filling up the DagBag from /home/airflow/.local/lib/python3.8/site-packages/airflow/example_dags/example_latest_only.py
[2026-06-12T11:14:41.540+0000] {processor.py:840} INFO - DAG(s) 'latest_only' retrieved from /home/airflow/.local/lib/python3.8/site-packages/airflow/example_dags/example_latest_only.py
[2026-06-12T11:14:41.577+0000] {logging_mixin.py:188} INFO - [2026-06-12T11:14:41.577+0000] {dag.py:3036} INFO - Sync 1 DAGs
[2026-06-12T11:14:41.617+0000] {logging_mixin.py:188} INFO - [2026-06-12T11:14:41.617+0000] {dag.py:3823} INFO - Setting next_dagrun for latest_only to 2026-06-12 04:00:00+00:00, run_after=2026-06-12 08:00:00+00:00
[2026-06-12T11:14:41.649+0000] {processor.py:183} INFO - Processing /home/airflow/.local/lib/python3.8/site-packages/airflow/example_dags/example_latest_only.py took 0.126 seconds
[2026-06-12T11:15:11.759+0000] {processor.py:161} INFO - Started process (PID=1662) to work on /home/airflow/.local/lib/python3.8/site-packages/airflow/example_dags/example_latest_only.py
[2026-06-12T11:15:11.760+0000] {processor.py:830} INFO - Processing file /home/airflow/.local/lib/python3.8/site-packages/airflow/example_dags/example_latest_only.py for tasks to queue
[2026-06-12T11:15:11.763+0000] {logging_mixin.py:188} INFO - [2026-06-12T11:15:11.762+0000] {dagbag.py:538} INFO - Filling up the DagBag from /home/airflow/.local/lib/python3.8/site-packages/airflow/example_dags/example_latest_only.py
[2026-06-12T11:15:11.770+0000] {processor.py:840} INFO - DAG(s) 'latest_only' retrieved from /home/airflow/.local/lib/python3.8/site-packages/airflow/example_dags/example_latest_only.py
[2026-06-12T11:15:11.813+0000] {logging_mixin.py:188} INFO - [2026-06-12T11:15:11.812+0000] {dag.py:3036} INFO - Sync 1 DAGs
[2026-06-12T11:15:11.850+0000] {logging_mixin.py:188} INFO - [2026-06-12T11:15:11.850+0000] {dag.py:3823} INFO - Setting next_dagrun for latest_only to 2026-06-12 04:00:00+00:00, run_after=2026-06-12 08:00:00+00:00
[2026-06-12T11:15:11.879+0000] {processor.py:183} INFO - Processing /home/airflow/.local/lib/python3.8/site-packages/airflow/example_dags/example_latest_only.py took 0.126 seconds
[2026-06-12T11:15:42.287+0000] {processor.py:161} INFO - Started process (PID=1729) to work on /home/airflow/.local/lib/python3.8/site-packages/airflow/example_dags/example_latest_only.py
[2026-06-12T11:15:42.289+0000] {processor.py:830} INFO - Processing file /home/airflow/.local/lib/python3.8/site-packages/airflow/example_dags/example_latest_only.py for tasks to queue
[2026-06-12T11:15:42.291+0000] {logging_mixin.py:188} INFO - [2026-06-12T11:15:42.291+0000] {dagbag.py:538} INFO - Filling up the DagBag from /home/airflow/.local/lib/python3.8/site-packages/airflow/example_dags/example_latest_only.py
[2026-06-12T11:15:42.299+0000] {processor.py:840} INFO - DAG(s) 'latest_only' retrieved from /home/airflow/.local/lib/python3.8/site-packages/airflow/example_dags/example_latest_only.py
[2026-06-12T11:15:42.333+0000] {logging_mixin.py:188} INFO - [2026-06-12T11:15:42.332+0000] {dag.py:3036} INFO - Sync 1 DAGs
[2026-06-12T11:15:42.369+0000] {logging_mixin.py:188} INFO - [2026-06-12T11:15:42.368+0000] {dag.py:3823} INFO - Setting next_dagrun for latest_only to 2026-06-12 04:00:00+00:00, run_after=2026-06-12 08:00:00+00:00
[2026-06-12T11:15:42.397+0000] {processor.py:183} INFO - Processing /home/airflow/.local/lib/python3.8/site-packages/airflow/example_dags/example_latest_only.py took 0.114 seconds
[2026-06-12T11:16:12.584+0000] {processor.py:161} INFO - Started process (PID=1793) to work on /home/airflow/.local/lib/python3.8/site-packages/airflow/example_dags/example_latest_only.py
[2026-06-12T11:16:12.586+0000] {processor.py:830} INFO - Processing file /home/airflow/.local/lib/python3.8/site-packages/airflow/example_dags/example_latest_only.py for tasks to queue
[2026-06-12T11:16:12.589+0000] {logging_mixin.py:188} INFO - [2026-06-12T11:16:12.588+0000] {dagbag.py:538} INFO - Filling up the DagBag from /home/airflow/.local/lib/python3.8/site-packages/airflow/example_dags/example_latest_only.py
[2026-06-12T11:16:12.595+0000] {processor.py:840} INFO - DAG(s) 'latest_only' retrieved from /home/airflow/.local/lib/python3.8/site-packages/airflow/example_dags/example_latest_only.py
[2026-06-12T11:16:12.630+0000] {logging_mixin.py:188} INFO - [2026-06-12T11:16:12.629+0000] {dag.py:3036} INFO - Sync 1 DAGs
[2026-06-12T11:16:12.667+0000] {logging_mixin.py:188} INFO - [2026-06-12T11:16:12.667+0000] {dag.py:3823} INFO - Setting next_dagrun for latest_only to 2026-06-12 04:00:00+00:00, run_after=2026-06-12 08:00:00+00:00
[2026-06-12T11:16:12.696+0000] {processor.py:183} INFO - Processing /home/airflow/.local/lib/python3.8/site-packages/airflow/example_dags/example_latest_only.py took 0.117 seconds
[2026-06-12T11:16:43.466+0000] {processor.py:161} INFO - Started process (PID=1867) to work on /home/airflow/.local/lib/python3.8/site-packages/airflow/example_dags/example_latest_only.py
[2026-06-12T11:16:43.468+0000] {processor.py:830} INFO - Processing file /home/airflow/.local/lib/python3.8/site-packages/airflow/example_dags/example_latest_only.py for tasks to queue
[2026-06-12T11:16:43.471+0000] {logging_mixin.py:188} INFO - [2026-06-12T11:16:43.470+0000] {dagbag.py:538} INFO - Filling up the DagBag from /home/airflow/.local/lib/python3.8/site-packages/airflow/example_dags/example_latest_only.py
[2026-06-12T11:16:43.480+0000] {processor.py:840} INFO - DAG(s) 'latest_only' retrieved from /home/airflow/.local/lib/python3.8/site-packages/airflow/example_dags/example_latest_only.py
[2026-06-12T11:16:43.520+0000] {logging_mixin.py:188} INFO - [2026-06-12T11:16:43.520+0000] {dag.py:3036} INFO - Sync 1 DAGs
[2026-06-12T11:16:43.565+0000] {logging_mixin.py:188} INFO - [2026-06-12T11:16:43.564+0000] {dag.py:3823} INFO - Setting next_dagrun for latest_only to 2026-06-12 04:00:00+00:00, run_after=2026-06-12 08:00:00+00:00
[2026-06-12T11:16:43.598+0000] {processor.py:183} INFO - Processing /home/airflow/.local/lib/python3.8/site-packages/airflow/example_dags/example_latest_only.py took 0.138 seconds
[2026-06-12T11:17:13.926+0000] {processor.py:161} INFO - Started process (PID=1932) to work on /home/airflow/.local/lib/python3.8/site-packages/airflow/example_dags/example_latest_only.py
[2026-06-12T11:17:13.928+0000] {processor.py:830} INFO - Processing file /home/airflow/.local/lib/python3.8/site-packages/airflow/example_dags/example_latest_only.py for tasks to queue
[2026-06-12T11:17:13.930+0000] {logging_mixin.py:188} INFO - [2026-06-12T11:17:13.929+0000] {dagbag.py:538} INFO - Filling up the DagBag from /home/airflow/.local/lib/python3.8/site-packages/airflow/example_dags/example_latest_only.py
[2026-06-12T11:17:13.937+0000] {processor.py:840} INFO - DAG(s) 'latest_only' retrieved from /home/airflow/.local/lib/python3.8/site-packages/airflow/example_dags/example_latest_only.py
[2026-06-12T11:17:13.970+0000] {logging_mixin.py:188} INFO - [2026-06-12T11:17:13.970+0000] {dag.py:3036} INFO - Sync 1 DAGs
[2026-06-12T11:17:14.006+0000] {logging_mixin.py:188} INFO - [2026-06-12T11:17:14.006+0000] {dag.py:3823} INFO - Setting next_dagrun for latest_only to 2026-06-12 04:00:00+00:00, run_after=2026-06-12 08:00:00+00:00
[2026-06-12T11:17:14.039+0000] {processor.py:183} INFO - Processing /home/airflow/.local/lib/python3.8/site-packages/airflow/example_dags/example_latest_only.py took 0.117 seconds
[2026-06-12T11:17:44.191+0000] {processor.py:161} INFO - Started process (PID=1998) to work on /home/airflow/.local/lib/python3.8/site-packages/airflow/example_dags/example_latest_only.py
[2026-06-12T11:17:44.193+0000] {processor.py:830} INFO - Processing file /home/airflow/.local/lib/python3.8/site-packages/airflow/example_dags/example_latest_only.py for tasks to queue
[2026-06-12T11:17:44.196+0000] {logging_mixin.py:188} INFO - [2026-06-12T11:17:44.196+0000] {dagbag.py:538} INFO - Filling up the DagBag from /home/airflow/.local/lib/python3.8/site-packages/airflow/example_dags/example_latest_only.py
[2026-06-12T11:17:44.205+0000] {processor.py:840} INFO - DAG(s) 'latest_only' retrieved from /home/airflow/.local/lib/python3.8/site-packages/airflow/example_dags/example_latest_only.py
[2026-06-12T11:17:44.245+0000] {logging_mixin.py:188} INFO - [2026-06-12T11:17:44.244+0000] {dag.py:3036} INFO - Sync 1 DAGs
[2026-06-12T11:17:44.290+0000] {logging_mixin.py:188} INFO - [2026-06-12T11:17:44.290+0000] {dag.py:3823} INFO - Setting next_dagrun for latest_only to 2026-06-12 04:00:00+00:00, run_after=2026-06-12 08:00:00+00:00
[2026-06-12T11:17:44.324+0000] {processor.py:183} INFO - Processing /home/airflow/.local/lib/python3.8/site-packages/airflow/example_dags/example_latest_only.py took 0.138 seconds
[2026-06-12T11:18:14.505+0000] {processor.py:161} INFO - Started process (PID=2064) to work on /home/airflow/.local/lib/python3.8/site-packages/airflow/example_dags/example_latest_only.py
[2026-06-12T11:18:14.507+0000] {processor.py:830} INFO - Processing file /home/airflow/.local/lib/python3.8/site-packages/airflow/example_dags/example_latest_only.py for tasks to queue
[2026-06-12T11:18:14.510+0000] {logging_mixin.py:188} INFO - [2026-06-12T11:18:14.510+0000] {dagbag.py:538} INFO - Filling up the DagBag from /home/airflow/.local/lib/python3.8/site-packages/airflow/example_dags/example_latest_only.py
[2026-06-12T11:18:14.518+0000] {processor.py:840} INFO - DAG(s) 'latest_only' retrieved from /home/airflow/.local/lib/python3.8/site-packages/airflow/example_dags/example_latest_only.py
[2026-06-12T11:18:14.553+0000] {logging_mixin.py:188} INFO - [2026-06-12T11:18:14.553+0000] {dag.py:3036} INFO - Sync 1 DAGs
[2026-06-12T11:18:14.593+0000] {logging_mixin.py:188} INFO - [2026-06-12T11:18:14.592+0000] {dag.py:3823} INFO - Setting next_dagrun for latest_only to 2026-06-12 04:00:00+00:00, run_after=2026-06-12 08:00:00+00:00
[2026-06-12T11:18:14.623+0000] {processor.py:183} INFO - Processing /home/airflow/.local/lib/python3.8/site-packages/airflow/example_dags/example_latest_only.py took 0.123 seconds
[2026-06-12T11:18:44.995+0000] {processor.py:161} INFO - Started process (PID=2130) to work on /home/airflow/.local/lib/python3.8/site-packages/airflow/example_dags/example_latest_only.py
[2026-06-12T11:18:44.997+0000] {processor.py:830} INFO - Processing file /home/airflow/.local/lib/python3.8/site-packages/airflow/example_dags/example_latest_only.py for tasks to queue
[2026-06-12T11:18:44.999+0000] {logging_mixin.py:188} INFO - [2026-06-12T11:18:44.999+0000] {dagbag.py:538} INFO - Filling up the DagBag from /home/airflow/.local/lib/python3.8/site-packages/airflow/example_dags/example_latest_only.py
[2026-06-12T11:18:45.006+0000] {processor.py:840} INFO - DAG(s) 'latest_only' retrieved from /home/airflow/.local/lib/python3.8/site-packages/airflow/example_dags/example_latest_only.py
[2026-06-12T11:18:45.040+0000] {logging_mixin.py:188} INFO - [2026-06-12T11:18:45.039+0000] {dag.py:3036} INFO - Sync 1 DAGs
[2026-06-12T11:18:45.077+0000] {logging_mixin.py:188} INFO - [2026-06-12T11:18:45.077+0000] {dag.py:3823} INFO - Setting next_dagrun for latest_only to 2026-06-12 04:00:00+00:00, run_after=2026-06-12 08:00:00+00:00
[2026-06-12T11:18:45.106+0000] {processor.py:183} INFO - Processing /home/airflow/.local/lib/python3.8/site-packages/airflow/example_dags/example_latest_only.py took 0.116 seconds
[2026-06-12T11:19:16.042+0000] {processor.py:161} INFO - Started process (PID=2196) to work on /home/airflow/.local/lib/python3.8/site-packages/airflow/example_dags/example_latest_only.py
[2026-06-12T11:19:16.043+0000] {processor.py:830} INFO - Processing file /home/airflow/.local/lib/python3.8/site-packages/airflow/example_dags/example_latest_only.py for tasks to queue
[2026-06-12T11:19:16.047+0000] {logging_mixin.py:188} INFO - [2026-06-12T11:19:16.046+0000] {dagbag.py:538} INFO - Filling up the DagBag from /home/airflow/.local/lib/python3.8/site-packages/airflow/example_dags/example_latest_only.py
[2026-06-12T11:19:16.054+0000] {processor.py:840} INFO - DAG(s) 'latest_only' retrieved from /home/airflow/.local/lib/python3.8/site-packages/airflow/example_dags/example_latest_only.py
[2026-06-12T11:19:16.091+0000] {logging_mixin.py:188} INFO - [2026-06-12T11:19:16.090+0000] {dag.py:3036} INFO - Sync 1 DAGs
[2026-06-12T11:19:16.129+0000] {logging_mixin.py:188} INFO - [2026-06-12T11:19:16.128+0000] {dag.py:3823} INFO - Setting next_dagrun for latest_only to 2026-06-12 04:00:00+00:00, run_after=2026-06-12 08:00:00+00:00
[2026-06-12T11:19:16.161+0000] {processor.py:183} INFO - Processing /home/airflow/.local/lib/python3.8/site-packages/airflow/example_dags/example_latest_only.py took 0.125 seconds
[2026-06-12T11:19:46.300+0000] {processor.py:161} INFO - Started process (PID=2262) to work on /home/airflow/.local/lib/python3.8/site-packages/airflow/example_dags/example_latest_only.py
[2026-06-12T11:19:46.302+0000] {processor.py:830} INFO - Processing file /home/airflow/.local/lib/python3.8/site-packages/airflow/example_dags/example_latest_only.py for tasks to queue
[2026-06-12T11:19:46.305+0000] {logging_mixin.py:188} INFO - [2026-06-12T11:19:46.304+0000] {dagbag.py:538} INFO - Filling up the DagBag from /home/airflow/.local/lib/python3.8/site-packages/airflow/example_dags/example_latest_only.py
[2026-06-12T11:19:46.314+0000] {processor.py:840} INFO - DAG(s) 'latest_only' retrieved from /home/airflow/.local/lib/python3.8/site-packages/airflow/example_dags/example_latest_only.py
[2026-06-12T11:19:46.361+0000] {logging_mixin.py:188} INFO - [2026-06-12T11:19:46.360+0000] {dag.py:3036} INFO - Sync 1 DAGs
[2026-06-12T11:19:46.401+0000] {logging_mixin.py:188} INFO - [2026-06-12T11:19:46.401+0000] {dag.py:3823} INFO - Setting next_dagrun for latest_only to 2026-06-12 04:00:00+00:00, run_after=2026-06-12 08:00:00+00:00
[2026-06-12T11:19:46.431+0000] {processor.py:183} INFO - Processing /home/airflow/.local/lib/python3.8/site-packages/airflow/example_dags/example_latest_only.py took 0.137 seconds
[2026-06-12T11:20:16.640+0000] {processor.py:161} INFO - Started process (PID=2328) to work on /home/airflow/.local/lib/python3.8/site-packages/airflow/example_dags/example_latest_only.py
[2026-06-12T11:20:16.641+0000] {processor.py:830} INFO - Processing file /home/airflow/.local/lib/python3.8/site-packages/airflow/example_dags/example_latest_only.py for tasks to queue
[2026-06-12T11:20:16.643+0000] {logging_mixin.py:188} INFO - [2026-06-12T11:20:16.643+0000] {dagbag.py:538} INFO - Filling up the DagBag from /home/airflow/.local/lib/python3.8/site-packages/airflow/example_dags/example_latest_only.py
[2026-06-12T11:20:16.651+0000] {processor.py:840} INFO - DAG(s) 'latest_only' retrieved from /home/airflow/.local/lib/python3.8/site-packages/airflow/example_dags/example_latest_only.py
[2026-06-12T11:20:16.685+0000] {logging_mixin.py:188} INFO - [2026-06-12T11:20:16.684+0000] {dag.py:3036} INFO - Sync 1 DAGs
[2026-06-12T11:20:16.720+0000] {logging_mixin.py:188} INFO - [2026-06-12T11:20:16.719+0000] {dag.py:3823} INFO - Setting next_dagrun for latest_only to 2026-06-12 04:00:00+00:00, run_after=2026-06-12 08:00:00+00:00
[2026-06-12T11:20:16.750+0000] {processor.py:183} INFO - Processing /home/airflow/.local/lib/python3.8/site-packages/airflow/example_dags/example_latest_only.py took 0.115 seconds
[2026-06-12T11:20:47.294+0000] {processor.py:161} INFO - Started process (PID=2401) to work on /home/airflow/.local/lib/python3.8/site-packages/airflow/example_dags/example_latest_only.py
[2026-06-12T11:20:47.296+0000] {processor.py:830} INFO - Processing file /home/airflow/.local/lib/python3.8/site-packages/airflow/example_dags/example_latest_only.py for tasks to queue
[2026-06-12T11:20:47.299+0000] {logging_mixin.py:188} INFO - [2026-06-12T11:20:47.298+0000] {dagbag.py:538} INFO - Filling up the DagBag from /home/airflow/.local/lib/python3.8/site-packages/airflow/example_dags/example_latest_only.py
[2026-06-12T11:20:47.307+0000] {processor.py:840} INFO - DAG(s) 'latest_only' retrieved from /home/airflow/.local/lib/python3.8/site-packages/airflow/example_dags/example_latest_only.py
[2026-06-12T11:20:47.351+0000] {logging_mixin.py:188} INFO - [2026-06-12T11:20:47.350+0000] {dag.py:3036} INFO - Sync 1 DAGs
[2026-06-12T11:20:47.397+0000] {logging_mixin.py:188} INFO - [2026-06-12T11:20:47.396+0000] {dag.py:3823} INFO - Setting next_dagrun for latest_only to 2026-06-12 04:00:00+00:00, run_after=2026-06-12 08:00:00+00:00
[2026-06-12T11:20:47.428+0000] {processor.py:183} INFO - Processing /home/airflow/.local/lib/python3.8/site-packages/airflow/example_dags/example_latest_only.py took 0.141 seconds
[2026-06-12T11:21:18.001+0000] {processor.py:161} INFO - Started process (PID=2468) to work on /home/airflow/.local/lib/python3.8/site-packages/airflow/example_dags/example_latest_only.py
[2026-06-12T11:21:18.002+0000] {processor.py:830} INFO - Processing file /home/airflow/.local/lib/python3.8/site-packages/airflow/example_dags/example_latest_only.py for tasks to queue
[2026-06-12T11:21:18.005+0000] {logging_mixin.py:188} INFO - [2026-06-12T11:21:18.004+0000] {dagbag.py:538} INFO - Filling up the DagBag from /home/airflow/.local/lib/python3.8/site-packages/airflow/example_dags/example_latest_only.py
[2026-06-12T11:21:18.013+0000] {processor.py:840} INFO - DAG(s) 'latest_only' retrieved from /home/airflow/.local/lib/python3.8/site-packages/airflow/example_dags/example_latest_only.py
[2026-06-12T11:21:18.047+0000] {logging_mixin.py:188} INFO - [2026-06-12T11:21:18.046+0000] {dag.py:3036} INFO - Sync 1 DAGs
[2026-06-12T11:21:18.089+0000] {logging_mixin.py:188} INFO - [2026-06-12T11:21:18.087+0000] {dag.py:3823} INFO - Setting next_dagrun for latest_only to 2026-06-12 04:00:00+00:00, run_after=2026-06-12 08:00:00+00:00
[2026-06-12T11:21:18.126+0000] {processor.py:183} INFO - Processing /home/airflow/.local/lib/python3.8/site-packages/airflow/example_dags/example_latest_only.py took 0.129 seconds
[2026-06-12T11:21:48.303+0000] {processor.py:161} INFO - Started process (PID=2534) to work on /home/airflow/.local/lib/python3.8/site-packages/airflow/example_dags/example_latest_only.py
[2026-06-12T11:21:48.305+0000] {processor.py:830} INFO - Processing file /home/airflow/.local/lib/python3.8/site-packages/airflow/example_dags/example_latest_only.py for tasks to queue
[2026-06-12T11:21:48.308+0000] {logging_mixin.py:188} INFO - [2026-06-12T11:21:48.308+0000] {dagbag.py:538} INFO - Filling up the DagBag from /home/airflow/.local/lib/python3.8/site-packages/airflow/example_dags/example_latest_only.py
[2026-06-12T11:21:48.317+0000] {processor.py:840} INFO - DAG(s) 'latest_only' retrieved from /home/airflow/.local/lib/python3.8/site-packages/airflow/example_dags/example_latest_only.py
[2026-06-12T11:21:48.361+0000] {logging_mixin.py:188} INFO - [2026-06-12T11:21:48.360+0000] {dag.py:3036} INFO - Sync 1 DAGs
[2026-06-12T11:21:48.400+0000] {logging_mixin.py:188} INFO - [2026-06-12T11:21:48.400+0000] {dag.py:3823} INFO - Setting next_dagrun for latest_only to 2026-06-12 04:00:00+00:00, run_after=2026-06-12 08:00:00+00:00
[2026-06-12T11:21:48.431+0000] {processor.py:183} INFO - Processing /home/airflow/.local/lib/python3.8/site-packages/airflow/example_dags/example_latest_only.py took 0.133 seconds
[2026-06-12T11:22:19.436+0000] {processor.py:161} INFO - Started process (PID=2600) to work on /home/airflow/.local/lib/python3.8/site-packages/airflow/example_dags/example_latest_only.py
[2026-06-12T11:22:19.438+0000] {processor.py:830} INFO - Processing file /home/airflow/.local/lib/python3.8/site-packages/airflow/example_dags/example_latest_only.py for tasks to queue
[2026-06-12T11:22:19.441+0000] {logging_mixin.py:188} INFO - [2026-06-12T11:22:19.440+0000] {dagbag.py:538} INFO - Filling up the DagBag from /home/airflow/.local/lib/python3.8/site-packages/airflow/example_dags/example_latest_only.py
[2026-06-12T11:22:19.450+0000] {processor.py:840} INFO - DAG(s) 'latest_only' retrieved from /home/airflow/.local/lib/python3.8/site-packages/airflow/example_dags/example_latest_only.py
[2026-06-12T11:22:19.490+0000] {logging_mixin.py:188} INFO - [2026-06-12T11:22:19.490+0000] {dag.py:3036} INFO - Sync 1 DAGs
[2026-06-12T11:22:19.527+0000] {logging_mixin.py:188} INFO - [2026-06-12T11:22:19.527+0000] {dag.py:3823} INFO - Setting next_dagrun for latest_only to 2026-06-12 04:00:00+00:00, run_after=2026-06-12 08:00:00+00:00
[2026-06-12T11:22:19.561+0000] {processor.py:183} INFO - Processing /home/airflow/.local/lib/python3.8/site-packages/airflow/example_dags/example_latest_only.py took 0.132 seconds
[2026-06-12T11:22:49.895+0000] {processor.py:161} INFO - Started process (PID=2666) to work on /home/airflow/.local/lib/python3.8/site-packages/airflow/example_dags/example_latest_only.py
[2026-06-12T11:22:49.896+0000] {processor.py:830} INFO - Processing file /home/airflow/.local/lib/python3.8/site-packages/airflow/example_dags/example_latest_only.py for tasks to queue
[2026-06-12T11:22:49.899+0000] {logging_mixin.py:188} INFO - [2026-06-12T11:22:49.898+0000] {dagbag.py:538} INFO - Filling up the DagBag from /home/airflow/.local/lib/python3.8/site-packages/airflow/example_dags/example_latest_only.py
[2026-06-12T11:22:49.905+0000] {processor.py:840} INFO - DAG(s) 'latest_only' retrieved from /home/airflow/.local/lib/python3.8/site-packages/airflow/example_dags/example_latest_only.py
[2026-06-12T11:22:49.938+0000] {logging_mixin.py:188} INFO - [2026-06-12T11:22:49.938+0000] {dag.py:3036} INFO - Sync 1 DAGs
[2026-06-12T11:22:49.976+0000] {logging_mixin.py:188} INFO - [2026-06-12T11:22:49.976+0000] {dag.py:3823} INFO - Setting next_dagrun for latest_only to 2026-06-12 04:00:00+00:00, run_after=2026-06-12 08:00:00+00:00
[2026-06-12T11:22:50.011+0000] {processor.py:183} INFO - Processing /home/airflow/.local/lib/python3.8/site-packages/airflow/example_dags/example_latest_only.py took 0.121 seconds
[2026-06-12T11:23:20.822+0000] {processor.py:161} INFO - Started process (PID=2730) to work on /home/airflow/.local/lib/python3.8/site-packages/airflow/example_dags/example_latest_only.py
[2026-06-12T11:23:20.824+0000] {processor.py:830} INFO - Processing file /home/airflow/.local/lib/python3.8/site-packages/airflow/example_dags/example_latest_only.py for tasks to queue
[2026-06-12T11:23:20.826+0000] {logging_mixin.py:188} INFO - [2026-06-12T11:23:20.826+0000] {dagbag.py:538} INFO - Filling up the DagBag from /home/airflow/.local/lib/python3.8/site-packages/airflow/example_dags/example_latest_only.py
[2026-06-12T11:23:20.834+0000] {processor.py:840} INFO - DAG(s) 'latest_only' retrieved from /home/airflow/.local/lib/python3.8/site-packages/airflow/example_dags/example_latest_only.py
[2026-06-12T11:23:20.873+0000] {logging_mixin.py:188} INFO - [2026-06-12T11:23:20.872+0000] {dag.py:3036} INFO - Sync 1 DAGs
[2026-06-12T11:23:20.913+0000] {logging_mixin.py:188} INFO - [2026-06-12T11:23:20.913+0000] {dag.py:3823} INFO - Setting next_dagrun for latest_only to 2026-06-12 04:00:00+00:00, run_after=2026-06-12 08:00:00+00:00
[2026-06-12T11:23:20.944+0000] {processor.py:183} INFO - Processing /home/airflow/.local/lib/python3.8/site-packages/airflow/example_dags/example_latest_only.py took 0.128 seconds
[2026-06-12T11:23:51.140+0000] {processor.py:161} INFO - Started process (PID=2795) to work on /home/airflow/.local/lib/python3.8/site-packages/airflow/example_dags/example_latest_only.py
[2026-06-12T11:23:51.142+0000] {processor.py:830} INFO - Processing file /home/airflow/.local/lib/python3.8/site-packages/airflow/example_dags/example_latest_only.py for tasks to queue
[2026-06-12T11:23:51.144+0000] {logging_mixin.py:188} INFO - [2026-06-12T11:23:51.144+0000] {dagbag.py:538} INFO - Filling up the DagBag from /home/airflow/.local/lib/python3.8/site-packages/airflow/example_dags/example_latest_only.py
[2026-06-12T11:23:51.151+0000] {processor.py:840} INFO - DAG(s) 'latest_only' retrieved from /home/airflow/.local/lib/python3.8/site-packages/airflow/example_dags/example_latest_only.py
[2026-06-12T11:23:51.185+0000] {logging_mixin.py:188} INFO - [2026-06-12T11:23:51.185+0000] {dag.py:3036} INFO - Sync 1 DAGs
[2026-06-12T11:23:51.222+0000] {logging_mixin.py:188} INFO - [2026-06-12T11:23:51.222+0000] {dag.py:3823} INFO - Setting next_dagrun for latest_only to 2026-06-12 04:00:00+00:00, run_after=2026-06-12 08:00:00+00:00
[2026-06-12T11:23:51.253+0000] {processor.py:183} INFO - Processing /home/airflow/.local/lib/python3.8/site-packages/airflow/example_dags/example_latest_only.py took 0.118 seconds
[2026-06-12T11:24:21.586+0000] {processor.py:161} INFO - Started process (PID=2861) to work on /home/airflow/.local/lib/python3.8/site-packages/airflow/example_dags/example_latest_only.py
[2026-06-12T11:24:21.587+0000] {processor.py:830} INFO - Processing file /home/airflow/.local/lib/python3.8/site-packages/airflow/example_dags/example_latest_only.py for tasks to queue
[2026-06-12T11:24:21.591+0000] {logging_mixin.py:188} INFO - [2026-06-12T11:24:21.590+0000] {dagbag.py:538} INFO - Filling up the DagBag from /home/airflow/.local/lib/python3.8/site-packages/airflow/example_dags/example_latest_only.py
[2026-06-12T11:24:21.598+0000] {processor.py:840} INFO - DAG(s) 'latest_only' retrieved from /home/airflow/.local/lib/python3.8/site-packages/airflow/example_dags/example_latest_only.py
[2026-06-12T11:24:21.634+0000] {logging_mixin.py:188} INFO - [2026-06-12T11:24:21.634+0000] {dag.py:3036} INFO - Sync 1 DAGs
[2026-06-12T11:24:21.670+0000] {logging_mixin.py:188} INFO - [2026-06-12T11:24:21.670+0000] {dag.py:3823} INFO - Setting next_dagrun for latest_only to 2026-06-12 04:00:00+00:00, run_after=2026-06-12 08:00:00+00:00
[2026-06-12T11:24:21.697+0000] {processor.py:183} INFO - Processing /home/airflow/.local/lib/python3.8/site-packages/airflow/example_dags/example_latest_only.py took 0.117 seconds
[2026-06-12T11:24:52.533+0000] {processor.py:161} INFO - Started process (PID=2935) to work on /home/airflow/.local/lib/python3.8/site-packages/airflow/example_dags/example_latest_only.py
[2026-06-12T11:24:52.535+0000] {processor.py:830} INFO - Processing file /home/airflow/.local/lib/python3.8/site-packages/airflow/example_dags/example_latest_only.py for tasks to queue
[2026-06-12T11:24:52.537+0000] {logging_mixin.py:188} INFO - [2026-06-12T11:24:52.537+0000] {dagbag.py:538} INFO - Filling up the DagBag from /home/airflow/.local/lib/python3.8/site-packages/airflow/example_dags/example_latest_only.py
[2026-06-12T11:24:52.547+0000] {processor.py:840} INFO - DAG(s) 'latest_only' retrieved from /home/airflow/.local/lib/python3.8/site-packages/airflow/example_dags/example_latest_only.py
[2026-06-12T11:24:52.588+0000] {logging_mixin.py:188} INFO - [2026-06-12T11:24:52.587+0000] {dag.py:3036} INFO - Sync 1 DAGs
[2026-06-12T11:24:52.626+0000] {logging_mixin.py:188} INFO - [2026-06-12T11:24:52.626+0000] {dag.py:3823} INFO - Setting next_dagrun for latest_only to 2026-06-12 04:00:00+00:00, run_after=2026-06-12 08:00:00+00:00
[2026-06-12T11:24:52.662+0000] {processor.py:183} INFO - Processing /home/airflow/.local/lib/python3.8/site-packages/airflow/example_dags/example_latest_only.py took 0.136 seconds
[2026-06-12T11:25:23.111+0000] {processor.py:161} INFO - Started process (PID=3002) to work on /home/airflow/.local/lib/python3.8/site-packages/airflow/example_dags/example_latest_only.py
[2026-06-12T11:25:23.113+0000] {processor.py:830} INFO - Processing file /home/airflow/.local/lib/python3.8/site-packages/airflow/example_dags/example_latest_only.py for tasks to queue
[2026-06-12T11:25:23.116+0000] {logging_mixin.py:188} INFO - [2026-06-12T11:25:23.116+0000] {dagbag.py:538} INFO - Filling up the DagBag from /home/airflow/.local/lib/python3.8/site-packages/airflow/example_dags/example_latest_only.py
[2026-06-12T11:25:23.125+0000] {processor.py:840} INFO - DAG(s) 'latest_only' retrieved from /home/airflow/.local/lib/python3.8/site-packages/airflow/example_dags/example_latest_only.py
[2026-06-12T11:25:23.170+0000] {logging_mixin.py:188} INFO - [2026-06-12T11:25:23.170+0000] {dag.py:3036} INFO - Sync 1 DAGs
[2026-06-12T11:25:23.217+0000] {logging_mixin.py:188} INFO - [2026-06-12T11:25:23.216+0000] {dag.py:3823} INFO - Setting next_dagrun for latest_only to 2026-06-12 04:00:00+00:00, run_after=2026-06-12 08:00:00+00:00
[2026-06-12T11:25:23.444+0000] {processor.py:183} INFO - Processing /home/airflow/.local/lib/python3.8/site-packages/airflow/example_dags/example_latest_only.py took 0.339 seconds
[2026-06-12T11:25:53.576+0000] {processor.py:161} INFO - Started process (PID=3067) to work on /home/airflow/.local/lib/python3.8/site-packages/airflow/example_dags/example_latest_only.py
[2026-06-12T11:25:53.577+0000] {processor.py:830} INFO - Processing file /home/airflow/.local/lib/python3.8/site-packages/airflow/example_dags/example_latest_only.py for tasks to queue
[2026-06-12T11:25:53.581+0000] {logging_mixin.py:188} INFO - [2026-06-12T11:25:53.580+0000] {dagbag.py:538} INFO - Filling up the DagBag from /home/airflow/.local/lib/python3.8/site-packages/airflow/example_dags/example_latest_only.py
[2026-06-12T11:25:53.590+0000] {processor.py:840} INFO - DAG(s) 'latest_only' retrieved from /home/airflow/.local/lib/python3.8/site-packages/airflow/example_dags/example_latest_only.py
[2026-06-12T11:25:53.631+0000] {logging_mixin.py:188} INFO - [2026-06-12T11:25:53.630+0000] {dag.py:3036} INFO - Sync 1 DAGs
[2026-06-12T11:25:53.676+0000] {logging_mixin.py:188} INFO - [2026-06-12T11:25:53.676+0000] {dag.py:3823} INFO - Setting next_dagrun for latest_only to 2026-06-12 04:00:00+00:00, run_after=2026-06-12 08:00:00+00:00
[2026-06-12T11:25:53.712+0000] {processor.py:183} INFO - Processing /home/airflow/.local/lib/python3.8/site-packages/airflow/example_dags/example_latest_only.py took 0.142 seconds
[2026-06-12T11:26:23.967+0000] {processor.py:161} INFO - Started process (PID=3134) to work on /home/airflow/.local/lib/python3.8/site-packages/airflow/example_dags/example_latest_only.py
[2026-06-12T11:26:23.969+0000] {processor.py:830} INFO - Processing file /home/airflow/.local/lib/python3.8/site-packages/airflow/example_dags/example_latest_only.py for tasks to queue
[2026-06-12T11:26:23.972+0000] {logging_mixin.py:188} INFO - [2026-06-12T11:26:23.972+0000] {dagbag.py:538} INFO - Filling up the DagBag from /home/airflow/.local/lib/python3.8/site-packages/airflow/example_dags/example_latest_only.py
[2026-06-12T11:26:23.981+0000] {processor.py:840} INFO - DAG(s) 'latest_only' retrieved from /home/airflow/.local/lib/python3.8/site-packages/airflow/example_dags/example_latest_only.py
[2026-06-12T11:26:24.021+0000] {logging_mixin.py:188} INFO - [2026-06-12T11:26:24.021+0000] {dag.py:3036} INFO - Sync 1 DAGs
[2026-06-12T11:26:24.066+0000] {logging_mixin.py:188} INFO - [2026-06-12T11:26:24.065+0000] {dag.py:3823} INFO - Setting next_dagrun for latest_only to 2026-06-12 04:00:00+00:00, run_after=2026-06-12 08:00:00+00:00
[2026-06-12T11:26:24.101+0000] {processor.py:183} INFO - Processing /home/airflow/.local/lib/python3.8/site-packages/airflow/example_dags/example_latest_only.py took 0.139 seconds
[2026-06-12T11:26:54.960+0000] {processor.py:161} INFO - Started process (PID=3201) to work on /home/airflow/.local/lib/python3.8/site-packages/airflow/example_dags/example_latest_only.py
[2026-06-12T11:26:54.961+0000] {processor.py:830} INFO - Processing file /home/airflow/.local/lib/python3.8/site-packages/airflow/example_dags/example_latest_only.py for tasks to queue
[2026-06-12T11:26:54.964+0000] {logging_mixin.py:188} INFO - [2026-06-12T11:26:54.963+0000] {dagbag.py:538} INFO - Filling up the DagBag from /home/airflow/.local/lib/python3.8/site-packages/airflow/example_dags/example_latest_only.py
[2026-06-12T11:26:54.971+0000] {processor.py:840} INFO - DAG(s) 'latest_only' retrieved from /home/airflow/.local/lib/python3.8/site-packages/airflow/example_dags/example_latest_only.py
[2026-06-12T11:26:55.194+0000] {logging_mixin.py:188} INFO - [2026-06-12T11:26:55.194+0000] {dag.py:3036} INFO - Sync 1 DAGs
[2026-06-12T11:26:55.228+0000] {logging_mixin.py:188} INFO - [2026-06-12T11:26:55.227+0000] {dag.py:3823} INFO - Setting next_dagrun for latest_only to 2026-06-12 04:00:00+00:00, run_after=2026-06-12 08:00:00+00:00
[2026-06-12T11:26:55.264+0000] {processor.py:183} INFO - Processing /home/airflow/.local/lib/python3.8/site-packages/airflow/example_dags/example_latest_only.py took 0.309 seconds
[2026-06-12T11:27:25.384+0000] {processor.py:161} INFO - Started process (PID=3267) to work on /home/airflow/.local/lib/python3.8/site-packages/airflow/example_dags/example_latest_only.py
[2026-06-12T11:27:25.386+0000] {processor.py:830} INFO - Processing file /home/airflow/.local/lib/python3.8/site-packages/airflow/example_dags/example_latest_only.py for tasks to queue
[2026-06-12T11:27:25.388+0000] {logging_mixin.py:188} INFO - [2026-06-12T11:27:25.388+0000] {dagbag.py:538} INFO - Filling up the DagBag from /home/airflow/.local/lib/python3.8/site-packages/airflow/example_dags/example_latest_only.py
[2026-06-12T11:27:25.396+0000] {processor.py:840} INFO - DAG(s) 'latest_only' retrieved from /home/airflow/.local/lib/python3.8/site-packages/airflow/example_dags/example_latest_only.py
[2026-06-12T11:27:25.434+0000] {logging_mixin.py:188} INFO - [2026-06-12T11:27:25.433+0000] {dag.py:3036} INFO - Sync 1 DAGs
[2026-06-12T11:27:25.472+0000] {logging_mixin.py:188} INFO - [2026-06-12T11:27:25.472+0000] {dag.py:3823} INFO - Setting next_dagrun for latest_only to 2026-06-12 04:00:00+00:00, run_after=2026-06-12 08:00:00+00:00
[2026-06-12T11:27:25.502+0000] {processor.py:183} INFO - Processing /home/airflow/.local/lib/python3.8/site-packages/airflow/example_dags/example_latest_only.py took 0.123 seconds
[2026-06-12T11:27:55.598+0000] {processor.py:161} INFO - Started process (PID=3332) to work on /home/airflow/.local/lib/python3.8/site-packages/airflow/example_dags/example_latest_only.py
[2026-06-12T11:27:55.599+0000] {processor.py:830} INFO - Processing file /home/airflow/.local/lib/python3.8/site-packages/airflow/example_dags/example_latest_only.py for tasks to queue
[2026-06-12T11:27:55.602+0000] {logging_mixin.py:188} INFO - [2026-06-12T11:27:55.602+0000] {dagbag.py:538} INFO - Filling up the DagBag from /home/airflow/.local/lib/python3.8/site-packages/airflow/example_dags/example_latest_only.py
[2026-06-12T11:27:55.610+0000] {processor.py:840} INFO - DAG(s) 'latest_only' retrieved from /home/airflow/.local/lib/python3.8/site-packages/airflow/example_dags/example_latest_only.py
[2026-06-12T11:27:55.643+0000] {logging_mixin.py:188} INFO - [2026-06-12T11:27:55.642+0000] {dag.py:3036} INFO - Sync 1 DAGs
[2026-06-12T11:27:55.681+0000] {logging_mixin.py:188} INFO - [2026-06-12T11:27:55.681+0000] {dag.py:3823} INFO - Setting next_dagrun for latest_only to 2026-06-12 04:00:00+00:00, run_after=2026-06-12 08:00:00+00:00
[2026-06-12T11:27:55.710+0000] {processor.py:183} INFO - Processing /home/airflow/.local/lib/python3.8/site-packages/airflow/example_dags/example_latest_only.py took 0.117 seconds
[2026-06-12T11:28:25.892+0000] {processor.py:161} INFO - Started process (PID=3398) to work on /home/airflow/.local/lib/python3.8/site-packages/airflow/example_dags/example_latest_only.py
[2026-06-12T11:28:25.894+0000] {processor.py:830} INFO - Processing file /home/airflow/.local/lib/python3.8/site-packages/airflow/example_dags/example_latest_only.py for tasks to queue
[2026-06-12T11:28:25.897+0000] {logging_mixin.py:188} INFO - [2026-06-12T11:28:25.896+0000] {dagbag.py:538} INFO - Filling up the DagBag from /home/airflow/.local/lib/python3.8/site-packages/airflow/example_dags/example_latest_only.py
[2026-06-12T11:28:25.904+0000] {processor.py:840} INFO - DAG(s) 'latest_only' retrieved from /home/airflow/.local/lib/python3.8/site-packages/airflow/example_dags/example_latest_only.py
[2026-06-12T11:28:25.944+0000] {logging_mixin.py:188} INFO - [2026-06-12T11:28:25.944+0000] {dag.py:3036} INFO - Sync 1 DAGs
[2026-06-12T11:28:25.984+0000] {logging_mixin.py:188} INFO - [2026-06-12T11:28:25.983+0000] {dag.py:3823} INFO - Setting next_dagrun for latest_only to 2026-06-12 04:00:00+00:00, run_after=2026-06-12 08:00:00+00:00
[2026-06-12T11:28:26.016+0000] {processor.py:183} INFO - Processing /home/airflow/.local/lib/python3.8/site-packages/airflow/example_dags/example_latest_only.py took 0.129 seconds
[2026-06-12T11:28:56.468+0000] {processor.py:161} INFO - Started process (PID=3463) to work on /home/airflow/.local/lib/python3.8/site-packages/airflow/example_dags/example_latest_only.py
[2026-06-12T11:28:56.469+0000] {processor.py:830} INFO - Processing file /home/airflow/.local/lib/python3.8/site-packages/airflow/example_dags/example_latest_only.py for tasks to queue
[2026-06-12T11:28:56.471+0000] {logging_mixin.py:188} INFO - [2026-06-12T11:28:56.471+0000] {dagbag.py:538} INFO - Filling up the DagBag from /home/airflow/.local/lib/python3.8/site-packages/airflow/example_dags/example_latest_only.py
[2026-06-12T11:28:56.479+0000] {processor.py:840} INFO - DAG(s) 'latest_only' retrieved from /home/airflow/.local/lib/python3.8/site-packages/airflow/example_dags/example_latest_only.py
[2026-06-12T11:28:56.517+0000] {logging_mixin.py:188} INFO - [2026-06-12T11:28:56.517+0000] {dag.py:3036} INFO - Sync 1 DAGs
[2026-06-12T11:28:56.558+0000] {logging_mixin.py:188} INFO - [2026-06-12T11:28:56.557+0000] {dag.py:3823} INFO - Setting next_dagrun for latest_only to 2026-06-12 04:00:00+00:00, run_after=2026-06-12 08:00:00+00:00
[2026-06-12T11:28:56.586+0000] {processor.py:183} INFO - Processing /home/airflow/.local/lib/python3.8/site-packages/airflow/example_dags/example_latest_only.py took 0.123 seconds
[2026-06-12T11:29:27.216+0000] {processor.py:161} INFO - Started process (PID=3529) to work on /home/airflow/.local/lib/python3.8/site-packages/airflow/example_dags/example_latest_only.py
[2026-06-12T11:29:27.218+0000] {processor.py:830} INFO - Processing file /home/airflow/.local/lib/python3.8/site-packages/airflow/example_dags/example_latest_only.py for tasks to queue
[2026-06-12T11:29:27.221+0000] {logging_mixin.py:188} INFO - [2026-06-12T11:29:27.221+0000] {dagbag.py:538} INFO - Filling up the DagBag from /home/airflow/.local/lib/python3.8/site-packages/airflow/example_dags/example_latest_only.py
[2026-06-12T11:29:27.230+0000] {processor.py:840} INFO - DAG(s) 'latest_only' retrieved from /home/airflow/.local/lib/python3.8/site-packages/airflow/example_dags/example_latest_only.py
[2026-06-12T11:29:27.272+0000] {logging_mixin.py:188} INFO - [2026-06-12T11:29:27.271+0000] {dag.py:3036} INFO - Sync 1 DAGs
[2026-06-12T11:29:27.315+0000] {logging_mixin.py:188} INFO - [2026-06-12T11:29:27.315+0000] {dag.py:3823} INFO - Setting next_dagrun for latest_only to 2026-06-12 04:00:00+00:00, run_after=2026-06-12 08:00:00+00:00
[2026-06-12T11:29:27.351+0000] {processor.py:183} INFO - Processing /home/airflow/.local/lib/python3.8/site-packages/airflow/example_dags/example_latest_only.py took 0.141 seconds
[2026-06-12T11:29:57.545+0000] {processor.py:161} INFO - Started process (PID=3600) to work on /home/airflow/.local/lib/python3.8/site-packages/airflow/example_dags/example_latest_only.py
[2026-06-12T11:29:57.547+0000] {processor.py:830} INFO - Processing file /home/airflow/.local/lib/python3.8/site-packages/airflow/example_dags/example_latest_only.py for tasks to queue
[2026-06-12T11:29:57.550+0000] {logging_mixin.py:188} INFO - [2026-06-12T11:29:57.549+0000] {dagbag.py:538} INFO - Filling up the DagBag from /home/airflow/.local/lib/python3.8/site-packages/airflow/example_dags/example_latest_only.py
[2026-06-12T11:29:57.558+0000] {processor.py:840} INFO - DAG(s) 'latest_only' retrieved from /home/airflow/.local/lib/python3.8/site-packages/airflow/example_dags/example_latest_only.py
[2026-06-12T11:29:57.602+0000] {logging_mixin.py:188} INFO - [2026-06-12T11:29:57.602+0000] {dag.py:3036} INFO - Sync 1 DAGs
[2026-06-12T11:29:57.641+0000] {logging_mixin.py:188} INFO - [2026-06-12T11:29:57.640+0000] {dag.py:3823} INFO - Setting next_dagrun for latest_only to 2026-06-12 04:00:00+00:00, run_after=2026-06-12 08:00:00+00:00
[2026-06-12T11:29:57.672+0000] {processor.py:183} INFO - Processing /home/airflow/.local/lib/python3.8/site-packages/airflow/example_dags/example_latest_only.py took 0.133 seconds
[2026-06-12T11:30:27.900+0000] {processor.py:161} INFO - Started process (PID=3667) to work on /home/airflow/.local/lib/python3.8/site-packages/airflow/example_dags/example_latest_only.py
[2026-06-12T11:30:27.902+0000] {processor.py:830} INFO - Processing file /home/airflow/.local/lib/python3.8/site-packages/airflow/example_dags/example_latest_only.py for tasks to queue
[2026-06-12T11:30:27.905+0000] {logging_mixin.py:188} INFO - [2026-06-12T11:30:27.905+0000] {dagbag.py:538} INFO - Filling up the DagBag from /home/airflow/.local/lib/python3.8/site-packages/airflow/example_dags/example_latest_only.py
[2026-06-12T11:30:27.912+0000] {processor.py:840} INFO - DAG(s) 'latest_only' retrieved from /home/airflow/.local/lib/python3.8/site-packages/airflow/example_dags/example_latest_only.py
[2026-06-12T11:30:27.948+0000] {logging_mixin.py:188} INFO - [2026-06-12T11:30:27.948+0000] {dag.py:3036} INFO - Sync 1 DAGs
[2026-06-12T11:30:27.991+0000] {logging_mixin.py:188} INFO - [2026-06-12T11:30:27.991+0000] {dag.py:3823} INFO - Setting next_dagrun for latest_only to 2026-06-12 04:00:00+00:00, run_after=2026-06-12 08:00:00+00:00
[2026-06-12T11:30:28.024+0000] {processor.py:183} INFO - Processing /home/airflow/.local/lib/python3.8/site-packages/airflow/example_dags/example_latest_only.py took 0.129 seconds
[2026-06-12T11:30:58.727+0000] {processor.py:161} INFO - Started process (PID=3734) to work on /home/airflow/.local/lib/python3.8/site-packages/airflow/example_dags/example_latest_only.py
[2026-06-12T11:30:58.729+0000] {processor.py:830} INFO - Processing file /home/airflow/.local/lib/python3.8/site-packages/airflow/example_dags/example_latest_only.py for tasks to queue
[2026-06-12T11:30:58.731+0000] {logging_mixin.py:188} INFO - [2026-06-12T11:30:58.731+0000] {dagbag.py:538} INFO - Filling up the DagBag from /home/airflow/.local/lib/python3.8/site-packages/airflow/example_dags/example_latest_only.py
[2026-06-12T11:30:58.739+0000] {processor.py:840} INFO - DAG(s) 'latest_only' retrieved from /home/airflow/.local/lib/python3.8/site-packages/airflow/example_dags/example_latest_only.py
[2026-06-12T11:30:58.774+0000] {logging_mixin.py:188} INFO - [2026-06-12T11:30:58.773+0000] {dag.py:3036} INFO - Sync 1 DAGs
[2026-06-12T11:30:58.810+0000] {logging_mixin.py:188} INFO - [2026-06-12T11:30:58.810+0000] {dag.py:3823} INFO - Setting next_dagrun for latest_only to 2026-06-12 04:00:00+00:00, run_after=2026-06-12 08:00:00+00:00
[2026-06-12T11:30:58.840+0000] {processor.py:183} INFO - Processing /home/airflow/.local/lib/python3.8/site-packages/airflow/example_dags/example_latest_only.py took 0.118 seconds
[2026-06-12T11:31:28.898+0000] {processor.py:161} INFO - Started process (PID=3800) to work on /home/airflow/.local/lib/python3.8/site-packages/airflow/example_dags/example_latest_only.py
[2026-06-12T11:31:28.899+0000] {processor.py:830} INFO - Processing file /home/airflow/.local/lib/python3.8/site-packages/airflow/example_dags/example_latest_only.py for tasks to queue
[2026-06-12T11:31:28.902+0000] {logging_mixin.py:188} INFO - [2026-06-12T11:31:28.901+0000] {dagbag.py:538} INFO - Filling up the DagBag from /home/airflow/.local/lib/python3.8/site-packages/airflow/example_dags/example_latest_only.py
[2026-06-12T11:31:28.909+0000] {processor.py:840} INFO - DAG(s) 'latest_only' retrieved from /home/airflow/.local/lib/python3.8/site-packages/airflow/example_dags/example_latest_only.py
[2026-06-12T11:31:28.944+0000] {logging_mixin.py:188} INFO - [2026-06-12T11:31:28.944+0000] {dag.py:3036} INFO - Sync 1 DAGs
[2026-06-12T11:31:28.983+0000] {logging_mixin.py:188} INFO - [2026-06-12T11:31:28.983+0000] {dag.py:3823} INFO - Setting next_dagrun for latest_only to 2026-06-12 04:00:00+00:00, run_after=2026-06-12 08:00:00+00:00
[2026-06-12T11:31:29.012+0000] {processor.py:183} INFO - Processing /home/airflow/.local/lib/python3.8/site-packages/airflow/example_dags/example_latest_only.py took 0.120 seconds
[2026-06-12T11:31:59.581+0000] {processor.py:161} INFO - Started process (PID=3868) to work on /home/airflow/.local/lib/python3.8/site-packages/airflow/example_dags/example_latest_only.py
[2026-06-12T11:31:59.583+0000] {processor.py:830} INFO - Processing file /home/airflow/.local/lib/python3.8/site-packages/airflow/example_dags/example_latest_only.py for tasks to queue
[2026-06-12T11:31:59.586+0000] {logging_mixin.py:188} INFO - [2026-06-12T11:31:59.585+0000] {dagbag.py:538} INFO - Filling up the DagBag from /home/airflow/.local/lib/python3.8/site-packages/airflow/example_dags/example_latest_only.py
[2026-06-12T11:31:59.593+0000] {processor.py:840} INFO - DAG(s) 'latest_only' retrieved from /home/airflow/.local/lib/python3.8/site-packages/airflow/example_dags/example_latest_only.py
[2026-06-12T11:31:59.630+0000] {logging_mixin.py:188} INFO - [2026-06-12T11:31:59.630+0000] {dag.py:3036} INFO - Sync 1 DAGs
[2026-06-12T11:31:59.677+0000] {logging_mixin.py:188} INFO - [2026-06-12T11:31:59.676+0000] {dag.py:3823} INFO - Setting next_dagrun for latest_only to 2026-06-12 04:00:00+00:00, run_after=2026-06-12 08:00:00+00:00
[2026-06-12T11:31:59.708+0000] {processor.py:183} INFO - Processing /home/airflow/.local/lib/python3.8/site-packages/airflow/example_dags/example_latest_only.py took 0.132 seconds
[2026-06-12T11:32:30.091+0000] {processor.py:161} INFO - Started process (PID=3934) to work on /home/airflow/.local/lib/python3.8/site-packages/airflow/example_dags/example_latest_only.py
[2026-06-12T11:32:30.092+0000] {processor.py:830} INFO - Processing file /home/airflow/.local/lib/python3.8/site-packages/airflow/example_dags/example_latest_only.py for tasks to queue
[2026-06-12T11:32:30.094+0000] {logging_mixin.py:188} INFO - [2026-06-12T11:32:30.094+0000] {dagbag.py:538} INFO - Filling up the DagBag from /home/airflow/.local/lib/python3.8/site-packages/airflow/example_dags/example_latest_only.py
[2026-06-12T11:32:30.101+0000] {processor.py:840} INFO - DAG(s) 'latest_only' retrieved from /home/airflow/.local/lib/python3.8/site-packages/airflow/example_dags/example_latest_only.py
[2026-06-12T11:32:30.137+0000] {logging_mixin.py:188} INFO - [2026-06-12T11:32:30.137+0000] {dag.py:3036} INFO - Sync 1 DAGs
[2026-06-12T11:32:30.182+0000] {logging_mixin.py:188} INFO - [2026-06-12T11:32:30.182+0000] {dag.py:3823} INFO - Setting next_dagrun for latest_only to 2026-06-12 04:00:00+00:00, run_after=2026-06-12 08:00:00+00:00
[2026-06-12T11:32:30.214+0000] {processor.py:183} INFO - Processing /home/airflow/.local/lib/python3.8/site-packages/airflow/example_dags/example_latest_only.py took 0.128 seconds
[2026-06-12T11:33:00.681+0000] {processor.py:161} INFO - Started process (PID=3999) to work on /home/airflow/.local/lib/python3.8/site-packages/airflow/example_dags/example_latest_only.py
[2026-06-12T11:33:00.683+0000] {processor.py:830} INFO - Processing file /home/airflow/.local/lib/python3.8/site-packages/airflow/example_dags/example_latest_only.py for tasks to queue
[2026-06-12T11:33:00.685+0000] {logging_mixin.py:188} INFO - [2026-06-12T11:33:00.685+0000] {dagbag.py:538} INFO - Filling up the DagBag from /home/airflow/.local/lib/python3.8/site-packages/airflow/example_dags/example_latest_only.py
[2026-06-12T11:33:00.693+0000] {processor.py:840} INFO - DAG(s) 'latest_only' retrieved from /home/airflow/.local/lib/python3.8/site-packages/airflow/example_dags/example_latest_only.py
[2026-06-12T11:33:00.729+0000] {logging_mixin.py:188} INFO - [2026-06-12T11:33:00.729+0000] {dag.py:3036} INFO - Sync 1 DAGs
[2026-06-12T11:33:00.769+0000] {logging_mixin.py:188} INFO - [2026-06-12T11:33:00.769+0000] {dag.py:3823} INFO - Setting next_dagrun for latest_only to 2026-06-12 04:00:00+00:00, run_after=2026-06-12 08:00:00+00:00
[2026-06-12T11:33:00.801+0000] {processor.py:183} INFO - Processing /home/airflow/.local/lib/python3.8/site-packages/airflow/example_dags/example_latest_only.py took 0.125 seconds
[2026-06-12T11:33:31.263+0000] {processor.py:161} INFO - Started process (PID=4064) to work on /home/airflow/.local/lib/python3.8/site-packages/airflow/example_dags/example_latest_only.py
[2026-06-12T11:33:31.264+0000] {processor.py:830} INFO - Processing file /home/airflow/.local/lib/python3.8/site-packages/airflow/example_dags/example_latest_only.py for tasks to queue
[2026-06-12T11:33:31.266+0000] {logging_mixin.py:188} INFO - [2026-06-12T11:33:31.266+0000] {dagbag.py:538} INFO - Filling up the DagBag from /home/airflow/.local/lib/python3.8/site-packages/airflow/example_dags/example_latest_only.py
[2026-06-12T11:33:31.274+0000] {processor.py:840} INFO - DAG(s) 'latest_only' retrieved from /home/airflow/.local/lib/python3.8/site-packages/airflow/example_dags/example_latest_only.py
[2026-06-12T11:33:31.310+0000] {logging_mixin.py:188} INFO - [2026-06-12T11:33:31.310+0000] {dag.py:3036} INFO - Sync 1 DAGs
[2026-06-12T11:33:31.351+0000] {logging_mixin.py:188} INFO - [2026-06-12T11:33:31.351+0000] {dag.py:3823} INFO - Setting next_dagrun for latest_only to 2026-06-12 04:00:00+00:00, run_after=2026-06-12 08:00:00+00:00
[2026-06-12T11:33:31.379+0000] {processor.py:183} INFO - Processing /home/airflow/.local/lib/python3.8/site-packages/airflow/example_dags/example_latest_only.py took 0.121 seconds
[2026-06-12T11:34:01.993+0000] {processor.py:161} INFO - Started process (PID=4138) to work on /home/airflow/.local/lib/python3.8/site-packages/airflow/example_dags/example_latest_only.py
[2026-06-12T11:34:01.995+0000] {processor.py:830} INFO - Processing file /home/airflow/.local/lib/python3.8/site-packages/airflow/example_dags/example_latest_only.py for tasks to queue
[2026-06-12T11:34:01.998+0000] {logging_mixin.py:188} INFO - [2026-06-12T11:34:01.997+0000] {dagbag.py:538} INFO - Filling up the DagBag from /home/airflow/.local/lib/python3.8/site-packages/airflow/example_dags/example_latest_only.py
[2026-06-12T11:34:02.007+0000] {processor.py:840} INFO - DAG(s) 'latest_only' retrieved from /home/airflow/.local/lib/python3.8/site-packages/airflow/example_dags/example_latest_only.py
[2026-06-12T11:34:02.064+0000] {logging_mixin.py:188} INFO - [2026-06-12T11:34:02.064+0000] {dag.py:3036} INFO - Sync 1 DAGs
[2026-06-12T11:34:02.111+0000] {logging_mixin.py:188} INFO - [2026-06-12T11:34:02.111+0000] {dag.py:3823} INFO - Setting next_dagrun for latest_only to 2026-06-12 04:00:00+00:00, run_after=2026-06-12 08:00:00+00:00
[2026-06-12T11:34:02.155+0000] {processor.py:183} INFO - Processing /home/airflow/.local/lib/python3.8/site-packages/airflow/example_dags/example_latest_only.py took 0.168 seconds
[2026-06-12T11:34:32.734+0000] {processor.py:161} INFO - Started process (PID=4204) to work on /home/airflow/.local/lib/python3.8/site-packages/airflow/example_dags/example_latest_only.py
[2026-06-12T11:34:32.736+0000] {processor.py:830} INFO - Processing file /home/airflow/.local/lib/python3.8/site-packages/airflow/example_dags/example_latest_only.py for tasks to queue
[2026-06-12T11:34:32.739+0000] {logging_mixin.py:188} INFO - [2026-06-12T11:34:32.738+0000] {dagbag.py:538} INFO - Filling up the DagBag from /home/airflow/.local/lib/python3.8/site-packages/airflow/example_dags/example_latest_only.py
[2026-06-12T11:34:32.747+0000] {processor.py:840} INFO - DAG(s) 'latest_only' retrieved from /home/airflow/.local/lib/python3.8/site-packages/airflow/example_dags/example_latest_only.py
[2026-06-12T11:34:32.793+0000] {logging_mixin.py:188} INFO - [2026-06-12T11:34:32.792+0000] {dag.py:3036} INFO - Sync 1 DAGs
[2026-06-12T11:34:32.842+0000] {logging_mixin.py:188} INFO - [2026-06-12T11:34:32.841+0000] {dag.py:3823} INFO - Setting next_dagrun for latest_only to 2026-06-12 04:00:00+00:00, run_after=2026-06-12 08:00:00+00:00
[2026-06-12T11:34:32.877+0000] {processor.py:183} INFO - Processing /home/airflow/.local/lib/python3.8/site-packages/airflow/example_dags/example_latest_only.py took 0.151 seconds
[2026-06-12T11:35:03.277+0000] {processor.py:161} INFO - Started process (PID=4270) to work on /home/airflow/.local/lib/python3.8/site-packages/airflow/example_dags/example_latest_only.py
[2026-06-12T11:35:03.279+0000] {processor.py:830} INFO - Processing file /home/airflow/.local/lib/python3.8/site-packages/airflow/example_dags/example_latest_only.py for tasks to queue
[2026-06-12T11:35:03.282+0000] {logging_mixin.py:188} INFO - [2026-06-12T11:35:03.281+0000] {dagbag.py:538} INFO - Filling up the DagBag from /home/airflow/.local/lib/python3.8/site-packages/airflow/example_dags/example_latest_only.py
[2026-06-12T11:35:03.291+0000] {processor.py:840} INFO - DAG(s) 'latest_only' retrieved from /home/airflow/.local/lib/python3.8/site-packages/airflow/example_dags/example_latest_only.py
[2026-06-12T11:35:03.337+0000] {logging_mixin.py:188} INFO - [2026-06-12T11:35:03.336+0000] {dag.py:3036} INFO - Sync 1 DAGs
[2026-06-12T11:35:03.386+0000] {logging_mixin.py:188} INFO - [2026-06-12T11:35:03.385+0000] {dag.py:3823} INFO - Setting next_dagrun for latest_only to 2026-06-12 04:00:00+00:00, run_after=2026-06-12 08:00:00+00:00
[2026-06-12T11:35:03.425+0000] {processor.py:183} INFO - Processing /home/airflow/.local/lib/python3.8/site-packages/airflow/example_dags/example_latest_only.py took 0.155 seconds
[2026-06-12T11:35:33.833+0000] {processor.py:161} INFO - Started process (PID=4335) to work on /home/airflow/.local/lib/python3.8/site-packages/airflow/example_dags/example_latest_only.py
[2026-06-12T11:35:33.835+0000] {processor.py:830} INFO - Processing file /home/airflow/.local/lib/python3.8/site-packages/airflow/example_dags/example_latest_only.py for tasks to queue
[2026-06-12T11:35:33.837+0000] {logging_mixin.py:188} INFO - [2026-06-12T11:35:33.837+0000] {dagbag.py:538} INFO - Filling up the DagBag from /home/airflow/.local/lib/python3.8/site-packages/airflow/example_dags/example_latest_only.py
[2026-06-12T11:35:33.846+0000] {processor.py:840} INFO - DAG(s) 'latest_only' retrieved from /home/airflow/.local/lib/python3.8/site-packages/airflow/example_dags/example_latest_only.py
[2026-06-12T11:35:33.888+0000] {logging_mixin.py:188} INFO - [2026-06-12T11:35:33.888+0000] {dag.py:3036} INFO - Sync 1 DAGs
[2026-06-12T11:35:33.928+0000] {logging_mixin.py:188} INFO - [2026-06-12T11:35:33.927+0000] {dag.py:3823} INFO - Setting next_dagrun for latest_only to 2026-06-12 04:00:00+00:00, run_after=2026-06-12 08:00:00+00:00
[2026-06-12T11:35:33.958+0000] {processor.py:183} INFO - Processing /home/airflow/.local/lib/python3.8/site-packages/airflow/example_dags/example_latest_only.py took 0.132 seconds
[2026-06-12T11:36:04.222+0000] {processor.py:161} INFO - Started process (PID=4399) to work on /home/airflow/.local/lib/python3.8/site-packages/airflow/example_dags/example_latest_only.py
[2026-06-12T11:36:04.224+0000] {processor.py:830} INFO - Processing file /home/airflow/.local/lib/python3.8/site-packages/airflow/example_dags/example_latest_only.py for tasks to queue
[2026-06-12T11:36:04.226+0000] {logging_mixin.py:188} INFO - [2026-06-12T11:36:04.226+0000] {dagbag.py:538} INFO - Filling up the DagBag from /home/airflow/.local/lib/python3.8/site-packages/airflow/example_dags/example_latest_only.py
[2026-06-12T11:36:04.233+0000] {processor.py:840} INFO - DAG(s) 'latest_only' retrieved from /home/airflow/.local/lib/python3.8/site-packages/airflow/example_dags/example_latest_only.py
[2026-06-12T11:36:04.268+0000] {logging_mixin.py:188} INFO - [2026-06-12T11:36:04.268+0000] {dag.py:3036} INFO - Sync 1 DAGs
[2026-06-12T11:36:04.306+0000] {logging_mixin.py:188} INFO - [2026-06-12T11:36:04.305+0000] {dag.py:3823} INFO - Setting next_dagrun for latest_only to 2026-06-12 04:00:00+00:00, run_after=2026-06-12 08:00:00+00:00
[2026-06-12T11:36:04.336+0000] {processor.py:183} INFO - Processing /home/airflow/.local/lib/python3.8/site-packages/airflow/example_dags/example_latest_only.py took 0.119 seconds
[2026-06-12T11:36:34.748+0000] {processor.py:161} INFO - Started process (PID=4464) to work on /home/airflow/.local/lib/python3.8/site-packages/airflow/example_dags/example_latest_only.py
[2026-06-12T11:36:34.749+0000] {processor.py:830} INFO - Processing file /home/airflow/.local/lib/python3.8/site-packages/airflow/example_dags/example_latest_only.py for tasks to queue
[2026-06-12T11:36:34.751+0000] {logging_mixin.py:188} INFO - [2026-06-12T11:36:34.751+0000] {dagbag.py:538} INFO - Filling up the DagBag from /home/airflow/.local/lib/python3.8/site-packages/airflow/example_dags/example_latest_only.py
[2026-06-12T11:36:34.759+0000] {processor.py:840} INFO - DAG(s) 'latest_only' retrieved from /home/airflow/.local/lib/python3.8/site-packages/airflow/example_dags/example_latest_only.py
[2026-06-12T11:36:34.801+0000] {logging_mixin.py:188} INFO - [2026-06-12T11:36:34.801+0000] {dag.py:3036} INFO - Sync 1 DAGs
[2026-06-12T11:36:34.839+0000] {logging_mixin.py:188} INFO - [2026-06-12T11:36:34.838+0000] {dag.py:3823} INFO - Setting next_dagrun for latest_only to 2026-06-12 04:00:00+00:00, run_after=2026-06-12 08:00:00+00:00
[2026-06-12T11:36:34.866+0000] {processor.py:183} INFO - Processing /home/airflow/.local/lib/python3.8/site-packages/airflow/example_dags/example_latest_only.py took 0.124 seconds
[2026-06-12T11:37:05.133+0000] {processor.py:161} INFO - Started process (PID=4531) to work on /home/airflow/.local/lib/python3.8/site-packages/airflow/example_dags/example_latest_only.py
[2026-06-12T11:37:05.134+0000] {processor.py:830} INFO - Processing file /home/airflow/.local/lib/python3.8/site-packages/airflow/example_dags/example_latest_only.py for tasks to queue
[2026-06-12T11:37:05.137+0000] {logging_mixin.py:188} INFO - [2026-06-12T11:37:05.137+0000] {dagbag.py:538} INFO - Filling up the DagBag from /home/airflow/.local/lib/python3.8/site-packages/airflow/example_dags/example_latest_only.py
[2026-06-12T11:37:05.144+0000] {processor.py:840} INFO - DAG(s) 'latest_only' retrieved from /home/airflow/.local/lib/python3.8/site-packages/airflow/example_dags/example_latest_only.py
[2026-06-12T11:37:05.184+0000] {logging_mixin.py:188} INFO - [2026-06-12T11:37:05.183+0000] {dag.py:3036} INFO - Sync 1 DAGs
[2026-06-12T11:37:05.227+0000] {logging_mixin.py:188} INFO - [2026-06-12T11:37:05.226+0000] {dag.py:3823} INFO - Setting next_dagrun for latest_only to 2026-06-12 04:00:00+00:00, run_after=2026-06-12 08:00:00+00:00
[2026-06-12T11:37:05.258+0000] {processor.py:183} INFO - Processing /home/airflow/.local/lib/python3.8/site-packages/airflow/example_dags/example_latest_only.py took 0.130 seconds
