[2026-06-12T11:03:04.044+0000] {processor.py:161} INFO - Started process (PID=93) to work on /home/airflow/.local/lib/python3.8/site-packages/airflow/example_dags/example_trigger_target_dag.py
[2026-06-12T11:03:04.045+0000] {processor.py:830} INFO - Processing file /home/airflow/.local/lib/python3.8/site-packages/airflow/example_dags/example_trigger_target_dag.py for tasks to queue
[2026-06-12T11:03:04.048+0000] {logging_mixin.py:188} INFO - [2026-06-12T11:03:04.048+0000] {dagbag.py:538} INFO - Filling up the DagBag from /home/airflow/.local/lib/python3.8/site-packages/airflow/example_dags/example_trigger_target_dag.py
[2026-06-12T11:03:04.059+0000] {processor.py:840} INFO - DAG(s) 'example_trigger_target_dag' retrieved from /home/airflow/.local/lib/python3.8/site-packages/airflow/example_dags/example_trigger_target_dag.py
[2026-06-12T11:03:04.084+0000] {logging_mixin.py:188} INFO - [2026-06-12T11:03:04.083+0000] {dag.py:3036} INFO - Sync 1 DAGs
[2026-06-12T11:03:04.113+0000] {logging_mixin.py:188} INFO - [2026-06-12T11:03:04.112+0000] {dag.py:3823} INFO - Setting next_dagrun for example_trigger_target_dag to None, run_after=None
[2026-06-12T11:03:04.154+0000] {processor.py:183} INFO - Processing /home/airflow/.local/lib/python3.8/site-packages/airflow/example_dags/example_trigger_target_dag.py took 0.116 seconds
[2026-06-12T11:03:36.013+0000] {processor.py:161} INFO - Started process (PID=159) to work on /home/airflow/.local/lib/python3.8/site-packages/airflow/example_dags/example_trigger_target_dag.py
[2026-06-12T11:03:36.014+0000] {processor.py:830} INFO - Processing file /home/airflow/.local/lib/python3.8/site-packages/airflow/example_dags/example_trigger_target_dag.py for tasks to queue
[2026-06-12T11:03:36.016+0000] {logging_mixin.py:188} INFO - [2026-06-12T11:03:36.016+0000] {dagbag.py:538} INFO - Filling up the DagBag from /home/airflow/.local/lib/python3.8/site-packages/airflow/example_dags/example_trigger_target_dag.py
[2026-06-12T11:03:36.025+0000] {processor.py:840} INFO - DAG(s) 'example_trigger_target_dag' retrieved from /home/airflow/.local/lib/python3.8/site-packages/airflow/example_dags/example_trigger_target_dag.py
[2026-06-12T11:03:36.241+0000] {logging_mixin.py:188} INFO - [2026-06-12T11:03:36.240+0000] {dag.py:3036} INFO - Sync 1 DAGs
[2026-06-12T11:03:36.263+0000] {logging_mixin.py:188} INFO - [2026-06-12T11:03:36.262+0000] {dag.py:3823} INFO - Setting next_dagrun for example_trigger_target_dag to None, run_after=None
[2026-06-12T11:03:36.291+0000] {processor.py:183} INFO - Processing /home/airflow/.local/lib/python3.8/site-packages/airflow/example_dags/example_trigger_target_dag.py took 0.284 seconds
[2026-06-12T11:04:07.039+0000] {processor.py:161} INFO - Started process (PID=225) to work on /home/airflow/.local/lib/python3.8/site-packages/airflow/example_dags/example_trigger_target_dag.py
[2026-06-12T11:04:07.041+0000] {processor.py:830} INFO - Processing file /home/airflow/.local/lib/python3.8/site-packages/airflow/example_dags/example_trigger_target_dag.py for tasks to queue
[2026-06-12T11:04:07.044+0000] {logging_mixin.py:188} INFO - [2026-06-12T11:04:07.043+0000] {dagbag.py:538} INFO - Filling up the DagBag from /home/airflow/.local/lib/python3.8/site-packages/airflow/example_dags/example_trigger_target_dag.py
[2026-06-12T11:04:07.054+0000] {processor.py:840} INFO - DAG(s) 'example_trigger_target_dag' retrieved from /home/airflow/.local/lib/python3.8/site-packages/airflow/example_dags/example_trigger_target_dag.py
[2026-06-12T11:04:07.088+0000] {logging_mixin.py:188} INFO - [2026-06-12T11:04:07.088+0000] {dag.py:3036} INFO - Sync 1 DAGs
[2026-06-12T11:04:07.108+0000] {logging_mixin.py:188} INFO - [2026-06-12T11:04:07.107+0000] {dag.py:3823} INFO - Setting next_dagrun for example_trigger_target_dag to None, run_after=None
[2026-06-12T11:04:07.140+0000] {processor.py:183} INFO - Processing /home/airflow/.local/lib/python3.8/site-packages/airflow/example_dags/example_trigger_target_dag.py took 0.106 seconds
[2026-06-12T11:04:37.847+0000] {processor.py:161} INFO - Started process (PID=292) to work on /home/airflow/.local/lib/python3.8/site-packages/airflow/example_dags/example_trigger_target_dag.py
[2026-06-12T11:04:37.849+0000] {processor.py:830} INFO - Processing file /home/airflow/.local/lib/python3.8/site-packages/airflow/example_dags/example_trigger_target_dag.py for tasks to queue
[2026-06-12T11:04:37.852+0000] {logging_mixin.py:188} INFO - [2026-06-12T11:04:37.851+0000] {dagbag.py:538} INFO - Filling up the DagBag from /home/airflow/.local/lib/python3.8/site-packages/airflow/example_dags/example_trigger_target_dag.py
[2026-06-12T11:04:37.860+0000] {processor.py:840} INFO - DAG(s) 'example_trigger_target_dag' retrieved from /home/airflow/.local/lib/python3.8/site-packages/airflow/example_dags/example_trigger_target_dag.py
[2026-06-12T11:04:37.899+0000] {logging_mixin.py:188} INFO - [2026-06-12T11:04:37.899+0000] {dag.py:3036} INFO - Sync 1 DAGs
[2026-06-12T11:04:37.924+0000] {logging_mixin.py:188} INFO - [2026-06-12T11:04:37.924+0000] {dag.py:3823} INFO - Setting next_dagrun for example_trigger_target_dag to None, run_after=None
[2026-06-12T11:04:37.959+0000] {processor.py:183} INFO - Processing /home/airflow/.local/lib/python3.8/site-packages/airflow/example_dags/example_trigger_target_dag.py took 0.117 seconds
[2026-06-12T11:05:08.415+0000] {processor.py:161} INFO - Started process (PID=358) to work on /home/airflow/.local/lib/python3.8/site-packages/airflow/example_dags/example_trigger_target_dag.py
[2026-06-12T11:05:08.417+0000] {processor.py:830} INFO - Processing file /home/airflow/.local/lib/python3.8/site-packages/airflow/example_dags/example_trigger_target_dag.py for tasks to queue
[2026-06-12T11:05:08.420+0000] {logging_mixin.py:188} INFO - [2026-06-12T11:05:08.419+0000] {dagbag.py:538} INFO - Filling up the DagBag from /home/airflow/.local/lib/python3.8/site-packages/airflow/example_dags/example_trigger_target_dag.py
[2026-06-12T11:05:08.430+0000] {processor.py:840} INFO - DAG(s) 'example_trigger_target_dag' retrieved from /home/airflow/.local/lib/python3.8/site-packages/airflow/example_dags/example_trigger_target_dag.py
[2026-06-12T11:05:08.471+0000] {logging_mixin.py:188} INFO - [2026-06-12T11:05:08.470+0000] {dag.py:3036} INFO - Sync 1 DAGs
[2026-06-12T11:05:08.516+0000] {logging_mixin.py:188} INFO - [2026-06-12T11:05:08.515+0000] {dag.py:3823} INFO - Setting next_dagrun for example_trigger_target_dag to None, run_after=None
[2026-06-12T11:05:08.552+0000] {processor.py:183} INFO - Processing /home/airflow/.local/lib/python3.8/site-packages/airflow/example_dags/example_trigger_target_dag.py took 0.143 seconds
[2026-06-12T11:05:38.929+0000] {processor.py:161} INFO - Started process (PID=432) to work on /home/airflow/.local/lib/python3.8/site-packages/airflow/example_dags/example_trigger_target_dag.py
[2026-06-12T11:05:38.933+0000] {processor.py:830} INFO - Processing file /home/airflow/.local/lib/python3.8/site-packages/airflow/example_dags/example_trigger_target_dag.py for tasks to queue
[2026-06-12T11:05:38.936+0000] {logging_mixin.py:188} INFO - [2026-06-12T11:05:38.935+0000] {dagbag.py:538} INFO - Filling up the DagBag from /home/airflow/.local/lib/python3.8/site-packages/airflow/example_dags/example_trigger_target_dag.py
[2026-06-12T11:05:38.946+0000] {processor.py:840} INFO - DAG(s) 'example_trigger_target_dag' retrieved from /home/airflow/.local/lib/python3.8/site-packages/airflow/example_dags/example_trigger_target_dag.py
[2026-06-12T11:05:38.986+0000] {logging_mixin.py:188} INFO - [2026-06-12T11:05:38.986+0000] {dag.py:3036} INFO - Sync 1 DAGs
[2026-06-12T11:05:39.011+0000] {logging_mixin.py:188} INFO - [2026-06-12T11:05:39.010+0000] {dag.py:3823} INFO - Setting next_dagrun for example_trigger_target_dag to None, run_after=None
[2026-06-12T11:05:39.043+0000] {processor.py:183} INFO - Processing /home/airflow/.local/lib/python3.8/site-packages/airflow/example_dags/example_trigger_target_dag.py took 0.121 seconds
[2026-06-12T11:06:09.568+0000] {processor.py:161} INFO - Started process (PID=498) to work on /home/airflow/.local/lib/python3.8/site-packages/airflow/example_dags/example_trigger_target_dag.py
[2026-06-12T11:06:09.570+0000] {processor.py:830} INFO - Processing file /home/airflow/.local/lib/python3.8/site-packages/airflow/example_dags/example_trigger_target_dag.py for tasks to queue
[2026-06-12T11:06:09.573+0000] {logging_mixin.py:188} INFO - [2026-06-12T11:06:09.572+0000] {dagbag.py:538} INFO - Filling up the DagBag from /home/airflow/.local/lib/python3.8/site-packages/airflow/example_dags/example_trigger_target_dag.py
[2026-06-12T11:06:09.583+0000] {processor.py:840} INFO - DAG(s) 'example_trigger_target_dag' retrieved from /home/airflow/.local/lib/python3.8/site-packages/airflow/example_dags/example_trigger_target_dag.py
[2026-06-12T11:06:09.618+0000] {logging_mixin.py:188} INFO - [2026-06-12T11:06:09.617+0000] {dag.py:3036} INFO - Sync 1 DAGs
[2026-06-12T11:06:09.640+0000] {logging_mixin.py:188} INFO - [2026-06-12T11:06:09.639+0000] {dag.py:3823} INFO - Setting next_dagrun for example_trigger_target_dag to None, run_after=None
[2026-06-12T11:06:09.673+0000] {processor.py:183} INFO - Processing /home/airflow/.local/lib/python3.8/site-packages/airflow/example_dags/example_trigger_target_dag.py took 0.111 seconds
[2026-06-12T11:06:40.030+0000] {processor.py:161} INFO - Started process (PID=562) to work on /home/airflow/.local/lib/python3.8/site-packages/airflow/example_dags/example_trigger_target_dag.py
[2026-06-12T11:06:40.031+0000] {processor.py:830} INFO - Processing file /home/airflow/.local/lib/python3.8/site-packages/airflow/example_dags/example_trigger_target_dag.py for tasks to queue
[2026-06-12T11:06:40.034+0000] {logging_mixin.py:188} INFO - [2026-06-12T11:06:40.034+0000] {dagbag.py:538} INFO - Filling up the DagBag from /home/airflow/.local/lib/python3.8/site-packages/airflow/example_dags/example_trigger_target_dag.py
[2026-06-12T11:06:40.043+0000] {processor.py:840} INFO - DAG(s) 'example_trigger_target_dag' retrieved from /home/airflow/.local/lib/python3.8/site-packages/airflow/example_dags/example_trigger_target_dag.py
[2026-06-12T11:06:40.080+0000] {logging_mixin.py:188} INFO - [2026-06-12T11:06:40.079+0000] {dag.py:3036} INFO - Sync 1 DAGs
[2026-06-12T11:06:40.103+0000] {logging_mixin.py:188} INFO - [2026-06-12T11:06:40.103+0000] {dag.py:3823} INFO - Setting next_dagrun for example_trigger_target_dag to None, run_after=None
[2026-06-12T11:06:40.133+0000] {processor.py:183} INFO - Processing /home/airflow/.local/lib/python3.8/site-packages/airflow/example_dags/example_trigger_target_dag.py took 0.108 seconds
[2026-06-12T11:07:10.300+0000] {processor.py:161} INFO - Started process (PID=627) to work on /home/airflow/.local/lib/python3.8/site-packages/airflow/example_dags/example_trigger_target_dag.py
[2026-06-12T11:07:10.302+0000] {processor.py:830} INFO - Processing file /home/airflow/.local/lib/python3.8/site-packages/airflow/example_dags/example_trigger_target_dag.py for tasks to queue
[2026-06-12T11:07:10.305+0000] {logging_mixin.py:188} INFO - [2026-06-12T11:07:10.304+0000] {dagbag.py:538} INFO - Filling up the DagBag from /home/airflow/.local/lib/python3.8/site-packages/airflow/example_dags/example_trigger_target_dag.py
[2026-06-12T11:07:10.314+0000] {processor.py:840} INFO - DAG(s) 'example_trigger_target_dag' retrieved from /home/airflow/.local/lib/python3.8/site-packages/airflow/example_dags/example_trigger_target_dag.py
[2026-06-12T11:07:10.348+0000] {logging_mixin.py:188} INFO - [2026-06-12T11:07:10.347+0000] {dag.py:3036} INFO - Sync 1 DAGs
[2026-06-12T11:07:10.367+0000] {logging_mixin.py:188} INFO - [2026-06-12T11:07:10.367+0000] {dag.py:3823} INFO - Setting next_dagrun for example_trigger_target_dag to None, run_after=None
[2026-06-12T11:07:10.393+0000] {processor.py:183} INFO - Processing /home/airflow/.local/lib/python3.8/site-packages/airflow/example_dags/example_trigger_target_dag.py took 0.098 seconds
[2026-06-12T11:07:40.649+0000] {processor.py:161} INFO - Started process (PID=693) to work on /home/airflow/.local/lib/python3.8/site-packages/airflow/example_dags/example_trigger_target_dag.py
[2026-06-12T11:07:40.651+0000] {processor.py:830} INFO - Processing file /home/airflow/.local/lib/python3.8/site-packages/airflow/example_dags/example_trigger_target_dag.py for tasks to queue
[2026-06-12T11:07:40.653+0000] {logging_mixin.py:188} INFO - [2026-06-12T11:07:40.653+0000] {dagbag.py:538} INFO - Filling up the DagBag from /home/airflow/.local/lib/python3.8/site-packages/airflow/example_dags/example_trigger_target_dag.py
[2026-06-12T11:07:40.662+0000] {processor.py:840} INFO - DAG(s) 'example_trigger_target_dag' retrieved from /home/airflow/.local/lib/python3.8/site-packages/airflow/example_dags/example_trigger_target_dag.py
[2026-06-12T11:07:40.698+0000] {logging_mixin.py:188} INFO - [2026-06-12T11:07:40.698+0000] {dag.py:3036} INFO - Sync 1 DAGs
[2026-06-12T11:07:40.717+0000] {logging_mixin.py:188} INFO - [2026-06-12T11:07:40.717+0000] {dag.py:3823} INFO - Setting next_dagrun for example_trigger_target_dag to None, run_after=None
[2026-06-12T11:07:40.746+0000] {processor.py:183} INFO - Processing /home/airflow/.local/lib/python3.8/site-packages/airflow/example_dags/example_trigger_target_dag.py took 0.102 seconds
[2026-06-12T11:08:11.138+0000] {processor.py:161} INFO - Started process (PID=759) to work on /home/airflow/.local/lib/python3.8/site-packages/airflow/example_dags/example_trigger_target_dag.py
[2026-06-12T11:08:11.139+0000] {processor.py:830} INFO - Processing file /home/airflow/.local/lib/python3.8/site-packages/airflow/example_dags/example_trigger_target_dag.py for tasks to queue
[2026-06-12T11:08:11.142+0000] {logging_mixin.py:188} INFO - [2026-06-12T11:08:11.142+0000] {dagbag.py:538} INFO - Filling up the DagBag from /home/airflow/.local/lib/python3.8/site-packages/airflow/example_dags/example_trigger_target_dag.py
[2026-06-12T11:08:11.152+0000] {processor.py:840} INFO - DAG(s) 'example_trigger_target_dag' retrieved from /home/airflow/.local/lib/python3.8/site-packages/airflow/example_dags/example_trigger_target_dag.py
[2026-06-12T11:08:11.186+0000] {logging_mixin.py:188} INFO - [2026-06-12T11:08:11.186+0000] {dag.py:3036} INFO - Sync 1 DAGs
[2026-06-12T11:08:11.207+0000] {logging_mixin.py:188} INFO - [2026-06-12T11:08:11.206+0000] {dag.py:3823} INFO - Setting next_dagrun for example_trigger_target_dag to None, run_after=None
[2026-06-12T11:08:11.242+0000] {processor.py:183} INFO - Processing /home/airflow/.local/lib/python3.8/site-packages/airflow/example_dags/example_trigger_target_dag.py took 0.109 seconds
[2026-06-12T11:08:41.347+0000] {processor.py:161} INFO - Started process (PID=826) to work on /home/airflow/.local/lib/python3.8/site-packages/airflow/example_dags/example_trigger_target_dag.py
[2026-06-12T11:08:41.348+0000] {processor.py:830} INFO - Processing file /home/airflow/.local/lib/python3.8/site-packages/airflow/example_dags/example_trigger_target_dag.py for tasks to queue
[2026-06-12T11:08:41.351+0000] {logging_mixin.py:188} INFO - [2026-06-12T11:08:41.351+0000] {dagbag.py:538} INFO - Filling up the DagBag from /home/airflow/.local/lib/python3.8/site-packages/airflow/example_dags/example_trigger_target_dag.py
[2026-06-12T11:08:41.362+0000] {processor.py:840} INFO - DAG(s) 'example_trigger_target_dag' retrieved from /home/airflow/.local/lib/python3.8/site-packages/airflow/example_dags/example_trigger_target_dag.py
[2026-06-12T11:08:41.402+0000] {logging_mixin.py:188} INFO - [2026-06-12T11:08:41.401+0000] {dag.py:3036} INFO - Sync 1 DAGs
[2026-06-12T11:08:41.424+0000] {logging_mixin.py:188} INFO - [2026-06-12T11:08:41.423+0000] {dag.py:3823} INFO - Setting next_dagrun for example_trigger_target_dag to None, run_after=None
[2026-06-12T11:08:41.456+0000] {processor.py:183} INFO - Processing /home/airflow/.local/lib/python3.8/site-packages/airflow/example_dags/example_trigger_target_dag.py took 0.115 seconds
[2026-06-12T11:09:11.543+0000] {processor.py:161} INFO - Started process (PID=890) to work on /home/airflow/.local/lib/python3.8/site-packages/airflow/example_dags/example_trigger_target_dag.py
[2026-06-12T11:09:11.545+0000] {processor.py:830} INFO - Processing file /home/airflow/.local/lib/python3.8/site-packages/airflow/example_dags/example_trigger_target_dag.py for tasks to queue
[2026-06-12T11:09:11.548+0000] {logging_mixin.py:188} INFO - [2026-06-12T11:09:11.547+0000] {dagbag.py:538} INFO - Filling up the DagBag from /home/airflow/.local/lib/python3.8/site-packages/airflow/example_dags/example_trigger_target_dag.py
[2026-06-12T11:09:11.556+0000] {processor.py:840} INFO - DAG(s) 'example_trigger_target_dag' retrieved from /home/airflow/.local/lib/python3.8/site-packages/airflow/example_dags/example_trigger_target_dag.py
[2026-06-12T11:09:11.593+0000] {logging_mixin.py:188} INFO - [2026-06-12T11:09:11.593+0000] {dag.py:3036} INFO - Sync 1 DAGs
[2026-06-12T11:09:11.613+0000] {logging_mixin.py:188} INFO - [2026-06-12T11:09:11.613+0000] {dag.py:3823} INFO - Setting next_dagrun for example_trigger_target_dag to None, run_after=None
[2026-06-12T11:09:11.641+0000] {processor.py:183} INFO - Processing /home/airflow/.local/lib/python3.8/site-packages/airflow/example_dags/example_trigger_target_dag.py took 0.103 seconds
[2026-06-12T11:09:42.178+0000] {processor.py:161} INFO - Started process (PID=963) to work on /home/airflow/.local/lib/python3.8/site-packages/airflow/example_dags/example_trigger_target_dag.py
[2026-06-12T11:09:42.179+0000] {processor.py:830} INFO - Processing file /home/airflow/.local/lib/python3.8/site-packages/airflow/example_dags/example_trigger_target_dag.py for tasks to queue
[2026-06-12T11:09:42.182+0000] {logging_mixin.py:188} INFO - [2026-06-12T11:09:42.182+0000] {dagbag.py:538} INFO - Filling up the DagBag from /home/airflow/.local/lib/python3.8/site-packages/airflow/example_dags/example_trigger_target_dag.py
[2026-06-12T11:09:42.192+0000] {processor.py:840} INFO - DAG(s) 'example_trigger_target_dag' retrieved from /home/airflow/.local/lib/python3.8/site-packages/airflow/example_dags/example_trigger_target_dag.py
[2026-06-12T11:09:42.231+0000] {logging_mixin.py:188} INFO - [2026-06-12T11:09:42.231+0000] {dag.py:3036} INFO - Sync 1 DAGs
[2026-06-12T11:09:42.256+0000] {logging_mixin.py:188} INFO - [2026-06-12T11:09:42.256+0000] {dag.py:3823} INFO - Setting next_dagrun for example_trigger_target_dag to None, run_after=None
[2026-06-12T11:09:42.288+0000] {processor.py:183} INFO - Processing /home/airflow/.local/lib/python3.8/site-packages/airflow/example_dags/example_trigger_target_dag.py took 0.118 seconds
[2026-06-12T11:10:12.717+0000] {processor.py:161} INFO - Started process (PID=1030) to work on /home/airflow/.local/lib/python3.8/site-packages/airflow/example_dags/example_trigger_target_dag.py
[2026-06-12T11:10:12.719+0000] {processor.py:830} INFO - Processing file /home/airflow/.local/lib/python3.8/site-packages/airflow/example_dags/example_trigger_target_dag.py for tasks to queue
[2026-06-12T11:10:12.722+0000] {logging_mixin.py:188} INFO - [2026-06-12T11:10:12.721+0000] {dagbag.py:538} INFO - Filling up the DagBag from /home/airflow/.local/lib/python3.8/site-packages/airflow/example_dags/example_trigger_target_dag.py
[2026-06-12T11:10:12.731+0000] {processor.py:840} INFO - DAG(s) 'example_trigger_target_dag' retrieved from /home/airflow/.local/lib/python3.8/site-packages/airflow/example_dags/example_trigger_target_dag.py
[2026-06-12T11:10:12.773+0000] {logging_mixin.py:188} INFO - [2026-06-12T11:10:12.773+0000] {dag.py:3036} INFO - Sync 1 DAGs
[2026-06-12T11:10:12.798+0000] {logging_mixin.py:188} INFO - [2026-06-12T11:10:12.797+0000] {dag.py:3823} INFO - Setting next_dagrun for example_trigger_target_dag to None, run_after=None
[2026-06-12T11:10:12.832+0000] {processor.py:183} INFO - Processing /home/airflow/.local/lib/python3.8/site-packages/airflow/example_dags/example_trigger_target_dag.py took 0.121 seconds
[2026-06-12T11:10:43.041+0000] {processor.py:161} INFO - Started process (PID=1095) to work on /home/airflow/.local/lib/python3.8/site-packages/airflow/example_dags/example_trigger_target_dag.py
[2026-06-12T11:10:43.043+0000] {processor.py:830} INFO - Processing file /home/airflow/.local/lib/python3.8/site-packages/airflow/example_dags/example_trigger_target_dag.py for tasks to queue
[2026-06-12T11:10:43.046+0000] {logging_mixin.py:188} INFO - [2026-06-12T11:10:43.045+0000] {dagbag.py:538} INFO - Filling up the DagBag from /home/airflow/.local/lib/python3.8/site-packages/airflow/example_dags/example_trigger_target_dag.py
[2026-06-12T11:10:43.056+0000] {processor.py:840} INFO - DAG(s) 'example_trigger_target_dag' retrieved from /home/airflow/.local/lib/python3.8/site-packages/airflow/example_dags/example_trigger_target_dag.py
[2026-06-12T11:10:43.097+0000] {logging_mixin.py:188} INFO - [2026-06-12T11:10:43.096+0000] {dag.py:3036} INFO - Sync 1 DAGs
[2026-06-12T11:10:43.122+0000] {logging_mixin.py:188} INFO - [2026-06-12T11:10:43.122+0000] {dag.py:3823} INFO - Setting next_dagrun for example_trigger_target_dag to None, run_after=None
[2026-06-12T11:10:43.150+0000] {processor.py:183} INFO - Processing /home/airflow/.local/lib/python3.8/site-packages/airflow/example_dags/example_trigger_target_dag.py took 0.115 seconds
[2026-06-12T11:11:13.300+0000] {processor.py:161} INFO - Started process (PID=1161) to work on /home/airflow/.local/lib/python3.8/site-packages/airflow/example_dags/example_trigger_target_dag.py
[2026-06-12T11:11:13.302+0000] {processor.py:830} INFO - Processing file /home/airflow/.local/lib/python3.8/site-packages/airflow/example_dags/example_trigger_target_dag.py for tasks to queue
[2026-06-12T11:11:13.305+0000] {logging_mixin.py:188} INFO - [2026-06-12T11:11:13.305+0000] {dagbag.py:538} INFO - Filling up the DagBag from /home/airflow/.local/lib/python3.8/site-packages/airflow/example_dags/example_trigger_target_dag.py
[2026-06-12T11:11:13.315+0000] {processor.py:840} INFO - DAG(s) 'example_trigger_target_dag' retrieved from /home/airflow/.local/lib/python3.8/site-packages/airflow/example_dags/example_trigger_target_dag.py
[2026-06-12T11:11:13.351+0000] {logging_mixin.py:188} INFO - [2026-06-12T11:11:13.350+0000] {dag.py:3036} INFO - Sync 1 DAGs
[2026-06-12T11:11:13.370+0000] {logging_mixin.py:188} INFO - [2026-06-12T11:11:13.370+0000] {dag.py:3823} INFO - Setting next_dagrun for example_trigger_target_dag to None, run_after=None
[2026-06-12T11:11:13.404+0000] {processor.py:183} INFO - Processing /home/airflow/.local/lib/python3.8/site-packages/airflow/example_dags/example_trigger_target_dag.py took 0.110 seconds
[2026-06-12T11:11:43.899+0000] {processor.py:161} INFO - Started process (PID=1228) to work on /home/airflow/.local/lib/python3.8/site-packages/airflow/example_dags/example_trigger_target_dag.py
[2026-06-12T11:11:43.901+0000] {processor.py:830} INFO - Processing file /home/airflow/.local/lib/python3.8/site-packages/airflow/example_dags/example_trigger_target_dag.py for tasks to queue
[2026-06-12T11:11:43.904+0000] {logging_mixin.py:188} INFO - [2026-06-12T11:11:43.903+0000] {dagbag.py:538} INFO - Filling up the DagBag from /home/airflow/.local/lib/python3.8/site-packages/airflow/example_dags/example_trigger_target_dag.py
[2026-06-12T11:11:43.914+0000] {processor.py:840} INFO - DAG(s) 'example_trigger_target_dag' retrieved from /home/airflow/.local/lib/python3.8/site-packages/airflow/example_dags/example_trigger_target_dag.py
[2026-06-12T11:11:43.950+0000] {logging_mixin.py:188} INFO - [2026-06-12T11:11:43.949+0000] {dag.py:3036} INFO - Sync 1 DAGs
[2026-06-12T11:11:43.973+0000] {logging_mixin.py:188} INFO - [2026-06-12T11:11:43.972+0000] {dag.py:3823} INFO - Setting next_dagrun for example_trigger_target_dag to None, run_after=None
[2026-06-12T11:11:44.008+0000] {processor.py:183} INFO - Processing /home/airflow/.local/lib/python3.8/site-packages/airflow/example_dags/example_trigger_target_dag.py took 0.114 seconds
[2026-06-12T11:12:14.304+0000] {processor.py:161} INFO - Started process (PID=1294) to work on /home/airflow/.local/lib/python3.8/site-packages/airflow/example_dags/example_trigger_target_dag.py
[2026-06-12T11:12:14.305+0000] {processor.py:830} INFO - Processing file /home/airflow/.local/lib/python3.8/site-packages/airflow/example_dags/example_trigger_target_dag.py for tasks to queue
[2026-06-12T11:12:14.308+0000] {logging_mixin.py:188} INFO - [2026-06-12T11:12:14.308+0000] {dagbag.py:538} INFO - Filling up the DagBag from /home/airflow/.local/lib/python3.8/site-packages/airflow/example_dags/example_trigger_target_dag.py
[2026-06-12T11:12:14.321+0000] {processor.py:840} INFO - DAG(s) 'example_trigger_target_dag' retrieved from /home/airflow/.local/lib/python3.8/site-packages/airflow/example_dags/example_trigger_target_dag.py
[2026-06-12T11:12:14.370+0000] {logging_mixin.py:188} INFO - [2026-06-12T11:12:14.369+0000] {dag.py:3036} INFO - Sync 1 DAGs
[2026-06-12T11:12:14.397+0000] {logging_mixin.py:188} INFO - [2026-06-12T11:12:14.396+0000] {dag.py:3823} INFO - Setting next_dagrun for example_trigger_target_dag to None, run_after=None
[2026-06-12T11:12:14.435+0000] {processor.py:183} INFO - Processing /home/airflow/.local/lib/python3.8/site-packages/airflow/example_dags/example_trigger_target_dag.py took 0.140 seconds
[2026-06-12T11:12:44.523+0000] {processor.py:161} INFO - Started process (PID=1361) to work on /home/airflow/.local/lib/python3.8/site-packages/airflow/example_dags/example_trigger_target_dag.py
[2026-06-12T11:12:44.524+0000] {processor.py:830} INFO - Processing file /home/airflow/.local/lib/python3.8/site-packages/airflow/example_dags/example_trigger_target_dag.py for tasks to queue
[2026-06-12T11:12:44.527+0000] {logging_mixin.py:188} INFO - [2026-06-12T11:12:44.526+0000] {dagbag.py:538} INFO - Filling up the DagBag from /home/airflow/.local/lib/python3.8/site-packages/airflow/example_dags/example_trigger_target_dag.py
[2026-06-12T11:12:44.537+0000] {processor.py:840} INFO - DAG(s) 'example_trigger_target_dag' retrieved from /home/airflow/.local/lib/python3.8/site-packages/airflow/example_dags/example_trigger_target_dag.py
[2026-06-12T11:12:44.573+0000] {logging_mixin.py:188} INFO - [2026-06-12T11:12:44.573+0000] {dag.py:3036} INFO - Sync 1 DAGs
[2026-06-12T11:12:44.595+0000] {logging_mixin.py:188} INFO - [2026-06-12T11:12:44.595+0000] {dag.py:3823} INFO - Setting next_dagrun for example_trigger_target_dag to None, run_after=None
[2026-06-12T11:12:44.628+0000] {processor.py:183} INFO - Processing /home/airflow/.local/lib/python3.8/site-packages/airflow/example_dags/example_trigger_target_dag.py took 0.109 seconds
[2026-06-12T11:13:14.849+0000] {processor.py:161} INFO - Started process (PID=1426) to work on /home/airflow/.local/lib/python3.8/site-packages/airflow/example_dags/example_trigger_target_dag.py
[2026-06-12T11:13:14.851+0000] {processor.py:830} INFO - Processing file /home/airflow/.local/lib/python3.8/site-packages/airflow/example_dags/example_trigger_target_dag.py for tasks to queue
[2026-06-12T11:13:14.854+0000] {logging_mixin.py:188} INFO - [2026-06-12T11:13:14.853+0000] {dagbag.py:538} INFO - Filling up the DagBag from /home/airflow/.local/lib/python3.8/site-packages/airflow/example_dags/example_trigger_target_dag.py
[2026-06-12T11:13:14.863+0000] {processor.py:840} INFO - DAG(s) 'example_trigger_target_dag' retrieved from /home/airflow/.local/lib/python3.8/site-packages/airflow/example_dags/example_trigger_target_dag.py
[2026-06-12T11:13:14.900+0000] {logging_mixin.py:188} INFO - [2026-06-12T11:13:14.899+0000] {dag.py:3036} INFO - Sync 1 DAGs
[2026-06-12T11:13:14.920+0000] {logging_mixin.py:188} INFO - [2026-06-12T11:13:14.919+0000] {dag.py:3823} INFO - Setting next_dagrun for example_trigger_target_dag to None, run_after=None
[2026-06-12T11:13:14.951+0000] {processor.py:183} INFO - Processing /home/airflow/.local/lib/python3.8/site-packages/airflow/example_dags/example_trigger_target_dag.py took 0.107 seconds
[2026-06-12T11:13:45.534+0000] {processor.py:161} INFO - Started process (PID=1493) to work on /home/airflow/.local/lib/python3.8/site-packages/airflow/example_dags/example_trigger_target_dag.py
[2026-06-12T11:13:45.536+0000] {processor.py:830} INFO - Processing file /home/airflow/.local/lib/python3.8/site-packages/airflow/example_dags/example_trigger_target_dag.py for tasks to queue
[2026-06-12T11:13:45.538+0000] {logging_mixin.py:188} INFO - [2026-06-12T11:13:45.538+0000] {dagbag.py:538} INFO - Filling up the DagBag from /home/airflow/.local/lib/python3.8/site-packages/airflow/example_dags/example_trigger_target_dag.py
[2026-06-12T11:13:45.547+0000] {processor.py:840} INFO - DAG(s) 'example_trigger_target_dag' retrieved from /home/airflow/.local/lib/python3.8/site-packages/airflow/example_dags/example_trigger_target_dag.py
[2026-06-12T11:13:45.587+0000] {logging_mixin.py:188} INFO - [2026-06-12T11:13:45.586+0000] {dag.py:3036} INFO - Sync 1 DAGs
[2026-06-12T11:13:45.610+0000] {logging_mixin.py:188} INFO - [2026-06-12T11:13:45.609+0000] {dag.py:3823} INFO - Setting next_dagrun for example_trigger_target_dag to None, run_after=None
[2026-06-12T11:13:45.645+0000] {processor.py:183} INFO - Processing /home/airflow/.local/lib/python3.8/site-packages/airflow/example_dags/example_trigger_target_dag.py took 0.115 seconds
[2026-06-12T11:14:15.885+0000] {processor.py:161} INFO - Started process (PID=1567) to work on /home/airflow/.local/lib/python3.8/site-packages/airflow/example_dags/example_trigger_target_dag.py
[2026-06-12T11:14:15.887+0000] {processor.py:830} INFO - Processing file /home/airflow/.local/lib/python3.8/site-packages/airflow/example_dags/example_trigger_target_dag.py for tasks to queue
[2026-06-12T11:14:15.890+0000] {logging_mixin.py:188} INFO - [2026-06-12T11:14:15.889+0000] {dagbag.py:538} INFO - Filling up the DagBag from /home/airflow/.local/lib/python3.8/site-packages/airflow/example_dags/example_trigger_target_dag.py
[2026-06-12T11:14:15.899+0000] {processor.py:840} INFO - DAG(s) 'example_trigger_target_dag' retrieved from /home/airflow/.local/lib/python3.8/site-packages/airflow/example_dags/example_trigger_target_dag.py
[2026-06-12T11:14:15.933+0000] {logging_mixin.py:188} INFO - [2026-06-12T11:14:15.933+0000] {dag.py:3036} INFO - Sync 1 DAGs
[2026-06-12T11:14:15.957+0000] {logging_mixin.py:188} INFO - [2026-06-12T11:14:15.956+0000] {dag.py:3823} INFO - Setting next_dagrun for example_trigger_target_dag to None, run_after=None
[2026-06-12T11:14:15.987+0000] {processor.py:183} INFO - Processing /home/airflow/.local/lib/python3.8/site-packages/airflow/example_dags/example_trigger_target_dag.py took 0.109 seconds
[2026-06-12T11:14:46.494+0000] {processor.py:161} INFO - Started process (PID=1634) to work on /home/airflow/.local/lib/python3.8/site-packages/airflow/example_dags/example_trigger_target_dag.py
[2026-06-12T11:14:46.495+0000] {processor.py:830} INFO - Processing file /home/airflow/.local/lib/python3.8/site-packages/airflow/example_dags/example_trigger_target_dag.py for tasks to queue
[2026-06-12T11:14:46.498+0000] {logging_mixin.py:188} INFO - [2026-06-12T11:14:46.498+0000] {dagbag.py:538} INFO - Filling up the DagBag from /home/airflow/.local/lib/python3.8/site-packages/airflow/example_dags/example_trigger_target_dag.py
[2026-06-12T11:14:46.508+0000] {processor.py:840} INFO - DAG(s) 'example_trigger_target_dag' retrieved from /home/airflow/.local/lib/python3.8/site-packages/airflow/example_dags/example_trigger_target_dag.py
[2026-06-12T11:14:46.549+0000] {logging_mixin.py:188} INFO - [2026-06-12T11:14:46.549+0000] {dag.py:3036} INFO - Sync 1 DAGs
[2026-06-12T11:14:46.574+0000] {logging_mixin.py:188} INFO - [2026-06-12T11:14:46.574+0000] {dag.py:3823} INFO - Setting next_dagrun for example_trigger_target_dag to None, run_after=None
[2026-06-12T11:14:46.607+0000] {processor.py:183} INFO - Processing /home/airflow/.local/lib/python3.8/site-packages/airflow/example_dags/example_trigger_target_dag.py took 0.120 seconds
[2026-06-12T11:15:16.874+0000] {processor.py:161} INFO - Started process (PID=1700) to work on /home/airflow/.local/lib/python3.8/site-packages/airflow/example_dags/example_trigger_target_dag.py
[2026-06-12T11:15:16.876+0000] {processor.py:830} INFO - Processing file /home/airflow/.local/lib/python3.8/site-packages/airflow/example_dags/example_trigger_target_dag.py for tasks to queue
[2026-06-12T11:15:16.879+0000] {logging_mixin.py:188} INFO - [2026-06-12T11:15:16.879+0000] {dagbag.py:538} INFO - Filling up the DagBag from /home/airflow/.local/lib/python3.8/site-packages/airflow/example_dags/example_trigger_target_dag.py
[2026-06-12T11:15:16.890+0000] {processor.py:840} INFO - DAG(s) 'example_trigger_target_dag' retrieved from /home/airflow/.local/lib/python3.8/site-packages/airflow/example_dags/example_trigger_target_dag.py
[2026-06-12T11:15:16.929+0000] {logging_mixin.py:188} INFO - [2026-06-12T11:15:16.928+0000] {dag.py:3036} INFO - Sync 1 DAGs
[2026-06-12T11:15:16.952+0000] {logging_mixin.py:188} INFO - [2026-06-12T11:15:16.951+0000] {dag.py:3823} INFO - Setting next_dagrun for example_trigger_target_dag to None, run_after=None
[2026-06-12T11:15:16.986+0000] {processor.py:183} INFO - Processing /home/airflow/.local/lib/python3.8/site-packages/airflow/example_dags/example_trigger_target_dag.py took 0.118 seconds
[2026-06-12T11:15:47.452+0000] {processor.py:161} INFO - Started process (PID=1766) to work on /home/airflow/.local/lib/python3.8/site-packages/airflow/example_dags/example_trigger_target_dag.py
[2026-06-12T11:15:47.454+0000] {processor.py:830} INFO - Processing file /home/airflow/.local/lib/python3.8/site-packages/airflow/example_dags/example_trigger_target_dag.py for tasks to queue
[2026-06-12T11:15:47.457+0000] {logging_mixin.py:188} INFO - [2026-06-12T11:15:47.456+0000] {dagbag.py:538} INFO - Filling up the DagBag from /home/airflow/.local/lib/python3.8/site-packages/airflow/example_dags/example_trigger_target_dag.py
[2026-06-12T11:15:47.470+0000] {processor.py:840} INFO - DAG(s) 'example_trigger_target_dag' retrieved from /home/airflow/.local/lib/python3.8/site-packages/airflow/example_dags/example_trigger_target_dag.py
[2026-06-12T11:15:47.510+0000] {logging_mixin.py:188} INFO - [2026-06-12T11:15:47.510+0000] {dag.py:3036} INFO - Sync 1 DAGs
[2026-06-12T11:15:47.537+0000] {logging_mixin.py:188} INFO - [2026-06-12T11:15:47.537+0000] {dag.py:3823} INFO - Setting next_dagrun for example_trigger_target_dag to None, run_after=None
[2026-06-12T11:15:47.570+0000] {processor.py:183} INFO - Processing /home/airflow/.local/lib/python3.8/site-packages/airflow/example_dags/example_trigger_target_dag.py took 0.124 seconds
[2026-06-12T11:16:17.909+0000] {processor.py:161} INFO - Started process (PID=1831) to work on /home/airflow/.local/lib/python3.8/site-packages/airflow/example_dags/example_trigger_target_dag.py
[2026-06-12T11:16:17.911+0000] {processor.py:830} INFO - Processing file /home/airflow/.local/lib/python3.8/site-packages/airflow/example_dags/example_trigger_target_dag.py for tasks to queue
[2026-06-12T11:16:17.915+0000] {logging_mixin.py:188} INFO - [2026-06-12T11:16:17.914+0000] {dagbag.py:538} INFO - Filling up the DagBag from /home/airflow/.local/lib/python3.8/site-packages/airflow/example_dags/example_trigger_target_dag.py
[2026-06-12T11:16:17.927+0000] {processor.py:840} INFO - DAG(s) 'example_trigger_target_dag' retrieved from /home/airflow/.local/lib/python3.8/site-packages/airflow/example_dags/example_trigger_target_dag.py
[2026-06-12T11:16:17.973+0000] {logging_mixin.py:188} INFO - [2026-06-12T11:16:17.973+0000] {dag.py:3036} INFO - Sync 1 DAGs
[2026-06-12T11:16:17.997+0000] {logging_mixin.py:188} INFO - [2026-06-12T11:16:17.997+0000] {dag.py:3823} INFO - Setting next_dagrun for example_trigger_target_dag to None, run_after=None
[2026-06-12T11:16:18.041+0000] {processor.py:183} INFO - Processing /home/airflow/.local/lib/python3.8/site-packages/airflow/example_dags/example_trigger_target_dag.py took 0.138 seconds
[2026-06-12T11:16:48.219+0000] {processor.py:161} INFO - Started process (PID=1897) to work on /home/airflow/.local/lib/python3.8/site-packages/airflow/example_dags/example_trigger_target_dag.py
[2026-06-12T11:16:48.221+0000] {processor.py:830} INFO - Processing file /home/airflow/.local/lib/python3.8/site-packages/airflow/example_dags/example_trigger_target_dag.py for tasks to queue
[2026-06-12T11:16:48.224+0000] {logging_mixin.py:188} INFO - [2026-06-12T11:16:48.223+0000] {dagbag.py:538} INFO - Filling up the DagBag from /home/airflow/.local/lib/python3.8/site-packages/airflow/example_dags/example_trigger_target_dag.py
[2026-06-12T11:16:48.232+0000] {processor.py:840} INFO - DAG(s) 'example_trigger_target_dag' retrieved from /home/airflow/.local/lib/python3.8/site-packages/airflow/example_dags/example_trigger_target_dag.py
[2026-06-12T11:16:48.266+0000] {logging_mixin.py:188} INFO - [2026-06-12T11:16:48.265+0000] {dag.py:3036} INFO - Sync 1 DAGs
[2026-06-12T11:16:48.286+0000] {logging_mixin.py:188} INFO - [2026-06-12T11:16:48.286+0000] {dag.py:3823} INFO - Setting next_dagrun for example_trigger_target_dag to None, run_after=None
[2026-06-12T11:16:48.316+0000] {processor.py:183} INFO - Processing /home/airflow/.local/lib/python3.8/site-packages/airflow/example_dags/example_trigger_target_dag.py took 0.102 seconds
[2026-06-12T11:17:18.733+0000] {processor.py:161} INFO - Started process (PID=1962) to work on /home/airflow/.local/lib/python3.8/site-packages/airflow/example_dags/example_trigger_target_dag.py
[2026-06-12T11:17:18.734+0000] {processor.py:830} INFO - Processing file /home/airflow/.local/lib/python3.8/site-packages/airflow/example_dags/example_trigger_target_dag.py for tasks to queue
[2026-06-12T11:17:18.737+0000] {logging_mixin.py:188} INFO - [2026-06-12T11:17:18.736+0000] {dagbag.py:538} INFO - Filling up the DagBag from /home/airflow/.local/lib/python3.8/site-packages/airflow/example_dags/example_trigger_target_dag.py
[2026-06-12T11:17:18.749+0000] {processor.py:840} INFO - DAG(s) 'example_trigger_target_dag' retrieved from /home/airflow/.local/lib/python3.8/site-packages/airflow/example_dags/example_trigger_target_dag.py
[2026-06-12T11:17:18.785+0000] {logging_mixin.py:188} INFO - [2026-06-12T11:17:18.785+0000] {dag.py:3036} INFO - Sync 1 DAGs
[2026-06-12T11:17:18.804+0000] {logging_mixin.py:188} INFO - [2026-06-12T11:17:18.803+0000] {dag.py:3823} INFO - Setting next_dagrun for example_trigger_target_dag to None, run_after=None
[2026-06-12T11:17:18.832+0000] {processor.py:183} INFO - Processing /home/airflow/.local/lib/python3.8/site-packages/airflow/example_dags/example_trigger_target_dag.py took 0.104 seconds
[2026-06-12T11:17:49.240+0000] {processor.py:161} INFO - Started process (PID=2028) to work on /home/airflow/.local/lib/python3.8/site-packages/airflow/example_dags/example_trigger_target_dag.py
[2026-06-12T11:17:49.242+0000] {processor.py:830} INFO - Processing file /home/airflow/.local/lib/python3.8/site-packages/airflow/example_dags/example_trigger_target_dag.py for tasks to queue
[2026-06-12T11:17:49.245+0000] {logging_mixin.py:188} INFO - [2026-06-12T11:17:49.244+0000] {dagbag.py:538} INFO - Filling up the DagBag from /home/airflow/.local/lib/python3.8/site-packages/airflow/example_dags/example_trigger_target_dag.py
[2026-06-12T11:17:49.253+0000] {processor.py:840} INFO - DAG(s) 'example_trigger_target_dag' retrieved from /home/airflow/.local/lib/python3.8/site-packages/airflow/example_dags/example_trigger_target_dag.py
[2026-06-12T11:17:49.286+0000] {logging_mixin.py:188} INFO - [2026-06-12T11:17:49.286+0000] {dag.py:3036} INFO - Sync 1 DAGs
[2026-06-12T11:17:49.307+0000] {logging_mixin.py:188} INFO - [2026-06-12T11:17:49.307+0000] {dag.py:3823} INFO - Setting next_dagrun for example_trigger_target_dag to None, run_after=None
[2026-06-12T11:17:49.336+0000] {processor.py:183} INFO - Processing /home/airflow/.local/lib/python3.8/site-packages/airflow/example_dags/example_trigger_target_dag.py took 0.101 seconds
[2026-06-12T11:18:19.529+0000] {processor.py:161} INFO - Started process (PID=2094) to work on /home/airflow/.local/lib/python3.8/site-packages/airflow/example_dags/example_trigger_target_dag.py
[2026-06-12T11:18:19.531+0000] {processor.py:830} INFO - Processing file /home/airflow/.local/lib/python3.8/site-packages/airflow/example_dags/example_trigger_target_dag.py for tasks to queue
[2026-06-12T11:18:19.534+0000] {logging_mixin.py:188} INFO - [2026-06-12T11:18:19.534+0000] {dagbag.py:538} INFO - Filling up the DagBag from /home/airflow/.local/lib/python3.8/site-packages/airflow/example_dags/example_trigger_target_dag.py
[2026-06-12T11:18:19.544+0000] {processor.py:840} INFO - DAG(s) 'example_trigger_target_dag' retrieved from /home/airflow/.local/lib/python3.8/site-packages/airflow/example_dags/example_trigger_target_dag.py
[2026-06-12T11:18:19.584+0000] {logging_mixin.py:188} INFO - [2026-06-12T11:18:19.584+0000] {dag.py:3036} INFO - Sync 1 DAGs
[2026-06-12T11:18:19.608+0000] {logging_mixin.py:188} INFO - [2026-06-12T11:18:19.608+0000] {dag.py:3823} INFO - Setting next_dagrun for example_trigger_target_dag to None, run_after=None
[2026-06-12T11:18:19.641+0000] {processor.py:183} INFO - Processing /home/airflow/.local/lib/python3.8/site-packages/airflow/example_dags/example_trigger_target_dag.py took 0.118 seconds
[2026-06-12T11:18:49.684+0000] {processor.py:161} INFO - Started process (PID=2159) to work on /home/airflow/.local/lib/python3.8/site-packages/airflow/example_dags/example_trigger_target_dag.py
[2026-06-12T11:18:49.686+0000] {processor.py:830} INFO - Processing file /home/airflow/.local/lib/python3.8/site-packages/airflow/example_dags/example_trigger_target_dag.py for tasks to queue
[2026-06-12T11:18:49.689+0000] {logging_mixin.py:188} INFO - [2026-06-12T11:18:49.688+0000] {dagbag.py:538} INFO - Filling up the DagBag from /home/airflow/.local/lib/python3.8/site-packages/airflow/example_dags/example_trigger_target_dag.py
[2026-06-12T11:18:49.699+0000] {processor.py:840} INFO - DAG(s) 'example_trigger_target_dag' retrieved from /home/airflow/.local/lib/python3.8/site-packages/airflow/example_dags/example_trigger_target_dag.py
[2026-06-12T11:18:49.742+0000] {logging_mixin.py:188} INFO - [2026-06-12T11:18:49.741+0000] {dag.py:3036} INFO - Sync 1 DAGs
[2026-06-12T11:18:49.766+0000] {logging_mixin.py:188} INFO - [2026-06-12T11:18:49.766+0000] {dag.py:3823} INFO - Setting next_dagrun for example_trigger_target_dag to None, run_after=None
[2026-06-12T11:18:49.799+0000] {processor.py:183} INFO - Processing /home/airflow/.local/lib/python3.8/site-packages/airflow/example_dags/example_trigger_target_dag.py took 0.121 seconds
[2026-06-12T11:19:20.300+0000] {processor.py:161} INFO - Started process (PID=2232) to work on /home/airflow/.local/lib/python3.8/site-packages/airflow/example_dags/example_trigger_target_dag.py
[2026-06-12T11:19:20.301+0000] {processor.py:830} INFO - Processing file /home/airflow/.local/lib/python3.8/site-packages/airflow/example_dags/example_trigger_target_dag.py for tasks to queue
[2026-06-12T11:19:20.304+0000] {logging_mixin.py:188} INFO - [2026-06-12T11:19:20.304+0000] {dagbag.py:538} INFO - Filling up the DagBag from /home/airflow/.local/lib/python3.8/site-packages/airflow/example_dags/example_trigger_target_dag.py
[2026-06-12T11:19:20.315+0000] {processor.py:840} INFO - DAG(s) 'example_trigger_target_dag' retrieved from /home/airflow/.local/lib/python3.8/site-packages/airflow/example_dags/example_trigger_target_dag.py
[2026-06-12T11:19:20.356+0000] {logging_mixin.py:188} INFO - [2026-06-12T11:19:20.355+0000] {dag.py:3036} INFO - Sync 1 DAGs
[2026-06-12T11:19:20.381+0000] {logging_mixin.py:188} INFO - [2026-06-12T11:19:20.381+0000] {dag.py:3823} INFO - Setting next_dagrun for example_trigger_target_dag to None, run_after=None
[2026-06-12T11:19:20.414+0000] {processor.py:183} INFO - Processing /home/airflow/.local/lib/python3.8/site-packages/airflow/example_dags/example_trigger_target_dag.py took 0.120 seconds
[2026-06-12T11:19:50.720+0000] {processor.py:161} INFO - Started process (PID=2300) to work on /home/airflow/.local/lib/python3.8/site-packages/airflow/example_dags/example_trigger_target_dag.py
[2026-06-12T11:19:50.722+0000] {processor.py:830} INFO - Processing file /home/airflow/.local/lib/python3.8/site-packages/airflow/example_dags/example_trigger_target_dag.py for tasks to queue
[2026-06-12T11:19:50.725+0000] {logging_mixin.py:188} INFO - [2026-06-12T11:19:50.724+0000] {dagbag.py:538} INFO - Filling up the DagBag from /home/airflow/.local/lib/python3.8/site-packages/airflow/example_dags/example_trigger_target_dag.py
[2026-06-12T11:19:50.735+0000] {processor.py:840} INFO - DAG(s) 'example_trigger_target_dag' retrieved from /home/airflow/.local/lib/python3.8/site-packages/airflow/example_dags/example_trigger_target_dag.py
[2026-06-12T11:19:50.771+0000] {logging_mixin.py:188} INFO - [2026-06-12T11:19:50.771+0000] {dag.py:3036} INFO - Sync 1 DAGs
[2026-06-12T11:19:50.790+0000] {logging_mixin.py:188} INFO - [2026-06-12T11:19:50.790+0000] {dag.py:3823} INFO - Setting next_dagrun for example_trigger_target_dag to None, run_after=None
[2026-06-12T11:19:50.827+0000] {processor.py:183} INFO - Processing /home/airflow/.local/lib/python3.8/site-packages/airflow/example_dags/example_trigger_target_dag.py took 0.113 seconds
[2026-06-12T11:20:21.106+0000] {processor.py:161} INFO - Started process (PID=2366) to work on /home/airflow/.local/lib/python3.8/site-packages/airflow/example_dags/example_trigger_target_dag.py
[2026-06-12T11:20:21.108+0000] {processor.py:830} INFO - Processing file /home/airflow/.local/lib/python3.8/site-packages/airflow/example_dags/example_trigger_target_dag.py for tasks to queue
[2026-06-12T11:20:21.111+0000] {logging_mixin.py:188} INFO - [2026-06-12T11:20:21.110+0000] {dagbag.py:538} INFO - Filling up the DagBag from /home/airflow/.local/lib/python3.8/site-packages/airflow/example_dags/example_trigger_target_dag.py
[2026-06-12T11:20:21.120+0000] {processor.py:840} INFO - DAG(s) 'example_trigger_target_dag' retrieved from /home/airflow/.local/lib/python3.8/site-packages/airflow/example_dags/example_trigger_target_dag.py
[2026-06-12T11:20:21.158+0000] {logging_mixin.py:188} INFO - [2026-06-12T11:20:21.157+0000] {dag.py:3036} INFO - Sync 1 DAGs
[2026-06-12T11:20:21.179+0000] {logging_mixin.py:188} INFO - [2026-06-12T11:20:21.179+0000] {dag.py:3823} INFO - Setting next_dagrun for example_trigger_target_dag to None, run_after=None
[2026-06-12T11:20:21.217+0000] {processor.py:183} INFO - Processing /home/airflow/.local/lib/python3.8/site-packages/airflow/example_dags/example_trigger_target_dag.py took 0.117 seconds
[2026-06-12T11:20:51.321+0000] {processor.py:161} INFO - Started process (PID=2432) to work on /home/airflow/.local/lib/python3.8/site-packages/airflow/example_dags/example_trigger_target_dag.py
[2026-06-12T11:20:51.322+0000] {processor.py:830} INFO - Processing file /home/airflow/.local/lib/python3.8/site-packages/airflow/example_dags/example_trigger_target_dag.py for tasks to queue
[2026-06-12T11:20:51.326+0000] {logging_mixin.py:188} INFO - [2026-06-12T11:20:51.325+0000] {dagbag.py:538} INFO - Filling up the DagBag from /home/airflow/.local/lib/python3.8/site-packages/airflow/example_dags/example_trigger_target_dag.py
[2026-06-12T11:20:51.337+0000] {processor.py:840} INFO - DAG(s) 'example_trigger_target_dag' retrieved from /home/airflow/.local/lib/python3.8/site-packages/airflow/example_dags/example_trigger_target_dag.py
[2026-06-12T11:20:51.378+0000] {logging_mixin.py:188} INFO - [2026-06-12T11:20:51.378+0000] {dag.py:3036} INFO - Sync 1 DAGs
[2026-06-12T11:20:51.398+0000] {logging_mixin.py:188} INFO - [2026-06-12T11:20:51.397+0000] {dag.py:3823} INFO - Setting next_dagrun for example_trigger_target_dag to None, run_after=None
[2026-06-12T11:20:51.428+0000] {processor.py:183} INFO - Processing /home/airflow/.local/lib/python3.8/site-packages/airflow/example_dags/example_trigger_target_dag.py took 0.113 seconds
[2026-06-12T11:21:21.670+0000] {processor.py:161} INFO - Started process (PID=2497) to work on /home/airflow/.local/lib/python3.8/site-packages/airflow/example_dags/example_trigger_target_dag.py
[2026-06-12T11:21:21.672+0000] {processor.py:830} INFO - Processing file /home/airflow/.local/lib/python3.8/site-packages/airflow/example_dags/example_trigger_target_dag.py for tasks to queue
[2026-06-12T11:21:21.674+0000] {logging_mixin.py:188} INFO - [2026-06-12T11:21:21.674+0000] {dagbag.py:538} INFO - Filling up the DagBag from /home/airflow/.local/lib/python3.8/site-packages/airflow/example_dags/example_trigger_target_dag.py
[2026-06-12T11:21:21.683+0000] {processor.py:840} INFO - DAG(s) 'example_trigger_target_dag' retrieved from /home/airflow/.local/lib/python3.8/site-packages/airflow/example_dags/example_trigger_target_dag.py
[2026-06-12T11:21:21.718+0000] {logging_mixin.py:188} INFO - [2026-06-12T11:21:21.718+0000] {dag.py:3036} INFO - Sync 1 DAGs
[2026-06-12T11:21:21.737+0000] {logging_mixin.py:188} INFO - [2026-06-12T11:21:21.737+0000] {dag.py:3823} INFO - Setting next_dagrun for example_trigger_target_dag to None, run_after=None
[2026-06-12T11:21:21.767+0000] {processor.py:183} INFO - Processing /home/airflow/.local/lib/python3.8/site-packages/airflow/example_dags/example_trigger_target_dag.py took 0.102 seconds
[2026-06-12T11:21:52.595+0000] {processor.py:161} INFO - Started process (PID=2564) to work on /home/airflow/.local/lib/python3.8/site-packages/airflow/example_dags/example_trigger_target_dag.py
[2026-06-12T11:21:52.596+0000] {processor.py:830} INFO - Processing file /home/airflow/.local/lib/python3.8/site-packages/airflow/example_dags/example_trigger_target_dag.py for tasks to queue
[2026-06-12T11:21:52.599+0000] {logging_mixin.py:188} INFO - [2026-06-12T11:21:52.598+0000] {dagbag.py:538} INFO - Filling up the DagBag from /home/airflow/.local/lib/python3.8/site-packages/airflow/example_dags/example_trigger_target_dag.py
[2026-06-12T11:21:52.608+0000] {processor.py:840} INFO - DAG(s) 'example_trigger_target_dag' retrieved from /home/airflow/.local/lib/python3.8/site-packages/airflow/example_dags/example_trigger_target_dag.py
[2026-06-12T11:21:52.644+0000] {logging_mixin.py:188} INFO - [2026-06-12T11:21:52.644+0000] {dag.py:3036} INFO - Sync 1 DAGs
[2026-06-12T11:21:52.669+0000] {logging_mixin.py:188} INFO - [2026-06-12T11:21:52.668+0000] {dag.py:3823} INFO - Setting next_dagrun for example_trigger_target_dag to None, run_after=None
[2026-06-12T11:21:52.698+0000] {processor.py:183} INFO - Processing /home/airflow/.local/lib/python3.8/site-packages/airflow/example_dags/example_trigger_target_dag.py took 0.109 seconds
[2026-06-12T11:22:23.322+0000] {processor.py:161} INFO - Started process (PID=2630) to work on /home/airflow/.local/lib/python3.8/site-packages/airflow/example_dags/example_trigger_target_dag.py
[2026-06-12T11:22:23.324+0000] {processor.py:830} INFO - Processing file /home/airflow/.local/lib/python3.8/site-packages/airflow/example_dags/example_trigger_target_dag.py for tasks to queue
[2026-06-12T11:22:23.327+0000] {logging_mixin.py:188} INFO - [2026-06-12T11:22:23.327+0000] {dagbag.py:538} INFO - Filling up the DagBag from /home/airflow/.local/lib/python3.8/site-packages/airflow/example_dags/example_trigger_target_dag.py
[2026-06-12T11:22:23.337+0000] {processor.py:840} INFO - DAG(s) 'example_trigger_target_dag' retrieved from /home/airflow/.local/lib/python3.8/site-packages/airflow/example_dags/example_trigger_target_dag.py
[2026-06-12T11:22:23.377+0000] {logging_mixin.py:188} INFO - [2026-06-12T11:22:23.376+0000] {dag.py:3036} INFO - Sync 1 DAGs
[2026-06-12T11:22:23.399+0000] {logging_mixin.py:188} INFO - [2026-06-12T11:22:23.399+0000] {dag.py:3823} INFO - Setting next_dagrun for example_trigger_target_dag to None, run_after=None
[2026-06-12T11:22:23.427+0000] {processor.py:183} INFO - Processing /home/airflow/.local/lib/python3.8/site-packages/airflow/example_dags/example_trigger_target_dag.py took 0.111 seconds
[2026-06-12T11:22:53.855+0000] {processor.py:161} INFO - Started process (PID=2696) to work on /home/airflow/.local/lib/python3.8/site-packages/airflow/example_dags/example_trigger_target_dag.py
[2026-06-12T11:22:53.856+0000] {processor.py:830} INFO - Processing file /home/airflow/.local/lib/python3.8/site-packages/airflow/example_dags/example_trigger_target_dag.py for tasks to queue
[2026-06-12T11:22:53.859+0000] {logging_mixin.py:188} INFO - [2026-06-12T11:22:53.858+0000] {dagbag.py:538} INFO - Filling up the DagBag from /home/airflow/.local/lib/python3.8/site-packages/airflow/example_dags/example_trigger_target_dag.py
[2026-06-12T11:22:53.867+0000] {processor.py:840} INFO - DAG(s) 'example_trigger_target_dag' retrieved from /home/airflow/.local/lib/python3.8/site-packages/airflow/example_dags/example_trigger_target_dag.py
[2026-06-12T11:22:53.901+0000] {logging_mixin.py:188} INFO - [2026-06-12T11:22:53.900+0000] {dag.py:3036} INFO - Sync 1 DAGs
[2026-06-12T11:22:53.923+0000] {logging_mixin.py:188} INFO - [2026-06-12T11:22:53.922+0000] {dag.py:3823} INFO - Setting next_dagrun for example_trigger_target_dag to None, run_after=None
[2026-06-12T11:22:53.953+0000] {processor.py:183} INFO - Processing /home/airflow/.local/lib/python3.8/site-packages/airflow/example_dags/example_trigger_target_dag.py took 0.103 seconds
[2026-06-12T11:23:24.769+0000] {processor.py:161} INFO - Started process (PID=2762) to work on /home/airflow/.local/lib/python3.8/site-packages/airflow/example_dags/example_trigger_target_dag.py
[2026-06-12T11:23:24.770+0000] {processor.py:830} INFO - Processing file /home/airflow/.local/lib/python3.8/site-packages/airflow/example_dags/example_trigger_target_dag.py for tasks to queue
[2026-06-12T11:23:24.773+0000] {logging_mixin.py:188} INFO - [2026-06-12T11:23:24.773+0000] {dagbag.py:538} INFO - Filling up the DagBag from /home/airflow/.local/lib/python3.8/site-packages/airflow/example_dags/example_trigger_target_dag.py
[2026-06-12T11:23:24.786+0000] {processor.py:840} INFO - DAG(s) 'example_trigger_target_dag' retrieved from /home/airflow/.local/lib/python3.8/site-packages/airflow/example_dags/example_trigger_target_dag.py
[2026-06-12T11:23:24.835+0000] {logging_mixin.py:188} INFO - [2026-06-12T11:23:24.834+0000] {dag.py:3036} INFO - Sync 1 DAGs
[2026-06-12T11:23:24.854+0000] {logging_mixin.py:188} INFO - [2026-06-12T11:23:24.854+0000] {dag.py:3823} INFO - Setting next_dagrun for example_trigger_target_dag to None, run_after=None
[2026-06-12T11:23:24.882+0000] {processor.py:183} INFO - Processing /home/airflow/.local/lib/python3.8/site-packages/airflow/example_dags/example_trigger_target_dag.py took 0.120 seconds
[2026-06-12T11:23:55.819+0000] {processor.py:161} INFO - Started process (PID=2835) to work on /home/airflow/.local/lib/python3.8/site-packages/airflow/example_dags/example_trigger_target_dag.py
[2026-06-12T11:23:55.821+0000] {processor.py:830} INFO - Processing file /home/airflow/.local/lib/python3.8/site-packages/airflow/example_dags/example_trigger_target_dag.py for tasks to queue
[2026-06-12T11:23:55.824+0000] {logging_mixin.py:188} INFO - [2026-06-12T11:23:55.823+0000] {dagbag.py:538} INFO - Filling up the DagBag from /home/airflow/.local/lib/python3.8/site-packages/airflow/example_dags/example_trigger_target_dag.py
[2026-06-12T11:23:55.834+0000] {processor.py:840} INFO - DAG(s) 'example_trigger_target_dag' retrieved from /home/airflow/.local/lib/python3.8/site-packages/airflow/example_dags/example_trigger_target_dag.py
[2026-06-12T11:23:55.897+0000] {logging_mixin.py:188} INFO - [2026-06-12T11:23:55.896+0000] {dag.py:3036} INFO - Sync 1 DAGs
[2026-06-12T11:23:55.925+0000] {logging_mixin.py:188} INFO - [2026-06-12T11:23:55.925+0000] {dag.py:3823} INFO - Setting next_dagrun for example_trigger_target_dag to None, run_after=None
[2026-06-12T11:23:55.961+0000] {processor.py:183} INFO - Processing /home/airflow/.local/lib/python3.8/site-packages/airflow/example_dags/example_trigger_target_dag.py took 0.148 seconds
[2026-06-12T11:24:26.462+0000] {processor.py:161} INFO - Started process (PID=2901) to work on /home/airflow/.local/lib/python3.8/site-packages/airflow/example_dags/example_trigger_target_dag.py
[2026-06-12T11:24:26.464+0000] {processor.py:830} INFO - Processing file /home/airflow/.local/lib/python3.8/site-packages/airflow/example_dags/example_trigger_target_dag.py for tasks to queue
[2026-06-12T11:24:26.467+0000] {logging_mixin.py:188} INFO - [2026-06-12T11:24:26.466+0000] {dagbag.py:538} INFO - Filling up the DagBag from /home/airflow/.local/lib/python3.8/site-packages/airflow/example_dags/example_trigger_target_dag.py
[2026-06-12T11:24:26.476+0000] {processor.py:840} INFO - DAG(s) 'example_trigger_target_dag' retrieved from /home/airflow/.local/lib/python3.8/site-packages/airflow/example_dags/example_trigger_target_dag.py
[2026-06-12T11:24:26.513+0000] {logging_mixin.py:188} INFO - [2026-06-12T11:24:26.513+0000] {dag.py:3036} INFO - Sync 1 DAGs
[2026-06-12T11:24:26.537+0000] {logging_mixin.py:188} INFO - [2026-06-12T11:24:26.536+0000] {dag.py:3823} INFO - Setting next_dagrun for example_trigger_target_dag to None, run_after=None
[2026-06-12T11:24:26.570+0000] {processor.py:183} INFO - Processing /home/airflow/.local/lib/python3.8/site-packages/airflow/example_dags/example_trigger_target_dag.py took 0.116 seconds
[2026-06-12T11:24:57.150+0000] {processor.py:161} INFO - Started process (PID=2967) to work on /home/airflow/.local/lib/python3.8/site-packages/airflow/example_dags/example_trigger_target_dag.py
[2026-06-12T11:24:57.151+0000] {processor.py:830} INFO - Processing file /home/airflow/.local/lib/python3.8/site-packages/airflow/example_dags/example_trigger_target_dag.py for tasks to queue
[2026-06-12T11:24:57.154+0000] {logging_mixin.py:188} INFO - [2026-06-12T11:24:57.154+0000] {dagbag.py:538} INFO - Filling up the DagBag from /home/airflow/.local/lib/python3.8/site-packages/airflow/example_dags/example_trigger_target_dag.py
[2026-06-12T11:24:57.165+0000] {processor.py:840} INFO - DAG(s) 'example_trigger_target_dag' retrieved from /home/airflow/.local/lib/python3.8/site-packages/airflow/example_dags/example_trigger_target_dag.py
[2026-06-12T11:24:57.200+0000] {logging_mixin.py:188} INFO - [2026-06-12T11:24:57.199+0000] {dag.py:3036} INFO - Sync 1 DAGs
[2026-06-12T11:24:57.221+0000] {logging_mixin.py:188} INFO - [2026-06-12T11:24:57.221+0000] {dag.py:3823} INFO - Setting next_dagrun for example_trigger_target_dag to None, run_after=None
[2026-06-12T11:24:57.257+0000] {processor.py:183} INFO - Processing /home/airflow/.local/lib/python3.8/site-packages/airflow/example_dags/example_trigger_target_dag.py took 0.113 seconds
[2026-06-12T11:25:29.253+0000] {processor.py:161} INFO - Started process (PID=3034) to work on /home/airflow/.local/lib/python3.8/site-packages/airflow/example_dags/example_trigger_target_dag.py
[2026-06-12T11:25:29.255+0000] {processor.py:830} INFO - Processing file /home/airflow/.local/lib/python3.8/site-packages/airflow/example_dags/example_trigger_target_dag.py for tasks to queue
[2026-06-12T11:25:29.258+0000] {logging_mixin.py:188} INFO - [2026-06-12T11:25:29.257+0000] {dagbag.py:538} INFO - Filling up the DagBag from /home/airflow/.local/lib/python3.8/site-packages/airflow/example_dags/example_trigger_target_dag.py
[2026-06-12T11:25:29.267+0000] {processor.py:840} INFO - DAG(s) 'example_trigger_target_dag' retrieved from /home/airflow/.local/lib/python3.8/site-packages/airflow/example_dags/example_trigger_target_dag.py
[2026-06-12T11:25:29.303+0000] {logging_mixin.py:188} INFO - [2026-06-12T11:25:29.303+0000] {dag.py:3036} INFO - Sync 1 DAGs
[2026-06-12T11:25:29.326+0000] {logging_mixin.py:188} INFO - [2026-06-12T11:25:29.326+0000] {dag.py:3823} INFO - Setting next_dagrun for example_trigger_target_dag to None, run_after=None
[2026-06-12T11:25:29.356+0000] {processor.py:183} INFO - Processing /home/airflow/.local/lib/python3.8/site-packages/airflow/example_dags/example_trigger_target_dag.py took 0.110 seconds
[2026-06-12T11:26:00.546+0000] {processor.py:161} INFO - Started process (PID=3097) to work on /home/airflow/.local/lib/python3.8/site-packages/airflow/example_dags/example_trigger_target_dag.py
[2026-06-12T11:26:00.548+0000] {processor.py:830} INFO - Processing file /home/airflow/.local/lib/python3.8/site-packages/airflow/example_dags/example_trigger_target_dag.py for tasks to queue
[2026-06-12T11:26:00.551+0000] {logging_mixin.py:188} INFO - [2026-06-12T11:26:00.550+0000] {dagbag.py:538} INFO - Filling up the DagBag from /home/airflow/.local/lib/python3.8/site-packages/airflow/example_dags/example_trigger_target_dag.py
[2026-06-12T11:26:00.560+0000] {processor.py:840} INFO - DAG(s) 'example_trigger_target_dag' retrieved from /home/airflow/.local/lib/python3.8/site-packages/airflow/example_dags/example_trigger_target_dag.py
[2026-06-12T11:26:00.593+0000] {logging_mixin.py:188} INFO - [2026-06-12T11:26:00.593+0000] {dag.py:3036} INFO - Sync 1 DAGs
[2026-06-12T11:26:00.807+0000] {logging_mixin.py:188} INFO - [2026-06-12T11:26:00.806+0000] {dag.py:3823} INFO - Setting next_dagrun for example_trigger_target_dag to None, run_after=None
[2026-06-12T11:26:00.836+0000] {processor.py:183} INFO - Processing /home/airflow/.local/lib/python3.8/site-packages/airflow/example_dags/example_trigger_target_dag.py took 0.295 seconds
[2026-06-12T11:26:31.406+0000] {processor.py:161} INFO - Started process (PID=3164) to work on /home/airflow/.local/lib/python3.8/site-packages/airflow/example_dags/example_trigger_target_dag.py
[2026-06-12T11:26:31.407+0000] {processor.py:830} INFO - Processing file /home/airflow/.local/lib/python3.8/site-packages/airflow/example_dags/example_trigger_target_dag.py for tasks to queue
[2026-06-12T11:26:31.410+0000] {logging_mixin.py:188} INFO - [2026-06-12T11:26:31.409+0000] {dagbag.py:538} INFO - Filling up the DagBag from /home/airflow/.local/lib/python3.8/site-packages/airflow/example_dags/example_trigger_target_dag.py
[2026-06-12T11:26:31.417+0000] {processor.py:840} INFO - DAG(s) 'example_trigger_target_dag' retrieved from /home/airflow/.local/lib/python3.8/site-packages/airflow/example_dags/example_trigger_target_dag.py
[2026-06-12T11:26:31.449+0000] {logging_mixin.py:188} INFO - [2026-06-12T11:26:31.449+0000] {dag.py:3036} INFO - Sync 1 DAGs
[2026-06-12T11:26:31.471+0000] {logging_mixin.py:188} INFO - [2026-06-12T11:26:31.471+0000] {dag.py:3823} INFO - Setting next_dagrun for example_trigger_target_dag to None, run_after=None
[2026-06-12T11:26:31.500+0000] {processor.py:183} INFO - Processing /home/airflow/.local/lib/python3.8/site-packages/airflow/example_dags/example_trigger_target_dag.py took 0.099 seconds
[2026-06-12T11:27:01.939+0000] {processor.py:161} INFO - Started process (PID=3231) to work on /home/airflow/.local/lib/python3.8/site-packages/airflow/example_dags/example_trigger_target_dag.py
[2026-06-12T11:27:01.941+0000] {processor.py:830} INFO - Processing file /home/airflow/.local/lib/python3.8/site-packages/airflow/example_dags/example_trigger_target_dag.py for tasks to queue
[2026-06-12T11:27:01.944+0000] {logging_mixin.py:188} INFO - [2026-06-12T11:27:01.943+0000] {dagbag.py:538} INFO - Filling up the DagBag from /home/airflow/.local/lib/python3.8/site-packages/airflow/example_dags/example_trigger_target_dag.py
[2026-06-12T11:27:01.953+0000] {processor.py:840} INFO - DAG(s) 'example_trigger_target_dag' retrieved from /home/airflow/.local/lib/python3.8/site-packages/airflow/example_dags/example_trigger_target_dag.py
[2026-06-12T11:27:01.993+0000] {logging_mixin.py:188} INFO - [2026-06-12T11:27:01.993+0000] {dag.py:3036} INFO - Sync 1 DAGs
[2026-06-12T11:27:02.015+0000] {logging_mixin.py:188} INFO - [2026-06-12T11:27:02.015+0000] {dag.py:3823} INFO - Setting next_dagrun for example_trigger_target_dag to None, run_after=None
[2026-06-12T11:27:02.047+0000] {processor.py:183} INFO - Processing /home/airflow/.local/lib/python3.8/site-packages/airflow/example_dags/example_trigger_target_dag.py took 0.113 seconds
[2026-06-12T11:27:32.803+0000] {processor.py:161} INFO - Started process (PID=3304) to work on /home/airflow/.local/lib/python3.8/site-packages/airflow/example_dags/example_trigger_target_dag.py
[2026-06-12T11:27:32.805+0000] {processor.py:830} INFO - Processing file /home/airflow/.local/lib/python3.8/site-packages/airflow/example_dags/example_trigger_target_dag.py for tasks to queue
[2026-06-12T11:27:32.808+0000] {logging_mixin.py:188} INFO - [2026-06-12T11:27:32.807+0000] {dagbag.py:538} INFO - Filling up the DagBag from /home/airflow/.local/lib/python3.8/site-packages/airflow/example_dags/example_trigger_target_dag.py
[2026-06-12T11:27:32.818+0000] {processor.py:840} INFO - DAG(s) 'example_trigger_target_dag' retrieved from /home/airflow/.local/lib/python3.8/site-packages/airflow/example_dags/example_trigger_target_dag.py
[2026-06-12T11:27:32.868+0000] {logging_mixin.py:188} INFO - [2026-06-12T11:27:32.867+0000] {dag.py:3036} INFO - Sync 1 DAGs
[2026-06-12T11:27:32.893+0000] {logging_mixin.py:188} INFO - [2026-06-12T11:27:32.893+0000] {dag.py:3823} INFO - Setting next_dagrun for example_trigger_target_dag to None, run_after=None
[2026-06-12T11:27:32.929+0000] {processor.py:183} INFO - Processing /home/airflow/.local/lib/python3.8/site-packages/airflow/example_dags/example_trigger_target_dag.py took 0.132 seconds
[2026-06-12T11:28:03.364+0000] {processor.py:161} INFO - Started process (PID=3370) to work on /home/airflow/.local/lib/python3.8/site-packages/airflow/example_dags/example_trigger_target_dag.py
[2026-06-12T11:28:03.366+0000] {processor.py:830} INFO - Processing file /home/airflow/.local/lib/python3.8/site-packages/airflow/example_dags/example_trigger_target_dag.py for tasks to queue
[2026-06-12T11:28:03.369+0000] {logging_mixin.py:188} INFO - [2026-06-12T11:28:03.369+0000] {dagbag.py:538} INFO - Filling up the DagBag from /home/airflow/.local/lib/python3.8/site-packages/airflow/example_dags/example_trigger_target_dag.py
[2026-06-12T11:28:03.379+0000] {processor.py:840} INFO - DAG(s) 'example_trigger_target_dag' retrieved from /home/airflow/.local/lib/python3.8/site-packages/airflow/example_dags/example_trigger_target_dag.py
[2026-06-12T11:28:03.419+0000] {logging_mixin.py:188} INFO - [2026-06-12T11:28:03.418+0000] {dag.py:3036} INFO - Sync 1 DAGs
[2026-06-12T11:28:03.443+0000] {logging_mixin.py:188} INFO - [2026-06-12T11:28:03.443+0000] {dag.py:3823} INFO - Setting next_dagrun for example_trigger_target_dag to None, run_after=None
[2026-06-12T11:28:03.475+0000] {processor.py:183} INFO - Processing /home/airflow/.local/lib/python3.8/site-packages/airflow/example_dags/example_trigger_target_dag.py took 0.117 seconds
[2026-06-12T11:28:33.995+0000] {processor.py:161} INFO - Started process (PID=3435) to work on /home/airflow/.local/lib/python3.8/site-packages/airflow/example_dags/example_trigger_target_dag.py
[2026-06-12T11:28:33.996+0000] {processor.py:830} INFO - Processing file /home/airflow/.local/lib/python3.8/site-packages/airflow/example_dags/example_trigger_target_dag.py for tasks to queue
[2026-06-12T11:28:33.999+0000] {logging_mixin.py:188} INFO - [2026-06-12T11:28:33.998+0000] {dagbag.py:538} INFO - Filling up the DagBag from /home/airflow/.local/lib/python3.8/site-packages/airflow/example_dags/example_trigger_target_dag.py
[2026-06-12T11:28:34.007+0000] {processor.py:840} INFO - DAG(s) 'example_trigger_target_dag' retrieved from /home/airflow/.local/lib/python3.8/site-packages/airflow/example_dags/example_trigger_target_dag.py
[2026-06-12T11:28:34.041+0000] {logging_mixin.py:188} INFO - [2026-06-12T11:28:34.040+0000] {dag.py:3036} INFO - Sync 1 DAGs
[2026-06-12T11:28:34.066+0000] {logging_mixin.py:188} INFO - [2026-06-12T11:28:34.065+0000] {dag.py:3823} INFO - Setting next_dagrun for example_trigger_target_dag to None, run_after=None
[2026-06-12T11:28:34.097+0000] {processor.py:183} INFO - Processing /home/airflow/.local/lib/python3.8/site-packages/airflow/example_dags/example_trigger_target_dag.py took 0.108 seconds
[2026-06-12T11:29:04.325+0000] {processor.py:161} INFO - Started process (PID=3501) to work on /home/airflow/.local/lib/python3.8/site-packages/airflow/example_dags/example_trigger_target_dag.py
[2026-06-12T11:29:04.328+0000] {processor.py:830} INFO - Processing file /home/airflow/.local/lib/python3.8/site-packages/airflow/example_dags/example_trigger_target_dag.py for tasks to queue
[2026-06-12T11:29:04.331+0000] {logging_mixin.py:188} INFO - [2026-06-12T11:29:04.330+0000] {dagbag.py:538} INFO - Filling up the DagBag from /home/airflow/.local/lib/python3.8/site-packages/airflow/example_dags/example_trigger_target_dag.py
[2026-06-12T11:29:04.340+0000] {processor.py:840} INFO - DAG(s) 'example_trigger_target_dag' retrieved from /home/airflow/.local/lib/python3.8/site-packages/airflow/example_dags/example_trigger_target_dag.py
[2026-06-12T11:29:04.385+0000] {logging_mixin.py:188} INFO - [2026-06-12T11:29:04.385+0000] {dag.py:3036} INFO - Sync 1 DAGs
[2026-06-12T11:29:04.411+0000] {logging_mixin.py:188} INFO - [2026-06-12T11:29:04.411+0000] {dag.py:3823} INFO - Setting next_dagrun for example_trigger_target_dag to None, run_after=None
[2026-06-12T11:29:04.443+0000] {processor.py:183} INFO - Processing /home/airflow/.local/lib/python3.8/site-packages/airflow/example_dags/example_trigger_target_dag.py took 0.123 seconds
[2026-06-12T11:29:35.078+0000] {processor.py:161} INFO - Started process (PID=3566) to work on /home/airflow/.local/lib/python3.8/site-packages/airflow/example_dags/example_trigger_target_dag.py
[2026-06-12T11:29:35.080+0000] {processor.py:830} INFO - Processing file /home/airflow/.local/lib/python3.8/site-packages/airflow/example_dags/example_trigger_target_dag.py for tasks to queue
[2026-06-12T11:29:35.082+0000] {logging_mixin.py:188} INFO - [2026-06-12T11:29:35.082+0000] {dagbag.py:538} INFO - Filling up the DagBag from /home/airflow/.local/lib/python3.8/site-packages/airflow/example_dags/example_trigger_target_dag.py
[2026-06-12T11:29:35.090+0000] {processor.py:840} INFO - DAG(s) 'example_trigger_target_dag' retrieved from /home/airflow/.local/lib/python3.8/site-packages/airflow/example_dags/example_trigger_target_dag.py
[2026-06-12T11:29:35.123+0000] {logging_mixin.py:188} INFO - [2026-06-12T11:29:35.123+0000] {dag.py:3036} INFO - Sync 1 DAGs
[2026-06-12T11:29:35.142+0000] {logging_mixin.py:188} INFO - [2026-06-12T11:29:35.142+0000] {dag.py:3823} INFO - Setting next_dagrun for example_trigger_target_dag to None, run_after=None
[2026-06-12T11:29:35.172+0000] {processor.py:183} INFO - Processing /home/airflow/.local/lib/python3.8/site-packages/airflow/example_dags/example_trigger_target_dag.py took 0.099 seconds
[2026-06-12T11:30:05.569+0000] {processor.py:161} INFO - Started process (PID=3631) to work on /home/airflow/.local/lib/python3.8/site-packages/airflow/example_dags/example_trigger_target_dag.py
[2026-06-12T11:30:05.570+0000] {processor.py:830} INFO - Processing file /home/airflow/.local/lib/python3.8/site-packages/airflow/example_dags/example_trigger_target_dag.py for tasks to queue
[2026-06-12T11:30:05.572+0000] {logging_mixin.py:188} INFO - [2026-06-12T11:30:05.572+0000] {dagbag.py:538} INFO - Filling up the DagBag from /home/airflow/.local/lib/python3.8/site-packages/airflow/example_dags/example_trigger_target_dag.py
[2026-06-12T11:30:05.581+0000] {processor.py:840} INFO - DAG(s) 'example_trigger_target_dag' retrieved from /home/airflow/.local/lib/python3.8/site-packages/airflow/example_dags/example_trigger_target_dag.py
[2026-06-12T11:30:05.621+0000] {logging_mixin.py:188} INFO - [2026-06-12T11:30:05.620+0000] {dag.py:3036} INFO - Sync 1 DAGs
[2026-06-12T11:30:05.646+0000] {logging_mixin.py:188} INFO - [2026-06-12T11:30:05.645+0000] {dag.py:3823} INFO - Setting next_dagrun for example_trigger_target_dag to None, run_after=None
[2026-06-12T11:30:05.678+0000] {processor.py:183} INFO - Processing /home/airflow/.local/lib/python3.8/site-packages/airflow/example_dags/example_trigger_target_dag.py took 0.114 seconds
[2026-06-12T11:30:36.018+0000] {processor.py:161} INFO - Started process (PID=3697) to work on /home/airflow/.local/lib/python3.8/site-packages/airflow/example_dags/example_trigger_target_dag.py
[2026-06-12T11:30:36.020+0000] {processor.py:830} INFO - Processing file /home/airflow/.local/lib/python3.8/site-packages/airflow/example_dags/example_trigger_target_dag.py for tasks to queue
[2026-06-12T11:30:36.023+0000] {logging_mixin.py:188} INFO - [2026-06-12T11:30:36.023+0000] {dagbag.py:538} INFO - Filling up the DagBag from /home/airflow/.local/lib/python3.8/site-packages/airflow/example_dags/example_trigger_target_dag.py
[2026-06-12T11:30:36.035+0000] {processor.py:840} INFO - DAG(s) 'example_trigger_target_dag' retrieved from /home/airflow/.local/lib/python3.8/site-packages/airflow/example_dags/example_trigger_target_dag.py
[2026-06-12T11:30:36.072+0000] {logging_mixin.py:188} INFO - [2026-06-12T11:30:36.071+0000] {dag.py:3036} INFO - Sync 1 DAGs
[2026-06-12T11:30:36.094+0000] {logging_mixin.py:188} INFO - [2026-06-12T11:30:36.094+0000] {dag.py:3823} INFO - Setting next_dagrun for example_trigger_target_dag to None, run_after=None
[2026-06-12T11:30:36.129+0000] {processor.py:183} INFO - Processing /home/airflow/.local/lib/python3.8/site-packages/airflow/example_dags/example_trigger_target_dag.py took 0.118 seconds
[2026-06-12T11:31:06.465+0000] {processor.py:161} INFO - Started process (PID=3764) to work on /home/airflow/.local/lib/python3.8/site-packages/airflow/example_dags/example_trigger_target_dag.py
[2026-06-12T11:31:06.467+0000] {processor.py:830} INFO - Processing file /home/airflow/.local/lib/python3.8/site-packages/airflow/example_dags/example_trigger_target_dag.py for tasks to queue
[2026-06-12T11:31:06.469+0000] {logging_mixin.py:188} INFO - [2026-06-12T11:31:06.469+0000] {dagbag.py:538} INFO - Filling up the DagBag from /home/airflow/.local/lib/python3.8/site-packages/airflow/example_dags/example_trigger_target_dag.py
[2026-06-12T11:31:06.478+0000] {processor.py:840} INFO - DAG(s) 'example_trigger_target_dag' retrieved from /home/airflow/.local/lib/python3.8/site-packages/airflow/example_dags/example_trigger_target_dag.py
[2026-06-12T11:31:06.512+0000] {logging_mixin.py:188} INFO - [2026-06-12T11:31:06.512+0000] {dag.py:3036} INFO - Sync 1 DAGs
[2026-06-12T11:31:06.532+0000] {logging_mixin.py:188} INFO - [2026-06-12T11:31:06.532+0000] {dag.py:3823} INFO - Setting next_dagrun for example_trigger_target_dag to None, run_after=None
[2026-06-12T11:31:06.563+0000] {processor.py:183} INFO - Processing /home/airflow/.local/lib/python3.8/site-packages/airflow/example_dags/example_trigger_target_dag.py took 0.103 seconds
[2026-06-12T11:31:36.794+0000] {processor.py:161} INFO - Started process (PID=3831) to work on /home/airflow/.local/lib/python3.8/site-packages/airflow/example_dags/example_trigger_target_dag.py
[2026-06-12T11:31:36.795+0000] {processor.py:830} INFO - Processing file /home/airflow/.local/lib/python3.8/site-packages/airflow/example_dags/example_trigger_target_dag.py for tasks to queue
[2026-06-12T11:31:36.798+0000] {logging_mixin.py:188} INFO - [2026-06-12T11:31:36.797+0000] {dagbag.py:538} INFO - Filling up the DagBag from /home/airflow/.local/lib/python3.8/site-packages/airflow/example_dags/example_trigger_target_dag.py
[2026-06-12T11:31:36.807+0000] {processor.py:840} INFO - DAG(s) 'example_trigger_target_dag' retrieved from /home/airflow/.local/lib/python3.8/site-packages/airflow/example_dags/example_trigger_target_dag.py
[2026-06-12T11:31:36.843+0000] {logging_mixin.py:188} INFO - [2026-06-12T11:31:36.843+0000] {dag.py:3036} INFO - Sync 1 DAGs
[2026-06-12T11:31:36.867+0000] {logging_mixin.py:188} INFO - [2026-06-12T11:31:36.867+0000] {dag.py:3823} INFO - Setting next_dagrun for example_trigger_target_dag to None, run_after=None
[2026-06-12T11:31:36.897+0000] {processor.py:183} INFO - Processing /home/airflow/.local/lib/python3.8/site-packages/airflow/example_dags/example_trigger_target_dag.py took 0.108 seconds
[2026-06-12T11:32:07.268+0000] {processor.py:161} INFO - Started process (PID=3906) to work on /home/airflow/.local/lib/python3.8/site-packages/airflow/example_dags/example_trigger_target_dag.py
[2026-06-12T11:32:07.270+0000] {processor.py:830} INFO - Processing file /home/airflow/.local/lib/python3.8/site-packages/airflow/example_dags/example_trigger_target_dag.py for tasks to queue
[2026-06-12T11:32:07.274+0000] {logging_mixin.py:188} INFO - [2026-06-12T11:32:07.273+0000] {dagbag.py:538} INFO - Filling up the DagBag from /home/airflow/.local/lib/python3.8/site-packages/airflow/example_dags/example_trigger_target_dag.py
[2026-06-12T11:32:07.284+0000] {processor.py:840} INFO - DAG(s) 'example_trigger_target_dag' retrieved from /home/airflow/.local/lib/python3.8/site-packages/airflow/example_dags/example_trigger_target_dag.py
[2026-06-12T11:32:07.333+0000] {logging_mixin.py:188} INFO - [2026-06-12T11:32:07.332+0000] {dag.py:3036} INFO - Sync 1 DAGs
[2026-06-12T11:32:07.358+0000] {logging_mixin.py:188} INFO - [2026-06-12T11:32:07.358+0000] {dag.py:3823} INFO - Setting next_dagrun for example_trigger_target_dag to None, run_after=None
[2026-06-12T11:32:07.393+0000] {processor.py:183} INFO - Processing /home/airflow/.local/lib/python3.8/site-packages/airflow/example_dags/example_trigger_target_dag.py took 0.131 seconds
[2026-06-12T11:32:37.673+0000] {processor.py:161} INFO - Started process (PID=3971) to work on /home/airflow/.local/lib/python3.8/site-packages/airflow/example_dags/example_trigger_target_dag.py
[2026-06-12T11:32:37.674+0000] {processor.py:830} INFO - Processing file /home/airflow/.local/lib/python3.8/site-packages/airflow/example_dags/example_trigger_target_dag.py for tasks to queue
[2026-06-12T11:32:37.677+0000] {logging_mixin.py:188} INFO - [2026-06-12T11:32:37.676+0000] {dagbag.py:538} INFO - Filling up the DagBag from /home/airflow/.local/lib/python3.8/site-packages/airflow/example_dags/example_trigger_target_dag.py
[2026-06-12T11:32:37.685+0000] {processor.py:840} INFO - DAG(s) 'example_trigger_target_dag' retrieved from /home/airflow/.local/lib/python3.8/site-packages/airflow/example_dags/example_trigger_target_dag.py
[2026-06-12T11:32:37.726+0000] {logging_mixin.py:188} INFO - [2026-06-12T11:32:37.726+0000] {dag.py:3036} INFO - Sync 1 DAGs
[2026-06-12T11:32:37.752+0000] {logging_mixin.py:188} INFO - [2026-06-12T11:32:37.751+0000] {dag.py:3823} INFO - Setting next_dagrun for example_trigger_target_dag to None, run_after=None
[2026-06-12T11:32:37.787+0000] {processor.py:183} INFO - Processing /home/airflow/.local/lib/python3.8/site-packages/airflow/example_dags/example_trigger_target_dag.py took 0.118 seconds
[2026-06-12T11:33:08.418+0000] {processor.py:161} INFO - Started process (PID=4036) to work on /home/airflow/.local/lib/python3.8/site-packages/airflow/example_dags/example_trigger_target_dag.py
[2026-06-12T11:33:08.419+0000] {processor.py:830} INFO - Processing file /home/airflow/.local/lib/python3.8/site-packages/airflow/example_dags/example_trigger_target_dag.py for tasks to queue
[2026-06-12T11:33:08.422+0000] {logging_mixin.py:188} INFO - [2026-06-12T11:33:08.422+0000] {dagbag.py:538} INFO - Filling up the DagBag from /home/airflow/.local/lib/python3.8/site-packages/airflow/example_dags/example_trigger_target_dag.py
[2026-06-12T11:33:08.432+0000] {processor.py:840} INFO - DAG(s) 'example_trigger_target_dag' retrieved from /home/airflow/.local/lib/python3.8/site-packages/airflow/example_dags/example_trigger_target_dag.py
[2026-06-12T11:33:08.468+0000] {logging_mixin.py:188} INFO - [2026-06-12T11:33:08.468+0000] {dag.py:3036} INFO - Sync 1 DAGs
[2026-06-12T11:33:08.491+0000] {logging_mixin.py:188} INFO - [2026-06-12T11:33:08.491+0000] {dag.py:3823} INFO - Setting next_dagrun for example_trigger_target_dag to None, run_after=None
[2026-06-12T11:33:08.524+0000] {processor.py:183} INFO - Processing /home/airflow/.local/lib/python3.8/site-packages/airflow/example_dags/example_trigger_target_dag.py took 0.111 seconds
[2026-06-12T11:33:39.136+0000] {processor.py:161} INFO - Started process (PID=4102) to work on /home/airflow/.local/lib/python3.8/site-packages/airflow/example_dags/example_trigger_target_dag.py
[2026-06-12T11:33:39.137+0000] {processor.py:830} INFO - Processing file /home/airflow/.local/lib/python3.8/site-packages/airflow/example_dags/example_trigger_target_dag.py for tasks to queue
[2026-06-12T11:33:39.140+0000] {logging_mixin.py:188} INFO - [2026-06-12T11:33:39.140+0000] {dagbag.py:538} INFO - Filling up the DagBag from /home/airflow/.local/lib/python3.8/site-packages/airflow/example_dags/example_trigger_target_dag.py
[2026-06-12T11:33:39.152+0000] {processor.py:840} INFO - DAG(s) 'example_trigger_target_dag' retrieved from /home/airflow/.local/lib/python3.8/site-packages/airflow/example_dags/example_trigger_target_dag.py
[2026-06-12T11:33:39.194+0000] {logging_mixin.py:188} INFO - [2026-06-12T11:33:39.193+0000] {dag.py:3036} INFO - Sync 1 DAGs
[2026-06-12T11:33:39.219+0000] {logging_mixin.py:188} INFO - [2026-06-12T11:33:39.218+0000] {dag.py:3823} INFO - Setting next_dagrun for example_trigger_target_dag to None, run_after=None
[2026-06-12T11:33:39.253+0000] {processor.py:183} INFO - Processing /home/airflow/.local/lib/python3.8/site-packages/airflow/example_dags/example_trigger_target_dag.py took 0.121 seconds
[2026-06-12T11:34:09.711+0000] {processor.py:161} INFO - Started process (PID=4168) to work on /home/airflow/.local/lib/python3.8/site-packages/airflow/example_dags/example_trigger_target_dag.py
[2026-06-12T11:34:09.713+0000] {processor.py:830} INFO - Processing file /home/airflow/.local/lib/python3.8/site-packages/airflow/example_dags/example_trigger_target_dag.py for tasks to queue
[2026-06-12T11:34:09.715+0000] {logging_mixin.py:188} INFO - [2026-06-12T11:34:09.715+0000] {dagbag.py:538} INFO - Filling up the DagBag from /home/airflow/.local/lib/python3.8/site-packages/airflow/example_dags/example_trigger_target_dag.py
[2026-06-12T11:34:09.725+0000] {processor.py:840} INFO - DAG(s) 'example_trigger_target_dag' retrieved from /home/airflow/.local/lib/python3.8/site-packages/airflow/example_dags/example_trigger_target_dag.py
[2026-06-12T11:34:09.764+0000] {logging_mixin.py:188} INFO - [2026-06-12T11:34:09.764+0000] {dag.py:3036} INFO - Sync 1 DAGs
[2026-06-12T11:34:09.788+0000] {logging_mixin.py:188} INFO - [2026-06-12T11:34:09.787+0000] {dag.py:3823} INFO - Setting next_dagrun for example_trigger_target_dag to None, run_after=None
[2026-06-12T11:34:09.819+0000] {processor.py:183} INFO - Processing /home/airflow/.local/lib/python3.8/site-packages/airflow/example_dags/example_trigger_target_dag.py took 0.114 seconds
[2026-06-12T11:34:40.698+0000] {processor.py:161} INFO - Started process (PID=4234) to work on /home/airflow/.local/lib/python3.8/site-packages/airflow/example_dags/example_trigger_target_dag.py
[2026-06-12T11:34:40.699+0000] {processor.py:830} INFO - Processing file /home/airflow/.local/lib/python3.8/site-packages/airflow/example_dags/example_trigger_target_dag.py for tasks to queue
[2026-06-12T11:34:40.702+0000] {logging_mixin.py:188} INFO - [2026-06-12T11:34:40.701+0000] {dagbag.py:538} INFO - Filling up the DagBag from /home/airflow/.local/lib/python3.8/site-packages/airflow/example_dags/example_trigger_target_dag.py
[2026-06-12T11:34:40.710+0000] {processor.py:840} INFO - DAG(s) 'example_trigger_target_dag' retrieved from /home/airflow/.local/lib/python3.8/site-packages/airflow/example_dags/example_trigger_target_dag.py
[2026-06-12T11:34:40.743+0000] {logging_mixin.py:188} INFO - [2026-06-12T11:34:40.743+0000] {dag.py:3036} INFO - Sync 1 DAGs
[2026-06-12T11:34:40.763+0000] {logging_mixin.py:188} INFO - [2026-06-12T11:34:40.763+0000] {dag.py:3823} INFO - Setting next_dagrun for example_trigger_target_dag to None, run_after=None
[2026-06-12T11:34:40.799+0000] {processor.py:183} INFO - Processing /home/airflow/.local/lib/python3.8/site-packages/airflow/example_dags/example_trigger_target_dag.py took 0.106 seconds
[2026-06-12T11:35:10.920+0000] {processor.py:161} INFO - Started process (PID=4300) to work on /home/airflow/.local/lib/python3.8/site-packages/airflow/example_dags/example_trigger_target_dag.py
[2026-06-12T11:35:10.922+0000] {processor.py:830} INFO - Processing file /home/airflow/.local/lib/python3.8/site-packages/airflow/example_dags/example_trigger_target_dag.py for tasks to queue
[2026-06-12T11:35:10.924+0000] {logging_mixin.py:188} INFO - [2026-06-12T11:35:10.924+0000] {dagbag.py:538} INFO - Filling up the DagBag from /home/airflow/.local/lib/python3.8/site-packages/airflow/example_dags/example_trigger_target_dag.py
[2026-06-12T11:35:10.933+0000] {processor.py:840} INFO - DAG(s) 'example_trigger_target_dag' retrieved from /home/airflow/.local/lib/python3.8/site-packages/airflow/example_dags/example_trigger_target_dag.py
[2026-06-12T11:35:10.972+0000] {logging_mixin.py:188} INFO - [2026-06-12T11:35:10.972+0000] {dag.py:3036} INFO - Sync 1 DAGs
[2026-06-12T11:35:10.993+0000] {logging_mixin.py:188} INFO - [2026-06-12T11:35:10.992+0000] {dag.py:3823} INFO - Setting next_dagrun for example_trigger_target_dag to None, run_after=None
[2026-06-12T11:35:11.027+0000] {processor.py:183} INFO - Processing /home/airflow/.local/lib/python3.8/site-packages/airflow/example_dags/example_trigger_target_dag.py took 0.113 seconds
[2026-06-12T11:35:41.372+0000] {processor.py:161} INFO - Started process (PID=4372) to work on /home/airflow/.local/lib/python3.8/site-packages/airflow/example_dags/example_trigger_target_dag.py
[2026-06-12T11:35:41.373+0000] {processor.py:830} INFO - Processing file /home/airflow/.local/lib/python3.8/site-packages/airflow/example_dags/example_trigger_target_dag.py for tasks to queue
[2026-06-12T11:35:41.376+0000] {logging_mixin.py:188} INFO - [2026-06-12T11:35:41.375+0000] {dagbag.py:538} INFO - Filling up the DagBag from /home/airflow/.local/lib/python3.8/site-packages/airflow/example_dags/example_trigger_target_dag.py
[2026-06-12T11:35:41.386+0000] {processor.py:840} INFO - DAG(s) 'example_trigger_target_dag' retrieved from /home/airflow/.local/lib/python3.8/site-packages/airflow/example_dags/example_trigger_target_dag.py
[2026-06-12T11:35:41.427+0000] {logging_mixin.py:188} INFO - [2026-06-12T11:35:41.426+0000] {dag.py:3036} INFO - Sync 1 DAGs
[2026-06-12T11:35:41.451+0000] {logging_mixin.py:188} INFO - [2026-06-12T11:35:41.451+0000] {dag.py:3823} INFO - Setting next_dagrun for example_trigger_target_dag to None, run_after=None
[2026-06-12T11:35:41.484+0000] {processor.py:183} INFO - Processing /home/airflow/.local/lib/python3.8/site-packages/airflow/example_dags/example_trigger_target_dag.py took 0.119 seconds
[2026-06-12T11:36:11.836+0000] {processor.py:161} INFO - Started process (PID=4437) to work on /home/airflow/.local/lib/python3.8/site-packages/airflow/example_dags/example_trigger_target_dag.py
[2026-06-12T11:36:11.838+0000] {processor.py:830} INFO - Processing file /home/airflow/.local/lib/python3.8/site-packages/airflow/example_dags/example_trigger_target_dag.py for tasks to queue
[2026-06-12T11:36:11.841+0000] {logging_mixin.py:188} INFO - [2026-06-12T11:36:11.841+0000] {dagbag.py:538} INFO - Filling up the DagBag from /home/airflow/.local/lib/python3.8/site-packages/airflow/example_dags/example_trigger_target_dag.py
[2026-06-12T11:36:11.852+0000] {processor.py:840} INFO - DAG(s) 'example_trigger_target_dag' retrieved from /home/airflow/.local/lib/python3.8/site-packages/airflow/example_dags/example_trigger_target_dag.py
[2026-06-12T11:36:11.893+0000] {logging_mixin.py:188} INFO - [2026-06-12T11:36:11.892+0000] {dag.py:3036} INFO - Sync 1 DAGs
[2026-06-12T11:36:11.918+0000] {logging_mixin.py:188} INFO - [2026-06-12T11:36:11.918+0000] {dag.py:3823} INFO - Setting next_dagrun for example_trigger_target_dag to None, run_after=None
[2026-06-12T11:36:11.951+0000] {processor.py:183} INFO - Processing /home/airflow/.local/lib/python3.8/site-packages/airflow/example_dags/example_trigger_target_dag.py took 0.120 seconds
[2026-06-12T11:36:42.503+0000] {processor.py:161} INFO - Started process (PID=4503) to work on /home/airflow/.local/lib/python3.8/site-packages/airflow/example_dags/example_trigger_target_dag.py
[2026-06-12T11:36:42.505+0000] {processor.py:830} INFO - Processing file /home/airflow/.local/lib/python3.8/site-packages/airflow/example_dags/example_trigger_target_dag.py for tasks to queue
[2026-06-12T11:36:42.508+0000] {logging_mixin.py:188} INFO - [2026-06-12T11:36:42.508+0000] {dagbag.py:538} INFO - Filling up the DagBag from /home/airflow/.local/lib/python3.8/site-packages/airflow/example_dags/example_trigger_target_dag.py
[2026-06-12T11:36:42.519+0000] {processor.py:840} INFO - DAG(s) 'example_trigger_target_dag' retrieved from /home/airflow/.local/lib/python3.8/site-packages/airflow/example_dags/example_trigger_target_dag.py
[2026-06-12T11:36:42.560+0000] {logging_mixin.py:188} INFO - [2026-06-12T11:36:42.559+0000] {dag.py:3036} INFO - Sync 1 DAGs
[2026-06-12T11:36:42.585+0000] {logging_mixin.py:188} INFO - [2026-06-12T11:36:42.585+0000] {dag.py:3823} INFO - Setting next_dagrun for example_trigger_target_dag to None, run_after=None
[2026-06-12T11:36:42.619+0000] {processor.py:183} INFO - Processing /home/airflow/.local/lib/python3.8/site-packages/airflow/example_dags/example_trigger_target_dag.py took 0.121 seconds
