[2026-06-12T11:03:04.206+0000] {processor.py:161} INFO - Started process (PID=95) to work on /home/airflow/.local/lib/python3.8/site-packages/airflow/example_dags/example_latest_only_with_trigger.py
[2026-06-12T11:03:04.207+0000] {processor.py:830} INFO - Processing file /home/airflow/.local/lib/python3.8/site-packages/airflow/example_dags/example_latest_only_with_trigger.py for tasks to queue
[2026-06-12T11:03:04.210+0000] {logging_mixin.py:188} INFO - [2026-06-12T11:03:04.210+0000] {dagbag.py:538} INFO - Filling up the DagBag from /home/airflow/.local/lib/python3.8/site-packages/airflow/example_dags/example_latest_only_with_trigger.py
[2026-06-12T11:03:04.222+0000] {processor.py:840} INFO - DAG(s) 'latest_only_with_trigger' retrieved from /home/airflow/.local/lib/python3.8/site-packages/airflow/example_dags/example_latest_only_with_trigger.py
[2026-06-12T11:03:04.252+0000] {logging_mixin.py:188} INFO - [2026-06-12T11:03:04.251+0000] {dag.py:3036} INFO - Sync 1 DAGs
[2026-06-12T11:03:04.298+0000] {logging_mixin.py:188} INFO - [2026-06-12T11:03:04.298+0000] {dag.py:3823} INFO - Setting next_dagrun for latest_only_with_trigger to 2026-06-12 04:00:00+00:00, run_after=2026-06-12 08:00:00+00:00
[2026-06-12T11:03:04.336+0000] {processor.py:183} INFO - Processing /home/airflow/.local/lib/python3.8/site-packages/airflow/example_dags/example_latest_only_with_trigger.py took 0.136 seconds
[2026-06-12T11:03:36.336+0000] {processor.py:161} INFO - Started process (PID=161) to work on /home/airflow/.local/lib/python3.8/site-packages/airflow/example_dags/example_latest_only_with_trigger.py
[2026-06-12T11:03:36.338+0000] {processor.py:830} INFO - Processing file /home/airflow/.local/lib/python3.8/site-packages/airflow/example_dags/example_latest_only_with_trigger.py for tasks to queue
[2026-06-12T11:03:36.341+0000] {logging_mixin.py:188} INFO - [2026-06-12T11:03:36.340+0000] {dagbag.py:538} INFO - Filling up the DagBag from /home/airflow/.local/lib/python3.8/site-packages/airflow/example_dags/example_latest_only_with_trigger.py
[2026-06-12T11:03:36.351+0000] {processor.py:840} INFO - DAG(s) 'latest_only_with_trigger' retrieved from /home/airflow/.local/lib/python3.8/site-packages/airflow/example_dags/example_latest_only_with_trigger.py
[2026-06-12T11:03:36.531+0000] {logging_mixin.py:188} INFO - [2026-06-12T11:03:36.531+0000] {dag.py:3036} INFO - Sync 1 DAGs
[2026-06-12T11:03:36.565+0000] {logging_mixin.py:188} INFO - [2026-06-12T11:03:36.565+0000] {dag.py:3823} INFO - Setting next_dagrun for latest_only_with_trigger to 2026-06-12 04:00:00+00:00, run_after=2026-06-12 08:00:00+00:00
[2026-06-12T11:03:36.594+0000] {processor.py:183} INFO - Processing /home/airflow/.local/lib/python3.8/site-packages/airflow/example_dags/example_latest_only_with_trigger.py took 0.264 seconds
[2026-06-12T11:04:07.181+0000] {processor.py:161} INFO - Started process (PID=227) to work on /home/airflow/.local/lib/python3.8/site-packages/airflow/example_dags/example_latest_only_with_trigger.py
[2026-06-12T11:04:07.182+0000] {processor.py:830} INFO - Processing file /home/airflow/.local/lib/python3.8/site-packages/airflow/example_dags/example_latest_only_with_trigger.py for tasks to queue
[2026-06-12T11:04:07.185+0000] {logging_mixin.py:188} INFO - [2026-06-12T11:04:07.185+0000] {dagbag.py:538} INFO - Filling up the DagBag from /home/airflow/.local/lib/python3.8/site-packages/airflow/example_dags/example_latest_only_with_trigger.py
[2026-06-12T11:04:07.194+0000] {processor.py:840} INFO - DAG(s) 'latest_only_with_trigger' retrieved from /home/airflow/.local/lib/python3.8/site-packages/airflow/example_dags/example_latest_only_with_trigger.py
[2026-06-12T11:04:07.229+0000] {logging_mixin.py:188} INFO - [2026-06-12T11:04:07.229+0000] {dag.py:3036} INFO - Sync 1 DAGs
[2026-06-12T11:04:07.262+0000] {logging_mixin.py:188} INFO - [2026-06-12T11:04:07.262+0000] {dag.py:3823} INFO - Setting next_dagrun for latest_only_with_trigger to 2026-06-12 04:00:00+00:00, run_after=2026-06-12 08:00:00+00:00
[2026-06-12T11:04:07.294+0000] {processor.py:183} INFO - Processing /home/airflow/.local/lib/python3.8/site-packages/airflow/example_dags/example_latest_only_with_trigger.py took 0.121 seconds
[2026-06-12T11:04:38.001+0000] {processor.py:161} INFO - Started process (PID=294) to work on /home/airflow/.local/lib/python3.8/site-packages/airflow/example_dags/example_latest_only_with_trigger.py
[2026-06-12T11:04:38.003+0000] {processor.py:830} INFO - Processing file /home/airflow/.local/lib/python3.8/site-packages/airflow/example_dags/example_latest_only_with_trigger.py for tasks to queue
[2026-06-12T11:04:38.005+0000] {logging_mixin.py:188} INFO - [2026-06-12T11:04:38.005+0000] {dagbag.py:538} INFO - Filling up the DagBag from /home/airflow/.local/lib/python3.8/site-packages/airflow/example_dags/example_latest_only_with_trigger.py
[2026-06-12T11:04:38.015+0000] {processor.py:840} INFO - DAG(s) 'latest_only_with_trigger' retrieved from /home/airflow/.local/lib/python3.8/site-packages/airflow/example_dags/example_latest_only_with_trigger.py
[2026-06-12T11:04:38.056+0000] {logging_mixin.py:188} INFO - [2026-06-12T11:04:38.055+0000] {dag.py:3036} INFO - Sync 1 DAGs
[2026-06-12T11:04:38.097+0000] {logging_mixin.py:188} INFO - [2026-06-12T11:04:38.096+0000] {dag.py:3823} INFO - Setting next_dagrun for latest_only_with_trigger to 2026-06-12 04:00:00+00:00, run_after=2026-06-12 08:00:00+00:00
[2026-06-12T11:04:38.131+0000] {processor.py:183} INFO - Processing /home/airflow/.local/lib/python3.8/site-packages/airflow/example_dags/example_latest_only_with_trigger.py took 0.136 seconds
[2026-06-12T11:05:08.612+0000] {processor.py:161} INFO - Started process (PID=360) to work on /home/airflow/.local/lib/python3.8/site-packages/airflow/example_dags/example_latest_only_with_trigger.py
[2026-06-12T11:05:08.614+0000] {processor.py:830} INFO - Processing file /home/airflow/.local/lib/python3.8/site-packages/airflow/example_dags/example_latest_only_with_trigger.py for tasks to queue
[2026-06-12T11:05:08.616+0000] {logging_mixin.py:188} INFO - [2026-06-12T11:05:08.616+0000] {dagbag.py:538} INFO - Filling up the DagBag from /home/airflow/.local/lib/python3.8/site-packages/airflow/example_dags/example_latest_only_with_trigger.py
[2026-06-12T11:05:08.626+0000] {processor.py:840} INFO - DAG(s) 'latest_only_with_trigger' retrieved from /home/airflow/.local/lib/python3.8/site-packages/airflow/example_dags/example_latest_only_with_trigger.py
[2026-06-12T11:05:08.663+0000] {logging_mixin.py:188} INFO - [2026-06-12T11:05:08.662+0000] {dag.py:3036} INFO - Sync 1 DAGs
[2026-06-12T11:05:08.706+0000] {logging_mixin.py:188} INFO - [2026-06-12T11:05:08.706+0000] {dag.py:3823} INFO - Setting next_dagrun for latest_only_with_trigger to 2026-06-12 04:00:00+00:00, run_after=2026-06-12 08:00:00+00:00
[2026-06-12T11:05:08.739+0000] {processor.py:183} INFO - Processing /home/airflow/.local/lib/python3.8/site-packages/airflow/example_dags/example_latest_only_with_trigger.py took 0.133 seconds
[2026-06-12T11:05:39.309+0000] {processor.py:161} INFO - Started process (PID=434) to work on /home/airflow/.local/lib/python3.8/site-packages/airflow/example_dags/example_latest_only_with_trigger.py
[2026-06-12T11:05:39.313+0000] {processor.py:830} INFO - Processing file /home/airflow/.local/lib/python3.8/site-packages/airflow/example_dags/example_latest_only_with_trigger.py for tasks to queue
[2026-06-12T11:05:39.316+0000] {logging_mixin.py:188} INFO - [2026-06-12T11:05:39.315+0000] {dagbag.py:538} INFO - Filling up the DagBag from /home/airflow/.local/lib/python3.8/site-packages/airflow/example_dags/example_latest_only_with_trigger.py
[2026-06-12T11:05:39.338+0000] {processor.py:840} INFO - DAG(s) 'latest_only_with_trigger' retrieved from /home/airflow/.local/lib/python3.8/site-packages/airflow/example_dags/example_latest_only_with_trigger.py
[2026-06-12T11:05:39.425+0000] {logging_mixin.py:188} INFO - [2026-06-12T11:05:39.424+0000] {dag.py:3036} INFO - Sync 1 DAGs
[2026-06-12T11:05:39.467+0000] {logging_mixin.py:188} INFO - [2026-06-12T11:05:39.466+0000] {dag.py:3823} INFO - Setting next_dagrun for latest_only_with_trigger to 2026-06-12 04:00:00+00:00, run_after=2026-06-12 08:00:00+00:00
[2026-06-12T11:05:39.499+0000] {processor.py:183} INFO - Processing /home/airflow/.local/lib/python3.8/site-packages/airflow/example_dags/example_latest_only_with_trigger.py took 0.195 seconds
[2026-06-12T11:06:09.716+0000] {processor.py:161} INFO - Started process (PID=500) to work on /home/airflow/.local/lib/python3.8/site-packages/airflow/example_dags/example_latest_only_with_trigger.py
[2026-06-12T11:06:09.718+0000] {processor.py:830} INFO - Processing file /home/airflow/.local/lib/python3.8/site-packages/airflow/example_dags/example_latest_only_with_trigger.py for tasks to queue
[2026-06-12T11:06:09.721+0000] {logging_mixin.py:188} INFO - [2026-06-12T11:06:09.721+0000] {dagbag.py:538} INFO - Filling up the DagBag from /home/airflow/.local/lib/python3.8/site-packages/airflow/example_dags/example_latest_only_with_trigger.py
[2026-06-12T11:06:09.732+0000] {processor.py:840} INFO - DAG(s) 'latest_only_with_trigger' retrieved from /home/airflow/.local/lib/python3.8/site-packages/airflow/example_dags/example_latest_only_with_trigger.py
[2026-06-12T11:06:09.771+0000] {logging_mixin.py:188} INFO - [2026-06-12T11:06:09.771+0000] {dag.py:3036} INFO - Sync 1 DAGs
[2026-06-12T11:06:09.810+0000] {logging_mixin.py:188} INFO - [2026-06-12T11:06:09.810+0000] {dag.py:3823} INFO - Setting next_dagrun for latest_only_with_trigger to 2026-06-12 04:00:00+00:00, run_after=2026-06-12 08:00:00+00:00
[2026-06-12T11:06:09.842+0000] {processor.py:183} INFO - Processing /home/airflow/.local/lib/python3.8/site-packages/airflow/example_dags/example_latest_only_with_trigger.py took 0.132 seconds
[2026-06-12T11:06:40.179+0000] {processor.py:161} INFO - Started process (PID=564) to work on /home/airflow/.local/lib/python3.8/site-packages/airflow/example_dags/example_latest_only_with_trigger.py
[2026-06-12T11:06:40.180+0000] {processor.py:830} INFO - Processing file /home/airflow/.local/lib/python3.8/site-packages/airflow/example_dags/example_latest_only_with_trigger.py for tasks to queue
[2026-06-12T11:06:40.183+0000] {logging_mixin.py:188} INFO - [2026-06-12T11:06:40.183+0000] {dagbag.py:538} INFO - Filling up the DagBag from /home/airflow/.local/lib/python3.8/site-packages/airflow/example_dags/example_latest_only_with_trigger.py
[2026-06-12T11:06:40.192+0000] {processor.py:840} INFO - DAG(s) 'latest_only_with_trigger' retrieved from /home/airflow/.local/lib/python3.8/site-packages/airflow/example_dags/example_latest_only_with_trigger.py
[2026-06-12T11:06:40.230+0000] {logging_mixin.py:188} INFO - [2026-06-12T11:06:40.230+0000] {dag.py:3036} INFO - Sync 1 DAGs
[2026-06-12T11:06:40.271+0000] {logging_mixin.py:188} INFO - [2026-06-12T11:06:40.271+0000] {dag.py:3823} INFO - Setting next_dagrun for latest_only_with_trigger to 2026-06-12 04:00:00+00:00, run_after=2026-06-12 08:00:00+00:00
[2026-06-12T11:06:40.305+0000] {processor.py:183} INFO - Processing /home/airflow/.local/lib/python3.8/site-packages/airflow/example_dags/example_latest_only_with_trigger.py took 0.134 seconds
[2026-06-12T11:07:10.578+0000] {processor.py:161} INFO - Started process (PID=629) to work on /home/airflow/.local/lib/python3.8/site-packages/airflow/example_dags/example_latest_only_with_trigger.py
[2026-06-12T11:07:10.580+0000] {processor.py:830} INFO - Processing file /home/airflow/.local/lib/python3.8/site-packages/airflow/example_dags/example_latest_only_with_trigger.py for tasks to queue
[2026-06-12T11:07:10.583+0000] {logging_mixin.py:188} INFO - [2026-06-12T11:07:10.583+0000] {dagbag.py:538} INFO - Filling up the DagBag from /home/airflow/.local/lib/python3.8/site-packages/airflow/example_dags/example_latest_only_with_trigger.py
[2026-06-12T11:07:10.593+0000] {processor.py:840} INFO - DAG(s) 'latest_only_with_trigger' retrieved from /home/airflow/.local/lib/python3.8/site-packages/airflow/example_dags/example_latest_only_with_trigger.py
[2026-06-12T11:07:10.636+0000] {logging_mixin.py:188} INFO - [2026-06-12T11:07:10.636+0000] {dag.py:3036} INFO - Sync 1 DAGs
[2026-06-12T11:07:10.678+0000] {logging_mixin.py:188} INFO - [2026-06-12T11:07:10.678+0000] {dag.py:3823} INFO - Setting next_dagrun for latest_only_with_trigger to 2026-06-12 04:00:00+00:00, run_after=2026-06-12 08:00:00+00:00
[2026-06-12T11:07:10.713+0000] {processor.py:183} INFO - Processing /home/airflow/.local/lib/python3.8/site-packages/airflow/example_dags/example_latest_only_with_trigger.py took 0.140 seconds
[2026-06-12T11:07:40.785+0000] {processor.py:161} INFO - Started process (PID=695) to work on /home/airflow/.local/lib/python3.8/site-packages/airflow/example_dags/example_latest_only_with_trigger.py
[2026-06-12T11:07:40.786+0000] {processor.py:830} INFO - Processing file /home/airflow/.local/lib/python3.8/site-packages/airflow/example_dags/example_latest_only_with_trigger.py for tasks to queue
[2026-06-12T11:07:40.789+0000] {logging_mixin.py:188} INFO - [2026-06-12T11:07:40.788+0000] {dagbag.py:538} INFO - Filling up the DagBag from /home/airflow/.local/lib/python3.8/site-packages/airflow/example_dags/example_latest_only_with_trigger.py
[2026-06-12T11:07:40.798+0000] {processor.py:840} INFO - DAG(s) 'latest_only_with_trigger' retrieved from /home/airflow/.local/lib/python3.8/site-packages/airflow/example_dags/example_latest_only_with_trigger.py
[2026-06-12T11:07:40.840+0000] {logging_mixin.py:188} INFO - [2026-06-12T11:07:40.840+0000] {dag.py:3036} INFO - Sync 1 DAGs
[2026-06-12T11:07:40.876+0000] {logging_mixin.py:188} INFO - [2026-06-12T11:07:40.876+0000] {dag.py:3823} INFO - Setting next_dagrun for latest_only_with_trigger to 2026-06-12 04:00:00+00:00, run_after=2026-06-12 08:00:00+00:00
[2026-06-12T11:07:40.908+0000] {processor.py:183} INFO - Processing /home/airflow/.local/lib/python3.8/site-packages/airflow/example_dags/example_latest_only_with_trigger.py took 0.128 seconds
[2026-06-12T11:08:11.281+0000] {processor.py:161} INFO - Started process (PID=761) to work on /home/airflow/.local/lib/python3.8/site-packages/airflow/example_dags/example_latest_only_with_trigger.py
[2026-06-12T11:08:11.283+0000] {processor.py:830} INFO - Processing file /home/airflow/.local/lib/python3.8/site-packages/airflow/example_dags/example_latest_only_with_trigger.py for tasks to queue
[2026-06-12T11:08:11.286+0000] {logging_mixin.py:188} INFO - [2026-06-12T11:08:11.286+0000] {dagbag.py:538} INFO - Filling up the DagBag from /home/airflow/.local/lib/python3.8/site-packages/airflow/example_dags/example_latest_only_with_trigger.py
[2026-06-12T11:08:11.296+0000] {processor.py:840} INFO - DAG(s) 'latest_only_with_trigger' retrieved from /home/airflow/.local/lib/python3.8/site-packages/airflow/example_dags/example_latest_only_with_trigger.py
[2026-06-12T11:08:11.341+0000] {logging_mixin.py:188} INFO - [2026-06-12T11:08:11.337+0000] {dag.py:3036} INFO - Sync 1 DAGs
[2026-06-12T11:08:11.375+0000] {logging_mixin.py:188} INFO - [2026-06-12T11:08:11.375+0000] {dag.py:3823} INFO - Setting next_dagrun for latest_only_with_trigger to 2026-06-12 04:00:00+00:00, run_after=2026-06-12 08:00:00+00:00
[2026-06-12T11:08:11.403+0000] {processor.py:183} INFO - Processing /home/airflow/.local/lib/python3.8/site-packages/airflow/example_dags/example_latest_only_with_trigger.py took 0.128 seconds
[2026-06-12T11:08:41.659+0000] {processor.py:161} INFO - Started process (PID=828) to work on /home/airflow/.local/lib/python3.8/site-packages/airflow/example_dags/example_latest_only_with_trigger.py
[2026-06-12T11:08:41.660+0000] {processor.py:830} INFO - Processing file /home/airflow/.local/lib/python3.8/site-packages/airflow/example_dags/example_latest_only_with_trigger.py for tasks to queue
[2026-06-12T11:08:41.663+0000] {logging_mixin.py:188} INFO - [2026-06-12T11:08:41.662+0000] {dagbag.py:538} INFO - Filling up the DagBag from /home/airflow/.local/lib/python3.8/site-packages/airflow/example_dags/example_latest_only_with_trigger.py
[2026-06-12T11:08:41.671+0000] {processor.py:840} INFO - DAG(s) 'latest_only_with_trigger' retrieved from /home/airflow/.local/lib/python3.8/site-packages/airflow/example_dags/example_latest_only_with_trigger.py
[2026-06-12T11:08:41.707+0000] {logging_mixin.py:188} INFO - [2026-06-12T11:08:41.707+0000] {dag.py:3036} INFO - Sync 1 DAGs
[2026-06-12T11:08:41.741+0000] {logging_mixin.py:188} INFO - [2026-06-12T11:08:41.741+0000] {dag.py:3823} INFO - Setting next_dagrun for latest_only_with_trigger to 2026-06-12 04:00:00+00:00, run_after=2026-06-12 08:00:00+00:00
[2026-06-12T11:08:41.774+0000] {processor.py:183} INFO - Processing /home/airflow/.local/lib/python3.8/site-packages/airflow/example_dags/example_latest_only_with_trigger.py took 0.120 seconds
[2026-06-12T11:09:11.815+0000] {processor.py:161} INFO - Started process (PID=892) to work on /home/airflow/.local/lib/python3.8/site-packages/airflow/example_dags/example_latest_only_with_trigger.py
[2026-06-12T11:09:11.817+0000] {processor.py:830} INFO - Processing file /home/airflow/.local/lib/python3.8/site-packages/airflow/example_dags/example_latest_only_with_trigger.py for tasks to queue
[2026-06-12T11:09:11.819+0000] {logging_mixin.py:188} INFO - [2026-06-12T11:09:11.819+0000] {dagbag.py:538} INFO - Filling up the DagBag from /home/airflow/.local/lib/python3.8/site-packages/airflow/example_dags/example_latest_only_with_trigger.py
[2026-06-12T11:09:11.827+0000] {processor.py:840} INFO - DAG(s) 'latest_only_with_trigger' retrieved from /home/airflow/.local/lib/python3.8/site-packages/airflow/example_dags/example_latest_only_with_trigger.py
[2026-06-12T11:09:11.863+0000] {logging_mixin.py:188} INFO - [2026-06-12T11:09:11.863+0000] {dag.py:3036} INFO - Sync 1 DAGs
[2026-06-12T11:09:11.900+0000] {logging_mixin.py:188} INFO - [2026-06-12T11:09:11.899+0000] {dag.py:3823} INFO - Setting next_dagrun for latest_only_with_trigger to 2026-06-12 04:00:00+00:00, run_after=2026-06-12 08:00:00+00:00
[2026-06-12T11:09:11.927+0000] {processor.py:183} INFO - Processing /home/airflow/.local/lib/python3.8/site-packages/airflow/example_dags/example_latest_only_with_trigger.py took 0.116 seconds
[2026-06-12T11:09:42.335+0000] {processor.py:161} INFO - Started process (PID=965) to work on /home/airflow/.local/lib/python3.8/site-packages/airflow/example_dags/example_latest_only_with_trigger.py
[2026-06-12T11:09:42.336+0000] {processor.py:830} INFO - Processing file /home/airflow/.local/lib/python3.8/site-packages/airflow/example_dags/example_latest_only_with_trigger.py for tasks to queue
[2026-06-12T11:09:42.339+0000] {logging_mixin.py:188} INFO - [2026-06-12T11:09:42.339+0000] {dagbag.py:538} INFO - Filling up the DagBag from /home/airflow/.local/lib/python3.8/site-packages/airflow/example_dags/example_latest_only_with_trigger.py
[2026-06-12T11:09:42.350+0000] {processor.py:840} INFO - DAG(s) 'latest_only_with_trigger' retrieved from /home/airflow/.local/lib/python3.8/site-packages/airflow/example_dags/example_latest_only_with_trigger.py
[2026-06-12T11:09:42.395+0000] {logging_mixin.py:188} INFO - [2026-06-12T11:09:42.395+0000] {dag.py:3036} INFO - Sync 1 DAGs
[2026-06-12T11:09:42.440+0000] {logging_mixin.py:188} INFO - [2026-06-12T11:09:42.440+0000] {dag.py:3823} INFO - Setting next_dagrun for latest_only_with_trigger to 2026-06-12 04:00:00+00:00, run_after=2026-06-12 08:00:00+00:00
[2026-06-12T11:09:42.477+0000] {processor.py:183} INFO - Processing /home/airflow/.local/lib/python3.8/site-packages/airflow/example_dags/example_latest_only_with_trigger.py took 0.148 seconds
[2026-06-12T11:10:12.880+0000] {processor.py:161} INFO - Started process (PID=1032) to work on /home/airflow/.local/lib/python3.8/site-packages/airflow/example_dags/example_latest_only_with_trigger.py
[2026-06-12T11:10:12.882+0000] {processor.py:830} INFO - Processing file /home/airflow/.local/lib/python3.8/site-packages/airflow/example_dags/example_latest_only_with_trigger.py for tasks to queue
[2026-06-12T11:10:12.885+0000] {logging_mixin.py:188} INFO - [2026-06-12T11:10:12.884+0000] {dagbag.py:538} INFO - Filling up the DagBag from /home/airflow/.local/lib/python3.8/site-packages/airflow/example_dags/example_latest_only_with_trigger.py
[2026-06-12T11:10:12.896+0000] {processor.py:840} INFO - DAG(s) 'latest_only_with_trigger' retrieved from /home/airflow/.local/lib/python3.8/site-packages/airflow/example_dags/example_latest_only_with_trigger.py
[2026-06-12T11:10:12.938+0000] {logging_mixin.py:188} INFO - [2026-06-12T11:10:12.938+0000] {dag.py:3036} INFO - Sync 1 DAGs
[2026-06-12T11:10:12.975+0000] {logging_mixin.py:188} INFO - [2026-06-12T11:10:12.974+0000] {dag.py:3823} INFO - Setting next_dagrun for latest_only_with_trigger to 2026-06-12 04:00:00+00:00, run_after=2026-06-12 08:00:00+00:00
[2026-06-12T11:10:13.007+0000] {processor.py:183} INFO - Processing /home/airflow/.local/lib/python3.8/site-packages/airflow/example_dags/example_latest_only_with_trigger.py took 0.133 seconds
[2026-06-12T11:10:43.248+0000] {processor.py:161} INFO - Started process (PID=1097) to work on /home/airflow/.local/lib/python3.8/site-packages/airflow/example_dags/example_latest_only_with_trigger.py
[2026-06-12T11:10:43.250+0000] {processor.py:830} INFO - Processing file /home/airflow/.local/lib/python3.8/site-packages/airflow/example_dags/example_latest_only_with_trigger.py for tasks to queue
[2026-06-12T11:10:43.253+0000] {logging_mixin.py:188} INFO - [2026-06-12T11:10:43.252+0000] {dagbag.py:538} INFO - Filling up the DagBag from /home/airflow/.local/lib/python3.8/site-packages/airflow/example_dags/example_latest_only_with_trigger.py
[2026-06-12T11:10:43.263+0000] {processor.py:840} INFO - DAG(s) 'latest_only_with_trigger' retrieved from /home/airflow/.local/lib/python3.8/site-packages/airflow/example_dags/example_latest_only_with_trigger.py
[2026-06-12T11:10:43.310+0000] {logging_mixin.py:188} INFO - [2026-06-12T11:10:43.309+0000] {dag.py:3036} INFO - Sync 1 DAGs
[2026-06-12T11:10:43.353+0000] {logging_mixin.py:188} INFO - [2026-06-12T11:10:43.353+0000] {dag.py:3823} INFO - Setting next_dagrun for latest_only_with_trigger to 2026-06-12 04:00:00+00:00, run_after=2026-06-12 08:00:00+00:00
[2026-06-12T11:10:43.384+0000] {processor.py:183} INFO - Processing /home/airflow/.local/lib/python3.8/site-packages/airflow/example_dags/example_latest_only_with_trigger.py took 0.141 seconds
[2026-06-12T11:11:13.594+0000] {processor.py:161} INFO - Started process (PID=1163) to work on /home/airflow/.local/lib/python3.8/site-packages/airflow/example_dags/example_latest_only_with_trigger.py
[2026-06-12T11:11:13.596+0000] {processor.py:830} INFO - Processing file /home/airflow/.local/lib/python3.8/site-packages/airflow/example_dags/example_latest_only_with_trigger.py for tasks to queue
[2026-06-12T11:11:13.598+0000] {logging_mixin.py:188} INFO - [2026-06-12T11:11:13.598+0000] {dagbag.py:538} INFO - Filling up the DagBag from /home/airflow/.local/lib/python3.8/site-packages/airflow/example_dags/example_latest_only_with_trigger.py
[2026-06-12T11:11:13.606+0000] {processor.py:840} INFO - DAG(s) 'latest_only_with_trigger' retrieved from /home/airflow/.local/lib/python3.8/site-packages/airflow/example_dags/example_latest_only_with_trigger.py
[2026-06-12T11:11:13.642+0000] {logging_mixin.py:188} INFO - [2026-06-12T11:11:13.642+0000] {dag.py:3036} INFO - Sync 1 DAGs
[2026-06-12T11:11:13.678+0000] {logging_mixin.py:188} INFO - [2026-06-12T11:11:13.678+0000] {dag.py:3823} INFO - Setting next_dagrun for latest_only_with_trigger to 2026-06-12 04:00:00+00:00, run_after=2026-06-12 08:00:00+00:00
[2026-06-12T11:11:13.706+0000] {processor.py:183} INFO - Processing /home/airflow/.local/lib/python3.8/site-packages/airflow/example_dags/example_latest_only_with_trigger.py took 0.117 seconds
[2026-06-12T11:11:44.048+0000] {processor.py:161} INFO - Started process (PID=1230) to work on /home/airflow/.local/lib/python3.8/site-packages/airflow/example_dags/example_latest_only_with_trigger.py
[2026-06-12T11:11:44.049+0000] {processor.py:830} INFO - Processing file /home/airflow/.local/lib/python3.8/site-packages/airflow/example_dags/example_latest_only_with_trigger.py for tasks to queue
[2026-06-12T11:11:44.052+0000] {logging_mixin.py:188} INFO - [2026-06-12T11:11:44.051+0000] {dagbag.py:538} INFO - Filling up the DagBag from /home/airflow/.local/lib/python3.8/site-packages/airflow/example_dags/example_latest_only_with_trigger.py
[2026-06-12T11:11:44.060+0000] {processor.py:840} INFO - DAG(s) 'latest_only_with_trigger' retrieved from /home/airflow/.local/lib/python3.8/site-packages/airflow/example_dags/example_latest_only_with_trigger.py
[2026-06-12T11:11:44.099+0000] {logging_mixin.py:188} INFO - [2026-06-12T11:11:44.098+0000] {dag.py:3036} INFO - Sync 1 DAGs
[2026-06-12T11:11:44.135+0000] {logging_mixin.py:188} INFO - [2026-06-12T11:11:44.135+0000] {dag.py:3823} INFO - Setting next_dagrun for latest_only_with_trigger to 2026-06-12 04:00:00+00:00, run_after=2026-06-12 08:00:00+00:00
[2026-06-12T11:11:44.165+0000] {processor.py:183} INFO - Processing /home/airflow/.local/lib/python3.8/site-packages/airflow/example_dags/example_latest_only_with_trigger.py took 0.123 seconds
[2026-06-12T11:12:14.609+0000] {processor.py:161} INFO - Started process (PID=1296) to work on /home/airflow/.local/lib/python3.8/site-packages/airflow/example_dags/example_latest_only_with_trigger.py
[2026-06-12T11:12:14.610+0000] {processor.py:830} INFO - Processing file /home/airflow/.local/lib/python3.8/site-packages/airflow/example_dags/example_latest_only_with_trigger.py for tasks to queue
[2026-06-12T11:12:14.613+0000] {logging_mixin.py:188} INFO - [2026-06-12T11:12:14.612+0000] {dagbag.py:538} INFO - Filling up the DagBag from /home/airflow/.local/lib/python3.8/site-packages/airflow/example_dags/example_latest_only_with_trigger.py
[2026-06-12T11:12:14.621+0000] {processor.py:840} INFO - DAG(s) 'latest_only_with_trigger' retrieved from /home/airflow/.local/lib/python3.8/site-packages/airflow/example_dags/example_latest_only_with_trigger.py
[2026-06-12T11:12:14.660+0000] {logging_mixin.py:188} INFO - [2026-06-12T11:12:14.660+0000] {dag.py:3036} INFO - Sync 1 DAGs
[2026-06-12T11:12:14.695+0000] {logging_mixin.py:188} INFO - [2026-06-12T11:12:14.695+0000] {dag.py:3823} INFO - Setting next_dagrun for latest_only_with_trigger to 2026-06-12 04:00:00+00:00, run_after=2026-06-12 08:00:00+00:00
[2026-06-12T11:12:14.721+0000] {processor.py:183} INFO - Processing /home/airflow/.local/lib/python3.8/site-packages/airflow/example_dags/example_latest_only_with_trigger.py took 0.116 seconds
[2026-06-12T11:12:44.817+0000] {processor.py:161} INFO - Started process (PID=1363) to work on /home/airflow/.local/lib/python3.8/site-packages/airflow/example_dags/example_latest_only_with_trigger.py
[2026-06-12T11:12:44.819+0000] {processor.py:830} INFO - Processing file /home/airflow/.local/lib/python3.8/site-packages/airflow/example_dags/example_latest_only_with_trigger.py for tasks to queue
[2026-06-12T11:12:44.822+0000] {logging_mixin.py:188} INFO - [2026-06-12T11:12:44.821+0000] {dagbag.py:538} INFO - Filling up the DagBag from /home/airflow/.local/lib/python3.8/site-packages/airflow/example_dags/example_latest_only_with_trigger.py
[2026-06-12T11:12:44.832+0000] {processor.py:840} INFO - DAG(s) 'latest_only_with_trigger' retrieved from /home/airflow/.local/lib/python3.8/site-packages/airflow/example_dags/example_latest_only_with_trigger.py
[2026-06-12T11:12:44.872+0000] {logging_mixin.py:188} INFO - [2026-06-12T11:12:44.872+0000] {dag.py:3036} INFO - Sync 1 DAGs
[2026-06-12T11:12:44.914+0000] {logging_mixin.py:188} INFO - [2026-06-12T11:12:44.913+0000] {dag.py:3823} INFO - Setting next_dagrun for latest_only_with_trigger to 2026-06-12 04:00:00+00:00, run_after=2026-06-12 08:00:00+00:00
[2026-06-12T11:12:44.953+0000] {processor.py:183} INFO - Processing /home/airflow/.local/lib/python3.8/site-packages/airflow/example_dags/example_latest_only_with_trigger.py took 0.141 seconds
[2026-06-12T11:13:15.058+0000] {processor.py:161} INFO - Started process (PID=1429) to work on /home/airflow/.local/lib/python3.8/site-packages/airflow/example_dags/example_latest_only_with_trigger.py
[2026-06-12T11:13:15.060+0000] {processor.py:830} INFO - Processing file /home/airflow/.local/lib/python3.8/site-packages/airflow/example_dags/example_latest_only_with_trigger.py for tasks to queue
[2026-06-12T11:13:15.063+0000] {logging_mixin.py:188} INFO - [2026-06-12T11:13:15.062+0000] {dagbag.py:538} INFO - Filling up the DagBag from /home/airflow/.local/lib/python3.8/site-packages/airflow/example_dags/example_latest_only_with_trigger.py
[2026-06-12T11:13:15.072+0000] {processor.py:840} INFO - DAG(s) 'latest_only_with_trigger' retrieved from /home/airflow/.local/lib/python3.8/site-packages/airflow/example_dags/example_latest_only_with_trigger.py
[2026-06-12T11:13:15.116+0000] {logging_mixin.py:188} INFO - [2026-06-12T11:13:15.116+0000] {dag.py:3036} INFO - Sync 1 DAGs
[2026-06-12T11:13:15.154+0000] {logging_mixin.py:188} INFO - [2026-06-12T11:13:15.154+0000] {dag.py:3823} INFO - Setting next_dagrun for latest_only_with_trigger to 2026-06-12 04:00:00+00:00, run_after=2026-06-12 08:00:00+00:00
[2026-06-12T11:13:15.186+0000] {processor.py:183} INFO - Processing /home/airflow/.local/lib/python3.8/site-packages/airflow/example_dags/example_latest_only_with_trigger.py took 0.132 seconds
[2026-06-12T11:13:45.688+0000] {processor.py:161} INFO - Started process (PID=1495) to work on /home/airflow/.local/lib/python3.8/site-packages/airflow/example_dags/example_latest_only_with_trigger.py
[2026-06-12T11:13:45.689+0000] {processor.py:830} INFO - Processing file /home/airflow/.local/lib/python3.8/site-packages/airflow/example_dags/example_latest_only_with_trigger.py for tasks to queue
[2026-06-12T11:13:45.692+0000] {logging_mixin.py:188} INFO - [2026-06-12T11:13:45.691+0000] {dagbag.py:538} INFO - Filling up the DagBag from /home/airflow/.local/lib/python3.8/site-packages/airflow/example_dags/example_latest_only_with_trigger.py
[2026-06-12T11:13:45.702+0000] {processor.py:840} INFO - DAG(s) 'latest_only_with_trigger' retrieved from /home/airflow/.local/lib/python3.8/site-packages/airflow/example_dags/example_latest_only_with_trigger.py
[2026-06-12T11:13:45.744+0000] {logging_mixin.py:188} INFO - [2026-06-12T11:13:45.744+0000] {dag.py:3036} INFO - Sync 1 DAGs
[2026-06-12T11:13:45.786+0000] {logging_mixin.py:188} INFO - [2026-06-12T11:13:45.785+0000] {dag.py:3823} INFO - Setting next_dagrun for latest_only_with_trigger to 2026-06-12 04:00:00+00:00, run_after=2026-06-12 08:00:00+00:00
[2026-06-12T11:13:45.833+0000] {processor.py:183} INFO - Processing /home/airflow/.local/lib/python3.8/site-packages/airflow/example_dags/example_latest_only_with_trigger.py took 0.151 seconds
[2026-06-12T11:14:16.066+0000] {processor.py:161} INFO - Started process (PID=1570) to work on /home/airflow/.local/lib/python3.8/site-packages/airflow/example_dags/example_latest_only_with_trigger.py
[2026-06-12T11:14:16.068+0000] {processor.py:830} INFO - Processing file /home/airflow/.local/lib/python3.8/site-packages/airflow/example_dags/example_latest_only_with_trigger.py for tasks to queue
[2026-06-12T11:14:16.071+0000] {logging_mixin.py:188} INFO - [2026-06-12T11:14:16.071+0000] {dagbag.py:538} INFO - Filling up the DagBag from /home/airflow/.local/lib/python3.8/site-packages/airflow/example_dags/example_latest_only_with_trigger.py
[2026-06-12T11:14:16.082+0000] {processor.py:840} INFO - DAG(s) 'latest_only_with_trigger' retrieved from /home/airflow/.local/lib/python3.8/site-packages/airflow/example_dags/example_latest_only_with_trigger.py
[2026-06-12T11:14:16.129+0000] {logging_mixin.py:188} INFO - [2026-06-12T11:14:16.128+0000] {dag.py:3036} INFO - Sync 1 DAGs
[2026-06-12T11:14:16.176+0000] {logging_mixin.py:188} INFO - [2026-06-12T11:14:16.176+0000] {dag.py:3823} INFO - Setting next_dagrun for latest_only_with_trigger to 2026-06-12 04:00:00+00:00, run_after=2026-06-12 08:00:00+00:00
[2026-06-12T11:14:16.213+0000] {processor.py:183} INFO - Processing /home/airflow/.local/lib/python3.8/site-packages/airflow/example_dags/example_latest_only_with_trigger.py took 0.154 seconds
[2026-06-12T11:14:46.660+0000] {processor.py:161} INFO - Started process (PID=1636) to work on /home/airflow/.local/lib/python3.8/site-packages/airflow/example_dags/example_latest_only_with_trigger.py
[2026-06-12T11:14:46.661+0000] {processor.py:830} INFO - Processing file /home/airflow/.local/lib/python3.8/site-packages/airflow/example_dags/example_latest_only_with_trigger.py for tasks to queue
[2026-06-12T11:14:46.664+0000] {logging_mixin.py:188} INFO - [2026-06-12T11:14:46.663+0000] {dagbag.py:538} INFO - Filling up the DagBag from /home/airflow/.local/lib/python3.8/site-packages/airflow/example_dags/example_latest_only_with_trigger.py
[2026-06-12T11:14:46.674+0000] {processor.py:840} INFO - DAG(s) 'latest_only_with_trigger' retrieved from /home/airflow/.local/lib/python3.8/site-packages/airflow/example_dags/example_latest_only_with_trigger.py
[2026-06-12T11:14:46.716+0000] {logging_mixin.py:188} INFO - [2026-06-12T11:14:46.716+0000] {dag.py:3036} INFO - Sync 1 DAGs
[2026-06-12T11:14:46.757+0000] {logging_mixin.py:188} INFO - [2026-06-12T11:14:46.756+0000] {dag.py:3823} INFO - Setting next_dagrun for latest_only_with_trigger to 2026-06-12 04:00:00+00:00, run_after=2026-06-12 08:00:00+00:00
[2026-06-12T11:14:46.797+0000] {processor.py:183} INFO - Processing /home/airflow/.local/lib/python3.8/site-packages/airflow/example_dags/example_latest_only_with_trigger.py took 0.143 seconds
[2026-06-12T11:15:17.039+0000] {processor.py:161} INFO - Started process (PID=1702) to work on /home/airflow/.local/lib/python3.8/site-packages/airflow/example_dags/example_latest_only_with_trigger.py
[2026-06-12T11:15:17.041+0000] {processor.py:830} INFO - Processing file /home/airflow/.local/lib/python3.8/site-packages/airflow/example_dags/example_latest_only_with_trigger.py for tasks to queue
[2026-06-12T11:15:17.044+0000] {logging_mixin.py:188} INFO - [2026-06-12T11:15:17.043+0000] {dagbag.py:538} INFO - Filling up the DagBag from /home/airflow/.local/lib/python3.8/site-packages/airflow/example_dags/example_latest_only_with_trigger.py
[2026-06-12T11:15:17.054+0000] {processor.py:840} INFO - DAG(s) 'latest_only_with_trigger' retrieved from /home/airflow/.local/lib/python3.8/site-packages/airflow/example_dags/example_latest_only_with_trigger.py
[2026-06-12T11:15:17.098+0000] {logging_mixin.py:188} INFO - [2026-06-12T11:15:17.097+0000] {dag.py:3036} INFO - Sync 1 DAGs
[2026-06-12T11:15:17.141+0000] {logging_mixin.py:188} INFO - [2026-06-12T11:15:17.141+0000] {dag.py:3823} INFO - Setting next_dagrun for latest_only_with_trigger to 2026-06-12 04:00:00+00:00, run_after=2026-06-12 08:00:00+00:00
[2026-06-12T11:15:17.173+0000] {processor.py:183} INFO - Processing /home/airflow/.local/lib/python3.8/site-packages/airflow/example_dags/example_latest_only_with_trigger.py took 0.140 seconds
[2026-06-12T11:15:47.618+0000] {processor.py:161} INFO - Started process (PID=1768) to work on /home/airflow/.local/lib/python3.8/site-packages/airflow/example_dags/example_latest_only_with_trigger.py
[2026-06-12T11:15:47.619+0000] {processor.py:830} INFO - Processing file /home/airflow/.local/lib/python3.8/site-packages/airflow/example_dags/example_latest_only_with_trigger.py for tasks to queue
[2026-06-12T11:15:47.623+0000] {logging_mixin.py:188} INFO - [2026-06-12T11:15:47.622+0000] {dagbag.py:538} INFO - Filling up the DagBag from /home/airflow/.local/lib/python3.8/site-packages/airflow/example_dags/example_latest_only_with_trigger.py
[2026-06-12T11:15:47.633+0000] {processor.py:840} INFO - DAG(s) 'latest_only_with_trigger' retrieved from /home/airflow/.local/lib/python3.8/site-packages/airflow/example_dags/example_latest_only_with_trigger.py
[2026-06-12T11:15:47.677+0000] {logging_mixin.py:188} INFO - [2026-06-12T11:15:47.676+0000] {dag.py:3036} INFO - Sync 1 DAGs
[2026-06-12T11:15:47.720+0000] {logging_mixin.py:188} INFO - [2026-06-12T11:15:47.720+0000] {dag.py:3823} INFO - Setting next_dagrun for latest_only_with_trigger to 2026-06-12 04:00:00+00:00, run_after=2026-06-12 08:00:00+00:00
[2026-06-12T11:15:47.754+0000] {processor.py:183} INFO - Processing /home/airflow/.local/lib/python3.8/site-packages/airflow/example_dags/example_latest_only_with_trigger.py took 0.141 seconds
[2026-06-12T11:16:18.083+0000] {processor.py:161} INFO - Started process (PID=1833) to work on /home/airflow/.local/lib/python3.8/site-packages/airflow/example_dags/example_latest_only_with_trigger.py
[2026-06-12T11:16:18.085+0000] {processor.py:830} INFO - Processing file /home/airflow/.local/lib/python3.8/site-packages/airflow/example_dags/example_latest_only_with_trigger.py for tasks to queue
[2026-06-12T11:16:18.087+0000] {logging_mixin.py:188} INFO - [2026-06-12T11:16:18.087+0000] {dagbag.py:538} INFO - Filling up the DagBag from /home/airflow/.local/lib/python3.8/site-packages/airflow/example_dags/example_latest_only_with_trigger.py
[2026-06-12T11:16:18.098+0000] {processor.py:840} INFO - DAG(s) 'latest_only_with_trigger' retrieved from /home/airflow/.local/lib/python3.8/site-packages/airflow/example_dags/example_latest_only_with_trigger.py
[2026-06-12T11:16:18.154+0000] {logging_mixin.py:188} INFO - [2026-06-12T11:16:18.153+0000] {dag.py:3036} INFO - Sync 1 DAGs
[2026-06-12T11:16:18.194+0000] {logging_mixin.py:188} INFO - [2026-06-12T11:16:18.194+0000] {dag.py:3823} INFO - Setting next_dagrun for latest_only_with_trigger to 2026-06-12 04:00:00+00:00, run_after=2026-06-12 08:00:00+00:00
[2026-06-12T11:16:18.225+0000] {processor.py:183} INFO - Processing /home/airflow/.local/lib/python3.8/site-packages/airflow/example_dags/example_latest_only_with_trigger.py took 0.147 seconds
[2026-06-12T11:16:48.358+0000] {processor.py:161} INFO - Started process (PID=1899) to work on /home/airflow/.local/lib/python3.8/site-packages/airflow/example_dags/example_latest_only_with_trigger.py
[2026-06-12T11:16:48.360+0000] {processor.py:830} INFO - Processing file /home/airflow/.local/lib/python3.8/site-packages/airflow/example_dags/example_latest_only_with_trigger.py for tasks to queue
[2026-06-12T11:16:48.363+0000] {logging_mixin.py:188} INFO - [2026-06-12T11:16:48.363+0000] {dagbag.py:538} INFO - Filling up the DagBag from /home/airflow/.local/lib/python3.8/site-packages/airflow/example_dags/example_latest_only_with_trigger.py
[2026-06-12T11:16:48.373+0000] {processor.py:840} INFO - DAG(s) 'latest_only_with_trigger' retrieved from /home/airflow/.local/lib/python3.8/site-packages/airflow/example_dags/example_latest_only_with_trigger.py
[2026-06-12T11:16:48.413+0000] {logging_mixin.py:188} INFO - [2026-06-12T11:16:48.413+0000] {dag.py:3036} INFO - Sync 1 DAGs
[2026-06-12T11:16:48.453+0000] {logging_mixin.py:188} INFO - [2026-06-12T11:16:48.453+0000] {dag.py:3823} INFO - Setting next_dagrun for latest_only_with_trigger to 2026-06-12 04:00:00+00:00, run_after=2026-06-12 08:00:00+00:00
[2026-06-12T11:16:48.483+0000] {processor.py:183} INFO - Processing /home/airflow/.local/lib/python3.8/site-packages/airflow/example_dags/example_latest_only_with_trigger.py took 0.130 seconds
[2026-06-12T11:17:18.889+0000] {processor.py:161} INFO - Started process (PID=1964) to work on /home/airflow/.local/lib/python3.8/site-packages/airflow/example_dags/example_latest_only_with_trigger.py
[2026-06-12T11:17:18.890+0000] {processor.py:830} INFO - Processing file /home/airflow/.local/lib/python3.8/site-packages/airflow/example_dags/example_latest_only_with_trigger.py for tasks to queue
[2026-06-12T11:17:18.892+0000] {logging_mixin.py:188} INFO - [2026-06-12T11:17:18.892+0000] {dagbag.py:538} INFO - Filling up the DagBag from /home/airflow/.local/lib/python3.8/site-packages/airflow/example_dags/example_latest_only_with_trigger.py
[2026-06-12T11:17:18.901+0000] {processor.py:840} INFO - DAG(s) 'latest_only_with_trigger' retrieved from /home/airflow/.local/lib/python3.8/site-packages/airflow/example_dags/example_latest_only_with_trigger.py
[2026-06-12T11:17:18.939+0000] {logging_mixin.py:188} INFO - [2026-06-12T11:17:18.938+0000] {dag.py:3036} INFO - Sync 1 DAGs
[2026-06-12T11:17:18.985+0000] {logging_mixin.py:188} INFO - [2026-06-12T11:17:18.984+0000] {dag.py:3823} INFO - Setting next_dagrun for latest_only_with_trigger to 2026-06-12 04:00:00+00:00, run_after=2026-06-12 08:00:00+00:00
[2026-06-12T11:17:19.016+0000] {processor.py:183} INFO - Processing /home/airflow/.local/lib/python3.8/site-packages/airflow/example_dags/example_latest_only_with_trigger.py took 0.133 seconds
[2026-06-12T11:17:49.423+0000] {processor.py:161} INFO - Started process (PID=2030) to work on /home/airflow/.local/lib/python3.8/site-packages/airflow/example_dags/example_latest_only_with_trigger.py
[2026-06-12T11:17:49.425+0000] {processor.py:830} INFO - Processing file /home/airflow/.local/lib/python3.8/site-packages/airflow/example_dags/example_latest_only_with_trigger.py for tasks to queue
[2026-06-12T11:17:49.427+0000] {logging_mixin.py:188} INFO - [2026-06-12T11:17:49.427+0000] {dagbag.py:538} INFO - Filling up the DagBag from /home/airflow/.local/lib/python3.8/site-packages/airflow/example_dags/example_latest_only_with_trigger.py
[2026-06-12T11:17:49.436+0000] {processor.py:840} INFO - DAG(s) 'latest_only_with_trigger' retrieved from /home/airflow/.local/lib/python3.8/site-packages/airflow/example_dags/example_latest_only_with_trigger.py
[2026-06-12T11:17:49.471+0000] {logging_mixin.py:188} INFO - [2026-06-12T11:17:49.470+0000] {dag.py:3036} INFO - Sync 1 DAGs
[2026-06-12T11:17:49.504+0000] {logging_mixin.py:188} INFO - [2026-06-12T11:17:49.504+0000] {dag.py:3823} INFO - Setting next_dagrun for latest_only_with_trigger to 2026-06-12 04:00:00+00:00, run_after=2026-06-12 08:00:00+00:00
[2026-06-12T11:17:49.532+0000] {processor.py:183} INFO - Processing /home/airflow/.local/lib/python3.8/site-packages/airflow/example_dags/example_latest_only_with_trigger.py took 0.114 seconds
[2026-06-12T11:18:19.721+0000] {processor.py:161} INFO - Started process (PID=2096) to work on /home/airflow/.local/lib/python3.8/site-packages/airflow/example_dags/example_latest_only_with_trigger.py
[2026-06-12T11:18:19.723+0000] {processor.py:830} INFO - Processing file /home/airflow/.local/lib/python3.8/site-packages/airflow/example_dags/example_latest_only_with_trigger.py for tasks to queue
[2026-06-12T11:18:19.726+0000] {logging_mixin.py:188} INFO - [2026-06-12T11:18:19.726+0000] {dagbag.py:538} INFO - Filling up the DagBag from /home/airflow/.local/lib/python3.8/site-packages/airflow/example_dags/example_latest_only_with_trigger.py
[2026-06-12T11:18:19.737+0000] {processor.py:840} INFO - DAG(s) 'latest_only_with_trigger' retrieved from /home/airflow/.local/lib/python3.8/site-packages/airflow/example_dags/example_latest_only_with_trigger.py
[2026-06-12T11:18:19.781+0000] {logging_mixin.py:188} INFO - [2026-06-12T11:18:19.780+0000] {dag.py:3036} INFO - Sync 1 DAGs
[2026-06-12T11:18:19.817+0000] {logging_mixin.py:188} INFO - [2026-06-12T11:18:19.817+0000] {dag.py:3823} INFO - Setting next_dagrun for latest_only_with_trigger to 2026-06-12 04:00:00+00:00, run_after=2026-06-12 08:00:00+00:00
[2026-06-12T11:18:19.850+0000] {processor.py:183} INFO - Processing /home/airflow/.local/lib/python3.8/site-packages/airflow/example_dags/example_latest_only_with_trigger.py took 0.135 seconds
[2026-06-12T11:18:50.037+0000] {processor.py:161} INFO - Started process (PID=2162) to work on /home/airflow/.local/lib/python3.8/site-packages/airflow/example_dags/example_latest_only_with_trigger.py
[2026-06-12T11:18:50.039+0000] {processor.py:830} INFO - Processing file /home/airflow/.local/lib/python3.8/site-packages/airflow/example_dags/example_latest_only_with_trigger.py for tasks to queue
[2026-06-12T11:18:50.041+0000] {logging_mixin.py:188} INFO - [2026-06-12T11:18:50.041+0000] {dagbag.py:538} INFO - Filling up the DagBag from /home/airflow/.local/lib/python3.8/site-packages/airflow/example_dags/example_latest_only_with_trigger.py
[2026-06-12T11:18:50.049+0000] {processor.py:840} INFO - DAG(s) 'latest_only_with_trigger' retrieved from /home/airflow/.local/lib/python3.8/site-packages/airflow/example_dags/example_latest_only_with_trigger.py
[2026-06-12T11:18:50.086+0000] {logging_mixin.py:188} INFO - [2026-06-12T11:18:50.086+0000] {dag.py:3036} INFO - Sync 1 DAGs
[2026-06-12T11:18:50.121+0000] {logging_mixin.py:188} INFO - [2026-06-12T11:18:50.120+0000] {dag.py:3823} INFO - Setting next_dagrun for latest_only_with_trigger to 2026-06-12 04:00:00+00:00, run_after=2026-06-12 08:00:00+00:00
[2026-06-12T11:18:50.148+0000] {processor.py:183} INFO - Processing /home/airflow/.local/lib/python3.8/site-packages/airflow/example_dags/example_latest_only_with_trigger.py took 0.116 seconds
[2026-06-12T11:19:20.601+0000] {processor.py:161} INFO - Started process (PID=2235) to work on /home/airflow/.local/lib/python3.8/site-packages/airflow/example_dags/example_latest_only_with_trigger.py
[2026-06-12T11:19:20.602+0000] {processor.py:830} INFO - Processing file /home/airflow/.local/lib/python3.8/site-packages/airflow/example_dags/example_latest_only_with_trigger.py for tasks to queue
[2026-06-12T11:19:20.606+0000] {logging_mixin.py:188} INFO - [2026-06-12T11:19:20.606+0000] {dagbag.py:538} INFO - Filling up the DagBag from /home/airflow/.local/lib/python3.8/site-packages/airflow/example_dags/example_latest_only_with_trigger.py
[2026-06-12T11:19:20.616+0000] {processor.py:840} INFO - DAG(s) 'latest_only_with_trigger' retrieved from /home/airflow/.local/lib/python3.8/site-packages/airflow/example_dags/example_latest_only_with_trigger.py
[2026-06-12T11:19:20.658+0000] {logging_mixin.py:188} INFO - [2026-06-12T11:19:20.658+0000] {dag.py:3036} INFO - Sync 1 DAGs
[2026-06-12T11:19:20.702+0000] {logging_mixin.py:188} INFO - [2026-06-12T11:19:20.702+0000] {dag.py:3823} INFO - Setting next_dagrun for latest_only_with_trigger to 2026-06-12 04:00:00+00:00, run_after=2026-06-12 08:00:00+00:00
[2026-06-12T11:19:20.738+0000] {processor.py:183} INFO - Processing /home/airflow/.local/lib/python3.8/site-packages/airflow/example_dags/example_latest_only_with_trigger.py took 0.142 seconds
[2026-06-12T11:19:50.879+0000] {processor.py:161} INFO - Started process (PID=2302) to work on /home/airflow/.local/lib/python3.8/site-packages/airflow/example_dags/example_latest_only_with_trigger.py
[2026-06-12T11:19:50.881+0000] {processor.py:830} INFO - Processing file /home/airflow/.local/lib/python3.8/site-packages/airflow/example_dags/example_latest_only_with_trigger.py for tasks to queue
[2026-06-12T11:19:50.884+0000] {logging_mixin.py:188} INFO - [2026-06-12T11:19:50.883+0000] {dagbag.py:538} INFO - Filling up the DagBag from /home/airflow/.local/lib/python3.8/site-packages/airflow/example_dags/example_latest_only_with_trigger.py
[2026-06-12T11:19:50.895+0000] {processor.py:840} INFO - DAG(s) 'latest_only_with_trigger' retrieved from /home/airflow/.local/lib/python3.8/site-packages/airflow/example_dags/example_latest_only_with_trigger.py
[2026-06-12T11:19:50.937+0000] {logging_mixin.py:188} INFO - [2026-06-12T11:19:50.936+0000] {dag.py:3036} INFO - Sync 1 DAGs
[2026-06-12T11:19:50.985+0000] {logging_mixin.py:188} INFO - [2026-06-12T11:19:50.985+0000] {dag.py:3823} INFO - Setting next_dagrun for latest_only_with_trigger to 2026-06-12 04:00:00+00:00, run_after=2026-06-12 08:00:00+00:00
[2026-06-12T11:19:51.022+0000] {processor.py:183} INFO - Processing /home/airflow/.local/lib/python3.8/site-packages/airflow/example_dags/example_latest_only_with_trigger.py took 0.150 seconds
[2026-06-12T11:20:21.258+0000] {processor.py:161} INFO - Started process (PID=2368) to work on /home/airflow/.local/lib/python3.8/site-packages/airflow/example_dags/example_latest_only_with_trigger.py
[2026-06-12T11:20:21.260+0000] {processor.py:830} INFO - Processing file /home/airflow/.local/lib/python3.8/site-packages/airflow/example_dags/example_latest_only_with_trigger.py for tasks to queue
[2026-06-12T11:20:21.263+0000] {logging_mixin.py:188} INFO - [2026-06-12T11:20:21.262+0000] {dagbag.py:538} INFO - Filling up the DagBag from /home/airflow/.local/lib/python3.8/site-packages/airflow/example_dags/example_latest_only_with_trigger.py
[2026-06-12T11:20:21.273+0000] {processor.py:840} INFO - DAG(s) 'latest_only_with_trigger' retrieved from /home/airflow/.local/lib/python3.8/site-packages/airflow/example_dags/example_latest_only_with_trigger.py
[2026-06-12T11:20:21.316+0000] {logging_mixin.py:188} INFO - [2026-06-12T11:20:21.316+0000] {dag.py:3036} INFO - Sync 1 DAGs
[2026-06-12T11:20:21.361+0000] {logging_mixin.py:188} INFO - [2026-06-12T11:20:21.360+0000] {dag.py:3823} INFO - Setting next_dagrun for latest_only_with_trigger to 2026-06-12 04:00:00+00:00, run_after=2026-06-12 08:00:00+00:00
[2026-06-12T11:20:21.419+0000] {processor.py:183} INFO - Processing /home/airflow/.local/lib/python3.8/site-packages/airflow/example_dags/example_latest_only_with_trigger.py took 0.166 seconds
[2026-06-12T11:20:51.588+0000] {processor.py:161} INFO - Started process (PID=2434) to work on /home/airflow/.local/lib/python3.8/site-packages/airflow/example_dags/example_latest_only_with_trigger.py
[2026-06-12T11:20:51.590+0000] {processor.py:830} INFO - Processing file /home/airflow/.local/lib/python3.8/site-packages/airflow/example_dags/example_latest_only_with_trigger.py for tasks to queue
[2026-06-12T11:20:51.593+0000] {logging_mixin.py:188} INFO - [2026-06-12T11:20:51.592+0000] {dagbag.py:538} INFO - Filling up the DagBag from /home/airflow/.local/lib/python3.8/site-packages/airflow/example_dags/example_latest_only_with_trigger.py
[2026-06-12T11:20:51.603+0000] {processor.py:840} INFO - DAG(s) 'latest_only_with_trigger' retrieved from /home/airflow/.local/lib/python3.8/site-packages/airflow/example_dags/example_latest_only_with_trigger.py
[2026-06-12T11:20:51.661+0000] {logging_mixin.py:188} INFO - [2026-06-12T11:20:51.660+0000] {dag.py:3036} INFO - Sync 1 DAGs
[2026-06-12T11:20:51.732+0000] {logging_mixin.py:188} INFO - [2026-06-12T11:20:51.732+0000] {dag.py:3823} INFO - Setting next_dagrun for latest_only_with_trigger to 2026-06-12 04:00:00+00:00, run_after=2026-06-12 08:00:00+00:00
[2026-06-12T11:20:51.772+0000] {processor.py:183} INFO - Processing /home/airflow/.local/lib/python3.8/site-packages/airflow/example_dags/example_latest_only_with_trigger.py took 0.189 seconds
[2026-06-12T11:21:21.928+0000] {processor.py:161} INFO - Started process (PID=2500) to work on /home/airflow/.local/lib/python3.8/site-packages/airflow/example_dags/example_latest_only_with_trigger.py
[2026-06-12T11:21:21.929+0000] {processor.py:830} INFO - Processing file /home/airflow/.local/lib/python3.8/site-packages/airflow/example_dags/example_latest_only_with_trigger.py for tasks to queue
[2026-06-12T11:21:21.932+0000] {logging_mixin.py:188} INFO - [2026-06-12T11:21:21.931+0000] {dagbag.py:538} INFO - Filling up the DagBag from /home/airflow/.local/lib/python3.8/site-packages/airflow/example_dags/example_latest_only_with_trigger.py
[2026-06-12T11:21:21.940+0000] {processor.py:840} INFO - DAG(s) 'latest_only_with_trigger' retrieved from /home/airflow/.local/lib/python3.8/site-packages/airflow/example_dags/example_latest_only_with_trigger.py
[2026-06-12T11:21:21.975+0000] {logging_mixin.py:188} INFO - [2026-06-12T11:21:21.974+0000] {dag.py:3036} INFO - Sync 1 DAGs
[2026-06-12T11:21:22.011+0000] {logging_mixin.py:188} INFO - [2026-06-12T11:21:22.010+0000] {dag.py:3823} INFO - Setting next_dagrun for latest_only_with_trigger to 2026-06-12 04:00:00+00:00, run_after=2026-06-12 08:00:00+00:00
[2026-06-12T11:21:22.039+0000] {processor.py:183} INFO - Processing /home/airflow/.local/lib/python3.8/site-packages/airflow/example_dags/example_latest_only_with_trigger.py took 0.116 seconds
[2026-06-12T11:21:52.736+0000] {processor.py:161} INFO - Started process (PID=2566) to work on /home/airflow/.local/lib/python3.8/site-packages/airflow/example_dags/example_latest_only_with_trigger.py
[2026-06-12T11:21:52.738+0000] {processor.py:830} INFO - Processing file /home/airflow/.local/lib/python3.8/site-packages/airflow/example_dags/example_latest_only_with_trigger.py for tasks to queue
[2026-06-12T11:21:52.740+0000] {logging_mixin.py:188} INFO - [2026-06-12T11:21:52.740+0000] {dagbag.py:538} INFO - Filling up the DagBag from /home/airflow/.local/lib/python3.8/site-packages/airflow/example_dags/example_latest_only_with_trigger.py
[2026-06-12T11:21:52.749+0000] {processor.py:840} INFO - DAG(s) 'latest_only_with_trigger' retrieved from /home/airflow/.local/lib/python3.8/site-packages/airflow/example_dags/example_latest_only_with_trigger.py
[2026-06-12T11:21:52.791+0000] {logging_mixin.py:188} INFO - [2026-06-12T11:21:52.790+0000] {dag.py:3036} INFO - Sync 1 DAGs
[2026-06-12T11:21:52.833+0000] {logging_mixin.py:188} INFO - [2026-06-12T11:21:52.832+0000] {dag.py:3823} INFO - Setting next_dagrun for latest_only_with_trigger to 2026-06-12 04:00:00+00:00, run_after=2026-06-12 08:00:00+00:00
[2026-06-12T11:21:52.866+0000] {processor.py:183} INFO - Processing /home/airflow/.local/lib/python3.8/site-packages/airflow/example_dags/example_latest_only_with_trigger.py took 0.135 seconds
[2026-06-12T11:22:23.465+0000] {processor.py:161} INFO - Started process (PID=2632) to work on /home/airflow/.local/lib/python3.8/site-packages/airflow/example_dags/example_latest_only_with_trigger.py
[2026-06-12T11:22:23.467+0000] {processor.py:830} INFO - Processing file /home/airflow/.local/lib/python3.8/site-packages/airflow/example_dags/example_latest_only_with_trigger.py for tasks to queue
[2026-06-12T11:22:23.469+0000] {logging_mixin.py:188} INFO - [2026-06-12T11:22:23.469+0000] {dagbag.py:538} INFO - Filling up the DagBag from /home/airflow/.local/lib/python3.8/site-packages/airflow/example_dags/example_latest_only_with_trigger.py
[2026-06-12T11:22:23.479+0000] {processor.py:840} INFO - DAG(s) 'latest_only_with_trigger' retrieved from /home/airflow/.local/lib/python3.8/site-packages/airflow/example_dags/example_latest_only_with_trigger.py
[2026-06-12T11:22:23.520+0000] {logging_mixin.py:188} INFO - [2026-06-12T11:22:23.519+0000] {dag.py:3036} INFO - Sync 1 DAGs
[2026-06-12T11:22:23.560+0000] {logging_mixin.py:188} INFO - [2026-06-12T11:22:23.559+0000] {dag.py:3823} INFO - Setting next_dagrun for latest_only_with_trigger to 2026-06-12 04:00:00+00:00, run_after=2026-06-12 08:00:00+00:00
[2026-06-12T11:22:23.592+0000] {processor.py:183} INFO - Processing /home/airflow/.local/lib/python3.8/site-packages/airflow/example_dags/example_latest_only_with_trigger.py took 0.131 seconds
[2026-06-12T11:22:53.989+0000] {processor.py:161} INFO - Started process (PID=2698) to work on /home/airflow/.local/lib/python3.8/site-packages/airflow/example_dags/example_latest_only_with_trigger.py
[2026-06-12T11:22:53.991+0000] {processor.py:830} INFO - Processing file /home/airflow/.local/lib/python3.8/site-packages/airflow/example_dags/example_latest_only_with_trigger.py for tasks to queue
[2026-06-12T11:22:53.994+0000] {logging_mixin.py:188} INFO - [2026-06-12T11:22:53.994+0000] {dagbag.py:538} INFO - Filling up the DagBag from /home/airflow/.local/lib/python3.8/site-packages/airflow/example_dags/example_latest_only_with_trigger.py
[2026-06-12T11:22:54.003+0000] {processor.py:840} INFO - DAG(s) 'latest_only_with_trigger' retrieved from /home/airflow/.local/lib/python3.8/site-packages/airflow/example_dags/example_latest_only_with_trigger.py
[2026-06-12T11:22:54.041+0000] {logging_mixin.py:188} INFO - [2026-06-12T11:22:54.041+0000] {dag.py:3036} INFO - Sync 1 DAGs
[2026-06-12T11:22:54.075+0000] {logging_mixin.py:188} INFO - [2026-06-12T11:22:54.075+0000] {dag.py:3823} INFO - Setting next_dagrun for latest_only_with_trigger to 2026-06-12 04:00:00+00:00, run_after=2026-06-12 08:00:00+00:00
[2026-06-12T11:22:54.102+0000] {processor.py:183} INFO - Processing /home/airflow/.local/lib/python3.8/site-packages/airflow/example_dags/example_latest_only_with_trigger.py took 0.117 seconds
[2026-06-12T11:23:24.919+0000] {processor.py:161} INFO - Started process (PID=2771) to work on /home/airflow/.local/lib/python3.8/site-packages/airflow/example_dags/example_latest_only_with_trigger.py
[2026-06-12T11:23:24.921+0000] {processor.py:830} INFO - Processing file /home/airflow/.local/lib/python3.8/site-packages/airflow/example_dags/example_latest_only_with_trigger.py for tasks to queue
[2026-06-12T11:23:24.924+0000] {logging_mixin.py:188} INFO - [2026-06-12T11:23:24.923+0000] {dagbag.py:538} INFO - Filling up the DagBag from /home/airflow/.local/lib/python3.8/site-packages/airflow/example_dags/example_latest_only_with_trigger.py
[2026-06-12T11:23:24.932+0000] {processor.py:840} INFO - DAG(s) 'latest_only_with_trigger' retrieved from /home/airflow/.local/lib/python3.8/site-packages/airflow/example_dags/example_latest_only_with_trigger.py
[2026-06-12T11:23:24.968+0000] {logging_mixin.py:188} INFO - [2026-06-12T11:23:24.968+0000] {dag.py:3036} INFO - Sync 1 DAGs
[2026-06-12T11:23:25.007+0000] {logging_mixin.py:188} INFO - [2026-06-12T11:23:25.006+0000] {dag.py:3823} INFO - Setting next_dagrun for latest_only_with_trigger to 2026-06-12 04:00:00+00:00, run_after=2026-06-12 08:00:00+00:00
[2026-06-12T11:23:25.036+0000] {processor.py:183} INFO - Processing /home/airflow/.local/lib/python3.8/site-packages/airflow/example_dags/example_latest_only_with_trigger.py took 0.122 seconds
[2026-06-12T11:23:56.003+0000] {processor.py:161} INFO - Started process (PID=2837) to work on /home/airflow/.local/lib/python3.8/site-packages/airflow/example_dags/example_latest_only_with_trigger.py
[2026-06-12T11:23:56.005+0000] {processor.py:830} INFO - Processing file /home/airflow/.local/lib/python3.8/site-packages/airflow/example_dags/example_latest_only_with_trigger.py for tasks to queue
[2026-06-12T11:23:56.008+0000] {logging_mixin.py:188} INFO - [2026-06-12T11:23:56.007+0000] {dagbag.py:538} INFO - Filling up the DagBag from /home/airflow/.local/lib/python3.8/site-packages/airflow/example_dags/example_latest_only_with_trigger.py
[2026-06-12T11:23:56.018+0000] {processor.py:840} INFO - DAG(s) 'latest_only_with_trigger' retrieved from /home/airflow/.local/lib/python3.8/site-packages/airflow/example_dags/example_latest_only_with_trigger.py
[2026-06-12T11:23:56.069+0000] {logging_mixin.py:188} INFO - [2026-06-12T11:23:56.068+0000] {dag.py:3036} INFO - Sync 1 DAGs
[2026-06-12T11:23:56.122+0000] {logging_mixin.py:188} INFO - [2026-06-12T11:23:56.122+0000] {dag.py:3823} INFO - Setting next_dagrun for latest_only_with_trigger to 2026-06-12 04:00:00+00:00, run_after=2026-06-12 08:00:00+00:00
[2026-06-12T11:23:56.342+0000] {processor.py:183} INFO - Processing /home/airflow/.local/lib/python3.8/site-packages/airflow/example_dags/example_latest_only_with_trigger.py took 0.345 seconds
[2026-06-12T11:24:26.618+0000] {processor.py:161} INFO - Started process (PID=2903) to work on /home/airflow/.local/lib/python3.8/site-packages/airflow/example_dags/example_latest_only_with_trigger.py
[2026-06-12T11:24:26.624+0000] {processor.py:830} INFO - Processing file /home/airflow/.local/lib/python3.8/site-packages/airflow/example_dags/example_latest_only_with_trigger.py for tasks to queue
[2026-06-12T11:24:26.627+0000] {logging_mixin.py:188} INFO - [2026-06-12T11:24:26.627+0000] {dagbag.py:538} INFO - Filling up the DagBag from /home/airflow/.local/lib/python3.8/site-packages/airflow/example_dags/example_latest_only_with_trigger.py
[2026-06-12T11:24:26.637+0000] {processor.py:840} INFO - DAG(s) 'latest_only_with_trigger' retrieved from /home/airflow/.local/lib/python3.8/site-packages/airflow/example_dags/example_latest_only_with_trigger.py
[2026-06-12T11:24:26.676+0000] {logging_mixin.py:188} INFO - [2026-06-12T11:24:26.676+0000] {dag.py:3036} INFO - Sync 1 DAGs
[2026-06-12T11:24:26.721+0000] {logging_mixin.py:188} INFO - [2026-06-12T11:24:26.720+0000] {dag.py:3823} INFO - Setting next_dagrun for latest_only_with_trigger to 2026-06-12 04:00:00+00:00, run_after=2026-06-12 08:00:00+00:00
[2026-06-12T11:24:26.754+0000] {processor.py:183} INFO - Processing /home/airflow/.local/lib/python3.8/site-packages/airflow/example_dags/example_latest_only_with_trigger.py took 0.142 seconds
[2026-06-12T11:24:57.308+0000] {processor.py:161} INFO - Started process (PID=2969) to work on /home/airflow/.local/lib/python3.8/site-packages/airflow/example_dags/example_latest_only_with_trigger.py
[2026-06-12T11:24:57.310+0000] {processor.py:830} INFO - Processing file /home/airflow/.local/lib/python3.8/site-packages/airflow/example_dags/example_latest_only_with_trigger.py for tasks to queue
[2026-06-12T11:24:57.315+0000] {logging_mixin.py:188} INFO - [2026-06-12T11:24:57.315+0000] {dagbag.py:538} INFO - Filling up the DagBag from /home/airflow/.local/lib/python3.8/site-packages/airflow/example_dags/example_latest_only_with_trigger.py
[2026-06-12T11:24:57.326+0000] {processor.py:840} INFO - DAG(s) 'latest_only_with_trigger' retrieved from /home/airflow/.local/lib/python3.8/site-packages/airflow/example_dags/example_latest_only_with_trigger.py
[2026-06-12T11:24:57.378+0000] {logging_mixin.py:188} INFO - [2026-06-12T11:24:57.378+0000] {dag.py:3036} INFO - Sync 1 DAGs
[2026-06-12T11:24:57.438+0000] {logging_mixin.py:188} INFO - [2026-06-12T11:24:57.437+0000] {dag.py:3823} INFO - Setting next_dagrun for latest_only_with_trigger to 2026-06-12 04:00:00+00:00, run_after=2026-06-12 08:00:00+00:00
[2026-06-12T11:24:57.473+0000] {processor.py:183} INFO - Processing /home/airflow/.local/lib/python3.8/site-packages/airflow/example_dags/example_latest_only_with_trigger.py took 0.171 seconds
[2026-06-12T11:25:29.395+0000] {processor.py:161} INFO - Started process (PID=3036) to work on /home/airflow/.local/lib/python3.8/site-packages/airflow/example_dags/example_latest_only_with_trigger.py
[2026-06-12T11:25:29.397+0000] {processor.py:830} INFO - Processing file /home/airflow/.local/lib/python3.8/site-packages/airflow/example_dags/example_latest_only_with_trigger.py for tasks to queue
[2026-06-12T11:25:29.399+0000] {logging_mixin.py:188} INFO - [2026-06-12T11:25:29.399+0000] {dagbag.py:538} INFO - Filling up the DagBag from /home/airflow/.local/lib/python3.8/site-packages/airflow/example_dags/example_latest_only_with_trigger.py
[2026-06-12T11:25:29.407+0000] {processor.py:840} INFO - DAG(s) 'latest_only_with_trigger' retrieved from /home/airflow/.local/lib/python3.8/site-packages/airflow/example_dags/example_latest_only_with_trigger.py
[2026-06-12T11:25:29.447+0000] {logging_mixin.py:188} INFO - [2026-06-12T11:25:29.447+0000] {dag.py:3036} INFO - Sync 1 DAGs
[2026-06-12T11:25:29.487+0000] {logging_mixin.py:188} INFO - [2026-06-12T11:25:29.487+0000] {dag.py:3823} INFO - Setting next_dagrun for latest_only_with_trigger to 2026-06-12 04:00:00+00:00, run_after=2026-06-12 08:00:00+00:00
[2026-06-12T11:25:29.514+0000] {processor.py:183} INFO - Processing /home/airflow/.local/lib/python3.8/site-packages/airflow/example_dags/example_latest_only_with_trigger.py took 0.124 seconds
[2026-06-12T11:26:00.880+0000] {processor.py:161} INFO - Started process (PID=3099) to work on /home/airflow/.local/lib/python3.8/site-packages/airflow/example_dags/example_latest_only_with_trigger.py
[2026-06-12T11:26:00.881+0000] {processor.py:830} INFO - Processing file /home/airflow/.local/lib/python3.8/site-packages/airflow/example_dags/example_latest_only_with_trigger.py for tasks to queue
[2026-06-12T11:26:00.883+0000] {logging_mixin.py:188} INFO - [2026-06-12T11:26:00.883+0000] {dagbag.py:538} INFO - Filling up the DagBag from /home/airflow/.local/lib/python3.8/site-packages/airflow/example_dags/example_latest_only_with_trigger.py
[2026-06-12T11:26:00.892+0000] {processor.py:840} INFO - DAG(s) 'latest_only_with_trigger' retrieved from /home/airflow/.local/lib/python3.8/site-packages/airflow/example_dags/example_latest_only_with_trigger.py
[2026-06-12T11:26:00.927+0000] {logging_mixin.py:188} INFO - [2026-06-12T11:26:00.927+0000] {dag.py:3036} INFO - Sync 1 DAGs
[2026-06-12T11:26:01.178+0000] {logging_mixin.py:188} INFO - [2026-06-12T11:26:01.178+0000] {dag.py:3823} INFO - Setting next_dagrun for latest_only_with_trigger to 2026-06-12 04:00:00+00:00, run_after=2026-06-12 08:00:00+00:00
[2026-06-12T11:26:01.212+0000] {processor.py:183} INFO - Processing /home/airflow/.local/lib/python3.8/site-packages/airflow/example_dags/example_latest_only_with_trigger.py took 0.337 seconds
[2026-06-12T11:26:31.539+0000] {processor.py:161} INFO - Started process (PID=3166) to work on /home/airflow/.local/lib/python3.8/site-packages/airflow/example_dags/example_latest_only_with_trigger.py
[2026-06-12T11:26:31.541+0000] {processor.py:830} INFO - Processing file /home/airflow/.local/lib/python3.8/site-packages/airflow/example_dags/example_latest_only_with_trigger.py for tasks to queue
[2026-06-12T11:26:31.544+0000] {logging_mixin.py:188} INFO - [2026-06-12T11:26:31.543+0000] {dagbag.py:538} INFO - Filling up the DagBag from /home/airflow/.local/lib/python3.8/site-packages/airflow/example_dags/example_latest_only_with_trigger.py
[2026-06-12T11:26:31.553+0000] {processor.py:840} INFO - DAG(s) 'latest_only_with_trigger' retrieved from /home/airflow/.local/lib/python3.8/site-packages/airflow/example_dags/example_latest_only_with_trigger.py
[2026-06-12T11:26:31.594+0000] {logging_mixin.py:188} INFO - [2026-06-12T11:26:31.594+0000] {dag.py:3036} INFO - Sync 1 DAGs
[2026-06-12T11:26:31.641+0000] {logging_mixin.py:188} INFO - [2026-06-12T11:26:31.641+0000] {dag.py:3823} INFO - Setting next_dagrun for latest_only_with_trigger to 2026-06-12 04:00:00+00:00, run_after=2026-06-12 08:00:00+00:00
[2026-06-12T11:26:31.867+0000] {processor.py:183} INFO - Processing /home/airflow/.local/lib/python3.8/site-packages/airflow/example_dags/example_latest_only_with_trigger.py took 0.333 seconds
[2026-06-12T11:27:02.221+0000] {processor.py:161} INFO - Started process (PID=3233) to work on /home/airflow/.local/lib/python3.8/site-packages/airflow/example_dags/example_latest_only_with_trigger.py
[2026-06-12T11:27:02.222+0000] {processor.py:830} INFO - Processing file /home/airflow/.local/lib/python3.8/site-packages/airflow/example_dags/example_latest_only_with_trigger.py for tasks to queue
[2026-06-12T11:27:02.225+0000] {logging_mixin.py:188} INFO - [2026-06-12T11:27:02.224+0000] {dagbag.py:538} INFO - Filling up the DagBag from /home/airflow/.local/lib/python3.8/site-packages/airflow/example_dags/example_latest_only_with_trigger.py
[2026-06-12T11:27:02.233+0000] {processor.py:840} INFO - DAG(s) 'latest_only_with_trigger' retrieved from /home/airflow/.local/lib/python3.8/site-packages/airflow/example_dags/example_latest_only_with_trigger.py
[2026-06-12T11:27:02.269+0000] {logging_mixin.py:188} INFO - [2026-06-12T11:27:02.268+0000] {dag.py:3036} INFO - Sync 1 DAGs
[2026-06-12T11:27:02.306+0000] {logging_mixin.py:188} INFO - [2026-06-12T11:27:02.305+0000] {dag.py:3823} INFO - Setting next_dagrun for latest_only_with_trigger to 2026-06-12 04:00:00+00:00, run_after=2026-06-12 08:00:00+00:00
[2026-06-12T11:27:02.335+0000] {processor.py:183} INFO - Processing /home/airflow/.local/lib/python3.8/site-packages/airflow/example_dags/example_latest_only_with_trigger.py took 0.119 seconds
[2026-06-12T11:27:32.981+0000] {processor.py:161} INFO - Started process (PID=3306) to work on /home/airflow/.local/lib/python3.8/site-packages/airflow/example_dags/example_latest_only_with_trigger.py
[2026-06-12T11:27:32.983+0000] {processor.py:830} INFO - Processing file /home/airflow/.local/lib/python3.8/site-packages/airflow/example_dags/example_latest_only_with_trigger.py for tasks to queue
[2026-06-12T11:27:32.986+0000] {logging_mixin.py:188} INFO - [2026-06-12T11:27:32.985+0000] {dagbag.py:538} INFO - Filling up the DagBag from /home/airflow/.local/lib/python3.8/site-packages/airflow/example_dags/example_latest_only_with_trigger.py
[2026-06-12T11:27:32.996+0000] {processor.py:840} INFO - DAG(s) 'latest_only_with_trigger' retrieved from /home/airflow/.local/lib/python3.8/site-packages/airflow/example_dags/example_latest_only_with_trigger.py
[2026-06-12T11:27:33.041+0000] {logging_mixin.py:188} INFO - [2026-06-12T11:27:33.040+0000] {dag.py:3036} INFO - Sync 1 DAGs
[2026-06-12T11:27:33.086+0000] {logging_mixin.py:188} INFO - [2026-06-12T11:27:33.086+0000] {dag.py:3823} INFO - Setting next_dagrun for latest_only_with_trigger to 2026-06-12 04:00:00+00:00, run_after=2026-06-12 08:00:00+00:00
[2026-06-12T11:27:33.123+0000] {processor.py:183} INFO - Processing /home/airflow/.local/lib/python3.8/site-packages/airflow/example_dags/example_latest_only_with_trigger.py took 0.147 seconds
[2026-06-12T11:28:03.665+0000] {processor.py:161} INFO - Started process (PID=3372) to work on /home/airflow/.local/lib/python3.8/site-packages/airflow/example_dags/example_latest_only_with_trigger.py
[2026-06-12T11:28:03.667+0000] {processor.py:830} INFO - Processing file /home/airflow/.local/lib/python3.8/site-packages/airflow/example_dags/example_latest_only_with_trigger.py for tasks to queue
[2026-06-12T11:28:03.670+0000] {logging_mixin.py:188} INFO - [2026-06-12T11:28:03.669+0000] {dagbag.py:538} INFO - Filling up the DagBag from /home/airflow/.local/lib/python3.8/site-packages/airflow/example_dags/example_latest_only_with_trigger.py
[2026-06-12T11:28:03.680+0000] {processor.py:840} INFO - DAG(s) 'latest_only_with_trigger' retrieved from /home/airflow/.local/lib/python3.8/site-packages/airflow/example_dags/example_latest_only_with_trigger.py
[2026-06-12T11:28:03.724+0000] {logging_mixin.py:188} INFO - [2026-06-12T11:28:03.724+0000] {dag.py:3036} INFO - Sync 1 DAGs
[2026-06-12T11:28:03.773+0000] {logging_mixin.py:188} INFO - [2026-06-12T11:28:03.772+0000] {dag.py:3823} INFO - Setting next_dagrun for latest_only_with_trigger to 2026-06-12 04:00:00+00:00, run_after=2026-06-12 08:00:00+00:00
[2026-06-12T11:28:03.808+0000] {processor.py:183} INFO - Processing /home/airflow/.local/lib/python3.8/site-packages/airflow/example_dags/example_latest_only_with_trigger.py took 0.148 seconds
[2026-06-12T11:28:34.141+0000] {processor.py:161} INFO - Started process (PID=3437) to work on /home/airflow/.local/lib/python3.8/site-packages/airflow/example_dags/example_latest_only_with_trigger.py
[2026-06-12T11:28:34.143+0000] {processor.py:830} INFO - Processing file /home/airflow/.local/lib/python3.8/site-packages/airflow/example_dags/example_latest_only_with_trigger.py for tasks to queue
[2026-06-12T11:28:34.146+0000] {logging_mixin.py:188} INFO - [2026-06-12T11:28:34.145+0000] {dagbag.py:538} INFO - Filling up the DagBag from /home/airflow/.local/lib/python3.8/site-packages/airflow/example_dags/example_latest_only_with_trigger.py
[2026-06-12T11:28:34.157+0000] {processor.py:840} INFO - DAG(s) 'latest_only_with_trigger' retrieved from /home/airflow/.local/lib/python3.8/site-packages/airflow/example_dags/example_latest_only_with_trigger.py
[2026-06-12T11:28:34.194+0000] {logging_mixin.py:188} INFO - [2026-06-12T11:28:34.194+0000] {dag.py:3036} INFO - Sync 1 DAGs
[2026-06-12T11:28:34.235+0000] {logging_mixin.py:188} INFO - [2026-06-12T11:28:34.235+0000] {dag.py:3823} INFO - Setting next_dagrun for latest_only_with_trigger to 2026-06-12 04:00:00+00:00, run_after=2026-06-12 08:00:00+00:00
[2026-06-12T11:28:34.276+0000] {processor.py:183} INFO - Processing /home/airflow/.local/lib/python3.8/site-packages/airflow/example_dags/example_latest_only_with_trigger.py took 0.139 seconds
[2026-06-12T11:29:04.489+0000] {processor.py:161} INFO - Started process (PID=3503) to work on /home/airflow/.local/lib/python3.8/site-packages/airflow/example_dags/example_latest_only_with_trigger.py
[2026-06-12T11:29:04.490+0000] {processor.py:830} INFO - Processing file /home/airflow/.local/lib/python3.8/site-packages/airflow/example_dags/example_latest_only_with_trigger.py for tasks to queue
[2026-06-12T11:29:04.493+0000] {logging_mixin.py:188} INFO - [2026-06-12T11:29:04.493+0000] {dagbag.py:538} INFO - Filling up the DagBag from /home/airflow/.local/lib/python3.8/site-packages/airflow/example_dags/example_latest_only_with_trigger.py
[2026-06-12T11:29:04.505+0000] {processor.py:840} INFO - DAG(s) 'latest_only_with_trigger' retrieved from /home/airflow/.local/lib/python3.8/site-packages/airflow/example_dags/example_latest_only_with_trigger.py
[2026-06-12T11:29:04.546+0000] {logging_mixin.py:188} INFO - [2026-06-12T11:29:04.546+0000] {dag.py:3036} INFO - Sync 1 DAGs
[2026-06-12T11:29:04.586+0000] {logging_mixin.py:188} INFO - [2026-06-12T11:29:04.585+0000] {dag.py:3823} INFO - Setting next_dagrun for latest_only_with_trigger to 2026-06-12 04:00:00+00:00, run_after=2026-06-12 08:00:00+00:00
[2026-06-12T11:29:04.618+0000] {processor.py:183} INFO - Processing /home/airflow/.local/lib/python3.8/site-packages/airflow/example_dags/example_latest_only_with_trigger.py took 0.135 seconds
[2026-06-12T11:29:35.211+0000] {processor.py:161} INFO - Started process (PID=3568) to work on /home/airflow/.local/lib/python3.8/site-packages/airflow/example_dags/example_latest_only_with_trigger.py
[2026-06-12T11:29:35.213+0000] {processor.py:830} INFO - Processing file /home/airflow/.local/lib/python3.8/site-packages/airflow/example_dags/example_latest_only_with_trigger.py for tasks to queue
[2026-06-12T11:29:35.216+0000] {logging_mixin.py:188} INFO - [2026-06-12T11:29:35.215+0000] {dagbag.py:538} INFO - Filling up the DagBag from /home/airflow/.local/lib/python3.8/site-packages/airflow/example_dags/example_latest_only_with_trigger.py
[2026-06-12T11:29:35.226+0000] {processor.py:840} INFO - DAG(s) 'latest_only_with_trigger' retrieved from /home/airflow/.local/lib/python3.8/site-packages/airflow/example_dags/example_latest_only_with_trigger.py
[2026-06-12T11:29:35.266+0000] {logging_mixin.py:188} INFO - [2026-06-12T11:29:35.266+0000] {dag.py:3036} INFO - Sync 1 DAGs
[2026-06-12T11:29:35.302+0000] {logging_mixin.py:188} INFO - [2026-06-12T11:29:35.301+0000] {dag.py:3823} INFO - Setting next_dagrun for latest_only_with_trigger to 2026-06-12 04:00:00+00:00, run_after=2026-06-12 08:00:00+00:00
[2026-06-12T11:29:35.328+0000] {processor.py:183} INFO - Processing /home/airflow/.local/lib/python3.8/site-packages/airflow/example_dags/example_latest_only_with_trigger.py took 0.122 seconds
[2026-06-12T11:30:05.722+0000] {processor.py:161} INFO - Started process (PID=3633) to work on /home/airflow/.local/lib/python3.8/site-packages/airflow/example_dags/example_latest_only_with_trigger.py
[2026-06-12T11:30:05.723+0000] {processor.py:830} INFO - Processing file /home/airflow/.local/lib/python3.8/site-packages/airflow/example_dags/example_latest_only_with_trigger.py for tasks to queue
[2026-06-12T11:30:05.726+0000] {logging_mixin.py:188} INFO - [2026-06-12T11:30:05.726+0000] {dagbag.py:538} INFO - Filling up the DagBag from /home/airflow/.local/lib/python3.8/site-packages/airflow/example_dags/example_latest_only_with_trigger.py
[2026-06-12T11:30:05.736+0000] {processor.py:840} INFO - DAG(s) 'latest_only_with_trigger' retrieved from /home/airflow/.local/lib/python3.8/site-packages/airflow/example_dags/example_latest_only_with_trigger.py
[2026-06-12T11:30:05.776+0000] {logging_mixin.py:188} INFO - [2026-06-12T11:30:05.776+0000] {dag.py:3036} INFO - Sync 1 DAGs
[2026-06-12T11:30:05.816+0000] {logging_mixin.py:188} INFO - [2026-06-12T11:30:05.815+0000] {dag.py:3823} INFO - Setting next_dagrun for latest_only_with_trigger to 2026-06-12 04:00:00+00:00, run_after=2026-06-12 08:00:00+00:00
[2026-06-12T11:30:05.848+0000] {processor.py:183} INFO - Processing /home/airflow/.local/lib/python3.8/site-packages/airflow/example_dags/example_latest_only_with_trigger.py took 0.130 seconds
[2026-06-12T11:30:36.353+0000] {processor.py:161} INFO - Started process (PID=3699) to work on /home/airflow/.local/lib/python3.8/site-packages/airflow/example_dags/example_latest_only_with_trigger.py
[2026-06-12T11:30:36.355+0000] {processor.py:830} INFO - Processing file /home/airflow/.local/lib/python3.8/site-packages/airflow/example_dags/example_latest_only_with_trigger.py for tasks to queue
[2026-06-12T11:30:36.358+0000] {logging_mixin.py:188} INFO - [2026-06-12T11:30:36.357+0000] {dagbag.py:538} INFO - Filling up the DagBag from /home/airflow/.local/lib/python3.8/site-packages/airflow/example_dags/example_latest_only_with_trigger.py
[2026-06-12T11:30:36.371+0000] {processor.py:840} INFO - DAG(s) 'latest_only_with_trigger' retrieved from /home/airflow/.local/lib/python3.8/site-packages/airflow/example_dags/example_latest_only_with_trigger.py
[2026-06-12T11:30:36.418+0000] {logging_mixin.py:188} INFO - [2026-06-12T11:30:36.417+0000] {dag.py:3036} INFO - Sync 1 DAGs
[2026-06-12T11:30:36.466+0000] {logging_mixin.py:188} INFO - [2026-06-12T11:30:36.466+0000] {dag.py:3823} INFO - Setting next_dagrun for latest_only_with_trigger to 2026-06-12 04:00:00+00:00, run_after=2026-06-12 08:00:00+00:00
[2026-06-12T11:30:36.501+0000] {processor.py:183} INFO - Processing /home/airflow/.local/lib/python3.8/site-packages/airflow/example_dags/example_latest_only_with_trigger.py took 0.154 seconds
[2026-06-12T11:31:06.765+0000] {processor.py:161} INFO - Started process (PID=3766) to work on /home/airflow/.local/lib/python3.8/site-packages/airflow/example_dags/example_latest_only_with_trigger.py
[2026-06-12T11:31:06.767+0000] {processor.py:830} INFO - Processing file /home/airflow/.local/lib/python3.8/site-packages/airflow/example_dags/example_latest_only_with_trigger.py for tasks to queue
[2026-06-12T11:31:06.770+0000] {logging_mixin.py:188} INFO - [2026-06-12T11:31:06.769+0000] {dagbag.py:538} INFO - Filling up the DagBag from /home/airflow/.local/lib/python3.8/site-packages/airflow/example_dags/example_latest_only_with_trigger.py
[2026-06-12T11:31:06.779+0000] {processor.py:840} INFO - DAG(s) 'latest_only_with_trigger' retrieved from /home/airflow/.local/lib/python3.8/site-packages/airflow/example_dags/example_latest_only_with_trigger.py
[2026-06-12T11:31:06.815+0000] {logging_mixin.py:188} INFO - [2026-06-12T11:31:06.815+0000] {dag.py:3036} INFO - Sync 1 DAGs
[2026-06-12T11:31:06.852+0000] {logging_mixin.py:188} INFO - [2026-06-12T11:31:06.852+0000] {dag.py:3823} INFO - Setting next_dagrun for latest_only_with_trigger to 2026-06-12 04:00:00+00:00, run_after=2026-06-12 08:00:00+00:00
[2026-06-12T11:31:06.884+0000] {processor.py:183} INFO - Processing /home/airflow/.local/lib/python3.8/site-packages/airflow/example_dags/example_latest_only_with_trigger.py took 0.124 seconds
[2026-06-12T11:31:36.938+0000] {processor.py:161} INFO - Started process (PID=3833) to work on /home/airflow/.local/lib/python3.8/site-packages/airflow/example_dags/example_latest_only_with_trigger.py
[2026-06-12T11:31:36.939+0000] {processor.py:830} INFO - Processing file /home/airflow/.local/lib/python3.8/site-packages/airflow/example_dags/example_latest_only_with_trigger.py for tasks to queue
[2026-06-12T11:31:36.942+0000] {logging_mixin.py:188} INFO - [2026-06-12T11:31:36.941+0000] {dagbag.py:538} INFO - Filling up the DagBag from /home/airflow/.local/lib/python3.8/site-packages/airflow/example_dags/example_latest_only_with_trigger.py
[2026-06-12T11:31:36.950+0000] {processor.py:840} INFO - DAG(s) 'latest_only_with_trigger' retrieved from /home/airflow/.local/lib/python3.8/site-packages/airflow/example_dags/example_latest_only_with_trigger.py
[2026-06-12T11:31:36.990+0000] {logging_mixin.py:188} INFO - [2026-06-12T11:31:36.990+0000] {dag.py:3036} INFO - Sync 1 DAGs
[2026-06-12T11:31:37.031+0000] {logging_mixin.py:188} INFO - [2026-06-12T11:31:37.031+0000] {dag.py:3823} INFO - Setting next_dagrun for latest_only_with_trigger to 2026-06-12 04:00:00+00:00, run_after=2026-06-12 08:00:00+00:00
[2026-06-12T11:31:37.061+0000] {processor.py:183} INFO - Processing /home/airflow/.local/lib/python3.8/site-packages/airflow/example_dags/example_latest_only_with_trigger.py took 0.128 seconds
[2026-06-12T11:32:07.432+0000] {processor.py:161} INFO - Started process (PID=3908) to work on /home/airflow/.local/lib/python3.8/site-packages/airflow/example_dags/example_latest_only_with_trigger.py
[2026-06-12T11:32:07.434+0000] {processor.py:830} INFO - Processing file /home/airflow/.local/lib/python3.8/site-packages/airflow/example_dags/example_latest_only_with_trigger.py for tasks to queue
[2026-06-12T11:32:07.437+0000] {logging_mixin.py:188} INFO - [2026-06-12T11:32:07.437+0000] {dagbag.py:538} INFO - Filling up the DagBag from /home/airflow/.local/lib/python3.8/site-packages/airflow/example_dags/example_latest_only_with_trigger.py
[2026-06-12T11:32:07.447+0000] {processor.py:840} INFO - DAG(s) 'latest_only_with_trigger' retrieved from /home/airflow/.local/lib/python3.8/site-packages/airflow/example_dags/example_latest_only_with_trigger.py
[2026-06-12T11:32:07.489+0000] {logging_mixin.py:188} INFO - [2026-06-12T11:32:07.489+0000] {dag.py:3036} INFO - Sync 1 DAGs
[2026-06-12T11:32:07.533+0000] {logging_mixin.py:188} INFO - [2026-06-12T11:32:07.533+0000] {dag.py:3823} INFO - Setting next_dagrun for latest_only_with_trigger to 2026-06-12 04:00:00+00:00, run_after=2026-06-12 08:00:00+00:00
[2026-06-12T11:32:07.567+0000] {processor.py:183} INFO - Processing /home/airflow/.local/lib/python3.8/site-packages/airflow/example_dags/example_latest_only_with_trigger.py took 0.140 seconds
[2026-06-12T11:32:37.978+0000] {processor.py:161} INFO - Started process (PID=3973) to work on /home/airflow/.local/lib/python3.8/site-packages/airflow/example_dags/example_latest_only_with_trigger.py
[2026-06-12T11:32:37.979+0000] {processor.py:830} INFO - Processing file /home/airflow/.local/lib/python3.8/site-packages/airflow/example_dags/example_latest_only_with_trigger.py for tasks to queue
[2026-06-12T11:32:37.982+0000] {logging_mixin.py:188} INFO - [2026-06-12T11:32:37.981+0000] {dagbag.py:538} INFO - Filling up the DagBag from /home/airflow/.local/lib/python3.8/site-packages/airflow/example_dags/example_latest_only_with_trigger.py
[2026-06-12T11:32:37.990+0000] {processor.py:840} INFO - DAG(s) 'latest_only_with_trigger' retrieved from /home/airflow/.local/lib/python3.8/site-packages/airflow/example_dags/example_latest_only_with_trigger.py
[2026-06-12T11:32:38.027+0000] {logging_mixin.py:188} INFO - [2026-06-12T11:32:38.026+0000] {dag.py:3036} INFO - Sync 1 DAGs
[2026-06-12T11:32:38.064+0000] {logging_mixin.py:188} INFO - [2026-06-12T11:32:38.064+0000] {dag.py:3823} INFO - Setting next_dagrun for latest_only_with_trigger to 2026-06-12 04:00:00+00:00, run_after=2026-06-12 08:00:00+00:00
[2026-06-12T11:32:38.096+0000] {processor.py:183} INFO - Processing /home/airflow/.local/lib/python3.8/site-packages/airflow/example_dags/example_latest_only_with_trigger.py took 0.123 seconds
[2026-06-12T11:33:08.566+0000] {processor.py:161} INFO - Started process (PID=4038) to work on /home/airflow/.local/lib/python3.8/site-packages/airflow/example_dags/example_latest_only_with_trigger.py
[2026-06-12T11:33:08.568+0000] {processor.py:830} INFO - Processing file /home/airflow/.local/lib/python3.8/site-packages/airflow/example_dags/example_latest_only_with_trigger.py for tasks to queue
[2026-06-12T11:33:08.571+0000] {logging_mixin.py:188} INFO - [2026-06-12T11:33:08.570+0000] {dagbag.py:538} INFO - Filling up the DagBag from /home/airflow/.local/lib/python3.8/site-packages/airflow/example_dags/example_latest_only_with_trigger.py
[2026-06-12T11:33:08.581+0000] {processor.py:840} INFO - DAG(s) 'latest_only_with_trigger' retrieved from /home/airflow/.local/lib/python3.8/site-packages/airflow/example_dags/example_latest_only_with_trigger.py
[2026-06-12T11:33:08.618+0000] {logging_mixin.py:188} INFO - [2026-06-12T11:33:08.617+0000] {dag.py:3036} INFO - Sync 1 DAGs
[2026-06-12T11:33:08.655+0000] {logging_mixin.py:188} INFO - [2026-06-12T11:33:08.654+0000] {dag.py:3823} INFO - Setting next_dagrun for latest_only_with_trigger to 2026-06-12 04:00:00+00:00, run_after=2026-06-12 08:00:00+00:00
[2026-06-12T11:33:08.683+0000] {processor.py:183} INFO - Processing /home/airflow/.local/lib/python3.8/site-packages/airflow/example_dags/example_latest_only_with_trigger.py took 0.123 seconds
[2026-06-12T11:33:39.297+0000] {processor.py:161} INFO - Started process (PID=4104) to work on /home/airflow/.local/lib/python3.8/site-packages/airflow/example_dags/example_latest_only_with_trigger.py
[2026-06-12T11:33:39.298+0000] {processor.py:830} INFO - Processing file /home/airflow/.local/lib/python3.8/site-packages/airflow/example_dags/example_latest_only_with_trigger.py for tasks to queue
[2026-06-12T11:33:39.300+0000] {logging_mixin.py:188} INFO - [2026-06-12T11:33:39.300+0000] {dagbag.py:538} INFO - Filling up the DagBag from /home/airflow/.local/lib/python3.8/site-packages/airflow/example_dags/example_latest_only_with_trigger.py
[2026-06-12T11:33:39.310+0000] {processor.py:840} INFO - DAG(s) 'latest_only_with_trigger' retrieved from /home/airflow/.local/lib/python3.8/site-packages/airflow/example_dags/example_latest_only_with_trigger.py
[2026-06-12T11:33:39.347+0000] {logging_mixin.py:188} INFO - [2026-06-12T11:33:39.347+0000] {dag.py:3036} INFO - Sync 1 DAGs
[2026-06-12T11:33:39.383+0000] {logging_mixin.py:188} INFO - [2026-06-12T11:33:39.383+0000] {dag.py:3823} INFO - Setting next_dagrun for latest_only_with_trigger to 2026-06-12 04:00:00+00:00, run_after=2026-06-12 08:00:00+00:00
[2026-06-12T11:33:39.410+0000] {processor.py:183} INFO - Processing /home/airflow/.local/lib/python3.8/site-packages/airflow/example_dags/example_latest_only_with_trigger.py took 0.119 seconds
[2026-06-12T11:34:09.992+0000] {processor.py:161} INFO - Started process (PID=4170) to work on /home/airflow/.local/lib/python3.8/site-packages/airflow/example_dags/example_latest_only_with_trigger.py
[2026-06-12T11:34:09.994+0000] {processor.py:830} INFO - Processing file /home/airflow/.local/lib/python3.8/site-packages/airflow/example_dags/example_latest_only_with_trigger.py for tasks to queue
[2026-06-12T11:34:09.996+0000] {logging_mixin.py:188} INFO - [2026-06-12T11:34:09.996+0000] {dagbag.py:538} INFO - Filling up the DagBag from /home/airflow/.local/lib/python3.8/site-packages/airflow/example_dags/example_latest_only_with_trigger.py
[2026-06-12T11:34:10.005+0000] {processor.py:840} INFO - DAG(s) 'latest_only_with_trigger' retrieved from /home/airflow/.local/lib/python3.8/site-packages/airflow/example_dags/example_latest_only_with_trigger.py
[2026-06-12T11:34:10.041+0000] {logging_mixin.py:188} INFO - [2026-06-12T11:34:10.041+0000] {dag.py:3036} INFO - Sync 1 DAGs
[2026-06-12T11:34:10.077+0000] {logging_mixin.py:188} INFO - [2026-06-12T11:34:10.077+0000] {dag.py:3823} INFO - Setting next_dagrun for latest_only_with_trigger to 2026-06-12 04:00:00+00:00, run_after=2026-06-12 08:00:00+00:00
[2026-06-12T11:34:10.105+0000] {processor.py:183} INFO - Processing /home/airflow/.local/lib/python3.8/site-packages/airflow/example_dags/example_latest_only_with_trigger.py took 0.117 seconds
[2026-06-12T11:34:40.983+0000] {processor.py:161} INFO - Started process (PID=4236) to work on /home/airflow/.local/lib/python3.8/site-packages/airflow/example_dags/example_latest_only_with_trigger.py
[2026-06-12T11:34:40.985+0000] {processor.py:830} INFO - Processing file /home/airflow/.local/lib/python3.8/site-packages/airflow/example_dags/example_latest_only_with_trigger.py for tasks to queue
[2026-06-12T11:34:40.987+0000] {logging_mixin.py:188} INFO - [2026-06-12T11:34:40.987+0000] {dagbag.py:538} INFO - Filling up the DagBag from /home/airflow/.local/lib/python3.8/site-packages/airflow/example_dags/example_latest_only_with_trigger.py
[2026-06-12T11:34:40.996+0000] {processor.py:840} INFO - DAG(s) 'latest_only_with_trigger' retrieved from /home/airflow/.local/lib/python3.8/site-packages/airflow/example_dags/example_latest_only_with_trigger.py
[2026-06-12T11:34:41.034+0000] {logging_mixin.py:188} INFO - [2026-06-12T11:34:41.033+0000] {dag.py:3036} INFO - Sync 1 DAGs
[2026-06-12T11:34:41.072+0000] {logging_mixin.py:188} INFO - [2026-06-12T11:34:41.072+0000] {dag.py:3823} INFO - Setting next_dagrun for latest_only_with_trigger to 2026-06-12 04:00:00+00:00, run_after=2026-06-12 08:00:00+00:00
[2026-06-12T11:34:41.103+0000] {processor.py:183} INFO - Processing /home/airflow/.local/lib/python3.8/site-packages/airflow/example_dags/example_latest_only_with_trigger.py took 0.125 seconds
[2026-06-12T11:35:11.207+0000] {processor.py:161} INFO - Started process (PID=4302) to work on /home/airflow/.local/lib/python3.8/site-packages/airflow/example_dags/example_latest_only_with_trigger.py
[2026-06-12T11:35:11.209+0000] {processor.py:830} INFO - Processing file /home/airflow/.local/lib/python3.8/site-packages/airflow/example_dags/example_latest_only_with_trigger.py for tasks to queue
[2026-06-12T11:35:11.212+0000] {logging_mixin.py:188} INFO - [2026-06-12T11:35:11.211+0000] {dagbag.py:538} INFO - Filling up the DagBag from /home/airflow/.local/lib/python3.8/site-packages/airflow/example_dags/example_latest_only_with_trigger.py
[2026-06-12T11:35:11.220+0000] {processor.py:840} INFO - DAG(s) 'latest_only_with_trigger' retrieved from /home/airflow/.local/lib/python3.8/site-packages/airflow/example_dags/example_latest_only_with_trigger.py
[2026-06-12T11:35:11.258+0000] {logging_mixin.py:188} INFO - [2026-06-12T11:35:11.257+0000] {dag.py:3036} INFO - Sync 1 DAGs
[2026-06-12T11:35:11.294+0000] {logging_mixin.py:188} INFO - [2026-06-12T11:35:11.294+0000] {dag.py:3823} INFO - Setting next_dagrun for latest_only_with_trigger to 2026-06-12 04:00:00+00:00, run_after=2026-06-12 08:00:00+00:00
[2026-06-12T11:35:11.323+0000] {processor.py:183} INFO - Processing /home/airflow/.local/lib/python3.8/site-packages/airflow/example_dags/example_latest_only_with_trigger.py took 0.120 seconds
[2026-06-12T11:35:41.532+0000] {processor.py:161} INFO - Started process (PID=4374) to work on /home/airflow/.local/lib/python3.8/site-packages/airflow/example_dags/example_latest_only_with_trigger.py
[2026-06-12T11:35:41.534+0000] {processor.py:830} INFO - Processing file /home/airflow/.local/lib/python3.8/site-packages/airflow/example_dags/example_latest_only_with_trigger.py for tasks to queue
[2026-06-12T11:35:41.536+0000] {logging_mixin.py:188} INFO - [2026-06-12T11:35:41.536+0000] {dagbag.py:538} INFO - Filling up the DagBag from /home/airflow/.local/lib/python3.8/site-packages/airflow/example_dags/example_latest_only_with_trigger.py
[2026-06-12T11:35:41.547+0000] {processor.py:840} INFO - DAG(s) 'latest_only_with_trigger' retrieved from /home/airflow/.local/lib/python3.8/site-packages/airflow/example_dags/example_latest_only_with_trigger.py
[2026-06-12T11:35:41.592+0000] {logging_mixin.py:188} INFO - [2026-06-12T11:35:41.591+0000] {dag.py:3036} INFO - Sync 1 DAGs
[2026-06-12T11:35:41.635+0000] {logging_mixin.py:188} INFO - [2026-06-12T11:35:41.635+0000] {dag.py:3823} INFO - Setting next_dagrun for latest_only_with_trigger to 2026-06-12 04:00:00+00:00, run_after=2026-06-12 08:00:00+00:00
[2026-06-12T11:35:41.667+0000] {processor.py:183} INFO - Processing /home/airflow/.local/lib/python3.8/site-packages/airflow/example_dags/example_latest_only_with_trigger.py took 0.140 seconds
[2026-06-12T11:36:12.150+0000] {processor.py:161} INFO - Started process (PID=4439) to work on /home/airflow/.local/lib/python3.8/site-packages/airflow/example_dags/example_latest_only_with_trigger.py
[2026-06-12T11:36:12.152+0000] {processor.py:830} INFO - Processing file /home/airflow/.local/lib/python3.8/site-packages/airflow/example_dags/example_latest_only_with_trigger.py for tasks to queue
[2026-06-12T11:36:12.155+0000] {logging_mixin.py:188} INFO - [2026-06-12T11:36:12.154+0000] {dagbag.py:538} INFO - Filling up the DagBag from /home/airflow/.local/lib/python3.8/site-packages/airflow/example_dags/example_latest_only_with_trigger.py
[2026-06-12T11:36:12.165+0000] {processor.py:840} INFO - DAG(s) 'latest_only_with_trigger' retrieved from /home/airflow/.local/lib/python3.8/site-packages/airflow/example_dags/example_latest_only_with_trigger.py
[2026-06-12T11:36:12.208+0000] {logging_mixin.py:188} INFO - [2026-06-12T11:36:12.207+0000] {dag.py:3036} INFO - Sync 1 DAGs
[2026-06-12T11:36:12.251+0000] {logging_mixin.py:188} INFO - [2026-06-12T11:36:12.251+0000] {dag.py:3823} INFO - Setting next_dagrun for latest_only_with_trigger to 2026-06-12 04:00:00+00:00, run_after=2026-06-12 08:00:00+00:00
[2026-06-12T11:36:12.283+0000] {processor.py:183} INFO - Processing /home/airflow/.local/lib/python3.8/site-packages/airflow/example_dags/example_latest_only_with_trigger.py took 0.139 seconds
[2026-06-12T11:36:42.879+0000] {processor.py:161} INFO - Started process (PID=4505) to work on /home/airflow/.local/lib/python3.8/site-packages/airflow/example_dags/example_latest_only_with_trigger.py
[2026-06-12T11:36:42.881+0000] {processor.py:830} INFO - Processing file /home/airflow/.local/lib/python3.8/site-packages/airflow/example_dags/example_latest_only_with_trigger.py for tasks to queue
[2026-06-12T11:36:42.884+0000] {logging_mixin.py:188} INFO - [2026-06-12T11:36:42.883+0000] {dagbag.py:538} INFO - Filling up the DagBag from /home/airflow/.local/lib/python3.8/site-packages/airflow/example_dags/example_latest_only_with_trigger.py
[2026-06-12T11:36:42.913+0000] {processor.py:840} INFO - DAG(s) 'latest_only_with_trigger' retrieved from /home/airflow/.local/lib/python3.8/site-packages/airflow/example_dags/example_latest_only_with_trigger.py
[2026-06-12T11:36:43.023+0000] {logging_mixin.py:188} INFO - [2026-06-12T11:36:43.022+0000] {dag.py:3036} INFO - Sync 1 DAGs
[2026-06-12T11:36:43.073+0000] {logging_mixin.py:188} INFO - [2026-06-12T11:36:43.073+0000] {dag.py:3823} INFO - Setting next_dagrun for latest_only_with_trigger to 2026-06-12 04:00:00+00:00, run_after=2026-06-12 08:00:00+00:00
[2026-06-12T11:36:43.104+0000] {processor.py:183} INFO - Processing /home/airflow/.local/lib/python3.8/site-packages/airflow/example_dags/example_latest_only_with_trigger.py took 0.231 seconds
