[2026-06-12T11:03:03.121+0000] {processor.py:161} INFO - Started process (PID=85) to work on /home/airflow/.local/lib/python3.8/site-packages/airflow/example_dags/example_branch_labels.py
[2026-06-12T11:03:03.122+0000] {processor.py:830} INFO - Processing file /home/airflow/.local/lib/python3.8/site-packages/airflow/example_dags/example_branch_labels.py for tasks to queue
[2026-06-12T11:03:03.125+0000] {logging_mixin.py:188} INFO - [2026-06-12T11:03:03.125+0000] {dagbag.py:538} INFO - Filling up the DagBag from /home/airflow/.local/lib/python3.8/site-packages/airflow/example_dags/example_branch_labels.py
[2026-06-12T11:03:03.141+0000] {processor.py:840} INFO - DAG(s) 'example_branch_labels' retrieved from /home/airflow/.local/lib/python3.8/site-packages/airflow/example_dags/example_branch_labels.py
[2026-06-12T11:03:03.167+0000] {logging_mixin.py:188} INFO - [2026-06-12T11:03:03.166+0000] {dag.py:3036} INFO - Sync 1 DAGs
[2026-06-12T11:03:03.216+0000] {logging_mixin.py:188} INFO - [2026-06-12T11:03:03.216+0000] {dag.py:3823} INFO - Setting next_dagrun for example_branch_labels to 2026-06-11 00:00:00+00:00, run_after=2026-06-12 00:00:00+00:00
[2026-06-12T11:03:03.250+0000] {processor.py:183} INFO - Processing /home/airflow/.local/lib/python3.8/site-packages/airflow/example_dags/example_branch_labels.py took 0.135 seconds
[2026-06-12T11:03:34.716+0000] {processor.py:161} INFO - Started process (PID=151) to work on /home/airflow/.local/lib/python3.8/site-packages/airflow/example_dags/example_branch_labels.py
[2026-06-12T11:03:34.717+0000] {processor.py:830} INFO - Processing file /home/airflow/.local/lib/python3.8/site-packages/airflow/example_dags/example_branch_labels.py for tasks to queue
[2026-06-12T11:03:34.720+0000] {logging_mixin.py:188} INFO - [2026-06-12T11:03:34.719+0000] {dagbag.py:538} INFO - Filling up the DagBag from /home/airflow/.local/lib/python3.8/site-packages/airflow/example_dags/example_branch_labels.py
[2026-06-12T11:03:34.732+0000] {processor.py:840} INFO - DAG(s) 'example_branch_labels' retrieved from /home/airflow/.local/lib/python3.8/site-packages/airflow/example_dags/example_branch_labels.py
[2026-06-12T11:03:34.953+0000] {logging_mixin.py:188} INFO - [2026-06-12T11:03:34.952+0000] {dag.py:3036} INFO - Sync 1 DAGs
[2026-06-12T11:03:34.988+0000] {logging_mixin.py:188} INFO - [2026-06-12T11:03:34.988+0000] {dag.py:3823} INFO - Setting next_dagrun for example_branch_labels to 2026-06-11 00:00:00+00:00, run_after=2026-06-12 00:00:00+00:00
[2026-06-12T11:03:35.021+0000] {processor.py:183} INFO - Processing /home/airflow/.local/lib/python3.8/site-packages/airflow/example_dags/example_branch_labels.py took 0.311 seconds
[2026-06-12T11:04:05.267+0000] {processor.py:161} INFO - Started process (PID=217) to work on /home/airflow/.local/lib/python3.8/site-packages/airflow/example_dags/example_branch_labels.py
[2026-06-12T11:04:05.269+0000] {processor.py:830} INFO - Processing file /home/airflow/.local/lib/python3.8/site-packages/airflow/example_dags/example_branch_labels.py for tasks to queue
[2026-06-12T11:04:05.271+0000] {logging_mixin.py:188} INFO - [2026-06-12T11:04:05.271+0000] {dagbag.py:538} INFO - Filling up the DagBag from /home/airflow/.local/lib/python3.8/site-packages/airflow/example_dags/example_branch_labels.py
[2026-06-12T11:04:05.283+0000] {processor.py:840} INFO - DAG(s) 'example_branch_labels' retrieved from /home/airflow/.local/lib/python3.8/site-packages/airflow/example_dags/example_branch_labels.py
[2026-06-12T11:04:05.324+0000] {logging_mixin.py:188} INFO - [2026-06-12T11:04:05.324+0000] {dag.py:3036} INFO - Sync 1 DAGs
[2026-06-12T11:04:05.368+0000] {logging_mixin.py:188} INFO - [2026-06-12T11:04:05.368+0000] {dag.py:3823} INFO - Setting next_dagrun for example_branch_labels to 2026-06-11 00:00:00+00:00, run_after=2026-06-12 00:00:00+00:00
[2026-06-12T11:04:05.398+0000] {processor.py:183} INFO - Processing /home/airflow/.local/lib/python3.8/site-packages/airflow/example_dags/example_branch_labels.py took 0.135 seconds
[2026-06-12T11:04:36.103+0000] {processor.py:161} INFO - Started process (PID=284) to work on /home/airflow/.local/lib/python3.8/site-packages/airflow/example_dags/example_branch_labels.py
[2026-06-12T11:04:36.104+0000] {processor.py:830} INFO - Processing file /home/airflow/.local/lib/python3.8/site-packages/airflow/example_dags/example_branch_labels.py for tasks to queue
[2026-06-12T11:04:36.106+0000] {logging_mixin.py:188} INFO - [2026-06-12T11:04:36.106+0000] {dagbag.py:538} INFO - Filling up the DagBag from /home/airflow/.local/lib/python3.8/site-packages/airflow/example_dags/example_branch_labels.py
[2026-06-12T11:04:36.119+0000] {processor.py:840} INFO - DAG(s) 'example_branch_labels' retrieved from /home/airflow/.local/lib/python3.8/site-packages/airflow/example_dags/example_branch_labels.py
[2026-06-12T11:04:36.162+0000] {logging_mixin.py:188} INFO - [2026-06-12T11:04:36.162+0000] {dag.py:3036} INFO - Sync 1 DAGs
[2026-06-12T11:04:36.205+0000] {logging_mixin.py:188} INFO - [2026-06-12T11:04:36.204+0000] {dag.py:3823} INFO - Setting next_dagrun for example_branch_labels to 2026-06-11 00:00:00+00:00, run_after=2026-06-12 00:00:00+00:00
[2026-06-12T11:04:36.232+0000] {processor.py:183} INFO - Processing /home/airflow/.local/lib/python3.8/site-packages/airflow/example_dags/example_branch_labels.py took 0.134 seconds
[2026-06-12T11:05:06.616+0000] {processor.py:161} INFO - Started process (PID=350) to work on /home/airflow/.local/lib/python3.8/site-packages/airflow/example_dags/example_branch_labels.py
[2026-06-12T11:05:06.618+0000] {processor.py:830} INFO - Processing file /home/airflow/.local/lib/python3.8/site-packages/airflow/example_dags/example_branch_labels.py for tasks to queue
[2026-06-12T11:05:06.621+0000] {logging_mixin.py:188} INFO - [2026-06-12T11:05:06.620+0000] {dagbag.py:538} INFO - Filling up the DagBag from /home/airflow/.local/lib/python3.8/site-packages/airflow/example_dags/example_branch_labels.py
[2026-06-12T11:05:06.633+0000] {processor.py:840} INFO - DAG(s) 'example_branch_labels' retrieved from /home/airflow/.local/lib/python3.8/site-packages/airflow/example_dags/example_branch_labels.py
[2026-06-12T11:05:06.669+0000] {logging_mixin.py:188} INFO - [2026-06-12T11:05:06.669+0000] {dag.py:3036} INFO - Sync 1 DAGs
[2026-06-12T11:05:06.712+0000] {logging_mixin.py:188} INFO - [2026-06-12T11:05:06.712+0000] {dag.py:3823} INFO - Setting next_dagrun for example_branch_labels to 2026-06-11 00:00:00+00:00, run_after=2026-06-12 00:00:00+00:00
[2026-06-12T11:05:06.740+0000] {processor.py:183} INFO - Processing /home/airflow/.local/lib/python3.8/site-packages/airflow/example_dags/example_branch_labels.py took 0.129 seconds
[2026-06-12T11:05:36.975+0000] {processor.py:161} INFO - Started process (PID=415) to work on /home/airflow/.local/lib/python3.8/site-packages/airflow/example_dags/example_branch_labels.py
[2026-06-12T11:05:36.977+0000] {processor.py:830} INFO - Processing file /home/airflow/.local/lib/python3.8/site-packages/airflow/example_dags/example_branch_labels.py for tasks to queue
[2026-06-12T11:05:36.979+0000] {logging_mixin.py:188} INFO - [2026-06-12T11:05:36.979+0000] {dagbag.py:538} INFO - Filling up the DagBag from /home/airflow/.local/lib/python3.8/site-packages/airflow/example_dags/example_branch_labels.py
[2026-06-12T11:05:36.992+0000] {processor.py:840} INFO - DAG(s) 'example_branch_labels' retrieved from /home/airflow/.local/lib/python3.8/site-packages/airflow/example_dags/example_branch_labels.py
[2026-06-12T11:05:37.038+0000] {logging_mixin.py:188} INFO - [2026-06-12T11:05:37.038+0000] {dag.py:3036} INFO - Sync 1 DAGs
[2026-06-12T11:05:37.086+0000] {logging_mixin.py:188} INFO - [2026-06-12T11:05:37.086+0000] {dag.py:3823} INFO - Setting next_dagrun for example_branch_labels to 2026-06-11 00:00:00+00:00, run_after=2026-06-12 00:00:00+00:00
[2026-06-12T11:05:37.118+0000] {processor.py:183} INFO - Processing /home/airflow/.local/lib/python3.8/site-packages/airflow/example_dags/example_branch_labels.py took 0.147 seconds
[2026-06-12T11:06:07.580+0000] {processor.py:161} INFO - Started process (PID=488) to work on /home/airflow/.local/lib/python3.8/site-packages/airflow/example_dags/example_branch_labels.py
[2026-06-12T11:06:07.582+0000] {processor.py:830} INFO - Processing file /home/airflow/.local/lib/python3.8/site-packages/airflow/example_dags/example_branch_labels.py for tasks to queue
[2026-06-12T11:06:07.586+0000] {logging_mixin.py:188} INFO - [2026-06-12T11:06:07.585+0000] {dagbag.py:538} INFO - Filling up the DagBag from /home/airflow/.local/lib/python3.8/site-packages/airflow/example_dags/example_branch_labels.py
[2026-06-12T11:06:07.602+0000] {processor.py:840} INFO - DAG(s) 'example_branch_labels' retrieved from /home/airflow/.local/lib/python3.8/site-packages/airflow/example_dags/example_branch_labels.py
[2026-06-12T11:06:07.645+0000] {logging_mixin.py:188} INFO - [2026-06-12T11:06:07.645+0000] {dag.py:3036} INFO - Sync 1 DAGs
[2026-06-12T11:06:07.690+0000] {logging_mixin.py:188} INFO - [2026-06-12T11:06:07.689+0000] {dag.py:3823} INFO - Setting next_dagrun for example_branch_labels to 2026-06-11 00:00:00+00:00, run_after=2026-06-12 00:00:00+00:00
[2026-06-12T11:06:07.722+0000] {processor.py:183} INFO - Processing /home/airflow/.local/lib/python3.8/site-packages/airflow/example_dags/example_branch_labels.py took 0.148 seconds
[2026-06-12T11:06:37.934+0000] {processor.py:161} INFO - Started process (PID=553) to work on /home/airflow/.local/lib/python3.8/site-packages/airflow/example_dags/example_branch_labels.py
[2026-06-12T11:06:37.936+0000] {processor.py:830} INFO - Processing file /home/airflow/.local/lib/python3.8/site-packages/airflow/example_dags/example_branch_labels.py for tasks to queue
[2026-06-12T11:06:37.939+0000] {logging_mixin.py:188} INFO - [2026-06-12T11:06:37.938+0000] {dagbag.py:538} INFO - Filling up the DagBag from /home/airflow/.local/lib/python3.8/site-packages/airflow/example_dags/example_branch_labels.py
[2026-06-12T11:06:37.955+0000] {processor.py:840} INFO - DAG(s) 'example_branch_labels' retrieved from /home/airflow/.local/lib/python3.8/site-packages/airflow/example_dags/example_branch_labels.py
[2026-06-12T11:06:38.000+0000] {logging_mixin.py:188} INFO - [2026-06-12T11:06:37.999+0000] {dag.py:3036} INFO - Sync 1 DAGs
[2026-06-12T11:06:38.045+0000] {logging_mixin.py:188} INFO - [2026-06-12T11:06:38.044+0000] {dag.py:3823} INFO - Setting next_dagrun for example_branch_labels to 2026-06-11 00:00:00+00:00, run_after=2026-06-12 00:00:00+00:00
[2026-06-12T11:06:38.079+0000] {processor.py:183} INFO - Processing /home/airflow/.local/lib/python3.8/site-packages/airflow/example_dags/example_branch_labels.py took 0.150 seconds
[2026-06-12T11:07:08.490+0000] {processor.py:161} INFO - Started process (PID=618) to work on /home/airflow/.local/lib/python3.8/site-packages/airflow/example_dags/example_branch_labels.py
[2026-06-12T11:07:08.492+0000] {processor.py:830} INFO - Processing file /home/airflow/.local/lib/python3.8/site-packages/airflow/example_dags/example_branch_labels.py for tasks to queue
[2026-06-12T11:07:08.495+0000] {logging_mixin.py:188} INFO - [2026-06-12T11:07:08.494+0000] {dagbag.py:538} INFO - Filling up the DagBag from /home/airflow/.local/lib/python3.8/site-packages/airflow/example_dags/example_branch_labels.py
[2026-06-12T11:07:08.510+0000] {processor.py:840} INFO - DAG(s) 'example_branch_labels' retrieved from /home/airflow/.local/lib/python3.8/site-packages/airflow/example_dags/example_branch_labels.py
[2026-06-12T11:07:08.554+0000] {logging_mixin.py:188} INFO - [2026-06-12T11:07:08.554+0000] {dag.py:3036} INFO - Sync 1 DAGs
[2026-06-12T11:07:08.597+0000] {logging_mixin.py:188} INFO - [2026-06-12T11:07:08.596+0000] {dag.py:3823} INFO - Setting next_dagrun for example_branch_labels to 2026-06-11 00:00:00+00:00, run_after=2026-06-12 00:00:00+00:00
[2026-06-12T11:07:08.630+0000] {processor.py:183} INFO - Processing /home/airflow/.local/lib/python3.8/site-packages/airflow/example_dags/example_branch_labels.py took 0.146 seconds
[2026-06-12T11:07:38.748+0000] {processor.py:161} INFO - Started process (PID=684) to work on /home/airflow/.local/lib/python3.8/site-packages/airflow/example_dags/example_branch_labels.py
[2026-06-12T11:07:38.749+0000] {processor.py:830} INFO - Processing file /home/airflow/.local/lib/python3.8/site-packages/airflow/example_dags/example_branch_labels.py for tasks to queue
[2026-06-12T11:07:38.752+0000] {logging_mixin.py:188} INFO - [2026-06-12T11:07:38.751+0000] {dagbag.py:538} INFO - Filling up the DagBag from /home/airflow/.local/lib/python3.8/site-packages/airflow/example_dags/example_branch_labels.py
[2026-06-12T11:07:38.764+0000] {processor.py:840} INFO - DAG(s) 'example_branch_labels' retrieved from /home/airflow/.local/lib/python3.8/site-packages/airflow/example_dags/example_branch_labels.py
[2026-06-12T11:07:38.803+0000] {logging_mixin.py:188} INFO - [2026-06-12T11:07:38.803+0000] {dag.py:3036} INFO - Sync 1 DAGs
[2026-06-12T11:07:38.843+0000] {logging_mixin.py:188} INFO - [2026-06-12T11:07:38.842+0000] {dag.py:3823} INFO - Setting next_dagrun for example_branch_labels to 2026-06-11 00:00:00+00:00, run_after=2026-06-12 00:00:00+00:00
[2026-06-12T11:07:38.867+0000] {processor.py:183} INFO - Processing /home/airflow/.local/lib/python3.8/site-packages/airflow/example_dags/example_branch_labels.py took 0.124 seconds
[2026-06-12T11:08:09.035+0000] {processor.py:161} INFO - Started process (PID=750) to work on /home/airflow/.local/lib/python3.8/site-packages/airflow/example_dags/example_branch_labels.py
[2026-06-12T11:08:09.037+0000] {processor.py:830} INFO - Processing file /home/airflow/.local/lib/python3.8/site-packages/airflow/example_dags/example_branch_labels.py for tasks to queue
[2026-06-12T11:08:09.039+0000] {logging_mixin.py:188} INFO - [2026-06-12T11:08:09.039+0000] {dagbag.py:538} INFO - Filling up the DagBag from /home/airflow/.local/lib/python3.8/site-packages/airflow/example_dags/example_branch_labels.py
[2026-06-12T11:08:09.052+0000] {processor.py:840} INFO - DAG(s) 'example_branch_labels' retrieved from /home/airflow/.local/lib/python3.8/site-packages/airflow/example_dags/example_branch_labels.py
[2026-06-12T11:08:09.090+0000] {logging_mixin.py:188} INFO - [2026-06-12T11:08:09.090+0000] {dag.py:3036} INFO - Sync 1 DAGs
[2026-06-12T11:08:09.133+0000] {logging_mixin.py:188} INFO - [2026-06-12T11:08:09.133+0000] {dag.py:3823} INFO - Setting next_dagrun for example_branch_labels to 2026-06-11 00:00:00+00:00, run_after=2026-06-12 00:00:00+00:00
[2026-06-12T11:08:09.164+0000] {processor.py:183} INFO - Processing /home/airflow/.local/lib/python3.8/site-packages/airflow/example_dags/example_branch_labels.py took 0.135 seconds
[2026-06-12T11:08:39.438+0000] {processor.py:161} INFO - Started process (PID=817) to work on /home/airflow/.local/lib/python3.8/site-packages/airflow/example_dags/example_branch_labels.py
[2026-06-12T11:08:39.439+0000] {processor.py:830} INFO - Processing file /home/airflow/.local/lib/python3.8/site-packages/airflow/example_dags/example_branch_labels.py for tasks to queue
[2026-06-12T11:08:39.442+0000] {logging_mixin.py:188} INFO - [2026-06-12T11:08:39.442+0000] {dagbag.py:538} INFO - Filling up the DagBag from /home/airflow/.local/lib/python3.8/site-packages/airflow/example_dags/example_branch_labels.py
[2026-06-12T11:08:39.460+0000] {processor.py:840} INFO - DAG(s) 'example_branch_labels' retrieved from /home/airflow/.local/lib/python3.8/site-packages/airflow/example_dags/example_branch_labels.py
[2026-06-12T11:08:39.504+0000] {logging_mixin.py:188} INFO - [2026-06-12T11:08:39.503+0000] {dag.py:3036} INFO - Sync 1 DAGs
[2026-06-12T11:08:39.551+0000] {logging_mixin.py:188} INFO - [2026-06-12T11:08:39.551+0000] {dag.py:3823} INFO - Setting next_dagrun for example_branch_labels to 2026-06-11 00:00:00+00:00, run_after=2026-06-12 00:00:00+00:00
[2026-06-12T11:08:39.586+0000] {processor.py:183} INFO - Processing /home/airflow/.local/lib/python3.8/site-packages/airflow/example_dags/example_branch_labels.py took 0.156 seconds
[2026-06-12T11:09:09.874+0000] {processor.py:161} INFO - Started process (PID=882) to work on /home/airflow/.local/lib/python3.8/site-packages/airflow/example_dags/example_branch_labels.py
[2026-06-12T11:09:09.876+0000] {processor.py:830} INFO - Processing file /home/airflow/.local/lib/python3.8/site-packages/airflow/example_dags/example_branch_labels.py for tasks to queue
[2026-06-12T11:09:09.879+0000] {logging_mixin.py:188} INFO - [2026-06-12T11:09:09.878+0000] {dagbag.py:538} INFO - Filling up the DagBag from /home/airflow/.local/lib/python3.8/site-packages/airflow/example_dags/example_branch_labels.py
[2026-06-12T11:09:09.891+0000] {processor.py:840} INFO - DAG(s) 'example_branch_labels' retrieved from /home/airflow/.local/lib/python3.8/site-packages/airflow/example_dags/example_branch_labels.py
[2026-06-12T11:09:09.927+0000] {logging_mixin.py:188} INFO - [2026-06-12T11:09:09.926+0000] {dag.py:3036} INFO - Sync 1 DAGs
[2026-06-12T11:09:09.964+0000] {logging_mixin.py:188} INFO - [2026-06-12T11:09:09.963+0000] {dag.py:3823} INFO - Setting next_dagrun for example_branch_labels to 2026-06-11 00:00:00+00:00, run_after=2026-06-12 00:00:00+00:00
[2026-06-12T11:09:09.992+0000] {processor.py:183} INFO - Processing /home/airflow/.local/lib/python3.8/site-packages/airflow/example_dags/example_branch_labels.py took 0.122 seconds
[2026-06-12T11:09:40.455+0000] {processor.py:161} INFO - Started process (PID=949) to work on /home/airflow/.local/lib/python3.8/site-packages/airflow/example_dags/example_branch_labels.py
[2026-06-12T11:09:40.456+0000] {processor.py:830} INFO - Processing file /home/airflow/.local/lib/python3.8/site-packages/airflow/example_dags/example_branch_labels.py for tasks to queue
[2026-06-12T11:09:40.458+0000] {logging_mixin.py:188} INFO - [2026-06-12T11:09:40.458+0000] {dagbag.py:538} INFO - Filling up the DagBag from /home/airflow/.local/lib/python3.8/site-packages/airflow/example_dags/example_branch_labels.py
[2026-06-12T11:09:40.470+0000] {processor.py:840} INFO - DAG(s) 'example_branch_labels' retrieved from /home/airflow/.local/lib/python3.8/site-packages/airflow/example_dags/example_branch_labels.py
[2026-06-12T11:09:40.512+0000] {logging_mixin.py:188} INFO - [2026-06-12T11:09:40.511+0000] {dag.py:3036} INFO - Sync 1 DAGs
[2026-06-12T11:09:40.559+0000] {logging_mixin.py:188} INFO - [2026-06-12T11:09:40.559+0000] {dag.py:3823} INFO - Setting next_dagrun for example_branch_labels to 2026-06-11 00:00:00+00:00, run_after=2026-06-12 00:00:00+00:00
[2026-06-12T11:09:40.589+0000] {processor.py:183} INFO - Processing /home/airflow/.local/lib/python3.8/site-packages/airflow/example_dags/example_branch_labels.py took 0.139 seconds
[2026-06-12T11:10:10.928+0000] {processor.py:161} INFO - Started process (PID=1021) to work on /home/airflow/.local/lib/python3.8/site-packages/airflow/example_dags/example_branch_labels.py
[2026-06-12T11:10:10.930+0000] {processor.py:830} INFO - Processing file /home/airflow/.local/lib/python3.8/site-packages/airflow/example_dags/example_branch_labels.py for tasks to queue
[2026-06-12T11:10:10.933+0000] {logging_mixin.py:188} INFO - [2026-06-12T11:10:10.933+0000] {dagbag.py:538} INFO - Filling up the DagBag from /home/airflow/.local/lib/python3.8/site-packages/airflow/example_dags/example_branch_labels.py
[2026-06-12T11:10:10.948+0000] {processor.py:840} INFO - DAG(s) 'example_branch_labels' retrieved from /home/airflow/.local/lib/python3.8/site-packages/airflow/example_dags/example_branch_labels.py
[2026-06-12T11:10:10.993+0000] {logging_mixin.py:188} INFO - [2026-06-12T11:10:10.992+0000] {dag.py:3036} INFO - Sync 1 DAGs
[2026-06-12T11:10:11.041+0000] {logging_mixin.py:188} INFO - [2026-06-12T11:10:11.040+0000] {dag.py:3823} INFO - Setting next_dagrun for example_branch_labels to 2026-06-11 00:00:00+00:00, run_after=2026-06-12 00:00:00+00:00
[2026-06-12T11:10:11.075+0000] {processor.py:183} INFO - Processing /home/airflow/.local/lib/python3.8/site-packages/airflow/example_dags/example_branch_labels.py took 0.153 seconds
[2026-06-12T11:10:41.343+0000] {processor.py:161} INFO - Started process (PID=1087) to work on /home/airflow/.local/lib/python3.8/site-packages/airflow/example_dags/example_branch_labels.py
[2026-06-12T11:10:41.345+0000] {processor.py:830} INFO - Processing file /home/airflow/.local/lib/python3.8/site-packages/airflow/example_dags/example_branch_labels.py for tasks to queue
[2026-06-12T11:10:41.347+0000] {logging_mixin.py:188} INFO - [2026-06-12T11:10:41.347+0000] {dagbag.py:538} INFO - Filling up the DagBag from /home/airflow/.local/lib/python3.8/site-packages/airflow/example_dags/example_branch_labels.py
[2026-06-12T11:10:41.360+0000] {processor.py:840} INFO - DAG(s) 'example_branch_labels' retrieved from /home/airflow/.local/lib/python3.8/site-packages/airflow/example_dags/example_branch_labels.py
[2026-06-12T11:10:41.397+0000] {logging_mixin.py:188} INFO - [2026-06-12T11:10:41.397+0000] {dag.py:3036} INFO - Sync 1 DAGs
[2026-06-12T11:10:41.433+0000] {logging_mixin.py:188} INFO - [2026-06-12T11:10:41.433+0000] {dag.py:3823} INFO - Setting next_dagrun for example_branch_labels to 2026-06-11 00:00:00+00:00, run_after=2026-06-12 00:00:00+00:00
[2026-06-12T11:10:41.462+0000] {processor.py:183} INFO - Processing /home/airflow/.local/lib/python3.8/site-packages/airflow/example_dags/example_branch_labels.py took 0.123 seconds
[2026-06-12T11:11:11.522+0000] {processor.py:161} INFO - Started process (PID=1153) to work on /home/airflow/.local/lib/python3.8/site-packages/airflow/example_dags/example_branch_labels.py
[2026-06-12T11:11:11.524+0000] {processor.py:830} INFO - Processing file /home/airflow/.local/lib/python3.8/site-packages/airflow/example_dags/example_branch_labels.py for tasks to queue
[2026-06-12T11:11:11.527+0000] {logging_mixin.py:188} INFO - [2026-06-12T11:11:11.526+0000] {dagbag.py:538} INFO - Filling up the DagBag from /home/airflow/.local/lib/python3.8/site-packages/airflow/example_dags/example_branch_labels.py
[2026-06-12T11:11:11.544+0000] {processor.py:840} INFO - DAG(s) 'example_branch_labels' retrieved from /home/airflow/.local/lib/python3.8/site-packages/airflow/example_dags/example_branch_labels.py
[2026-06-12T11:11:11.593+0000] {logging_mixin.py:188} INFO - [2026-06-12T11:11:11.593+0000] {dag.py:3036} INFO - Sync 1 DAGs
[2026-06-12T11:11:11.645+0000] {logging_mixin.py:188} INFO - [2026-06-12T11:11:11.644+0000] {dag.py:3823} INFO - Setting next_dagrun for example_branch_labels to 2026-06-11 00:00:00+00:00, run_after=2026-06-12 00:00:00+00:00
[2026-06-12T11:11:11.674+0000] {processor.py:183} INFO - Processing /home/airflow/.local/lib/python3.8/site-packages/airflow/example_dags/example_branch_labels.py took 0.159 seconds
[2026-06-12T11:11:42.126+0000] {processor.py:161} INFO - Started process (PID=1220) to work on /home/airflow/.local/lib/python3.8/site-packages/airflow/example_dags/example_branch_labels.py
[2026-06-12T11:11:42.128+0000] {processor.py:830} INFO - Processing file /home/airflow/.local/lib/python3.8/site-packages/airflow/example_dags/example_branch_labels.py for tasks to queue
[2026-06-12T11:11:42.130+0000] {logging_mixin.py:188} INFO - [2026-06-12T11:11:42.130+0000] {dagbag.py:538} INFO - Filling up the DagBag from /home/airflow/.local/lib/python3.8/site-packages/airflow/example_dags/example_branch_labels.py
[2026-06-12T11:11:42.142+0000] {processor.py:840} INFO - DAG(s) 'example_branch_labels' retrieved from /home/airflow/.local/lib/python3.8/site-packages/airflow/example_dags/example_branch_labels.py
[2026-06-12T11:11:42.186+0000] {logging_mixin.py:188} INFO - [2026-06-12T11:11:42.186+0000] {dag.py:3036} INFO - Sync 1 DAGs
[2026-06-12T11:11:42.230+0000] {logging_mixin.py:188} INFO - [2026-06-12T11:11:42.229+0000] {dag.py:3823} INFO - Setting next_dagrun for example_branch_labels to 2026-06-11 00:00:00+00:00, run_after=2026-06-12 00:00:00+00:00
[2026-06-12T11:11:42.262+0000] {processor.py:183} INFO - Processing /home/airflow/.local/lib/python3.8/site-packages/airflow/example_dags/example_branch_labels.py took 0.141 seconds
[2026-06-12T11:12:12.544+0000] {processor.py:161} INFO - Started process (PID=1286) to work on /home/airflow/.local/lib/python3.8/site-packages/airflow/example_dags/example_branch_labels.py
[2026-06-12T11:12:12.550+0000] {processor.py:830} INFO - Processing file /home/airflow/.local/lib/python3.8/site-packages/airflow/example_dags/example_branch_labels.py for tasks to queue
[2026-06-12T11:12:12.554+0000] {logging_mixin.py:188} INFO - [2026-06-12T11:12:12.553+0000] {dagbag.py:538} INFO - Filling up the DagBag from /home/airflow/.local/lib/python3.8/site-packages/airflow/example_dags/example_branch_labels.py
[2026-06-12T11:12:12.569+0000] {processor.py:840} INFO - DAG(s) 'example_branch_labels' retrieved from /home/airflow/.local/lib/python3.8/site-packages/airflow/example_dags/example_branch_labels.py
[2026-06-12T11:12:12.614+0000] {logging_mixin.py:188} INFO - [2026-06-12T11:12:12.614+0000] {dag.py:3036} INFO - Sync 1 DAGs
[2026-06-12T11:12:12.654+0000] {logging_mixin.py:188} INFO - [2026-06-12T11:12:12.654+0000] {dag.py:3823} INFO - Setting next_dagrun for example_branch_labels to 2026-06-11 00:00:00+00:00, run_after=2026-06-12 00:00:00+00:00
[2026-06-12T11:12:12.685+0000] {processor.py:183} INFO - Processing /home/airflow/.local/lib/python3.8/site-packages/airflow/example_dags/example_branch_labels.py took 0.148 seconds
[2026-06-12T11:12:42.799+0000] {processor.py:161} INFO - Started process (PID=1353) to work on /home/airflow/.local/lib/python3.8/site-packages/airflow/example_dags/example_branch_labels.py
[2026-06-12T11:12:42.800+0000] {processor.py:830} INFO - Processing file /home/airflow/.local/lib/python3.8/site-packages/airflow/example_dags/example_branch_labels.py for tasks to queue
[2026-06-12T11:12:42.803+0000] {logging_mixin.py:188} INFO - [2026-06-12T11:12:42.803+0000] {dagbag.py:538} INFO - Filling up the DagBag from /home/airflow/.local/lib/python3.8/site-packages/airflow/example_dags/example_branch_labels.py
[2026-06-12T11:12:42.815+0000] {processor.py:840} INFO - DAG(s) 'example_branch_labels' retrieved from /home/airflow/.local/lib/python3.8/site-packages/airflow/example_dags/example_branch_labels.py
[2026-06-12T11:12:42.859+0000] {logging_mixin.py:188} INFO - [2026-06-12T11:12:42.858+0000] {dag.py:3036} INFO - Sync 1 DAGs
[2026-06-12T11:12:42.902+0000] {logging_mixin.py:188} INFO - [2026-06-12T11:12:42.902+0000] {dag.py:3823} INFO - Setting next_dagrun for example_branch_labels to 2026-06-11 00:00:00+00:00, run_after=2026-06-12 00:00:00+00:00
[2026-06-12T11:12:42.931+0000] {processor.py:183} INFO - Processing /home/airflow/.local/lib/python3.8/site-packages/airflow/example_dags/example_branch_labels.py took 0.137 seconds
[2026-06-12T11:13:13.144+0000] {processor.py:161} INFO - Started process (PID=1419) to work on /home/airflow/.local/lib/python3.8/site-packages/airflow/example_dags/example_branch_labels.py
[2026-06-12T11:13:13.146+0000] {processor.py:830} INFO - Processing file /home/airflow/.local/lib/python3.8/site-packages/airflow/example_dags/example_branch_labels.py for tasks to queue
[2026-06-12T11:13:13.149+0000] {logging_mixin.py:188} INFO - [2026-06-12T11:13:13.149+0000] {dagbag.py:538} INFO - Filling up the DagBag from /home/airflow/.local/lib/python3.8/site-packages/airflow/example_dags/example_branch_labels.py
[2026-06-12T11:13:13.164+0000] {processor.py:840} INFO - DAG(s) 'example_branch_labels' retrieved from /home/airflow/.local/lib/python3.8/site-packages/airflow/example_dags/example_branch_labels.py
[2026-06-12T11:13:13.208+0000] {logging_mixin.py:188} INFO - [2026-06-12T11:13:13.208+0000] {dag.py:3036} INFO - Sync 1 DAGs
[2026-06-12T11:13:13.256+0000] {logging_mixin.py:188} INFO - [2026-06-12T11:13:13.255+0000] {dag.py:3823} INFO - Setting next_dagrun for example_branch_labels to 2026-06-11 00:00:00+00:00, run_after=2026-06-12 00:00:00+00:00
[2026-06-12T11:13:13.289+0000] {processor.py:183} INFO - Processing /home/airflow/.local/lib/python3.8/site-packages/airflow/example_dags/example_branch_labels.py took 0.151 seconds
[2026-06-12T11:13:43.774+0000] {processor.py:161} INFO - Started process (PID=1485) to work on /home/airflow/.local/lib/python3.8/site-packages/airflow/example_dags/example_branch_labels.py
[2026-06-12T11:13:43.777+0000] {processor.py:830} INFO - Processing file /home/airflow/.local/lib/python3.8/site-packages/airflow/example_dags/example_branch_labels.py for tasks to queue
[2026-06-12T11:13:43.781+0000] {logging_mixin.py:188} INFO - [2026-06-12T11:13:43.780+0000] {dagbag.py:538} INFO - Filling up the DagBag from /home/airflow/.local/lib/python3.8/site-packages/airflow/example_dags/example_branch_labels.py
[2026-06-12T11:13:43.794+0000] {processor.py:840} INFO - DAG(s) 'example_branch_labels' retrieved from /home/airflow/.local/lib/python3.8/site-packages/airflow/example_dags/example_branch_labels.py
[2026-06-12T11:13:43.839+0000] {logging_mixin.py:188} INFO - [2026-06-12T11:13:43.839+0000] {dag.py:3036} INFO - Sync 1 DAGs
[2026-06-12T11:13:43.887+0000] {logging_mixin.py:188} INFO - [2026-06-12T11:13:43.886+0000] {dag.py:3823} INFO - Setting next_dagrun for example_branch_labels to 2026-06-11 00:00:00+00:00, run_after=2026-06-12 00:00:00+00:00
[2026-06-12T11:13:43.920+0000] {processor.py:183} INFO - Processing /home/airflow/.local/lib/python3.8/site-packages/airflow/example_dags/example_branch_labels.py took 0.152 seconds
[2026-06-12T11:14:14.977+0000] {processor.py:161} INFO - Started process (PID=1552) to work on /home/airflow/.local/lib/python3.8/site-packages/airflow/example_dags/example_branch_labels.py
[2026-06-12T11:14:14.979+0000] {processor.py:830} INFO - Processing file /home/airflow/.local/lib/python3.8/site-packages/airflow/example_dags/example_branch_labels.py for tasks to queue
[2026-06-12T11:14:14.983+0000] {logging_mixin.py:188} INFO - [2026-06-12T11:14:14.982+0000] {dagbag.py:538} INFO - Filling up the DagBag from /home/airflow/.local/lib/python3.8/site-packages/airflow/example_dags/example_branch_labels.py
[2026-06-12T11:14:14.998+0000] {processor.py:840} INFO - DAG(s) 'example_branch_labels' retrieved from /home/airflow/.local/lib/python3.8/site-packages/airflow/example_dags/example_branch_labels.py
[2026-06-12T11:14:15.039+0000] {logging_mixin.py:188} INFO - [2026-06-12T11:14:15.038+0000] {dag.py:3036} INFO - Sync 1 DAGs
[2026-06-12T11:14:15.080+0000] {logging_mixin.py:188} INFO - [2026-06-12T11:14:15.079+0000] {dag.py:3823} INFO - Setting next_dagrun for example_branch_labels to 2026-06-11 00:00:00+00:00, run_after=2026-06-12 00:00:00+00:00
[2026-06-12T11:14:15.123+0000] {processor.py:183} INFO - Processing /home/airflow/.local/lib/python3.8/site-packages/airflow/example_dags/example_branch_labels.py took 0.151 seconds
[2026-06-12T11:14:45.631+0000] {processor.py:161} INFO - Started process (PID=1626) to work on /home/airflow/.local/lib/python3.8/site-packages/airflow/example_dags/example_branch_labels.py
[2026-06-12T11:14:45.632+0000] {processor.py:830} INFO - Processing file /home/airflow/.local/lib/python3.8/site-packages/airflow/example_dags/example_branch_labels.py for tasks to queue
[2026-06-12T11:14:45.634+0000] {logging_mixin.py:188} INFO - [2026-06-12T11:14:45.634+0000] {dagbag.py:538} INFO - Filling up the DagBag from /home/airflow/.local/lib/python3.8/site-packages/airflow/example_dags/example_branch_labels.py
[2026-06-12T11:14:45.648+0000] {processor.py:840} INFO - DAG(s) 'example_branch_labels' retrieved from /home/airflow/.local/lib/python3.8/site-packages/airflow/example_dags/example_branch_labels.py
[2026-06-12T11:14:45.686+0000] {logging_mixin.py:188} INFO - [2026-06-12T11:14:45.685+0000] {dag.py:3036} INFO - Sync 1 DAGs
[2026-06-12T11:14:45.730+0000] {logging_mixin.py:188} INFO - [2026-06-12T11:14:45.730+0000] {dag.py:3823} INFO - Setting next_dagrun for example_branch_labels to 2026-06-11 00:00:00+00:00, run_after=2026-06-12 00:00:00+00:00
[2026-06-12T11:14:45.762+0000] {processor.py:183} INFO - Processing /home/airflow/.local/lib/python3.8/site-packages/airflow/example_dags/example_branch_labels.py took 0.136 seconds
[2026-06-12T11:15:15.930+0000] {processor.py:161} INFO - Started process (PID=1692) to work on /home/airflow/.local/lib/python3.8/site-packages/airflow/example_dags/example_branch_labels.py
[2026-06-12T11:15:15.932+0000] {processor.py:830} INFO - Processing file /home/airflow/.local/lib/python3.8/site-packages/airflow/example_dags/example_branch_labels.py for tasks to queue
[2026-06-12T11:15:15.935+0000] {logging_mixin.py:188} INFO - [2026-06-12T11:15:15.934+0000] {dagbag.py:538} INFO - Filling up the DagBag from /home/airflow/.local/lib/python3.8/site-packages/airflow/example_dags/example_branch_labels.py
[2026-06-12T11:15:15.950+0000] {processor.py:840} INFO - DAG(s) 'example_branch_labels' retrieved from /home/airflow/.local/lib/python3.8/site-packages/airflow/example_dags/example_branch_labels.py
[2026-06-12T11:15:15.995+0000] {logging_mixin.py:188} INFO - [2026-06-12T11:15:15.994+0000] {dag.py:3036} INFO - Sync 1 DAGs
[2026-06-12T11:15:16.040+0000] {logging_mixin.py:188} INFO - [2026-06-12T11:15:16.039+0000] {dag.py:3823} INFO - Setting next_dagrun for example_branch_labels to 2026-06-11 00:00:00+00:00, run_after=2026-06-12 00:00:00+00:00
[2026-06-12T11:15:16.073+0000] {processor.py:183} INFO - Processing /home/airflow/.local/lib/python3.8/site-packages/airflow/example_dags/example_branch_labels.py took 0.148 seconds
[2026-06-12T11:15:46.448+0000] {processor.py:161} INFO - Started process (PID=1758) to work on /home/airflow/.local/lib/python3.8/site-packages/airflow/example_dags/example_branch_labels.py
[2026-06-12T11:15:46.449+0000] {processor.py:830} INFO - Processing file /home/airflow/.local/lib/python3.8/site-packages/airflow/example_dags/example_branch_labels.py for tasks to queue
[2026-06-12T11:15:46.452+0000] {logging_mixin.py:188} INFO - [2026-06-12T11:15:46.452+0000] {dagbag.py:538} INFO - Filling up the DagBag from /home/airflow/.local/lib/python3.8/site-packages/airflow/example_dags/example_branch_labels.py
[2026-06-12T11:15:46.468+0000] {processor.py:840} INFO - DAG(s) 'example_branch_labels' retrieved from /home/airflow/.local/lib/python3.8/site-packages/airflow/example_dags/example_branch_labels.py
[2026-06-12T11:15:46.513+0000] {logging_mixin.py:188} INFO - [2026-06-12T11:15:46.512+0000] {dag.py:3036} INFO - Sync 1 DAGs
[2026-06-12T11:15:46.560+0000] {logging_mixin.py:188} INFO - [2026-06-12T11:15:46.559+0000] {dag.py:3823} INFO - Setting next_dagrun for example_branch_labels to 2026-06-11 00:00:00+00:00, run_after=2026-06-12 00:00:00+00:00
[2026-06-12T11:15:46.591+0000] {processor.py:183} INFO - Processing /home/airflow/.local/lib/python3.8/site-packages/airflow/example_dags/example_branch_labels.py took 0.149 seconds
[2026-06-12T11:16:17.118+0000] {processor.py:161} INFO - Started process (PID=1823) to work on /home/airflow/.local/lib/python3.8/site-packages/airflow/example_dags/example_branch_labels.py
[2026-06-12T11:16:17.120+0000] {processor.py:830} INFO - Processing file /home/airflow/.local/lib/python3.8/site-packages/airflow/example_dags/example_branch_labels.py for tasks to queue
[2026-06-12T11:16:17.123+0000] {logging_mixin.py:188} INFO - [2026-06-12T11:16:17.122+0000] {dagbag.py:538} INFO - Filling up the DagBag from /home/airflow/.local/lib/python3.8/site-packages/airflow/example_dags/example_branch_labels.py
[2026-06-12T11:16:17.139+0000] {processor.py:840} INFO - DAG(s) 'example_branch_labels' retrieved from /home/airflow/.local/lib/python3.8/site-packages/airflow/example_dags/example_branch_labels.py
[2026-06-12T11:16:17.183+0000] {logging_mixin.py:188} INFO - [2026-06-12T11:16:17.182+0000] {dag.py:3036} INFO - Sync 1 DAGs
[2026-06-12T11:16:17.229+0000] {logging_mixin.py:188} INFO - [2026-06-12T11:16:17.229+0000] {dag.py:3823} INFO - Setting next_dagrun for example_branch_labels to 2026-06-11 00:00:00+00:00, run_after=2026-06-12 00:00:00+00:00
[2026-06-12T11:16:17.263+0000] {processor.py:183} INFO - Processing /home/airflow/.local/lib/python3.8/site-packages/airflow/example_dags/example_branch_labels.py took 0.151 seconds
[2026-06-12T11:16:47.578+0000] {processor.py:161} INFO - Started process (PID=1889) to work on /home/airflow/.local/lib/python3.8/site-packages/airflow/example_dags/example_branch_labels.py
[2026-06-12T11:16:47.580+0000] {processor.py:830} INFO - Processing file /home/airflow/.local/lib/python3.8/site-packages/airflow/example_dags/example_branch_labels.py for tasks to queue
[2026-06-12T11:16:47.582+0000] {logging_mixin.py:188} INFO - [2026-06-12T11:16:47.582+0000] {dagbag.py:538} INFO - Filling up the DagBag from /home/airflow/.local/lib/python3.8/site-packages/airflow/example_dags/example_branch_labels.py
[2026-06-12T11:16:47.594+0000] {processor.py:840} INFO - DAG(s) 'example_branch_labels' retrieved from /home/airflow/.local/lib/python3.8/site-packages/airflow/example_dags/example_branch_labels.py
[2026-06-12T11:16:47.635+0000] {logging_mixin.py:188} INFO - [2026-06-12T11:16:47.634+0000] {dag.py:3036} INFO - Sync 1 DAGs
[2026-06-12T11:16:47.675+0000] {logging_mixin.py:188} INFO - [2026-06-12T11:16:47.674+0000] {dag.py:3823} INFO - Setting next_dagrun for example_branch_labels to 2026-06-11 00:00:00+00:00, run_after=2026-06-12 00:00:00+00:00
[2026-06-12T11:16:47.701+0000] {processor.py:183} INFO - Processing /home/airflow/.local/lib/python3.8/site-packages/airflow/example_dags/example_branch_labels.py took 0.127 seconds
[2026-06-12T11:17:18.041+0000] {processor.py:161} INFO - Started process (PID=1954) to work on /home/airflow/.local/lib/python3.8/site-packages/airflow/example_dags/example_branch_labels.py
[2026-06-12T11:17:18.042+0000] {processor.py:830} INFO - Processing file /home/airflow/.local/lib/python3.8/site-packages/airflow/example_dags/example_branch_labels.py for tasks to queue
[2026-06-12T11:17:18.044+0000] {logging_mixin.py:188} INFO - [2026-06-12T11:17:18.044+0000] {dagbag.py:538} INFO - Filling up the DagBag from /home/airflow/.local/lib/python3.8/site-packages/airflow/example_dags/example_branch_labels.py
[2026-06-12T11:17:18.056+0000] {processor.py:840} INFO - DAG(s) 'example_branch_labels' retrieved from /home/airflow/.local/lib/python3.8/site-packages/airflow/example_dags/example_branch_labels.py
[2026-06-12T11:17:18.096+0000] {logging_mixin.py:188} INFO - [2026-06-12T11:17:18.095+0000] {dag.py:3036} INFO - Sync 1 DAGs
[2026-06-12T11:17:18.135+0000] {logging_mixin.py:188} INFO - [2026-06-12T11:17:18.134+0000] {dag.py:3823} INFO - Setting next_dagrun for example_branch_labels to 2026-06-11 00:00:00+00:00, run_after=2026-06-12 00:00:00+00:00
[2026-06-12T11:17:18.163+0000] {processor.py:183} INFO - Processing /home/airflow/.local/lib/python3.8/site-packages/airflow/example_dags/example_branch_labels.py took 0.127 seconds
[2026-06-12T11:17:48.446+0000] {processor.py:161} INFO - Started process (PID=2020) to work on /home/airflow/.local/lib/python3.8/site-packages/airflow/example_dags/example_branch_labels.py
[2026-06-12T11:17:48.448+0000] {processor.py:830} INFO - Processing file /home/airflow/.local/lib/python3.8/site-packages/airflow/example_dags/example_branch_labels.py for tasks to queue
[2026-06-12T11:17:48.451+0000] {logging_mixin.py:188} INFO - [2026-06-12T11:17:48.450+0000] {dagbag.py:538} INFO - Filling up the DagBag from /home/airflow/.local/lib/python3.8/site-packages/airflow/example_dags/example_branch_labels.py
[2026-06-12T11:17:48.465+0000] {processor.py:840} INFO - DAG(s) 'example_branch_labels' retrieved from /home/airflow/.local/lib/python3.8/site-packages/airflow/example_dags/example_branch_labels.py
[2026-06-12T11:17:48.501+0000] {logging_mixin.py:188} INFO - [2026-06-12T11:17:48.500+0000] {dag.py:3036} INFO - Sync 1 DAGs
[2026-06-12T11:17:48.543+0000] {logging_mixin.py:188} INFO - [2026-06-12T11:17:48.543+0000] {dag.py:3823} INFO - Setting next_dagrun for example_branch_labels to 2026-06-11 00:00:00+00:00, run_after=2026-06-12 00:00:00+00:00
[2026-06-12T11:17:48.573+0000] {processor.py:183} INFO - Processing /home/airflow/.local/lib/python3.8/site-packages/airflow/example_dags/example_branch_labels.py took 0.133 seconds
[2026-06-12T11:18:18.707+0000] {processor.py:161} INFO - Started process (PID=2086) to work on /home/airflow/.local/lib/python3.8/site-packages/airflow/example_dags/example_branch_labels.py
[2026-06-12T11:18:18.709+0000] {processor.py:830} INFO - Processing file /home/airflow/.local/lib/python3.8/site-packages/airflow/example_dags/example_branch_labels.py for tasks to queue
[2026-06-12T11:18:18.712+0000] {logging_mixin.py:188} INFO - [2026-06-12T11:18:18.711+0000] {dagbag.py:538} INFO - Filling up the DagBag from /home/airflow/.local/lib/python3.8/site-packages/airflow/example_dags/example_branch_labels.py
[2026-06-12T11:18:18.725+0000] {processor.py:840} INFO - DAG(s) 'example_branch_labels' retrieved from /home/airflow/.local/lib/python3.8/site-packages/airflow/example_dags/example_branch_labels.py
[2026-06-12T11:18:18.766+0000] {logging_mixin.py:188} INFO - [2026-06-12T11:18:18.766+0000] {dag.py:3036} INFO - Sync 1 DAGs
[2026-06-12T11:18:18.809+0000] {logging_mixin.py:188} INFO - [2026-06-12T11:18:18.808+0000] {dag.py:3823} INFO - Setting next_dagrun for example_branch_labels to 2026-06-11 00:00:00+00:00, run_after=2026-06-12 00:00:00+00:00
[2026-06-12T11:18:18.837+0000] {processor.py:183} INFO - Processing /home/airflow/.local/lib/python3.8/site-packages/airflow/example_dags/example_branch_labels.py took 0.135 seconds
[2026-06-12T11:18:49.084+0000] {processor.py:161} INFO - Started process (PID=2152) to work on /home/airflow/.local/lib/python3.8/site-packages/airflow/example_dags/example_branch_labels.py
[2026-06-12T11:18:49.086+0000] {processor.py:830} INFO - Processing file /home/airflow/.local/lib/python3.8/site-packages/airflow/example_dags/example_branch_labels.py for tasks to queue
[2026-06-12T11:18:49.089+0000] {logging_mixin.py:188} INFO - [2026-06-12T11:18:49.089+0000] {dagbag.py:538} INFO - Filling up the DagBag from /home/airflow/.local/lib/python3.8/site-packages/airflow/example_dags/example_branch_labels.py
[2026-06-12T11:18:49.105+0000] {processor.py:840} INFO - DAG(s) 'example_branch_labels' retrieved from /home/airflow/.local/lib/python3.8/site-packages/airflow/example_dags/example_branch_labels.py
[2026-06-12T11:18:49.153+0000] {logging_mixin.py:188} INFO - [2026-06-12T11:18:49.153+0000] {dag.py:3036} INFO - Sync 1 DAGs
[2026-06-12T11:18:49.202+0000] {logging_mixin.py:188} INFO - [2026-06-12T11:18:49.201+0000] {dag.py:3823} INFO - Setting next_dagrun for example_branch_labels to 2026-06-11 00:00:00+00:00, run_after=2026-06-12 00:00:00+00:00
[2026-06-12T11:18:49.237+0000] {processor.py:183} INFO - Processing /home/airflow/.local/lib/python3.8/site-packages/airflow/example_dags/example_branch_labels.py took 0.159 seconds
[2026-06-12T11:19:19.432+0000] {processor.py:161} INFO - Started process (PID=2218) to work on /home/airflow/.local/lib/python3.8/site-packages/airflow/example_dags/example_branch_labels.py
[2026-06-12T11:19:19.434+0000] {processor.py:830} INFO - Processing file /home/airflow/.local/lib/python3.8/site-packages/airflow/example_dags/example_branch_labels.py for tasks to queue
[2026-06-12T11:19:19.437+0000] {logging_mixin.py:188} INFO - [2026-06-12T11:19:19.437+0000] {dagbag.py:538} INFO - Filling up the DagBag from /home/airflow/.local/lib/python3.8/site-packages/airflow/example_dags/example_branch_labels.py
[2026-06-12T11:19:19.452+0000] {processor.py:840} INFO - DAG(s) 'example_branch_labels' retrieved from /home/airflow/.local/lib/python3.8/site-packages/airflow/example_dags/example_branch_labels.py
[2026-06-12T11:19:19.498+0000] {logging_mixin.py:188} INFO - [2026-06-12T11:19:19.497+0000] {dag.py:3036} INFO - Sync 1 DAGs
[2026-06-12T11:19:19.557+0000] {logging_mixin.py:188} INFO - [2026-06-12T11:19:19.556+0000] {dag.py:3823} INFO - Setting next_dagrun for example_branch_labels to 2026-06-11 00:00:00+00:00, run_after=2026-06-12 00:00:00+00:00
[2026-06-12T11:19:19.596+0000] {processor.py:183} INFO - Processing /home/airflow/.local/lib/python3.8/site-packages/airflow/example_dags/example_branch_labels.py took 0.169 seconds
[2026-06-12T11:19:49.755+0000] {processor.py:161} INFO - Started process (PID=2291) to work on /home/airflow/.local/lib/python3.8/site-packages/airflow/example_dags/example_branch_labels.py
[2026-06-12T11:19:49.756+0000] {processor.py:830} INFO - Processing file /home/airflow/.local/lib/python3.8/site-packages/airflow/example_dags/example_branch_labels.py for tasks to queue
[2026-06-12T11:19:49.759+0000] {logging_mixin.py:188} INFO - [2026-06-12T11:19:49.758+0000] {dagbag.py:538} INFO - Filling up the DagBag from /home/airflow/.local/lib/python3.8/site-packages/airflow/example_dags/example_branch_labels.py
[2026-06-12T11:19:49.774+0000] {processor.py:840} INFO - DAG(s) 'example_branch_labels' retrieved from /home/airflow/.local/lib/python3.8/site-packages/airflow/example_dags/example_branch_labels.py
[2026-06-12T11:19:49.822+0000] {logging_mixin.py:188} INFO - [2026-06-12T11:19:49.821+0000] {dag.py:3036} INFO - Sync 1 DAGs
[2026-06-12T11:19:49.869+0000] {logging_mixin.py:188} INFO - [2026-06-12T11:19:49.868+0000] {dag.py:3823} INFO - Setting next_dagrun for example_branch_labels to 2026-06-11 00:00:00+00:00, run_after=2026-06-12 00:00:00+00:00
[2026-06-12T11:19:49.900+0000] {processor.py:183} INFO - Processing /home/airflow/.local/lib/python3.8/site-packages/airflow/example_dags/example_branch_labels.py took 0.151 seconds
[2026-06-12T11:20:20.026+0000] {processor.py:161} INFO - Started process (PID=2358) to work on /home/airflow/.local/lib/python3.8/site-packages/airflow/example_dags/example_branch_labels.py
[2026-06-12T11:20:20.028+0000] {processor.py:830} INFO - Processing file /home/airflow/.local/lib/python3.8/site-packages/airflow/example_dags/example_branch_labels.py for tasks to queue
[2026-06-12T11:20:20.031+0000] {logging_mixin.py:188} INFO - [2026-06-12T11:20:20.030+0000] {dagbag.py:538} INFO - Filling up the DagBag from /home/airflow/.local/lib/python3.8/site-packages/airflow/example_dags/example_branch_labels.py
[2026-06-12T11:20:20.046+0000] {processor.py:840} INFO - DAG(s) 'example_branch_labels' retrieved from /home/airflow/.local/lib/python3.8/site-packages/airflow/example_dags/example_branch_labels.py
[2026-06-12T11:20:20.085+0000] {logging_mixin.py:188} INFO - [2026-06-12T11:20:20.084+0000] {dag.py:3036} INFO - Sync 1 DAGs
[2026-06-12T11:20:20.123+0000] {logging_mixin.py:188} INFO - [2026-06-12T11:20:20.123+0000] {dag.py:3823} INFO - Setting next_dagrun for example_branch_labels to 2026-06-11 00:00:00+00:00, run_after=2026-06-12 00:00:00+00:00
[2026-06-12T11:20:20.157+0000] {processor.py:183} INFO - Processing /home/airflow/.local/lib/python3.8/site-packages/airflow/example_dags/example_branch_labels.py took 0.137 seconds
[2026-06-12T11:20:50.419+0000] {processor.py:161} INFO - Started process (PID=2424) to work on /home/airflow/.local/lib/python3.8/site-packages/airflow/example_dags/example_branch_labels.py
[2026-06-12T11:20:50.421+0000] {processor.py:830} INFO - Processing file /home/airflow/.local/lib/python3.8/site-packages/airflow/example_dags/example_branch_labels.py for tasks to queue
[2026-06-12T11:20:50.424+0000] {logging_mixin.py:188} INFO - [2026-06-12T11:20:50.423+0000] {dagbag.py:538} INFO - Filling up the DagBag from /home/airflow/.local/lib/python3.8/site-packages/airflow/example_dags/example_branch_labels.py
[2026-06-12T11:20:50.439+0000] {processor.py:840} INFO - DAG(s) 'example_branch_labels' retrieved from /home/airflow/.local/lib/python3.8/site-packages/airflow/example_dags/example_branch_labels.py
[2026-06-12T11:20:50.482+0000] {logging_mixin.py:188} INFO - [2026-06-12T11:20:50.482+0000] {dag.py:3036} INFO - Sync 1 DAGs
[2026-06-12T11:20:50.530+0000] {logging_mixin.py:188} INFO - [2026-06-12T11:20:50.530+0000] {dag.py:3823} INFO - Setting next_dagrun for example_branch_labels to 2026-06-11 00:00:00+00:00, run_after=2026-06-12 00:00:00+00:00
[2026-06-12T11:20:50.569+0000] {processor.py:183} INFO - Processing /home/airflow/.local/lib/python3.8/site-packages/airflow/example_dags/example_branch_labels.py took 0.156 seconds
[2026-06-12T11:21:21.074+0000] {processor.py:161} INFO - Started process (PID=2490) to work on /home/airflow/.local/lib/python3.8/site-packages/airflow/example_dags/example_branch_labels.py
[2026-06-12T11:21:21.075+0000] {processor.py:830} INFO - Processing file /home/airflow/.local/lib/python3.8/site-packages/airflow/example_dags/example_branch_labels.py for tasks to queue
[2026-06-12T11:21:21.078+0000] {logging_mixin.py:188} INFO - [2026-06-12T11:21:21.077+0000] {dagbag.py:538} INFO - Filling up the DagBag from /home/airflow/.local/lib/python3.8/site-packages/airflow/example_dags/example_branch_labels.py
[2026-06-12T11:21:21.092+0000] {processor.py:840} INFO - DAG(s) 'example_branch_labels' retrieved from /home/airflow/.local/lib/python3.8/site-packages/airflow/example_dags/example_branch_labels.py
[2026-06-12T11:21:21.135+0000] {logging_mixin.py:188} INFO - [2026-06-12T11:21:21.135+0000] {dag.py:3036} INFO - Sync 1 DAGs
[2026-06-12T11:21:21.178+0000] {logging_mixin.py:188} INFO - [2026-06-12T11:21:21.178+0000] {dag.py:3823} INFO - Setting next_dagrun for example_branch_labels to 2026-06-11 00:00:00+00:00, run_after=2026-06-12 00:00:00+00:00
[2026-06-12T11:21:21.205+0000] {processor.py:183} INFO - Processing /home/airflow/.local/lib/python3.8/site-packages/airflow/example_dags/example_branch_labels.py took 0.136 seconds
[2026-06-12T11:21:51.663+0000] {processor.py:161} INFO - Started process (PID=2556) to work on /home/airflow/.local/lib/python3.8/site-packages/airflow/example_dags/example_branch_labels.py
[2026-06-12T11:21:51.665+0000] {processor.py:830} INFO - Processing file /home/airflow/.local/lib/python3.8/site-packages/airflow/example_dags/example_branch_labels.py for tasks to queue
[2026-06-12T11:21:51.667+0000] {logging_mixin.py:188} INFO - [2026-06-12T11:21:51.667+0000] {dagbag.py:538} INFO - Filling up the DagBag from /home/airflow/.local/lib/python3.8/site-packages/airflow/example_dags/example_branch_labels.py
[2026-06-12T11:21:51.680+0000] {processor.py:840} INFO - DAG(s) 'example_branch_labels' retrieved from /home/airflow/.local/lib/python3.8/site-packages/airflow/example_dags/example_branch_labels.py
[2026-06-12T11:21:51.725+0000] {logging_mixin.py:188} INFO - [2026-06-12T11:21:51.725+0000] {dag.py:3036} INFO - Sync 1 DAGs
[2026-06-12T11:21:51.773+0000] {logging_mixin.py:188} INFO - [2026-06-12T11:21:51.773+0000] {dag.py:3823} INFO - Setting next_dagrun for example_branch_labels to 2026-06-11 00:00:00+00:00, run_after=2026-06-12 00:00:00+00:00
[2026-06-12T11:21:51.807+0000] {processor.py:183} INFO - Processing /home/airflow/.local/lib/python3.8/site-packages/airflow/example_dags/example_branch_labels.py took 0.149 seconds
[2026-06-12T11:22:22.517+0000] {processor.py:161} INFO - Started process (PID=2622) to work on /home/airflow/.local/lib/python3.8/site-packages/airflow/example_dags/example_branch_labels.py
[2026-06-12T11:22:22.519+0000] {processor.py:830} INFO - Processing file /home/airflow/.local/lib/python3.8/site-packages/airflow/example_dags/example_branch_labels.py for tasks to queue
[2026-06-12T11:22:22.522+0000] {logging_mixin.py:188} INFO - [2026-06-12T11:22:22.522+0000] {dagbag.py:538} INFO - Filling up the DagBag from /home/airflow/.local/lib/python3.8/site-packages/airflow/example_dags/example_branch_labels.py
[2026-06-12T11:22:22.537+0000] {processor.py:840} INFO - DAG(s) 'example_branch_labels' retrieved from /home/airflow/.local/lib/python3.8/site-packages/airflow/example_dags/example_branch_labels.py
[2026-06-12T11:22:22.581+0000] {logging_mixin.py:188} INFO - [2026-06-12T11:22:22.580+0000] {dag.py:3036} INFO - Sync 1 DAGs
[2026-06-12T11:22:22.619+0000] {logging_mixin.py:188} INFO - [2026-06-12T11:22:22.619+0000] {dag.py:3823} INFO - Setting next_dagrun for example_branch_labels to 2026-06-11 00:00:00+00:00, run_after=2026-06-12 00:00:00+00:00
[2026-06-12T11:22:22.645+0000] {processor.py:183} INFO - Processing /home/airflow/.local/lib/python3.8/site-packages/airflow/example_dags/example_branch_labels.py took 0.133 seconds
[2026-06-12T11:22:53.163+0000] {processor.py:161} INFO - Started process (PID=2688) to work on /home/airflow/.local/lib/python3.8/site-packages/airflow/example_dags/example_branch_labels.py
[2026-06-12T11:22:53.164+0000] {processor.py:830} INFO - Processing file /home/airflow/.local/lib/python3.8/site-packages/airflow/example_dags/example_branch_labels.py for tasks to queue
[2026-06-12T11:22:53.166+0000] {logging_mixin.py:188} INFO - [2026-06-12T11:22:53.166+0000] {dagbag.py:538} INFO - Filling up the DagBag from /home/airflow/.local/lib/python3.8/site-packages/airflow/example_dags/example_branch_labels.py
[2026-06-12T11:22:53.178+0000] {processor.py:840} INFO - DAG(s) 'example_branch_labels' retrieved from /home/airflow/.local/lib/python3.8/site-packages/airflow/example_dags/example_branch_labels.py
[2026-06-12T11:22:53.216+0000] {logging_mixin.py:188} INFO - [2026-06-12T11:22:53.215+0000] {dag.py:3036} INFO - Sync 1 DAGs
[2026-06-12T11:22:53.254+0000] {logging_mixin.py:188} INFO - [2026-06-12T11:22:53.254+0000] {dag.py:3823} INFO - Setting next_dagrun for example_branch_labels to 2026-06-11 00:00:00+00:00, run_after=2026-06-12 00:00:00+00:00
[2026-06-12T11:22:53.285+0000] {processor.py:183} INFO - Processing /home/airflow/.local/lib/python3.8/site-packages/airflow/example_dags/example_branch_labels.py took 0.128 seconds
[2026-06-12T11:23:24.086+0000] {processor.py:161} INFO - Started process (PID=2754) to work on /home/airflow/.local/lib/python3.8/site-packages/airflow/example_dags/example_branch_labels.py
[2026-06-12T11:23:24.087+0000] {processor.py:830} INFO - Processing file /home/airflow/.local/lib/python3.8/site-packages/airflow/example_dags/example_branch_labels.py for tasks to queue
[2026-06-12T11:23:24.090+0000] {logging_mixin.py:188} INFO - [2026-06-12T11:23:24.089+0000] {dagbag.py:538} INFO - Filling up the DagBag from /home/airflow/.local/lib/python3.8/site-packages/airflow/example_dags/example_branch_labels.py
[2026-06-12T11:23:24.102+0000] {processor.py:840} INFO - DAG(s) 'example_branch_labels' retrieved from /home/airflow/.local/lib/python3.8/site-packages/airflow/example_dags/example_branch_labels.py
[2026-06-12T11:23:24.141+0000] {logging_mixin.py:188} INFO - [2026-06-12T11:23:24.140+0000] {dag.py:3036} INFO - Sync 1 DAGs
[2026-06-12T11:23:24.179+0000] {logging_mixin.py:188} INFO - [2026-06-12T11:23:24.178+0000] {dag.py:3823} INFO - Setting next_dagrun for example_branch_labels to 2026-06-11 00:00:00+00:00, run_after=2026-06-12 00:00:00+00:00
[2026-06-12T11:23:24.207+0000] {processor.py:183} INFO - Processing /home/airflow/.local/lib/python3.8/site-packages/airflow/example_dags/example_branch_labels.py took 0.126 seconds
[2026-06-12T11:23:54.885+0000] {processor.py:161} INFO - Started process (PID=2827) to work on /home/airflow/.local/lib/python3.8/site-packages/airflow/example_dags/example_branch_labels.py
[2026-06-12T11:23:54.886+0000] {processor.py:830} INFO - Processing file /home/airflow/.local/lib/python3.8/site-packages/airflow/example_dags/example_branch_labels.py for tasks to queue
[2026-06-12T11:23:54.889+0000] {logging_mixin.py:188} INFO - [2026-06-12T11:23:54.889+0000] {dagbag.py:538} INFO - Filling up the DagBag from /home/airflow/.local/lib/python3.8/site-packages/airflow/example_dags/example_branch_labels.py
[2026-06-12T11:23:54.904+0000] {processor.py:840} INFO - DAG(s) 'example_branch_labels' retrieved from /home/airflow/.local/lib/python3.8/site-packages/airflow/example_dags/example_branch_labels.py
[2026-06-12T11:23:54.946+0000] {logging_mixin.py:188} INFO - [2026-06-12T11:23:54.946+0000] {dag.py:3036} INFO - Sync 1 DAGs
[2026-06-12T11:23:54.993+0000] {logging_mixin.py:188} INFO - [2026-06-12T11:23:54.992+0000] {dag.py:3823} INFO - Setting next_dagrun for example_branch_labels to 2026-06-11 00:00:00+00:00, run_after=2026-06-12 00:00:00+00:00
[2026-06-12T11:23:55.023+0000] {processor.py:183} INFO - Processing /home/airflow/.local/lib/python3.8/site-packages/airflow/example_dags/example_branch_labels.py took 0.144 seconds
[2026-06-12T11:24:25.404+0000] {processor.py:161} INFO - Started process (PID=2893) to work on /home/airflow/.local/lib/python3.8/site-packages/airflow/example_dags/example_branch_labels.py
[2026-06-12T11:24:25.406+0000] {processor.py:830} INFO - Processing file /home/airflow/.local/lib/python3.8/site-packages/airflow/example_dags/example_branch_labels.py for tasks to queue
[2026-06-12T11:24:25.409+0000] {logging_mixin.py:188} INFO - [2026-06-12T11:24:25.409+0000] {dagbag.py:538} INFO - Filling up the DagBag from /home/airflow/.local/lib/python3.8/site-packages/airflow/example_dags/example_branch_labels.py
[2026-06-12T11:24:25.425+0000] {processor.py:840} INFO - DAG(s) 'example_branch_labels' retrieved from /home/airflow/.local/lib/python3.8/site-packages/airflow/example_dags/example_branch_labels.py
[2026-06-12T11:24:25.470+0000] {logging_mixin.py:188} INFO - [2026-06-12T11:24:25.467+0000] {dag.py:3036} INFO - Sync 1 DAGs
[2026-06-12T11:24:25.527+0000] {logging_mixin.py:188} INFO - [2026-06-12T11:24:25.526+0000] {dag.py:3823} INFO - Setting next_dagrun for example_branch_labels to 2026-06-11 00:00:00+00:00, run_after=2026-06-12 00:00:00+00:00
[2026-06-12T11:24:25.565+0000] {processor.py:183} INFO - Processing /home/airflow/.local/lib/python3.8/site-packages/airflow/example_dags/example_branch_labels.py took 0.167 seconds
[2026-06-12T11:24:56.263+0000] {processor.py:161} INFO - Started process (PID=2959) to work on /home/airflow/.local/lib/python3.8/site-packages/airflow/example_dags/example_branch_labels.py
[2026-06-12T11:24:56.264+0000] {processor.py:830} INFO - Processing file /home/airflow/.local/lib/python3.8/site-packages/airflow/example_dags/example_branch_labels.py for tasks to queue
[2026-06-12T11:24:56.267+0000] {logging_mixin.py:188} INFO - [2026-06-12T11:24:56.267+0000] {dagbag.py:538} INFO - Filling up the DagBag from /home/airflow/.local/lib/python3.8/site-packages/airflow/example_dags/example_branch_labels.py
[2026-06-12T11:24:56.283+0000] {processor.py:840} INFO - DAG(s) 'example_branch_labels' retrieved from /home/airflow/.local/lib/python3.8/site-packages/airflow/example_dags/example_branch_labels.py
[2026-06-12T11:24:56.326+0000] {logging_mixin.py:188} INFO - [2026-06-12T11:24:56.325+0000] {dag.py:3036} INFO - Sync 1 DAGs
[2026-06-12T11:24:56.374+0000] {logging_mixin.py:188} INFO - [2026-06-12T11:24:56.374+0000] {dag.py:3823} INFO - Setting next_dagrun for example_branch_labels to 2026-06-11 00:00:00+00:00, run_after=2026-06-12 00:00:00+00:00
[2026-06-12T11:24:56.404+0000] {processor.py:183} INFO - Processing /home/airflow/.local/lib/python3.8/site-packages/airflow/example_dags/example_branch_labels.py took 0.148 seconds
[2026-06-12T11:25:28.211+0000] {processor.py:161} INFO - Started process (PID=3024) to work on /home/airflow/.local/lib/python3.8/site-packages/airflow/example_dags/example_branch_labels.py
[2026-06-12T11:25:28.213+0000] {processor.py:830} INFO - Processing file /home/airflow/.local/lib/python3.8/site-packages/airflow/example_dags/example_branch_labels.py for tasks to queue
[2026-06-12T11:25:28.215+0000] {logging_mixin.py:188} INFO - [2026-06-12T11:25:28.215+0000] {dagbag.py:538} INFO - Filling up the DagBag from /home/airflow/.local/lib/python3.8/site-packages/airflow/example_dags/example_branch_labels.py
[2026-06-12T11:25:28.228+0000] {processor.py:840} INFO - DAG(s) 'example_branch_labels' retrieved from /home/airflow/.local/lib/python3.8/site-packages/airflow/example_dags/example_branch_labels.py
[2026-06-12T11:25:28.268+0000] {logging_mixin.py:188} INFO - [2026-06-12T11:25:28.267+0000] {dag.py:3036} INFO - Sync 1 DAGs
[2026-06-12T11:25:28.310+0000] {logging_mixin.py:188} INFO - [2026-06-12T11:25:28.310+0000] {dag.py:3823} INFO - Setting next_dagrun for example_branch_labels to 2026-06-11 00:00:00+00:00, run_after=2026-06-12 00:00:00+00:00
[2026-06-12T11:25:28.337+0000] {processor.py:183} INFO - Processing /home/airflow/.local/lib/python3.8/site-packages/airflow/example_dags/example_branch_labels.py took 0.132 seconds
[2026-06-12T11:25:58.805+0000] {processor.py:161} INFO - Started process (PID=3089) to work on /home/airflow/.local/lib/python3.8/site-packages/airflow/example_dags/example_branch_labels.py
[2026-06-12T11:25:58.806+0000] {processor.py:830} INFO - Processing file /home/airflow/.local/lib/python3.8/site-packages/airflow/example_dags/example_branch_labels.py for tasks to queue
[2026-06-12T11:25:58.808+0000] {logging_mixin.py:188} INFO - [2026-06-12T11:25:58.808+0000] {dagbag.py:538} INFO - Filling up the DagBag from /home/airflow/.local/lib/python3.8/site-packages/airflow/example_dags/example_branch_labels.py
[2026-06-12T11:25:58.820+0000] {processor.py:840} INFO - DAG(s) 'example_branch_labels' retrieved from /home/airflow/.local/lib/python3.8/site-packages/airflow/example_dags/example_branch_labels.py
[2026-06-12T11:25:58.855+0000] {logging_mixin.py:188} INFO - [2026-06-12T11:25:58.854+0000] {dag.py:3036} INFO - Sync 1 DAGs
[2026-06-12T11:25:59.069+0000] {logging_mixin.py:188} INFO - [2026-06-12T11:25:59.069+0000] {dag.py:3823} INFO - Setting next_dagrun for example_branch_labels to 2026-06-11 00:00:00+00:00, run_after=2026-06-12 00:00:00+00:00
[2026-06-12T11:25:59.099+0000] {processor.py:183} INFO - Processing /home/airflow/.local/lib/python3.8/site-packages/airflow/example_dags/example_branch_labels.py took 0.301 seconds
[2026-06-12T11:26:29.175+0000] {processor.py:161} INFO - Started process (PID=3156) to work on /home/airflow/.local/lib/python3.8/site-packages/airflow/example_dags/example_branch_labels.py
[2026-06-12T11:26:29.177+0000] {processor.py:830} INFO - Processing file /home/airflow/.local/lib/python3.8/site-packages/airflow/example_dags/example_branch_labels.py for tasks to queue
[2026-06-12T11:26:29.181+0000] {logging_mixin.py:188} INFO - [2026-06-12T11:26:29.180+0000] {dagbag.py:538} INFO - Filling up the DagBag from /home/airflow/.local/lib/python3.8/site-packages/airflow/example_dags/example_branch_labels.py
[2026-06-12T11:26:29.194+0000] {processor.py:840} INFO - DAG(s) 'example_branch_labels' retrieved from /home/airflow/.local/lib/python3.8/site-packages/airflow/example_dags/example_branch_labels.py
[2026-06-12T11:26:29.235+0000] {logging_mixin.py:188} INFO - [2026-06-12T11:26:29.235+0000] {dag.py:3036} INFO - Sync 1 DAGs
[2026-06-12T11:26:29.279+0000] {logging_mixin.py:188} INFO - [2026-06-12T11:26:29.279+0000] {dag.py:3823} INFO - Setting next_dagrun for example_branch_labels to 2026-06-11 00:00:00+00:00, run_after=2026-06-12 00:00:00+00:00
[2026-06-12T11:26:29.310+0000] {processor.py:183} INFO - Processing /home/airflow/.local/lib/python3.8/site-packages/airflow/example_dags/example_branch_labels.py took 0.139 seconds
[2026-06-12T11:26:59.371+0000] {processor.py:161} INFO - Started process (PID=3223) to work on /home/airflow/.local/lib/python3.8/site-packages/airflow/example_dags/example_branch_labels.py
[2026-06-12T11:26:59.372+0000] {processor.py:830} INFO - Processing file /home/airflow/.local/lib/python3.8/site-packages/airflow/example_dags/example_branch_labels.py for tasks to queue
[2026-06-12T11:26:59.375+0000] {logging_mixin.py:188} INFO - [2026-06-12T11:26:59.374+0000] {dagbag.py:538} INFO - Filling up the DagBag from /home/airflow/.local/lib/python3.8/site-packages/airflow/example_dags/example_branch_labels.py
[2026-06-12T11:26:59.387+0000] {processor.py:840} INFO - DAG(s) 'example_branch_labels' retrieved from /home/airflow/.local/lib/python3.8/site-packages/airflow/example_dags/example_branch_labels.py
[2026-06-12T11:26:59.425+0000] {logging_mixin.py:188} INFO - [2026-06-12T11:26:59.425+0000] {dag.py:3036} INFO - Sync 1 DAGs
[2026-06-12T11:26:59.462+0000] {logging_mixin.py:188} INFO - [2026-06-12T11:26:59.461+0000] {dag.py:3823} INFO - Setting next_dagrun for example_branch_labels to 2026-06-11 00:00:00+00:00, run_after=2026-06-12 00:00:00+00:00
[2026-06-12T11:26:59.489+0000] {processor.py:183} INFO - Processing /home/airflow/.local/lib/python3.8/site-packages/airflow/example_dags/example_branch_labels.py took 0.123 seconds
[2026-06-12T11:27:30.153+0000] {processor.py:161} INFO - Started process (PID=3289) to work on /home/airflow/.local/lib/python3.8/site-packages/airflow/example_dags/example_branch_labels.py
[2026-06-12T11:27:30.155+0000] {processor.py:830} INFO - Processing file /home/airflow/.local/lib/python3.8/site-packages/airflow/example_dags/example_branch_labels.py for tasks to queue
[2026-06-12T11:27:30.159+0000] {logging_mixin.py:188} INFO - [2026-06-12T11:27:30.158+0000] {dagbag.py:538} INFO - Filling up the DagBag from /home/airflow/.local/lib/python3.8/site-packages/airflow/example_dags/example_branch_labels.py
[2026-06-12T11:27:30.173+0000] {processor.py:840} INFO - DAG(s) 'example_branch_labels' retrieved from /home/airflow/.local/lib/python3.8/site-packages/airflow/example_dags/example_branch_labels.py
[2026-06-12T11:27:30.213+0000] {logging_mixin.py:188} INFO - [2026-06-12T11:27:30.213+0000] {dag.py:3036} INFO - Sync 1 DAGs
[2026-06-12T11:27:30.253+0000] {logging_mixin.py:188} INFO - [2026-06-12T11:27:30.252+0000] {dag.py:3823} INFO - Setting next_dagrun for example_branch_labels to 2026-06-11 00:00:00+00:00, run_after=2026-06-12 00:00:00+00:00
[2026-06-12T11:27:30.281+0000] {processor.py:183} INFO - Processing /home/airflow/.local/lib/python3.8/site-packages/airflow/example_dags/example_branch_labels.py took 0.133 seconds
[2026-06-12T11:28:00.664+0000] {processor.py:161} INFO - Started process (PID=3354) to work on /home/airflow/.local/lib/python3.8/site-packages/airflow/example_dags/example_branch_labels.py
[2026-06-12T11:28:00.666+0000] {processor.py:830} INFO - Processing file /home/airflow/.local/lib/python3.8/site-packages/airflow/example_dags/example_branch_labels.py for tasks to queue
[2026-06-12T11:28:00.669+0000] {logging_mixin.py:188} INFO - [2026-06-12T11:28:00.669+0000] {dagbag.py:538} INFO - Filling up the DagBag from /home/airflow/.local/lib/python3.8/site-packages/airflow/example_dags/example_branch_labels.py
[2026-06-12T11:28:00.684+0000] {processor.py:840} INFO - DAG(s) 'example_branch_labels' retrieved from /home/airflow/.local/lib/python3.8/site-packages/airflow/example_dags/example_branch_labels.py
[2026-06-12T11:28:00.721+0000] {logging_mixin.py:188} INFO - [2026-06-12T11:28:00.721+0000] {dag.py:3036} INFO - Sync 1 DAGs
[2026-06-12T11:28:00.760+0000] {logging_mixin.py:188} INFO - [2026-06-12T11:28:00.760+0000] {dag.py:3823} INFO - Setting next_dagrun for example_branch_labels to 2026-06-11 00:00:00+00:00, run_after=2026-06-12 00:00:00+00:00
[2026-06-12T11:28:00.790+0000] {processor.py:183} INFO - Processing /home/airflow/.local/lib/python3.8/site-packages/airflow/example_dags/example_branch_labels.py took 0.132 seconds
[2026-06-12T11:28:31.275+0000] {processor.py:161} INFO - Started process (PID=3426) to work on /home/airflow/.local/lib/python3.8/site-packages/airflow/example_dags/example_branch_labels.py
[2026-06-12T11:28:31.277+0000] {processor.py:830} INFO - Processing file /home/airflow/.local/lib/python3.8/site-packages/airflow/example_dags/example_branch_labels.py for tasks to queue
[2026-06-12T11:28:31.280+0000] {logging_mixin.py:188} INFO - [2026-06-12T11:28:31.279+0000] {dagbag.py:538} INFO - Filling up the DagBag from /home/airflow/.local/lib/python3.8/site-packages/airflow/example_dags/example_branch_labels.py
[2026-06-12T11:28:31.294+0000] {processor.py:840} INFO - DAG(s) 'example_branch_labels' retrieved from /home/airflow/.local/lib/python3.8/site-packages/airflow/example_dags/example_branch_labels.py
[2026-06-12T11:28:31.336+0000] {logging_mixin.py:188} INFO - [2026-06-12T11:28:31.335+0000] {dag.py:3036} INFO - Sync 1 DAGs
[2026-06-12T11:28:31.382+0000] {logging_mixin.py:188} INFO - [2026-06-12T11:28:31.381+0000] {dag.py:3823} INFO - Setting next_dagrun for example_branch_labels to 2026-06-11 00:00:00+00:00, run_after=2026-06-12 00:00:00+00:00
[2026-06-12T11:28:31.413+0000] {processor.py:183} INFO - Processing /home/airflow/.local/lib/python3.8/site-packages/airflow/example_dags/example_branch_labels.py took 0.144 seconds
[2026-06-12T11:29:01.660+0000] {processor.py:161} INFO - Started process (PID=3493) to work on /home/airflow/.local/lib/python3.8/site-packages/airflow/example_dags/example_branch_labels.py
[2026-06-12T11:29:01.661+0000] {processor.py:830} INFO - Processing file /home/airflow/.local/lib/python3.8/site-packages/airflow/example_dags/example_branch_labels.py for tasks to queue
[2026-06-12T11:29:01.664+0000] {logging_mixin.py:188} INFO - [2026-06-12T11:29:01.663+0000] {dagbag.py:538} INFO - Filling up the DagBag from /home/airflow/.local/lib/python3.8/site-packages/airflow/example_dags/example_branch_labels.py
[2026-06-12T11:29:01.680+0000] {processor.py:840} INFO - DAG(s) 'example_branch_labels' retrieved from /home/airflow/.local/lib/python3.8/site-packages/airflow/example_dags/example_branch_labels.py
[2026-06-12T11:29:01.722+0000] {logging_mixin.py:188} INFO - [2026-06-12T11:29:01.722+0000] {dag.py:3036} INFO - Sync 1 DAGs
[2026-06-12T11:29:01.763+0000] {logging_mixin.py:188} INFO - [2026-06-12T11:29:01.763+0000] {dag.py:3823} INFO - Setting next_dagrun for example_branch_labels to 2026-06-11 00:00:00+00:00, run_after=2026-06-12 00:00:00+00:00
[2026-06-12T11:29:01.791+0000] {processor.py:183} INFO - Processing /home/airflow/.local/lib/python3.8/site-packages/airflow/example_dags/example_branch_labels.py took 0.137 seconds
[2026-06-12T11:29:32.481+0000] {processor.py:161} INFO - Started process (PID=3558) to work on /home/airflow/.local/lib/python3.8/site-packages/airflow/example_dags/example_branch_labels.py
[2026-06-12T11:29:32.483+0000] {processor.py:830} INFO - Processing file /home/airflow/.local/lib/python3.8/site-packages/airflow/example_dags/example_branch_labels.py for tasks to queue
[2026-06-12T11:29:32.486+0000] {logging_mixin.py:188} INFO - [2026-06-12T11:29:32.485+0000] {dagbag.py:538} INFO - Filling up the DagBag from /home/airflow/.local/lib/python3.8/site-packages/airflow/example_dags/example_branch_labels.py
[2026-06-12T11:29:32.499+0000] {processor.py:840} INFO - DAG(s) 'example_branch_labels' retrieved from /home/airflow/.local/lib/python3.8/site-packages/airflow/example_dags/example_branch_labels.py
[2026-06-12T11:29:32.538+0000] {logging_mixin.py:188} INFO - [2026-06-12T11:29:32.537+0000] {dag.py:3036} INFO - Sync 1 DAGs
[2026-06-12T11:29:32.576+0000] {logging_mixin.py:188} INFO - [2026-06-12T11:29:32.576+0000] {dag.py:3823} INFO - Setting next_dagrun for example_branch_labels to 2026-06-11 00:00:00+00:00, run_after=2026-06-12 00:00:00+00:00
[2026-06-12T11:29:32.603+0000] {processor.py:183} INFO - Processing /home/airflow/.local/lib/python3.8/site-packages/airflow/example_dags/example_branch_labels.py took 0.127 seconds
[2026-06-12T11:30:02.954+0000] {processor.py:161} INFO - Started process (PID=3623) to work on /home/airflow/.local/lib/python3.8/site-packages/airflow/example_dags/example_branch_labels.py
[2026-06-12T11:30:02.955+0000] {processor.py:830} INFO - Processing file /home/airflow/.local/lib/python3.8/site-packages/airflow/example_dags/example_branch_labels.py for tasks to queue
[2026-06-12T11:30:02.958+0000] {logging_mixin.py:188} INFO - [2026-06-12T11:30:02.957+0000] {dagbag.py:538} INFO - Filling up the DagBag from /home/airflow/.local/lib/python3.8/site-packages/airflow/example_dags/example_branch_labels.py
[2026-06-12T11:30:02.970+0000] {processor.py:840} INFO - DAG(s) 'example_branch_labels' retrieved from /home/airflow/.local/lib/python3.8/site-packages/airflow/example_dags/example_branch_labels.py
[2026-06-12T11:30:03.011+0000] {logging_mixin.py:188} INFO - [2026-06-12T11:30:03.011+0000] {dag.py:3036} INFO - Sync 1 DAGs
[2026-06-12T11:30:03.071+0000] {logging_mixin.py:188} INFO - [2026-06-12T11:30:03.071+0000] {dag.py:3823} INFO - Setting next_dagrun for example_branch_labels to 2026-06-11 00:00:00+00:00, run_after=2026-06-12 00:00:00+00:00
[2026-06-12T11:30:03.104+0000] {processor.py:183} INFO - Processing /home/airflow/.local/lib/python3.8/site-packages/airflow/example_dags/example_branch_labels.py took 0.155 seconds
[2026-06-12T11:30:33.378+0000] {processor.py:161} INFO - Started process (PID=3689) to work on /home/airflow/.local/lib/python3.8/site-packages/airflow/example_dags/example_branch_labels.py
[2026-06-12T11:30:33.380+0000] {processor.py:830} INFO - Processing file /home/airflow/.local/lib/python3.8/site-packages/airflow/example_dags/example_branch_labels.py for tasks to queue
[2026-06-12T11:30:33.383+0000] {logging_mixin.py:188} INFO - [2026-06-12T11:30:33.383+0000] {dagbag.py:538} INFO - Filling up the DagBag from /home/airflow/.local/lib/python3.8/site-packages/airflow/example_dags/example_branch_labels.py
[2026-06-12T11:30:33.396+0000] {processor.py:840} INFO - DAG(s) 'example_branch_labels' retrieved from /home/airflow/.local/lib/python3.8/site-packages/airflow/example_dags/example_branch_labels.py
[2026-06-12T11:30:33.434+0000] {logging_mixin.py:188} INFO - [2026-06-12T11:30:33.433+0000] {dag.py:3036} INFO - Sync 1 DAGs
[2026-06-12T11:30:33.478+0000] {logging_mixin.py:188} INFO - [2026-06-12T11:30:33.477+0000] {dag.py:3823} INFO - Setting next_dagrun for example_branch_labels to 2026-06-11 00:00:00+00:00, run_after=2026-06-12 00:00:00+00:00
[2026-06-12T11:30:33.507+0000] {processor.py:183} INFO - Processing /home/airflow/.local/lib/python3.8/site-packages/airflow/example_dags/example_branch_labels.py took 0.133 seconds
[2026-06-12T11:31:03.822+0000] {processor.py:161} INFO - Started process (PID=3756) to work on /home/airflow/.local/lib/python3.8/site-packages/airflow/example_dags/example_branch_labels.py
[2026-06-12T11:31:03.824+0000] {processor.py:830} INFO - Processing file /home/airflow/.local/lib/python3.8/site-packages/airflow/example_dags/example_branch_labels.py for tasks to queue
[2026-06-12T11:31:03.827+0000] {logging_mixin.py:188} INFO - [2026-06-12T11:31:03.826+0000] {dagbag.py:538} INFO - Filling up the DagBag from /home/airflow/.local/lib/python3.8/site-packages/airflow/example_dags/example_branch_labels.py
[2026-06-12T11:31:03.842+0000] {processor.py:840} INFO - DAG(s) 'example_branch_labels' retrieved from /home/airflow/.local/lib/python3.8/site-packages/airflow/example_dags/example_branch_labels.py
[2026-06-12T11:31:03.889+0000] {logging_mixin.py:188} INFO - [2026-06-12T11:31:03.889+0000] {dag.py:3036} INFO - Sync 1 DAGs
[2026-06-12T11:31:03.933+0000] {logging_mixin.py:188} INFO - [2026-06-12T11:31:03.933+0000] {dag.py:3823} INFO - Setting next_dagrun for example_branch_labels to 2026-06-11 00:00:00+00:00, run_after=2026-06-12 00:00:00+00:00
[2026-06-12T11:31:03.963+0000] {processor.py:183} INFO - Processing /home/airflow/.local/lib/python3.8/site-packages/airflow/example_dags/example_branch_labels.py took 0.146 seconds
[2026-06-12T11:31:34.209+0000] {processor.py:161} INFO - Started process (PID=3823) to work on /home/airflow/.local/lib/python3.8/site-packages/airflow/example_dags/example_branch_labels.py
[2026-06-12T11:31:34.211+0000] {processor.py:830} INFO - Processing file /home/airflow/.local/lib/python3.8/site-packages/airflow/example_dags/example_branch_labels.py for tasks to queue
[2026-06-12T11:31:34.214+0000] {logging_mixin.py:188} INFO - [2026-06-12T11:31:34.213+0000] {dagbag.py:538} INFO - Filling up the DagBag from /home/airflow/.local/lib/python3.8/site-packages/airflow/example_dags/example_branch_labels.py
[2026-06-12T11:31:34.229+0000] {processor.py:840} INFO - DAG(s) 'example_branch_labels' retrieved from /home/airflow/.local/lib/python3.8/site-packages/airflow/example_dags/example_branch_labels.py
[2026-06-12T11:31:34.272+0000] {logging_mixin.py:188} INFO - [2026-06-12T11:31:34.272+0000] {dag.py:3036} INFO - Sync 1 DAGs
[2026-06-12T11:31:34.323+0000] {logging_mixin.py:188} INFO - [2026-06-12T11:31:34.322+0000] {dag.py:3823} INFO - Setting next_dagrun for example_branch_labels to 2026-06-11 00:00:00+00:00, run_after=2026-06-12 00:00:00+00:00
[2026-06-12T11:31:34.359+0000] {processor.py:183} INFO - Processing /home/airflow/.local/lib/python3.8/site-packages/airflow/example_dags/example_branch_labels.py took 0.156 seconds
[2026-06-12T11:32:04.632+0000] {processor.py:161} INFO - Started process (PID=3890) to work on /home/airflow/.local/lib/python3.8/site-packages/airflow/example_dags/example_branch_labels.py
[2026-06-12T11:32:04.634+0000] {processor.py:830} INFO - Processing file /home/airflow/.local/lib/python3.8/site-packages/airflow/example_dags/example_branch_labels.py for tasks to queue
[2026-06-12T11:32:04.636+0000] {logging_mixin.py:188} INFO - [2026-06-12T11:32:04.636+0000] {dagbag.py:538} INFO - Filling up the DagBag from /home/airflow/.local/lib/python3.8/site-packages/airflow/example_dags/example_branch_labels.py
[2026-06-12T11:32:04.648+0000] {processor.py:840} INFO - DAG(s) 'example_branch_labels' retrieved from /home/airflow/.local/lib/python3.8/site-packages/airflow/example_dags/example_branch_labels.py
[2026-06-12T11:32:04.689+0000] {logging_mixin.py:188} INFO - [2026-06-12T11:32:04.688+0000] {dag.py:3036} INFO - Sync 1 DAGs
[2026-06-12T11:32:04.726+0000] {logging_mixin.py:188} INFO - [2026-06-12T11:32:04.725+0000] {dag.py:3823} INFO - Setting next_dagrun for example_branch_labels to 2026-06-11 00:00:00+00:00, run_after=2026-06-12 00:00:00+00:00
[2026-06-12T11:32:04.756+0000] {processor.py:183} INFO - Processing /home/airflow/.local/lib/python3.8/site-packages/airflow/example_dags/example_branch_labels.py took 0.129 seconds
[2026-06-12T11:32:35.065+0000] {processor.py:161} INFO - Started process (PID=3962) to work on /home/airflow/.local/lib/python3.8/site-packages/airflow/example_dags/example_branch_labels.py
[2026-06-12T11:32:35.067+0000] {processor.py:830} INFO - Processing file /home/airflow/.local/lib/python3.8/site-packages/airflow/example_dags/example_branch_labels.py for tasks to queue
[2026-06-12T11:32:35.069+0000] {logging_mixin.py:188} INFO - [2026-06-12T11:32:35.069+0000] {dagbag.py:538} INFO - Filling up the DagBag from /home/airflow/.local/lib/python3.8/site-packages/airflow/example_dags/example_branch_labels.py
[2026-06-12T11:32:35.081+0000] {processor.py:840} INFO - DAG(s) 'example_branch_labels' retrieved from /home/airflow/.local/lib/python3.8/site-packages/airflow/example_dags/example_branch_labels.py
[2026-06-12T11:32:35.119+0000] {logging_mixin.py:188} INFO - [2026-06-12T11:32:35.119+0000] {dag.py:3036} INFO - Sync 1 DAGs
[2026-06-12T11:32:35.164+0000] {logging_mixin.py:188} INFO - [2026-06-12T11:32:35.163+0000] {dag.py:3823} INFO - Setting next_dagrun for example_branch_labels to 2026-06-11 00:00:00+00:00, run_after=2026-06-12 00:00:00+00:00
[2026-06-12T11:32:35.192+0000] {processor.py:183} INFO - Processing /home/airflow/.local/lib/python3.8/site-packages/airflow/example_dags/example_branch_labels.py took 0.131 seconds
[2026-06-12T11:33:05.801+0000] {processor.py:161} INFO - Started process (PID=4028) to work on /home/airflow/.local/lib/python3.8/site-packages/airflow/example_dags/example_branch_labels.py
[2026-06-12T11:33:05.803+0000] {processor.py:830} INFO - Processing file /home/airflow/.local/lib/python3.8/site-packages/airflow/example_dags/example_branch_labels.py for tasks to queue
[2026-06-12T11:33:05.806+0000] {logging_mixin.py:188} INFO - [2026-06-12T11:33:05.805+0000] {dagbag.py:538} INFO - Filling up the DagBag from /home/airflow/.local/lib/python3.8/site-packages/airflow/example_dags/example_branch_labels.py
[2026-06-12T11:33:05.821+0000] {processor.py:840} INFO - DAG(s) 'example_branch_labels' retrieved from /home/airflow/.local/lib/python3.8/site-packages/airflow/example_dags/example_branch_labels.py
[2026-06-12T11:33:05.863+0000] {logging_mixin.py:188} INFO - [2026-06-12T11:33:05.863+0000] {dag.py:3036} INFO - Sync 1 DAGs
[2026-06-12T11:33:05.899+0000] {logging_mixin.py:188} INFO - [2026-06-12T11:33:05.899+0000] {dag.py:3823} INFO - Setting next_dagrun for example_branch_labels to 2026-06-11 00:00:00+00:00, run_after=2026-06-12 00:00:00+00:00
[2026-06-12T11:33:05.927+0000] {processor.py:183} INFO - Processing /home/airflow/.local/lib/python3.8/site-packages/airflow/example_dags/example_branch_labels.py took 0.132 seconds
[2026-06-12T11:33:36.383+0000] {processor.py:161} INFO - Started process (PID=4094) to work on /home/airflow/.local/lib/python3.8/site-packages/airflow/example_dags/example_branch_labels.py
[2026-06-12T11:33:36.384+0000] {processor.py:830} INFO - Processing file /home/airflow/.local/lib/python3.8/site-packages/airflow/example_dags/example_branch_labels.py for tasks to queue
[2026-06-12T11:33:36.387+0000] {logging_mixin.py:188} INFO - [2026-06-12T11:33:36.387+0000] {dagbag.py:538} INFO - Filling up the DagBag from /home/airflow/.local/lib/python3.8/site-packages/airflow/example_dags/example_branch_labels.py
[2026-06-12T11:33:36.403+0000] {processor.py:840} INFO - DAG(s) 'example_branch_labels' retrieved from /home/airflow/.local/lib/python3.8/site-packages/airflow/example_dags/example_branch_labels.py
[2026-06-12T11:33:36.450+0000] {logging_mixin.py:188} INFO - [2026-06-12T11:33:36.450+0000] {dag.py:3036} INFO - Sync 1 DAGs
[2026-06-12T11:33:36.494+0000] {logging_mixin.py:188} INFO - [2026-06-12T11:33:36.493+0000] {dag.py:3823} INFO - Setting next_dagrun for example_branch_labels to 2026-06-11 00:00:00+00:00, run_after=2026-06-12 00:00:00+00:00
[2026-06-12T11:33:36.523+0000] {processor.py:183} INFO - Processing /home/airflow/.local/lib/python3.8/site-packages/airflow/example_dags/example_branch_labels.py took 0.146 seconds
[2026-06-12T11:34:07.071+0000] {processor.py:161} INFO - Started process (PID=4160) to work on /home/airflow/.local/lib/python3.8/site-packages/airflow/example_dags/example_branch_labels.py
[2026-06-12T11:34:07.074+0000] {processor.py:830} INFO - Processing file /home/airflow/.local/lib/python3.8/site-packages/airflow/example_dags/example_branch_labels.py for tasks to queue
[2026-06-12T11:34:07.076+0000] {logging_mixin.py:188} INFO - [2026-06-12T11:34:07.076+0000] {dagbag.py:538} INFO - Filling up the DagBag from /home/airflow/.local/lib/python3.8/site-packages/airflow/example_dags/example_branch_labels.py
[2026-06-12T11:34:07.089+0000] {processor.py:840} INFO - DAG(s) 'example_branch_labels' retrieved from /home/airflow/.local/lib/python3.8/site-packages/airflow/example_dags/example_branch_labels.py
[2026-06-12T11:34:07.128+0000] {logging_mixin.py:188} INFO - [2026-06-12T11:34:07.128+0000] {dag.py:3036} INFO - Sync 1 DAGs
[2026-06-12T11:34:07.187+0000] {logging_mixin.py:188} INFO - [2026-06-12T11:34:07.187+0000] {dag.py:3823} INFO - Setting next_dagrun for example_branch_labels to 2026-06-11 00:00:00+00:00, run_after=2026-06-12 00:00:00+00:00
[2026-06-12T11:34:07.238+0000] {processor.py:183} INFO - Processing /home/airflow/.local/lib/python3.8/site-packages/airflow/example_dags/example_branch_labels.py took 0.171 seconds
[2026-06-12T11:34:38.078+0000] {processor.py:161} INFO - Started process (PID=4226) to work on /home/airflow/.local/lib/python3.8/site-packages/airflow/example_dags/example_branch_labels.py
[2026-06-12T11:34:38.080+0000] {processor.py:830} INFO - Processing file /home/airflow/.local/lib/python3.8/site-packages/airflow/example_dags/example_branch_labels.py for tasks to queue
[2026-06-12T11:34:38.083+0000] {logging_mixin.py:188} INFO - [2026-06-12T11:34:38.082+0000] {dagbag.py:538} INFO - Filling up the DagBag from /home/airflow/.local/lib/python3.8/site-packages/airflow/example_dags/example_branch_labels.py
[2026-06-12T11:34:38.095+0000] {processor.py:840} INFO - DAG(s) 'example_branch_labels' retrieved from /home/airflow/.local/lib/python3.8/site-packages/airflow/example_dags/example_branch_labels.py
[2026-06-12T11:34:38.136+0000] {logging_mixin.py:188} INFO - [2026-06-12T11:34:38.136+0000] {dag.py:3036} INFO - Sync 1 DAGs
[2026-06-12T11:34:38.184+0000] {logging_mixin.py:188} INFO - [2026-06-12T11:34:38.183+0000] {dag.py:3823} INFO - Setting next_dagrun for example_branch_labels to 2026-06-11 00:00:00+00:00, run_after=2026-06-12 00:00:00+00:00
[2026-06-12T11:34:38.218+0000] {processor.py:183} INFO - Processing /home/airflow/.local/lib/python3.8/site-packages/airflow/example_dags/example_branch_labels.py took 0.147 seconds
[2026-06-12T11:35:08.312+0000] {processor.py:161} INFO - Started process (PID=4292) to work on /home/airflow/.local/lib/python3.8/site-packages/airflow/example_dags/example_branch_labels.py
[2026-06-12T11:35:08.314+0000] {processor.py:830} INFO - Processing file /home/airflow/.local/lib/python3.8/site-packages/airflow/example_dags/example_branch_labels.py for tasks to queue
[2026-06-12T11:35:08.316+0000] {logging_mixin.py:188} INFO - [2026-06-12T11:35:08.315+0000] {dagbag.py:538} INFO - Filling up the DagBag from /home/airflow/.local/lib/python3.8/site-packages/airflow/example_dags/example_branch_labels.py
[2026-06-12T11:35:08.328+0000] {processor.py:840} INFO - DAG(s) 'example_branch_labels' retrieved from /home/airflow/.local/lib/python3.8/site-packages/airflow/example_dags/example_branch_labels.py
[2026-06-12T11:35:08.370+0000] {logging_mixin.py:188} INFO - [2026-06-12T11:35:08.370+0000] {dag.py:3036} INFO - Sync 1 DAGs
[2026-06-12T11:35:08.407+0000] {logging_mixin.py:188} INFO - [2026-06-12T11:35:08.407+0000] {dag.py:3823} INFO - Setting next_dagrun for example_branch_labels to 2026-06-11 00:00:00+00:00, run_after=2026-06-12 00:00:00+00:00
[2026-06-12T11:35:08.432+0000] {processor.py:183} INFO - Processing /home/airflow/.local/lib/python3.8/site-packages/airflow/example_dags/example_branch_labels.py took 0.126 seconds
[2026-06-12T11:35:38.788+0000] {processor.py:161} INFO - Started process (PID=4357) to work on /home/airflow/.local/lib/python3.8/site-packages/airflow/example_dags/example_branch_labels.py
[2026-06-12T11:35:38.790+0000] {processor.py:830} INFO - Processing file /home/airflow/.local/lib/python3.8/site-packages/airflow/example_dags/example_branch_labels.py for tasks to queue
[2026-06-12T11:35:38.793+0000] {logging_mixin.py:188} INFO - [2026-06-12T11:35:38.792+0000] {dagbag.py:538} INFO - Filling up the DagBag from /home/airflow/.local/lib/python3.8/site-packages/airflow/example_dags/example_branch_labels.py
[2026-06-12T11:35:38.806+0000] {processor.py:840} INFO - DAG(s) 'example_branch_labels' retrieved from /home/airflow/.local/lib/python3.8/site-packages/airflow/example_dags/example_branch_labels.py
[2026-06-12T11:35:38.843+0000] {logging_mixin.py:188} INFO - [2026-06-12T11:35:38.843+0000] {dag.py:3036} INFO - Sync 1 DAGs
[2026-06-12T11:35:38.882+0000] {logging_mixin.py:188} INFO - [2026-06-12T11:35:38.882+0000] {dag.py:3823} INFO - Setting next_dagrun for example_branch_labels to 2026-06-11 00:00:00+00:00, run_after=2026-06-12 00:00:00+00:00
[2026-06-12T11:35:38.907+0000] {processor.py:183} INFO - Processing /home/airflow/.local/lib/python3.8/site-packages/airflow/example_dags/example_branch_labels.py took 0.124 seconds
[2026-06-12T11:36:09.188+0000] {processor.py:161} INFO - Started process (PID=4421) to work on /home/airflow/.local/lib/python3.8/site-packages/airflow/example_dags/example_branch_labels.py
[2026-06-12T11:36:09.189+0000] {processor.py:830} INFO - Processing file /home/airflow/.local/lib/python3.8/site-packages/airflow/example_dags/example_branch_labels.py for tasks to queue
[2026-06-12T11:36:09.191+0000] {logging_mixin.py:188} INFO - [2026-06-12T11:36:09.191+0000] {dagbag.py:538} INFO - Filling up the DagBag from /home/airflow/.local/lib/python3.8/site-packages/airflow/example_dags/example_branch_labels.py
[2026-06-12T11:36:09.204+0000] {processor.py:840} INFO - DAG(s) 'example_branch_labels' retrieved from /home/airflow/.local/lib/python3.8/site-packages/airflow/example_dags/example_branch_labels.py
[2026-06-12T11:36:09.247+0000] {logging_mixin.py:188} INFO - [2026-06-12T11:36:09.247+0000] {dag.py:3036} INFO - Sync 1 DAGs
[2026-06-12T11:36:09.290+0000] {logging_mixin.py:188} INFO - [2026-06-12T11:36:09.290+0000] {dag.py:3823} INFO - Setting next_dagrun for example_branch_labels to 2026-06-11 00:00:00+00:00, run_after=2026-06-12 00:00:00+00:00
[2026-06-12T11:36:09.321+0000] {processor.py:183} INFO - Processing /home/airflow/.local/lib/python3.8/site-packages/airflow/example_dags/example_branch_labels.py took 0.138 seconds
[2026-06-12T11:36:39.788+0000] {processor.py:161} INFO - Started process (PID=4495) to work on /home/airflow/.local/lib/python3.8/site-packages/airflow/example_dags/example_branch_labels.py
[2026-06-12T11:36:39.790+0000] {processor.py:830} INFO - Processing file /home/airflow/.local/lib/python3.8/site-packages/airflow/example_dags/example_branch_labels.py for tasks to queue
[2026-06-12T11:36:39.794+0000] {logging_mixin.py:188} INFO - [2026-06-12T11:36:39.793+0000] {dagbag.py:538} INFO - Filling up the DagBag from /home/airflow/.local/lib/python3.8/site-packages/airflow/example_dags/example_branch_labels.py
[2026-06-12T11:36:39.809+0000] {processor.py:840} INFO - DAG(s) 'example_branch_labels' retrieved from /home/airflow/.local/lib/python3.8/site-packages/airflow/example_dags/example_branch_labels.py
[2026-06-12T11:36:39.851+0000] {logging_mixin.py:188} INFO - [2026-06-12T11:36:39.851+0000] {dag.py:3036} INFO - Sync 1 DAGs
[2026-06-12T11:36:39.889+0000] {logging_mixin.py:188} INFO - [2026-06-12T11:36:39.888+0000] {dag.py:3823} INFO - Setting next_dagrun for example_branch_labels to 2026-06-11 00:00:00+00:00, run_after=2026-06-12 00:00:00+00:00
[2026-06-12T11:36:39.917+0000] {processor.py:183} INFO - Processing /home/airflow/.local/lib/python3.8/site-packages/airflow/example_dags/example_branch_labels.py took 0.134 seconds
