[2026-06-12T11:03:00.481+0000] {processor.py:161} INFO - Started process (PID=66) to work on /home/airflow/.local/lib/python3.8/site-packages/airflow/example_dags/example_nested_branch_dag.py
[2026-06-12T11:03:00.483+0000] {processor.py:830} INFO - Processing file /home/airflow/.local/lib/python3.8/site-packages/airflow/example_dags/example_nested_branch_dag.py for tasks to queue
[2026-06-12T11:03:00.486+0000] {logging_mixin.py:188} INFO - [2026-06-12T11:03:00.485+0000] {dagbag.py:538} INFO - Filling up the DagBag from /home/airflow/.local/lib/python3.8/site-packages/airflow/example_dags/example_nested_branch_dag.py
[2026-06-12T11:03:00.512+0000] {processor.py:840} INFO - DAG(s) 'example_nested_branch_dag' retrieved from /home/airflow/.local/lib/python3.8/site-packages/airflow/example_dags/example_nested_branch_dag.py
[2026-06-12T11:03:00.571+0000] {logging_mixin.py:188} INFO - [2026-06-12T11:03:00.571+0000] {dag.py:3036} INFO - Sync 1 DAGs
[2026-06-12T11:03:00.662+0000] {logging_mixin.py:188} INFO - [2026-06-12T11:03:00.661+0000] {dag.py:3823} INFO - Setting next_dagrun for example_nested_branch_dag to 2026-06-11 00:00:00+00:00, run_after=2026-06-12 00:00:00+00:00
[2026-06-12T11:03:00.745+0000] {processor.py:183} INFO - Processing /home/airflow/.local/lib/python3.8/site-packages/airflow/example_dags/example_nested_branch_dag.py took 0.291 seconds
[2026-06-12T11:03:31.019+0000] {processor.py:161} INFO - Started process (PID=132) to work on /home/airflow/.local/lib/python3.8/site-packages/airflow/example_dags/example_nested_branch_dag.py
[2026-06-12T11:03:31.022+0000] {processor.py:830} INFO - Processing file /home/airflow/.local/lib/python3.8/site-packages/airflow/example_dags/example_nested_branch_dag.py for tasks to queue
[2026-06-12T11:03:31.026+0000] {logging_mixin.py:188} INFO - [2026-06-12T11:03:31.025+0000] {dagbag.py:538} INFO - Filling up the DagBag from /home/airflow/.local/lib/python3.8/site-packages/airflow/example_dags/example_nested_branch_dag.py
[2026-06-12T11:03:31.046+0000] {processor.py:840} INFO - DAG(s) 'example_nested_branch_dag' retrieved from /home/airflow/.local/lib/python3.8/site-packages/airflow/example_dags/example_nested_branch_dag.py
[2026-06-12T11:03:31.294+0000] {logging_mixin.py:188} INFO - [2026-06-12T11:03:31.294+0000] {dag.py:3036} INFO - Sync 1 DAGs
[2026-06-12T11:03:31.341+0000] {logging_mixin.py:188} INFO - [2026-06-12T11:03:31.341+0000] {dag.py:3823} INFO - Setting next_dagrun for example_nested_branch_dag to 2026-06-11 00:00:00+00:00, run_after=2026-06-12 00:00:00+00:00
[2026-06-12T11:03:31.377+0000] {processor.py:183} INFO - Processing /home/airflow/.local/lib/python3.8/site-packages/airflow/example_dags/example_nested_branch_dag.py took 0.364 seconds
[2026-06-12T11:04:01.443+0000] {processor.py:161} INFO - Started process (PID=198) to work on /home/airflow/.local/lib/python3.8/site-packages/airflow/example_dags/example_nested_branch_dag.py
[2026-06-12T11:04:01.445+0000] {processor.py:830} INFO - Processing file /home/airflow/.local/lib/python3.8/site-packages/airflow/example_dags/example_nested_branch_dag.py for tasks to queue
[2026-06-12T11:04:01.447+0000] {logging_mixin.py:188} INFO - [2026-06-12T11:04:01.447+0000] {dagbag.py:538} INFO - Filling up the DagBag from /home/airflow/.local/lib/python3.8/site-packages/airflow/example_dags/example_nested_branch_dag.py
[2026-06-12T11:04:01.465+0000] {processor.py:840} INFO - DAG(s) 'example_nested_branch_dag' retrieved from /home/airflow/.local/lib/python3.8/site-packages/airflow/example_dags/example_nested_branch_dag.py
[2026-06-12T11:04:01.504+0000] {logging_mixin.py:188} INFO - [2026-06-12T11:04:01.504+0000] {dag.py:3036} INFO - Sync 1 DAGs
[2026-06-12T11:04:01.541+0000] {logging_mixin.py:188} INFO - [2026-06-12T11:04:01.541+0000] {dag.py:3823} INFO - Setting next_dagrun for example_nested_branch_dag to 2026-06-11 00:00:00+00:00, run_after=2026-06-12 00:00:00+00:00
[2026-06-12T11:04:01.571+0000] {processor.py:183} INFO - Processing /home/airflow/.local/lib/python3.8/site-packages/airflow/example_dags/example_nested_branch_dag.py took 0.132 seconds
[2026-06-12T11:04:32.319+0000] {processor.py:161} INFO - Started process (PID=265) to work on /home/airflow/.local/lib/python3.8/site-packages/airflow/example_dags/example_nested_branch_dag.py
[2026-06-12T11:04:32.321+0000] {processor.py:830} INFO - Processing file /home/airflow/.local/lib/python3.8/site-packages/airflow/example_dags/example_nested_branch_dag.py for tasks to queue
[2026-06-12T11:04:32.324+0000] {logging_mixin.py:188} INFO - [2026-06-12T11:04:32.324+0000] {dagbag.py:538} INFO - Filling up the DagBag from /home/airflow/.local/lib/python3.8/site-packages/airflow/example_dags/example_nested_branch_dag.py
[2026-06-12T11:04:32.343+0000] {processor.py:840} INFO - DAG(s) 'example_nested_branch_dag' retrieved from /home/airflow/.local/lib/python3.8/site-packages/airflow/example_dags/example_nested_branch_dag.py
[2026-06-12T11:04:32.386+0000] {logging_mixin.py:188} INFO - [2026-06-12T11:04:32.386+0000] {dag.py:3036} INFO - Sync 1 DAGs
[2026-06-12T11:04:32.430+0000] {logging_mixin.py:188} INFO - [2026-06-12T11:04:32.430+0000] {dag.py:3823} INFO - Setting next_dagrun for example_nested_branch_dag to 2026-06-11 00:00:00+00:00, run_after=2026-06-12 00:00:00+00:00
[2026-06-12T11:04:32.460+0000] {processor.py:183} INFO - Processing /home/airflow/.local/lib/python3.8/site-packages/airflow/example_dags/example_nested_branch_dag.py took 0.146 seconds
[2026-06-12T11:05:02.752+0000] {processor.py:161} INFO - Started process (PID=331) to work on /home/airflow/.local/lib/python3.8/site-packages/airflow/example_dags/example_nested_branch_dag.py
[2026-06-12T11:05:02.753+0000] {processor.py:830} INFO - Processing file /home/airflow/.local/lib/python3.8/site-packages/airflow/example_dags/example_nested_branch_dag.py for tasks to queue
[2026-06-12T11:05:02.756+0000] {logging_mixin.py:188} INFO - [2026-06-12T11:05:02.756+0000] {dagbag.py:538} INFO - Filling up the DagBag from /home/airflow/.local/lib/python3.8/site-packages/airflow/example_dags/example_nested_branch_dag.py
[2026-06-12T11:05:02.773+0000] {processor.py:840} INFO - DAG(s) 'example_nested_branch_dag' retrieved from /home/airflow/.local/lib/python3.8/site-packages/airflow/example_dags/example_nested_branch_dag.py
[2026-06-12T11:05:02.815+0000] {logging_mixin.py:188} INFO - [2026-06-12T11:05:02.815+0000] {dag.py:3036} INFO - Sync 1 DAGs
[2026-06-12T11:05:02.855+0000] {logging_mixin.py:188} INFO - [2026-06-12T11:05:02.854+0000] {dag.py:3823} INFO - Setting next_dagrun for example_nested_branch_dag to 2026-06-11 00:00:00+00:00, run_after=2026-06-12 00:00:00+00:00
[2026-06-12T11:05:02.886+0000] {processor.py:183} INFO - Processing /home/airflow/.local/lib/python3.8/site-packages/airflow/example_dags/example_nested_branch_dag.py took 0.138 seconds
[2026-06-12T11:05:33.239+0000] {processor.py:161} INFO - Started process (PID=397) to work on /home/airflow/.local/lib/python3.8/site-packages/airflow/example_dags/example_nested_branch_dag.py
[2026-06-12T11:05:33.241+0000] {processor.py:830} INFO - Processing file /home/airflow/.local/lib/python3.8/site-packages/airflow/example_dags/example_nested_branch_dag.py for tasks to queue
[2026-06-12T11:05:33.244+0000] {logging_mixin.py:188} INFO - [2026-06-12T11:05:33.243+0000] {dagbag.py:538} INFO - Filling up the DagBag from /home/airflow/.local/lib/python3.8/site-packages/airflow/example_dags/example_nested_branch_dag.py
[2026-06-12T11:05:33.260+0000] {processor.py:840} INFO - DAG(s) 'example_nested_branch_dag' retrieved from /home/airflow/.local/lib/python3.8/site-packages/airflow/example_dags/example_nested_branch_dag.py
[2026-06-12T11:05:33.300+0000] {logging_mixin.py:188} INFO - [2026-06-12T11:05:33.299+0000] {dag.py:3036} INFO - Sync 1 DAGs
[2026-06-12T11:05:33.343+0000] {logging_mixin.py:188} INFO - [2026-06-12T11:05:33.342+0000] {dag.py:3823} INFO - Setting next_dagrun for example_nested_branch_dag to 2026-06-11 00:00:00+00:00, run_after=2026-06-12 00:00:00+00:00
[2026-06-12T11:05:33.370+0000] {processor.py:183} INFO - Processing /home/airflow/.local/lib/python3.8/site-packages/airflow/example_dags/example_nested_branch_dag.py took 0.135 seconds
[2026-06-12T11:06:03.665+0000] {processor.py:161} INFO - Started process (PID=463) to work on /home/airflow/.local/lib/python3.8/site-packages/airflow/example_dags/example_nested_branch_dag.py
[2026-06-12T11:06:03.667+0000] {processor.py:830} INFO - Processing file /home/airflow/.local/lib/python3.8/site-packages/airflow/example_dags/example_nested_branch_dag.py for tasks to queue
[2026-06-12T11:06:03.669+0000] {logging_mixin.py:188} INFO - [2026-06-12T11:06:03.669+0000] {dagbag.py:538} INFO - Filling up the DagBag from /home/airflow/.local/lib/python3.8/site-packages/airflow/example_dags/example_nested_branch_dag.py
[2026-06-12T11:06:03.685+0000] {processor.py:840} INFO - DAG(s) 'example_nested_branch_dag' retrieved from /home/airflow/.local/lib/python3.8/site-packages/airflow/example_dags/example_nested_branch_dag.py
[2026-06-12T11:06:03.733+0000] {logging_mixin.py:188} INFO - [2026-06-12T11:06:03.732+0000] {dag.py:3036} INFO - Sync 1 DAGs
[2026-06-12T11:06:03.775+0000] {logging_mixin.py:188} INFO - [2026-06-12T11:06:03.775+0000] {dag.py:3823} INFO - Setting next_dagrun for example_nested_branch_dag to 2026-06-11 00:00:00+00:00, run_after=2026-06-12 00:00:00+00:00
[2026-06-12T11:06:03.808+0000] {processor.py:183} INFO - Processing /home/airflow/.local/lib/python3.8/site-packages/airflow/example_dags/example_nested_branch_dag.py took 0.149 seconds
[2026-06-12T11:06:34.109+0000] {processor.py:161} INFO - Started process (PID=528) to work on /home/airflow/.local/lib/python3.8/site-packages/airflow/example_dags/example_nested_branch_dag.py
[2026-06-12T11:06:34.110+0000] {processor.py:830} INFO - Processing file /home/airflow/.local/lib/python3.8/site-packages/airflow/example_dags/example_nested_branch_dag.py for tasks to queue
[2026-06-12T11:06:34.113+0000] {logging_mixin.py:188} INFO - [2026-06-12T11:06:34.112+0000] {dagbag.py:538} INFO - Filling up the DagBag from /home/airflow/.local/lib/python3.8/site-packages/airflow/example_dags/example_nested_branch_dag.py
[2026-06-12T11:06:34.129+0000] {processor.py:840} INFO - DAG(s) 'example_nested_branch_dag' retrieved from /home/airflow/.local/lib/python3.8/site-packages/airflow/example_dags/example_nested_branch_dag.py
[2026-06-12T11:06:34.172+0000] {logging_mixin.py:188} INFO - [2026-06-12T11:06:34.171+0000] {dag.py:3036} INFO - Sync 1 DAGs
[2026-06-12T11:06:34.217+0000] {logging_mixin.py:188} INFO - [2026-06-12T11:06:34.217+0000] {dag.py:3823} INFO - Setting next_dagrun for example_nested_branch_dag to 2026-06-11 00:00:00+00:00, run_after=2026-06-12 00:00:00+00:00
[2026-06-12T11:06:34.250+0000] {processor.py:183} INFO - Processing /home/airflow/.local/lib/python3.8/site-packages/airflow/example_dags/example_nested_branch_dag.py took 0.146 seconds
[2026-06-12T11:07:04.515+0000] {processor.py:161} INFO - Started process (PID=593) to work on /home/airflow/.local/lib/python3.8/site-packages/airflow/example_dags/example_nested_branch_dag.py
[2026-06-12T11:07:04.517+0000] {processor.py:830} INFO - Processing file /home/airflow/.local/lib/python3.8/site-packages/airflow/example_dags/example_nested_branch_dag.py for tasks to queue
[2026-06-12T11:07:04.520+0000] {logging_mixin.py:188} INFO - [2026-06-12T11:07:04.519+0000] {dagbag.py:538} INFO - Filling up the DagBag from /home/airflow/.local/lib/python3.8/site-packages/airflow/example_dags/example_nested_branch_dag.py
[2026-06-12T11:07:04.540+0000] {processor.py:840} INFO - DAG(s) 'example_nested_branch_dag' retrieved from /home/airflow/.local/lib/python3.8/site-packages/airflow/example_dags/example_nested_branch_dag.py
[2026-06-12T11:07:04.581+0000] {logging_mixin.py:188} INFO - [2026-06-12T11:07:04.580+0000] {dag.py:3036} INFO - Sync 1 DAGs
[2026-06-12T11:07:04.627+0000] {logging_mixin.py:188} INFO - [2026-06-12T11:07:04.626+0000] {dag.py:3823} INFO - Setting next_dagrun for example_nested_branch_dag to 2026-06-11 00:00:00+00:00, run_after=2026-06-12 00:00:00+00:00
[2026-06-12T11:07:04.659+0000] {processor.py:183} INFO - Processing /home/airflow/.local/lib/python3.8/site-packages/airflow/example_dags/example_nested_branch_dag.py took 0.150 seconds
[2026-06-12T11:07:34.756+0000] {processor.py:161} INFO - Started process (PID=665) to work on /home/airflow/.local/lib/python3.8/site-packages/airflow/example_dags/example_nested_branch_dag.py
[2026-06-12T11:07:34.757+0000] {processor.py:830} INFO - Processing file /home/airflow/.local/lib/python3.8/site-packages/airflow/example_dags/example_nested_branch_dag.py for tasks to queue
[2026-06-12T11:07:34.760+0000] {logging_mixin.py:188} INFO - [2026-06-12T11:07:34.759+0000] {dagbag.py:538} INFO - Filling up the DagBag from /home/airflow/.local/lib/python3.8/site-packages/airflow/example_dags/example_nested_branch_dag.py
[2026-06-12T11:07:34.778+0000] {processor.py:840} INFO - DAG(s) 'example_nested_branch_dag' retrieved from /home/airflow/.local/lib/python3.8/site-packages/airflow/example_dags/example_nested_branch_dag.py
[2026-06-12T11:07:34.831+0000] {logging_mixin.py:188} INFO - [2026-06-12T11:07:34.829+0000] {dag.py:3036} INFO - Sync 1 DAGs
[2026-06-12T11:07:34.871+0000] {logging_mixin.py:188} INFO - [2026-06-12T11:07:34.871+0000] {dag.py:3823} INFO - Setting next_dagrun for example_nested_branch_dag to 2026-06-11 00:00:00+00:00, run_after=2026-06-12 00:00:00+00:00
[2026-06-12T11:07:34.901+0000] {processor.py:183} INFO - Processing /home/airflow/.local/lib/python3.8/site-packages/airflow/example_dags/example_nested_branch_dag.py took 0.151 seconds
[2026-06-12T11:08:05.144+0000] {processor.py:161} INFO - Started process (PID=732) to work on /home/airflow/.local/lib/python3.8/site-packages/airflow/example_dags/example_nested_branch_dag.py
[2026-06-12T11:08:05.146+0000] {processor.py:830} INFO - Processing file /home/airflow/.local/lib/python3.8/site-packages/airflow/example_dags/example_nested_branch_dag.py for tasks to queue
[2026-06-12T11:08:05.149+0000] {logging_mixin.py:188} INFO - [2026-06-12T11:08:05.149+0000] {dagbag.py:538} INFO - Filling up the DagBag from /home/airflow/.local/lib/python3.8/site-packages/airflow/example_dags/example_nested_branch_dag.py
[2026-06-12T11:08:05.169+0000] {processor.py:840} INFO - DAG(s) 'example_nested_branch_dag' retrieved from /home/airflow/.local/lib/python3.8/site-packages/airflow/example_dags/example_nested_branch_dag.py
[2026-06-12T11:08:05.211+0000] {logging_mixin.py:188} INFO - [2026-06-12T11:08:05.210+0000] {dag.py:3036} INFO - Sync 1 DAGs
[2026-06-12T11:08:05.249+0000] {logging_mixin.py:188} INFO - [2026-06-12T11:08:05.249+0000] {dag.py:3823} INFO - Setting next_dagrun for example_nested_branch_dag to 2026-06-11 00:00:00+00:00, run_after=2026-06-12 00:00:00+00:00
[2026-06-12T11:08:05.278+0000] {processor.py:183} INFO - Processing /home/airflow/.local/lib/python3.8/site-packages/airflow/example_dags/example_nested_branch_dag.py took 0.140 seconds
[2026-06-12T11:08:35.594+0000] {processor.py:161} INFO - Started process (PID=799) to work on /home/airflow/.local/lib/python3.8/site-packages/airflow/example_dags/example_nested_branch_dag.py
[2026-06-12T11:08:35.595+0000] {processor.py:830} INFO - Processing file /home/airflow/.local/lib/python3.8/site-packages/airflow/example_dags/example_nested_branch_dag.py for tasks to queue
[2026-06-12T11:08:35.598+0000] {logging_mixin.py:188} INFO - [2026-06-12T11:08:35.597+0000] {dagbag.py:538} INFO - Filling up the DagBag from /home/airflow/.local/lib/python3.8/site-packages/airflow/example_dags/example_nested_branch_dag.py
[2026-06-12T11:08:35.613+0000] {processor.py:840} INFO - DAG(s) 'example_nested_branch_dag' retrieved from /home/airflow/.local/lib/python3.8/site-packages/airflow/example_dags/example_nested_branch_dag.py
[2026-06-12T11:08:35.650+0000] {logging_mixin.py:188} INFO - [2026-06-12T11:08:35.650+0000] {dag.py:3036} INFO - Sync 1 DAGs
[2026-06-12T11:08:35.690+0000] {logging_mixin.py:188} INFO - [2026-06-12T11:08:35.690+0000] {dag.py:3823} INFO - Setting next_dagrun for example_nested_branch_dag to 2026-06-11 00:00:00+00:00, run_after=2026-06-12 00:00:00+00:00
[2026-06-12T11:08:35.718+0000] {processor.py:183} INFO - Processing /home/airflow/.local/lib/python3.8/site-packages/airflow/example_dags/example_nested_branch_dag.py took 0.129 seconds
[2026-06-12T11:09:05.974+0000] {processor.py:161} INFO - Started process (PID=864) to work on /home/airflow/.local/lib/python3.8/site-packages/airflow/example_dags/example_nested_branch_dag.py
[2026-06-12T11:09:05.975+0000] {processor.py:830} INFO - Processing file /home/airflow/.local/lib/python3.8/site-packages/airflow/example_dags/example_nested_branch_dag.py for tasks to queue
[2026-06-12T11:09:05.978+0000] {logging_mixin.py:188} INFO - [2026-06-12T11:09:05.977+0000] {dagbag.py:538} INFO - Filling up the DagBag from /home/airflow/.local/lib/python3.8/site-packages/airflow/example_dags/example_nested_branch_dag.py
[2026-06-12T11:09:05.994+0000] {processor.py:840} INFO - DAG(s) 'example_nested_branch_dag' retrieved from /home/airflow/.local/lib/python3.8/site-packages/airflow/example_dags/example_nested_branch_dag.py
[2026-06-12T11:09:06.033+0000] {logging_mixin.py:188} INFO - [2026-06-12T11:09:06.032+0000] {dag.py:3036} INFO - Sync 1 DAGs
[2026-06-12T11:09:06.072+0000] {logging_mixin.py:188} INFO - [2026-06-12T11:09:06.072+0000] {dag.py:3823} INFO - Setting next_dagrun for example_nested_branch_dag to 2026-06-11 00:00:00+00:00, run_after=2026-06-12 00:00:00+00:00
[2026-06-12T11:09:06.102+0000] {processor.py:183} INFO - Processing /home/airflow/.local/lib/python3.8/site-packages/airflow/example_dags/example_nested_branch_dag.py took 0.134 seconds
[2026-06-12T11:09:36.727+0000] {processor.py:161} INFO - Started process (PID=931) to work on /home/airflow/.local/lib/python3.8/site-packages/airflow/example_dags/example_nested_branch_dag.py
[2026-06-12T11:09:36.728+0000] {processor.py:830} INFO - Processing file /home/airflow/.local/lib/python3.8/site-packages/airflow/example_dags/example_nested_branch_dag.py for tasks to queue
[2026-06-12T11:09:36.731+0000] {logging_mixin.py:188} INFO - [2026-06-12T11:09:36.730+0000] {dagbag.py:538} INFO - Filling up the DagBag from /home/airflow/.local/lib/python3.8/site-packages/airflow/example_dags/example_nested_branch_dag.py
[2026-06-12T11:09:36.749+0000] {processor.py:840} INFO - DAG(s) 'example_nested_branch_dag' retrieved from /home/airflow/.local/lib/python3.8/site-packages/airflow/example_dags/example_nested_branch_dag.py
[2026-06-12T11:09:36.791+0000] {logging_mixin.py:188} INFO - [2026-06-12T11:09:36.790+0000] {dag.py:3036} INFO - Sync 1 DAGs
[2026-06-12T11:09:36.827+0000] {logging_mixin.py:188} INFO - [2026-06-12T11:09:36.826+0000] {dag.py:3823} INFO - Setting next_dagrun for example_nested_branch_dag to 2026-06-11 00:00:00+00:00, run_after=2026-06-12 00:00:00+00:00
[2026-06-12T11:09:36.855+0000] {processor.py:183} INFO - Processing /home/airflow/.local/lib/python3.8/site-packages/airflow/example_dags/example_nested_branch_dag.py took 0.133 seconds
[2026-06-12T11:10:06.908+0000] {processor.py:161} INFO - Started process (PID=996) to work on /home/airflow/.local/lib/python3.8/site-packages/airflow/example_dags/example_nested_branch_dag.py
[2026-06-12T11:10:06.910+0000] {processor.py:830} INFO - Processing file /home/airflow/.local/lib/python3.8/site-packages/airflow/example_dags/example_nested_branch_dag.py for tasks to queue
[2026-06-12T11:10:06.913+0000] {logging_mixin.py:188} INFO - [2026-06-12T11:10:06.913+0000] {dagbag.py:538} INFO - Filling up the DagBag from /home/airflow/.local/lib/python3.8/site-packages/airflow/example_dags/example_nested_branch_dag.py
[2026-06-12T11:10:06.930+0000] {processor.py:840} INFO - DAG(s) 'example_nested_branch_dag' retrieved from /home/airflow/.local/lib/python3.8/site-packages/airflow/example_dags/example_nested_branch_dag.py
[2026-06-12T11:10:06.968+0000] {logging_mixin.py:188} INFO - [2026-06-12T11:10:06.968+0000] {dag.py:3036} INFO - Sync 1 DAGs
[2026-06-12T11:10:07.005+0000] {logging_mixin.py:188} INFO - [2026-06-12T11:10:07.004+0000] {dag.py:3823} INFO - Setting next_dagrun for example_nested_branch_dag to 2026-06-11 00:00:00+00:00, run_after=2026-06-12 00:00:00+00:00
[2026-06-12T11:10:07.035+0000] {processor.py:183} INFO - Processing /home/airflow/.local/lib/python3.8/site-packages/airflow/example_dags/example_nested_branch_dag.py took 0.133 seconds
[2026-06-12T11:10:37.213+0000] {processor.py:161} INFO - Started process (PID=1060) to work on /home/airflow/.local/lib/python3.8/site-packages/airflow/example_dags/example_nested_branch_dag.py
[2026-06-12T11:10:37.214+0000] {processor.py:830} INFO - Processing file /home/airflow/.local/lib/python3.8/site-packages/airflow/example_dags/example_nested_branch_dag.py for tasks to queue
[2026-06-12T11:10:37.216+0000] {logging_mixin.py:188} INFO - [2026-06-12T11:10:37.216+0000] {dagbag.py:538} INFO - Filling up the DagBag from /home/airflow/.local/lib/python3.8/site-packages/airflow/example_dags/example_nested_branch_dag.py
[2026-06-12T11:10:37.231+0000] {processor.py:840} INFO - DAG(s) 'example_nested_branch_dag' retrieved from /home/airflow/.local/lib/python3.8/site-packages/airflow/example_dags/example_nested_branch_dag.py
[2026-06-12T11:10:37.271+0000] {logging_mixin.py:188} INFO - [2026-06-12T11:10:37.270+0000] {dag.py:3036} INFO - Sync 1 DAGs
[2026-06-12T11:10:37.310+0000] {logging_mixin.py:188} INFO - [2026-06-12T11:10:37.309+0000] {dag.py:3823} INFO - Setting next_dagrun for example_nested_branch_dag to 2026-06-11 00:00:00+00:00, run_after=2026-06-12 00:00:00+00:00
[2026-06-12T11:10:37.339+0000] {processor.py:183} INFO - Processing /home/airflow/.local/lib/python3.8/site-packages/airflow/example_dags/example_nested_branch_dag.py took 0.131 seconds
[2026-06-12T11:11:07.688+0000] {processor.py:161} INFO - Started process (PID=1127) to work on /home/airflow/.local/lib/python3.8/site-packages/airflow/example_dags/example_nested_branch_dag.py
[2026-06-12T11:11:07.690+0000] {processor.py:830} INFO - Processing file /home/airflow/.local/lib/python3.8/site-packages/airflow/example_dags/example_nested_branch_dag.py for tasks to queue
[2026-06-12T11:11:07.693+0000] {logging_mixin.py:188} INFO - [2026-06-12T11:11:07.692+0000] {dagbag.py:538} INFO - Filling up the DagBag from /home/airflow/.local/lib/python3.8/site-packages/airflow/example_dags/example_nested_branch_dag.py
[2026-06-12T11:11:07.709+0000] {processor.py:840} INFO - DAG(s) 'example_nested_branch_dag' retrieved from /home/airflow/.local/lib/python3.8/site-packages/airflow/example_dags/example_nested_branch_dag.py
[2026-06-12T11:11:07.752+0000] {logging_mixin.py:188} INFO - [2026-06-12T11:11:07.751+0000] {dag.py:3036} INFO - Sync 1 DAGs
[2026-06-12T11:11:07.796+0000] {logging_mixin.py:188} INFO - [2026-06-12T11:11:07.796+0000] {dag.py:3823} INFO - Setting next_dagrun for example_nested_branch_dag to 2026-06-11 00:00:00+00:00, run_after=2026-06-12 00:00:00+00:00
[2026-06-12T11:11:07.829+0000] {processor.py:183} INFO - Processing /home/airflow/.local/lib/python3.8/site-packages/airflow/example_dags/example_nested_branch_dag.py took 0.146 seconds
[2026-06-12T11:11:38.108+0000] {processor.py:161} INFO - Started process (PID=1202) to work on /home/airflow/.local/lib/python3.8/site-packages/airflow/example_dags/example_nested_branch_dag.py
[2026-06-12T11:11:38.109+0000] {processor.py:830} INFO - Processing file /home/airflow/.local/lib/python3.8/site-packages/airflow/example_dags/example_nested_branch_dag.py for tasks to queue
[2026-06-12T11:11:38.112+0000] {logging_mixin.py:188} INFO - [2026-06-12T11:11:38.111+0000] {dagbag.py:538} INFO - Filling up the DagBag from /home/airflow/.local/lib/python3.8/site-packages/airflow/example_dags/example_nested_branch_dag.py
[2026-06-12T11:11:38.128+0000] {processor.py:840} INFO - DAG(s) 'example_nested_branch_dag' retrieved from /home/airflow/.local/lib/python3.8/site-packages/airflow/example_dags/example_nested_branch_dag.py
[2026-06-12T11:11:38.168+0000] {logging_mixin.py:188} INFO - [2026-06-12T11:11:38.167+0000] {dag.py:3036} INFO - Sync 1 DAGs
[2026-06-12T11:11:38.213+0000] {logging_mixin.py:188} INFO - [2026-06-12T11:11:38.213+0000] {dag.py:3823} INFO - Setting next_dagrun for example_nested_branch_dag to 2026-06-11 00:00:00+00:00, run_after=2026-06-12 00:00:00+00:00
[2026-06-12T11:11:38.259+0000] {processor.py:183} INFO - Processing /home/airflow/.local/lib/python3.8/site-packages/airflow/example_dags/example_nested_branch_dag.py took 0.156 seconds
[2026-06-12T11:12:08.403+0000] {processor.py:161} INFO - Started process (PID=1268) to work on /home/airflow/.local/lib/python3.8/site-packages/airflow/example_dags/example_nested_branch_dag.py
[2026-06-12T11:12:08.404+0000] {processor.py:830} INFO - Processing file /home/airflow/.local/lib/python3.8/site-packages/airflow/example_dags/example_nested_branch_dag.py for tasks to queue
[2026-06-12T11:12:08.407+0000] {logging_mixin.py:188} INFO - [2026-06-12T11:12:08.406+0000] {dagbag.py:538} INFO - Filling up the DagBag from /home/airflow/.local/lib/python3.8/site-packages/airflow/example_dags/example_nested_branch_dag.py
[2026-06-12T11:12:08.424+0000] {processor.py:840} INFO - DAG(s) 'example_nested_branch_dag' retrieved from /home/airflow/.local/lib/python3.8/site-packages/airflow/example_dags/example_nested_branch_dag.py
[2026-06-12T11:12:08.464+0000] {logging_mixin.py:188} INFO - [2026-06-12T11:12:08.464+0000] {dag.py:3036} INFO - Sync 1 DAGs
[2026-06-12T11:12:08.503+0000] {logging_mixin.py:188} INFO - [2026-06-12T11:12:08.502+0000] {dag.py:3823} INFO - Setting next_dagrun for example_nested_branch_dag to 2026-06-11 00:00:00+00:00, run_after=2026-06-12 00:00:00+00:00
[2026-06-12T11:12:08.531+0000] {processor.py:183} INFO - Processing /home/airflow/.local/lib/python3.8/site-packages/airflow/example_dags/example_nested_branch_dag.py took 0.133 seconds
[2026-06-12T11:12:38.654+0000] {processor.py:161} INFO - Started process (PID=1335) to work on /home/airflow/.local/lib/python3.8/site-packages/airflow/example_dags/example_nested_branch_dag.py
[2026-06-12T11:12:38.656+0000] {processor.py:830} INFO - Processing file /home/airflow/.local/lib/python3.8/site-packages/airflow/example_dags/example_nested_branch_dag.py for tasks to queue
[2026-06-12T11:12:38.658+0000] {logging_mixin.py:188} INFO - [2026-06-12T11:12:38.658+0000] {dagbag.py:538} INFO - Filling up the DagBag from /home/airflow/.local/lib/python3.8/site-packages/airflow/example_dags/example_nested_branch_dag.py
[2026-06-12T11:12:38.673+0000] {processor.py:840} INFO - DAG(s) 'example_nested_branch_dag' retrieved from /home/airflow/.local/lib/python3.8/site-packages/airflow/example_dags/example_nested_branch_dag.py
[2026-06-12T11:12:38.717+0000] {logging_mixin.py:188} INFO - [2026-06-12T11:12:38.716+0000] {dag.py:3036} INFO - Sync 1 DAGs
[2026-06-12T11:12:38.755+0000] {logging_mixin.py:188} INFO - [2026-06-12T11:12:38.755+0000] {dag.py:3823} INFO - Setting next_dagrun for example_nested_branch_dag to 2026-06-11 00:00:00+00:00, run_after=2026-06-12 00:00:00+00:00
[2026-06-12T11:12:38.786+0000] {processor.py:183} INFO - Processing /home/airflow/.local/lib/python3.8/site-packages/airflow/example_dags/example_nested_branch_dag.py took 0.136 seconds
[2026-06-12T11:13:09.443+0000] {processor.py:161} INFO - Started process (PID=1401) to work on /home/airflow/.local/lib/python3.8/site-packages/airflow/example_dags/example_nested_branch_dag.py
[2026-06-12T11:13:09.445+0000] {processor.py:830} INFO - Processing file /home/airflow/.local/lib/python3.8/site-packages/airflow/example_dags/example_nested_branch_dag.py for tasks to queue
[2026-06-12T11:13:09.448+0000] {logging_mixin.py:188} INFO - [2026-06-12T11:13:09.448+0000] {dagbag.py:538} INFO - Filling up the DagBag from /home/airflow/.local/lib/python3.8/site-packages/airflow/example_dags/example_nested_branch_dag.py
[2026-06-12T11:13:09.468+0000] {processor.py:840} INFO - DAG(s) 'example_nested_branch_dag' retrieved from /home/airflow/.local/lib/python3.8/site-packages/airflow/example_dags/example_nested_branch_dag.py
[2026-06-12T11:13:09.510+0000] {logging_mixin.py:188} INFO - [2026-06-12T11:13:09.510+0000] {dag.py:3036} INFO - Sync 1 DAGs
[2026-06-12T11:13:09.554+0000] {logging_mixin.py:188} INFO - [2026-06-12T11:13:09.553+0000] {dag.py:3823} INFO - Setting next_dagrun for example_nested_branch_dag to 2026-06-11 00:00:00+00:00, run_after=2026-06-12 00:00:00+00:00
[2026-06-12T11:13:09.587+0000] {processor.py:183} INFO - Processing /home/airflow/.local/lib/python3.8/site-packages/airflow/example_dags/example_nested_branch_dag.py took 0.150 seconds
[2026-06-12T11:13:40.156+0000] {processor.py:161} INFO - Started process (PID=1467) to work on /home/airflow/.local/lib/python3.8/site-packages/airflow/example_dags/example_nested_branch_dag.py
[2026-06-12T11:13:40.157+0000] {processor.py:830} INFO - Processing file /home/airflow/.local/lib/python3.8/site-packages/airflow/example_dags/example_nested_branch_dag.py for tasks to queue
[2026-06-12T11:13:40.160+0000] {logging_mixin.py:188} INFO - [2026-06-12T11:13:40.159+0000] {dagbag.py:538} INFO - Filling up the DagBag from /home/airflow/.local/lib/python3.8/site-packages/airflow/example_dags/example_nested_branch_dag.py
[2026-06-12T11:13:40.176+0000] {processor.py:840} INFO - DAG(s) 'example_nested_branch_dag' retrieved from /home/airflow/.local/lib/python3.8/site-packages/airflow/example_dags/example_nested_branch_dag.py
[2026-06-12T11:13:40.215+0000] {logging_mixin.py:188} INFO - [2026-06-12T11:13:40.215+0000] {dag.py:3036} INFO - Sync 1 DAGs
[2026-06-12T11:13:40.252+0000] {logging_mixin.py:188} INFO - [2026-06-12T11:13:40.251+0000] {dag.py:3823} INFO - Setting next_dagrun for example_nested_branch_dag to 2026-06-11 00:00:00+00:00, run_after=2026-06-12 00:00:00+00:00
[2026-06-12T11:13:40.285+0000] {processor.py:183} INFO - Processing /home/airflow/.local/lib/python3.8/site-packages/airflow/example_dags/example_nested_branch_dag.py took 0.134 seconds
[2026-06-12T11:14:11.034+0000] {processor.py:161} INFO - Started process (PID=1534) to work on /home/airflow/.local/lib/python3.8/site-packages/airflow/example_dags/example_nested_branch_dag.py
[2026-06-12T11:14:11.036+0000] {processor.py:830} INFO - Processing file /home/airflow/.local/lib/python3.8/site-packages/airflow/example_dags/example_nested_branch_dag.py for tasks to queue
[2026-06-12T11:14:11.038+0000] {logging_mixin.py:188} INFO - [2026-06-12T11:14:11.038+0000] {dagbag.py:538} INFO - Filling up the DagBag from /home/airflow/.local/lib/python3.8/site-packages/airflow/example_dags/example_nested_branch_dag.py
[2026-06-12T11:14:11.054+0000] {processor.py:840} INFO - DAG(s) 'example_nested_branch_dag' retrieved from /home/airflow/.local/lib/python3.8/site-packages/airflow/example_dags/example_nested_branch_dag.py
[2026-06-12T11:14:11.098+0000] {logging_mixin.py:188} INFO - [2026-06-12T11:14:11.097+0000] {dag.py:3036} INFO - Sync 1 DAGs
[2026-06-12T11:14:11.150+0000] {logging_mixin.py:188} INFO - [2026-06-12T11:14:11.150+0000] {dag.py:3823} INFO - Setting next_dagrun for example_nested_branch_dag to 2026-06-11 00:00:00+00:00, run_after=2026-06-12 00:00:00+00:00
[2026-06-12T11:14:11.184+0000] {processor.py:183} INFO - Processing /home/airflow/.local/lib/python3.8/site-packages/airflow/example_dags/example_nested_branch_dag.py took 0.155 seconds
[2026-06-12T11:14:41.829+0000] {processor.py:161} INFO - Started process (PID=1600) to work on /home/airflow/.local/lib/python3.8/site-packages/airflow/example_dags/example_nested_branch_dag.py
[2026-06-12T11:14:41.831+0000] {processor.py:830} INFO - Processing file /home/airflow/.local/lib/python3.8/site-packages/airflow/example_dags/example_nested_branch_dag.py for tasks to queue
[2026-06-12T11:14:41.834+0000] {logging_mixin.py:188} INFO - [2026-06-12T11:14:41.833+0000] {dagbag.py:538} INFO - Filling up the DagBag from /home/airflow/.local/lib/python3.8/site-packages/airflow/example_dags/example_nested_branch_dag.py
[2026-06-12T11:14:41.850+0000] {processor.py:840} INFO - DAG(s) 'example_nested_branch_dag' retrieved from /home/airflow/.local/lib/python3.8/site-packages/airflow/example_dags/example_nested_branch_dag.py
[2026-06-12T11:14:41.894+0000] {logging_mixin.py:188} INFO - [2026-06-12T11:14:41.894+0000] {dag.py:3036} INFO - Sync 1 DAGs
[2026-06-12T11:14:41.933+0000] {logging_mixin.py:188} INFO - [2026-06-12T11:14:41.933+0000] {dag.py:3823} INFO - Setting next_dagrun for example_nested_branch_dag to 2026-06-11 00:00:00+00:00, run_after=2026-06-12 00:00:00+00:00
[2026-06-12T11:14:41.967+0000] {processor.py:183} INFO - Processing /home/airflow/.local/lib/python3.8/site-packages/airflow/example_dags/example_nested_branch_dag.py took 0.143 seconds
[2026-06-12T11:15:12.127+0000] {processor.py:161} INFO - Started process (PID=1666) to work on /home/airflow/.local/lib/python3.8/site-packages/airflow/example_dags/example_nested_branch_dag.py
[2026-06-12T11:15:12.128+0000] {processor.py:830} INFO - Processing file /home/airflow/.local/lib/python3.8/site-packages/airflow/example_dags/example_nested_branch_dag.py for tasks to queue
[2026-06-12T11:15:12.130+0000] {logging_mixin.py:188} INFO - [2026-06-12T11:15:12.130+0000] {dagbag.py:538} INFO - Filling up the DagBag from /home/airflow/.local/lib/python3.8/site-packages/airflow/example_dags/example_nested_branch_dag.py
[2026-06-12T11:15:12.145+0000] {processor.py:840} INFO - DAG(s) 'example_nested_branch_dag' retrieved from /home/airflow/.local/lib/python3.8/site-packages/airflow/example_dags/example_nested_branch_dag.py
[2026-06-12T11:15:12.184+0000] {logging_mixin.py:188} INFO - [2026-06-12T11:15:12.183+0000] {dag.py:3036} INFO - Sync 1 DAGs
[2026-06-12T11:15:12.219+0000] {logging_mixin.py:188} INFO - [2026-06-12T11:15:12.219+0000] {dag.py:3823} INFO - Setting next_dagrun for example_nested_branch_dag to 2026-06-11 00:00:00+00:00, run_after=2026-06-12 00:00:00+00:00
[2026-06-12T11:15:12.248+0000] {processor.py:183} INFO - Processing /home/airflow/.local/lib/python3.8/site-packages/airflow/example_dags/example_nested_branch_dag.py took 0.125 seconds
[2026-06-12T11:15:42.568+0000] {processor.py:161} INFO - Started process (PID=1733) to work on /home/airflow/.local/lib/python3.8/site-packages/airflow/example_dags/example_nested_branch_dag.py
[2026-06-12T11:15:42.570+0000] {processor.py:830} INFO - Processing file /home/airflow/.local/lib/python3.8/site-packages/airflow/example_dags/example_nested_branch_dag.py for tasks to queue
[2026-06-12T11:15:42.572+0000] {logging_mixin.py:188} INFO - [2026-06-12T11:15:42.572+0000] {dagbag.py:538} INFO - Filling up the DagBag from /home/airflow/.local/lib/python3.8/site-packages/airflow/example_dags/example_nested_branch_dag.py
[2026-06-12T11:15:42.588+0000] {processor.py:840} INFO - DAG(s) 'example_nested_branch_dag' retrieved from /home/airflow/.local/lib/python3.8/site-packages/airflow/example_dags/example_nested_branch_dag.py
[2026-06-12T11:15:42.632+0000] {logging_mixin.py:188} INFO - [2026-06-12T11:15:42.631+0000] {dag.py:3036} INFO - Sync 1 DAGs
[2026-06-12T11:15:42.676+0000] {logging_mixin.py:188} INFO - [2026-06-12T11:15:42.676+0000] {dag.py:3823} INFO - Setting next_dagrun for example_nested_branch_dag to 2026-06-11 00:00:00+00:00, run_after=2026-06-12 00:00:00+00:00
[2026-06-12T11:15:42.706+0000] {processor.py:183} INFO - Processing /home/airflow/.local/lib/python3.8/site-packages/airflow/example_dags/example_nested_branch_dag.py took 0.143 seconds
[2026-06-12T11:16:12.891+0000] {processor.py:161} INFO - Started process (PID=1797) to work on /home/airflow/.local/lib/python3.8/site-packages/airflow/example_dags/example_nested_branch_dag.py
[2026-06-12T11:16:12.894+0000] {processor.py:830} INFO - Processing file /home/airflow/.local/lib/python3.8/site-packages/airflow/example_dags/example_nested_branch_dag.py for tasks to queue
[2026-06-12T11:16:12.897+0000] {logging_mixin.py:188} INFO - [2026-06-12T11:16:12.896+0000] {dagbag.py:538} INFO - Filling up the DagBag from /home/airflow/.local/lib/python3.8/site-packages/airflow/example_dags/example_nested_branch_dag.py
[2026-06-12T11:16:12.915+0000] {processor.py:840} INFO - DAG(s) 'example_nested_branch_dag' retrieved from /home/airflow/.local/lib/python3.8/site-packages/airflow/example_dags/example_nested_branch_dag.py
[2026-06-12T11:16:12.955+0000] {logging_mixin.py:188} INFO - [2026-06-12T11:16:12.955+0000] {dag.py:3036} INFO - Sync 1 DAGs
[2026-06-12T11:16:12.995+0000] {logging_mixin.py:188} INFO - [2026-06-12T11:16:12.995+0000] {dag.py:3823} INFO - Setting next_dagrun for example_nested_branch_dag to 2026-06-11 00:00:00+00:00, run_after=2026-06-12 00:00:00+00:00
[2026-06-12T11:16:13.028+0000] {processor.py:183} INFO - Processing /home/airflow/.local/lib/python3.8/site-packages/airflow/example_dags/example_nested_branch_dag.py took 0.143 seconds
[2026-06-12T11:16:43.811+0000] {processor.py:161} INFO - Started process (PID=1871) to work on /home/airflow/.local/lib/python3.8/site-packages/airflow/example_dags/example_nested_branch_dag.py
[2026-06-12T11:16:43.813+0000] {processor.py:830} INFO - Processing file /home/airflow/.local/lib/python3.8/site-packages/airflow/example_dags/example_nested_branch_dag.py for tasks to queue
[2026-06-12T11:16:43.816+0000] {logging_mixin.py:188} INFO - [2026-06-12T11:16:43.815+0000] {dagbag.py:538} INFO - Filling up the DagBag from /home/airflow/.local/lib/python3.8/site-packages/airflow/example_dags/example_nested_branch_dag.py
[2026-06-12T11:16:43.834+0000] {processor.py:840} INFO - DAG(s) 'example_nested_branch_dag' retrieved from /home/airflow/.local/lib/python3.8/site-packages/airflow/example_dags/example_nested_branch_dag.py
[2026-06-12T11:16:43.880+0000] {logging_mixin.py:188} INFO - [2026-06-12T11:16:43.879+0000] {dag.py:3036} INFO - Sync 1 DAGs
[2026-06-12T11:16:43.926+0000] {logging_mixin.py:188} INFO - [2026-06-12T11:16:43.925+0000] {dag.py:3823} INFO - Setting next_dagrun for example_nested_branch_dag to 2026-06-11 00:00:00+00:00, run_after=2026-06-12 00:00:00+00:00
[2026-06-12T11:16:43.957+0000] {processor.py:183} INFO - Processing /home/airflow/.local/lib/python3.8/site-packages/airflow/example_dags/example_nested_branch_dag.py took 0.152 seconds
[2026-06-12T11:17:14.392+0000] {processor.py:161} INFO - Started process (PID=1936) to work on /home/airflow/.local/lib/python3.8/site-packages/airflow/example_dags/example_nested_branch_dag.py
[2026-06-12T11:17:14.393+0000] {processor.py:830} INFO - Processing file /home/airflow/.local/lib/python3.8/site-packages/airflow/example_dags/example_nested_branch_dag.py for tasks to queue
[2026-06-12T11:17:14.397+0000] {logging_mixin.py:188} INFO - [2026-06-12T11:17:14.396+0000] {dagbag.py:538} INFO - Filling up the DagBag from /home/airflow/.local/lib/python3.8/site-packages/airflow/example_dags/example_nested_branch_dag.py
[2026-06-12T11:17:14.418+0000] {processor.py:840} INFO - DAG(s) 'example_nested_branch_dag' retrieved from /home/airflow/.local/lib/python3.8/site-packages/airflow/example_dags/example_nested_branch_dag.py
[2026-06-12T11:17:14.463+0000] {logging_mixin.py:188} INFO - [2026-06-12T11:17:14.462+0000] {dag.py:3036} INFO - Sync 1 DAGs
[2026-06-12T11:17:14.507+0000] {logging_mixin.py:188} INFO - [2026-06-12T11:17:14.506+0000] {dag.py:3823} INFO - Setting next_dagrun for example_nested_branch_dag to 2026-06-11 00:00:00+00:00, run_after=2026-06-12 00:00:00+00:00
[2026-06-12T11:17:14.542+0000] {processor.py:183} INFO - Processing /home/airflow/.local/lib/python3.8/site-packages/airflow/example_dags/example_nested_branch_dag.py took 0.155 seconds
[2026-06-12T11:17:44.590+0000] {processor.py:161} INFO - Started process (PID=2002) to work on /home/airflow/.local/lib/python3.8/site-packages/airflow/example_dags/example_nested_branch_dag.py
[2026-06-12T11:17:44.592+0000] {processor.py:830} INFO - Processing file /home/airflow/.local/lib/python3.8/site-packages/airflow/example_dags/example_nested_branch_dag.py for tasks to queue
[2026-06-12T11:17:44.595+0000] {logging_mixin.py:188} INFO - [2026-06-12T11:17:44.594+0000] {dagbag.py:538} INFO - Filling up the DagBag from /home/airflow/.local/lib/python3.8/site-packages/airflow/example_dags/example_nested_branch_dag.py
[2026-06-12T11:17:44.610+0000] {processor.py:840} INFO - DAG(s) 'example_nested_branch_dag' retrieved from /home/airflow/.local/lib/python3.8/site-packages/airflow/example_dags/example_nested_branch_dag.py
[2026-06-12T11:17:44.652+0000] {logging_mixin.py:188} INFO - [2026-06-12T11:17:44.651+0000] {dag.py:3036} INFO - Sync 1 DAGs
[2026-06-12T11:17:44.695+0000] {logging_mixin.py:188} INFO - [2026-06-12T11:17:44.694+0000] {dag.py:3823} INFO - Setting next_dagrun for example_nested_branch_dag to 2026-06-11 00:00:00+00:00, run_after=2026-06-12 00:00:00+00:00
[2026-06-12T11:17:44.726+0000] {processor.py:183} INFO - Processing /home/airflow/.local/lib/python3.8/site-packages/airflow/example_dags/example_nested_branch_dag.py took 0.141 seconds
[2026-06-12T11:18:14.865+0000] {processor.py:161} INFO - Started process (PID=2068) to work on /home/airflow/.local/lib/python3.8/site-packages/airflow/example_dags/example_nested_branch_dag.py
[2026-06-12T11:18:14.867+0000] {processor.py:830} INFO - Processing file /home/airflow/.local/lib/python3.8/site-packages/airflow/example_dags/example_nested_branch_dag.py for tasks to queue
[2026-06-12T11:18:14.869+0000] {logging_mixin.py:188} INFO - [2026-06-12T11:18:14.869+0000] {dagbag.py:538} INFO - Filling up the DagBag from /home/airflow/.local/lib/python3.8/site-packages/airflow/example_dags/example_nested_branch_dag.py
[2026-06-12T11:18:14.884+0000] {processor.py:840} INFO - DAG(s) 'example_nested_branch_dag' retrieved from /home/airflow/.local/lib/python3.8/site-packages/airflow/example_dags/example_nested_branch_dag.py
[2026-06-12T11:18:14.923+0000] {logging_mixin.py:188} INFO - [2026-06-12T11:18:14.923+0000] {dag.py:3036} INFO - Sync 1 DAGs
[2026-06-12T11:18:14.961+0000] {logging_mixin.py:188} INFO - [2026-06-12T11:18:14.960+0000] {dag.py:3823} INFO - Setting next_dagrun for example_nested_branch_dag to 2026-06-11 00:00:00+00:00, run_after=2026-06-12 00:00:00+00:00
[2026-06-12T11:18:14.992+0000] {processor.py:183} INFO - Processing /home/airflow/.local/lib/python3.8/site-packages/airflow/example_dags/example_nested_branch_dag.py took 0.131 seconds
[2026-06-12T11:18:45.285+0000] {processor.py:161} INFO - Started process (PID=2134) to work on /home/airflow/.local/lib/python3.8/site-packages/airflow/example_dags/example_nested_branch_dag.py
[2026-06-12T11:18:45.287+0000] {processor.py:830} INFO - Processing file /home/airflow/.local/lib/python3.8/site-packages/airflow/example_dags/example_nested_branch_dag.py for tasks to queue
[2026-06-12T11:18:45.290+0000] {logging_mixin.py:188} INFO - [2026-06-12T11:18:45.289+0000] {dagbag.py:538} INFO - Filling up the DagBag from /home/airflow/.local/lib/python3.8/site-packages/airflow/example_dags/example_nested_branch_dag.py
[2026-06-12T11:18:45.305+0000] {processor.py:840} INFO - DAG(s) 'example_nested_branch_dag' retrieved from /home/airflow/.local/lib/python3.8/site-packages/airflow/example_dags/example_nested_branch_dag.py
[2026-06-12T11:18:45.342+0000] {logging_mixin.py:188} INFO - [2026-06-12T11:18:45.342+0000] {dag.py:3036} INFO - Sync 1 DAGs
[2026-06-12T11:18:45.381+0000] {logging_mixin.py:188} INFO - [2026-06-12T11:18:45.381+0000] {dag.py:3823} INFO - Setting next_dagrun for example_nested_branch_dag to 2026-06-11 00:00:00+00:00, run_after=2026-06-12 00:00:00+00:00
[2026-06-12T11:18:45.409+0000] {processor.py:183} INFO - Processing /home/airflow/.local/lib/python3.8/site-packages/airflow/example_dags/example_nested_branch_dag.py took 0.129 seconds
[2026-06-12T11:19:16.357+0000] {processor.py:161} INFO - Started process (PID=2200) to work on /home/airflow/.local/lib/python3.8/site-packages/airflow/example_dags/example_nested_branch_dag.py
[2026-06-12T11:19:16.359+0000] {processor.py:830} INFO - Processing file /home/airflow/.local/lib/python3.8/site-packages/airflow/example_dags/example_nested_branch_dag.py for tasks to queue
[2026-06-12T11:19:16.362+0000] {logging_mixin.py:188} INFO - [2026-06-12T11:19:16.361+0000] {dagbag.py:538} INFO - Filling up the DagBag from /home/airflow/.local/lib/python3.8/site-packages/airflow/example_dags/example_nested_branch_dag.py
[2026-06-12T11:19:16.381+0000] {processor.py:840} INFO - DAG(s) 'example_nested_branch_dag' retrieved from /home/airflow/.local/lib/python3.8/site-packages/airflow/example_dags/example_nested_branch_dag.py
[2026-06-12T11:19:16.431+0000] {logging_mixin.py:188} INFO - [2026-06-12T11:19:16.431+0000] {dag.py:3036} INFO - Sync 1 DAGs
[2026-06-12T11:19:16.476+0000] {logging_mixin.py:188} INFO - [2026-06-12T11:19:16.475+0000] {dag.py:3823} INFO - Setting next_dagrun for example_nested_branch_dag to 2026-06-11 00:00:00+00:00, run_after=2026-06-12 00:00:00+00:00
[2026-06-12T11:19:16.510+0000] {processor.py:183} INFO - Processing /home/airflow/.local/lib/python3.8/site-packages/airflow/example_dags/example_nested_branch_dag.py took 0.157 seconds
[2026-06-12T11:19:46.635+0000] {processor.py:161} INFO - Started process (PID=2266) to work on /home/airflow/.local/lib/python3.8/site-packages/airflow/example_dags/example_nested_branch_dag.py
[2026-06-12T11:19:46.637+0000] {processor.py:830} INFO - Processing file /home/airflow/.local/lib/python3.8/site-packages/airflow/example_dags/example_nested_branch_dag.py for tasks to queue
[2026-06-12T11:19:46.639+0000] {logging_mixin.py:188} INFO - [2026-06-12T11:19:46.639+0000] {dagbag.py:538} INFO - Filling up the DagBag from /home/airflow/.local/lib/python3.8/site-packages/airflow/example_dags/example_nested_branch_dag.py
[2026-06-12T11:19:46.655+0000] {processor.py:840} INFO - DAG(s) 'example_nested_branch_dag' retrieved from /home/airflow/.local/lib/python3.8/site-packages/airflow/example_dags/example_nested_branch_dag.py
[2026-06-12T11:19:46.693+0000] {logging_mixin.py:188} INFO - [2026-06-12T11:19:46.692+0000] {dag.py:3036} INFO - Sync 1 DAGs
[2026-06-12T11:19:46.738+0000] {logging_mixin.py:188} INFO - [2026-06-12T11:19:46.738+0000] {dag.py:3823} INFO - Setting next_dagrun for example_nested_branch_dag to 2026-06-11 00:00:00+00:00, run_after=2026-06-12 00:00:00+00:00
[2026-06-12T11:19:46.774+0000] {processor.py:183} INFO - Processing /home/airflow/.local/lib/python3.8/site-packages/airflow/example_dags/example_nested_branch_dag.py took 0.144 seconds
[2026-06-12T11:20:17.050+0000] {processor.py:161} INFO - Started process (PID=2332) to work on /home/airflow/.local/lib/python3.8/site-packages/airflow/example_dags/example_nested_branch_dag.py
[2026-06-12T11:20:17.052+0000] {processor.py:830} INFO - Processing file /home/airflow/.local/lib/python3.8/site-packages/airflow/example_dags/example_nested_branch_dag.py for tasks to queue
[2026-06-12T11:20:17.054+0000] {logging_mixin.py:188} INFO - [2026-06-12T11:20:17.054+0000] {dagbag.py:538} INFO - Filling up the DagBag from /home/airflow/.local/lib/python3.8/site-packages/airflow/example_dags/example_nested_branch_dag.py
[2026-06-12T11:20:17.073+0000] {processor.py:840} INFO - DAG(s) 'example_nested_branch_dag' retrieved from /home/airflow/.local/lib/python3.8/site-packages/airflow/example_dags/example_nested_branch_dag.py
[2026-06-12T11:20:17.115+0000] {logging_mixin.py:188} INFO - [2026-06-12T11:20:17.115+0000] {dag.py:3036} INFO - Sync 1 DAGs
[2026-06-12T11:20:17.151+0000] {logging_mixin.py:188} INFO - [2026-06-12T11:20:17.151+0000] {dag.py:3823} INFO - Setting next_dagrun for example_nested_branch_dag to 2026-06-11 00:00:00+00:00, run_after=2026-06-12 00:00:00+00:00
[2026-06-12T11:20:17.182+0000] {processor.py:183} INFO - Processing /home/airflow/.local/lib/python3.8/site-packages/airflow/example_dags/example_nested_branch_dag.py took 0.138 seconds
[2026-06-12T11:20:47.635+0000] {processor.py:161} INFO - Started process (PID=2405) to work on /home/airflow/.local/lib/python3.8/site-packages/airflow/example_dags/example_nested_branch_dag.py
[2026-06-12T11:20:47.637+0000] {processor.py:830} INFO - Processing file /home/airflow/.local/lib/python3.8/site-packages/airflow/example_dags/example_nested_branch_dag.py for tasks to queue
[2026-06-12T11:20:47.640+0000] {logging_mixin.py:188} INFO - [2026-06-12T11:20:47.639+0000] {dagbag.py:538} INFO - Filling up the DagBag from /home/airflow/.local/lib/python3.8/site-packages/airflow/example_dags/example_nested_branch_dag.py
[2026-06-12T11:20:47.660+0000] {processor.py:840} INFO - DAG(s) 'example_nested_branch_dag' retrieved from /home/airflow/.local/lib/python3.8/site-packages/airflow/example_dags/example_nested_branch_dag.py
[2026-06-12T11:20:47.705+0000] {logging_mixin.py:188} INFO - [2026-06-12T11:20:47.704+0000] {dag.py:3036} INFO - Sync 1 DAGs
[2026-06-12T11:20:47.745+0000] {logging_mixin.py:188} INFO - [2026-06-12T11:20:47.744+0000] {dag.py:3823} INFO - Setting next_dagrun for example_nested_branch_dag to 2026-06-11 00:00:00+00:00, run_after=2026-06-12 00:00:00+00:00
[2026-06-12T11:20:47.782+0000] {processor.py:183} INFO - Processing /home/airflow/.local/lib/python3.8/site-packages/airflow/example_dags/example_nested_branch_dag.py took 0.153 seconds
[2026-06-12T11:21:18.334+0000] {processor.py:161} INFO - Started process (PID=2472) to work on /home/airflow/.local/lib/python3.8/site-packages/airflow/example_dags/example_nested_branch_dag.py
[2026-06-12T11:21:18.336+0000] {processor.py:830} INFO - Processing file /home/airflow/.local/lib/python3.8/site-packages/airflow/example_dags/example_nested_branch_dag.py for tasks to queue
[2026-06-12T11:21:18.339+0000] {logging_mixin.py:188} INFO - [2026-06-12T11:21:18.338+0000] {dagbag.py:538} INFO - Filling up the DagBag from /home/airflow/.local/lib/python3.8/site-packages/airflow/example_dags/example_nested_branch_dag.py
[2026-06-12T11:21:18.359+0000] {processor.py:840} INFO - DAG(s) 'example_nested_branch_dag' retrieved from /home/airflow/.local/lib/python3.8/site-packages/airflow/example_dags/example_nested_branch_dag.py
[2026-06-12T11:21:18.406+0000] {logging_mixin.py:188} INFO - [2026-06-12T11:21:18.406+0000] {dag.py:3036} INFO - Sync 1 DAGs
[2026-06-12T11:21:18.465+0000] {logging_mixin.py:188} INFO - [2026-06-12T11:21:18.465+0000] {dag.py:3823} INFO - Setting next_dagrun for example_nested_branch_dag to 2026-06-11 00:00:00+00:00, run_after=2026-06-12 00:00:00+00:00
[2026-06-12T11:21:18.497+0000] {processor.py:183} INFO - Processing /home/airflow/.local/lib/python3.8/site-packages/airflow/example_dags/example_nested_branch_dag.py took 0.169 seconds
[2026-06-12T11:21:48.764+0000] {processor.py:161} INFO - Started process (PID=2538) to work on /home/airflow/.local/lib/python3.8/site-packages/airflow/example_dags/example_nested_branch_dag.py
[2026-06-12T11:21:48.766+0000] {processor.py:830} INFO - Processing file /home/airflow/.local/lib/python3.8/site-packages/airflow/example_dags/example_nested_branch_dag.py for tasks to queue
[2026-06-12T11:21:48.769+0000] {logging_mixin.py:188} INFO - [2026-06-12T11:21:48.768+0000] {dagbag.py:538} INFO - Filling up the DagBag from /home/airflow/.local/lib/python3.8/site-packages/airflow/example_dags/example_nested_branch_dag.py
[2026-06-12T11:21:48.790+0000] {processor.py:840} INFO - DAG(s) 'example_nested_branch_dag' retrieved from /home/airflow/.local/lib/python3.8/site-packages/airflow/example_dags/example_nested_branch_dag.py
[2026-06-12T11:21:48.840+0000] {logging_mixin.py:188} INFO - [2026-06-12T11:21:48.839+0000] {dag.py:3036} INFO - Sync 1 DAGs
[2026-06-12T11:21:48.890+0000] {logging_mixin.py:188} INFO - [2026-06-12T11:21:48.890+0000] {dag.py:3823} INFO - Setting next_dagrun for example_nested_branch_dag to 2026-06-11 00:00:00+00:00, run_after=2026-06-12 00:00:00+00:00
[2026-06-12T11:21:48.936+0000] {processor.py:183} INFO - Processing /home/airflow/.local/lib/python3.8/site-packages/airflow/example_dags/example_nested_branch_dag.py took 0.179 seconds
[2026-06-12T11:22:19.744+0000] {processor.py:161} INFO - Started process (PID=2604) to work on /home/airflow/.local/lib/python3.8/site-packages/airflow/example_dags/example_nested_branch_dag.py
[2026-06-12T11:22:19.745+0000] {processor.py:830} INFO - Processing file /home/airflow/.local/lib/python3.8/site-packages/airflow/example_dags/example_nested_branch_dag.py for tasks to queue
[2026-06-12T11:22:19.748+0000] {logging_mixin.py:188} INFO - [2026-06-12T11:22:19.748+0000] {dagbag.py:538} INFO - Filling up the DagBag from /home/airflow/.local/lib/python3.8/site-packages/airflow/example_dags/example_nested_branch_dag.py
[2026-06-12T11:22:19.767+0000] {processor.py:840} INFO - DAG(s) 'example_nested_branch_dag' retrieved from /home/airflow/.local/lib/python3.8/site-packages/airflow/example_dags/example_nested_branch_dag.py
[2026-06-12T11:22:19.812+0000] {logging_mixin.py:188} INFO - [2026-06-12T11:22:19.811+0000] {dag.py:3036} INFO - Sync 1 DAGs
[2026-06-12T11:22:19.853+0000] {logging_mixin.py:188} INFO - [2026-06-12T11:22:19.852+0000] {dag.py:3823} INFO - Setting next_dagrun for example_nested_branch_dag to 2026-06-11 00:00:00+00:00, run_after=2026-06-12 00:00:00+00:00
[2026-06-12T11:22:19.889+0000] {processor.py:183} INFO - Processing /home/airflow/.local/lib/python3.8/site-packages/airflow/example_dags/example_nested_branch_dag.py took 0.151 seconds
[2026-06-12T11:22:50.343+0000] {processor.py:161} INFO - Started process (PID=2670) to work on /home/airflow/.local/lib/python3.8/site-packages/airflow/example_dags/example_nested_branch_dag.py
[2026-06-12T11:22:50.346+0000] {processor.py:830} INFO - Processing file /home/airflow/.local/lib/python3.8/site-packages/airflow/example_dags/example_nested_branch_dag.py for tasks to queue
[2026-06-12T11:22:50.349+0000] {logging_mixin.py:188} INFO - [2026-06-12T11:22:50.348+0000] {dagbag.py:538} INFO - Filling up the DagBag from /home/airflow/.local/lib/python3.8/site-packages/airflow/example_dags/example_nested_branch_dag.py
[2026-06-12T11:22:50.371+0000] {processor.py:840} INFO - DAG(s) 'example_nested_branch_dag' retrieved from /home/airflow/.local/lib/python3.8/site-packages/airflow/example_dags/example_nested_branch_dag.py
[2026-06-12T11:22:50.433+0000] {logging_mixin.py:188} INFO - [2026-06-12T11:22:50.433+0000] {dag.py:3036} INFO - Sync 1 DAGs
[2026-06-12T11:22:50.476+0000] {logging_mixin.py:188} INFO - [2026-06-12T11:22:50.476+0000] {dag.py:3823} INFO - Setting next_dagrun for example_nested_branch_dag to 2026-06-11 00:00:00+00:00, run_after=2026-06-12 00:00:00+00:00
[2026-06-12T11:22:50.506+0000] {processor.py:183} INFO - Processing /home/airflow/.local/lib/python3.8/site-packages/airflow/example_dags/example_nested_branch_dag.py took 0.176 seconds
[2026-06-12T11:23:21.128+0000] {processor.py:161} INFO - Started process (PID=2734) to work on /home/airflow/.local/lib/python3.8/site-packages/airflow/example_dags/example_nested_branch_dag.py
[2026-06-12T11:23:21.130+0000] {processor.py:830} INFO - Processing file /home/airflow/.local/lib/python3.8/site-packages/airflow/example_dags/example_nested_branch_dag.py for tasks to queue
[2026-06-12T11:23:21.132+0000] {logging_mixin.py:188} INFO - [2026-06-12T11:23:21.132+0000] {dagbag.py:538} INFO - Filling up the DagBag from /home/airflow/.local/lib/python3.8/site-packages/airflow/example_dags/example_nested_branch_dag.py
[2026-06-12T11:23:21.149+0000] {processor.py:840} INFO - DAG(s) 'example_nested_branch_dag' retrieved from /home/airflow/.local/lib/python3.8/site-packages/airflow/example_dags/example_nested_branch_dag.py
[2026-06-12T11:23:21.193+0000] {logging_mixin.py:188} INFO - [2026-06-12T11:23:21.193+0000] {dag.py:3036} INFO - Sync 1 DAGs
[2026-06-12T11:23:21.236+0000] {logging_mixin.py:188} INFO - [2026-06-12T11:23:21.235+0000] {dag.py:3823} INFO - Setting next_dagrun for example_nested_branch_dag to 2026-06-11 00:00:00+00:00, run_after=2026-06-12 00:00:00+00:00
[2026-06-12T11:23:21.269+0000] {processor.py:183} INFO - Processing /home/airflow/.local/lib/python3.8/site-packages/airflow/example_dags/example_nested_branch_dag.py took 0.145 seconds
[2026-06-12T11:23:51.423+0000] {processor.py:161} INFO - Started process (PID=2799) to work on /home/airflow/.local/lib/python3.8/site-packages/airflow/example_dags/example_nested_branch_dag.py
[2026-06-12T11:23:51.425+0000] {processor.py:830} INFO - Processing file /home/airflow/.local/lib/python3.8/site-packages/airflow/example_dags/example_nested_branch_dag.py for tasks to queue
[2026-06-12T11:23:51.427+0000] {logging_mixin.py:188} INFO - [2026-06-12T11:23:51.427+0000] {dagbag.py:538} INFO - Filling up the DagBag from /home/airflow/.local/lib/python3.8/site-packages/airflow/example_dags/example_nested_branch_dag.py
[2026-06-12T11:23:51.443+0000] {processor.py:840} INFO - DAG(s) 'example_nested_branch_dag' retrieved from /home/airflow/.local/lib/python3.8/site-packages/airflow/example_dags/example_nested_branch_dag.py
[2026-06-12T11:23:51.480+0000] {logging_mixin.py:188} INFO - [2026-06-12T11:23:51.479+0000] {dag.py:3036} INFO - Sync 1 DAGs
[2026-06-12T11:23:51.516+0000] {logging_mixin.py:188} INFO - [2026-06-12T11:23:51.516+0000] {dag.py:3823} INFO - Setting next_dagrun for example_nested_branch_dag to 2026-06-11 00:00:00+00:00, run_after=2026-06-12 00:00:00+00:00
[2026-06-12T11:23:51.550+0000] {processor.py:183} INFO - Processing /home/airflow/.local/lib/python3.8/site-packages/airflow/example_dags/example_nested_branch_dag.py took 0.131 seconds
[2026-06-12T11:24:21.883+0000] {processor.py:161} INFO - Started process (PID=2865) to work on /home/airflow/.local/lib/python3.8/site-packages/airflow/example_dags/example_nested_branch_dag.py
[2026-06-12T11:24:21.885+0000] {processor.py:830} INFO - Processing file /home/airflow/.local/lib/python3.8/site-packages/airflow/example_dags/example_nested_branch_dag.py for tasks to queue
[2026-06-12T11:24:21.888+0000] {logging_mixin.py:188} INFO - [2026-06-12T11:24:21.887+0000] {dagbag.py:538} INFO - Filling up the DagBag from /home/airflow/.local/lib/python3.8/site-packages/airflow/example_dags/example_nested_branch_dag.py
[2026-06-12T11:24:21.903+0000] {processor.py:840} INFO - DAG(s) 'example_nested_branch_dag' retrieved from /home/airflow/.local/lib/python3.8/site-packages/airflow/example_dags/example_nested_branch_dag.py
[2026-06-12T11:24:21.940+0000] {logging_mixin.py:188} INFO - [2026-06-12T11:24:21.939+0000] {dag.py:3036} INFO - Sync 1 DAGs
[2026-06-12T11:24:21.978+0000] {logging_mixin.py:188} INFO - [2026-06-12T11:24:21.977+0000] {dag.py:3823} INFO - Setting next_dagrun for example_nested_branch_dag to 2026-06-11 00:00:00+00:00, run_after=2026-06-12 00:00:00+00:00
[2026-06-12T11:24:22.008+0000] {processor.py:183} INFO - Processing /home/airflow/.local/lib/python3.8/site-packages/airflow/example_dags/example_nested_branch_dag.py took 0.129 seconds
[2026-06-12T11:24:52.874+0000] {processor.py:161} INFO - Started process (PID=2939) to work on /home/airflow/.local/lib/python3.8/site-packages/airflow/example_dags/example_nested_branch_dag.py
[2026-06-12T11:24:52.876+0000] {processor.py:830} INFO - Processing file /home/airflow/.local/lib/python3.8/site-packages/airflow/example_dags/example_nested_branch_dag.py for tasks to queue
[2026-06-12T11:24:52.878+0000] {logging_mixin.py:188} INFO - [2026-06-12T11:24:52.878+0000] {dagbag.py:538} INFO - Filling up the DagBag from /home/airflow/.local/lib/python3.8/site-packages/airflow/example_dags/example_nested_branch_dag.py
[2026-06-12T11:24:52.897+0000] {processor.py:840} INFO - DAG(s) 'example_nested_branch_dag' retrieved from /home/airflow/.local/lib/python3.8/site-packages/airflow/example_dags/example_nested_branch_dag.py
[2026-06-12T11:24:52.949+0000] {logging_mixin.py:188} INFO - [2026-06-12T11:24:52.949+0000] {dag.py:3036} INFO - Sync 1 DAGs
[2026-06-12T11:24:52.992+0000] {logging_mixin.py:188} INFO - [2026-06-12T11:24:52.992+0000] {dag.py:3823} INFO - Setting next_dagrun for example_nested_branch_dag to 2026-06-11 00:00:00+00:00, run_after=2026-06-12 00:00:00+00:00
[2026-06-12T11:24:53.023+0000] {processor.py:183} INFO - Processing /home/airflow/.local/lib/python3.8/site-packages/airflow/example_dags/example_nested_branch_dag.py took 0.155 seconds
[2026-06-12T11:25:23.682+0000] {processor.py:161} INFO - Started process (PID=3006) to work on /home/airflow/.local/lib/python3.8/site-packages/airflow/example_dags/example_nested_branch_dag.py
[2026-06-12T11:25:23.684+0000] {processor.py:830} INFO - Processing file /home/airflow/.local/lib/python3.8/site-packages/airflow/example_dags/example_nested_branch_dag.py for tasks to queue
[2026-06-12T11:25:23.687+0000] {logging_mixin.py:188} INFO - [2026-06-12T11:25:23.687+0000] {dagbag.py:538} INFO - Filling up the DagBag from /home/airflow/.local/lib/python3.8/site-packages/airflow/example_dags/example_nested_branch_dag.py
[2026-06-12T11:25:23.707+0000] {processor.py:840} INFO - DAG(s) 'example_nested_branch_dag' retrieved from /home/airflow/.local/lib/python3.8/site-packages/airflow/example_dags/example_nested_branch_dag.py
[2026-06-12T11:25:23.753+0000] {logging_mixin.py:188} INFO - [2026-06-12T11:25:23.753+0000] {dag.py:3036} INFO - Sync 1 DAGs
[2026-06-12T11:25:23.802+0000] {logging_mixin.py:188} INFO - [2026-06-12T11:25:23.801+0000] {dag.py:3823} INFO - Setting next_dagrun for example_nested_branch_dag to 2026-06-11 00:00:00+00:00, run_after=2026-06-12 00:00:00+00:00
[2026-06-12T11:25:24.090+0000] {processor.py:183} INFO - Processing /home/airflow/.local/lib/python3.8/site-packages/airflow/example_dags/example_nested_branch_dag.py took 0.414 seconds
[2026-06-12T11:25:54.949+0000] {processor.py:161} INFO - Started process (PID=3071) to work on /home/airflow/.local/lib/python3.8/site-packages/airflow/example_dags/example_nested_branch_dag.py
[2026-06-12T11:25:54.951+0000] {processor.py:830} INFO - Processing file /home/airflow/.local/lib/python3.8/site-packages/airflow/example_dags/example_nested_branch_dag.py for tasks to queue
[2026-06-12T11:25:54.954+0000] {logging_mixin.py:188} INFO - [2026-06-12T11:25:54.953+0000] {dagbag.py:538} INFO - Filling up the DagBag from /home/airflow/.local/lib/python3.8/site-packages/airflow/example_dags/example_nested_branch_dag.py
[2026-06-12T11:25:54.974+0000] {processor.py:840} INFO - DAG(s) 'example_nested_branch_dag' retrieved from /home/airflow/.local/lib/python3.8/site-packages/airflow/example_dags/example_nested_branch_dag.py
[2026-06-12T11:25:55.018+0000] {logging_mixin.py:188} INFO - [2026-06-12T11:25:55.017+0000] {dag.py:3036} INFO - Sync 1 DAGs
[2026-06-12T11:25:55.064+0000] {logging_mixin.py:188} INFO - [2026-06-12T11:25:55.064+0000] {dag.py:3823} INFO - Setting next_dagrun for example_nested_branch_dag to 2026-06-11 00:00:00+00:00, run_after=2026-06-12 00:00:00+00:00
[2026-06-12T11:25:55.098+0000] {processor.py:183} INFO - Processing /home/airflow/.local/lib/python3.8/site-packages/airflow/example_dags/example_nested_branch_dag.py took 0.154 seconds
[2026-06-12T11:26:25.301+0000] {processor.py:161} INFO - Started process (PID=3138) to work on /home/airflow/.local/lib/python3.8/site-packages/airflow/example_dags/example_nested_branch_dag.py
[2026-06-12T11:26:25.302+0000] {processor.py:830} INFO - Processing file /home/airflow/.local/lib/python3.8/site-packages/airflow/example_dags/example_nested_branch_dag.py for tasks to queue
[2026-06-12T11:26:25.305+0000] {logging_mixin.py:188} INFO - [2026-06-12T11:26:25.305+0000] {dagbag.py:538} INFO - Filling up the DagBag from /home/airflow/.local/lib/python3.8/site-packages/airflow/example_dags/example_nested_branch_dag.py
[2026-06-12T11:26:25.321+0000] {processor.py:840} INFO - DAG(s) 'example_nested_branch_dag' retrieved from /home/airflow/.local/lib/python3.8/site-packages/airflow/example_dags/example_nested_branch_dag.py
[2026-06-12T11:26:25.362+0000] {logging_mixin.py:188} INFO - [2026-06-12T11:26:25.361+0000] {dag.py:3036} INFO - Sync 1 DAGs
[2026-06-12T11:26:25.403+0000] {logging_mixin.py:188} INFO - [2026-06-12T11:26:25.403+0000] {dag.py:3823} INFO - Setting next_dagrun for example_nested_branch_dag to 2026-06-11 00:00:00+00:00, run_after=2026-06-12 00:00:00+00:00
[2026-06-12T11:26:25.430+0000] {processor.py:183} INFO - Processing /home/airflow/.local/lib/python3.8/site-packages/airflow/example_dags/example_nested_branch_dag.py took 0.134 seconds
[2026-06-12T11:26:55.639+0000] {processor.py:161} INFO - Started process (PID=3205) to work on /home/airflow/.local/lib/python3.8/site-packages/airflow/example_dags/example_nested_branch_dag.py
[2026-06-12T11:26:55.641+0000] {processor.py:830} INFO - Processing file /home/airflow/.local/lib/python3.8/site-packages/airflow/example_dags/example_nested_branch_dag.py for tasks to queue
[2026-06-12T11:26:55.643+0000] {logging_mixin.py:188} INFO - [2026-06-12T11:26:55.643+0000] {dagbag.py:538} INFO - Filling up the DagBag from /home/airflow/.local/lib/python3.8/site-packages/airflow/example_dags/example_nested_branch_dag.py
[2026-06-12T11:26:55.661+0000] {processor.py:840} INFO - DAG(s) 'example_nested_branch_dag' retrieved from /home/airflow/.local/lib/python3.8/site-packages/airflow/example_dags/example_nested_branch_dag.py
[2026-06-12T11:26:55.901+0000] {logging_mixin.py:188} INFO - [2026-06-12T11:26:55.900+0000] {dag.py:3036} INFO - Sync 1 DAGs
[2026-06-12T11:26:55.941+0000] {logging_mixin.py:188} INFO - [2026-06-12T11:26:55.941+0000] {dag.py:3823} INFO - Setting next_dagrun for example_nested_branch_dag to 2026-06-11 00:00:00+00:00, run_after=2026-06-12 00:00:00+00:00
[2026-06-12T11:26:55.975+0000] {processor.py:183} INFO - Processing /home/airflow/.local/lib/python3.8/site-packages/airflow/example_dags/example_nested_branch_dag.py took 0.341 seconds
[2026-06-12T11:27:26.558+0000] {processor.py:161} INFO - Started process (PID=3271) to work on /home/airflow/.local/lib/python3.8/site-packages/airflow/example_dags/example_nested_branch_dag.py
[2026-06-12T11:27:26.560+0000] {processor.py:830} INFO - Processing file /home/airflow/.local/lib/python3.8/site-packages/airflow/example_dags/example_nested_branch_dag.py for tasks to queue
[2026-06-12T11:27:26.563+0000] {logging_mixin.py:188} INFO - [2026-06-12T11:27:26.562+0000] {dagbag.py:538} INFO - Filling up the DagBag from /home/airflow/.local/lib/python3.8/site-packages/airflow/example_dags/example_nested_branch_dag.py
[2026-06-12T11:27:26.578+0000] {processor.py:840} INFO - DAG(s) 'example_nested_branch_dag' retrieved from /home/airflow/.local/lib/python3.8/site-packages/airflow/example_dags/example_nested_branch_dag.py
[2026-06-12T11:27:26.619+0000] {logging_mixin.py:188} INFO - [2026-06-12T11:27:26.618+0000] {dag.py:3036} INFO - Sync 1 DAGs
[2026-06-12T11:27:26.660+0000] {logging_mixin.py:188} INFO - [2026-06-12T11:27:26.659+0000] {dag.py:3823} INFO - Setting next_dagrun for example_nested_branch_dag to 2026-06-11 00:00:00+00:00, run_after=2026-06-12 00:00:00+00:00
[2026-06-12T11:27:26.690+0000] {processor.py:183} INFO - Processing /home/airflow/.local/lib/python3.8/site-packages/airflow/example_dags/example_nested_branch_dag.py took 0.137 seconds
[2026-06-12T11:27:56.897+0000] {processor.py:161} INFO - Started process (PID=3336) to work on /home/airflow/.local/lib/python3.8/site-packages/airflow/example_dags/example_nested_branch_dag.py
[2026-06-12T11:27:56.898+0000] {processor.py:830} INFO - Processing file /home/airflow/.local/lib/python3.8/site-packages/airflow/example_dags/example_nested_branch_dag.py for tasks to queue
[2026-06-12T11:27:56.900+0000] {logging_mixin.py:188} INFO - [2026-06-12T11:27:56.900+0000] {dagbag.py:538} INFO - Filling up the DagBag from /home/airflow/.local/lib/python3.8/site-packages/airflow/example_dags/example_nested_branch_dag.py
[2026-06-12T11:27:56.917+0000] {processor.py:840} INFO - DAG(s) 'example_nested_branch_dag' retrieved from /home/airflow/.local/lib/python3.8/site-packages/airflow/example_dags/example_nested_branch_dag.py
[2026-06-12T11:27:56.955+0000] {logging_mixin.py:188} INFO - [2026-06-12T11:27:56.955+0000] {dag.py:3036} INFO - Sync 1 DAGs
[2026-06-12T11:27:56.997+0000] {logging_mixin.py:188} INFO - [2026-06-12T11:27:56.997+0000] {dag.py:3823} INFO - Setting next_dagrun for example_nested_branch_dag to 2026-06-11 00:00:00+00:00, run_after=2026-06-12 00:00:00+00:00
[2026-06-12T11:27:57.027+0000] {processor.py:183} INFO - Processing /home/airflow/.local/lib/python3.8/site-packages/airflow/example_dags/example_nested_branch_dag.py took 0.136 seconds
[2026-06-12T11:28:27.207+0000] {processor.py:161} INFO - Started process (PID=3402) to work on /home/airflow/.local/lib/python3.8/site-packages/airflow/example_dags/example_nested_branch_dag.py
[2026-06-12T11:28:27.209+0000] {processor.py:830} INFO - Processing file /home/airflow/.local/lib/python3.8/site-packages/airflow/example_dags/example_nested_branch_dag.py for tasks to queue
[2026-06-12T11:28:27.211+0000] {logging_mixin.py:188} INFO - [2026-06-12T11:28:27.211+0000] {dagbag.py:538} INFO - Filling up the DagBag from /home/airflow/.local/lib/python3.8/site-packages/airflow/example_dags/example_nested_branch_dag.py
[2026-06-12T11:28:27.230+0000] {processor.py:840} INFO - DAG(s) 'example_nested_branch_dag' retrieved from /home/airflow/.local/lib/python3.8/site-packages/airflow/example_dags/example_nested_branch_dag.py
[2026-06-12T11:28:27.268+0000] {logging_mixin.py:188} INFO - [2026-06-12T11:28:27.268+0000] {dag.py:3036} INFO - Sync 1 DAGs
[2026-06-12T11:28:27.316+0000] {logging_mixin.py:188} INFO - [2026-06-12T11:28:27.316+0000] {dag.py:3823} INFO - Setting next_dagrun for example_nested_branch_dag to 2026-06-11 00:00:00+00:00, run_after=2026-06-12 00:00:00+00:00
[2026-06-12T11:28:27.352+0000] {processor.py:183} INFO - Processing /home/airflow/.local/lib/python3.8/site-packages/airflow/example_dags/example_nested_branch_dag.py took 0.150 seconds
[2026-06-12T11:28:57.785+0000] {processor.py:161} INFO - Started process (PID=3467) to work on /home/airflow/.local/lib/python3.8/site-packages/airflow/example_dags/example_nested_branch_dag.py
[2026-06-12T11:28:57.787+0000] {processor.py:830} INFO - Processing file /home/airflow/.local/lib/python3.8/site-packages/airflow/example_dags/example_nested_branch_dag.py for tasks to queue
[2026-06-12T11:28:57.790+0000] {logging_mixin.py:188} INFO - [2026-06-12T11:28:57.789+0000] {dagbag.py:538} INFO - Filling up the DagBag from /home/airflow/.local/lib/python3.8/site-packages/airflow/example_dags/example_nested_branch_dag.py
[2026-06-12T11:28:57.810+0000] {processor.py:840} INFO - DAG(s) 'example_nested_branch_dag' retrieved from /home/airflow/.local/lib/python3.8/site-packages/airflow/example_dags/example_nested_branch_dag.py
[2026-06-12T11:28:57.852+0000] {logging_mixin.py:188} INFO - [2026-06-12T11:28:57.851+0000] {dag.py:3036} INFO - Sync 1 DAGs
[2026-06-12T11:28:57.892+0000] {logging_mixin.py:188} INFO - [2026-06-12T11:28:57.892+0000] {dag.py:3823} INFO - Setting next_dagrun for example_nested_branch_dag to 2026-06-11 00:00:00+00:00, run_after=2026-06-12 00:00:00+00:00
[2026-06-12T11:28:57.919+0000] {processor.py:183} INFO - Processing /home/airflow/.local/lib/python3.8/site-packages/airflow/example_dags/example_nested_branch_dag.py took 0.140 seconds
[2026-06-12T11:29:28.649+0000] {processor.py:161} INFO - Started process (PID=3539) to work on /home/airflow/.local/lib/python3.8/site-packages/airflow/example_dags/example_nested_branch_dag.py
[2026-06-12T11:29:28.651+0000] {processor.py:830} INFO - Processing file /home/airflow/.local/lib/python3.8/site-packages/airflow/example_dags/example_nested_branch_dag.py for tasks to queue
[2026-06-12T11:29:28.654+0000] {logging_mixin.py:188} INFO - [2026-06-12T11:29:28.654+0000] {dagbag.py:538} INFO - Filling up the DagBag from /home/airflow/.local/lib/python3.8/site-packages/airflow/example_dags/example_nested_branch_dag.py
[2026-06-12T11:29:28.672+0000] {processor.py:840} INFO - DAG(s) 'example_nested_branch_dag' retrieved from /home/airflow/.local/lib/python3.8/site-packages/airflow/example_dags/example_nested_branch_dag.py
[2026-06-12T11:29:28.729+0000] {logging_mixin.py:188} INFO - [2026-06-12T11:29:28.728+0000] {dag.py:3036} INFO - Sync 1 DAGs
[2026-06-12T11:29:28.775+0000] {logging_mixin.py:188} INFO - [2026-06-12T11:29:28.775+0000] {dag.py:3823} INFO - Setting next_dagrun for example_nested_branch_dag to 2026-06-11 00:00:00+00:00, run_after=2026-06-12 00:00:00+00:00
[2026-06-12T11:29:28.806+0000] {processor.py:183} INFO - Processing /home/airflow/.local/lib/python3.8/site-packages/airflow/example_dags/example_nested_branch_dag.py took 0.163 seconds
[2026-06-12T11:29:58.883+0000] {processor.py:161} INFO - Started process (PID=3605) to work on /home/airflow/.local/lib/python3.8/site-packages/airflow/example_dags/example_nested_branch_dag.py
[2026-06-12T11:29:58.885+0000] {processor.py:830} INFO - Processing file /home/airflow/.local/lib/python3.8/site-packages/airflow/example_dags/example_nested_branch_dag.py for tasks to queue
[2026-06-12T11:29:58.887+0000] {logging_mixin.py:188} INFO - [2026-06-12T11:29:58.887+0000] {dagbag.py:538} INFO - Filling up the DagBag from /home/airflow/.local/lib/python3.8/site-packages/airflow/example_dags/example_nested_branch_dag.py
[2026-06-12T11:29:58.904+0000] {processor.py:840} INFO - DAG(s) 'example_nested_branch_dag' retrieved from /home/airflow/.local/lib/python3.8/site-packages/airflow/example_dags/example_nested_branch_dag.py
[2026-06-12T11:29:58.946+0000] {logging_mixin.py:188} INFO - [2026-06-12T11:29:58.946+0000] {dag.py:3036} INFO - Sync 1 DAGs
[2026-06-12T11:29:58.986+0000] {logging_mixin.py:188} INFO - [2026-06-12T11:29:58.986+0000] {dag.py:3823} INFO - Setting next_dagrun for example_nested_branch_dag to 2026-06-11 00:00:00+00:00, run_after=2026-06-12 00:00:00+00:00
[2026-06-12T11:29:59.022+0000] {processor.py:183} INFO - Processing /home/airflow/.local/lib/python3.8/site-packages/airflow/example_dags/example_nested_branch_dag.py took 0.145 seconds
[2026-06-12T11:30:29.219+0000] {processor.py:161} INFO - Started process (PID=3671) to work on /home/airflow/.local/lib/python3.8/site-packages/airflow/example_dags/example_nested_branch_dag.py
[2026-06-12T11:30:29.221+0000] {processor.py:830} INFO - Processing file /home/airflow/.local/lib/python3.8/site-packages/airflow/example_dags/example_nested_branch_dag.py for tasks to queue
[2026-06-12T11:30:29.224+0000] {logging_mixin.py:188} INFO - [2026-06-12T11:30:29.223+0000] {dagbag.py:538} INFO - Filling up the DagBag from /home/airflow/.local/lib/python3.8/site-packages/airflow/example_dags/example_nested_branch_dag.py
[2026-06-12T11:30:29.252+0000] {processor.py:840} INFO - DAG(s) 'example_nested_branch_dag' retrieved from /home/airflow/.local/lib/python3.8/site-packages/airflow/example_dags/example_nested_branch_dag.py
[2026-06-12T11:30:29.296+0000] {logging_mixin.py:188} INFO - [2026-06-12T11:30:29.296+0000] {dag.py:3036} INFO - Sync 1 DAGs
[2026-06-12T11:30:29.334+0000] {logging_mixin.py:188} INFO - [2026-06-12T11:30:29.334+0000] {dag.py:3823} INFO - Setting next_dagrun for example_nested_branch_dag to 2026-06-11 00:00:00+00:00, run_after=2026-06-12 00:00:00+00:00
[2026-06-12T11:30:29.363+0000] {processor.py:183} INFO - Processing /home/airflow/.local/lib/python3.8/site-packages/airflow/example_dags/example_nested_branch_dag.py took 0.150 seconds
[2026-06-12T11:31:00.131+0000] {processor.py:161} INFO - Started process (PID=3738) to work on /home/airflow/.local/lib/python3.8/site-packages/airflow/example_dags/example_nested_branch_dag.py
[2026-06-12T11:31:00.133+0000] {processor.py:830} INFO - Processing file /home/airflow/.local/lib/python3.8/site-packages/airflow/example_dags/example_nested_branch_dag.py for tasks to queue
[2026-06-12T11:31:00.136+0000] {logging_mixin.py:188} INFO - [2026-06-12T11:31:00.135+0000] {dagbag.py:538} INFO - Filling up the DagBag from /home/airflow/.local/lib/python3.8/site-packages/airflow/example_dags/example_nested_branch_dag.py
[2026-06-12T11:31:00.157+0000] {processor.py:840} INFO - DAG(s) 'example_nested_branch_dag' retrieved from /home/airflow/.local/lib/python3.8/site-packages/airflow/example_dags/example_nested_branch_dag.py
[2026-06-12T11:31:00.203+0000] {logging_mixin.py:188} INFO - [2026-06-12T11:31:00.203+0000] {dag.py:3036} INFO - Sync 1 DAGs
[2026-06-12T11:31:00.239+0000] {logging_mixin.py:188} INFO - [2026-06-12T11:31:00.239+0000] {dag.py:3823} INFO - Setting next_dagrun for example_nested_branch_dag to 2026-06-11 00:00:00+00:00, run_after=2026-06-12 00:00:00+00:00
[2026-06-12T11:31:00.266+0000] {processor.py:183} INFO - Processing /home/airflow/.local/lib/python3.8/site-packages/airflow/example_dags/example_nested_branch_dag.py took 0.142 seconds
[2026-06-12T11:31:30.349+0000] {processor.py:161} INFO - Started process (PID=3805) to work on /home/airflow/.local/lib/python3.8/site-packages/airflow/example_dags/example_nested_branch_dag.py
[2026-06-12T11:31:30.350+0000] {processor.py:830} INFO - Processing file /home/airflow/.local/lib/python3.8/site-packages/airflow/example_dags/example_nested_branch_dag.py for tasks to queue
[2026-06-12T11:31:30.354+0000] {logging_mixin.py:188} INFO - [2026-06-12T11:31:30.353+0000] {dagbag.py:538} INFO - Filling up the DagBag from /home/airflow/.local/lib/python3.8/site-packages/airflow/example_dags/example_nested_branch_dag.py
[2026-06-12T11:31:30.371+0000] {processor.py:840} INFO - DAG(s) 'example_nested_branch_dag' retrieved from /home/airflow/.local/lib/python3.8/site-packages/airflow/example_dags/example_nested_branch_dag.py
[2026-06-12T11:31:30.415+0000] {logging_mixin.py:188} INFO - [2026-06-12T11:31:30.415+0000] {dag.py:3036} INFO - Sync 1 DAGs
[2026-06-12T11:31:30.466+0000] {logging_mixin.py:188} INFO - [2026-06-12T11:31:30.466+0000] {dag.py:3823} INFO - Setting next_dagrun for example_nested_branch_dag to 2026-06-11 00:00:00+00:00, run_after=2026-06-12 00:00:00+00:00
[2026-06-12T11:31:30.510+0000] {processor.py:183} INFO - Processing /home/airflow/.local/lib/python3.8/site-packages/airflow/example_dags/example_nested_branch_dag.py took 0.166 seconds
[2026-06-12T11:32:00.936+0000] {processor.py:161} INFO - Started process (PID=3872) to work on /home/airflow/.local/lib/python3.8/site-packages/airflow/example_dags/example_nested_branch_dag.py
[2026-06-12T11:32:00.938+0000] {processor.py:830} INFO - Processing file /home/airflow/.local/lib/python3.8/site-packages/airflow/example_dags/example_nested_branch_dag.py for tasks to queue
[2026-06-12T11:32:00.942+0000] {logging_mixin.py:188} INFO - [2026-06-12T11:32:00.942+0000] {dagbag.py:538} INFO - Filling up the DagBag from /home/airflow/.local/lib/python3.8/site-packages/airflow/example_dags/example_nested_branch_dag.py
[2026-06-12T11:32:00.963+0000] {processor.py:840} INFO - DAG(s) 'example_nested_branch_dag' retrieved from /home/airflow/.local/lib/python3.8/site-packages/airflow/example_dags/example_nested_branch_dag.py
[2026-06-12T11:32:01.010+0000] {logging_mixin.py:188} INFO - [2026-06-12T11:32:01.009+0000] {dag.py:3036} INFO - Sync 1 DAGs
[2026-06-12T11:32:01.056+0000] {logging_mixin.py:188} INFO - [2026-06-12T11:32:01.055+0000] {dag.py:3823} INFO - Setting next_dagrun for example_nested_branch_dag to 2026-06-11 00:00:00+00:00, run_after=2026-06-12 00:00:00+00:00
[2026-06-12T11:32:01.090+0000] {processor.py:183} INFO - Processing /home/airflow/.local/lib/python3.8/site-packages/airflow/example_dags/example_nested_branch_dag.py took 0.160 seconds
[2026-06-12T11:32:31.407+0000] {processor.py:161} INFO - Started process (PID=3938) to work on /home/airflow/.local/lib/python3.8/site-packages/airflow/example_dags/example_nested_branch_dag.py
[2026-06-12T11:32:31.408+0000] {processor.py:830} INFO - Processing file /home/airflow/.local/lib/python3.8/site-packages/airflow/example_dags/example_nested_branch_dag.py for tasks to queue
[2026-06-12T11:32:31.411+0000] {logging_mixin.py:188} INFO - [2026-06-12T11:32:31.411+0000] {dagbag.py:538} INFO - Filling up the DagBag from /home/airflow/.local/lib/python3.8/site-packages/airflow/example_dags/example_nested_branch_dag.py
[2026-06-12T11:32:31.433+0000] {processor.py:840} INFO - DAG(s) 'example_nested_branch_dag' retrieved from /home/airflow/.local/lib/python3.8/site-packages/airflow/example_dags/example_nested_branch_dag.py
[2026-06-12T11:32:31.475+0000] {logging_mixin.py:188} INFO - [2026-06-12T11:32:31.475+0000] {dag.py:3036} INFO - Sync 1 DAGs
[2026-06-12T11:32:31.511+0000] {logging_mixin.py:188} INFO - [2026-06-12T11:32:31.511+0000] {dag.py:3823} INFO - Setting next_dagrun for example_nested_branch_dag to 2026-06-11 00:00:00+00:00, run_after=2026-06-12 00:00:00+00:00
[2026-06-12T11:32:31.538+0000] {processor.py:183} INFO - Processing /home/airflow/.local/lib/python3.8/site-packages/airflow/example_dags/example_nested_branch_dag.py took 0.137 seconds
[2026-06-12T11:33:01.997+0000] {processor.py:161} INFO - Started process (PID=4003) to work on /home/airflow/.local/lib/python3.8/site-packages/airflow/example_dags/example_nested_branch_dag.py
[2026-06-12T11:33:01.999+0000] {processor.py:830} INFO - Processing file /home/airflow/.local/lib/python3.8/site-packages/airflow/example_dags/example_nested_branch_dag.py for tasks to queue
[2026-06-12T11:33:02.002+0000] {logging_mixin.py:188} INFO - [2026-06-12T11:33:02.001+0000] {dagbag.py:538} INFO - Filling up the DagBag from /home/airflow/.local/lib/python3.8/site-packages/airflow/example_dags/example_nested_branch_dag.py
[2026-06-12T11:33:02.020+0000] {processor.py:840} INFO - DAG(s) 'example_nested_branch_dag' retrieved from /home/airflow/.local/lib/python3.8/site-packages/airflow/example_dags/example_nested_branch_dag.py
[2026-06-12T11:33:02.082+0000] {logging_mixin.py:188} INFO - [2026-06-12T11:33:02.081+0000] {dag.py:3036} INFO - Sync 1 DAGs
[2026-06-12T11:33:02.126+0000] {logging_mixin.py:188} INFO - [2026-06-12T11:33:02.125+0000] {dag.py:3823} INFO - Setting next_dagrun for example_nested_branch_dag to 2026-06-11 00:00:00+00:00, run_after=2026-06-12 00:00:00+00:00
[2026-06-12T11:33:02.154+0000] {processor.py:183} INFO - Processing /home/airflow/.local/lib/python3.8/site-packages/airflow/example_dags/example_nested_branch_dag.py took 0.162 seconds
[2026-06-12T11:33:32.584+0000] {processor.py:161} INFO - Started process (PID=4076) to work on /home/airflow/.local/lib/python3.8/site-packages/airflow/example_dags/example_nested_branch_dag.py
[2026-06-12T11:33:32.586+0000] {processor.py:830} INFO - Processing file /home/airflow/.local/lib/python3.8/site-packages/airflow/example_dags/example_nested_branch_dag.py for tasks to queue
[2026-06-12T11:33:32.590+0000] {logging_mixin.py:188} INFO - [2026-06-12T11:33:32.590+0000] {dagbag.py:538} INFO - Filling up the DagBag from /home/airflow/.local/lib/python3.8/site-packages/airflow/example_dags/example_nested_branch_dag.py
[2026-06-12T11:33:32.612+0000] {processor.py:840} INFO - DAG(s) 'example_nested_branch_dag' retrieved from /home/airflow/.local/lib/python3.8/site-packages/airflow/example_dags/example_nested_branch_dag.py
[2026-06-12T11:33:32.656+0000] {logging_mixin.py:188} INFO - [2026-06-12T11:33:32.655+0000] {dag.py:3036} INFO - Sync 1 DAGs
[2026-06-12T11:33:32.702+0000] {logging_mixin.py:188} INFO - [2026-06-12T11:33:32.702+0000] {dag.py:3823} INFO - Setting next_dagrun for example_nested_branch_dag to 2026-06-11 00:00:00+00:00, run_after=2026-06-12 00:00:00+00:00
[2026-06-12T11:33:32.739+0000] {processor.py:183} INFO - Processing /home/airflow/.local/lib/python3.8/site-packages/airflow/example_dags/example_nested_branch_dag.py took 0.163 seconds
[2026-06-12T11:34:03.332+0000] {processor.py:161} INFO - Started process (PID=4142) to work on /home/airflow/.local/lib/python3.8/site-packages/airflow/example_dags/example_nested_branch_dag.py
[2026-06-12T11:34:03.335+0000] {processor.py:830} INFO - Processing file /home/airflow/.local/lib/python3.8/site-packages/airflow/example_dags/example_nested_branch_dag.py for tasks to queue
[2026-06-12T11:34:03.338+0000] {logging_mixin.py:188} INFO - [2026-06-12T11:34:03.337+0000] {dagbag.py:538} INFO - Filling up the DagBag from /home/airflow/.local/lib/python3.8/site-packages/airflow/example_dags/example_nested_branch_dag.py
[2026-06-12T11:34:03.354+0000] {processor.py:840} INFO - DAG(s) 'example_nested_branch_dag' retrieved from /home/airflow/.local/lib/python3.8/site-packages/airflow/example_dags/example_nested_branch_dag.py
[2026-06-12T11:34:03.393+0000] {logging_mixin.py:188} INFO - [2026-06-12T11:34:03.393+0000] {dag.py:3036} INFO - Sync 1 DAGs
[2026-06-12T11:34:03.433+0000] {logging_mixin.py:188} INFO - [2026-06-12T11:34:03.433+0000] {dag.py:3823} INFO - Setting next_dagrun for example_nested_branch_dag to 2026-06-11 00:00:00+00:00, run_after=2026-06-12 00:00:00+00:00
[2026-06-12T11:34:03.462+0000] {processor.py:183} INFO - Processing /home/airflow/.local/lib/python3.8/site-packages/airflow/example_dags/example_nested_branch_dag.py took 0.135 seconds
[2026-06-12T11:34:34.094+0000] {processor.py:161} INFO - Started process (PID=4208) to work on /home/airflow/.local/lib/python3.8/site-packages/airflow/example_dags/example_nested_branch_dag.py
[2026-06-12T11:34:34.095+0000] {processor.py:830} INFO - Processing file /home/airflow/.local/lib/python3.8/site-packages/airflow/example_dags/example_nested_branch_dag.py for tasks to queue
[2026-06-12T11:34:34.098+0000] {logging_mixin.py:188} INFO - [2026-06-12T11:34:34.098+0000] {dagbag.py:538} INFO - Filling up the DagBag from /home/airflow/.local/lib/python3.8/site-packages/airflow/example_dags/example_nested_branch_dag.py
[2026-06-12T11:34:34.115+0000] {processor.py:840} INFO - DAG(s) 'example_nested_branch_dag' retrieved from /home/airflow/.local/lib/python3.8/site-packages/airflow/example_dags/example_nested_branch_dag.py
[2026-06-12T11:34:34.158+0000] {logging_mixin.py:188} INFO - [2026-06-12T11:34:34.158+0000] {dag.py:3036} INFO - Sync 1 DAGs
[2026-06-12T11:34:34.195+0000] {logging_mixin.py:188} INFO - [2026-06-12T11:34:34.194+0000] {dag.py:3823} INFO - Setting next_dagrun for example_nested_branch_dag to 2026-06-11 00:00:00+00:00, run_after=2026-06-12 00:00:00+00:00
[2026-06-12T11:34:34.227+0000] {processor.py:183} INFO - Processing /home/airflow/.local/lib/python3.8/site-packages/airflow/example_dags/example_nested_branch_dag.py took 0.140 seconds
[2026-06-12T11:35:04.631+0000] {processor.py:161} INFO - Started process (PID=4274) to work on /home/airflow/.local/lib/python3.8/site-packages/airflow/example_dags/example_nested_branch_dag.py
[2026-06-12T11:35:04.633+0000] {processor.py:830} INFO - Processing file /home/airflow/.local/lib/python3.8/site-packages/airflow/example_dags/example_nested_branch_dag.py for tasks to queue
[2026-06-12T11:35:04.636+0000] {logging_mixin.py:188} INFO - [2026-06-12T11:35:04.635+0000] {dagbag.py:538} INFO - Filling up the DagBag from /home/airflow/.local/lib/python3.8/site-packages/airflow/example_dags/example_nested_branch_dag.py
[2026-06-12T11:35:04.656+0000] {processor.py:840} INFO - DAG(s) 'example_nested_branch_dag' retrieved from /home/airflow/.local/lib/python3.8/site-packages/airflow/example_dags/example_nested_branch_dag.py
[2026-06-12T11:35:04.703+0000] {logging_mixin.py:188} INFO - [2026-06-12T11:35:04.703+0000] {dag.py:3036} INFO - Sync 1 DAGs
[2026-06-12T11:35:04.742+0000] {logging_mixin.py:188} INFO - [2026-06-12T11:35:04.742+0000] {dag.py:3823} INFO - Setting next_dagrun for example_nested_branch_dag to 2026-06-11 00:00:00+00:00, run_after=2026-06-12 00:00:00+00:00
[2026-06-12T11:35:04.773+0000] {processor.py:183} INFO - Processing /home/airflow/.local/lib/python3.8/site-packages/airflow/example_dags/example_nested_branch_dag.py took 0.148 seconds
[2026-06-12T11:35:35.142+0000] {processor.py:161} INFO - Started process (PID=4339) to work on /home/airflow/.local/lib/python3.8/site-packages/airflow/example_dags/example_nested_branch_dag.py
[2026-06-12T11:35:35.143+0000] {processor.py:830} INFO - Processing file /home/airflow/.local/lib/python3.8/site-packages/airflow/example_dags/example_nested_branch_dag.py for tasks to queue
[2026-06-12T11:35:35.146+0000] {logging_mixin.py:188} INFO - [2026-06-12T11:35:35.145+0000] {dagbag.py:538} INFO - Filling up the DagBag from /home/airflow/.local/lib/python3.8/site-packages/airflow/example_dags/example_nested_branch_dag.py
[2026-06-12T11:35:35.165+0000] {processor.py:840} INFO - DAG(s) 'example_nested_branch_dag' retrieved from /home/airflow/.local/lib/python3.8/site-packages/airflow/example_dags/example_nested_branch_dag.py
[2026-06-12T11:35:35.202+0000] {logging_mixin.py:188} INFO - [2026-06-12T11:35:35.202+0000] {dag.py:3036} INFO - Sync 1 DAGs
[2026-06-12T11:35:35.241+0000] {logging_mixin.py:188} INFO - [2026-06-12T11:35:35.241+0000] {dag.py:3823} INFO - Setting next_dagrun for example_nested_branch_dag to 2026-06-11 00:00:00+00:00, run_after=2026-06-12 00:00:00+00:00
[2026-06-12T11:35:35.275+0000] {processor.py:183} INFO - Processing /home/airflow/.local/lib/python3.8/site-packages/airflow/example_dags/example_nested_branch_dag.py took 0.138 seconds
[2026-06-12T11:36:05.530+0000] {processor.py:161} INFO - Started process (PID=4403) to work on /home/airflow/.local/lib/python3.8/site-packages/airflow/example_dags/example_nested_branch_dag.py
[2026-06-12T11:36:05.533+0000] {processor.py:830} INFO - Processing file /home/airflow/.local/lib/python3.8/site-packages/airflow/example_dags/example_nested_branch_dag.py for tasks to queue
[2026-06-12T11:36:05.536+0000] {logging_mixin.py:188} INFO - [2026-06-12T11:36:05.535+0000] {dagbag.py:538} INFO - Filling up the DagBag from /home/airflow/.local/lib/python3.8/site-packages/airflow/example_dags/example_nested_branch_dag.py
[2026-06-12T11:36:05.554+0000] {processor.py:840} INFO - DAG(s) 'example_nested_branch_dag' retrieved from /home/airflow/.local/lib/python3.8/site-packages/airflow/example_dags/example_nested_branch_dag.py
[2026-06-12T11:36:05.595+0000] {logging_mixin.py:188} INFO - [2026-06-12T11:36:05.594+0000] {dag.py:3036} INFO - Sync 1 DAGs
[2026-06-12T11:36:05.636+0000] {logging_mixin.py:188} INFO - [2026-06-12T11:36:05.635+0000] {dag.py:3823} INFO - Setting next_dagrun for example_nested_branch_dag to 2026-06-11 00:00:00+00:00, run_after=2026-06-12 00:00:00+00:00
[2026-06-12T11:36:05.671+0000] {processor.py:183} INFO - Processing /home/airflow/.local/lib/python3.8/site-packages/airflow/example_dags/example_nested_branch_dag.py took 0.145 seconds
[2026-06-12T11:36:36.049+0000] {processor.py:161} INFO - Started process (PID=4468) to work on /home/airflow/.local/lib/python3.8/site-packages/airflow/example_dags/example_nested_branch_dag.py
[2026-06-12T11:36:36.051+0000] {processor.py:830} INFO - Processing file /home/airflow/.local/lib/python3.8/site-packages/airflow/example_dags/example_nested_branch_dag.py for tasks to queue
[2026-06-12T11:36:36.053+0000] {logging_mixin.py:188} INFO - [2026-06-12T11:36:36.053+0000] {dagbag.py:538} INFO - Filling up the DagBag from /home/airflow/.local/lib/python3.8/site-packages/airflow/example_dags/example_nested_branch_dag.py
[2026-06-12T11:36:36.071+0000] {processor.py:840} INFO - DAG(s) 'example_nested_branch_dag' retrieved from /home/airflow/.local/lib/python3.8/site-packages/airflow/example_dags/example_nested_branch_dag.py
[2026-06-12T11:36:36.110+0000] {logging_mixin.py:188} INFO - [2026-06-12T11:36:36.109+0000] {dag.py:3036} INFO - Sync 1 DAGs
[2026-06-12T11:36:36.157+0000] {logging_mixin.py:188} INFO - [2026-06-12T11:36:36.156+0000] {dag.py:3823} INFO - Setting next_dagrun for example_nested_branch_dag to 2026-06-11 00:00:00+00:00, run_after=2026-06-12 00:00:00+00:00
[2026-06-12T11:36:36.189+0000] {processor.py:183} INFO - Processing /home/airflow/.local/lib/python3.8/site-packages/airflow/example_dags/example_nested_branch_dag.py took 0.145 seconds
[2026-06-12T11:37:06.441+0000] {processor.py:161} INFO - Started process (PID=4535) to work on /home/airflow/.local/lib/python3.8/site-packages/airflow/example_dags/example_nested_branch_dag.py
[2026-06-12T11:37:06.443+0000] {processor.py:830} INFO - Processing file /home/airflow/.local/lib/python3.8/site-packages/airflow/example_dags/example_nested_branch_dag.py for tasks to queue
[2026-06-12T11:37:06.445+0000] {logging_mixin.py:188} INFO - [2026-06-12T11:37:06.445+0000] {dagbag.py:538} INFO - Filling up the DagBag from /home/airflow/.local/lib/python3.8/site-packages/airflow/example_dags/example_nested_branch_dag.py
[2026-06-12T11:37:06.463+0000] {processor.py:840} INFO - DAG(s) 'example_nested_branch_dag' retrieved from /home/airflow/.local/lib/python3.8/site-packages/airflow/example_dags/example_nested_branch_dag.py
[2026-06-12T11:37:06.507+0000] {logging_mixin.py:188} INFO - [2026-06-12T11:37:06.506+0000] {dag.py:3036} INFO - Sync 1 DAGs
[2026-06-12T11:37:06.555+0000] {logging_mixin.py:188} INFO - [2026-06-12T11:37:06.555+0000] {dag.py:3823} INFO - Setting next_dagrun for example_nested_branch_dag to 2026-06-11 00:00:00+00:00, run_after=2026-06-12 00:00:00+00:00
[2026-06-12T11:37:06.588+0000] {processor.py:183} INFO - Processing /home/airflow/.local/lib/python3.8/site-packages/airflow/example_dags/example_nested_branch_dag.py took 0.152 seconds
