[2026-06-12T11:03:01.483+0000] {processor.py:161} INFO - Started process (PID=72) to work on /home/airflow/.local/lib/python3.8/site-packages/airflow/example_dags/example_task_group.py
[2026-06-12T11:03:01.508+0000] {processor.py:830} INFO - Processing file /home/airflow/.local/lib/python3.8/site-packages/airflow/example_dags/example_task_group.py for tasks to queue
[2026-06-12T11:03:01.512+0000] {logging_mixin.py:188} INFO - [2026-06-12T11:03:01.511+0000] {dagbag.py:538} INFO - Filling up the DagBag from /home/airflow/.local/lib/python3.8/site-packages/airflow/example_dags/example_task_group.py
[2026-06-12T11:03:01.542+0000] {processor.py:840} INFO - DAG(s) 'example_task_group' retrieved from /home/airflow/.local/lib/python3.8/site-packages/airflow/example_dags/example_task_group.py
[2026-06-12T11:03:01.586+0000] {logging_mixin.py:188} INFO - [2026-06-12T11:03:01.586+0000] {dag.py:3036} INFO - Sync 1 DAGs
[2026-06-12T11:03:01.671+0000] {logging_mixin.py:188} INFO - [2026-06-12T11:03:01.670+0000] {dag.py:3823} INFO - Setting next_dagrun for example_task_group to 2026-06-11 00:00:00+00:00, run_after=2026-06-12 00:00:00+00:00
[2026-06-12T11:03:01.723+0000] {processor.py:183} INFO - Processing /home/airflow/.local/lib/python3.8/site-packages/airflow/example_dags/example_task_group.py took 0.257 seconds
[2026-06-12T11:03:32.440+0000] {processor.py:161} INFO - Started process (PID=138) to work on /home/airflow/.local/lib/python3.8/site-packages/airflow/example_dags/example_task_group.py
[2026-06-12T11:03:32.442+0000] {processor.py:830} INFO - Processing file /home/airflow/.local/lib/python3.8/site-packages/airflow/example_dags/example_task_group.py for tasks to queue
[2026-06-12T11:03:32.446+0000] {logging_mixin.py:188} INFO - [2026-06-12T11:03:32.445+0000] {dagbag.py:538} INFO - Filling up the DagBag from /home/airflow/.local/lib/python3.8/site-packages/airflow/example_dags/example_task_group.py
[2026-06-12T11:03:32.482+0000] {processor.py:840} INFO - DAG(s) 'example_task_group' retrieved from /home/airflow/.local/lib/python3.8/site-packages/airflow/example_dags/example_task_group.py
[2026-06-12T11:03:32.691+0000] {logging_mixin.py:188} INFO - [2026-06-12T11:03:32.690+0000] {dag.py:3036} INFO - Sync 1 DAGs
[2026-06-12T11:03:32.730+0000] {logging_mixin.py:188} INFO - [2026-06-12T11:03:32.730+0000] {dag.py:3823} INFO - Setting next_dagrun for example_task_group to 2026-06-11 00:00:00+00:00, run_after=2026-06-12 00:00:00+00:00
[2026-06-12T11:03:32.764+0000] {processor.py:183} INFO - Processing /home/airflow/.local/lib/python3.8/site-packages/airflow/example_dags/example_task_group.py took 0.368 seconds
[2026-06-12T11:04:03.119+0000] {processor.py:161} INFO - Started process (PID=204) to work on /home/airflow/.local/lib/python3.8/site-packages/airflow/example_dags/example_task_group.py
[2026-06-12T11:04:03.121+0000] {processor.py:830} INFO - Processing file /home/airflow/.local/lib/python3.8/site-packages/airflow/example_dags/example_task_group.py for tasks to queue
[2026-06-12T11:04:03.124+0000] {logging_mixin.py:188} INFO - [2026-06-12T11:04:03.123+0000] {dagbag.py:538} INFO - Filling up the DagBag from /home/airflow/.local/lib/python3.8/site-packages/airflow/example_dags/example_task_group.py
[2026-06-12T11:04:03.136+0000] {processor.py:840} INFO - DAG(s) 'example_task_group' retrieved from /home/airflow/.local/lib/python3.8/site-packages/airflow/example_dags/example_task_group.py
[2026-06-12T11:04:03.181+0000] {logging_mixin.py:188} INFO - [2026-06-12T11:04:03.181+0000] {dag.py:3036} INFO - Sync 1 DAGs
[2026-06-12T11:04:03.221+0000] {logging_mixin.py:188} INFO - [2026-06-12T11:04:03.220+0000] {dag.py:3823} INFO - Setting next_dagrun for example_task_group to 2026-06-11 00:00:00+00:00, run_after=2026-06-12 00:00:00+00:00
[2026-06-12T11:04:03.251+0000] {processor.py:183} INFO - Processing /home/airflow/.local/lib/python3.8/site-packages/airflow/example_dags/example_task_group.py took 0.137 seconds
[2026-06-12T11:04:33.867+0000] {processor.py:161} INFO - Started process (PID=271) to work on /home/airflow/.local/lib/python3.8/site-packages/airflow/example_dags/example_task_group.py
[2026-06-12T11:04:33.869+0000] {processor.py:830} INFO - Processing file /home/airflow/.local/lib/python3.8/site-packages/airflow/example_dags/example_task_group.py for tasks to queue
[2026-06-12T11:04:33.871+0000] {logging_mixin.py:188} INFO - [2026-06-12T11:04:33.871+0000] {dagbag.py:538} INFO - Filling up the DagBag from /home/airflow/.local/lib/python3.8/site-packages/airflow/example_dags/example_task_group.py
[2026-06-12T11:04:33.882+0000] {processor.py:840} INFO - DAG(s) 'example_task_group' retrieved from /home/airflow/.local/lib/python3.8/site-packages/airflow/example_dags/example_task_group.py
[2026-06-12T11:04:33.925+0000] {logging_mixin.py:188} INFO - [2026-06-12T11:04:33.924+0000] {dag.py:3036} INFO - Sync 1 DAGs
[2026-06-12T11:04:33.962+0000] {logging_mixin.py:188} INFO - [2026-06-12T11:04:33.961+0000] {dag.py:3823} INFO - Setting next_dagrun for example_task_group to 2026-06-11 00:00:00+00:00, run_after=2026-06-12 00:00:00+00:00
[2026-06-12T11:04:33.991+0000] {processor.py:183} INFO - Processing /home/airflow/.local/lib/python3.8/site-packages/airflow/example_dags/example_task_group.py took 0.128 seconds
[2026-06-12T11:05:04.322+0000] {processor.py:161} INFO - Started process (PID=337) to work on /home/airflow/.local/lib/python3.8/site-packages/airflow/example_dags/example_task_group.py
[2026-06-12T11:05:04.324+0000] {processor.py:830} INFO - Processing file /home/airflow/.local/lib/python3.8/site-packages/airflow/example_dags/example_task_group.py for tasks to queue
[2026-06-12T11:05:04.328+0000] {logging_mixin.py:188} INFO - [2026-06-12T11:05:04.327+0000] {dagbag.py:538} INFO - Filling up the DagBag from /home/airflow/.local/lib/python3.8/site-packages/airflow/example_dags/example_task_group.py
[2026-06-12T11:05:04.342+0000] {processor.py:840} INFO - DAG(s) 'example_task_group' retrieved from /home/airflow/.local/lib/python3.8/site-packages/airflow/example_dags/example_task_group.py
[2026-06-12T11:05:04.386+0000] {logging_mixin.py:188} INFO - [2026-06-12T11:05:04.385+0000] {dag.py:3036} INFO - Sync 1 DAGs
[2026-06-12T11:05:04.427+0000] {logging_mixin.py:188} INFO - [2026-06-12T11:05:04.427+0000] {dag.py:3823} INFO - Setting next_dagrun for example_task_group to 2026-06-11 00:00:00+00:00, run_after=2026-06-12 00:00:00+00:00
[2026-06-12T11:05:04.458+0000] {processor.py:183} INFO - Processing /home/airflow/.local/lib/python3.8/site-packages/airflow/example_dags/example_task_group.py took 0.141 seconds
[2026-06-12T11:05:34.777+0000] {processor.py:161} INFO - Started process (PID=403) to work on /home/airflow/.local/lib/python3.8/site-packages/airflow/example_dags/example_task_group.py
[2026-06-12T11:05:34.780+0000] {processor.py:830} INFO - Processing file /home/airflow/.local/lib/python3.8/site-packages/airflow/example_dags/example_task_group.py for tasks to queue
[2026-06-12T11:05:34.782+0000] {logging_mixin.py:188} INFO - [2026-06-12T11:05:34.782+0000] {dagbag.py:538} INFO - Filling up the DagBag from /home/airflow/.local/lib/python3.8/site-packages/airflow/example_dags/example_task_group.py
[2026-06-12T11:05:34.794+0000] {processor.py:840} INFO - DAG(s) 'example_task_group' retrieved from /home/airflow/.local/lib/python3.8/site-packages/airflow/example_dags/example_task_group.py
[2026-06-12T11:05:34.838+0000] {logging_mixin.py:188} INFO - [2026-06-12T11:05:34.837+0000] {dag.py:3036} INFO - Sync 1 DAGs
[2026-06-12T11:05:34.879+0000] {logging_mixin.py:188} INFO - [2026-06-12T11:05:34.878+0000] {dag.py:3823} INFO - Setting next_dagrun for example_task_group to 2026-06-11 00:00:00+00:00, run_after=2026-06-12 00:00:00+00:00
[2026-06-12T11:05:34.913+0000] {processor.py:183} INFO - Processing /home/airflow/.local/lib/python3.8/site-packages/airflow/example_dags/example_task_group.py took 0.141 seconds
[2026-06-12T11:06:05.301+0000] {processor.py:161} INFO - Started process (PID=469) to work on /home/airflow/.local/lib/python3.8/site-packages/airflow/example_dags/example_task_group.py
[2026-06-12T11:06:05.303+0000] {processor.py:830} INFO - Processing file /home/airflow/.local/lib/python3.8/site-packages/airflow/example_dags/example_task_group.py for tasks to queue
[2026-06-12T11:06:05.306+0000] {logging_mixin.py:188} INFO - [2026-06-12T11:06:05.305+0000] {dagbag.py:538} INFO - Filling up the DagBag from /home/airflow/.local/lib/python3.8/site-packages/airflow/example_dags/example_task_group.py
[2026-06-12T11:06:05.319+0000] {processor.py:840} INFO - DAG(s) 'example_task_group' retrieved from /home/airflow/.local/lib/python3.8/site-packages/airflow/example_dags/example_task_group.py
[2026-06-12T11:06:05.364+0000] {logging_mixin.py:188} INFO - [2026-06-12T11:06:05.363+0000] {dag.py:3036} INFO - Sync 1 DAGs
[2026-06-12T11:06:05.407+0000] {logging_mixin.py:188} INFO - [2026-06-12T11:06:05.407+0000] {dag.py:3823} INFO - Setting next_dagrun for example_task_group to 2026-06-11 00:00:00+00:00, run_after=2026-06-12 00:00:00+00:00
[2026-06-12T11:06:05.437+0000] {processor.py:183} INFO - Processing /home/airflow/.local/lib/python3.8/site-packages/airflow/example_dags/example_task_group.py took 0.142 seconds
[2026-06-12T11:06:35.666+0000] {processor.py:161} INFO - Started process (PID=534) to work on /home/airflow/.local/lib/python3.8/site-packages/airflow/example_dags/example_task_group.py
[2026-06-12T11:06:35.668+0000] {processor.py:830} INFO - Processing file /home/airflow/.local/lib/python3.8/site-packages/airflow/example_dags/example_task_group.py for tasks to queue
[2026-06-12T11:06:35.671+0000] {logging_mixin.py:188} INFO - [2026-06-12T11:06:35.670+0000] {dagbag.py:538} INFO - Filling up the DagBag from /home/airflow/.local/lib/python3.8/site-packages/airflow/example_dags/example_task_group.py
[2026-06-12T11:06:35.686+0000] {processor.py:840} INFO - DAG(s) 'example_task_group' retrieved from /home/airflow/.local/lib/python3.8/site-packages/airflow/example_dags/example_task_group.py
[2026-06-12T11:06:35.749+0000] {logging_mixin.py:188} INFO - [2026-06-12T11:06:35.749+0000] {dag.py:3036} INFO - Sync 1 DAGs
[2026-06-12T11:06:35.793+0000] {logging_mixin.py:188} INFO - [2026-06-12T11:06:35.793+0000] {dag.py:3823} INFO - Setting next_dagrun for example_task_group to 2026-06-11 00:00:00+00:00, run_after=2026-06-12 00:00:00+00:00
[2026-06-12T11:06:35.848+0000] {processor.py:183} INFO - Processing /home/airflow/.local/lib/python3.8/site-packages/airflow/example_dags/example_task_group.py took 0.188 seconds
[2026-06-12T11:07:06.318+0000] {processor.py:161} INFO - Started process (PID=606) to work on /home/airflow/.local/lib/python3.8/site-packages/airflow/example_dags/example_task_group.py
[2026-06-12T11:07:06.320+0000] {processor.py:830} INFO - Processing file /home/airflow/.local/lib/python3.8/site-packages/airflow/example_dags/example_task_group.py for tasks to queue
[2026-06-12T11:07:06.322+0000] {logging_mixin.py:188} INFO - [2026-06-12T11:07:06.322+0000] {dagbag.py:538} INFO - Filling up the DagBag from /home/airflow/.local/lib/python3.8/site-packages/airflow/example_dags/example_task_group.py
[2026-06-12T11:07:06.333+0000] {processor.py:840} INFO - DAG(s) 'example_task_group' retrieved from /home/airflow/.local/lib/python3.8/site-packages/airflow/example_dags/example_task_group.py
[2026-06-12T11:07:06.370+0000] {logging_mixin.py:188} INFO - [2026-06-12T11:07:06.369+0000] {dag.py:3036} INFO - Sync 1 DAGs
[2026-06-12T11:07:06.408+0000] {logging_mixin.py:188} INFO - [2026-06-12T11:07:06.407+0000] {dag.py:3823} INFO - Setting next_dagrun for example_task_group to 2026-06-11 00:00:00+00:00, run_after=2026-06-12 00:00:00+00:00
[2026-06-12T11:07:06.437+0000] {processor.py:183} INFO - Processing /home/airflow/.local/lib/python3.8/site-packages/airflow/example_dags/example_task_group.py took 0.124 seconds
[2026-06-12T11:07:36.484+0000] {processor.py:161} INFO - Started process (PID=672) to work on /home/airflow/.local/lib/python3.8/site-packages/airflow/example_dags/example_task_group.py
[2026-06-12T11:07:36.485+0000] {processor.py:830} INFO - Processing file /home/airflow/.local/lib/python3.8/site-packages/airflow/example_dags/example_task_group.py for tasks to queue
[2026-06-12T11:07:36.488+0000] {logging_mixin.py:188} INFO - [2026-06-12T11:07:36.487+0000] {dagbag.py:538} INFO - Filling up the DagBag from /home/airflow/.local/lib/python3.8/site-packages/airflow/example_dags/example_task_group.py
[2026-06-12T11:07:36.500+0000] {processor.py:840} INFO - DAG(s) 'example_task_group' retrieved from /home/airflow/.local/lib/python3.8/site-packages/airflow/example_dags/example_task_group.py
[2026-06-12T11:07:36.539+0000] {logging_mixin.py:188} INFO - [2026-06-12T11:07:36.538+0000] {dag.py:3036} INFO - Sync 1 DAGs
[2026-06-12T11:07:36.573+0000] {logging_mixin.py:188} INFO - [2026-06-12T11:07:36.573+0000] {dag.py:3823} INFO - Setting next_dagrun for example_task_group to 2026-06-11 00:00:00+00:00, run_after=2026-06-12 00:00:00+00:00
[2026-06-12T11:07:36.601+0000] {processor.py:183} INFO - Processing /home/airflow/.local/lib/python3.8/site-packages/airflow/example_dags/example_task_group.py took 0.122 seconds
[2026-06-12T11:08:06.698+0000] {processor.py:161} INFO - Started process (PID=738) to work on /home/airflow/.local/lib/python3.8/site-packages/airflow/example_dags/example_task_group.py
[2026-06-12T11:08:06.700+0000] {processor.py:830} INFO - Processing file /home/airflow/.local/lib/python3.8/site-packages/airflow/example_dags/example_task_group.py for tasks to queue
[2026-06-12T11:08:06.702+0000] {logging_mixin.py:188} INFO - [2026-06-12T11:08:06.702+0000] {dagbag.py:538} INFO - Filling up the DagBag from /home/airflow/.local/lib/python3.8/site-packages/airflow/example_dags/example_task_group.py
[2026-06-12T11:08:06.714+0000] {processor.py:840} INFO - DAG(s) 'example_task_group' retrieved from /home/airflow/.local/lib/python3.8/site-packages/airflow/example_dags/example_task_group.py
[2026-06-12T11:08:06.751+0000] {logging_mixin.py:188} INFO - [2026-06-12T11:08:06.751+0000] {dag.py:3036} INFO - Sync 1 DAGs
[2026-06-12T11:08:06.785+0000] {logging_mixin.py:188} INFO - [2026-06-12T11:08:06.784+0000] {dag.py:3823} INFO - Setting next_dagrun for example_task_group to 2026-06-11 00:00:00+00:00, run_after=2026-06-12 00:00:00+00:00
[2026-06-12T11:08:06.810+0000] {processor.py:183} INFO - Processing /home/airflow/.local/lib/python3.8/site-packages/airflow/example_dags/example_task_group.py took 0.117 seconds
[2026-06-12T11:08:37.116+0000] {processor.py:161} INFO - Started process (PID=805) to work on /home/airflow/.local/lib/python3.8/site-packages/airflow/example_dags/example_task_group.py
[2026-06-12T11:08:37.117+0000] {processor.py:830} INFO - Processing file /home/airflow/.local/lib/python3.8/site-packages/airflow/example_dags/example_task_group.py for tasks to queue
[2026-06-12T11:08:37.120+0000] {logging_mixin.py:188} INFO - [2026-06-12T11:08:37.119+0000] {dagbag.py:538} INFO - Filling up the DagBag from /home/airflow/.local/lib/python3.8/site-packages/airflow/example_dags/example_task_group.py
[2026-06-12T11:08:37.132+0000] {processor.py:840} INFO - DAG(s) 'example_task_group' retrieved from /home/airflow/.local/lib/python3.8/site-packages/airflow/example_dags/example_task_group.py
[2026-06-12T11:08:37.171+0000] {logging_mixin.py:188} INFO - [2026-06-12T11:08:37.170+0000] {dag.py:3036} INFO - Sync 1 DAGs
[2026-06-12T11:08:37.206+0000] {logging_mixin.py:188} INFO - [2026-06-12T11:08:37.206+0000] {dag.py:3823} INFO - Setting next_dagrun for example_task_group to 2026-06-11 00:00:00+00:00, run_after=2026-06-12 00:00:00+00:00
[2026-06-12T11:08:37.234+0000] {processor.py:183} INFO - Processing /home/airflow/.local/lib/python3.8/site-packages/airflow/example_dags/example_task_group.py took 0.122 seconds
[2026-06-12T11:09:07.668+0000] {processor.py:161} INFO - Started process (PID=870) to work on /home/airflow/.local/lib/python3.8/site-packages/airflow/example_dags/example_task_group.py
[2026-06-12T11:09:07.670+0000] {processor.py:830} INFO - Processing file /home/airflow/.local/lib/python3.8/site-packages/airflow/example_dags/example_task_group.py for tasks to queue
[2026-06-12T11:09:07.673+0000] {logging_mixin.py:188} INFO - [2026-06-12T11:09:07.672+0000] {dagbag.py:538} INFO - Filling up the DagBag from /home/airflow/.local/lib/python3.8/site-packages/airflow/example_dags/example_task_group.py
[2026-06-12T11:09:07.683+0000] {processor.py:840} INFO - DAG(s) 'example_task_group' retrieved from /home/airflow/.local/lib/python3.8/site-packages/airflow/example_dags/example_task_group.py
[2026-06-12T11:09:07.720+0000] {logging_mixin.py:188} INFO - [2026-06-12T11:09:07.719+0000] {dag.py:3036} INFO - Sync 1 DAGs
[2026-06-12T11:09:07.756+0000] {logging_mixin.py:188} INFO - [2026-06-12T11:09:07.755+0000] {dag.py:3823} INFO - Setting next_dagrun for example_task_group to 2026-06-11 00:00:00+00:00, run_after=2026-06-12 00:00:00+00:00
[2026-06-12T11:09:07.787+0000] {processor.py:183} INFO - Processing /home/airflow/.local/lib/python3.8/site-packages/airflow/example_dags/example_task_group.py took 0.124 seconds
[2026-06-12T11:09:38.291+0000] {processor.py:161} INFO - Started process (PID=937) to work on /home/airflow/.local/lib/python3.8/site-packages/airflow/example_dags/example_task_group.py
[2026-06-12T11:09:38.292+0000] {processor.py:830} INFO - Processing file /home/airflow/.local/lib/python3.8/site-packages/airflow/example_dags/example_task_group.py for tasks to queue
[2026-06-12T11:09:38.296+0000] {logging_mixin.py:188} INFO - [2026-06-12T11:09:38.295+0000] {dagbag.py:538} INFO - Filling up the DagBag from /home/airflow/.local/lib/python3.8/site-packages/airflow/example_dags/example_task_group.py
[2026-06-12T11:09:38.316+0000] {processor.py:840} INFO - DAG(s) 'example_task_group' retrieved from /home/airflow/.local/lib/python3.8/site-packages/airflow/example_dags/example_task_group.py
[2026-06-12T11:09:38.378+0000] {logging_mixin.py:188} INFO - [2026-06-12T11:09:38.377+0000] {dag.py:3036} INFO - Sync 1 DAGs
[2026-06-12T11:09:38.433+0000] {logging_mixin.py:188} INFO - [2026-06-12T11:09:38.433+0000] {dag.py:3823} INFO - Setting next_dagrun for example_task_group to 2026-06-11 00:00:00+00:00, run_after=2026-06-12 00:00:00+00:00
[2026-06-12T11:09:38.475+0000] {processor.py:183} INFO - Processing /home/airflow/.local/lib/python3.8/site-packages/airflow/example_dags/example_task_group.py took 0.190 seconds
[2026-06-12T11:10:08.542+0000] {processor.py:161} INFO - Started process (PID=1002) to work on /home/airflow/.local/lib/python3.8/site-packages/airflow/example_dags/example_task_group.py
[2026-06-12T11:10:08.544+0000] {processor.py:830} INFO - Processing file /home/airflow/.local/lib/python3.8/site-packages/airflow/example_dags/example_task_group.py for tasks to queue
[2026-06-12T11:10:08.547+0000] {logging_mixin.py:188} INFO - [2026-06-12T11:10:08.547+0000] {dagbag.py:538} INFO - Filling up the DagBag from /home/airflow/.local/lib/python3.8/site-packages/airflow/example_dags/example_task_group.py
[2026-06-12T11:10:08.559+0000] {processor.py:840} INFO - DAG(s) 'example_task_group' retrieved from /home/airflow/.local/lib/python3.8/site-packages/airflow/example_dags/example_task_group.py
[2026-06-12T11:10:08.597+0000] {logging_mixin.py:188} INFO - [2026-06-12T11:10:08.596+0000] {dag.py:3036} INFO - Sync 1 DAGs
[2026-06-12T11:10:08.636+0000] {logging_mixin.py:188} INFO - [2026-06-12T11:10:08.636+0000] {dag.py:3823} INFO - Setting next_dagrun for example_task_group to 2026-06-11 00:00:00+00:00, run_after=2026-06-12 00:00:00+00:00
[2026-06-12T11:10:08.666+0000] {processor.py:183} INFO - Processing /home/airflow/.local/lib/python3.8/site-packages/airflow/example_dags/example_task_group.py took 0.129 seconds
[2026-06-12T11:10:38.967+0000] {processor.py:161} INFO - Started process (PID=1067) to work on /home/airflow/.local/lib/python3.8/site-packages/airflow/example_dags/example_task_group.py
[2026-06-12T11:10:38.969+0000] {processor.py:830} INFO - Processing file /home/airflow/.local/lib/python3.8/site-packages/airflow/example_dags/example_task_group.py for tasks to queue
[2026-06-12T11:10:38.971+0000] {logging_mixin.py:188} INFO - [2026-06-12T11:10:38.971+0000] {dagbag.py:538} INFO - Filling up the DagBag from /home/airflow/.local/lib/python3.8/site-packages/airflow/example_dags/example_task_group.py
[2026-06-12T11:10:38.984+0000] {processor.py:840} INFO - DAG(s) 'example_task_group' retrieved from /home/airflow/.local/lib/python3.8/site-packages/airflow/example_dags/example_task_group.py
[2026-06-12T11:10:39.045+0000] {logging_mixin.py:188} INFO - [2026-06-12T11:10:39.044+0000] {dag.py:3036} INFO - Sync 1 DAGs
[2026-06-12T11:10:39.093+0000] {logging_mixin.py:188} INFO - [2026-06-12T11:10:39.093+0000] {dag.py:3823} INFO - Setting next_dagrun for example_task_group to 2026-06-11 00:00:00+00:00, run_after=2026-06-12 00:00:00+00:00
[2026-06-12T11:10:39.123+0000] {processor.py:183} INFO - Processing /home/airflow/.local/lib/python3.8/site-packages/airflow/example_dags/example_task_group.py took 0.161 seconds
[2026-06-12T11:11:09.321+0000] {processor.py:161} INFO - Started process (PID=1141) to work on /home/airflow/.local/lib/python3.8/site-packages/airflow/example_dags/example_task_group.py
[2026-06-12T11:11:09.323+0000] {processor.py:830} INFO - Processing file /home/airflow/.local/lib/python3.8/site-packages/airflow/example_dags/example_task_group.py for tasks to queue
[2026-06-12T11:11:09.326+0000] {logging_mixin.py:188} INFO - [2026-06-12T11:11:09.326+0000] {dagbag.py:538} INFO - Filling up the DagBag from /home/airflow/.local/lib/python3.8/site-packages/airflow/example_dags/example_task_group.py
[2026-06-12T11:11:09.346+0000] {processor.py:840} INFO - DAG(s) 'example_task_group' retrieved from /home/airflow/.local/lib/python3.8/site-packages/airflow/example_dags/example_task_group.py
[2026-06-12T11:11:09.393+0000] {logging_mixin.py:188} INFO - [2026-06-12T11:11:09.393+0000] {dag.py:3036} INFO - Sync 1 DAGs
[2026-06-12T11:11:09.437+0000] {logging_mixin.py:188} INFO - [2026-06-12T11:11:09.436+0000] {dag.py:3823} INFO - Setting next_dagrun for example_task_group to 2026-06-11 00:00:00+00:00, run_after=2026-06-12 00:00:00+00:00
[2026-06-12T11:11:09.468+0000] {processor.py:183} INFO - Processing /home/airflow/.local/lib/python3.8/site-packages/airflow/example_dags/example_task_group.py took 0.162 seconds
[2026-06-12T11:11:39.739+0000] {processor.py:161} INFO - Started process (PID=1208) to work on /home/airflow/.local/lib/python3.8/site-packages/airflow/example_dags/example_task_group.py
[2026-06-12T11:11:39.741+0000] {processor.py:830} INFO - Processing file /home/airflow/.local/lib/python3.8/site-packages/airflow/example_dags/example_task_group.py for tasks to queue
[2026-06-12T11:11:39.744+0000] {logging_mixin.py:188} INFO - [2026-06-12T11:11:39.743+0000] {dagbag.py:538} INFO - Filling up the DagBag from /home/airflow/.local/lib/python3.8/site-packages/airflow/example_dags/example_task_group.py
[2026-06-12T11:11:39.755+0000] {processor.py:840} INFO - DAG(s) 'example_task_group' retrieved from /home/airflow/.local/lib/python3.8/site-packages/airflow/example_dags/example_task_group.py
[2026-06-12T11:11:39.802+0000] {logging_mixin.py:188} INFO - [2026-06-12T11:11:39.802+0000] {dag.py:3036} INFO - Sync 1 DAGs
[2026-06-12T11:11:39.845+0000] {logging_mixin.py:188} INFO - [2026-06-12T11:11:39.844+0000] {dag.py:3823} INFO - Setting next_dagrun for example_task_group to 2026-06-11 00:00:00+00:00, run_after=2026-06-12 00:00:00+00:00
[2026-06-12T11:11:39.878+0000] {processor.py:183} INFO - Processing /home/airflow/.local/lib/python3.8/site-packages/airflow/example_dags/example_task_group.py took 0.144 seconds
[2026-06-12T11:12:10.001+0000] {processor.py:161} INFO - Started process (PID=1274) to work on /home/airflow/.local/lib/python3.8/site-packages/airflow/example_dags/example_task_group.py
[2026-06-12T11:12:10.003+0000] {processor.py:830} INFO - Processing file /home/airflow/.local/lib/python3.8/site-packages/airflow/example_dags/example_task_group.py for tasks to queue
[2026-06-12T11:12:10.006+0000] {logging_mixin.py:188} INFO - [2026-06-12T11:12:10.005+0000] {dagbag.py:538} INFO - Filling up the DagBag from /home/airflow/.local/lib/python3.8/site-packages/airflow/example_dags/example_task_group.py
[2026-06-12T11:12:10.018+0000] {processor.py:840} INFO - DAG(s) 'example_task_group' retrieved from /home/airflow/.local/lib/python3.8/site-packages/airflow/example_dags/example_task_group.py
[2026-06-12T11:12:10.064+0000] {logging_mixin.py:188} INFO - [2026-06-12T11:12:10.064+0000] {dag.py:3036} INFO - Sync 1 DAGs
[2026-06-12T11:12:10.106+0000] {logging_mixin.py:188} INFO - [2026-06-12T11:12:10.105+0000] {dag.py:3823} INFO - Setting next_dagrun for example_task_group to 2026-06-11 00:00:00+00:00, run_after=2026-06-12 00:00:00+00:00
[2026-06-12T11:12:10.136+0000] {processor.py:183} INFO - Processing /home/airflow/.local/lib/python3.8/site-packages/airflow/example_dags/example_task_group.py took 0.141 seconds
[2026-06-12T11:12:40.425+0000] {processor.py:161} INFO - Started process (PID=1341) to work on /home/airflow/.local/lib/python3.8/site-packages/airflow/example_dags/example_task_group.py
[2026-06-12T11:12:40.427+0000] {processor.py:830} INFO - Processing file /home/airflow/.local/lib/python3.8/site-packages/airflow/example_dags/example_task_group.py for tasks to queue
[2026-06-12T11:12:40.430+0000] {logging_mixin.py:188} INFO - [2026-06-12T11:12:40.429+0000] {dagbag.py:538} INFO - Filling up the DagBag from /home/airflow/.local/lib/python3.8/site-packages/airflow/example_dags/example_task_group.py
[2026-06-12T11:12:40.441+0000] {processor.py:840} INFO - DAG(s) 'example_task_group' retrieved from /home/airflow/.local/lib/python3.8/site-packages/airflow/example_dags/example_task_group.py
[2026-06-12T11:12:40.487+0000] {logging_mixin.py:188} INFO - [2026-06-12T11:12:40.486+0000] {dag.py:3036} INFO - Sync 1 DAGs
[2026-06-12T11:12:40.540+0000] {logging_mixin.py:188} INFO - [2026-06-12T11:12:40.539+0000] {dag.py:3823} INFO - Setting next_dagrun for example_task_group to 2026-06-11 00:00:00+00:00, run_after=2026-06-12 00:00:00+00:00
[2026-06-12T11:12:40.591+0000] {processor.py:183} INFO - Processing /home/airflow/.local/lib/python3.8/site-packages/airflow/example_dags/example_task_group.py took 0.170 seconds
[2026-06-12T11:13:11.014+0000] {processor.py:161} INFO - Started process (PID=1407) to work on /home/airflow/.local/lib/python3.8/site-packages/airflow/example_dags/example_task_group.py
[2026-06-12T11:13:11.016+0000] {processor.py:830} INFO - Processing file /home/airflow/.local/lib/python3.8/site-packages/airflow/example_dags/example_task_group.py for tasks to queue
[2026-06-12T11:13:11.019+0000] {logging_mixin.py:188} INFO - [2026-06-12T11:13:11.018+0000] {dagbag.py:538} INFO - Filling up the DagBag from /home/airflow/.local/lib/python3.8/site-packages/airflow/example_dags/example_task_group.py
[2026-06-12T11:13:11.030+0000] {processor.py:840} INFO - DAG(s) 'example_task_group' retrieved from /home/airflow/.local/lib/python3.8/site-packages/airflow/example_dags/example_task_group.py
[2026-06-12T11:13:11.073+0000] {logging_mixin.py:188} INFO - [2026-06-12T11:13:11.072+0000] {dag.py:3036} INFO - Sync 1 DAGs
[2026-06-12T11:13:11.108+0000] {logging_mixin.py:188} INFO - [2026-06-12T11:13:11.108+0000] {dag.py:3823} INFO - Setting next_dagrun for example_task_group to 2026-06-11 00:00:00+00:00, run_after=2026-06-12 00:00:00+00:00
[2026-06-12T11:13:11.140+0000] {processor.py:183} INFO - Processing /home/airflow/.local/lib/python3.8/site-packages/airflow/example_dags/example_task_group.py took 0.131 seconds
[2026-06-12T11:13:41.677+0000] {processor.py:161} INFO - Started process (PID=1473) to work on /home/airflow/.local/lib/python3.8/site-packages/airflow/example_dags/example_task_group.py
[2026-06-12T11:13:41.679+0000] {processor.py:830} INFO - Processing file /home/airflow/.local/lib/python3.8/site-packages/airflow/example_dags/example_task_group.py for tasks to queue
[2026-06-12T11:13:41.683+0000] {logging_mixin.py:188} INFO - [2026-06-12T11:13:41.682+0000] {dagbag.py:538} INFO - Filling up the DagBag from /home/airflow/.local/lib/python3.8/site-packages/airflow/example_dags/example_task_group.py
[2026-06-12T11:13:41.696+0000] {processor.py:840} INFO - DAG(s) 'example_task_group' retrieved from /home/airflow/.local/lib/python3.8/site-packages/airflow/example_dags/example_task_group.py
[2026-06-12T11:13:41.734+0000] {logging_mixin.py:188} INFO - [2026-06-12T11:13:41.734+0000] {dag.py:3036} INFO - Sync 1 DAGs
[2026-06-12T11:13:41.772+0000] {logging_mixin.py:188} INFO - [2026-06-12T11:13:41.771+0000] {dag.py:3823} INFO - Setting next_dagrun for example_task_group to 2026-06-11 00:00:00+00:00, run_after=2026-06-12 00:00:00+00:00
[2026-06-12T11:13:41.804+0000] {processor.py:183} INFO - Processing /home/airflow/.local/lib/python3.8/site-packages/airflow/example_dags/example_task_group.py took 0.132 seconds
[2026-06-12T11:14:12.608+0000] {processor.py:161} INFO - Started process (PID=1540) to work on /home/airflow/.local/lib/python3.8/site-packages/airflow/example_dags/example_task_group.py
[2026-06-12T11:14:12.609+0000] {processor.py:830} INFO - Processing file /home/airflow/.local/lib/python3.8/site-packages/airflow/example_dags/example_task_group.py for tasks to queue
[2026-06-12T11:14:12.612+0000] {logging_mixin.py:188} INFO - [2026-06-12T11:14:12.611+0000] {dagbag.py:538} INFO - Filling up the DagBag from /home/airflow/.local/lib/python3.8/site-packages/airflow/example_dags/example_task_group.py
[2026-06-12T11:14:12.624+0000] {processor.py:840} INFO - DAG(s) 'example_task_group' retrieved from /home/airflow/.local/lib/python3.8/site-packages/airflow/example_dags/example_task_group.py
[2026-06-12T11:14:12.665+0000] {logging_mixin.py:188} INFO - [2026-06-12T11:14:12.665+0000] {dag.py:3036} INFO - Sync 1 DAGs
[2026-06-12T11:14:12.707+0000] {logging_mixin.py:188} INFO - [2026-06-12T11:14:12.707+0000] {dag.py:3823} INFO - Setting next_dagrun for example_task_group to 2026-06-11 00:00:00+00:00, run_after=2026-06-12 00:00:00+00:00
[2026-06-12T11:14:12.739+0000] {processor.py:183} INFO - Processing /home/airflow/.local/lib/python3.8/site-packages/airflow/example_dags/example_task_group.py took 0.137 seconds
[2026-06-12T11:14:43.409+0000] {processor.py:161} INFO - Started process (PID=1606) to work on /home/airflow/.local/lib/python3.8/site-packages/airflow/example_dags/example_task_group.py
[2026-06-12T11:14:43.411+0000] {processor.py:830} INFO - Processing file /home/airflow/.local/lib/python3.8/site-packages/airflow/example_dags/example_task_group.py for tasks to queue
[2026-06-12T11:14:43.414+0000] {logging_mixin.py:188} INFO - [2026-06-12T11:14:43.413+0000] {dagbag.py:538} INFO - Filling up the DagBag from /home/airflow/.local/lib/python3.8/site-packages/airflow/example_dags/example_task_group.py
[2026-06-12T11:14:43.426+0000] {processor.py:840} INFO - DAG(s) 'example_task_group' retrieved from /home/airflow/.local/lib/python3.8/site-packages/airflow/example_dags/example_task_group.py
[2026-06-12T11:14:43.465+0000] {logging_mixin.py:188} INFO - [2026-06-12T11:14:43.464+0000] {dag.py:3036} INFO - Sync 1 DAGs
[2026-06-12T11:14:43.503+0000] {logging_mixin.py:188} INFO - [2026-06-12T11:14:43.502+0000] {dag.py:3823} INFO - Setting next_dagrun for example_task_group to 2026-06-11 00:00:00+00:00, run_after=2026-06-12 00:00:00+00:00
[2026-06-12T11:14:43.537+0000] {processor.py:183} INFO - Processing /home/airflow/.local/lib/python3.8/site-packages/airflow/example_dags/example_task_group.py took 0.133 seconds
[2026-06-12T11:15:13.696+0000] {processor.py:161} INFO - Started process (PID=1672) to work on /home/airflow/.local/lib/python3.8/site-packages/airflow/example_dags/example_task_group.py
[2026-06-12T11:15:13.697+0000] {processor.py:830} INFO - Processing file /home/airflow/.local/lib/python3.8/site-packages/airflow/example_dags/example_task_group.py for tasks to queue
[2026-06-12T11:15:13.699+0000] {logging_mixin.py:188} INFO - [2026-06-12T11:15:13.699+0000] {dagbag.py:538} INFO - Filling up the DagBag from /home/airflow/.local/lib/python3.8/site-packages/airflow/example_dags/example_task_group.py
[2026-06-12T11:15:13.713+0000] {processor.py:840} INFO - DAG(s) 'example_task_group' retrieved from /home/airflow/.local/lib/python3.8/site-packages/airflow/example_dags/example_task_group.py
[2026-06-12T11:15:13.751+0000] {logging_mixin.py:188} INFO - [2026-06-12T11:15:13.750+0000] {dag.py:3036} INFO - Sync 1 DAGs
[2026-06-12T11:15:13.790+0000] {logging_mixin.py:188} INFO - [2026-06-12T11:15:13.790+0000] {dag.py:3823} INFO - Setting next_dagrun for example_task_group to 2026-06-11 00:00:00+00:00, run_after=2026-06-12 00:00:00+00:00
[2026-06-12T11:15:13.826+0000] {processor.py:183} INFO - Processing /home/airflow/.local/lib/python3.8/site-packages/airflow/example_dags/example_task_group.py took 0.135 seconds
[2026-06-12T11:15:44.197+0000] {processor.py:161} INFO - Started process (PID=1745) to work on /home/airflow/.local/lib/python3.8/site-packages/airflow/example_dags/example_task_group.py
[2026-06-12T11:15:44.199+0000] {processor.py:830} INFO - Processing file /home/airflow/.local/lib/python3.8/site-packages/airflow/example_dags/example_task_group.py for tasks to queue
[2026-06-12T11:15:44.203+0000] {logging_mixin.py:188} INFO - [2026-06-12T11:15:44.201+0000] {dagbag.py:538} INFO - Filling up the DagBag from /home/airflow/.local/lib/python3.8/site-packages/airflow/example_dags/example_task_group.py
[2026-06-12T11:15:44.220+0000] {processor.py:840} INFO - DAG(s) 'example_task_group' retrieved from /home/airflow/.local/lib/python3.8/site-packages/airflow/example_dags/example_task_group.py
[2026-06-12T11:15:44.278+0000] {logging_mixin.py:188} INFO - [2026-06-12T11:15:44.278+0000] {dag.py:3036} INFO - Sync 1 DAGs
[2026-06-12T11:15:44.387+0000] {logging_mixin.py:188} INFO - [2026-06-12T11:15:44.386+0000] {dag.py:3823} INFO - Setting next_dagrun for example_task_group to 2026-06-11 00:00:00+00:00, run_after=2026-06-12 00:00:00+00:00
[2026-06-12T11:15:44.421+0000] {processor.py:183} INFO - Processing /home/airflow/.local/lib/python3.8/site-packages/airflow/example_dags/example_task_group.py took 0.230 seconds
[2026-06-12T11:16:14.730+0000] {processor.py:161} INFO - Started process (PID=1811) to work on /home/airflow/.local/lib/python3.8/site-packages/airflow/example_dags/example_task_group.py
[2026-06-12T11:16:14.732+0000] {processor.py:830} INFO - Processing file /home/airflow/.local/lib/python3.8/site-packages/airflow/example_dags/example_task_group.py for tasks to queue
[2026-06-12T11:16:14.735+0000] {logging_mixin.py:188} INFO - [2026-06-12T11:16:14.735+0000] {dagbag.py:538} INFO - Filling up the DagBag from /home/airflow/.local/lib/python3.8/site-packages/airflow/example_dags/example_task_group.py
[2026-06-12T11:16:14.748+0000] {processor.py:840} INFO - DAG(s) 'example_task_group' retrieved from /home/airflow/.local/lib/python3.8/site-packages/airflow/example_dags/example_task_group.py
[2026-06-12T11:16:14.795+0000] {logging_mixin.py:188} INFO - [2026-06-12T11:16:14.794+0000] {dag.py:3036} INFO - Sync 1 DAGs
[2026-06-12T11:16:14.841+0000] {logging_mixin.py:188} INFO - [2026-06-12T11:16:14.840+0000] {dag.py:3823} INFO - Setting next_dagrun for example_task_group to 2026-06-11 00:00:00+00:00, run_after=2026-06-12 00:00:00+00:00
[2026-06-12T11:16:14.871+0000] {processor.py:183} INFO - Processing /home/airflow/.local/lib/python3.8/site-packages/airflow/example_dags/example_task_group.py took 0.146 seconds
[2026-06-12T11:16:45.447+0000] {processor.py:161} INFO - Started process (PID=1877) to work on /home/airflow/.local/lib/python3.8/site-packages/airflow/example_dags/example_task_group.py
[2026-06-12T11:16:45.449+0000] {processor.py:830} INFO - Processing file /home/airflow/.local/lib/python3.8/site-packages/airflow/example_dags/example_task_group.py for tasks to queue
[2026-06-12T11:16:45.452+0000] {logging_mixin.py:188} INFO - [2026-06-12T11:16:45.452+0000] {dagbag.py:538} INFO - Filling up the DagBag from /home/airflow/.local/lib/python3.8/site-packages/airflow/example_dags/example_task_group.py
[2026-06-12T11:16:45.466+0000] {processor.py:840} INFO - DAG(s) 'example_task_group' retrieved from /home/airflow/.local/lib/python3.8/site-packages/airflow/example_dags/example_task_group.py
[2026-06-12T11:16:45.513+0000] {logging_mixin.py:188} INFO - [2026-06-12T11:16:45.513+0000] {dag.py:3036} INFO - Sync 1 DAGs
[2026-06-12T11:16:45.558+0000] {logging_mixin.py:188} INFO - [2026-06-12T11:16:45.557+0000] {dag.py:3823} INFO - Setting next_dagrun for example_task_group to 2026-06-11 00:00:00+00:00, run_after=2026-06-12 00:00:00+00:00
[2026-06-12T11:16:45.590+0000] {processor.py:183} INFO - Processing /home/airflow/.local/lib/python3.8/site-packages/airflow/example_dags/example_task_group.py took 0.149 seconds
[2026-06-12T11:17:15.964+0000] {processor.py:161} INFO - Started process (PID=1942) to work on /home/airflow/.local/lib/python3.8/site-packages/airflow/example_dags/example_task_group.py
[2026-06-12T11:17:15.965+0000] {processor.py:830} INFO - Processing file /home/airflow/.local/lib/python3.8/site-packages/airflow/example_dags/example_task_group.py for tasks to queue
[2026-06-12T11:17:15.967+0000] {logging_mixin.py:188} INFO - [2026-06-12T11:17:15.967+0000] {dagbag.py:538} INFO - Filling up the DagBag from /home/airflow/.local/lib/python3.8/site-packages/airflow/example_dags/example_task_group.py
[2026-06-12T11:17:15.978+0000] {processor.py:840} INFO - DAG(s) 'example_task_group' retrieved from /home/airflow/.local/lib/python3.8/site-packages/airflow/example_dags/example_task_group.py
[2026-06-12T11:17:16.016+0000] {logging_mixin.py:188} INFO - [2026-06-12T11:17:16.015+0000] {dag.py:3036} INFO - Sync 1 DAGs
[2026-06-12T11:17:16.049+0000] {logging_mixin.py:188} INFO - [2026-06-12T11:17:16.049+0000] {dag.py:3823} INFO - Setting next_dagrun for example_task_group to 2026-06-11 00:00:00+00:00, run_after=2026-06-12 00:00:00+00:00
[2026-06-12T11:17:16.079+0000] {processor.py:183} INFO - Processing /home/airflow/.local/lib/python3.8/site-packages/airflow/example_dags/example_task_group.py took 0.119 seconds
[2026-06-12T11:17:46.255+0000] {processor.py:161} INFO - Started process (PID=2007) to work on /home/airflow/.local/lib/python3.8/site-packages/airflow/example_dags/example_task_group.py
[2026-06-12T11:17:46.257+0000] {processor.py:830} INFO - Processing file /home/airflow/.local/lib/python3.8/site-packages/airflow/example_dags/example_task_group.py for tasks to queue
[2026-06-12T11:17:46.260+0000] {logging_mixin.py:188} INFO - [2026-06-12T11:17:46.259+0000] {dagbag.py:538} INFO - Filling up the DagBag from /home/airflow/.local/lib/python3.8/site-packages/airflow/example_dags/example_task_group.py
[2026-06-12T11:17:46.270+0000] {processor.py:840} INFO - DAG(s) 'example_task_group' retrieved from /home/airflow/.local/lib/python3.8/site-packages/airflow/example_dags/example_task_group.py
[2026-06-12T11:17:46.307+0000] {logging_mixin.py:188} INFO - [2026-06-12T11:17:46.306+0000] {dag.py:3036} INFO - Sync 1 DAGs
[2026-06-12T11:17:46.339+0000] {logging_mixin.py:188} INFO - [2026-06-12T11:17:46.339+0000] {dag.py:3823} INFO - Setting next_dagrun for example_task_group to 2026-06-11 00:00:00+00:00, run_after=2026-06-12 00:00:00+00:00
[2026-06-12T11:17:46.364+0000] {processor.py:183} INFO - Processing /home/airflow/.local/lib/python3.8/site-packages/airflow/example_dags/example_task_group.py took 0.114 seconds
[2026-06-12T11:18:16.470+0000] {processor.py:161} INFO - Started process (PID=2073) to work on /home/airflow/.local/lib/python3.8/site-packages/airflow/example_dags/example_task_group.py
[2026-06-12T11:18:16.471+0000] {processor.py:830} INFO - Processing file /home/airflow/.local/lib/python3.8/site-packages/airflow/example_dags/example_task_group.py for tasks to queue
[2026-06-12T11:18:16.474+0000] {logging_mixin.py:188} INFO - [2026-06-12T11:18:16.474+0000] {dagbag.py:538} INFO - Filling up the DagBag from /home/airflow/.local/lib/python3.8/site-packages/airflow/example_dags/example_task_group.py
[2026-06-12T11:18:16.485+0000] {processor.py:840} INFO - DAG(s) 'example_task_group' retrieved from /home/airflow/.local/lib/python3.8/site-packages/airflow/example_dags/example_task_group.py
[2026-06-12T11:18:16.522+0000] {logging_mixin.py:188} INFO - [2026-06-12T11:18:16.522+0000] {dag.py:3036} INFO - Sync 1 DAGs
[2026-06-12T11:18:16.556+0000] {logging_mixin.py:188} INFO - [2026-06-12T11:18:16.556+0000] {dag.py:3823} INFO - Setting next_dagrun for example_task_group to 2026-06-11 00:00:00+00:00, run_after=2026-06-12 00:00:00+00:00
[2026-06-12T11:18:16.581+0000] {processor.py:183} INFO - Processing /home/airflow/.local/lib/python3.8/site-packages/airflow/example_dags/example_task_group.py took 0.116 seconds
[2026-06-12T11:18:46.838+0000] {processor.py:161} INFO - Started process (PID=2140) to work on /home/airflow/.local/lib/python3.8/site-packages/airflow/example_dags/example_task_group.py
[2026-06-12T11:18:46.840+0000] {processor.py:830} INFO - Processing file /home/airflow/.local/lib/python3.8/site-packages/airflow/example_dags/example_task_group.py for tasks to queue
[2026-06-12T11:18:46.843+0000] {logging_mixin.py:188} INFO - [2026-06-12T11:18:46.843+0000] {dagbag.py:538} INFO - Filling up the DagBag from /home/airflow/.local/lib/python3.8/site-packages/airflow/example_dags/example_task_group.py
[2026-06-12T11:18:46.854+0000] {processor.py:840} INFO - DAG(s) 'example_task_group' retrieved from /home/airflow/.local/lib/python3.8/site-packages/airflow/example_dags/example_task_group.py
[2026-06-12T11:18:46.897+0000] {logging_mixin.py:188} INFO - [2026-06-12T11:18:46.897+0000] {dag.py:3036} INFO - Sync 1 DAGs
[2026-06-12T11:18:46.935+0000] {logging_mixin.py:188} INFO - [2026-06-12T11:18:46.935+0000] {dag.py:3823} INFO - Setting next_dagrun for example_task_group to 2026-06-11 00:00:00+00:00, run_after=2026-06-12 00:00:00+00:00
[2026-06-12T11:18:46.965+0000] {processor.py:183} INFO - Processing /home/airflow/.local/lib/python3.8/site-packages/airflow/example_dags/example_task_group.py took 0.132 seconds
[2026-06-12T11:19:17.124+0000] {processor.py:161} INFO - Started process (PID=2206) to work on /home/airflow/.local/lib/python3.8/site-packages/airflow/example_dags/example_task_group.py
[2026-06-12T11:19:17.125+0000] {processor.py:830} INFO - Processing file /home/airflow/.local/lib/python3.8/site-packages/airflow/example_dags/example_task_group.py for tasks to queue
[2026-06-12T11:19:17.127+0000] {logging_mixin.py:188} INFO - [2026-06-12T11:19:17.127+0000] {dagbag.py:538} INFO - Filling up the DagBag from /home/airflow/.local/lib/python3.8/site-packages/airflow/example_dags/example_task_group.py
[2026-06-12T11:19:17.139+0000] {processor.py:840} INFO - DAG(s) 'example_task_group' retrieved from /home/airflow/.local/lib/python3.8/site-packages/airflow/example_dags/example_task_group.py
[2026-06-12T11:19:17.184+0000] {logging_mixin.py:188} INFO - [2026-06-12T11:19:17.184+0000] {dag.py:3036} INFO - Sync 1 DAGs
[2026-06-12T11:19:17.224+0000] {logging_mixin.py:188} INFO - [2026-06-12T11:19:17.224+0000] {dag.py:3823} INFO - Setting next_dagrun for example_task_group to 2026-06-11 00:00:00+00:00, run_after=2026-06-12 00:00:00+00:00
[2026-06-12T11:19:17.258+0000] {processor.py:183} INFO - Processing /home/airflow/.local/lib/python3.8/site-packages/airflow/example_dags/example_task_group.py took 0.139 seconds
[2026-06-12T11:19:47.374+0000] {processor.py:161} INFO - Started process (PID=2272) to work on /home/airflow/.local/lib/python3.8/site-packages/airflow/example_dags/example_task_group.py
[2026-06-12T11:19:47.376+0000] {processor.py:830} INFO - Processing file /home/airflow/.local/lib/python3.8/site-packages/airflow/example_dags/example_task_group.py for tasks to queue
[2026-06-12T11:19:47.379+0000] {logging_mixin.py:188} INFO - [2026-06-12T11:19:47.379+0000] {dagbag.py:538} INFO - Filling up the DagBag from /home/airflow/.local/lib/python3.8/site-packages/airflow/example_dags/example_task_group.py
[2026-06-12T11:19:47.394+0000] {processor.py:840} INFO - DAG(s) 'example_task_group' retrieved from /home/airflow/.local/lib/python3.8/site-packages/airflow/example_dags/example_task_group.py
[2026-06-12T11:19:47.435+0000] {logging_mixin.py:188} INFO - [2026-06-12T11:19:47.434+0000] {dag.py:3036} INFO - Sync 1 DAGs
[2026-06-12T11:19:47.474+0000] {logging_mixin.py:188} INFO - [2026-06-12T11:19:47.473+0000] {dag.py:3823} INFO - Setting next_dagrun for example_task_group to 2026-06-11 00:00:00+00:00, run_after=2026-06-12 00:00:00+00:00
[2026-06-12T11:19:47.504+0000] {processor.py:183} INFO - Processing /home/airflow/.local/lib/python3.8/site-packages/airflow/example_dags/example_task_group.py took 0.136 seconds
[2026-06-12T11:20:17.639+0000] {processor.py:161} INFO - Started process (PID=2338) to work on /home/airflow/.local/lib/python3.8/site-packages/airflow/example_dags/example_task_group.py
[2026-06-12T11:20:17.641+0000] {processor.py:830} INFO - Processing file /home/airflow/.local/lib/python3.8/site-packages/airflow/example_dags/example_task_group.py for tasks to queue
[2026-06-12T11:20:17.643+0000] {logging_mixin.py:188} INFO - [2026-06-12T11:20:17.643+0000] {dagbag.py:538} INFO - Filling up the DagBag from /home/airflow/.local/lib/python3.8/site-packages/airflow/example_dags/example_task_group.py
[2026-06-12T11:20:17.654+0000] {processor.py:840} INFO - DAG(s) 'example_task_group' retrieved from /home/airflow/.local/lib/python3.8/site-packages/airflow/example_dags/example_task_group.py
[2026-06-12T11:20:17.701+0000] {logging_mixin.py:188} INFO - [2026-06-12T11:20:17.701+0000] {dag.py:3036} INFO - Sync 1 DAGs
[2026-06-12T11:20:17.739+0000] {logging_mixin.py:188} INFO - [2026-06-12T11:20:17.739+0000] {dag.py:3823} INFO - Setting next_dagrun for example_task_group to 2026-06-11 00:00:00+00:00, run_after=2026-06-12 00:00:00+00:00
[2026-06-12T11:20:17.772+0000] {processor.py:183} INFO - Processing /home/airflow/.local/lib/python3.8/site-packages/airflow/example_dags/example_task_group.py took 0.138 seconds
[2026-06-12T11:20:48.237+0000] {processor.py:161} INFO - Started process (PID=2412) to work on /home/airflow/.local/lib/python3.8/site-packages/airflow/example_dags/example_task_group.py
[2026-06-12T11:20:48.239+0000] {processor.py:830} INFO - Processing file /home/airflow/.local/lib/python3.8/site-packages/airflow/example_dags/example_task_group.py for tasks to queue
[2026-06-12T11:20:48.242+0000] {logging_mixin.py:188} INFO - [2026-06-12T11:20:48.242+0000] {dagbag.py:538} INFO - Filling up the DagBag from /home/airflow/.local/lib/python3.8/site-packages/airflow/example_dags/example_task_group.py
[2026-06-12T11:20:48.256+0000] {processor.py:840} INFO - DAG(s) 'example_task_group' retrieved from /home/airflow/.local/lib/python3.8/site-packages/airflow/example_dags/example_task_group.py
[2026-06-12T11:20:48.303+0000] {logging_mixin.py:188} INFO - [2026-06-12T11:20:48.303+0000] {dag.py:3036} INFO - Sync 1 DAGs
[2026-06-12T11:20:48.345+0000] {logging_mixin.py:188} INFO - [2026-06-12T11:20:48.345+0000] {dag.py:3823} INFO - Setting next_dagrun for example_task_group to 2026-06-11 00:00:00+00:00, run_after=2026-06-12 00:00:00+00:00
[2026-06-12T11:20:48.376+0000] {processor.py:183} INFO - Processing /home/airflow/.local/lib/python3.8/site-packages/airflow/example_dags/example_task_group.py took 0.146 seconds
[2026-06-12T11:21:18.929+0000] {processor.py:161} INFO - Started process (PID=2478) to work on /home/airflow/.local/lib/python3.8/site-packages/airflow/example_dags/example_task_group.py
[2026-06-12T11:21:18.930+0000] {processor.py:830} INFO - Processing file /home/airflow/.local/lib/python3.8/site-packages/airflow/example_dags/example_task_group.py for tasks to queue
[2026-06-12T11:21:18.933+0000] {logging_mixin.py:188} INFO - [2026-06-12T11:21:18.932+0000] {dagbag.py:538} INFO - Filling up the DagBag from /home/airflow/.local/lib/python3.8/site-packages/airflow/example_dags/example_task_group.py
[2026-06-12T11:21:18.944+0000] {processor.py:840} INFO - DAG(s) 'example_task_group' retrieved from /home/airflow/.local/lib/python3.8/site-packages/airflow/example_dags/example_task_group.py
[2026-06-12T11:21:18.982+0000] {logging_mixin.py:188} INFO - [2026-06-12T11:21:18.982+0000] {dag.py:3036} INFO - Sync 1 DAGs
[2026-06-12T11:21:19.018+0000] {logging_mixin.py:188} INFO - [2026-06-12T11:21:19.017+0000] {dag.py:3823} INFO - Setting next_dagrun for example_task_group to 2026-06-11 00:00:00+00:00, run_after=2026-06-12 00:00:00+00:00
[2026-06-12T11:21:19.052+0000] {processor.py:183} INFO - Processing /home/airflow/.local/lib/python3.8/site-packages/airflow/example_dags/example_task_group.py took 0.129 seconds
[2026-06-12T11:21:49.531+0000] {processor.py:161} INFO - Started process (PID=2544) to work on /home/airflow/.local/lib/python3.8/site-packages/airflow/example_dags/example_task_group.py
[2026-06-12T11:21:49.533+0000] {processor.py:830} INFO - Processing file /home/airflow/.local/lib/python3.8/site-packages/airflow/example_dags/example_task_group.py for tasks to queue
[2026-06-12T11:21:49.535+0000] {logging_mixin.py:188} INFO - [2026-06-12T11:21:49.535+0000] {dagbag.py:538} INFO - Filling up the DagBag from /home/airflow/.local/lib/python3.8/site-packages/airflow/example_dags/example_task_group.py
[2026-06-12T11:21:49.546+0000] {processor.py:840} INFO - DAG(s) 'example_task_group' retrieved from /home/airflow/.local/lib/python3.8/site-packages/airflow/example_dags/example_task_group.py
[2026-06-12T11:21:49.588+0000] {logging_mixin.py:188} INFO - [2026-06-12T11:21:49.588+0000] {dag.py:3036} INFO - Sync 1 DAGs
[2026-06-12T11:21:49.628+0000] {logging_mixin.py:188} INFO - [2026-06-12T11:21:49.627+0000] {dag.py:3823} INFO - Setting next_dagrun for example_task_group to 2026-06-11 00:00:00+00:00, run_after=2026-06-12 00:00:00+00:00
[2026-06-12T11:21:49.661+0000] {processor.py:183} INFO - Processing /home/airflow/.local/lib/python3.8/site-packages/airflow/example_dags/example_task_group.py took 0.134 seconds
[2026-06-12T11:22:20.323+0000] {processor.py:161} INFO - Started process (PID=2610) to work on /home/airflow/.local/lib/python3.8/site-packages/airflow/example_dags/example_task_group.py
[2026-06-12T11:22:20.324+0000] {processor.py:830} INFO - Processing file /home/airflow/.local/lib/python3.8/site-packages/airflow/example_dags/example_task_group.py for tasks to queue
[2026-06-12T11:22:20.327+0000] {logging_mixin.py:188} INFO - [2026-06-12T11:22:20.326+0000] {dagbag.py:538} INFO - Filling up the DagBag from /home/airflow/.local/lib/python3.8/site-packages/airflow/example_dags/example_task_group.py
[2026-06-12T11:22:20.340+0000] {processor.py:840} INFO - DAG(s) 'example_task_group' retrieved from /home/airflow/.local/lib/python3.8/site-packages/airflow/example_dags/example_task_group.py
[2026-06-12T11:22:20.385+0000] {logging_mixin.py:188} INFO - [2026-06-12T11:22:20.385+0000] {dag.py:3036} INFO - Sync 1 DAGs
[2026-06-12T11:22:20.426+0000] {logging_mixin.py:188} INFO - [2026-06-12T11:22:20.426+0000] {dag.py:3823} INFO - Setting next_dagrun for example_task_group to 2026-06-11 00:00:00+00:00, run_after=2026-06-12 00:00:00+00:00
[2026-06-12T11:22:20.457+0000] {processor.py:183} INFO - Processing /home/airflow/.local/lib/python3.8/site-packages/airflow/example_dags/example_task_group.py took 0.141 seconds
[2026-06-12T11:22:50.953+0000] {processor.py:161} INFO - Started process (PID=2676) to work on /home/airflow/.local/lib/python3.8/site-packages/airflow/example_dags/example_task_group.py
[2026-06-12T11:22:50.955+0000] {processor.py:830} INFO - Processing file /home/airflow/.local/lib/python3.8/site-packages/airflow/example_dags/example_task_group.py for tasks to queue
[2026-06-12T11:22:50.959+0000] {logging_mixin.py:188} INFO - [2026-06-12T11:22:50.958+0000] {dagbag.py:538} INFO - Filling up the DagBag from /home/airflow/.local/lib/python3.8/site-packages/airflow/example_dags/example_task_group.py
[2026-06-12T11:22:50.974+0000] {processor.py:840} INFO - DAG(s) 'example_task_group' retrieved from /home/airflow/.local/lib/python3.8/site-packages/airflow/example_dags/example_task_group.py
[2026-06-12T11:22:51.050+0000] {logging_mixin.py:188} INFO - [2026-06-12T11:22:51.049+0000] {dag.py:3036} INFO - Sync 1 DAGs
[2026-06-12T11:22:51.103+0000] {logging_mixin.py:188} INFO - [2026-06-12T11:22:51.103+0000] {dag.py:3823} INFO - Setting next_dagrun for example_task_group to 2026-06-11 00:00:00+00:00, run_after=2026-06-12 00:00:00+00:00
[2026-06-12T11:22:51.139+0000] {processor.py:183} INFO - Processing /home/airflow/.local/lib/python3.8/site-packages/airflow/example_dags/example_task_group.py took 0.192 seconds
[2026-06-12T11:23:22.024+0000] {processor.py:161} INFO - Started process (PID=2742) to work on /home/airflow/.local/lib/python3.8/site-packages/airflow/example_dags/example_task_group.py
[2026-06-12T11:23:22.026+0000] {processor.py:830} INFO - Processing file /home/airflow/.local/lib/python3.8/site-packages/airflow/example_dags/example_task_group.py for tasks to queue
[2026-06-12T11:23:22.028+0000] {logging_mixin.py:188} INFO - [2026-06-12T11:23:22.028+0000] {dagbag.py:538} INFO - Filling up the DagBag from /home/airflow/.local/lib/python3.8/site-packages/airflow/example_dags/example_task_group.py
[2026-06-12T11:23:22.039+0000] {processor.py:840} INFO - DAG(s) 'example_task_group' retrieved from /home/airflow/.local/lib/python3.8/site-packages/airflow/example_dags/example_task_group.py
[2026-06-12T11:23:22.085+0000] {logging_mixin.py:188} INFO - [2026-06-12T11:23:22.085+0000] {dag.py:3036} INFO - Sync 1 DAGs
[2026-06-12T11:23:22.121+0000] {logging_mixin.py:188} INFO - [2026-06-12T11:23:22.121+0000] {dag.py:3823} INFO - Setting next_dagrun for example_task_group to 2026-06-11 00:00:00+00:00, run_after=2026-06-12 00:00:00+00:00
[2026-06-12T11:23:22.150+0000] {processor.py:183} INFO - Processing /home/airflow/.local/lib/python3.8/site-packages/airflow/example_dags/example_task_group.py took 0.131 seconds
[2026-06-12T11:23:52.366+0000] {processor.py:161} INFO - Started process (PID=2807) to work on /home/airflow/.local/lib/python3.8/site-packages/airflow/example_dags/example_task_group.py
[2026-06-12T11:23:52.367+0000] {processor.py:830} INFO - Processing file /home/airflow/.local/lib/python3.8/site-packages/airflow/example_dags/example_task_group.py for tasks to queue
[2026-06-12T11:23:52.370+0000] {logging_mixin.py:188} INFO - [2026-06-12T11:23:52.369+0000] {dagbag.py:538} INFO - Filling up the DagBag from /home/airflow/.local/lib/python3.8/site-packages/airflow/example_dags/example_task_group.py
[2026-06-12T11:23:52.382+0000] {processor.py:840} INFO - DAG(s) 'example_task_group' retrieved from /home/airflow/.local/lib/python3.8/site-packages/airflow/example_dags/example_task_group.py
[2026-06-12T11:23:52.426+0000] {logging_mixin.py:188} INFO - [2026-06-12T11:23:52.425+0000] {dag.py:3036} INFO - Sync 1 DAGs
[2026-06-12T11:23:52.468+0000] {logging_mixin.py:188} INFO - [2026-06-12T11:23:52.467+0000] {dag.py:3823} INFO - Setting next_dagrun for example_task_group to 2026-06-11 00:00:00+00:00, run_after=2026-06-12 00:00:00+00:00
[2026-06-12T11:23:52.500+0000] {processor.py:183} INFO - Processing /home/airflow/.local/lib/python3.8/site-packages/airflow/example_dags/example_task_group.py took 0.141 seconds
[2026-06-12T11:24:22.540+0000] {processor.py:161} INFO - Started process (PID=2871) to work on /home/airflow/.local/lib/python3.8/site-packages/airflow/example_dags/example_task_group.py
[2026-06-12T11:24:22.542+0000] {processor.py:830} INFO - Processing file /home/airflow/.local/lib/python3.8/site-packages/airflow/example_dags/example_task_group.py for tasks to queue
[2026-06-12T11:24:22.544+0000] {logging_mixin.py:188} INFO - [2026-06-12T11:24:22.544+0000] {dagbag.py:538} INFO - Filling up the DagBag from /home/airflow/.local/lib/python3.8/site-packages/airflow/example_dags/example_task_group.py
[2026-06-12T11:24:22.555+0000] {processor.py:840} INFO - DAG(s) 'example_task_group' retrieved from /home/airflow/.local/lib/python3.8/site-packages/airflow/example_dags/example_task_group.py
[2026-06-12T11:24:22.592+0000] {logging_mixin.py:188} INFO - [2026-06-12T11:24:22.591+0000] {dag.py:3036} INFO - Sync 1 DAGs
[2026-06-12T11:24:22.624+0000] {logging_mixin.py:188} INFO - [2026-06-12T11:24:22.624+0000] {dag.py:3823} INFO - Setting next_dagrun for example_task_group to 2026-06-11 00:00:00+00:00, run_after=2026-06-12 00:00:00+00:00
[2026-06-12T11:24:22.654+0000] {processor.py:183} INFO - Processing /home/airflow/.local/lib/python3.8/site-packages/airflow/example_dags/example_task_group.py took 0.119 seconds
[2026-06-12T11:24:53.514+0000] {processor.py:161} INFO - Started process (PID=2945) to work on /home/airflow/.local/lib/python3.8/site-packages/airflow/example_dags/example_task_group.py
[2026-06-12T11:24:53.516+0000] {processor.py:830} INFO - Processing file /home/airflow/.local/lib/python3.8/site-packages/airflow/example_dags/example_task_group.py for tasks to queue
[2026-06-12T11:24:53.519+0000] {logging_mixin.py:188} INFO - [2026-06-12T11:24:53.519+0000] {dagbag.py:538} INFO - Filling up the DagBag from /home/airflow/.local/lib/python3.8/site-packages/airflow/example_dags/example_task_group.py
[2026-06-12T11:24:53.532+0000] {processor.py:840} INFO - DAG(s) 'example_task_group' retrieved from /home/airflow/.local/lib/python3.8/site-packages/airflow/example_dags/example_task_group.py
[2026-06-12T11:24:53.579+0000] {logging_mixin.py:188} INFO - [2026-06-12T11:24:53.579+0000] {dag.py:3036} INFO - Sync 1 DAGs
[2026-06-12T11:24:53.620+0000] {logging_mixin.py:188} INFO - [2026-06-12T11:24:53.620+0000] {dag.py:3823} INFO - Setting next_dagrun for example_task_group to 2026-06-11 00:00:00+00:00, run_after=2026-06-12 00:00:00+00:00
[2026-06-12T11:24:53.651+0000] {processor.py:183} INFO - Processing /home/airflow/.local/lib/python3.8/site-packages/airflow/example_dags/example_task_group.py took 0.142 seconds
[2026-06-12T11:25:25.043+0000] {processor.py:161} INFO - Started process (PID=3012) to work on /home/airflow/.local/lib/python3.8/site-packages/airflow/example_dags/example_task_group.py
[2026-06-12T11:25:25.045+0000] {processor.py:830} INFO - Processing file /home/airflow/.local/lib/python3.8/site-packages/airflow/example_dags/example_task_group.py for tasks to queue
[2026-06-12T11:25:25.048+0000] {logging_mixin.py:188} INFO - [2026-06-12T11:25:25.047+0000] {dagbag.py:538} INFO - Filling up the DagBag from /home/airflow/.local/lib/python3.8/site-packages/airflow/example_dags/example_task_group.py
[2026-06-12T11:25:25.062+0000] {processor.py:840} INFO - DAG(s) 'example_task_group' retrieved from /home/airflow/.local/lib/python3.8/site-packages/airflow/example_dags/example_task_group.py
[2026-06-12T11:25:25.107+0000] {logging_mixin.py:188} INFO - [2026-06-12T11:25:25.106+0000] {dag.py:3036} INFO - Sync 1 DAGs
[2026-06-12T11:25:25.346+0000] {logging_mixin.py:188} INFO - [2026-06-12T11:25:25.346+0000] {dag.py:3823} INFO - Setting next_dagrun for example_task_group to 2026-06-11 00:00:00+00:00, run_after=2026-06-12 00:00:00+00:00
[2026-06-12T11:25:25.383+0000] {processor.py:183} INFO - Processing /home/airflow/.local/lib/python3.8/site-packages/airflow/example_dags/example_task_group.py took 0.346 seconds
[2026-06-12T11:25:56.270+0000] {processor.py:161} INFO - Started process (PID=3077) to work on /home/airflow/.local/lib/python3.8/site-packages/airflow/example_dags/example_task_group.py
[2026-06-12T11:25:56.272+0000] {processor.py:830} INFO - Processing file /home/airflow/.local/lib/python3.8/site-packages/airflow/example_dags/example_task_group.py for tasks to queue
[2026-06-12T11:25:56.275+0000] {logging_mixin.py:188} INFO - [2026-06-12T11:25:56.275+0000] {dagbag.py:538} INFO - Filling up the DagBag from /home/airflow/.local/lib/python3.8/site-packages/airflow/example_dags/example_task_group.py
[2026-06-12T11:25:56.289+0000] {processor.py:840} INFO - DAG(s) 'example_task_group' retrieved from /home/airflow/.local/lib/python3.8/site-packages/airflow/example_dags/example_task_group.py
[2026-06-12T11:25:56.333+0000] {logging_mixin.py:188} INFO - [2026-06-12T11:25:56.332+0000] {dag.py:3036} INFO - Sync 1 DAGs
[2026-06-12T11:25:56.372+0000] {logging_mixin.py:188} INFO - [2026-06-12T11:25:56.372+0000] {dag.py:3823} INFO - Setting next_dagrun for example_task_group to 2026-06-11 00:00:00+00:00, run_after=2026-06-12 00:00:00+00:00
[2026-06-12T11:25:56.606+0000] {processor.py:183} INFO - Processing /home/airflow/.local/lib/python3.8/site-packages/airflow/example_dags/example_task_group.py took 0.341 seconds
[2026-06-12T11:26:26.969+0000] {processor.py:161} INFO - Started process (PID=3144) to work on /home/airflow/.local/lib/python3.8/site-packages/airflow/example_dags/example_task_group.py
[2026-06-12T11:26:26.971+0000] {processor.py:830} INFO - Processing file /home/airflow/.local/lib/python3.8/site-packages/airflow/example_dags/example_task_group.py for tasks to queue
[2026-06-12T11:26:26.973+0000] {logging_mixin.py:188} INFO - [2026-06-12T11:26:26.973+0000] {dagbag.py:538} INFO - Filling up the DagBag from /home/airflow/.local/lib/python3.8/site-packages/airflow/example_dags/example_task_group.py
[2026-06-12T11:26:26.984+0000] {processor.py:840} INFO - DAG(s) 'example_task_group' retrieved from /home/airflow/.local/lib/python3.8/site-packages/airflow/example_dags/example_task_group.py
[2026-06-12T11:26:27.022+0000] {logging_mixin.py:188} INFO - [2026-06-12T11:26:27.022+0000] {dag.py:3036} INFO - Sync 1 DAGs
[2026-06-12T11:26:27.058+0000] {logging_mixin.py:188} INFO - [2026-06-12T11:26:27.057+0000] {dag.py:3823} INFO - Setting next_dagrun for example_task_group to 2026-06-11 00:00:00+00:00, run_after=2026-06-12 00:00:00+00:00
[2026-06-12T11:26:27.086+0000] {processor.py:183} INFO - Processing /home/airflow/.local/lib/python3.8/site-packages/airflow/example_dags/example_task_group.py took 0.122 seconds
[2026-06-12T11:26:58.066+0000] {processor.py:161} INFO - Started process (PID=3211) to work on /home/airflow/.local/lib/python3.8/site-packages/airflow/example_dags/example_task_group.py
[2026-06-12T11:26:58.068+0000] {processor.py:830} INFO - Processing file /home/airflow/.local/lib/python3.8/site-packages/airflow/example_dags/example_task_group.py for tasks to queue
[2026-06-12T11:26:58.071+0000] {logging_mixin.py:188} INFO - [2026-06-12T11:26:58.071+0000] {dagbag.py:538} INFO - Filling up the DagBag from /home/airflow/.local/lib/python3.8/site-packages/airflow/example_dags/example_task_group.py
[2026-06-12T11:26:58.260+0000] {processor.py:840} INFO - DAG(s) 'example_task_group' retrieved from /home/airflow/.local/lib/python3.8/site-packages/airflow/example_dags/example_task_group.py
[2026-06-12T11:26:58.293+0000] {logging_mixin.py:188} INFO - [2026-06-12T11:26:58.293+0000] {dag.py:3036} INFO - Sync 1 DAGs
[2026-06-12T11:26:58.326+0000] {logging_mixin.py:188} INFO - [2026-06-12T11:26:58.326+0000] {dag.py:3823} INFO - Setting next_dagrun for example_task_group to 2026-06-11 00:00:00+00:00, run_after=2026-06-12 00:00:00+00:00
[2026-06-12T11:26:58.354+0000] {processor.py:183} INFO - Processing /home/airflow/.local/lib/python3.8/site-packages/airflow/example_dags/example_task_group.py took 0.294 seconds
[2026-06-12T11:27:29.088+0000] {processor.py:161} INFO - Started process (PID=3277) to work on /home/airflow/.local/lib/python3.8/site-packages/airflow/example_dags/example_task_group.py
[2026-06-12T11:27:29.091+0000] {processor.py:830} INFO - Processing file /home/airflow/.local/lib/python3.8/site-packages/airflow/example_dags/example_task_group.py for tasks to queue
[2026-06-12T11:27:29.094+0000] {logging_mixin.py:188} INFO - [2026-06-12T11:27:29.094+0000] {dagbag.py:538} INFO - Filling up the DagBag from /home/airflow/.local/lib/python3.8/site-packages/airflow/example_dags/example_task_group.py
[2026-06-12T11:27:29.108+0000] {processor.py:840} INFO - DAG(s) 'example_task_group' retrieved from /home/airflow/.local/lib/python3.8/site-packages/airflow/example_dags/example_task_group.py
[2026-06-12T11:27:29.146+0000] {logging_mixin.py:188} INFO - [2026-06-12T11:27:29.145+0000] {dag.py:3036} INFO - Sync 1 DAGs
[2026-06-12T11:27:29.181+0000] {logging_mixin.py:188} INFO - [2026-06-12T11:27:29.181+0000] {dag.py:3823} INFO - Setting next_dagrun for example_task_group to 2026-06-11 00:00:00+00:00, run_after=2026-06-12 00:00:00+00:00
[2026-06-12T11:27:29.210+0000] {processor.py:183} INFO - Processing /home/airflow/.local/lib/python3.8/site-packages/airflow/example_dags/example_task_group.py took 0.127 seconds
[2026-06-12T11:27:59.491+0000] {processor.py:161} INFO - Started process (PID=3342) to work on /home/airflow/.local/lib/python3.8/site-packages/airflow/example_dags/example_task_group.py
[2026-06-12T11:27:59.493+0000] {processor.py:830} INFO - Processing file /home/airflow/.local/lib/python3.8/site-packages/airflow/example_dags/example_task_group.py for tasks to queue
[2026-06-12T11:27:59.495+0000] {logging_mixin.py:188} INFO - [2026-06-12T11:27:59.495+0000] {dagbag.py:538} INFO - Filling up the DagBag from /home/airflow/.local/lib/python3.8/site-packages/airflow/example_dags/example_task_group.py
[2026-06-12T11:27:59.507+0000] {processor.py:840} INFO - DAG(s) 'example_task_group' retrieved from /home/airflow/.local/lib/python3.8/site-packages/airflow/example_dags/example_task_group.py
[2026-06-12T11:27:59.549+0000] {logging_mixin.py:188} INFO - [2026-06-12T11:27:59.548+0000] {dag.py:3036} INFO - Sync 1 DAGs
[2026-06-12T11:27:59.595+0000] {logging_mixin.py:188} INFO - [2026-06-12T11:27:59.595+0000] {dag.py:3823} INFO - Setting next_dagrun for example_task_group to 2026-06-11 00:00:00+00:00, run_after=2026-06-12 00:00:00+00:00
[2026-06-12T11:27:59.629+0000] {processor.py:183} INFO - Processing /home/airflow/.local/lib/python3.8/site-packages/airflow/example_dags/example_task_group.py took 0.144 seconds
[2026-06-12T11:28:29.850+0000] {processor.py:161} INFO - Started process (PID=3408) to work on /home/airflow/.local/lib/python3.8/site-packages/airflow/example_dags/example_task_group.py
[2026-06-12T11:28:29.851+0000] {processor.py:830} INFO - Processing file /home/airflow/.local/lib/python3.8/site-packages/airflow/example_dags/example_task_group.py for tasks to queue
[2026-06-12T11:28:29.854+0000] {logging_mixin.py:188} INFO - [2026-06-12T11:28:29.854+0000] {dagbag.py:538} INFO - Filling up the DagBag from /home/airflow/.local/lib/python3.8/site-packages/airflow/example_dags/example_task_group.py
[2026-06-12T11:28:29.867+0000] {processor.py:840} INFO - DAG(s) 'example_task_group' retrieved from /home/airflow/.local/lib/python3.8/site-packages/airflow/example_dags/example_task_group.py
[2026-06-12T11:28:29.917+0000] {logging_mixin.py:188} INFO - [2026-06-12T11:28:29.917+0000] {dag.py:3036} INFO - Sync 1 DAGs
[2026-06-12T11:28:29.963+0000] {logging_mixin.py:188} INFO - [2026-06-12T11:28:29.962+0000] {dag.py:3823} INFO - Setting next_dagrun for example_task_group to 2026-06-11 00:00:00+00:00, run_after=2026-06-12 00:00:00+00:00
[2026-06-12T11:28:30.003+0000] {processor.py:183} INFO - Processing /home/airflow/.local/lib/python3.8/site-packages/airflow/example_dags/example_task_group.py took 0.158 seconds
[2026-06-12T11:29:00.390+0000] {processor.py:161} INFO - Started process (PID=3481) to work on /home/airflow/.local/lib/python3.8/site-packages/airflow/example_dags/example_task_group.py
[2026-06-12T11:29:00.392+0000] {processor.py:830} INFO - Processing file /home/airflow/.local/lib/python3.8/site-packages/airflow/example_dags/example_task_group.py for tasks to queue
[2026-06-12T11:29:00.395+0000] {logging_mixin.py:188} INFO - [2026-06-12T11:29:00.395+0000] {dagbag.py:538} INFO - Filling up the DagBag from /home/airflow/.local/lib/python3.8/site-packages/airflow/example_dags/example_task_group.py
[2026-06-12T11:29:00.408+0000] {processor.py:840} INFO - DAG(s) 'example_task_group' retrieved from /home/airflow/.local/lib/python3.8/site-packages/airflow/example_dags/example_task_group.py
[2026-06-12T11:29:00.461+0000] {logging_mixin.py:188} INFO - [2026-06-12T11:29:00.461+0000] {dag.py:3036} INFO - Sync 1 DAGs
[2026-06-12T11:29:00.508+0000] {logging_mixin.py:188} INFO - [2026-06-12T11:29:00.508+0000] {dag.py:3823} INFO - Setting next_dagrun for example_task_group to 2026-06-11 00:00:00+00:00, run_after=2026-06-12 00:00:00+00:00
[2026-06-12T11:29:00.543+0000] {processor.py:183} INFO - Processing /home/airflow/.local/lib/python3.8/site-packages/airflow/example_dags/example_task_group.py took 0.158 seconds
[2026-06-12T11:29:31.296+0000] {processor.py:161} INFO - Started process (PID=3546) to work on /home/airflow/.local/lib/python3.8/site-packages/airflow/example_dags/example_task_group.py
[2026-06-12T11:29:31.298+0000] {processor.py:830} INFO - Processing file /home/airflow/.local/lib/python3.8/site-packages/airflow/example_dags/example_task_group.py for tasks to queue
[2026-06-12T11:29:31.301+0000] {logging_mixin.py:188} INFO - [2026-06-12T11:29:31.301+0000] {dagbag.py:538} INFO - Filling up the DagBag from /home/airflow/.local/lib/python3.8/site-packages/airflow/example_dags/example_task_group.py
[2026-06-12T11:29:31.312+0000] {processor.py:840} INFO - DAG(s) 'example_task_group' retrieved from /home/airflow/.local/lib/python3.8/site-packages/airflow/example_dags/example_task_group.py
[2026-06-12T11:29:31.350+0000] {logging_mixin.py:188} INFO - [2026-06-12T11:29:31.350+0000] {dag.py:3036} INFO - Sync 1 DAGs
[2026-06-12T11:29:31.389+0000] {logging_mixin.py:188} INFO - [2026-06-12T11:29:31.389+0000] {dag.py:3823} INFO - Setting next_dagrun for example_task_group to 2026-06-11 00:00:00+00:00, run_after=2026-06-12 00:00:00+00:00
[2026-06-12T11:29:31.418+0000] {processor.py:183} INFO - Processing /home/airflow/.local/lib/python3.8/site-packages/airflow/example_dags/example_task_group.py took 0.127 seconds
[2026-06-12T11:30:01.579+0000] {processor.py:161} INFO - Started process (PID=3611) to work on /home/airflow/.local/lib/python3.8/site-packages/airflow/example_dags/example_task_group.py
[2026-06-12T11:30:01.580+0000] {processor.py:830} INFO - Processing file /home/airflow/.local/lib/python3.8/site-packages/airflow/example_dags/example_task_group.py for tasks to queue
[2026-06-12T11:30:01.583+0000] {logging_mixin.py:188} INFO - [2026-06-12T11:30:01.583+0000] {dagbag.py:538} INFO - Filling up the DagBag from /home/airflow/.local/lib/python3.8/site-packages/airflow/example_dags/example_task_group.py
[2026-06-12T11:30:01.595+0000] {processor.py:840} INFO - DAG(s) 'example_task_group' retrieved from /home/airflow/.local/lib/python3.8/site-packages/airflow/example_dags/example_task_group.py
[2026-06-12T11:30:01.651+0000] {logging_mixin.py:188} INFO - [2026-06-12T11:30:01.651+0000] {dag.py:3036} INFO - Sync 1 DAGs
[2026-06-12T11:30:01.712+0000] {logging_mixin.py:188} INFO - [2026-06-12T11:30:01.711+0000] {dag.py:3823} INFO - Setting next_dagrun for example_task_group to 2026-06-11 00:00:00+00:00, run_after=2026-06-12 00:00:00+00:00
[2026-06-12T11:30:01.748+0000] {processor.py:183} INFO - Processing /home/airflow/.local/lib/python3.8/site-packages/airflow/example_dags/example_task_group.py took 0.173 seconds
[2026-06-12T11:30:31.802+0000] {processor.py:161} INFO - Started process (PID=3677) to work on /home/airflow/.local/lib/python3.8/site-packages/airflow/example_dags/example_task_group.py
[2026-06-12T11:30:31.804+0000] {processor.py:830} INFO - Processing file /home/airflow/.local/lib/python3.8/site-packages/airflow/example_dags/example_task_group.py for tasks to queue
[2026-06-12T11:30:31.807+0000] {logging_mixin.py:188} INFO - [2026-06-12T11:30:31.807+0000] {dagbag.py:538} INFO - Filling up the DagBag from /home/airflow/.local/lib/python3.8/site-packages/airflow/example_dags/example_task_group.py
[2026-06-12T11:30:31.818+0000] {processor.py:840} INFO - DAG(s) 'example_task_group' retrieved from /home/airflow/.local/lib/python3.8/site-packages/airflow/example_dags/example_task_group.py
[2026-06-12T11:30:31.857+0000] {logging_mixin.py:188} INFO - [2026-06-12T11:30:31.857+0000] {dag.py:3036} INFO - Sync 1 DAGs
[2026-06-12T11:30:31.890+0000] {logging_mixin.py:188} INFO - [2026-06-12T11:30:31.890+0000] {dag.py:3823} INFO - Setting next_dagrun for example_task_group to 2026-06-11 00:00:00+00:00, run_after=2026-06-12 00:00:00+00:00
[2026-06-12T11:30:31.916+0000] {processor.py:183} INFO - Processing /home/airflow/.local/lib/python3.8/site-packages/airflow/example_dags/example_task_group.py took 0.120 seconds
[2026-06-12T11:31:02.671+0000] {processor.py:161} INFO - Started process (PID=3744) to work on /home/airflow/.local/lib/python3.8/site-packages/airflow/example_dags/example_task_group.py
[2026-06-12T11:31:02.673+0000] {processor.py:830} INFO - Processing file /home/airflow/.local/lib/python3.8/site-packages/airflow/example_dags/example_task_group.py for tasks to queue
[2026-06-12T11:31:02.676+0000] {logging_mixin.py:188} INFO - [2026-06-12T11:31:02.675+0000] {dagbag.py:538} INFO - Filling up the DagBag from /home/airflow/.local/lib/python3.8/site-packages/airflow/example_dags/example_task_group.py
[2026-06-12T11:31:02.686+0000] {processor.py:840} INFO - DAG(s) 'example_task_group' retrieved from /home/airflow/.local/lib/python3.8/site-packages/airflow/example_dags/example_task_group.py
[2026-06-12T11:31:02.726+0000] {logging_mixin.py:188} INFO - [2026-06-12T11:31:02.726+0000] {dag.py:3036} INFO - Sync 1 DAGs
[2026-06-12T11:31:02.765+0000] {logging_mixin.py:188} INFO - [2026-06-12T11:31:02.765+0000] {dag.py:3823} INFO - Setting next_dagrun for example_task_group to 2026-06-11 00:00:00+00:00, run_after=2026-06-12 00:00:00+00:00
[2026-06-12T11:31:02.796+0000] {processor.py:183} INFO - Processing /home/airflow/.local/lib/python3.8/site-packages/airflow/example_dags/example_task_group.py took 0.130 seconds
[2026-06-12T11:31:32.962+0000] {processor.py:161} INFO - Started process (PID=3811) to work on /home/airflow/.local/lib/python3.8/site-packages/airflow/example_dags/example_task_group.py
[2026-06-12T11:31:32.964+0000] {processor.py:830} INFO - Processing file /home/airflow/.local/lib/python3.8/site-packages/airflow/example_dags/example_task_group.py for tasks to queue
[2026-06-12T11:31:32.966+0000] {logging_mixin.py:188} INFO - [2026-06-12T11:31:32.966+0000] {dagbag.py:538} INFO - Filling up the DagBag from /home/airflow/.local/lib/python3.8/site-packages/airflow/example_dags/example_task_group.py
[2026-06-12T11:31:32.977+0000] {processor.py:840} INFO - DAG(s) 'example_task_group' retrieved from /home/airflow/.local/lib/python3.8/site-packages/airflow/example_dags/example_task_group.py
[2026-06-12T11:31:33.015+0000] {logging_mixin.py:188} INFO - [2026-06-12T11:31:33.014+0000] {dag.py:3036} INFO - Sync 1 DAGs
[2026-06-12T11:31:33.051+0000] {logging_mixin.py:188} INFO - [2026-06-12T11:31:33.050+0000] {dag.py:3823} INFO - Setting next_dagrun for example_task_group to 2026-06-11 00:00:00+00:00, run_after=2026-06-12 00:00:00+00:00
[2026-06-12T11:31:33.085+0000] {processor.py:183} INFO - Processing /home/airflow/.local/lib/python3.8/site-packages/airflow/example_dags/example_task_group.py took 0.129 seconds
[2026-06-12T11:32:03.521+0000] {processor.py:161} INFO - Started process (PID=3878) to work on /home/airflow/.local/lib/python3.8/site-packages/airflow/example_dags/example_task_group.py
[2026-06-12T11:32:03.524+0000] {processor.py:830} INFO - Processing file /home/airflow/.local/lib/python3.8/site-packages/airflow/example_dags/example_task_group.py for tasks to queue
[2026-06-12T11:32:03.526+0000] {logging_mixin.py:188} INFO - [2026-06-12T11:32:03.526+0000] {dagbag.py:538} INFO - Filling up the DagBag from /home/airflow/.local/lib/python3.8/site-packages/airflow/example_dags/example_task_group.py
[2026-06-12T11:32:03.537+0000] {processor.py:840} INFO - DAG(s) 'example_task_group' retrieved from /home/airflow/.local/lib/python3.8/site-packages/airflow/example_dags/example_task_group.py
[2026-06-12T11:32:03.583+0000] {logging_mixin.py:188} INFO - [2026-06-12T11:32:03.582+0000] {dag.py:3036} INFO - Sync 1 DAGs
[2026-06-12T11:32:03.624+0000] {logging_mixin.py:188} INFO - [2026-06-12T11:32:03.623+0000] {dag.py:3823} INFO - Setting next_dagrun for example_task_group to 2026-06-11 00:00:00+00:00, run_after=2026-06-12 00:00:00+00:00
[2026-06-12T11:32:03.656+0000] {processor.py:183} INFO - Processing /home/airflow/.local/lib/python3.8/site-packages/airflow/example_dags/example_task_group.py took 0.139 seconds
[2026-06-12T11:32:33.938+0000] {processor.py:161} INFO - Started process (PID=3944) to work on /home/airflow/.local/lib/python3.8/site-packages/airflow/example_dags/example_task_group.py
[2026-06-12T11:32:33.940+0000] {processor.py:830} INFO - Processing file /home/airflow/.local/lib/python3.8/site-packages/airflow/example_dags/example_task_group.py for tasks to queue
[2026-06-12T11:32:33.942+0000] {logging_mixin.py:188} INFO - [2026-06-12T11:32:33.942+0000] {dagbag.py:538} INFO - Filling up the DagBag from /home/airflow/.local/lib/python3.8/site-packages/airflow/example_dags/example_task_group.py
[2026-06-12T11:32:33.954+0000] {processor.py:840} INFO - DAG(s) 'example_task_group' retrieved from /home/airflow/.local/lib/python3.8/site-packages/airflow/example_dags/example_task_group.py
[2026-06-12T11:32:33.994+0000] {logging_mixin.py:188} INFO - [2026-06-12T11:32:33.994+0000] {dag.py:3036} INFO - Sync 1 DAGs
[2026-06-12T11:32:34.033+0000] {logging_mixin.py:188} INFO - [2026-06-12T11:32:34.033+0000] {dag.py:3823} INFO - Setting next_dagrun for example_task_group to 2026-06-11 00:00:00+00:00, run_after=2026-06-12 00:00:00+00:00
[2026-06-12T11:32:34.067+0000] {processor.py:183} INFO - Processing /home/airflow/.local/lib/python3.8/site-packages/airflow/example_dags/example_task_group.py took 0.133 seconds
[2026-06-12T11:33:04.611+0000] {processor.py:161} INFO - Started process (PID=4016) to work on /home/airflow/.local/lib/python3.8/site-packages/airflow/example_dags/example_task_group.py
[2026-06-12T11:33:04.613+0000] {processor.py:830} INFO - Processing file /home/airflow/.local/lib/python3.8/site-packages/airflow/example_dags/example_task_group.py for tasks to queue
[2026-06-12T11:33:04.615+0000] {logging_mixin.py:188} INFO - [2026-06-12T11:33:04.615+0000] {dagbag.py:538} INFO - Filling up the DagBag from /home/airflow/.local/lib/python3.8/site-packages/airflow/example_dags/example_task_group.py
[2026-06-12T11:33:04.627+0000] {processor.py:840} INFO - DAG(s) 'example_task_group' retrieved from /home/airflow/.local/lib/python3.8/site-packages/airflow/example_dags/example_task_group.py
[2026-06-12T11:33:04.666+0000] {logging_mixin.py:188} INFO - [2026-06-12T11:33:04.665+0000] {dag.py:3036} INFO - Sync 1 DAGs
[2026-06-12T11:33:04.701+0000] {logging_mixin.py:188} INFO - [2026-06-12T11:33:04.701+0000] {dag.py:3823} INFO - Setting next_dagrun for example_task_group to 2026-06-11 00:00:00+00:00, run_after=2026-06-12 00:00:00+00:00
[2026-06-12T11:33:04.729+0000] {processor.py:183} INFO - Processing /home/airflow/.local/lib/python3.8/site-packages/airflow/example_dags/example_task_group.py took 0.123 seconds
[2026-06-12T11:33:35.203+0000] {processor.py:161} INFO - Started process (PID=4082) to work on /home/airflow/.local/lib/python3.8/site-packages/airflow/example_dags/example_task_group.py
[2026-06-12T11:33:35.205+0000] {processor.py:830} INFO - Processing file /home/airflow/.local/lib/python3.8/site-packages/airflow/example_dags/example_task_group.py for tasks to queue
[2026-06-12T11:33:35.207+0000] {logging_mixin.py:188} INFO - [2026-06-12T11:33:35.207+0000] {dagbag.py:538} INFO - Filling up the DagBag from /home/airflow/.local/lib/python3.8/site-packages/airflow/example_dags/example_task_group.py
[2026-06-12T11:33:35.218+0000] {processor.py:840} INFO - DAG(s) 'example_task_group' retrieved from /home/airflow/.local/lib/python3.8/site-packages/airflow/example_dags/example_task_group.py
[2026-06-12T11:33:35.254+0000] {logging_mixin.py:188} INFO - [2026-06-12T11:33:35.254+0000] {dag.py:3036} INFO - Sync 1 DAGs
[2026-06-12T11:33:35.291+0000] {logging_mixin.py:188} INFO - [2026-06-12T11:33:35.291+0000] {dag.py:3823} INFO - Setting next_dagrun for example_task_group to 2026-06-11 00:00:00+00:00, run_after=2026-06-12 00:00:00+00:00
[2026-06-12T11:33:35.317+0000] {processor.py:183} INFO - Processing /home/airflow/.local/lib/python3.8/site-packages/airflow/example_dags/example_task_group.py took 0.119 seconds
[2026-06-12T11:34:05.917+0000] {processor.py:161} INFO - Started process (PID=4148) to work on /home/airflow/.local/lib/python3.8/site-packages/airflow/example_dags/example_task_group.py
[2026-06-12T11:34:05.919+0000] {processor.py:830} INFO - Processing file /home/airflow/.local/lib/python3.8/site-packages/airflow/example_dags/example_task_group.py for tasks to queue
[2026-06-12T11:34:05.922+0000] {logging_mixin.py:188} INFO - [2026-06-12T11:34:05.921+0000] {dagbag.py:538} INFO - Filling up the DagBag from /home/airflow/.local/lib/python3.8/site-packages/airflow/example_dags/example_task_group.py
[2026-06-12T11:34:05.934+0000] {processor.py:840} INFO - DAG(s) 'example_task_group' retrieved from /home/airflow/.local/lib/python3.8/site-packages/airflow/example_dags/example_task_group.py
[2026-06-12T11:34:05.972+0000] {logging_mixin.py:188} INFO - [2026-06-12T11:34:05.972+0000] {dag.py:3036} INFO - Sync 1 DAGs
[2026-06-12T11:34:06.009+0000] {logging_mixin.py:188} INFO - [2026-06-12T11:34:06.008+0000] {dag.py:3823} INFO - Setting next_dagrun for example_task_group to 2026-06-11 00:00:00+00:00, run_after=2026-06-12 00:00:00+00:00
[2026-06-12T11:34:06.038+0000] {processor.py:183} INFO - Processing /home/airflow/.local/lib/python3.8/site-packages/airflow/example_dags/example_task_group.py took 0.126 seconds
[2026-06-12T11:34:36.707+0000] {processor.py:161} INFO - Started process (PID=4214) to work on /home/airflow/.local/lib/python3.8/site-packages/airflow/example_dags/example_task_group.py
[2026-06-12T11:34:36.708+0000] {processor.py:830} INFO - Processing file /home/airflow/.local/lib/python3.8/site-packages/airflow/example_dags/example_task_group.py for tasks to queue
[2026-06-12T11:34:36.711+0000] {logging_mixin.py:188} INFO - [2026-06-12T11:34:36.710+0000] {dagbag.py:538} INFO - Filling up the DagBag from /home/airflow/.local/lib/python3.8/site-packages/airflow/example_dags/example_task_group.py
[2026-06-12T11:34:36.724+0000] {processor.py:840} INFO - DAG(s) 'example_task_group' retrieved from /home/airflow/.local/lib/python3.8/site-packages/airflow/example_dags/example_task_group.py
[2026-06-12T11:34:36.772+0000] {logging_mixin.py:188} INFO - [2026-06-12T11:34:36.772+0000] {dag.py:3036} INFO - Sync 1 DAGs
[2026-06-12T11:34:36.826+0000] {logging_mixin.py:188} INFO - [2026-06-12T11:34:36.826+0000] {dag.py:3823} INFO - Setting next_dagrun for example_task_group to 2026-06-11 00:00:00+00:00, run_after=2026-06-12 00:00:00+00:00
[2026-06-12T11:34:36.871+0000] {processor.py:183} INFO - Processing /home/airflow/.local/lib/python3.8/site-packages/airflow/example_dags/example_task_group.py took 0.167 seconds
[2026-06-12T11:35:07.185+0000] {processor.py:161} INFO - Started process (PID=4280) to work on /home/airflow/.local/lib/python3.8/site-packages/airflow/example_dags/example_task_group.py
[2026-06-12T11:35:07.187+0000] {processor.py:830} INFO - Processing file /home/airflow/.local/lib/python3.8/site-packages/airflow/example_dags/example_task_group.py for tasks to queue
[2026-06-12T11:35:07.190+0000] {logging_mixin.py:188} INFO - [2026-06-12T11:35:07.189+0000] {dagbag.py:538} INFO - Filling up the DagBag from /home/airflow/.local/lib/python3.8/site-packages/airflow/example_dags/example_task_group.py
[2026-06-12T11:35:07.200+0000] {processor.py:840} INFO - DAG(s) 'example_task_group' retrieved from /home/airflow/.local/lib/python3.8/site-packages/airflow/example_dags/example_task_group.py
[2026-06-12T11:35:07.243+0000] {logging_mixin.py:188} INFO - [2026-06-12T11:35:07.243+0000] {dag.py:3036} INFO - Sync 1 DAGs
[2026-06-12T11:35:07.284+0000] {logging_mixin.py:188} INFO - [2026-06-12T11:35:07.284+0000] {dag.py:3823} INFO - Setting next_dagrun for example_task_group to 2026-06-11 00:00:00+00:00, run_after=2026-06-12 00:00:00+00:00
[2026-06-12T11:35:07.320+0000] {processor.py:183} INFO - Processing /home/airflow/.local/lib/python3.8/site-packages/airflow/example_dags/example_task_group.py took 0.139 seconds
[2026-06-12T11:35:37.702+0000] {processor.py:161} INFO - Started process (PID=4345) to work on /home/airflow/.local/lib/python3.8/site-packages/airflow/example_dags/example_task_group.py
[2026-06-12T11:35:37.703+0000] {processor.py:830} INFO - Processing file /home/airflow/.local/lib/python3.8/site-packages/airflow/example_dags/example_task_group.py for tasks to queue
[2026-06-12T11:35:37.706+0000] {logging_mixin.py:188} INFO - [2026-06-12T11:35:37.706+0000] {dagbag.py:538} INFO - Filling up the DagBag from /home/airflow/.local/lib/python3.8/site-packages/airflow/example_dags/example_task_group.py
[2026-06-12T11:35:37.717+0000] {processor.py:840} INFO - DAG(s) 'example_task_group' retrieved from /home/airflow/.local/lib/python3.8/site-packages/airflow/example_dags/example_task_group.py
[2026-06-12T11:35:37.761+0000] {logging_mixin.py:188} INFO - [2026-06-12T11:35:37.761+0000] {dag.py:3036} INFO - Sync 1 DAGs
[2026-06-12T11:35:37.803+0000] {logging_mixin.py:188} INFO - [2026-06-12T11:35:37.802+0000] {dag.py:3823} INFO - Setting next_dagrun for example_task_group to 2026-06-11 00:00:00+00:00, run_after=2026-06-12 00:00:00+00:00
[2026-06-12T11:35:37.837+0000] {processor.py:183} INFO - Processing /home/airflow/.local/lib/python3.8/site-packages/airflow/example_dags/example_task_group.py took 0.140 seconds
[2026-06-12T11:36:08.095+0000] {processor.py:161} INFO - Started process (PID=4409) to work on /home/airflow/.local/lib/python3.8/site-packages/airflow/example_dags/example_task_group.py
[2026-06-12T11:36:08.097+0000] {processor.py:830} INFO - Processing file /home/airflow/.local/lib/python3.8/site-packages/airflow/example_dags/example_task_group.py for tasks to queue
[2026-06-12T11:36:08.099+0000] {logging_mixin.py:188} INFO - [2026-06-12T11:36:08.099+0000] {dagbag.py:538} INFO - Filling up the DagBag from /home/airflow/.local/lib/python3.8/site-packages/airflow/example_dags/example_task_group.py
[2026-06-12T11:36:08.113+0000] {processor.py:840} INFO - DAG(s) 'example_task_group' retrieved from /home/airflow/.local/lib/python3.8/site-packages/airflow/example_dags/example_task_group.py
[2026-06-12T11:36:08.159+0000] {logging_mixin.py:188} INFO - [2026-06-12T11:36:08.158+0000] {dag.py:3036} INFO - Sync 1 DAGs
[2026-06-12T11:36:08.197+0000] {logging_mixin.py:188} INFO - [2026-06-12T11:36:08.196+0000] {dag.py:3823} INFO - Setting next_dagrun for example_task_group to 2026-06-11 00:00:00+00:00, run_after=2026-06-12 00:00:00+00:00
[2026-06-12T11:36:08.230+0000] {processor.py:183} INFO - Processing /home/airflow/.local/lib/python3.8/site-packages/airflow/example_dags/example_task_group.py took 0.141 seconds
[2026-06-12T11:36:38.597+0000] {processor.py:161} INFO - Started process (PID=4482) to work on /home/airflow/.local/lib/python3.8/site-packages/airflow/example_dags/example_task_group.py
[2026-06-12T11:36:38.598+0000] {processor.py:830} INFO - Processing file /home/airflow/.local/lib/python3.8/site-packages/airflow/example_dags/example_task_group.py for tasks to queue
[2026-06-12T11:36:38.600+0000] {logging_mixin.py:188} INFO - [2026-06-12T11:36:38.600+0000] {dagbag.py:538} INFO - Filling up the DagBag from /home/airflow/.local/lib/python3.8/site-packages/airflow/example_dags/example_task_group.py
[2026-06-12T11:36:38.613+0000] {processor.py:840} INFO - DAG(s) 'example_task_group' retrieved from /home/airflow/.local/lib/python3.8/site-packages/airflow/example_dags/example_task_group.py
[2026-06-12T11:36:38.660+0000] {logging_mixin.py:188} INFO - [2026-06-12T11:36:38.659+0000] {dag.py:3036} INFO - Sync 1 DAGs
[2026-06-12T11:36:38.704+0000] {logging_mixin.py:188} INFO - [2026-06-12T11:36:38.704+0000] {dag.py:3823} INFO - Setting next_dagrun for example_task_group to 2026-06-11 00:00:00+00:00, run_after=2026-06-12 00:00:00+00:00
[2026-06-12T11:36:38.736+0000] {processor.py:183} INFO - Processing /home/airflow/.local/lib/python3.8/site-packages/airflow/example_dags/example_task_group.py took 0.145 seconds
