[2026-06-12T11:03:03.880+0000] {processor.py:161} INFO - Started process (PID=92) to work on /home/airflow/.local/lib/python3.8/site-packages/airflow/example_dags/example_branch_day_of_week_operator.py
[2026-06-12T11:03:03.881+0000] {processor.py:830} INFO - Processing file /home/airflow/.local/lib/python3.8/site-packages/airflow/example_dags/example_branch_day_of_week_operator.py for tasks to queue
[2026-06-12T11:03:03.884+0000] {logging_mixin.py:188} INFO - [2026-06-12T11:03:03.884+0000] {dagbag.py:538} INFO - Filling up the DagBag from /home/airflow/.local/lib/python3.8/site-packages/airflow/example_dags/example_branch_day_of_week_operator.py
[2026-06-12T11:03:03.901+0000] {processor.py:840} INFO - DAG(s) 'example_weekday_branch_operator' retrieved from /home/airflow/.local/lib/python3.8/site-packages/airflow/example_dags/example_branch_day_of_week_operator.py
[2026-06-12T11:03:03.929+0000] {logging_mixin.py:188} INFO - [2026-06-12T11:03:03.929+0000] {dag.py:3036} INFO - Sync 1 DAGs
[2026-06-12T11:03:03.985+0000] {logging_mixin.py:188} INFO - [2026-06-12T11:03:03.985+0000] {dag.py:3823} INFO - Setting next_dagrun for example_weekday_branch_operator to 2026-06-11 00:00:00+00:00, run_after=2026-06-12 00:00:00+00:00
[2026-06-12T11:03:04.031+0000] {processor.py:183} INFO - Processing /home/airflow/.local/lib/python3.8/site-packages/airflow/example_dags/example_branch_day_of_week_operator.py took 0.158 seconds
[2026-06-12T11:03:35.937+0000] {processor.py:161} INFO - Started process (PID=158) to work on /home/airflow/.local/lib/python3.8/site-packages/airflow/example_dags/example_branch_day_of_week_operator.py
[2026-06-12T11:03:35.939+0000] {processor.py:830} INFO - Processing file /home/airflow/.local/lib/python3.8/site-packages/airflow/example_dags/example_branch_day_of_week_operator.py for tasks to queue
[2026-06-12T11:03:35.941+0000] {logging_mixin.py:188} INFO - [2026-06-12T11:03:35.941+0000] {dagbag.py:538} INFO - Filling up the DagBag from /home/airflow/.local/lib/python3.8/site-packages/airflow/example_dags/example_branch_day_of_week_operator.py
[2026-06-12T11:03:35.953+0000] {processor.py:840} INFO - DAG(s) 'example_weekday_branch_operator' retrieved from /home/airflow/.local/lib/python3.8/site-packages/airflow/example_dags/example_branch_day_of_week_operator.py
[2026-06-12T11:03:36.153+0000] {logging_mixin.py:188} INFO - [2026-06-12T11:03:36.153+0000] {dag.py:3036} INFO - Sync 1 DAGs
[2026-06-12T11:03:36.209+0000] {logging_mixin.py:188} INFO - [2026-06-12T11:03:36.208+0000] {dag.py:3823} INFO - Setting next_dagrun for example_weekday_branch_operator to 2026-06-11 00:00:00+00:00, run_after=2026-06-12 00:00:00+00:00
[2026-06-12T11:03:36.241+0000] {processor.py:183} INFO - Processing /home/airflow/.local/lib/python3.8/site-packages/airflow/example_dags/example_branch_day_of_week_operator.py took 0.309 seconds
[2026-06-12T11:04:06.992+0000] {processor.py:161} INFO - Started process (PID=224) to work on /home/airflow/.local/lib/python3.8/site-packages/airflow/example_dags/example_branch_day_of_week_operator.py
[2026-06-12T11:04:06.994+0000] {processor.py:830} INFO - Processing file /home/airflow/.local/lib/python3.8/site-packages/airflow/example_dags/example_branch_day_of_week_operator.py for tasks to queue
[2026-06-12T11:04:06.997+0000] {logging_mixin.py:188} INFO - [2026-06-12T11:04:06.996+0000] {dagbag.py:538} INFO - Filling up the DagBag from /home/airflow/.local/lib/python3.8/site-packages/airflow/example_dags/example_branch_day_of_week_operator.py
[2026-06-12T11:04:07.012+0000] {processor.py:840} INFO - DAG(s) 'example_weekday_branch_operator' retrieved from /home/airflow/.local/lib/python3.8/site-packages/airflow/example_dags/example_branch_day_of_week_operator.py
[2026-06-12T11:04:07.052+0000] {logging_mixin.py:188} INFO - [2026-06-12T11:04:07.051+0000] {dag.py:3036} INFO - Sync 1 DAGs
[2026-06-12T11:04:07.088+0000] {logging_mixin.py:188} INFO - [2026-06-12T11:04:07.087+0000] {dag.py:3823} INFO - Setting next_dagrun for example_weekday_branch_operator to 2026-06-11 00:00:00+00:00, run_after=2026-06-12 00:00:00+00:00
[2026-06-12T11:04:07.117+0000] {processor.py:183} INFO - Processing /home/airflow/.local/lib/python3.8/site-packages/airflow/example_dags/example_branch_day_of_week_operator.py took 0.131 seconds
[2026-06-12T11:04:37.801+0000] {processor.py:161} INFO - Started process (PID=291) to work on /home/airflow/.local/lib/python3.8/site-packages/airflow/example_dags/example_branch_day_of_week_operator.py
[2026-06-12T11:04:37.804+0000] {processor.py:830} INFO - Processing file /home/airflow/.local/lib/python3.8/site-packages/airflow/example_dags/example_branch_day_of_week_operator.py for tasks to queue
[2026-06-12T11:04:37.808+0000] {logging_mixin.py:188} INFO - [2026-06-12T11:04:37.808+0000] {dagbag.py:538} INFO - Filling up the DagBag from /home/airflow/.local/lib/python3.8/site-packages/airflow/example_dags/example_branch_day_of_week_operator.py
[2026-06-12T11:04:37.823+0000] {processor.py:840} INFO - DAG(s) 'example_weekday_branch_operator' retrieved from /home/airflow/.local/lib/python3.8/site-packages/airflow/example_dags/example_branch_day_of_week_operator.py
[2026-06-12T11:04:37.860+0000] {logging_mixin.py:188} INFO - [2026-06-12T11:04:37.860+0000] {dag.py:3036} INFO - Sync 1 DAGs
[2026-06-12T11:04:37.899+0000] {logging_mixin.py:188} INFO - [2026-06-12T11:04:37.898+0000] {dag.py:3823} INFO - Setting next_dagrun for example_weekday_branch_operator to 2026-06-11 00:00:00+00:00, run_after=2026-06-12 00:00:00+00:00
[2026-06-12T11:04:37.930+0000] {processor.py:183} INFO - Processing /home/airflow/.local/lib/python3.8/site-packages/airflow/example_dags/example_branch_day_of_week_operator.py took 0.136 seconds
[2026-06-12T11:05:08.370+0000] {processor.py:161} INFO - Started process (PID=357) to work on /home/airflow/.local/lib/python3.8/site-packages/airflow/example_dags/example_branch_day_of_week_operator.py
[2026-06-12T11:05:08.371+0000] {processor.py:830} INFO - Processing file /home/airflow/.local/lib/python3.8/site-packages/airflow/example_dags/example_branch_day_of_week_operator.py for tasks to queue
[2026-06-12T11:05:08.374+0000] {logging_mixin.py:188} INFO - [2026-06-12T11:05:08.374+0000] {dagbag.py:538} INFO - Filling up the DagBag from /home/airflow/.local/lib/python3.8/site-packages/airflow/example_dags/example_branch_day_of_week_operator.py
[2026-06-12T11:05:08.387+0000] {processor.py:840} INFO - DAG(s) 'example_weekday_branch_operator' retrieved from /home/airflow/.local/lib/python3.8/site-packages/airflow/example_dags/example_branch_day_of_week_operator.py
[2026-06-12T11:05:08.428+0000] {logging_mixin.py:188} INFO - [2026-06-12T11:05:08.427+0000] {dag.py:3036} INFO - Sync 1 DAGs
[2026-06-12T11:05:08.475+0000] {logging_mixin.py:188} INFO - [2026-06-12T11:05:08.474+0000] {dag.py:3823} INFO - Setting next_dagrun for example_weekday_branch_operator to 2026-06-11 00:00:00+00:00, run_after=2026-06-12 00:00:00+00:00
[2026-06-12T11:05:08.510+0000] {processor.py:183} INFO - Processing /home/airflow/.local/lib/python3.8/site-packages/airflow/example_dags/example_branch_day_of_week_operator.py took 0.145 seconds
[2026-06-12T11:05:38.884+0000] {processor.py:161} INFO - Started process (PID=431) to work on /home/airflow/.local/lib/python3.8/site-packages/airflow/example_dags/example_branch_day_of_week_operator.py
[2026-06-12T11:05:38.886+0000] {processor.py:830} INFO - Processing file /home/airflow/.local/lib/python3.8/site-packages/airflow/example_dags/example_branch_day_of_week_operator.py for tasks to queue
[2026-06-12T11:05:38.889+0000] {logging_mixin.py:188} INFO - [2026-06-12T11:05:38.888+0000] {dagbag.py:538} INFO - Filling up the DagBag from /home/airflow/.local/lib/python3.8/site-packages/airflow/example_dags/example_branch_day_of_week_operator.py
[2026-06-12T11:05:38.906+0000] {processor.py:840} INFO - DAG(s) 'example_weekday_branch_operator' retrieved from /home/airflow/.local/lib/python3.8/site-packages/airflow/example_dags/example_branch_day_of_week_operator.py
[2026-06-12T11:05:38.950+0000] {logging_mixin.py:188} INFO - [2026-06-12T11:05:38.950+0000] {dag.py:3036} INFO - Sync 1 DAGs
[2026-06-12T11:05:38.997+0000] {logging_mixin.py:188} INFO - [2026-06-12T11:05:38.996+0000] {dag.py:3823} INFO - Setting next_dagrun for example_weekday_branch_operator to 2026-06-11 00:00:00+00:00, run_after=2026-06-12 00:00:00+00:00
[2026-06-12T11:05:39.029+0000] {processor.py:183} INFO - Processing /home/airflow/.local/lib/python3.8/site-packages/airflow/example_dags/example_branch_day_of_week_operator.py took 0.151 seconds
[2026-06-12T11:06:09.490+0000] {processor.py:161} INFO - Started process (PID=497) to work on /home/airflow/.local/lib/python3.8/site-packages/airflow/example_dags/example_branch_day_of_week_operator.py
[2026-06-12T11:06:09.492+0000] {processor.py:830} INFO - Processing file /home/airflow/.local/lib/python3.8/site-packages/airflow/example_dags/example_branch_day_of_week_operator.py for tasks to queue
[2026-06-12T11:06:09.495+0000] {logging_mixin.py:188} INFO - [2026-06-12T11:06:09.494+0000] {dagbag.py:538} INFO - Filling up the DagBag from /home/airflow/.local/lib/python3.8/site-packages/airflow/example_dags/example_branch_day_of_week_operator.py
[2026-06-12T11:06:09.507+0000] {processor.py:840} INFO - DAG(s) 'example_weekday_branch_operator' retrieved from /home/airflow/.local/lib/python3.8/site-packages/airflow/example_dags/example_branch_day_of_week_operator.py
[2026-06-12T11:06:09.548+0000] {logging_mixin.py:188} INFO - [2026-06-12T11:06:09.547+0000] {dag.py:3036} INFO - Sync 1 DAGs
[2026-06-12T11:06:09.591+0000] {logging_mixin.py:188} INFO - [2026-06-12T11:06:09.591+0000] {dag.py:3823} INFO - Setting next_dagrun for example_weekday_branch_operator to 2026-06-11 00:00:00+00:00, run_after=2026-06-12 00:00:00+00:00
[2026-06-12T11:06:09.625+0000] {processor.py:183} INFO - Processing /home/airflow/.local/lib/python3.8/site-packages/airflow/example_dags/example_branch_day_of_week_operator.py took 0.139 seconds
[2026-06-12T11:06:39.856+0000] {processor.py:161} INFO - Started process (PID=561) to work on /home/airflow/.local/lib/python3.8/site-packages/airflow/example_dags/example_branch_day_of_week_operator.py
[2026-06-12T11:06:39.858+0000] {processor.py:830} INFO - Processing file /home/airflow/.local/lib/python3.8/site-packages/airflow/example_dags/example_branch_day_of_week_operator.py for tasks to queue
[2026-06-12T11:06:39.860+0000] {logging_mixin.py:188} INFO - [2026-06-12T11:06:39.859+0000] {dagbag.py:538} INFO - Filling up the DagBag from /home/airflow/.local/lib/python3.8/site-packages/airflow/example_dags/example_branch_day_of_week_operator.py
[2026-06-12T11:06:39.871+0000] {processor.py:840} INFO - DAG(s) 'example_weekday_branch_operator' retrieved from /home/airflow/.local/lib/python3.8/site-packages/airflow/example_dags/example_branch_day_of_week_operator.py
[2026-06-12T11:06:39.913+0000] {logging_mixin.py:188} INFO - [2026-06-12T11:06:39.912+0000] {dag.py:3036} INFO - Sync 1 DAGs
[2026-06-12T11:06:39.954+0000] {logging_mixin.py:188} INFO - [2026-06-12T11:06:39.954+0000] {dag.py:3823} INFO - Setting next_dagrun for example_weekday_branch_operator to 2026-06-11 00:00:00+00:00, run_after=2026-06-12 00:00:00+00:00
[2026-06-12T11:06:39.992+0000] {processor.py:183} INFO - Processing /home/airflow/.local/lib/python3.8/site-packages/airflow/example_dags/example_branch_day_of_week_operator.py took 0.140 seconds
[2026-06-12T11:07:10.262+0000] {processor.py:161} INFO - Started process (PID=626) to work on /home/airflow/.local/lib/python3.8/site-packages/airflow/example_dags/example_branch_day_of_week_operator.py
[2026-06-12T11:07:10.264+0000] {processor.py:830} INFO - Processing file /home/airflow/.local/lib/python3.8/site-packages/airflow/example_dags/example_branch_day_of_week_operator.py for tasks to queue
[2026-06-12T11:07:10.266+0000] {logging_mixin.py:188} INFO - [2026-06-12T11:07:10.266+0000] {dagbag.py:538} INFO - Filling up the DagBag from /home/airflow/.local/lib/python3.8/site-packages/airflow/example_dags/example_branch_day_of_week_operator.py
[2026-06-12T11:07:10.278+0000] {processor.py:840} INFO - DAG(s) 'example_weekday_branch_operator' retrieved from /home/airflow/.local/lib/python3.8/site-packages/airflow/example_dags/example_branch_day_of_week_operator.py
[2026-06-12T11:07:10.316+0000] {logging_mixin.py:188} INFO - [2026-06-12T11:07:10.316+0000] {dag.py:3036} INFO - Sync 1 DAGs
[2026-06-12T11:07:10.354+0000] {logging_mixin.py:188} INFO - [2026-06-12T11:07:10.353+0000] {dag.py:3823} INFO - Setting next_dagrun for example_weekday_branch_operator to 2026-06-11 00:00:00+00:00, run_after=2026-06-12 00:00:00+00:00
[2026-06-12T11:07:10.381+0000] {processor.py:183} INFO - Processing /home/airflow/.local/lib/python3.8/site-packages/airflow/example_dags/example_branch_day_of_week_operator.py took 0.125 seconds
[2026-06-12T11:07:40.547+0000] {processor.py:161} INFO - Started process (PID=692) to work on /home/airflow/.local/lib/python3.8/site-packages/airflow/example_dags/example_branch_day_of_week_operator.py
[2026-06-12T11:07:40.548+0000] {processor.py:830} INFO - Processing file /home/airflow/.local/lib/python3.8/site-packages/airflow/example_dags/example_branch_day_of_week_operator.py for tasks to queue
[2026-06-12T11:07:40.550+0000] {logging_mixin.py:188} INFO - [2026-06-12T11:07:40.550+0000] {dagbag.py:538} INFO - Filling up the DagBag from /home/airflow/.local/lib/python3.8/site-packages/airflow/example_dags/example_branch_day_of_week_operator.py
[2026-06-12T11:07:40.563+0000] {processor.py:840} INFO - DAG(s) 'example_weekday_branch_operator' retrieved from /home/airflow/.local/lib/python3.8/site-packages/airflow/example_dags/example_branch_day_of_week_operator.py
[2026-06-12T11:07:40.604+0000] {logging_mixin.py:188} INFO - [2026-06-12T11:07:40.603+0000] {dag.py:3036} INFO - Sync 1 DAGs
[2026-06-12T11:07:40.646+0000] {logging_mixin.py:188} INFO - [2026-06-12T11:07:40.646+0000] {dag.py:3823} INFO - Setting next_dagrun for example_weekday_branch_operator to 2026-06-11 00:00:00+00:00, run_after=2026-06-12 00:00:00+00:00
[2026-06-12T11:07:40.674+0000] {processor.py:183} INFO - Processing /home/airflow/.local/lib/python3.8/site-packages/airflow/example_dags/example_branch_day_of_week_operator.py took 0.133 seconds
[2026-06-12T11:08:10.958+0000] {processor.py:161} INFO - Started process (PID=758) to work on /home/airflow/.local/lib/python3.8/site-packages/airflow/example_dags/example_branch_day_of_week_operator.py
[2026-06-12T11:08:10.960+0000] {processor.py:830} INFO - Processing file /home/airflow/.local/lib/python3.8/site-packages/airflow/example_dags/example_branch_day_of_week_operator.py for tasks to queue
[2026-06-12T11:08:10.963+0000] {logging_mixin.py:188} INFO - [2026-06-12T11:08:10.962+0000] {dagbag.py:538} INFO - Filling up the DagBag from /home/airflow/.local/lib/python3.8/site-packages/airflow/example_dags/example_branch_day_of_week_operator.py
[2026-06-12T11:08:10.977+0000] {processor.py:840} INFO - DAG(s) 'example_weekday_branch_operator' retrieved from /home/airflow/.local/lib/python3.8/site-packages/airflow/example_dags/example_branch_day_of_week_operator.py
[2026-06-12T11:08:11.021+0000] {logging_mixin.py:188} INFO - [2026-06-12T11:08:11.021+0000] {dag.py:3036} INFO - Sync 1 DAGs
[2026-06-12T11:08:11.068+0000] {logging_mixin.py:188} INFO - [2026-06-12T11:08:11.067+0000] {dag.py:3823} INFO - Setting next_dagrun for example_weekday_branch_operator to 2026-06-11 00:00:00+00:00, run_after=2026-06-12 00:00:00+00:00
[2026-06-12T11:08:11.099+0000] {processor.py:183} INFO - Processing /home/airflow/.local/lib/python3.8/site-packages/airflow/example_dags/example_branch_day_of_week_operator.py took 0.146 seconds
[2026-06-12T11:08:41.160+0000] {processor.py:161} INFO - Started process (PID=824) to work on /home/airflow/.local/lib/python3.8/site-packages/airflow/example_dags/example_branch_day_of_week_operator.py
[2026-06-12T11:08:41.161+0000] {processor.py:830} INFO - Processing file /home/airflow/.local/lib/python3.8/site-packages/airflow/example_dags/example_branch_day_of_week_operator.py for tasks to queue
[2026-06-12T11:08:41.163+0000] {logging_mixin.py:188} INFO - [2026-06-12T11:08:41.163+0000] {dagbag.py:538} INFO - Filling up the DagBag from /home/airflow/.local/lib/python3.8/site-packages/airflow/example_dags/example_branch_day_of_week_operator.py
[2026-06-12T11:08:41.176+0000] {processor.py:840} INFO - DAG(s) 'example_weekday_branch_operator' retrieved from /home/airflow/.local/lib/python3.8/site-packages/airflow/example_dags/example_branch_day_of_week_operator.py
[2026-06-12T11:08:41.217+0000] {logging_mixin.py:188} INFO - [2026-06-12T11:08:41.216+0000] {dag.py:3036} INFO - Sync 1 DAGs
[2026-06-12T11:08:41.263+0000] {logging_mixin.py:188} INFO - [2026-06-12T11:08:41.262+0000] {dag.py:3823} INFO - Setting next_dagrun for example_weekday_branch_operator to 2026-06-11 00:00:00+00:00, run_after=2026-06-12 00:00:00+00:00
[2026-06-12T11:08:41.295+0000] {processor.py:183} INFO - Processing /home/airflow/.local/lib/python3.8/site-packages/airflow/example_dags/example_branch_day_of_week_operator.py took 0.140 seconds
[2026-06-12T11:09:11.507+0000] {processor.py:161} INFO - Started process (PID=889) to work on /home/airflow/.local/lib/python3.8/site-packages/airflow/example_dags/example_branch_day_of_week_operator.py
[2026-06-12T11:09:11.509+0000] {processor.py:830} INFO - Processing file /home/airflow/.local/lib/python3.8/site-packages/airflow/example_dags/example_branch_day_of_week_operator.py for tasks to queue
[2026-06-12T11:09:11.511+0000] {logging_mixin.py:188} INFO - [2026-06-12T11:09:11.511+0000] {dagbag.py:538} INFO - Filling up the DagBag from /home/airflow/.local/lib/python3.8/site-packages/airflow/example_dags/example_branch_day_of_week_operator.py
[2026-06-12T11:09:11.524+0000] {processor.py:840} INFO - DAG(s) 'example_weekday_branch_operator' retrieved from /home/airflow/.local/lib/python3.8/site-packages/airflow/example_dags/example_branch_day_of_week_operator.py
[2026-06-12T11:09:11.559+0000] {logging_mixin.py:188} INFO - [2026-06-12T11:09:11.558+0000] {dag.py:3036} INFO - Sync 1 DAGs
[2026-06-12T11:09:11.601+0000] {logging_mixin.py:188} INFO - [2026-06-12T11:09:11.600+0000] {dag.py:3823} INFO - Setting next_dagrun for example_weekday_branch_operator to 2026-06-11 00:00:00+00:00, run_after=2026-06-12 00:00:00+00:00
[2026-06-12T11:09:11.630+0000] {processor.py:183} INFO - Processing /home/airflow/.local/lib/python3.8/site-packages/airflow/example_dags/example_branch_day_of_week_operator.py took 0.128 seconds
[2026-06-12T11:09:42.119+0000] {processor.py:161} INFO - Started process (PID=962) to work on /home/airflow/.local/lib/python3.8/site-packages/airflow/example_dags/example_branch_day_of_week_operator.py
[2026-06-12T11:09:42.121+0000] {processor.py:830} INFO - Processing file /home/airflow/.local/lib/python3.8/site-packages/airflow/example_dags/example_branch_day_of_week_operator.py for tasks to queue
[2026-06-12T11:09:42.124+0000] {logging_mixin.py:188} INFO - [2026-06-12T11:09:42.123+0000] {dagbag.py:538} INFO - Filling up the DagBag from /home/airflow/.local/lib/python3.8/site-packages/airflow/example_dags/example_branch_day_of_week_operator.py
[2026-06-12T11:09:42.139+0000] {processor.py:840} INFO - DAG(s) 'example_weekday_branch_operator' retrieved from /home/airflow/.local/lib/python3.8/site-packages/airflow/example_dags/example_branch_day_of_week_operator.py
[2026-06-12T11:09:42.182+0000] {logging_mixin.py:188} INFO - [2026-06-12T11:09:42.181+0000] {dag.py:3036} INFO - Sync 1 DAGs
[2026-06-12T11:09:42.228+0000] {logging_mixin.py:188} INFO - [2026-06-12T11:09:42.227+0000] {dag.py:3823} INFO - Setting next_dagrun for example_weekday_branch_operator to 2026-06-11 00:00:00+00:00, run_after=2026-06-12 00:00:00+00:00
[2026-06-12T11:09:42.258+0000] {processor.py:183} INFO - Processing /home/airflow/.local/lib/python3.8/site-packages/airflow/example_dags/example_branch_day_of_week_operator.py took 0.145 seconds
[2026-06-12T11:10:12.672+0000] {processor.py:161} INFO - Started process (PID=1029) to work on /home/airflow/.local/lib/python3.8/site-packages/airflow/example_dags/example_branch_day_of_week_operator.py
[2026-06-12T11:10:12.674+0000] {processor.py:830} INFO - Processing file /home/airflow/.local/lib/python3.8/site-packages/airflow/example_dags/example_branch_day_of_week_operator.py for tasks to queue
[2026-06-12T11:10:12.677+0000] {logging_mixin.py:188} INFO - [2026-06-12T11:10:12.676+0000] {dagbag.py:538} INFO - Filling up the DagBag from /home/airflow/.local/lib/python3.8/site-packages/airflow/example_dags/example_branch_day_of_week_operator.py
[2026-06-12T11:10:12.692+0000] {processor.py:840} INFO - DAG(s) 'example_weekday_branch_operator' retrieved from /home/airflow/.local/lib/python3.8/site-packages/airflow/example_dags/example_branch_day_of_week_operator.py
[2026-06-12T11:10:12.735+0000] {logging_mixin.py:188} INFO - [2026-06-12T11:10:12.735+0000] {dag.py:3036} INFO - Sync 1 DAGs
[2026-06-12T11:10:12.779+0000] {logging_mixin.py:188} INFO - [2026-06-12T11:10:12.779+0000] {dag.py:3823} INFO - Setting next_dagrun for example_weekday_branch_operator to 2026-06-11 00:00:00+00:00, run_after=2026-06-12 00:00:00+00:00
[2026-06-12T11:10:12.812+0000] {processor.py:183} INFO - Processing /home/airflow/.local/lib/python3.8/site-packages/airflow/example_dags/example_branch_day_of_week_operator.py took 0.146 seconds
[2026-06-12T11:10:43.028+0000] {processor.py:161} INFO - Started process (PID=1094) to work on /home/airflow/.local/lib/python3.8/site-packages/airflow/example_dags/example_branch_day_of_week_operator.py
[2026-06-12T11:10:43.029+0000] {processor.py:830} INFO - Processing file /home/airflow/.local/lib/python3.8/site-packages/airflow/example_dags/example_branch_day_of_week_operator.py for tasks to queue
[2026-06-12T11:10:43.032+0000] {logging_mixin.py:188} INFO - [2026-06-12T11:10:43.031+0000] {dagbag.py:538} INFO - Filling up the DagBag from /home/airflow/.local/lib/python3.8/site-packages/airflow/example_dags/example_branch_day_of_week_operator.py
[2026-06-12T11:10:43.043+0000] {processor.py:840} INFO - DAG(s) 'example_weekday_branch_operator' retrieved from /home/airflow/.local/lib/python3.8/site-packages/airflow/example_dags/example_branch_day_of_week_operator.py
[2026-06-12T11:10:43.085+0000] {logging_mixin.py:188} INFO - [2026-06-12T11:10:43.084+0000] {dag.py:3036} INFO - Sync 1 DAGs
[2026-06-12T11:10:43.130+0000] {logging_mixin.py:188} INFO - [2026-06-12T11:10:43.129+0000] {dag.py:3823} INFO - Setting next_dagrun for example_weekday_branch_operator to 2026-06-11 00:00:00+00:00, run_after=2026-06-12 00:00:00+00:00
[2026-06-12T11:10:43.194+0000] {processor.py:183} INFO - Processing /home/airflow/.local/lib/python3.8/site-packages/airflow/example_dags/example_branch_day_of_week_operator.py took 0.171 seconds
[2026-06-12T11:11:13.258+0000] {processor.py:161} INFO - Started process (PID=1160) to work on /home/airflow/.local/lib/python3.8/site-packages/airflow/example_dags/example_branch_day_of_week_operator.py
[2026-06-12T11:11:13.260+0000] {processor.py:830} INFO - Processing file /home/airflow/.local/lib/python3.8/site-packages/airflow/example_dags/example_branch_day_of_week_operator.py for tasks to queue
[2026-06-12T11:11:13.263+0000] {logging_mixin.py:188} INFO - [2026-06-12T11:11:13.262+0000] {dagbag.py:538} INFO - Filling up the DagBag from /home/airflow/.local/lib/python3.8/site-packages/airflow/example_dags/example_branch_day_of_week_operator.py
[2026-06-12T11:11:13.278+0000] {processor.py:840} INFO - DAG(s) 'example_weekday_branch_operator' retrieved from /home/airflow/.local/lib/python3.8/site-packages/airflow/example_dags/example_branch_day_of_week_operator.py
[2026-06-12T11:11:13.322+0000] {logging_mixin.py:188} INFO - [2026-06-12T11:11:13.322+0000] {dag.py:3036} INFO - Sync 1 DAGs
[2026-06-12T11:11:13.370+0000] {logging_mixin.py:188} INFO - [2026-06-12T11:11:13.369+0000] {dag.py:3823} INFO - Setting next_dagrun for example_weekday_branch_operator to 2026-06-11 00:00:00+00:00, run_after=2026-06-12 00:00:00+00:00
[2026-06-12T11:11:13.406+0000] {processor.py:183} INFO - Processing /home/airflow/.local/lib/python3.8/site-packages/airflow/example_dags/example_branch_day_of_week_operator.py took 0.155 seconds
[2026-06-12T11:11:43.825+0000] {processor.py:161} INFO - Started process (PID=1227) to work on /home/airflow/.local/lib/python3.8/site-packages/airflow/example_dags/example_branch_day_of_week_operator.py
[2026-06-12T11:11:43.827+0000] {processor.py:830} INFO - Processing file /home/airflow/.local/lib/python3.8/site-packages/airflow/example_dags/example_branch_day_of_week_operator.py for tasks to queue
[2026-06-12T11:11:43.830+0000] {logging_mixin.py:188} INFO - [2026-06-12T11:11:43.829+0000] {dagbag.py:538} INFO - Filling up the DagBag from /home/airflow/.local/lib/python3.8/site-packages/airflow/example_dags/example_branch_day_of_week_operator.py
[2026-06-12T11:11:43.842+0000] {processor.py:840} INFO - DAG(s) 'example_weekday_branch_operator' retrieved from /home/airflow/.local/lib/python3.8/site-packages/airflow/example_dags/example_branch_day_of_week_operator.py
[2026-06-12T11:11:43.882+0000] {logging_mixin.py:188} INFO - [2026-06-12T11:11:43.882+0000] {dag.py:3036} INFO - Sync 1 DAGs
[2026-06-12T11:11:43.920+0000] {logging_mixin.py:188} INFO - [2026-06-12T11:11:43.920+0000] {dag.py:3823} INFO - Setting next_dagrun for example_weekday_branch_operator to 2026-06-11 00:00:00+00:00, run_after=2026-06-12 00:00:00+00:00
[2026-06-12T11:11:43.954+0000] {processor.py:183} INFO - Processing /home/airflow/.local/lib/python3.8/site-packages/airflow/example_dags/example_branch_day_of_week_operator.py took 0.134 seconds
[2026-06-12T11:12:14.254+0000] {processor.py:161} INFO - Started process (PID=1293) to work on /home/airflow/.local/lib/python3.8/site-packages/airflow/example_dags/example_branch_day_of_week_operator.py
[2026-06-12T11:12:14.256+0000] {processor.py:830} INFO - Processing file /home/airflow/.local/lib/python3.8/site-packages/airflow/example_dags/example_branch_day_of_week_operator.py for tasks to queue
[2026-06-12T11:12:14.259+0000] {logging_mixin.py:188} INFO - [2026-06-12T11:12:14.258+0000] {dagbag.py:538} INFO - Filling up the DagBag from /home/airflow/.local/lib/python3.8/site-packages/airflow/example_dags/example_branch_day_of_week_operator.py
[2026-06-12T11:12:14.271+0000] {processor.py:840} INFO - DAG(s) 'example_weekday_branch_operator' retrieved from /home/airflow/.local/lib/python3.8/site-packages/airflow/example_dags/example_branch_day_of_week_operator.py
[2026-06-12T11:12:14.321+0000] {logging_mixin.py:188} INFO - [2026-06-12T11:12:14.321+0000] {dag.py:3036} INFO - Sync 1 DAGs
[2026-06-12T11:12:14.383+0000] {logging_mixin.py:188} INFO - [2026-06-12T11:12:14.382+0000] {dag.py:3823} INFO - Setting next_dagrun for example_weekday_branch_operator to 2026-06-11 00:00:00+00:00, run_after=2026-06-12 00:00:00+00:00
[2026-06-12T11:12:14.423+0000] {processor.py:183} INFO - Processing /home/airflow/.local/lib/python3.8/site-packages/airflow/example_dags/example_branch_day_of_week_operator.py took 0.174 seconds
[2026-06-12T11:12:44.513+0000] {processor.py:161} INFO - Started process (PID=1360) to work on /home/airflow/.local/lib/python3.8/site-packages/airflow/example_dags/example_branch_day_of_week_operator.py
[2026-06-12T11:12:44.514+0000] {processor.py:830} INFO - Processing file /home/airflow/.local/lib/python3.8/site-packages/airflow/example_dags/example_branch_day_of_week_operator.py for tasks to queue
[2026-06-12T11:12:44.517+0000] {logging_mixin.py:188} INFO - [2026-06-12T11:12:44.517+0000] {dagbag.py:538} INFO - Filling up the DagBag from /home/airflow/.local/lib/python3.8/site-packages/airflow/example_dags/example_branch_day_of_week_operator.py
[2026-06-12T11:12:44.529+0000] {processor.py:840} INFO - DAG(s) 'example_weekday_branch_operator' retrieved from /home/airflow/.local/lib/python3.8/site-packages/airflow/example_dags/example_branch_day_of_week_operator.py
[2026-06-12T11:12:44.570+0000] {logging_mixin.py:188} INFO - [2026-06-12T11:12:44.569+0000] {dag.py:3036} INFO - Sync 1 DAGs
[2026-06-12T11:12:44.613+0000] {logging_mixin.py:188} INFO - [2026-06-12T11:12:44.613+0000] {dag.py:3823} INFO - Setting next_dagrun for example_weekday_branch_operator to 2026-06-11 00:00:00+00:00, run_after=2026-06-12 00:00:00+00:00
[2026-06-12T11:12:44.646+0000] {processor.py:183} INFO - Processing /home/airflow/.local/lib/python3.8/site-packages/airflow/example_dags/example_branch_day_of_week_operator.py took 0.138 seconds
[2026-06-12T11:13:14.891+0000] {processor.py:161} INFO - Started process (PID=1427) to work on /home/airflow/.local/lib/python3.8/site-packages/airflow/example_dags/example_branch_day_of_week_operator.py
[2026-06-12T11:13:14.894+0000] {processor.py:830} INFO - Processing file /home/airflow/.local/lib/python3.8/site-packages/airflow/example_dags/example_branch_day_of_week_operator.py for tasks to queue
[2026-06-12T11:13:14.897+0000] {logging_mixin.py:188} INFO - [2026-06-12T11:13:14.897+0000] {dagbag.py:538} INFO - Filling up the DagBag from /home/airflow/.local/lib/python3.8/site-packages/airflow/example_dags/example_branch_day_of_week_operator.py
[2026-06-12T11:13:14.909+0000] {processor.py:840} INFO - DAG(s) 'example_weekday_branch_operator' retrieved from /home/airflow/.local/lib/python3.8/site-packages/airflow/example_dags/example_branch_day_of_week_operator.py
[2026-06-12T11:13:14.951+0000] {logging_mixin.py:188} INFO - [2026-06-12T11:13:14.951+0000] {dag.py:3036} INFO - Sync 1 DAGs
[2026-06-12T11:13:14.991+0000] {logging_mixin.py:188} INFO - [2026-06-12T11:13:14.991+0000] {dag.py:3823} INFO - Setting next_dagrun for example_weekday_branch_operator to 2026-06-11 00:00:00+00:00, run_after=2026-06-12 00:00:00+00:00
[2026-06-12T11:13:15.020+0000] {processor.py:183} INFO - Processing /home/airflow/.local/lib/python3.8/site-packages/airflow/example_dags/example_branch_day_of_week_operator.py took 0.134 seconds
[2026-06-12T11:13:45.490+0000] {processor.py:161} INFO - Started process (PID=1492) to work on /home/airflow/.local/lib/python3.8/site-packages/airflow/example_dags/example_branch_day_of_week_operator.py
[2026-06-12T11:13:45.492+0000] {processor.py:830} INFO - Processing file /home/airflow/.local/lib/python3.8/site-packages/airflow/example_dags/example_branch_day_of_week_operator.py for tasks to queue
[2026-06-12T11:13:45.495+0000] {logging_mixin.py:188} INFO - [2026-06-12T11:13:45.494+0000] {dagbag.py:538} INFO - Filling up the DagBag from /home/airflow/.local/lib/python3.8/site-packages/airflow/example_dags/example_branch_day_of_week_operator.py
[2026-06-12T11:13:45.509+0000] {processor.py:840} INFO - DAG(s) 'example_weekday_branch_operator' retrieved from /home/airflow/.local/lib/python3.8/site-packages/airflow/example_dags/example_branch_day_of_week_operator.py
[2026-06-12T11:13:45.546+0000] {logging_mixin.py:188} INFO - [2026-06-12T11:13:45.546+0000] {dag.py:3036} INFO - Sync 1 DAGs
[2026-06-12T11:13:45.594+0000] {logging_mixin.py:188} INFO - [2026-06-12T11:13:45.593+0000] {dag.py:3823} INFO - Setting next_dagrun for example_weekday_branch_operator to 2026-06-11 00:00:00+00:00, run_after=2026-06-12 00:00:00+00:00
[2026-06-12T11:13:45.628+0000] {processor.py:183} INFO - Processing /home/airflow/.local/lib/python3.8/site-packages/airflow/example_dags/example_branch_day_of_week_operator.py took 0.145 seconds
[2026-06-12T11:14:15.871+0000] {processor.py:161} INFO - Started process (PID=1566) to work on /home/airflow/.local/lib/python3.8/site-packages/airflow/example_dags/example_branch_day_of_week_operator.py
[2026-06-12T11:14:15.873+0000] {processor.py:830} INFO - Processing file /home/airflow/.local/lib/python3.8/site-packages/airflow/example_dags/example_branch_day_of_week_operator.py for tasks to queue
[2026-06-12T11:14:15.876+0000] {logging_mixin.py:188} INFO - [2026-06-12T11:14:15.875+0000] {dagbag.py:538} INFO - Filling up the DagBag from /home/airflow/.local/lib/python3.8/site-packages/airflow/example_dags/example_branch_day_of_week_operator.py
[2026-06-12T11:14:15.890+0000] {processor.py:840} INFO - DAG(s) 'example_weekday_branch_operator' retrieved from /home/airflow/.local/lib/python3.8/site-packages/airflow/example_dags/example_branch_day_of_week_operator.py
[2026-06-12T11:14:15.933+0000] {logging_mixin.py:188} INFO - [2026-06-12T11:14:15.933+0000] {dag.py:3036} INFO - Sync 1 DAGs
[2026-06-12T11:14:15.981+0000] {logging_mixin.py:188} INFO - [2026-06-12T11:14:15.980+0000] {dag.py:3823} INFO - Setting next_dagrun for example_weekday_branch_operator to 2026-06-11 00:00:00+00:00, run_after=2026-06-12 00:00:00+00:00
[2026-06-12T11:14:16.017+0000] {processor.py:183} INFO - Processing /home/airflow/.local/lib/python3.8/site-packages/airflow/example_dags/example_branch_day_of_week_operator.py took 0.151 seconds
[2026-06-12T11:14:46.392+0000] {processor.py:161} INFO - Started process (PID=1633) to work on /home/airflow/.local/lib/python3.8/site-packages/airflow/example_dags/example_branch_day_of_week_operator.py
[2026-06-12T11:14:46.398+0000] {processor.py:830} INFO - Processing file /home/airflow/.local/lib/python3.8/site-packages/airflow/example_dags/example_branch_day_of_week_operator.py for tasks to queue
[2026-06-12T11:14:46.401+0000] {logging_mixin.py:188} INFO - [2026-06-12T11:14:46.400+0000] {dagbag.py:538} INFO - Filling up the DagBag from /home/airflow/.local/lib/python3.8/site-packages/airflow/example_dags/example_branch_day_of_week_operator.py
[2026-06-12T11:14:46.416+0000] {processor.py:840} INFO - DAG(s) 'example_weekday_branch_operator' retrieved from /home/airflow/.local/lib/python3.8/site-packages/airflow/example_dags/example_branch_day_of_week_operator.py
[2026-06-12T11:14:46.462+0000] {logging_mixin.py:188} INFO - [2026-06-12T11:14:46.461+0000] {dag.py:3036} INFO - Sync 1 DAGs
[2026-06-12T11:14:46.510+0000] {logging_mixin.py:188} INFO - [2026-06-12T11:14:46.509+0000] {dag.py:3823} INFO - Setting next_dagrun for example_weekday_branch_operator to 2026-06-11 00:00:00+00:00, run_after=2026-06-12 00:00:00+00:00
[2026-06-12T11:14:46.544+0000] {processor.py:183} INFO - Processing /home/airflow/.local/lib/python3.8/site-packages/airflow/example_dags/example_branch_day_of_week_operator.py took 0.169 seconds
[2026-06-12T11:15:16.791+0000] {processor.py:161} INFO - Started process (PID=1699) to work on /home/airflow/.local/lib/python3.8/site-packages/airflow/example_dags/example_branch_day_of_week_operator.py
[2026-06-12T11:15:16.794+0000] {processor.py:830} INFO - Processing file /home/airflow/.local/lib/python3.8/site-packages/airflow/example_dags/example_branch_day_of_week_operator.py for tasks to queue
[2026-06-12T11:15:16.797+0000] {logging_mixin.py:188} INFO - [2026-06-12T11:15:16.796+0000] {dagbag.py:538} INFO - Filling up the DagBag from /home/airflow/.local/lib/python3.8/site-packages/airflow/example_dags/example_branch_day_of_week_operator.py
[2026-06-12T11:15:16.813+0000] {processor.py:840} INFO - DAG(s) 'example_weekday_branch_operator' retrieved from /home/airflow/.local/lib/python3.8/site-packages/airflow/example_dags/example_branch_day_of_week_operator.py
[2026-06-12T11:15:16.855+0000] {logging_mixin.py:188} INFO - [2026-06-12T11:15:16.855+0000] {dag.py:3036} INFO - Sync 1 DAGs
[2026-06-12T11:15:16.900+0000] {logging_mixin.py:188} INFO - [2026-06-12T11:15:16.899+0000] {dag.py:3823} INFO - Setting next_dagrun for example_weekday_branch_operator to 2026-06-11 00:00:00+00:00, run_after=2026-06-12 00:00:00+00:00
[2026-06-12T11:15:16.932+0000] {processor.py:183} INFO - Processing /home/airflow/.local/lib/python3.8/site-packages/airflow/example_dags/example_branch_day_of_week_operator.py took 0.147 seconds
[2026-06-12T11:15:47.235+0000] {processor.py:161} INFO - Started process (PID=1765) to work on /home/airflow/.local/lib/python3.8/site-packages/airflow/example_dags/example_branch_day_of_week_operator.py
[2026-06-12T11:15:47.236+0000] {processor.py:830} INFO - Processing file /home/airflow/.local/lib/python3.8/site-packages/airflow/example_dags/example_branch_day_of_week_operator.py for tasks to queue
[2026-06-12T11:15:47.239+0000] {logging_mixin.py:188} INFO - [2026-06-12T11:15:47.238+0000] {dagbag.py:538} INFO - Filling up the DagBag from /home/airflow/.local/lib/python3.8/site-packages/airflow/example_dags/example_branch_day_of_week_operator.py
[2026-06-12T11:15:47.254+0000] {processor.py:840} INFO - DAG(s) 'example_weekday_branch_operator' retrieved from /home/airflow/.local/lib/python3.8/site-packages/airflow/example_dags/example_branch_day_of_week_operator.py
[2026-06-12T11:15:47.304+0000] {logging_mixin.py:188} INFO - [2026-06-12T11:15:47.304+0000] {dag.py:3036} INFO - Sync 1 DAGs
[2026-06-12T11:15:47.369+0000] {logging_mixin.py:188} INFO - [2026-06-12T11:15:47.369+0000] {dag.py:3823} INFO - Setting next_dagrun for example_weekday_branch_operator to 2026-06-11 00:00:00+00:00, run_after=2026-06-12 00:00:00+00:00
[2026-06-12T11:15:47.403+0000] {processor.py:183} INFO - Processing /home/airflow/.local/lib/python3.8/site-packages/airflow/example_dags/example_branch_day_of_week_operator.py took 0.175 seconds
[2026-06-12T11:16:17.737+0000] {processor.py:161} INFO - Started process (PID=1830) to work on /home/airflow/.local/lib/python3.8/site-packages/airflow/example_dags/example_branch_day_of_week_operator.py
[2026-06-12T11:16:17.739+0000] {processor.py:830} INFO - Processing file /home/airflow/.local/lib/python3.8/site-packages/airflow/example_dags/example_branch_day_of_week_operator.py for tasks to queue
[2026-06-12T11:16:17.742+0000] {logging_mixin.py:188} INFO - [2026-06-12T11:16:17.741+0000] {dagbag.py:538} INFO - Filling up the DagBag from /home/airflow/.local/lib/python3.8/site-packages/airflow/example_dags/example_branch_day_of_week_operator.py
[2026-06-12T11:16:17.756+0000] {processor.py:840} INFO - DAG(s) 'example_weekday_branch_operator' retrieved from /home/airflow/.local/lib/python3.8/site-packages/airflow/example_dags/example_branch_day_of_week_operator.py
[2026-06-12T11:16:17.794+0000] {logging_mixin.py:188} INFO - [2026-06-12T11:16:17.794+0000] {dag.py:3036} INFO - Sync 1 DAGs
[2026-06-12T11:16:17.834+0000] {logging_mixin.py:188} INFO - [2026-06-12T11:16:17.834+0000] {dag.py:3823} INFO - Setting next_dagrun for example_weekday_branch_operator to 2026-06-11 00:00:00+00:00, run_after=2026-06-12 00:00:00+00:00
[2026-06-12T11:16:17.866+0000] {processor.py:183} INFO - Processing /home/airflow/.local/lib/python3.8/site-packages/airflow/example_dags/example_branch_day_of_week_operator.py took 0.135 seconds
[2026-06-12T11:16:48.057+0000] {processor.py:161} INFO - Started process (PID=1895) to work on /home/airflow/.local/lib/python3.8/site-packages/airflow/example_dags/example_branch_day_of_week_operator.py
[2026-06-12T11:16:48.059+0000] {processor.py:830} INFO - Processing file /home/airflow/.local/lib/python3.8/site-packages/airflow/example_dags/example_branch_day_of_week_operator.py for tasks to queue
[2026-06-12T11:16:48.061+0000] {logging_mixin.py:188} INFO - [2026-06-12T11:16:48.061+0000] {dagbag.py:538} INFO - Filling up the DagBag from /home/airflow/.local/lib/python3.8/site-packages/airflow/example_dags/example_branch_day_of_week_operator.py
[2026-06-12T11:16:48.074+0000] {processor.py:840} INFO - DAG(s) 'example_weekday_branch_operator' retrieved from /home/airflow/.local/lib/python3.8/site-packages/airflow/example_dags/example_branch_day_of_week_operator.py
[2026-06-12T11:16:48.114+0000] {logging_mixin.py:188} INFO - [2026-06-12T11:16:48.113+0000] {dag.py:3036} INFO - Sync 1 DAGs
[2026-06-12T11:16:48.151+0000] {logging_mixin.py:188} INFO - [2026-06-12T11:16:48.150+0000] {dag.py:3823} INFO - Setting next_dagrun for example_weekday_branch_operator to 2026-06-11 00:00:00+00:00, run_after=2026-06-12 00:00:00+00:00
[2026-06-12T11:16:48.180+0000] {processor.py:183} INFO - Processing /home/airflow/.local/lib/python3.8/site-packages/airflow/example_dags/example_branch_day_of_week_operator.py took 0.128 seconds
[2026-06-12T11:17:18.565+0000] {processor.py:161} INFO - Started process (PID=1960) to work on /home/airflow/.local/lib/python3.8/site-packages/airflow/example_dags/example_branch_day_of_week_operator.py
[2026-06-12T11:17:18.566+0000] {processor.py:830} INFO - Processing file /home/airflow/.local/lib/python3.8/site-packages/airflow/example_dags/example_branch_day_of_week_operator.py for tasks to queue
[2026-06-12T11:17:18.569+0000] {logging_mixin.py:188} INFO - [2026-06-12T11:17:18.568+0000] {dagbag.py:538} INFO - Filling up the DagBag from /home/airflow/.local/lib/python3.8/site-packages/airflow/example_dags/example_branch_day_of_week_operator.py
[2026-06-12T11:17:18.580+0000] {processor.py:840} INFO - DAG(s) 'example_weekday_branch_operator' retrieved from /home/airflow/.local/lib/python3.8/site-packages/airflow/example_dags/example_branch_day_of_week_operator.py
[2026-06-12T11:17:18.621+0000] {logging_mixin.py:188} INFO - [2026-06-12T11:17:18.620+0000] {dag.py:3036} INFO - Sync 1 DAGs
[2026-06-12T11:17:18.664+0000] {logging_mixin.py:188} INFO - [2026-06-12T11:17:18.664+0000] {dag.py:3823} INFO - Setting next_dagrun for example_weekday_branch_operator to 2026-06-11 00:00:00+00:00, run_after=2026-06-12 00:00:00+00:00
[2026-06-12T11:17:18.693+0000] {processor.py:183} INFO - Processing /home/airflow/.local/lib/python3.8/site-packages/airflow/example_dags/example_branch_day_of_week_operator.py took 0.133 seconds
[2026-06-12T11:17:49.080+0000] {processor.py:161} INFO - Started process (PID=2026) to work on /home/airflow/.local/lib/python3.8/site-packages/airflow/example_dags/example_branch_day_of_week_operator.py
[2026-06-12T11:17:49.081+0000] {processor.py:830} INFO - Processing file /home/airflow/.local/lib/python3.8/site-packages/airflow/example_dags/example_branch_day_of_week_operator.py for tasks to queue
[2026-06-12T11:17:49.084+0000] {logging_mixin.py:188} INFO - [2026-06-12T11:17:49.083+0000] {dagbag.py:538} INFO - Filling up the DagBag from /home/airflow/.local/lib/python3.8/site-packages/airflow/example_dags/example_branch_day_of_week_operator.py
[2026-06-12T11:17:49.095+0000] {processor.py:840} INFO - DAG(s) 'example_weekday_branch_operator' retrieved from /home/airflow/.local/lib/python3.8/site-packages/airflow/example_dags/example_branch_day_of_week_operator.py
[2026-06-12T11:17:49.130+0000] {logging_mixin.py:188} INFO - [2026-06-12T11:17:49.129+0000] {dag.py:3036} INFO - Sync 1 DAGs
[2026-06-12T11:17:49.165+0000] {logging_mixin.py:188} INFO - [2026-06-12T11:17:49.165+0000] {dag.py:3823} INFO - Setting next_dagrun for example_weekday_branch_operator to 2026-06-11 00:00:00+00:00, run_after=2026-06-12 00:00:00+00:00
[2026-06-12T11:17:49.193+0000] {processor.py:183} INFO - Processing /home/airflow/.local/lib/python3.8/site-packages/airflow/example_dags/example_branch_day_of_week_operator.py took 0.118 seconds
[2026-06-12T11:18:19.361+0000] {processor.py:161} INFO - Started process (PID=2092) to work on /home/airflow/.local/lib/python3.8/site-packages/airflow/example_dags/example_branch_day_of_week_operator.py
[2026-06-12T11:18:19.363+0000] {processor.py:830} INFO - Processing file /home/airflow/.local/lib/python3.8/site-packages/airflow/example_dags/example_branch_day_of_week_operator.py for tasks to queue
[2026-06-12T11:18:19.365+0000] {logging_mixin.py:188} INFO - [2026-06-12T11:18:19.365+0000] {dagbag.py:538} INFO - Filling up the DagBag from /home/airflow/.local/lib/python3.8/site-packages/airflow/example_dags/example_branch_day_of_week_operator.py
[2026-06-12T11:18:19.377+0000] {processor.py:840} INFO - DAG(s) 'example_weekday_branch_operator' retrieved from /home/airflow/.local/lib/python3.8/site-packages/airflow/example_dags/example_branch_day_of_week_operator.py
[2026-06-12T11:18:19.414+0000] {logging_mixin.py:188} INFO - [2026-06-12T11:18:19.414+0000] {dag.py:3036} INFO - Sync 1 DAGs
[2026-06-12T11:18:19.450+0000] {logging_mixin.py:188} INFO - [2026-06-12T11:18:19.450+0000] {dag.py:3823} INFO - Setting next_dagrun for example_weekday_branch_operator to 2026-06-11 00:00:00+00:00, run_after=2026-06-12 00:00:00+00:00
[2026-06-12T11:18:19.477+0000] {processor.py:183} INFO - Processing /home/airflow/.local/lib/python3.8/site-packages/airflow/example_dags/example_branch_day_of_week_operator.py took 0.120 seconds
[2026-06-12T11:18:49.641+0000] {processor.py:161} INFO - Started process (PID=2158) to work on /home/airflow/.local/lib/python3.8/site-packages/airflow/example_dags/example_branch_day_of_week_operator.py
[2026-06-12T11:18:49.643+0000] {processor.py:830} INFO - Processing file /home/airflow/.local/lib/python3.8/site-packages/airflow/example_dags/example_branch_day_of_week_operator.py for tasks to queue
[2026-06-12T11:18:49.645+0000] {logging_mixin.py:188} INFO - [2026-06-12T11:18:49.645+0000] {dagbag.py:538} INFO - Filling up the DagBag from /home/airflow/.local/lib/python3.8/site-packages/airflow/example_dags/example_branch_day_of_week_operator.py
[2026-06-12T11:18:49.657+0000] {processor.py:840} INFO - DAG(s) 'example_weekday_branch_operator' retrieved from /home/airflow/.local/lib/python3.8/site-packages/airflow/example_dags/example_branch_day_of_week_operator.py
[2026-06-12T11:18:49.705+0000] {logging_mixin.py:188} INFO - [2026-06-12T11:18:49.704+0000] {dag.py:3036} INFO - Sync 1 DAGs
[2026-06-12T11:18:49.749+0000] {logging_mixin.py:188} INFO - [2026-06-12T11:18:49.748+0000] {dag.py:3823} INFO - Setting next_dagrun for example_weekday_branch_operator to 2026-06-11 00:00:00+00:00, run_after=2026-06-12 00:00:00+00:00
[2026-06-12T11:18:49.784+0000] {processor.py:183} INFO - Processing /home/airflow/.local/lib/python3.8/site-packages/airflow/example_dags/example_branch_day_of_week_operator.py took 0.148 seconds
[2026-06-12T11:19:20.247+0000] {processor.py:161} INFO - Started process (PID=2225) to work on /home/airflow/.local/lib/python3.8/site-packages/airflow/example_dags/example_branch_day_of_week_operator.py
[2026-06-12T11:19:20.248+0000] {processor.py:830} INFO - Processing file /home/airflow/.local/lib/python3.8/site-packages/airflow/example_dags/example_branch_day_of_week_operator.py for tasks to queue
[2026-06-12T11:19:20.251+0000] {logging_mixin.py:188} INFO - [2026-06-12T11:19:20.251+0000] {dagbag.py:538} INFO - Filling up the DagBag from /home/airflow/.local/lib/python3.8/site-packages/airflow/example_dags/example_branch_day_of_week_operator.py
[2026-06-12T11:19:20.276+0000] {processor.py:840} INFO - DAG(s) 'example_weekday_branch_operator' retrieved from /home/airflow/.local/lib/python3.8/site-packages/airflow/example_dags/example_branch_day_of_week_operator.py
[2026-06-12T11:19:20.315+0000] {logging_mixin.py:188} INFO - [2026-06-12T11:19:20.315+0000] {dag.py:3036} INFO - Sync 1 DAGs
[2026-06-12T11:19:20.356+0000] {logging_mixin.py:188} INFO - [2026-06-12T11:19:20.356+0000] {dag.py:3823} INFO - Setting next_dagrun for example_weekday_branch_operator to 2026-06-11 00:00:00+00:00, run_after=2026-06-12 00:00:00+00:00
[2026-06-12T11:19:20.393+0000] {processor.py:183} INFO - Processing /home/airflow/.local/lib/python3.8/site-packages/airflow/example_dags/example_branch_day_of_week_operator.py took 0.152 seconds
[2026-06-12T11:19:50.513+0000] {processor.py:161} INFO - Started process (PID=2299) to work on /home/airflow/.local/lib/python3.8/site-packages/airflow/example_dags/example_branch_day_of_week_operator.py
[2026-06-12T11:19:50.518+0000] {processor.py:830} INFO - Processing file /home/airflow/.local/lib/python3.8/site-packages/airflow/example_dags/example_branch_day_of_week_operator.py for tasks to queue
[2026-06-12T11:19:50.521+0000] {logging_mixin.py:188} INFO - [2026-06-12T11:19:50.520+0000] {dagbag.py:538} INFO - Filling up the DagBag from /home/airflow/.local/lib/python3.8/site-packages/airflow/example_dags/example_branch_day_of_week_operator.py
[2026-06-12T11:19:50.537+0000] {processor.py:840} INFO - DAG(s) 'example_weekday_branch_operator' retrieved from /home/airflow/.local/lib/python3.8/site-packages/airflow/example_dags/example_branch_day_of_week_operator.py
[2026-06-12T11:19:50.582+0000] {logging_mixin.py:188} INFO - [2026-06-12T11:19:50.581+0000] {dag.py:3036} INFO - Sync 1 DAGs
[2026-06-12T11:19:50.633+0000] {logging_mixin.py:188} INFO - [2026-06-12T11:19:50.633+0000] {dag.py:3823} INFO - Setting next_dagrun for example_weekday_branch_operator to 2026-06-11 00:00:00+00:00, run_after=2026-06-12 00:00:00+00:00
[2026-06-12T11:19:50.676+0000] {processor.py:183} INFO - Processing /home/airflow/.local/lib/python3.8/site-packages/airflow/example_dags/example_branch_day_of_week_operator.py took 0.170 seconds
[2026-06-12T11:20:20.941+0000] {processor.py:161} INFO - Started process (PID=2365) to work on /home/airflow/.local/lib/python3.8/site-packages/airflow/example_dags/example_branch_day_of_week_operator.py
[2026-06-12T11:20:20.943+0000] {processor.py:830} INFO - Processing file /home/airflow/.local/lib/python3.8/site-packages/airflow/example_dags/example_branch_day_of_week_operator.py for tasks to queue
[2026-06-12T11:20:20.946+0000] {logging_mixin.py:188} INFO - [2026-06-12T11:20:20.945+0000] {dagbag.py:538} INFO - Filling up the DagBag from /home/airflow/.local/lib/python3.8/site-packages/airflow/example_dags/example_branch_day_of_week_operator.py
[2026-06-12T11:20:20.958+0000] {processor.py:840} INFO - DAG(s) 'example_weekday_branch_operator' retrieved from /home/airflow/.local/lib/python3.8/site-packages/airflow/example_dags/example_branch_day_of_week_operator.py
[2026-06-12T11:20:20.996+0000] {logging_mixin.py:188} INFO - [2026-06-12T11:20:20.996+0000] {dag.py:3036} INFO - Sync 1 DAGs
[2026-06-12T11:20:21.038+0000] {logging_mixin.py:188} INFO - [2026-06-12T11:20:21.037+0000] {dag.py:3823} INFO - Setting next_dagrun for example_weekday_branch_operator to 2026-06-11 00:00:00+00:00, run_after=2026-06-12 00:00:00+00:00
[2026-06-12T11:20:21.068+0000] {processor.py:183} INFO - Processing /home/airflow/.local/lib/python3.8/site-packages/airflow/example_dags/example_branch_day_of_week_operator.py took 0.132 seconds
[2026-06-12T11:20:51.122+0000] {processor.py:161} INFO - Started process (PID=2430) to work on /home/airflow/.local/lib/python3.8/site-packages/airflow/example_dags/example_branch_day_of_week_operator.py
[2026-06-12T11:20:51.123+0000] {processor.py:830} INFO - Processing file /home/airflow/.local/lib/python3.8/site-packages/airflow/example_dags/example_branch_day_of_week_operator.py for tasks to queue
[2026-06-12T11:20:51.126+0000] {logging_mixin.py:188} INFO - [2026-06-12T11:20:51.126+0000] {dagbag.py:538} INFO - Filling up the DagBag from /home/airflow/.local/lib/python3.8/site-packages/airflow/example_dags/example_branch_day_of_week_operator.py
[2026-06-12T11:20:51.141+0000] {processor.py:840} INFO - DAG(s) 'example_weekday_branch_operator' retrieved from /home/airflow/.local/lib/python3.8/site-packages/airflow/example_dags/example_branch_day_of_week_operator.py
[2026-06-12T11:20:51.182+0000] {logging_mixin.py:188} INFO - [2026-06-12T11:20:51.181+0000] {dag.py:3036} INFO - Sync 1 DAGs
[2026-06-12T11:20:51.223+0000] {logging_mixin.py:188} INFO - [2026-06-12T11:20:51.222+0000] {dag.py:3823} INFO - Setting next_dagrun for example_weekday_branch_operator to 2026-06-11 00:00:00+00:00, run_after=2026-06-12 00:00:00+00:00
[2026-06-12T11:20:51.254+0000] {processor.py:183} INFO - Processing /home/airflow/.local/lib/python3.8/site-packages/airflow/example_dags/example_branch_day_of_week_operator.py took 0.138 seconds
[2026-06-12T11:21:21.571+0000] {processor.py:161} INFO - Started process (PID=2496) to work on /home/airflow/.local/lib/python3.8/site-packages/airflow/example_dags/example_branch_day_of_week_operator.py
[2026-06-12T11:21:21.573+0000] {processor.py:830} INFO - Processing file /home/airflow/.local/lib/python3.8/site-packages/airflow/example_dags/example_branch_day_of_week_operator.py for tasks to queue
[2026-06-12T11:21:21.575+0000] {logging_mixin.py:188} INFO - [2026-06-12T11:21:21.575+0000] {dagbag.py:538} INFO - Filling up the DagBag from /home/airflow/.local/lib/python3.8/site-packages/airflow/example_dags/example_branch_day_of_week_operator.py
[2026-06-12T11:21:21.587+0000] {processor.py:840} INFO - DAG(s) 'example_weekday_branch_operator' retrieved from /home/airflow/.local/lib/python3.8/site-packages/airflow/example_dags/example_branch_day_of_week_operator.py
[2026-06-12T11:21:21.628+0000] {logging_mixin.py:188} INFO - [2026-06-12T11:21:21.627+0000] {dag.py:3036} INFO - Sync 1 DAGs
[2026-06-12T11:21:21.667+0000] {logging_mixin.py:188} INFO - [2026-06-12T11:21:21.667+0000] {dag.py:3823} INFO - Setting next_dagrun for example_weekday_branch_operator to 2026-06-11 00:00:00+00:00, run_after=2026-06-12 00:00:00+00:00
[2026-06-12T11:21:21.696+0000] {processor.py:183} INFO - Processing /home/airflow/.local/lib/python3.8/site-packages/airflow/example_dags/example_branch_day_of_week_operator.py took 0.130 seconds
[2026-06-12T11:21:52.421+0000] {processor.py:161} INFO - Started process (PID=2563) to work on /home/airflow/.local/lib/python3.8/site-packages/airflow/example_dags/example_branch_day_of_week_operator.py
[2026-06-12T11:21:52.422+0000] {processor.py:830} INFO - Processing file /home/airflow/.local/lib/python3.8/site-packages/airflow/example_dags/example_branch_day_of_week_operator.py for tasks to queue
[2026-06-12T11:21:52.425+0000] {logging_mixin.py:188} INFO - [2026-06-12T11:21:52.425+0000] {dagbag.py:538} INFO - Filling up the DagBag from /home/airflow/.local/lib/python3.8/site-packages/airflow/example_dags/example_branch_day_of_week_operator.py
[2026-06-12T11:21:52.439+0000] {processor.py:840} INFO - DAG(s) 'example_weekday_branch_operator' retrieved from /home/airflow/.local/lib/python3.8/site-packages/airflow/example_dags/example_branch_day_of_week_operator.py
[2026-06-12T11:21:52.480+0000] {logging_mixin.py:188} INFO - [2026-06-12T11:21:52.479+0000] {dag.py:3036} INFO - Sync 1 DAGs
[2026-06-12T11:21:52.517+0000] {logging_mixin.py:188} INFO - [2026-06-12T11:21:52.517+0000] {dag.py:3823} INFO - Setting next_dagrun for example_weekday_branch_operator to 2026-06-11 00:00:00+00:00, run_after=2026-06-12 00:00:00+00:00
[2026-06-12T11:21:52.549+0000] {processor.py:183} INFO - Processing /home/airflow/.local/lib/python3.8/site-packages/airflow/example_dags/example_branch_day_of_week_operator.py took 0.134 seconds
[2026-06-12T11:22:23.254+0000] {processor.py:161} INFO - Started process (PID=2629) to work on /home/airflow/.local/lib/python3.8/site-packages/airflow/example_dags/example_branch_day_of_week_operator.py
[2026-06-12T11:22:23.256+0000] {processor.py:830} INFO - Processing file /home/airflow/.local/lib/python3.8/site-packages/airflow/example_dags/example_branch_day_of_week_operator.py for tasks to queue
[2026-06-12T11:22:23.258+0000] {logging_mixin.py:188} INFO - [2026-06-12T11:22:23.258+0000] {dagbag.py:538} INFO - Filling up the DagBag from /home/airflow/.local/lib/python3.8/site-packages/airflow/example_dags/example_branch_day_of_week_operator.py
[2026-06-12T11:22:23.270+0000] {processor.py:840} INFO - DAG(s) 'example_weekday_branch_operator' retrieved from /home/airflow/.local/lib/python3.8/site-packages/airflow/example_dags/example_branch_day_of_week_operator.py
[2026-06-12T11:22:23.310+0000] {logging_mixin.py:188} INFO - [2026-06-12T11:22:23.309+0000] {dag.py:3036} INFO - Sync 1 DAGs
[2026-06-12T11:22:23.349+0000] {logging_mixin.py:188} INFO - [2026-06-12T11:22:23.348+0000] {dag.py:3823} INFO - Setting next_dagrun for example_weekday_branch_operator to 2026-06-11 00:00:00+00:00, run_after=2026-06-12 00:00:00+00:00
[2026-06-12T11:22:23.382+0000] {processor.py:183} INFO - Processing /home/airflow/.local/lib/python3.8/site-packages/airflow/example_dags/example_branch_day_of_week_operator.py took 0.132 seconds
[2026-06-12T11:22:53.701+0000] {processor.py:161} INFO - Started process (PID=2695) to work on /home/airflow/.local/lib/python3.8/site-packages/airflow/example_dags/example_branch_day_of_week_operator.py
[2026-06-12T11:22:53.702+0000] {processor.py:830} INFO - Processing file /home/airflow/.local/lib/python3.8/site-packages/airflow/example_dags/example_branch_day_of_week_operator.py for tasks to queue
[2026-06-12T11:22:53.705+0000] {logging_mixin.py:188} INFO - [2026-06-12T11:22:53.705+0000] {dagbag.py:538} INFO - Filling up the DagBag from /home/airflow/.local/lib/python3.8/site-packages/airflow/example_dags/example_branch_day_of_week_operator.py
[2026-06-12T11:22:53.720+0000] {processor.py:840} INFO - DAG(s) 'example_weekday_branch_operator' retrieved from /home/airflow/.local/lib/python3.8/site-packages/airflow/example_dags/example_branch_day_of_week_operator.py
[2026-06-12T11:22:53.763+0000] {logging_mixin.py:188} INFO - [2026-06-12T11:22:53.763+0000] {dag.py:3036} INFO - Sync 1 DAGs
[2026-06-12T11:22:53.807+0000] {logging_mixin.py:188} INFO - [2026-06-12T11:22:53.807+0000] {dag.py:3823} INFO - Setting next_dagrun for example_weekday_branch_operator to 2026-06-11 00:00:00+00:00, run_after=2026-06-12 00:00:00+00:00
[2026-06-12T11:22:53.838+0000] {processor.py:183} INFO - Processing /home/airflow/.local/lib/python3.8/site-packages/airflow/example_dags/example_branch_day_of_week_operator.py took 0.142 seconds
[2026-06-12T11:23:24.660+0000] {processor.py:161} INFO - Started process (PID=2761) to work on /home/airflow/.local/lib/python3.8/site-packages/airflow/example_dags/example_branch_day_of_week_operator.py
[2026-06-12T11:23:24.662+0000] {processor.py:830} INFO - Processing file /home/airflow/.local/lib/python3.8/site-packages/airflow/example_dags/example_branch_day_of_week_operator.py for tasks to queue
[2026-06-12T11:23:24.664+0000] {logging_mixin.py:188} INFO - [2026-06-12T11:23:24.664+0000] {dagbag.py:538} INFO - Filling up the DagBag from /home/airflow/.local/lib/python3.8/site-packages/airflow/example_dags/example_branch_day_of_week_operator.py
[2026-06-12T11:23:24.676+0000] {processor.py:840} INFO - DAG(s) 'example_weekday_branch_operator' retrieved from /home/airflow/.local/lib/python3.8/site-packages/airflow/example_dags/example_branch_day_of_week_operator.py
[2026-06-12T11:23:24.717+0000] {logging_mixin.py:188} INFO - [2026-06-12T11:23:24.716+0000] {dag.py:3036} INFO - Sync 1 DAGs
[2026-06-12T11:23:24.758+0000] {logging_mixin.py:188} INFO - [2026-06-12T11:23:24.758+0000] {dag.py:3823} INFO - Setting next_dagrun for example_weekday_branch_operator to 2026-06-11 00:00:00+00:00, run_after=2026-06-12 00:00:00+00:00
[2026-06-12T11:23:24.803+0000] {processor.py:183} INFO - Processing /home/airflow/.local/lib/python3.8/site-packages/airflow/example_dags/example_branch_day_of_week_operator.py took 0.148 seconds
[2026-06-12T11:23:55.623+0000] {processor.py:161} INFO - Started process (PID=2834) to work on /home/airflow/.local/lib/python3.8/site-packages/airflow/example_dags/example_branch_day_of_week_operator.py
[2026-06-12T11:23:55.625+0000] {processor.py:830} INFO - Processing file /home/airflow/.local/lib/python3.8/site-packages/airflow/example_dags/example_branch_day_of_week_operator.py for tasks to queue
[2026-06-12T11:23:55.627+0000] {logging_mixin.py:188} INFO - [2026-06-12T11:23:55.627+0000] {dagbag.py:538} INFO - Filling up the DagBag from /home/airflow/.local/lib/python3.8/site-packages/airflow/example_dags/example_branch_day_of_week_operator.py
[2026-06-12T11:23:55.642+0000] {processor.py:840} INFO - DAG(s) 'example_weekday_branch_operator' retrieved from /home/airflow/.local/lib/python3.8/site-packages/airflow/example_dags/example_branch_day_of_week_operator.py
[2026-06-12T11:23:55.686+0000] {logging_mixin.py:188} INFO - [2026-06-12T11:23:55.686+0000] {dag.py:3036} INFO - Sync 1 DAGs
[2026-06-12T11:23:55.731+0000] {logging_mixin.py:188} INFO - [2026-06-12T11:23:55.731+0000] {dag.py:3823} INFO - Setting next_dagrun for example_weekday_branch_operator to 2026-06-11 00:00:00+00:00, run_after=2026-06-12 00:00:00+00:00
[2026-06-12T11:23:55.774+0000] {processor.py:183} INFO - Processing /home/airflow/.local/lib/python3.8/site-packages/airflow/example_dags/example_branch_day_of_week_operator.py took 0.156 seconds
[2026-06-12T11:24:26.200+0000] {processor.py:161} INFO - Started process (PID=2900) to work on /home/airflow/.local/lib/python3.8/site-packages/airflow/example_dags/example_branch_day_of_week_operator.py
[2026-06-12T11:24:26.202+0000] {processor.py:830} INFO - Processing file /home/airflow/.local/lib/python3.8/site-packages/airflow/example_dags/example_branch_day_of_week_operator.py for tasks to queue
[2026-06-12T11:24:26.206+0000] {logging_mixin.py:188} INFO - [2026-06-12T11:24:26.205+0000] {dagbag.py:538} INFO - Filling up the DagBag from /home/airflow/.local/lib/python3.8/site-packages/airflow/example_dags/example_branch_day_of_week_operator.py
[2026-06-12T11:24:26.220+0000] {processor.py:840} INFO - DAG(s) 'example_weekday_branch_operator' retrieved from /home/airflow/.local/lib/python3.8/site-packages/airflow/example_dags/example_branch_day_of_week_operator.py
[2026-06-12T11:24:26.269+0000] {logging_mixin.py:188} INFO - [2026-06-12T11:24:26.268+0000] {dag.py:3036} INFO - Sync 1 DAGs
[2026-06-12T11:24:26.320+0000] {logging_mixin.py:188} INFO - [2026-06-12T11:24:26.320+0000] {dag.py:3823} INFO - Setting next_dagrun for example_weekday_branch_operator to 2026-06-11 00:00:00+00:00, run_after=2026-06-12 00:00:00+00:00
[2026-06-12T11:24:26.370+0000] {processor.py:183} INFO - Processing /home/airflow/.local/lib/python3.8/site-packages/airflow/example_dags/example_branch_day_of_week_operator.py took 0.176 seconds
[2026-06-12T11:24:57.071+0000] {processor.py:161} INFO - Started process (PID=2966) to work on /home/airflow/.local/lib/python3.8/site-packages/airflow/example_dags/example_branch_day_of_week_operator.py
[2026-06-12T11:24:57.072+0000] {processor.py:830} INFO - Processing file /home/airflow/.local/lib/python3.8/site-packages/airflow/example_dags/example_branch_day_of_week_operator.py for tasks to queue
[2026-06-12T11:24:57.075+0000] {logging_mixin.py:188} INFO - [2026-06-12T11:24:57.075+0000] {dagbag.py:538} INFO - Filling up the DagBag from /home/airflow/.local/lib/python3.8/site-packages/airflow/example_dags/example_branch_day_of_week_operator.py
[2026-06-12T11:24:57.090+0000] {processor.py:840} INFO - DAG(s) 'example_weekday_branch_operator' retrieved from /home/airflow/.local/lib/python3.8/site-packages/airflow/example_dags/example_branch_day_of_week_operator.py
[2026-06-12T11:24:57.139+0000] {logging_mixin.py:188} INFO - [2026-06-12T11:24:57.139+0000] {dag.py:3036} INFO - Sync 1 DAGs
[2026-06-12T11:24:57.187+0000] {logging_mixin.py:188} INFO - [2026-06-12T11:24:57.187+0000] {dag.py:3823} INFO - Setting next_dagrun for example_weekday_branch_operator to 2026-06-11 00:00:00+00:00, run_after=2026-06-12 00:00:00+00:00
[2026-06-12T11:24:57.220+0000] {processor.py:183} INFO - Processing /home/airflow/.local/lib/python3.8/site-packages/airflow/example_dags/example_branch_day_of_week_operator.py took 0.155 seconds
[2026-06-12T11:25:29.172+0000] {processor.py:161} INFO - Started process (PID=3033) to work on /home/airflow/.local/lib/python3.8/site-packages/airflow/example_dags/example_branch_day_of_week_operator.py
[2026-06-12T11:25:29.179+0000] {processor.py:830} INFO - Processing file /home/airflow/.local/lib/python3.8/site-packages/airflow/example_dags/example_branch_day_of_week_operator.py for tasks to queue
[2026-06-12T11:25:29.182+0000] {logging_mixin.py:188} INFO - [2026-06-12T11:25:29.181+0000] {dagbag.py:538} INFO - Filling up the DagBag from /home/airflow/.local/lib/python3.8/site-packages/airflow/example_dags/example_branch_day_of_week_operator.py
[2026-06-12T11:25:29.196+0000] {processor.py:840} INFO - DAG(s) 'example_weekday_branch_operator' retrieved from /home/airflow/.local/lib/python3.8/site-packages/airflow/example_dags/example_branch_day_of_week_operator.py
[2026-06-12T11:25:29.239+0000] {logging_mixin.py:188} INFO - [2026-06-12T11:25:29.239+0000] {dag.py:3036} INFO - Sync 1 DAGs
[2026-06-12T11:25:29.283+0000] {logging_mixin.py:188} INFO - [2026-06-12T11:25:29.282+0000] {dag.py:3823} INFO - Setting next_dagrun for example_weekday_branch_operator to 2026-06-11 00:00:00+00:00, run_after=2026-06-12 00:00:00+00:00
[2026-06-12T11:25:29.315+0000] {processor.py:183} INFO - Processing /home/airflow/.local/lib/python3.8/site-packages/airflow/example_dags/example_branch_day_of_week_operator.py took 0.149 seconds
[2026-06-12T11:26:00.190+0000] {processor.py:161} INFO - Started process (PID=3096) to work on /home/airflow/.local/lib/python3.8/site-packages/airflow/example_dags/example_branch_day_of_week_operator.py
[2026-06-12T11:26:00.192+0000] {processor.py:830} INFO - Processing file /home/airflow/.local/lib/python3.8/site-packages/airflow/example_dags/example_branch_day_of_week_operator.py for tasks to queue
[2026-06-12T11:26:00.195+0000] {logging_mixin.py:188} INFO - [2026-06-12T11:26:00.194+0000] {dagbag.py:538} INFO - Filling up the DagBag from /home/airflow/.local/lib/python3.8/site-packages/airflow/example_dags/example_branch_day_of_week_operator.py
[2026-06-12T11:26:00.206+0000] {processor.py:840} INFO - DAG(s) 'example_weekday_branch_operator' retrieved from /home/airflow/.local/lib/python3.8/site-packages/airflow/example_dags/example_branch_day_of_week_operator.py
[2026-06-12T11:26:00.244+0000] {logging_mixin.py:188} INFO - [2026-06-12T11:26:00.244+0000] {dag.py:3036} INFO - Sync 1 DAGs
[2026-06-12T11:26:00.465+0000] {logging_mixin.py:188} INFO - [2026-06-12T11:26:00.464+0000] {dag.py:3823} INFO - Setting next_dagrun for example_weekday_branch_operator to 2026-06-11 00:00:00+00:00, run_after=2026-06-12 00:00:00+00:00
[2026-06-12T11:26:00.495+0000] {processor.py:183} INFO - Processing /home/airflow/.local/lib/python3.8/site-packages/airflow/example_dags/example_branch_day_of_week_operator.py took 0.310 seconds
[2026-06-12T11:26:31.063+0000] {processor.py:161} INFO - Started process (PID=3163) to work on /home/airflow/.local/lib/python3.8/site-packages/airflow/example_dags/example_branch_day_of_week_operator.py
[2026-06-12T11:26:31.064+0000] {processor.py:830} INFO - Processing file /home/airflow/.local/lib/python3.8/site-packages/airflow/example_dags/example_branch_day_of_week_operator.py for tasks to queue
[2026-06-12T11:26:31.066+0000] {logging_mixin.py:188} INFO - [2026-06-12T11:26:31.066+0000] {dagbag.py:538} INFO - Filling up the DagBag from /home/airflow/.local/lib/python3.8/site-packages/airflow/example_dags/example_branch_day_of_week_operator.py
[2026-06-12T11:26:31.077+0000] {processor.py:840} INFO - DAG(s) 'example_weekday_branch_operator' retrieved from /home/airflow/.local/lib/python3.8/site-packages/airflow/example_dags/example_branch_day_of_week_operator.py
[2026-06-12T11:26:31.115+0000] {logging_mixin.py:188} INFO - [2026-06-12T11:26:31.115+0000] {dag.py:3036} INFO - Sync 1 DAGs
[2026-06-12T11:26:31.153+0000] {logging_mixin.py:188} INFO - [2026-06-12T11:26:31.152+0000] {dag.py:3823} INFO - Setting next_dagrun for example_weekday_branch_operator to 2026-06-11 00:00:00+00:00, run_after=2026-06-12 00:00:00+00:00
[2026-06-12T11:26:31.362+0000] {processor.py:183} INFO - Processing /home/airflow/.local/lib/python3.8/site-packages/airflow/example_dags/example_branch_day_of_week_operator.py took 0.304 seconds
[2026-06-12T11:27:01.901+0000] {processor.py:161} INFO - Started process (PID=3230) to work on /home/airflow/.local/lib/python3.8/site-packages/airflow/example_dags/example_branch_day_of_week_operator.py
[2026-06-12T11:27:01.903+0000] {processor.py:830} INFO - Processing file /home/airflow/.local/lib/python3.8/site-packages/airflow/example_dags/example_branch_day_of_week_operator.py for tasks to queue
[2026-06-12T11:27:01.905+0000] {logging_mixin.py:188} INFO - [2026-06-12T11:27:01.905+0000] {dagbag.py:538} INFO - Filling up the DagBag from /home/airflow/.local/lib/python3.8/site-packages/airflow/example_dags/example_branch_day_of_week_operator.py
[2026-06-12T11:27:01.919+0000] {processor.py:840} INFO - DAG(s) 'example_weekday_branch_operator' retrieved from /home/airflow/.local/lib/python3.8/site-packages/airflow/example_dags/example_branch_day_of_week_operator.py
[2026-06-12T11:27:01.956+0000] {logging_mixin.py:188} INFO - [2026-06-12T11:27:01.956+0000] {dag.py:3036} INFO - Sync 1 DAGs
[2026-06-12T11:27:02.003+0000] {logging_mixin.py:188} INFO - [2026-06-12T11:27:02.002+0000] {dag.py:3823} INFO - Setting next_dagrun for example_weekday_branch_operator to 2026-06-11 00:00:00+00:00, run_after=2026-06-12 00:00:00+00:00
[2026-06-12T11:27:02.036+0000] {processor.py:183} INFO - Processing /home/airflow/.local/lib/python3.8/site-packages/airflow/example_dags/example_branch_day_of_week_operator.py took 0.140 seconds
[2026-06-12T11:27:32.743+0000] {processor.py:161} INFO - Started process (PID=3303) to work on /home/airflow/.local/lib/python3.8/site-packages/airflow/example_dags/example_branch_day_of_week_operator.py
[2026-06-12T11:27:32.744+0000] {processor.py:830} INFO - Processing file /home/airflow/.local/lib/python3.8/site-packages/airflow/example_dags/example_branch_day_of_week_operator.py for tasks to queue
[2026-06-12T11:27:32.747+0000] {logging_mixin.py:188} INFO - [2026-06-12T11:27:32.746+0000] {dagbag.py:538} INFO - Filling up the DagBag from /home/airflow/.local/lib/python3.8/site-packages/airflow/example_dags/example_branch_day_of_week_operator.py
[2026-06-12T11:27:32.762+0000] {processor.py:840} INFO - DAG(s) 'example_weekday_branch_operator' retrieved from /home/airflow/.local/lib/python3.8/site-packages/airflow/example_dags/example_branch_day_of_week_operator.py
[2026-06-12T11:27:32.807+0000] {logging_mixin.py:188} INFO - [2026-06-12T11:27:32.807+0000] {dag.py:3036} INFO - Sync 1 DAGs
[2026-06-12T11:27:32.857+0000] {logging_mixin.py:188} INFO - [2026-06-12T11:27:32.857+0000] {dag.py:3823} INFO - Setting next_dagrun for example_weekday_branch_operator to 2026-06-11 00:00:00+00:00, run_after=2026-06-12 00:00:00+00:00
[2026-06-12T11:27:32.894+0000] {processor.py:183} INFO - Processing /home/airflow/.local/lib/python3.8/site-packages/airflow/example_dags/example_branch_day_of_week_operator.py took 0.158 seconds
[2026-06-12T11:28:03.317+0000] {processor.py:161} INFO - Started process (PID=3369) to work on /home/airflow/.local/lib/python3.8/site-packages/airflow/example_dags/example_branch_day_of_week_operator.py
[2026-06-12T11:28:03.319+0000] {processor.py:830} INFO - Processing file /home/airflow/.local/lib/python3.8/site-packages/airflow/example_dags/example_branch_day_of_week_operator.py for tasks to queue
[2026-06-12T11:28:03.322+0000] {logging_mixin.py:188} INFO - [2026-06-12T11:28:03.322+0000] {dagbag.py:538} INFO - Filling up the DagBag from /home/airflow/.local/lib/python3.8/site-packages/airflow/example_dags/example_branch_day_of_week_operator.py
[2026-06-12T11:28:03.337+0000] {processor.py:840} INFO - DAG(s) 'example_weekday_branch_operator' retrieved from /home/airflow/.local/lib/python3.8/site-packages/airflow/example_dags/example_branch_day_of_week_operator.py
[2026-06-12T11:28:03.377+0000] {logging_mixin.py:188} INFO - [2026-06-12T11:28:03.376+0000] {dag.py:3036} INFO - Sync 1 DAGs
[2026-06-12T11:28:03.422+0000] {logging_mixin.py:188} INFO - [2026-06-12T11:28:03.421+0000] {dag.py:3823} INFO - Setting next_dagrun for example_weekday_branch_operator to 2026-06-11 00:00:00+00:00, run_after=2026-06-12 00:00:00+00:00
[2026-06-12T11:28:03.454+0000] {processor.py:183} INFO - Processing /home/airflow/.local/lib/python3.8/site-packages/airflow/example_dags/example_branch_day_of_week_operator.py took 0.142 seconds
[2026-06-12T11:28:33.912+0000] {processor.py:161} INFO - Started process (PID=3434) to work on /home/airflow/.local/lib/python3.8/site-packages/airflow/example_dags/example_branch_day_of_week_operator.py
[2026-06-12T11:28:33.913+0000] {processor.py:830} INFO - Processing file /home/airflow/.local/lib/python3.8/site-packages/airflow/example_dags/example_branch_day_of_week_operator.py for tasks to queue
[2026-06-12T11:28:33.917+0000] {logging_mixin.py:188} INFO - [2026-06-12T11:28:33.916+0000] {dagbag.py:538} INFO - Filling up the DagBag from /home/airflow/.local/lib/python3.8/site-packages/airflow/example_dags/example_branch_day_of_week_operator.py
[2026-06-12T11:28:33.949+0000] {processor.py:840} INFO - DAG(s) 'example_weekday_branch_operator' retrieved from /home/airflow/.local/lib/python3.8/site-packages/airflow/example_dags/example_branch_day_of_week_operator.py
[2026-06-12T11:28:33.997+0000] {logging_mixin.py:188} INFO - [2026-06-12T11:28:33.996+0000] {dag.py:3036} INFO - Sync 1 DAGs
[2026-06-12T11:28:34.045+0000] {logging_mixin.py:188} INFO - [2026-06-12T11:28:34.045+0000] {dag.py:3823} INFO - Setting next_dagrun for example_weekday_branch_operator to 2026-06-11 00:00:00+00:00, run_after=2026-06-12 00:00:00+00:00
[2026-06-12T11:28:34.079+0000] {processor.py:183} INFO - Processing /home/airflow/.local/lib/python3.8/site-packages/airflow/example_dags/example_branch_day_of_week_operator.py took 0.174 seconds
[2026-06-12T11:29:04.262+0000] {processor.py:161} INFO - Started process (PID=3500) to work on /home/airflow/.local/lib/python3.8/site-packages/airflow/example_dags/example_branch_day_of_week_operator.py
[2026-06-12T11:29:04.264+0000] {processor.py:830} INFO - Processing file /home/airflow/.local/lib/python3.8/site-packages/airflow/example_dags/example_branch_day_of_week_operator.py for tasks to queue
[2026-06-12T11:29:04.267+0000] {logging_mixin.py:188} INFO - [2026-06-12T11:29:04.267+0000] {dagbag.py:538} INFO - Filling up the DagBag from /home/airflow/.local/lib/python3.8/site-packages/airflow/example_dags/example_branch_day_of_week_operator.py
[2026-06-12T11:29:04.281+0000] {processor.py:840} INFO - DAG(s) 'example_weekday_branch_operator' retrieved from /home/airflow/.local/lib/python3.8/site-packages/airflow/example_dags/example_branch_day_of_week_operator.py
[2026-06-12T11:29:04.323+0000] {logging_mixin.py:188} INFO - [2026-06-12T11:29:04.323+0000] {dag.py:3036} INFO - Sync 1 DAGs
[2026-06-12T11:29:04.369+0000] {logging_mixin.py:188} INFO - [2026-06-12T11:29:04.368+0000] {dag.py:3823} INFO - Setting next_dagrun for example_weekday_branch_operator to 2026-06-11 00:00:00+00:00, run_after=2026-06-12 00:00:00+00:00
[2026-06-12T11:29:04.408+0000] {processor.py:183} INFO - Processing /home/airflow/.local/lib/python3.8/site-packages/airflow/example_dags/example_branch_day_of_week_operator.py took 0.152 seconds
[2026-06-12T11:29:35.037+0000] {processor.py:161} INFO - Started process (PID=3565) to work on /home/airflow/.local/lib/python3.8/site-packages/airflow/example_dags/example_branch_day_of_week_operator.py
[2026-06-12T11:29:35.039+0000] {processor.py:830} INFO - Processing file /home/airflow/.local/lib/python3.8/site-packages/airflow/example_dags/example_branch_day_of_week_operator.py for tasks to queue
[2026-06-12T11:29:35.042+0000] {logging_mixin.py:188} INFO - [2026-06-12T11:29:35.041+0000] {dagbag.py:538} INFO - Filling up the DagBag from /home/airflow/.local/lib/python3.8/site-packages/airflow/example_dags/example_branch_day_of_week_operator.py
[2026-06-12T11:29:35.055+0000] {processor.py:840} INFO - DAG(s) 'example_weekday_branch_operator' retrieved from /home/airflow/.local/lib/python3.8/site-packages/airflow/example_dags/example_branch_day_of_week_operator.py
[2026-06-12T11:29:35.091+0000] {logging_mixin.py:188} INFO - [2026-06-12T11:29:35.091+0000] {dag.py:3036} INFO - Sync 1 DAGs
[2026-06-12T11:29:35.127+0000] {logging_mixin.py:188} INFO - [2026-06-12T11:29:35.127+0000] {dag.py:3823} INFO - Setting next_dagrun for example_weekday_branch_operator to 2026-06-11 00:00:00+00:00, run_after=2026-06-12 00:00:00+00:00
[2026-06-12T11:29:35.154+0000] {processor.py:183} INFO - Processing /home/airflow/.local/lib/python3.8/site-packages/airflow/example_dags/example_branch_day_of_week_operator.py took 0.121 seconds
[2026-06-12T11:30:05.527+0000] {processor.py:161} INFO - Started process (PID=3630) to work on /home/airflow/.local/lib/python3.8/site-packages/airflow/example_dags/example_branch_day_of_week_operator.py
[2026-06-12T11:30:05.529+0000] {processor.py:830} INFO - Processing file /home/airflow/.local/lib/python3.8/site-packages/airflow/example_dags/example_branch_day_of_week_operator.py for tasks to queue
[2026-06-12T11:30:05.531+0000] {logging_mixin.py:188} INFO - [2026-06-12T11:30:05.531+0000] {dagbag.py:538} INFO - Filling up the DagBag from /home/airflow/.local/lib/python3.8/site-packages/airflow/example_dags/example_branch_day_of_week_operator.py
[2026-06-12T11:30:05.544+0000] {processor.py:840} INFO - DAG(s) 'example_weekday_branch_operator' retrieved from /home/airflow/.local/lib/python3.8/site-packages/airflow/example_dags/example_branch_day_of_week_operator.py
[2026-06-12T11:30:05.582+0000] {logging_mixin.py:188} INFO - [2026-06-12T11:30:05.582+0000] {dag.py:3036} INFO - Sync 1 DAGs
[2026-06-12T11:30:05.627+0000] {logging_mixin.py:188} INFO - [2026-06-12T11:30:05.626+0000] {dag.py:3823} INFO - Setting next_dagrun for example_weekday_branch_operator to 2026-06-11 00:00:00+00:00, run_after=2026-06-12 00:00:00+00:00
[2026-06-12T11:30:05.659+0000] {processor.py:183} INFO - Processing /home/airflow/.local/lib/python3.8/site-packages/airflow/example_dags/example_branch_day_of_week_operator.py took 0.137 seconds
[2026-06-12T11:30:35.985+0000] {processor.py:161} INFO - Started process (PID=3696) to work on /home/airflow/.local/lib/python3.8/site-packages/airflow/example_dags/example_branch_day_of_week_operator.py
[2026-06-12T11:30:35.987+0000] {processor.py:830} INFO - Processing file /home/airflow/.local/lib/python3.8/site-packages/airflow/example_dags/example_branch_day_of_week_operator.py for tasks to queue
[2026-06-12T11:30:35.990+0000] {logging_mixin.py:188} INFO - [2026-06-12T11:30:35.990+0000] {dagbag.py:538} INFO - Filling up the DagBag from /home/airflow/.local/lib/python3.8/site-packages/airflow/example_dags/example_branch_day_of_week_operator.py
[2026-06-12T11:30:36.005+0000] {processor.py:840} INFO - DAG(s) 'example_weekday_branch_operator' retrieved from /home/airflow/.local/lib/python3.8/site-packages/airflow/example_dags/example_branch_day_of_week_operator.py
[2026-06-12T11:30:36.051+0000] {logging_mixin.py:188} INFO - [2026-06-12T11:30:36.050+0000] {dag.py:3036} INFO - Sync 1 DAGs
[2026-06-12T11:30:36.104+0000] {logging_mixin.py:188} INFO - [2026-06-12T11:30:36.103+0000] {dag.py:3823} INFO - Setting next_dagrun for example_weekday_branch_operator to 2026-06-11 00:00:00+00:00, run_after=2026-06-12 00:00:00+00:00
[2026-06-12T11:30:36.141+0000] {processor.py:183} INFO - Processing /home/airflow/.local/lib/python3.8/site-packages/airflow/example_dags/example_branch_day_of_week_operator.py took 0.163 seconds
[2026-06-12T11:31:06.405+0000] {processor.py:161} INFO - Started process (PID=3763) to work on /home/airflow/.local/lib/python3.8/site-packages/airflow/example_dags/example_branch_day_of_week_operator.py
[2026-06-12T11:31:06.407+0000] {processor.py:830} INFO - Processing file /home/airflow/.local/lib/python3.8/site-packages/airflow/example_dags/example_branch_day_of_week_operator.py for tasks to queue
[2026-06-12T11:31:06.410+0000] {logging_mixin.py:188} INFO - [2026-06-12T11:31:06.409+0000] {dagbag.py:538} INFO - Filling up the DagBag from /home/airflow/.local/lib/python3.8/site-packages/airflow/example_dags/example_branch_day_of_week_operator.py
[2026-06-12T11:31:06.425+0000] {processor.py:840} INFO - DAG(s) 'example_weekday_branch_operator' retrieved from /home/airflow/.local/lib/python3.8/site-packages/airflow/example_dags/example_branch_day_of_week_operator.py
[2026-06-12T11:31:06.468+0000] {logging_mixin.py:188} INFO - [2026-06-12T11:31:06.468+0000] {dag.py:3036} INFO - Sync 1 DAGs
[2026-06-12T11:31:06.516+0000] {logging_mixin.py:188} INFO - [2026-06-12T11:31:06.515+0000] {dag.py:3823} INFO - Setting next_dagrun for example_weekday_branch_operator to 2026-06-11 00:00:00+00:00, run_after=2026-06-12 00:00:00+00:00
[2026-06-12T11:31:06.550+0000] {processor.py:183} INFO - Processing /home/airflow/.local/lib/python3.8/site-packages/airflow/example_dags/example_branch_day_of_week_operator.py took 0.151 seconds
[2026-06-12T11:31:36.752+0000] {processor.py:161} INFO - Started process (PID=3830) to work on /home/airflow/.local/lib/python3.8/site-packages/airflow/example_dags/example_branch_day_of_week_operator.py
[2026-06-12T11:31:36.753+0000] {processor.py:830} INFO - Processing file /home/airflow/.local/lib/python3.8/site-packages/airflow/example_dags/example_branch_day_of_week_operator.py for tasks to queue
[2026-06-12T11:31:36.756+0000] {logging_mixin.py:188} INFO - [2026-06-12T11:31:36.755+0000] {dagbag.py:538} INFO - Filling up the DagBag from /home/airflow/.local/lib/python3.8/site-packages/airflow/example_dags/example_branch_day_of_week_operator.py
[2026-06-12T11:31:36.768+0000] {processor.py:840} INFO - DAG(s) 'example_weekday_branch_operator' retrieved from /home/airflow/.local/lib/python3.8/site-packages/airflow/example_dags/example_branch_day_of_week_operator.py
[2026-06-12T11:31:36.804+0000] {logging_mixin.py:188} INFO - [2026-06-12T11:31:36.803+0000] {dag.py:3036} INFO - Sync 1 DAGs
[2026-06-12T11:31:36.845+0000] {logging_mixin.py:188} INFO - [2026-06-12T11:31:36.844+0000] {dag.py:3823} INFO - Setting next_dagrun for example_weekday_branch_operator to 2026-06-11 00:00:00+00:00, run_after=2026-06-12 00:00:00+00:00
[2026-06-12T11:31:36.877+0000] {processor.py:183} INFO - Processing /home/airflow/.local/lib/python3.8/site-packages/airflow/example_dags/example_branch_day_of_week_operator.py took 0.130 seconds
[2026-06-12T11:32:07.177+0000] {processor.py:161} INFO - Started process (PID=3905) to work on /home/airflow/.local/lib/python3.8/site-packages/airflow/example_dags/example_branch_day_of_week_operator.py
[2026-06-12T11:32:07.179+0000] {processor.py:830} INFO - Processing file /home/airflow/.local/lib/python3.8/site-packages/airflow/example_dags/example_branch_day_of_week_operator.py for tasks to queue
[2026-06-12T11:32:07.181+0000] {logging_mixin.py:188} INFO - [2026-06-12T11:32:07.181+0000] {dagbag.py:538} INFO - Filling up the DagBag from /home/airflow/.local/lib/python3.8/site-packages/airflow/example_dags/example_branch_day_of_week_operator.py
[2026-06-12T11:32:07.193+0000] {processor.py:840} INFO - DAG(s) 'example_weekday_branch_operator' retrieved from /home/airflow/.local/lib/python3.8/site-packages/airflow/example_dags/example_branch_day_of_week_operator.py
[2026-06-12T11:32:07.236+0000] {logging_mixin.py:188} INFO - [2026-06-12T11:32:07.236+0000] {dag.py:3036} INFO - Sync 1 DAGs
[2026-06-12T11:32:07.281+0000] {logging_mixin.py:188} INFO - [2026-06-12T11:32:07.280+0000] {dag.py:3823} INFO - Setting next_dagrun for example_weekday_branch_operator to 2026-06-11 00:00:00+00:00, run_after=2026-06-12 00:00:00+00:00
[2026-06-12T11:32:07.313+0000] {processor.py:183} INFO - Processing /home/airflow/.local/lib/python3.8/site-packages/airflow/example_dags/example_branch_day_of_week_operator.py took 0.141 seconds
[2026-06-12T11:32:37.654+0000] {processor.py:161} INFO - Started process (PID=3970) to work on /home/airflow/.local/lib/python3.8/site-packages/airflow/example_dags/example_branch_day_of_week_operator.py
[2026-06-12T11:32:37.655+0000] {processor.py:830} INFO - Processing file /home/airflow/.local/lib/python3.8/site-packages/airflow/example_dags/example_branch_day_of_week_operator.py for tasks to queue
[2026-06-12T11:32:37.659+0000] {logging_mixin.py:188} INFO - [2026-06-12T11:32:37.658+0000] {dagbag.py:538} INFO - Filling up the DagBag from /home/airflow/.local/lib/python3.8/site-packages/airflow/example_dags/example_branch_day_of_week_operator.py
[2026-06-12T11:32:37.674+0000] {processor.py:840} INFO - DAG(s) 'example_weekday_branch_operator' retrieved from /home/airflow/.local/lib/python3.8/site-packages/airflow/example_dags/example_branch_day_of_week_operator.py
[2026-06-12T11:32:37.715+0000] {logging_mixin.py:188} INFO - [2026-06-12T11:32:37.715+0000] {dag.py:3036} INFO - Sync 1 DAGs
[2026-06-12T11:32:37.760+0000] {logging_mixin.py:188} INFO - [2026-06-12T11:32:37.760+0000] {dag.py:3823} INFO - Setting next_dagrun for example_weekday_branch_operator to 2026-06-11 00:00:00+00:00, run_after=2026-06-12 00:00:00+00:00
[2026-06-12T11:32:37.792+0000] {processor.py:183} INFO - Processing /home/airflow/.local/lib/python3.8/site-packages/airflow/example_dags/example_branch_day_of_week_operator.py took 0.146 seconds
[2026-06-12T11:33:08.376+0000] {processor.py:161} INFO - Started process (PID=4035) to work on /home/airflow/.local/lib/python3.8/site-packages/airflow/example_dags/example_branch_day_of_week_operator.py
[2026-06-12T11:33:08.378+0000] {processor.py:830} INFO - Processing file /home/airflow/.local/lib/python3.8/site-packages/airflow/example_dags/example_branch_day_of_week_operator.py for tasks to queue
[2026-06-12T11:33:08.380+0000] {logging_mixin.py:188} INFO - [2026-06-12T11:33:08.380+0000] {dagbag.py:538} INFO - Filling up the DagBag from /home/airflow/.local/lib/python3.8/site-packages/airflow/example_dags/example_branch_day_of_week_operator.py
[2026-06-12T11:33:08.393+0000] {processor.py:840} INFO - DAG(s) 'example_weekday_branch_operator' retrieved from /home/airflow/.local/lib/python3.8/site-packages/airflow/example_dags/example_branch_day_of_week_operator.py
[2026-06-12T11:33:08.429+0000] {logging_mixin.py:188} INFO - [2026-06-12T11:33:08.429+0000] {dag.py:3036} INFO - Sync 1 DAGs
[2026-06-12T11:33:08.470+0000] {logging_mixin.py:188} INFO - [2026-06-12T11:33:08.469+0000] {dag.py:3823} INFO - Setting next_dagrun for example_weekday_branch_operator to 2026-06-11 00:00:00+00:00, run_after=2026-06-12 00:00:00+00:00
[2026-06-12T11:33:08.503+0000] {processor.py:183} INFO - Processing /home/airflow/.local/lib/python3.8/site-packages/airflow/example_dags/example_branch_day_of_week_operator.py took 0.132 seconds
[2026-06-12T11:33:38.976+0000] {processor.py:161} INFO - Started process (PID=4101) to work on /home/airflow/.local/lib/python3.8/site-packages/airflow/example_dags/example_branch_day_of_week_operator.py
[2026-06-12T11:33:38.977+0000] {processor.py:830} INFO - Processing file /home/airflow/.local/lib/python3.8/site-packages/airflow/example_dags/example_branch_day_of_week_operator.py for tasks to queue
[2026-06-12T11:33:38.979+0000] {logging_mixin.py:188} INFO - [2026-06-12T11:33:38.979+0000] {dagbag.py:538} INFO - Filling up the DagBag from /home/airflow/.local/lib/python3.8/site-packages/airflow/example_dags/example_branch_day_of_week_operator.py
[2026-06-12T11:33:38.991+0000] {processor.py:840} INFO - DAG(s) 'example_weekday_branch_operator' retrieved from /home/airflow/.local/lib/python3.8/site-packages/airflow/example_dags/example_branch_day_of_week_operator.py
[2026-06-12T11:33:39.029+0000] {logging_mixin.py:188} INFO - [2026-06-12T11:33:39.029+0000] {dag.py:3036} INFO - Sync 1 DAGs
[2026-06-12T11:33:39.067+0000] {logging_mixin.py:188} INFO - [2026-06-12T11:33:39.066+0000] {dag.py:3823} INFO - Setting next_dagrun for example_weekday_branch_operator to 2026-06-11 00:00:00+00:00, run_after=2026-06-12 00:00:00+00:00
[2026-06-12T11:33:39.098+0000] {processor.py:183} INFO - Processing /home/airflow/.local/lib/python3.8/site-packages/airflow/example_dags/example_branch_day_of_week_operator.py took 0.127 seconds
[2026-06-12T11:34:09.675+0000] {processor.py:161} INFO - Started process (PID=4167) to work on /home/airflow/.local/lib/python3.8/site-packages/airflow/example_dags/example_branch_day_of_week_operator.py
[2026-06-12T11:34:09.677+0000] {processor.py:830} INFO - Processing file /home/airflow/.local/lib/python3.8/site-packages/airflow/example_dags/example_branch_day_of_week_operator.py for tasks to queue
[2026-06-12T11:34:09.679+0000] {logging_mixin.py:188} INFO - [2026-06-12T11:34:09.679+0000] {dagbag.py:538} INFO - Filling up the DagBag from /home/airflow/.local/lib/python3.8/site-packages/airflow/example_dags/example_branch_day_of_week_operator.py
[2026-06-12T11:34:09.693+0000] {processor.py:840} INFO - DAG(s) 'example_weekday_branch_operator' retrieved from /home/airflow/.local/lib/python3.8/site-packages/airflow/example_dags/example_branch_day_of_week_operator.py
[2026-06-12T11:34:09.729+0000] {logging_mixin.py:188} INFO - [2026-06-12T11:34:09.729+0000] {dag.py:3036} INFO - Sync 1 DAGs
[2026-06-12T11:34:09.773+0000] {logging_mixin.py:188} INFO - [2026-06-12T11:34:09.773+0000] {dag.py:3823} INFO - Setting next_dagrun for example_weekday_branch_operator to 2026-06-11 00:00:00+00:00, run_after=2026-06-12 00:00:00+00:00
[2026-06-12T11:34:09.803+0000] {processor.py:183} INFO - Processing /home/airflow/.local/lib/python3.8/site-packages/airflow/example_dags/example_branch_day_of_week_operator.py took 0.133 seconds
[2026-06-12T11:34:40.666+0000] {processor.py:161} INFO - Started process (PID=4233) to work on /home/airflow/.local/lib/python3.8/site-packages/airflow/example_dags/example_branch_day_of_week_operator.py
[2026-06-12T11:34:40.667+0000] {processor.py:830} INFO - Processing file /home/airflow/.local/lib/python3.8/site-packages/airflow/example_dags/example_branch_day_of_week_operator.py for tasks to queue
[2026-06-12T11:34:40.670+0000] {logging_mixin.py:188} INFO - [2026-06-12T11:34:40.670+0000] {dagbag.py:538} INFO - Filling up the DagBag from /home/airflow/.local/lib/python3.8/site-packages/airflow/example_dags/example_branch_day_of_week_operator.py
[2026-06-12T11:34:40.682+0000] {processor.py:840} INFO - DAG(s) 'example_weekday_branch_operator' retrieved from /home/airflow/.local/lib/python3.8/site-packages/airflow/example_dags/example_branch_day_of_week_operator.py
[2026-06-12T11:34:40.717+0000] {logging_mixin.py:188} INFO - [2026-06-12T11:34:40.717+0000] {dag.py:3036} INFO - Sync 1 DAGs
[2026-06-12T11:34:40.754+0000] {logging_mixin.py:188} INFO - [2026-06-12T11:34:40.754+0000] {dag.py:3823} INFO - Setting next_dagrun for example_weekday_branch_operator to 2026-06-11 00:00:00+00:00, run_after=2026-06-12 00:00:00+00:00
[2026-06-12T11:34:40.784+0000] {processor.py:183} INFO - Processing /home/airflow/.local/lib/python3.8/site-packages/airflow/example_dags/example_branch_day_of_week_operator.py took 0.123 seconds
[2026-06-12T11:35:10.874+0000] {processor.py:161} INFO - Started process (PID=4299) to work on /home/airflow/.local/lib/python3.8/site-packages/airflow/example_dags/example_branch_day_of_week_operator.py
[2026-06-12T11:35:10.876+0000] {processor.py:830} INFO - Processing file /home/airflow/.local/lib/python3.8/site-packages/airflow/example_dags/example_branch_day_of_week_operator.py for tasks to queue
[2026-06-12T11:35:10.879+0000] {logging_mixin.py:188} INFO - [2026-06-12T11:35:10.879+0000] {dagbag.py:538} INFO - Filling up the DagBag from /home/airflow/.local/lib/python3.8/site-packages/airflow/example_dags/example_branch_day_of_week_operator.py
[2026-06-12T11:35:10.892+0000] {processor.py:840} INFO - DAG(s) 'example_weekday_branch_operator' retrieved from /home/airflow/.local/lib/python3.8/site-packages/airflow/example_dags/example_branch_day_of_week_operator.py
[2026-06-12T11:35:10.930+0000] {logging_mixin.py:188} INFO - [2026-06-12T11:35:10.930+0000] {dag.py:3036} INFO - Sync 1 DAGs
[2026-06-12T11:35:10.973+0000] {logging_mixin.py:188} INFO - [2026-06-12T11:35:10.973+0000] {dag.py:3823} INFO - Setting next_dagrun for example_weekday_branch_operator to 2026-06-11 00:00:00+00:00, run_after=2026-06-12 00:00:00+00:00
[2026-06-12T11:35:11.007+0000] {processor.py:183} INFO - Processing /home/airflow/.local/lib/python3.8/site-packages/airflow/example_dags/example_branch_day_of_week_operator.py took 0.138 seconds
[2026-06-12T11:35:41.314+0000] {processor.py:161} INFO - Started process (PID=4371) to work on /home/airflow/.local/lib/python3.8/site-packages/airflow/example_dags/example_branch_day_of_week_operator.py
[2026-06-12T11:35:41.316+0000] {processor.py:830} INFO - Processing file /home/airflow/.local/lib/python3.8/site-packages/airflow/example_dags/example_branch_day_of_week_operator.py for tasks to queue
[2026-06-12T11:35:41.319+0000] {logging_mixin.py:188} INFO - [2026-06-12T11:35:41.318+0000] {dagbag.py:538} INFO - Filling up the DagBag from /home/airflow/.local/lib/python3.8/site-packages/airflow/example_dags/example_branch_day_of_week_operator.py
[2026-06-12T11:35:41.334+0000] {processor.py:840} INFO - DAG(s) 'example_weekday_branch_operator' retrieved from /home/airflow/.local/lib/python3.8/site-packages/airflow/example_dags/example_branch_day_of_week_operator.py
[2026-06-12T11:35:41.378+0000] {logging_mixin.py:188} INFO - [2026-06-12T11:35:41.378+0000] {dag.py:3036} INFO - Sync 1 DAGs
[2026-06-12T11:35:41.423+0000] {logging_mixin.py:188} INFO - [2026-06-12T11:35:41.423+0000] {dag.py:3823} INFO - Setting next_dagrun for example_weekday_branch_operator to 2026-06-11 00:00:00+00:00, run_after=2026-06-12 00:00:00+00:00
[2026-06-12T11:35:41.453+0000] {processor.py:183} INFO - Processing /home/airflow/.local/lib/python3.8/site-packages/airflow/example_dags/example_branch_day_of_week_operator.py took 0.145 seconds
[2026-06-12T11:36:11.808+0000] {processor.py:161} INFO - Started process (PID=4436) to work on /home/airflow/.local/lib/python3.8/site-packages/airflow/example_dags/example_branch_day_of_week_operator.py
[2026-06-12T11:36:11.810+0000] {processor.py:830} INFO - Processing file /home/airflow/.local/lib/python3.8/site-packages/airflow/example_dags/example_branch_day_of_week_operator.py for tasks to queue
[2026-06-12T11:36:11.813+0000] {logging_mixin.py:188} INFO - [2026-06-12T11:36:11.813+0000] {dagbag.py:538} INFO - Filling up the DagBag from /home/airflow/.local/lib/python3.8/site-packages/airflow/example_dags/example_branch_day_of_week_operator.py
[2026-06-12T11:36:11.826+0000] {processor.py:840} INFO - DAG(s) 'example_weekday_branch_operator' retrieved from /home/airflow/.local/lib/python3.8/site-packages/airflow/example_dags/example_branch_day_of_week_operator.py
[2026-06-12T11:36:11.868+0000] {logging_mixin.py:188} INFO - [2026-06-12T11:36:11.868+0000] {dag.py:3036} INFO - Sync 1 DAGs
[2026-06-12T11:36:11.915+0000] {logging_mixin.py:188} INFO - [2026-06-12T11:36:11.914+0000] {dag.py:3823} INFO - Setting next_dagrun for example_weekday_branch_operator to 2026-06-11 00:00:00+00:00, run_after=2026-06-12 00:00:00+00:00
[2026-06-12T11:36:11.947+0000] {processor.py:183} INFO - Processing /home/airflow/.local/lib/python3.8/site-packages/airflow/example_dags/example_branch_day_of_week_operator.py took 0.144 seconds
[2026-06-12T11:36:42.458+0000] {processor.py:161} INFO - Started process (PID=4502) to work on /home/airflow/.local/lib/python3.8/site-packages/airflow/example_dags/example_branch_day_of_week_operator.py
[2026-06-12T11:36:42.459+0000] {processor.py:830} INFO - Processing file /home/airflow/.local/lib/python3.8/site-packages/airflow/example_dags/example_branch_day_of_week_operator.py for tasks to queue
[2026-06-12T11:36:42.462+0000] {logging_mixin.py:188} INFO - [2026-06-12T11:36:42.462+0000] {dagbag.py:538} INFO - Filling up the DagBag from /home/airflow/.local/lib/python3.8/site-packages/airflow/example_dags/example_branch_day_of_week_operator.py
[2026-06-12T11:36:42.481+0000] {processor.py:840} INFO - DAG(s) 'example_weekday_branch_operator' retrieved from /home/airflow/.local/lib/python3.8/site-packages/airflow/example_dags/example_branch_day_of_week_operator.py
[2026-06-12T11:36:42.525+0000] {logging_mixin.py:188} INFO - [2026-06-12T11:36:42.525+0000] {dag.py:3036} INFO - Sync 1 DAGs
[2026-06-12T11:36:42.574+0000] {logging_mixin.py:188} INFO - [2026-06-12T11:36:42.574+0000] {dag.py:3823} INFO - Setting next_dagrun for example_weekday_branch_operator to 2026-06-11 00:00:00+00:00, run_after=2026-06-12 00:00:00+00:00
[2026-06-12T11:36:42.608+0000] {processor.py:183} INFO - Processing /home/airflow/.local/lib/python3.8/site-packages/airflow/example_dags/example_branch_day_of_week_operator.py took 0.156 seconds
