[2026-06-12T11:02:57.799+0000] {processor.py:161} INFO - Started process (PID=55) to work on /home/airflow/.local/lib/python3.8/site-packages/airflow/example_dags/example_branch_python_dop_operator_3.py
[2026-06-12T11:02:57.800+0000] {processor.py:830} INFO - Processing file /home/airflow/.local/lib/python3.8/site-packages/airflow/example_dags/example_branch_python_dop_operator_3.py for tasks to queue
[2026-06-12T11:02:57.803+0000] {logging_mixin.py:188} INFO - [2026-06-12T11:02:57.803+0000] {dagbag.py:538} INFO - Filling up the DagBag from /home/airflow/.local/lib/python3.8/site-packages/airflow/example_dags/example_branch_python_dop_operator_3.py
[2026-06-12T11:02:57.849+0000] {processor.py:840} INFO - DAG(s) 'example_branch_dop_operator_v3' retrieved from /home/airflow/.local/lib/python3.8/site-packages/airflow/example_dags/example_branch_python_dop_operator_3.py
[2026-06-12T11:02:57.887+0000] {logging_mixin.py:188} INFO - [2026-06-12T11:02:57.886+0000] {dag.py:3036} INFO - Sync 1 DAGs
[2026-06-12T11:02:57.983+0000] {logging_mixin.py:188} INFO - [2026-06-12T11:02:57.983+0000] {dag.py:3823} INFO - Setting next_dagrun for example_branch_dop_operator_v3 to 2026-06-12 11:01:00+00:00, run_after=2026-06-12 11:02:00+00:00
[2026-06-12T11:02:58.049+0000] {processor.py:183} INFO - Processing /home/airflow/.local/lib/python3.8/site-packages/airflow/example_dags/example_branch_python_dop_operator_3.py took 0.264 seconds
[2026-06-12T11:03:28.344+0000] {processor.py:161} INFO - Started process (PID=121) to work on /home/airflow/.local/lib/python3.8/site-packages/airflow/example_dags/example_branch_python_dop_operator_3.py
[2026-06-12T11:03:28.345+0000] {processor.py:830} INFO - Processing file /home/airflow/.local/lib/python3.8/site-packages/airflow/example_dags/example_branch_python_dop_operator_3.py for tasks to queue
[2026-06-12T11:03:28.348+0000] {logging_mixin.py:188} INFO - [2026-06-12T11:03:28.348+0000] {dagbag.py:538} INFO - Filling up the DagBag from /home/airflow/.local/lib/python3.8/site-packages/airflow/example_dags/example_branch_python_dop_operator_3.py
[2026-06-12T11:03:28.366+0000] {processor.py:840} INFO - DAG(s) 'example_branch_dop_operator_v3' retrieved from /home/airflow/.local/lib/python3.8/site-packages/airflow/example_dags/example_branch_python_dop_operator_3.py
[2026-06-12T11:03:28.587+0000] {logging_mixin.py:188} INFO - [2026-06-12T11:03:28.587+0000] {dag.py:3036} INFO - Sync 1 DAGs
[2026-06-12T11:03:28.640+0000] {logging_mixin.py:188} INFO - [2026-06-12T11:03:28.640+0000] {dag.py:3823} INFO - Setting next_dagrun for example_branch_dop_operator_v3 to 2026-06-12 11:02:00+00:00, run_after=2026-06-12 11:03:00+00:00
[2026-06-12T11:03:28.679+0000] {processor.py:183} INFO - Processing /home/airflow/.local/lib/python3.8/site-packages/airflow/example_dags/example_branch_python_dop_operator_3.py took 0.344 seconds
[2026-06-12T11:03:59.002+0000] {processor.py:161} INFO - Started process (PID=187) to work on /home/airflow/.local/lib/python3.8/site-packages/airflow/example_dags/example_branch_python_dop_operator_3.py
[2026-06-12T11:03:59.004+0000] {processor.py:830} INFO - Processing file /home/airflow/.local/lib/python3.8/site-packages/airflow/example_dags/example_branch_python_dop_operator_3.py for tasks to queue
[2026-06-12T11:03:59.007+0000] {logging_mixin.py:188} INFO - [2026-06-12T11:03:59.007+0000] {dagbag.py:538} INFO - Filling up the DagBag from /home/airflow/.local/lib/python3.8/site-packages/airflow/example_dags/example_branch_python_dop_operator_3.py
[2026-06-12T11:03:59.025+0000] {processor.py:840} INFO - DAG(s) 'example_branch_dop_operator_v3' retrieved from /home/airflow/.local/lib/python3.8/site-packages/airflow/example_dags/example_branch_python_dop_operator_3.py
[2026-06-12T11:03:59.069+0000] {logging_mixin.py:188} INFO - [2026-06-12T11:03:59.069+0000] {dag.py:3036} INFO - Sync 1 DAGs
[2026-06-12T11:03:59.130+0000] {logging_mixin.py:188} INFO - [2026-06-12T11:03:59.130+0000] {dag.py:3823} INFO - Setting next_dagrun for example_branch_dop_operator_v3 to 2026-06-12 11:02:00+00:00, run_after=2026-06-12 11:03:00+00:00
[2026-06-12T11:03:59.167+0000] {processor.py:183} INFO - Processing /home/airflow/.local/lib/python3.8/site-packages/airflow/example_dags/example_branch_python_dop_operator_3.py took 0.172 seconds
[2026-06-12T11:04:29.570+0000] {processor.py:161} INFO - Started process (PID=254) to work on /home/airflow/.local/lib/python3.8/site-packages/airflow/example_dags/example_branch_python_dop_operator_3.py
[2026-06-12T11:04:29.572+0000] {processor.py:830} INFO - Processing file /home/airflow/.local/lib/python3.8/site-packages/airflow/example_dags/example_branch_python_dop_operator_3.py for tasks to queue
[2026-06-12T11:04:29.575+0000] {logging_mixin.py:188} INFO - [2026-06-12T11:04:29.574+0000] {dagbag.py:538} INFO - Filling up the DagBag from /home/airflow/.local/lib/python3.8/site-packages/airflow/example_dags/example_branch_python_dop_operator_3.py
[2026-06-12T11:04:29.592+0000] {processor.py:840} INFO - DAG(s) 'example_branch_dop_operator_v3' retrieved from /home/airflow/.local/lib/python3.8/site-packages/airflow/example_dags/example_branch_python_dop_operator_3.py
[2026-06-12T11:04:29.626+0000] {logging_mixin.py:188} INFO - [2026-06-12T11:04:29.626+0000] {dag.py:3036} INFO - Sync 1 DAGs
[2026-06-12T11:04:29.677+0000] {logging_mixin.py:188} INFO - [2026-06-12T11:04:29.676+0000] {dag.py:3823} INFO - Setting next_dagrun for example_branch_dop_operator_v3 to 2026-06-12 11:03:00+00:00, run_after=2026-06-12 11:04:00+00:00
[2026-06-12T11:04:29.709+0000] {processor.py:183} INFO - Processing /home/airflow/.local/lib/python3.8/site-packages/airflow/example_dags/example_branch_python_dop_operator_3.py took 0.145 seconds
[2026-06-12T11:04:59.778+0000] {processor.py:161} INFO - Started process (PID=320) to work on /home/airflow/.local/lib/python3.8/site-packages/airflow/example_dags/example_branch_python_dop_operator_3.py
[2026-06-12T11:04:59.780+0000] {processor.py:830} INFO - Processing file /home/airflow/.local/lib/python3.8/site-packages/airflow/example_dags/example_branch_python_dop_operator_3.py for tasks to queue
[2026-06-12T11:04:59.782+0000] {logging_mixin.py:188} INFO - [2026-06-12T11:04:59.782+0000] {dagbag.py:538} INFO - Filling up the DagBag from /home/airflow/.local/lib/python3.8/site-packages/airflow/example_dags/example_branch_python_dop_operator_3.py
[2026-06-12T11:04:59.796+0000] {processor.py:840} INFO - DAG(s) 'example_branch_dop_operator_v3' retrieved from /home/airflow/.local/lib/python3.8/site-packages/airflow/example_dags/example_branch_python_dop_operator_3.py
[2026-06-12T11:04:59.829+0000] {logging_mixin.py:188} INFO - [2026-06-12T11:04:59.829+0000] {dag.py:3036} INFO - Sync 1 DAGs
[2026-06-12T11:04:59.872+0000] {logging_mixin.py:188} INFO - [2026-06-12T11:04:59.871+0000] {dag.py:3823} INFO - Setting next_dagrun for example_branch_dop_operator_v3 to 2026-06-12 11:03:00+00:00, run_after=2026-06-12 11:04:00+00:00
[2026-06-12T11:04:59.898+0000] {processor.py:183} INFO - Processing /home/airflow/.local/lib/python3.8/site-packages/airflow/example_dags/example_branch_python_dop_operator_3.py took 0.125 seconds
[2026-06-12T11:05:30.340+0000] {processor.py:161} INFO - Started process (PID=386) to work on /home/airflow/.local/lib/python3.8/site-packages/airflow/example_dags/example_branch_python_dop_operator_3.py
[2026-06-12T11:05:30.342+0000] {processor.py:830} INFO - Processing file /home/airflow/.local/lib/python3.8/site-packages/airflow/example_dags/example_branch_python_dop_operator_3.py for tasks to queue
[2026-06-12T11:05:30.345+0000] {logging_mixin.py:188} INFO - [2026-06-12T11:05:30.344+0000] {dagbag.py:538} INFO - Filling up the DagBag from /home/airflow/.local/lib/python3.8/site-packages/airflow/example_dags/example_branch_python_dop_operator_3.py
[2026-06-12T11:05:30.358+0000] {processor.py:840} INFO - DAG(s) 'example_branch_dop_operator_v3' retrieved from /home/airflow/.local/lib/python3.8/site-packages/airflow/example_dags/example_branch_python_dop_operator_3.py
[2026-06-12T11:05:30.391+0000] {logging_mixin.py:188} INFO - [2026-06-12T11:05:30.391+0000] {dag.py:3036} INFO - Sync 1 DAGs
[2026-06-12T11:05:30.433+0000] {logging_mixin.py:188} INFO - [2026-06-12T11:05:30.433+0000] {dag.py:3823} INFO - Setting next_dagrun for example_branch_dop_operator_v3 to 2026-06-12 11:04:00+00:00, run_after=2026-06-12 11:05:00+00:00
[2026-06-12T11:05:30.460+0000] {processor.py:183} INFO - Processing /home/airflow/.local/lib/python3.8/site-packages/airflow/example_dags/example_branch_python_dop_operator_3.py took 0.124 seconds
[2026-06-12T11:06:00.736+0000] {processor.py:161} INFO - Started process (PID=452) to work on /home/airflow/.local/lib/python3.8/site-packages/airflow/example_dags/example_branch_python_dop_operator_3.py
[2026-06-12T11:06:00.738+0000] {processor.py:830} INFO - Processing file /home/airflow/.local/lib/python3.8/site-packages/airflow/example_dags/example_branch_python_dop_operator_3.py for tasks to queue
[2026-06-12T11:06:00.740+0000] {logging_mixin.py:188} INFO - [2026-06-12T11:06:00.740+0000] {dagbag.py:538} INFO - Filling up the DagBag from /home/airflow/.local/lib/python3.8/site-packages/airflow/example_dags/example_branch_python_dop_operator_3.py
[2026-06-12T11:06:00.754+0000] {processor.py:840} INFO - DAG(s) 'example_branch_dop_operator_v3' retrieved from /home/airflow/.local/lib/python3.8/site-packages/airflow/example_dags/example_branch_python_dop_operator_3.py
[2026-06-12T11:06:00.790+0000] {logging_mixin.py:188} INFO - [2026-06-12T11:06:00.790+0000] {dag.py:3036} INFO - Sync 1 DAGs
[2026-06-12T11:06:00.836+0000] {logging_mixin.py:188} INFO - [2026-06-12T11:06:00.836+0000] {dag.py:3823} INFO - Setting next_dagrun for example_branch_dop_operator_v3 to 2026-06-12 11:05:00+00:00, run_after=2026-06-12 11:06:00+00:00
[2026-06-12T11:06:00.863+0000] {processor.py:183} INFO - Processing /home/airflow/.local/lib/python3.8/site-packages/airflow/example_dags/example_branch_python_dop_operator_3.py took 0.132 seconds
[2026-06-12T11:06:31.175+0000] {processor.py:161} INFO - Started process (PID=517) to work on /home/airflow/.local/lib/python3.8/site-packages/airflow/example_dags/example_branch_python_dop_operator_3.py
[2026-06-12T11:06:31.178+0000] {processor.py:830} INFO - Processing file /home/airflow/.local/lib/python3.8/site-packages/airflow/example_dags/example_branch_python_dop_operator_3.py for tasks to queue
[2026-06-12T11:06:31.181+0000] {logging_mixin.py:188} INFO - [2026-06-12T11:06:31.180+0000] {dagbag.py:538} INFO - Filling up the DagBag from /home/airflow/.local/lib/python3.8/site-packages/airflow/example_dags/example_branch_python_dop_operator_3.py
[2026-06-12T11:06:31.195+0000] {processor.py:840} INFO - DAG(s) 'example_branch_dop_operator_v3' retrieved from /home/airflow/.local/lib/python3.8/site-packages/airflow/example_dags/example_branch_python_dop_operator_3.py
[2026-06-12T11:06:31.232+0000] {logging_mixin.py:188} INFO - [2026-06-12T11:06:31.231+0000] {dag.py:3036} INFO - Sync 1 DAGs
[2026-06-12T11:06:31.273+0000] {logging_mixin.py:188} INFO - [2026-06-12T11:06:31.273+0000] {dag.py:3823} INFO - Setting next_dagrun for example_branch_dop_operator_v3 to 2026-06-12 11:05:00+00:00, run_after=2026-06-12 11:06:00+00:00
[2026-06-12T11:06:31.300+0000] {processor.py:183} INFO - Processing /home/airflow/.local/lib/python3.8/site-packages/airflow/example_dags/example_branch_python_dop_operator_3.py took 0.130 seconds
[2026-06-12T11:07:01.556+0000] {processor.py:161} INFO - Started process (PID=582) to work on /home/airflow/.local/lib/python3.8/site-packages/airflow/example_dags/example_branch_python_dop_operator_3.py
[2026-06-12T11:07:01.557+0000] {processor.py:830} INFO - Processing file /home/airflow/.local/lib/python3.8/site-packages/airflow/example_dags/example_branch_python_dop_operator_3.py for tasks to queue
[2026-06-12T11:07:01.560+0000] {logging_mixin.py:188} INFO - [2026-06-12T11:07:01.560+0000] {dagbag.py:538} INFO - Filling up the DagBag from /home/airflow/.local/lib/python3.8/site-packages/airflow/example_dags/example_branch_python_dop_operator_3.py
[2026-06-12T11:07:01.577+0000] {processor.py:840} INFO - DAG(s) 'example_branch_dop_operator_v3' retrieved from /home/airflow/.local/lib/python3.8/site-packages/airflow/example_dags/example_branch_python_dop_operator_3.py
[2026-06-12T11:07:01.615+0000] {logging_mixin.py:188} INFO - [2026-06-12T11:07:01.615+0000] {dag.py:3036} INFO - Sync 1 DAGs
[2026-06-12T11:07:01.666+0000] {logging_mixin.py:188} INFO - [2026-06-12T11:07:01.666+0000] {dag.py:3823} INFO - Setting next_dagrun for example_branch_dop_operator_v3 to 2026-06-12 11:06:00+00:00, run_after=2026-06-12 11:07:00+00:00
[2026-06-12T11:07:01.695+0000] {processor.py:183} INFO - Processing /home/airflow/.local/lib/python3.8/site-packages/airflow/example_dags/example_branch_python_dop_operator_3.py took 0.145 seconds
[2026-06-12T11:07:31.950+0000] {processor.py:161} INFO - Started process (PID=647) to work on /home/airflow/.local/lib/python3.8/site-packages/airflow/example_dags/example_branch_python_dop_operator_3.py
[2026-06-12T11:07:31.952+0000] {processor.py:830} INFO - Processing file /home/airflow/.local/lib/python3.8/site-packages/airflow/example_dags/example_branch_python_dop_operator_3.py for tasks to queue
[2026-06-12T11:07:31.955+0000] {logging_mixin.py:188} INFO - [2026-06-12T11:07:31.955+0000] {dagbag.py:538} INFO - Filling up the DagBag from /home/airflow/.local/lib/python3.8/site-packages/airflow/example_dags/example_branch_python_dop_operator_3.py
[2026-06-12T11:07:31.974+0000] {processor.py:840} INFO - DAG(s) 'example_branch_dop_operator_v3' retrieved from /home/airflow/.local/lib/python3.8/site-packages/airflow/example_dags/example_branch_python_dop_operator_3.py
[2026-06-12T11:07:32.027+0000] {logging_mixin.py:188} INFO - [2026-06-12T11:07:32.027+0000] {dag.py:3036} INFO - Sync 1 DAGs
[2026-06-12T11:07:32.081+0000] {logging_mixin.py:188} INFO - [2026-06-12T11:07:32.080+0000] {dag.py:3823} INFO - Setting next_dagrun for example_branch_dop_operator_v3 to 2026-06-12 11:06:00+00:00, run_after=2026-06-12 11:07:00+00:00
[2026-06-12T11:07:32.112+0000] {processor.py:183} INFO - Processing /home/airflow/.local/lib/python3.8/site-packages/airflow/example_dags/example_branch_python_dop_operator_3.py took 0.168 seconds
[2026-06-12T11:08:02.151+0000] {processor.py:161} INFO - Started process (PID=713) to work on /home/airflow/.local/lib/python3.8/site-packages/airflow/example_dags/example_branch_python_dop_operator_3.py
[2026-06-12T11:08:02.153+0000] {processor.py:830} INFO - Processing file /home/airflow/.local/lib/python3.8/site-packages/airflow/example_dags/example_branch_python_dop_operator_3.py for tasks to queue
[2026-06-12T11:08:02.156+0000] {logging_mixin.py:188} INFO - [2026-06-12T11:08:02.155+0000] {dagbag.py:538} INFO - Filling up the DagBag from /home/airflow/.local/lib/python3.8/site-packages/airflow/example_dags/example_branch_python_dop_operator_3.py
[2026-06-12T11:08:02.172+0000] {processor.py:840} INFO - DAG(s) 'example_branch_dop_operator_v3' retrieved from /home/airflow/.local/lib/python3.8/site-packages/airflow/example_dags/example_branch_python_dop_operator_3.py
[2026-06-12T11:08:02.215+0000] {logging_mixin.py:188} INFO - [2026-06-12T11:08:02.215+0000] {dag.py:3036} INFO - Sync 1 DAGs
[2026-06-12T11:08:02.269+0000] {logging_mixin.py:188} INFO - [2026-06-12T11:08:02.269+0000] {dag.py:3823} INFO - Setting next_dagrun for example_branch_dop_operator_v3 to 2026-06-12 11:07:00+00:00, run_after=2026-06-12 11:08:00+00:00
[2026-06-12T11:08:02.303+0000] {processor.py:183} INFO - Processing /home/airflow/.local/lib/python3.8/site-packages/airflow/example_dags/example_branch_python_dop_operator_3.py took 0.158 seconds
[2026-06-12T11:08:32.643+0000] {processor.py:161} INFO - Started process (PID=788) to work on /home/airflow/.local/lib/python3.8/site-packages/airflow/example_dags/example_branch_python_dop_operator_3.py
[2026-06-12T11:08:32.645+0000] {processor.py:830} INFO - Processing file /home/airflow/.local/lib/python3.8/site-packages/airflow/example_dags/example_branch_python_dop_operator_3.py for tasks to queue
[2026-06-12T11:08:32.647+0000] {logging_mixin.py:188} INFO - [2026-06-12T11:08:32.646+0000] {dagbag.py:538} INFO - Filling up the DagBag from /home/airflow/.local/lib/python3.8/site-packages/airflow/example_dags/example_branch_python_dop_operator_3.py
[2026-06-12T11:08:32.661+0000] {processor.py:840} INFO - DAG(s) 'example_branch_dop_operator_v3' retrieved from /home/airflow/.local/lib/python3.8/site-packages/airflow/example_dags/example_branch_python_dop_operator_3.py
[2026-06-12T11:08:32.697+0000] {logging_mixin.py:188} INFO - [2026-06-12T11:08:32.696+0000] {dag.py:3036} INFO - Sync 1 DAGs
[2026-06-12T11:08:32.738+0000] {logging_mixin.py:188} INFO - [2026-06-12T11:08:32.738+0000] {dag.py:3823} INFO - Setting next_dagrun for example_branch_dop_operator_v3 to 2026-06-12 11:07:00+00:00, run_after=2026-06-12 11:08:00+00:00
[2026-06-12T11:08:32.769+0000] {processor.py:183} INFO - Processing /home/airflow/.local/lib/python3.8/site-packages/airflow/example_dags/example_branch_python_dop_operator_3.py took 0.131 seconds
[2026-06-12T11:09:03.027+0000] {processor.py:161} INFO - Started process (PID=853) to work on /home/airflow/.local/lib/python3.8/site-packages/airflow/example_dags/example_branch_python_dop_operator_3.py
[2026-06-12T11:09:03.028+0000] {processor.py:830} INFO - Processing file /home/airflow/.local/lib/python3.8/site-packages/airflow/example_dags/example_branch_python_dop_operator_3.py for tasks to queue
[2026-06-12T11:09:03.030+0000] {logging_mixin.py:188} INFO - [2026-06-12T11:09:03.030+0000] {dagbag.py:538} INFO - Filling up the DagBag from /home/airflow/.local/lib/python3.8/site-packages/airflow/example_dags/example_branch_python_dop_operator_3.py
[2026-06-12T11:09:03.044+0000] {processor.py:840} INFO - DAG(s) 'example_branch_dop_operator_v3' retrieved from /home/airflow/.local/lib/python3.8/site-packages/airflow/example_dags/example_branch_python_dop_operator_3.py
[2026-06-12T11:09:03.080+0000] {logging_mixin.py:188} INFO - [2026-06-12T11:09:03.080+0000] {dag.py:3036} INFO - Sync 1 DAGs
[2026-06-12T11:09:03.128+0000] {logging_mixin.py:188} INFO - [2026-06-12T11:09:03.128+0000] {dag.py:3823} INFO - Setting next_dagrun for example_branch_dop_operator_v3 to 2026-06-12 11:08:00+00:00, run_after=2026-06-12 11:09:00+00:00
[2026-06-12T11:09:03.160+0000] {processor.py:183} INFO - Processing /home/airflow/.local/lib/python3.8/site-packages/airflow/example_dags/example_branch_python_dop_operator_3.py took 0.138 seconds
[2026-06-12T11:09:33.645+0000] {processor.py:161} INFO - Started process (PID=920) to work on /home/airflow/.local/lib/python3.8/site-packages/airflow/example_dags/example_branch_python_dop_operator_3.py
[2026-06-12T11:09:33.646+0000] {processor.py:830} INFO - Processing file /home/airflow/.local/lib/python3.8/site-packages/airflow/example_dags/example_branch_python_dop_operator_3.py for tasks to queue
[2026-06-12T11:09:33.649+0000] {logging_mixin.py:188} INFO - [2026-06-12T11:09:33.648+0000] {dagbag.py:538} INFO - Filling up the DagBag from /home/airflow/.local/lib/python3.8/site-packages/airflow/example_dags/example_branch_python_dop_operator_3.py
[2026-06-12T11:09:33.662+0000] {processor.py:840} INFO - DAG(s) 'example_branch_dop_operator_v3' retrieved from /home/airflow/.local/lib/python3.8/site-packages/airflow/example_dags/example_branch_python_dop_operator_3.py
[2026-06-12T11:09:33.694+0000] {logging_mixin.py:188} INFO - [2026-06-12T11:09:33.694+0000] {dag.py:3036} INFO - Sync 1 DAGs
[2026-06-12T11:09:33.736+0000] {logging_mixin.py:188} INFO - [2026-06-12T11:09:33.735+0000] {dag.py:3823} INFO - Setting next_dagrun for example_branch_dop_operator_v3 to 2026-06-12 11:08:00+00:00, run_after=2026-06-12 11:09:00+00:00
[2026-06-12T11:09:33.766+0000] {processor.py:183} INFO - Processing /home/airflow/.local/lib/python3.8/site-packages/airflow/example_dags/example_branch_python_dop_operator_3.py took 0.126 seconds
[2026-06-12T11:10:03.985+0000] {processor.py:161} INFO - Started process (PID=985) to work on /home/airflow/.local/lib/python3.8/site-packages/airflow/example_dags/example_branch_python_dop_operator_3.py
[2026-06-12T11:10:03.987+0000] {processor.py:830} INFO - Processing file /home/airflow/.local/lib/python3.8/site-packages/airflow/example_dags/example_branch_python_dop_operator_3.py for tasks to queue
[2026-06-12T11:10:03.990+0000] {logging_mixin.py:188} INFO - [2026-06-12T11:10:03.989+0000] {dagbag.py:538} INFO - Filling up the DagBag from /home/airflow/.local/lib/python3.8/site-packages/airflow/example_dags/example_branch_python_dop_operator_3.py
[2026-06-12T11:10:04.007+0000] {processor.py:840} INFO - DAG(s) 'example_branch_dop_operator_v3' retrieved from /home/airflow/.local/lib/python3.8/site-packages/airflow/example_dags/example_branch_python_dop_operator_3.py
[2026-06-12T11:10:04.045+0000] {logging_mixin.py:188} INFO - [2026-06-12T11:10:04.045+0000] {dag.py:3036} INFO - Sync 1 DAGs
[2026-06-12T11:10:04.101+0000] {logging_mixin.py:188} INFO - [2026-06-12T11:10:04.100+0000] {dag.py:3823} INFO - Setting next_dagrun for example_branch_dop_operator_v3 to 2026-06-12 11:09:00+00:00, run_after=2026-06-12 11:10:00+00:00
[2026-06-12T11:10:04.139+0000] {processor.py:183} INFO - Processing /home/airflow/.local/lib/python3.8/site-packages/airflow/example_dags/example_branch_python_dop_operator_3.py took 0.161 seconds
[2026-06-12T11:10:34.463+0000] {processor.py:161} INFO - Started process (PID=1050) to work on /home/airflow/.local/lib/python3.8/site-packages/airflow/example_dags/example_branch_python_dop_operator_3.py
[2026-06-12T11:10:34.465+0000] {processor.py:830} INFO - Processing file /home/airflow/.local/lib/python3.8/site-packages/airflow/example_dags/example_branch_python_dop_operator_3.py for tasks to queue
[2026-06-12T11:10:34.468+0000] {logging_mixin.py:188} INFO - [2026-06-12T11:10:34.467+0000] {dagbag.py:538} INFO - Filling up the DagBag from /home/airflow/.local/lib/python3.8/site-packages/airflow/example_dags/example_branch_python_dop_operator_3.py
[2026-06-12T11:10:34.481+0000] {processor.py:840} INFO - DAG(s) 'example_branch_dop_operator_v3' retrieved from /home/airflow/.local/lib/python3.8/site-packages/airflow/example_dags/example_branch_python_dop_operator_3.py
[2026-06-12T11:10:34.514+0000] {logging_mixin.py:188} INFO - [2026-06-12T11:10:34.514+0000] {dag.py:3036} INFO - Sync 1 DAGs
[2026-06-12T11:10:34.557+0000] {logging_mixin.py:188} INFO - [2026-06-12T11:10:34.556+0000] {dag.py:3823} INFO - Setting next_dagrun for example_branch_dop_operator_v3 to 2026-06-12 11:09:00+00:00, run_after=2026-06-12 11:10:00+00:00
[2026-06-12T11:10:34.592+0000] {processor.py:183} INFO - Processing /home/airflow/.local/lib/python3.8/site-packages/airflow/example_dags/example_branch_python_dop_operator_3.py took 0.135 seconds
[2026-06-12T11:11:04.767+0000] {processor.py:161} INFO - Started process (PID=1116) to work on /home/airflow/.local/lib/python3.8/site-packages/airflow/example_dags/example_branch_python_dop_operator_3.py
[2026-06-12T11:11:04.769+0000] {processor.py:830} INFO - Processing file /home/airflow/.local/lib/python3.8/site-packages/airflow/example_dags/example_branch_python_dop_operator_3.py for tasks to queue
[2026-06-12T11:11:04.772+0000] {logging_mixin.py:188} INFO - [2026-06-12T11:11:04.771+0000] {dagbag.py:538} INFO - Filling up the DagBag from /home/airflow/.local/lib/python3.8/site-packages/airflow/example_dags/example_branch_python_dop_operator_3.py
[2026-06-12T11:11:04.787+0000] {processor.py:840} INFO - DAG(s) 'example_branch_dop_operator_v3' retrieved from /home/airflow/.local/lib/python3.8/site-packages/airflow/example_dags/example_branch_python_dop_operator_3.py
[2026-06-12T11:11:04.822+0000] {logging_mixin.py:188} INFO - [2026-06-12T11:11:04.821+0000] {dag.py:3036} INFO - Sync 1 DAGs
[2026-06-12T11:11:04.862+0000] {logging_mixin.py:188} INFO - [2026-06-12T11:11:04.862+0000] {dag.py:3823} INFO - Setting next_dagrun for example_branch_dop_operator_v3 to 2026-06-12 11:10:00+00:00, run_after=2026-06-12 11:11:00+00:00
[2026-06-12T11:11:04.889+0000] {processor.py:183} INFO - Processing /home/airflow/.local/lib/python3.8/site-packages/airflow/example_dags/example_branch_python_dop_operator_3.py took 0.126 seconds
[2026-06-12T11:11:34.974+0000] {processor.py:161} INFO - Started process (PID=1183) to work on /home/airflow/.local/lib/python3.8/site-packages/airflow/example_dags/example_branch_python_dop_operator_3.py
[2026-06-12T11:11:34.976+0000] {processor.py:830} INFO - Processing file /home/airflow/.local/lib/python3.8/site-packages/airflow/example_dags/example_branch_python_dop_operator_3.py for tasks to queue
[2026-06-12T11:11:34.978+0000] {logging_mixin.py:188} INFO - [2026-06-12T11:11:34.978+0000] {dagbag.py:538} INFO - Filling up the DagBag from /home/airflow/.local/lib/python3.8/site-packages/airflow/example_dags/example_branch_python_dop_operator_3.py
[2026-06-12T11:11:34.991+0000] {processor.py:840} INFO - DAG(s) 'example_branch_dop_operator_v3' retrieved from /home/airflow/.local/lib/python3.8/site-packages/airflow/example_dags/example_branch_python_dop_operator_3.py
[2026-06-12T11:11:35.025+0000] {logging_mixin.py:188} INFO - [2026-06-12T11:11:35.024+0000] {dag.py:3036} INFO - Sync 1 DAGs
[2026-06-12T11:11:35.071+0000] {logging_mixin.py:188} INFO - [2026-06-12T11:11:35.071+0000] {dag.py:3823} INFO - Setting next_dagrun for example_branch_dop_operator_v3 to 2026-06-12 11:10:00+00:00, run_after=2026-06-12 11:11:00+00:00
[2026-06-12T11:11:35.100+0000] {processor.py:183} INFO - Processing /home/airflow/.local/lib/python3.8/site-packages/airflow/example_dags/example_branch_python_dop_operator_3.py took 0.130 seconds
[2026-06-12T11:12:05.164+0000] {processor.py:161} INFO - Started process (PID=1255) to work on /home/airflow/.local/lib/python3.8/site-packages/airflow/example_dags/example_branch_python_dop_operator_3.py
[2026-06-12T11:12:05.165+0000] {processor.py:830} INFO - Processing file /home/airflow/.local/lib/python3.8/site-packages/airflow/example_dags/example_branch_python_dop_operator_3.py for tasks to queue
[2026-06-12T11:12:05.168+0000] {logging_mixin.py:188} INFO - [2026-06-12T11:12:05.168+0000] {dagbag.py:538} INFO - Filling up the DagBag from /home/airflow/.local/lib/python3.8/site-packages/airflow/example_dags/example_branch_python_dop_operator_3.py
[2026-06-12T11:12:05.185+0000] {processor.py:840} INFO - DAG(s) 'example_branch_dop_operator_v3' retrieved from /home/airflow/.local/lib/python3.8/site-packages/airflow/example_dags/example_branch_python_dop_operator_3.py
[2026-06-12T11:12:05.224+0000] {logging_mixin.py:188} INFO - [2026-06-12T11:12:05.224+0000] {dag.py:3036} INFO - Sync 1 DAGs
[2026-06-12T11:12:05.278+0000] {logging_mixin.py:188} INFO - [2026-06-12T11:12:05.277+0000] {dag.py:3823} INFO - Setting next_dagrun for example_branch_dop_operator_v3 to 2026-06-12 11:11:00+00:00, run_after=2026-06-12 11:12:00+00:00
[2026-06-12T11:12:05.313+0000] {processor.py:183} INFO - Processing /home/airflow/.local/lib/python3.8/site-packages/airflow/example_dags/example_branch_python_dop_operator_3.py took 0.154 seconds
[2026-06-12T11:12:35.620+0000] {processor.py:161} INFO - Started process (PID=1324) to work on /home/airflow/.local/lib/python3.8/site-packages/airflow/example_dags/example_branch_python_dop_operator_3.py
[2026-06-12T11:12:35.622+0000] {processor.py:830} INFO - Processing file /home/airflow/.local/lib/python3.8/site-packages/airflow/example_dags/example_branch_python_dop_operator_3.py for tasks to queue
[2026-06-12T11:12:35.625+0000] {logging_mixin.py:188} INFO - [2026-06-12T11:12:35.625+0000] {dagbag.py:538} INFO - Filling up the DagBag from /home/airflow/.local/lib/python3.8/site-packages/airflow/example_dags/example_branch_python_dop_operator_3.py
[2026-06-12T11:12:35.644+0000] {processor.py:840} INFO - DAG(s) 'example_branch_dop_operator_v3' retrieved from /home/airflow/.local/lib/python3.8/site-packages/airflow/example_dags/example_branch_python_dop_operator_3.py
[2026-06-12T11:12:35.685+0000] {logging_mixin.py:188} INFO - [2026-06-12T11:12:35.684+0000] {dag.py:3036} INFO - Sync 1 DAGs
[2026-06-12T11:12:35.737+0000] {logging_mixin.py:188} INFO - [2026-06-12T11:12:35.737+0000] {dag.py:3823} INFO - Setting next_dagrun for example_branch_dop_operator_v3 to 2026-06-12 11:11:00+00:00, run_after=2026-06-12 11:12:00+00:00
[2026-06-12T11:12:35.771+0000] {processor.py:183} INFO - Processing /home/airflow/.local/lib/python3.8/site-packages/airflow/example_dags/example_branch_python_dop_operator_3.py took 0.157 seconds
[2026-06-12T11:13:06.572+0000] {processor.py:161} INFO - Started process (PID=1390) to work on /home/airflow/.local/lib/python3.8/site-packages/airflow/example_dags/example_branch_python_dop_operator_3.py
[2026-06-12T11:13:06.573+0000] {processor.py:830} INFO - Processing file /home/airflow/.local/lib/python3.8/site-packages/airflow/example_dags/example_branch_python_dop_operator_3.py for tasks to queue
[2026-06-12T11:13:06.576+0000] {logging_mixin.py:188} INFO - [2026-06-12T11:13:06.575+0000] {dagbag.py:538} INFO - Filling up the DagBag from /home/airflow/.local/lib/python3.8/site-packages/airflow/example_dags/example_branch_python_dop_operator_3.py
[2026-06-12T11:13:06.590+0000] {processor.py:840} INFO - DAG(s) 'example_branch_dop_operator_v3' retrieved from /home/airflow/.local/lib/python3.8/site-packages/airflow/example_dags/example_branch_python_dop_operator_3.py
[2026-06-12T11:13:06.624+0000] {logging_mixin.py:188} INFO - [2026-06-12T11:13:06.624+0000] {dag.py:3036} INFO - Sync 1 DAGs
[2026-06-12T11:13:06.669+0000] {logging_mixin.py:188} INFO - [2026-06-12T11:13:06.669+0000] {dag.py:3823} INFO - Setting next_dagrun for example_branch_dop_operator_v3 to 2026-06-12 11:12:00+00:00, run_after=2026-06-12 11:13:00+00:00
[2026-06-12T11:13:06.696+0000] {processor.py:183} INFO - Processing /home/airflow/.local/lib/python3.8/site-packages/airflow/example_dags/example_branch_python_dop_operator_3.py took 0.129 seconds
[2026-06-12T11:13:37.392+0000] {processor.py:161} INFO - Started process (PID=1456) to work on /home/airflow/.local/lib/python3.8/site-packages/airflow/example_dags/example_branch_python_dop_operator_3.py
[2026-06-12T11:13:37.393+0000] {processor.py:830} INFO - Processing file /home/airflow/.local/lib/python3.8/site-packages/airflow/example_dags/example_branch_python_dop_operator_3.py for tasks to queue
[2026-06-12T11:13:37.396+0000] {logging_mixin.py:188} INFO - [2026-06-12T11:13:37.395+0000] {dagbag.py:538} INFO - Filling up the DagBag from /home/airflow/.local/lib/python3.8/site-packages/airflow/example_dags/example_branch_python_dop_operator_3.py
[2026-06-12T11:13:37.410+0000] {processor.py:840} INFO - DAG(s) 'example_branch_dop_operator_v3' retrieved from /home/airflow/.local/lib/python3.8/site-packages/airflow/example_dags/example_branch_python_dop_operator_3.py
[2026-06-12T11:13:37.453+0000] {logging_mixin.py:188} INFO - [2026-06-12T11:13:37.452+0000] {dag.py:3036} INFO - Sync 1 DAGs
[2026-06-12T11:13:37.509+0000] {logging_mixin.py:188} INFO - [2026-06-12T11:13:37.509+0000] {dag.py:3823} INFO - Setting next_dagrun for example_branch_dop_operator_v3 to 2026-06-12 11:12:00+00:00, run_after=2026-06-12 11:13:00+00:00
[2026-06-12T11:13:37.543+0000] {processor.py:183} INFO - Processing /home/airflow/.local/lib/python3.8/site-packages/airflow/example_dags/example_branch_python_dop_operator_3.py took 0.156 seconds
[2026-06-12T11:14:08.076+0000] {processor.py:161} INFO - Started process (PID=1523) to work on /home/airflow/.local/lib/python3.8/site-packages/airflow/example_dags/example_branch_python_dop_operator_3.py
[2026-06-12T11:14:08.078+0000] {processor.py:830} INFO - Processing file /home/airflow/.local/lib/python3.8/site-packages/airflow/example_dags/example_branch_python_dop_operator_3.py for tasks to queue
[2026-06-12T11:14:08.080+0000] {logging_mixin.py:188} INFO - [2026-06-12T11:14:08.080+0000] {dagbag.py:538} INFO - Filling up the DagBag from /home/airflow/.local/lib/python3.8/site-packages/airflow/example_dags/example_branch_python_dop_operator_3.py
[2026-06-12T11:14:08.096+0000] {processor.py:840} INFO - DAG(s) 'example_branch_dop_operator_v3' retrieved from /home/airflow/.local/lib/python3.8/site-packages/airflow/example_dags/example_branch_python_dop_operator_3.py
[2026-06-12T11:14:08.135+0000] {logging_mixin.py:188} INFO - [2026-06-12T11:14:08.134+0000] {dag.py:3036} INFO - Sync 1 DAGs
[2026-06-12T11:14:08.181+0000] {logging_mixin.py:188} INFO - [2026-06-12T11:14:08.181+0000] {dag.py:3823} INFO - Setting next_dagrun for example_branch_dop_operator_v3 to 2026-06-12 11:13:00+00:00, run_after=2026-06-12 11:14:00+00:00
[2026-06-12T11:14:08.210+0000] {processor.py:183} INFO - Processing /home/airflow/.local/lib/python3.8/site-packages/airflow/example_dags/example_branch_python_dop_operator_3.py took 0.139 seconds
[2026-06-12T11:14:38.882+0000] {processor.py:161} INFO - Started process (PID=1589) to work on /home/airflow/.local/lib/python3.8/site-packages/airflow/example_dags/example_branch_python_dop_operator_3.py
[2026-06-12T11:14:38.884+0000] {processor.py:830} INFO - Processing file /home/airflow/.local/lib/python3.8/site-packages/airflow/example_dags/example_branch_python_dop_operator_3.py for tasks to queue
[2026-06-12T11:14:38.886+0000] {logging_mixin.py:188} INFO - [2026-06-12T11:14:38.886+0000] {dagbag.py:538} INFO - Filling up the DagBag from /home/airflow/.local/lib/python3.8/site-packages/airflow/example_dags/example_branch_python_dop_operator_3.py
[2026-06-12T11:14:38.901+0000] {processor.py:840} INFO - DAG(s) 'example_branch_dop_operator_v3' retrieved from /home/airflow/.local/lib/python3.8/site-packages/airflow/example_dags/example_branch_python_dop_operator_3.py
[2026-06-12T11:14:38.935+0000] {logging_mixin.py:188} INFO - [2026-06-12T11:14:38.934+0000] {dag.py:3036} INFO - Sync 1 DAGs
[2026-06-12T11:14:38.979+0000] {logging_mixin.py:188} INFO - [2026-06-12T11:14:38.978+0000] {dag.py:3823} INFO - Setting next_dagrun for example_branch_dop_operator_v3 to 2026-06-12 11:13:00+00:00, run_after=2026-06-12 11:14:00+00:00
[2026-06-12T11:14:39.010+0000] {processor.py:183} INFO - Processing /home/airflow/.local/lib/python3.8/site-packages/airflow/example_dags/example_branch_python_dop_operator_3.py took 0.133 seconds
[2026-06-12T11:15:09.115+0000] {processor.py:161} INFO - Started process (PID=1655) to work on /home/airflow/.local/lib/python3.8/site-packages/airflow/example_dags/example_branch_python_dop_operator_3.py
[2026-06-12T11:15:09.116+0000] {processor.py:830} INFO - Processing file /home/airflow/.local/lib/python3.8/site-packages/airflow/example_dags/example_branch_python_dop_operator_3.py for tasks to queue
[2026-06-12T11:15:09.119+0000] {logging_mixin.py:188} INFO - [2026-06-12T11:15:09.118+0000] {dagbag.py:538} INFO - Filling up the DagBag from /home/airflow/.local/lib/python3.8/site-packages/airflow/example_dags/example_branch_python_dop_operator_3.py
[2026-06-12T11:15:09.133+0000] {processor.py:840} INFO - DAG(s) 'example_branch_dop_operator_v3' retrieved from /home/airflow/.local/lib/python3.8/site-packages/airflow/example_dags/example_branch_python_dop_operator_3.py
[2026-06-12T11:15:09.169+0000] {logging_mixin.py:188} INFO - [2026-06-12T11:15:09.167+0000] {dag.py:3036} INFO - Sync 1 DAGs
[2026-06-12T11:15:09.213+0000] {logging_mixin.py:188} INFO - [2026-06-12T11:15:09.213+0000] {dag.py:3823} INFO - Setting next_dagrun for example_branch_dop_operator_v3 to 2026-06-12 11:14:00+00:00, run_after=2026-06-12 11:15:00+00:00
[2026-06-12T11:15:09.240+0000] {processor.py:183} INFO - Processing /home/airflow/.local/lib/python3.8/site-packages/airflow/example_dags/example_branch_python_dop_operator_3.py took 0.130 seconds
[2026-06-12T11:15:39.807+0000] {processor.py:161} INFO - Started process (PID=1722) to work on /home/airflow/.local/lib/python3.8/site-packages/airflow/example_dags/example_branch_python_dop_operator_3.py
[2026-06-12T11:15:39.809+0000] {processor.py:830} INFO - Processing file /home/airflow/.local/lib/python3.8/site-packages/airflow/example_dags/example_branch_python_dop_operator_3.py for tasks to queue
[2026-06-12T11:15:39.812+0000] {logging_mixin.py:188} INFO - [2026-06-12T11:15:39.811+0000] {dagbag.py:538} INFO - Filling up the DagBag from /home/airflow/.local/lib/python3.8/site-packages/airflow/example_dags/example_branch_python_dop_operator_3.py
[2026-06-12T11:15:39.826+0000] {processor.py:840} INFO - DAG(s) 'example_branch_dop_operator_v3' retrieved from /home/airflow/.local/lib/python3.8/site-packages/airflow/example_dags/example_branch_python_dop_operator_3.py
[2026-06-12T11:15:39.865+0000] {logging_mixin.py:188} INFO - [2026-06-12T11:15:39.864+0000] {dag.py:3036} INFO - Sync 1 DAGs
[2026-06-12T11:15:39.911+0000] {logging_mixin.py:188} INFO - [2026-06-12T11:15:39.911+0000] {dag.py:3823} INFO - Setting next_dagrun for example_branch_dop_operator_v3 to 2026-06-12 11:14:00+00:00, run_after=2026-06-12 11:15:00+00:00
[2026-06-12T11:15:39.942+0000] {processor.py:183} INFO - Processing /home/airflow/.local/lib/python3.8/site-packages/airflow/example_dags/example_branch_python_dop_operator_3.py took 0.140 seconds
[2026-06-12T11:16:10.257+0000] {processor.py:161} INFO - Started process (PID=1787) to work on /home/airflow/.local/lib/python3.8/site-packages/airflow/example_dags/example_branch_python_dop_operator_3.py
[2026-06-12T11:16:10.258+0000] {processor.py:830} INFO - Processing file /home/airflow/.local/lib/python3.8/site-packages/airflow/example_dags/example_branch_python_dop_operator_3.py for tasks to queue
[2026-06-12T11:16:10.261+0000] {logging_mixin.py:188} INFO - [2026-06-12T11:16:10.261+0000] {dagbag.py:538} INFO - Filling up the DagBag from /home/airflow/.local/lib/python3.8/site-packages/airflow/example_dags/example_branch_python_dop_operator_3.py
[2026-06-12T11:16:10.278+0000] {processor.py:840} INFO - DAG(s) 'example_branch_dop_operator_v3' retrieved from /home/airflow/.local/lib/python3.8/site-packages/airflow/example_dags/example_branch_python_dop_operator_3.py
[2026-06-12T11:16:10.319+0000] {logging_mixin.py:188} INFO - [2026-06-12T11:16:10.318+0000] {dag.py:3036} INFO - Sync 1 DAGs
[2026-06-12T11:16:10.364+0000] {logging_mixin.py:188} INFO - [2026-06-12T11:16:10.364+0000] {dag.py:3823} INFO - Setting next_dagrun for example_branch_dop_operator_v3 to 2026-06-12 11:15:00+00:00, run_after=2026-06-12 11:16:00+00:00
[2026-06-12T11:16:10.394+0000] {processor.py:183} INFO - Processing /home/airflow/.local/lib/python3.8/site-packages/airflow/example_dags/example_branch_python_dop_operator_3.py took 0.142 seconds
[2026-06-12T11:16:40.792+0000] {processor.py:161} INFO - Started process (PID=1852) to work on /home/airflow/.local/lib/python3.8/site-packages/airflow/example_dags/example_branch_python_dop_operator_3.py
[2026-06-12T11:16:40.794+0000] {processor.py:830} INFO - Processing file /home/airflow/.local/lib/python3.8/site-packages/airflow/example_dags/example_branch_python_dop_operator_3.py for tasks to queue
[2026-06-12T11:16:40.797+0000] {logging_mixin.py:188} INFO - [2026-06-12T11:16:40.796+0000] {dagbag.py:538} INFO - Filling up the DagBag from /home/airflow/.local/lib/python3.8/site-packages/airflow/example_dags/example_branch_python_dop_operator_3.py
[2026-06-12T11:16:40.814+0000] {processor.py:840} INFO - DAG(s) 'example_branch_dop_operator_v3' retrieved from /home/airflow/.local/lib/python3.8/site-packages/airflow/example_dags/example_branch_python_dop_operator_3.py
[2026-06-12T11:16:40.853+0000] {logging_mixin.py:188} INFO - [2026-06-12T11:16:40.853+0000] {dag.py:3036} INFO - Sync 1 DAGs
[2026-06-12T11:16:40.894+0000] {logging_mixin.py:188} INFO - [2026-06-12T11:16:40.894+0000] {dag.py:3823} INFO - Setting next_dagrun for example_branch_dop_operator_v3 to 2026-06-12 11:15:00+00:00, run_after=2026-06-12 11:16:00+00:00
[2026-06-12T11:16:40.923+0000] {processor.py:183} INFO - Processing /home/airflow/.local/lib/python3.8/site-packages/airflow/example_dags/example_branch_python_dop_operator_3.py took 0.137 seconds
[2026-06-12T11:17:11.349+0000] {processor.py:161} INFO - Started process (PID=1918) to work on /home/airflow/.local/lib/python3.8/site-packages/airflow/example_dags/example_branch_python_dop_operator_3.py
[2026-06-12T11:17:11.350+0000] {processor.py:830} INFO - Processing file /home/airflow/.local/lib/python3.8/site-packages/airflow/example_dags/example_branch_python_dop_operator_3.py for tasks to queue
[2026-06-12T11:17:11.353+0000] {logging_mixin.py:188} INFO - [2026-06-12T11:17:11.352+0000] {dagbag.py:538} INFO - Filling up the DagBag from /home/airflow/.local/lib/python3.8/site-packages/airflow/example_dags/example_branch_python_dop_operator_3.py
[2026-06-12T11:17:11.368+0000] {processor.py:840} INFO - DAG(s) 'example_branch_dop_operator_v3' retrieved from /home/airflow/.local/lib/python3.8/site-packages/airflow/example_dags/example_branch_python_dop_operator_3.py
[2026-06-12T11:17:11.403+0000] {logging_mixin.py:188} INFO - [2026-06-12T11:17:11.403+0000] {dag.py:3036} INFO - Sync 1 DAGs
[2026-06-12T11:17:11.472+0000] {logging_mixin.py:188} INFO - [2026-06-12T11:17:11.472+0000] {dag.py:3823} INFO - Setting next_dagrun for example_branch_dop_operator_v3 to 2026-06-12 11:16:00+00:00, run_after=2026-06-12 11:17:00+00:00
[2026-06-12T11:17:11.541+0000] {processor.py:183} INFO - Processing /home/airflow/.local/lib/python3.8/site-packages/airflow/example_dags/example_branch_python_dop_operator_3.py took 0.197 seconds
[2026-06-12T11:17:41.667+0000] {processor.py:161} INFO - Started process (PID=1991) to work on /home/airflow/.local/lib/python3.8/site-packages/airflow/example_dags/example_branch_python_dop_operator_3.py
[2026-06-12T11:17:41.668+0000] {processor.py:830} INFO - Processing file /home/airflow/.local/lib/python3.8/site-packages/airflow/example_dags/example_branch_python_dop_operator_3.py for tasks to queue
[2026-06-12T11:17:41.671+0000] {logging_mixin.py:188} INFO - [2026-06-12T11:17:41.670+0000] {dagbag.py:538} INFO - Filling up the DagBag from /home/airflow/.local/lib/python3.8/site-packages/airflow/example_dags/example_branch_python_dop_operator_3.py
[2026-06-12T11:17:41.687+0000] {processor.py:840} INFO - DAG(s) 'example_branch_dop_operator_v3' retrieved from /home/airflow/.local/lib/python3.8/site-packages/airflow/example_dags/example_branch_python_dop_operator_3.py
[2026-06-12T11:17:41.732+0000] {logging_mixin.py:188} INFO - [2026-06-12T11:17:41.732+0000] {dag.py:3036} INFO - Sync 1 DAGs
[2026-06-12T11:17:41.796+0000] {logging_mixin.py:188} INFO - [2026-06-12T11:17:41.795+0000] {dag.py:3823} INFO - Setting next_dagrun for example_branch_dop_operator_v3 to 2026-06-12 11:16:00+00:00, run_after=2026-06-12 11:17:00+00:00
[2026-06-12T11:17:41.827+0000] {processor.py:183} INFO - Processing /home/airflow/.local/lib/python3.8/site-packages/airflow/example_dags/example_branch_python_dop_operator_3.py took 0.166 seconds
[2026-06-12T11:18:12.749+0000] {processor.py:161} INFO - Started process (PID=2057) to work on /home/airflow/.local/lib/python3.8/site-packages/airflow/example_dags/example_branch_python_dop_operator_3.py
[2026-06-12T11:18:12.751+0000] {processor.py:830} INFO - Processing file /home/airflow/.local/lib/python3.8/site-packages/airflow/example_dags/example_branch_python_dop_operator_3.py for tasks to queue
[2026-06-12T11:18:12.753+0000] {logging_mixin.py:188} INFO - [2026-06-12T11:18:12.753+0000] {dagbag.py:538} INFO - Filling up the DagBag from /home/airflow/.local/lib/python3.8/site-packages/airflow/example_dags/example_branch_python_dop_operator_3.py
[2026-06-12T11:18:12.770+0000] {processor.py:840} INFO - DAG(s) 'example_branch_dop_operator_v3' retrieved from /home/airflow/.local/lib/python3.8/site-packages/airflow/example_dags/example_branch_python_dop_operator_3.py
[2026-06-12T11:18:12.809+0000] {logging_mixin.py:188} INFO - [2026-06-12T11:18:12.809+0000] {dag.py:3036} INFO - Sync 1 DAGs
[2026-06-12T11:18:12.865+0000] {logging_mixin.py:188} INFO - [2026-06-12T11:18:12.865+0000] {dag.py:3823} INFO - Setting next_dagrun for example_branch_dop_operator_v3 to 2026-06-12 11:17:00+00:00, run_after=2026-06-12 11:18:00+00:00
[2026-06-12T11:18:12.899+0000] {processor.py:183} INFO - Processing /home/airflow/.local/lib/python3.8/site-packages/airflow/example_dags/example_branch_python_dop_operator_3.py took 0.155 seconds
[2026-06-12T11:18:43.478+0000] {processor.py:161} INFO - Started process (PID=2123) to work on /home/airflow/.local/lib/python3.8/site-packages/airflow/example_dags/example_branch_python_dop_operator_3.py
[2026-06-12T11:18:43.480+0000] {processor.py:830} INFO - Processing file /home/airflow/.local/lib/python3.8/site-packages/airflow/example_dags/example_branch_python_dop_operator_3.py for tasks to queue
[2026-06-12T11:18:43.482+0000] {logging_mixin.py:188} INFO - [2026-06-12T11:18:43.482+0000] {dagbag.py:538} INFO - Filling up the DagBag from /home/airflow/.local/lib/python3.8/site-packages/airflow/example_dags/example_branch_python_dop_operator_3.py
[2026-06-12T11:18:43.496+0000] {processor.py:840} INFO - DAG(s) 'example_branch_dop_operator_v3' retrieved from /home/airflow/.local/lib/python3.8/site-packages/airflow/example_dags/example_branch_python_dop_operator_3.py
[2026-06-12T11:18:43.529+0000] {logging_mixin.py:188} INFO - [2026-06-12T11:18:43.529+0000] {dag.py:3036} INFO - Sync 1 DAGs
[2026-06-12T11:18:43.573+0000] {logging_mixin.py:188} INFO - [2026-06-12T11:18:43.572+0000] {dag.py:3823} INFO - Setting next_dagrun for example_branch_dop_operator_v3 to 2026-06-12 11:17:00+00:00, run_after=2026-06-12 11:18:00+00:00
[2026-06-12T11:18:43.604+0000] {processor.py:183} INFO - Processing /home/airflow/.local/lib/python3.8/site-packages/airflow/example_dags/example_branch_python_dop_operator_3.py took 0.130 seconds
[2026-06-12T11:19:14.388+0000] {processor.py:161} INFO - Started process (PID=2189) to work on /home/airflow/.local/lib/python3.8/site-packages/airflow/example_dags/example_branch_python_dop_operator_3.py
[2026-06-12T11:19:14.392+0000] {processor.py:830} INFO - Processing file /home/airflow/.local/lib/python3.8/site-packages/airflow/example_dags/example_branch_python_dop_operator_3.py for tasks to queue
[2026-06-12T11:19:14.395+0000] {logging_mixin.py:188} INFO - [2026-06-12T11:19:14.394+0000] {dagbag.py:538} INFO - Filling up the DagBag from /home/airflow/.local/lib/python3.8/site-packages/airflow/example_dags/example_branch_python_dop_operator_3.py
[2026-06-12T11:19:14.412+0000] {processor.py:840} INFO - DAG(s) 'example_branch_dop_operator_v3' retrieved from /home/airflow/.local/lib/python3.8/site-packages/airflow/example_dags/example_branch_python_dop_operator_3.py
[2026-06-12T11:19:14.456+0000] {logging_mixin.py:188} INFO - [2026-06-12T11:19:14.455+0000] {dag.py:3036} INFO - Sync 1 DAGs
[2026-06-12T11:19:14.505+0000] {logging_mixin.py:188} INFO - [2026-06-12T11:19:14.505+0000] {dag.py:3823} INFO - Setting next_dagrun for example_branch_dop_operator_v3 to 2026-06-12 11:18:00+00:00, run_after=2026-06-12 11:19:00+00:00
[2026-06-12T11:19:14.536+0000] {processor.py:183} INFO - Processing /home/airflow/.local/lib/python3.8/site-packages/airflow/example_dags/example_branch_python_dop_operator_3.py took 0.154 seconds
[2026-06-12T11:19:44.636+0000] {processor.py:161} INFO - Started process (PID=2255) to work on /home/airflow/.local/lib/python3.8/site-packages/airflow/example_dags/example_branch_python_dop_operator_3.py
[2026-06-12T11:19:44.638+0000] {processor.py:830} INFO - Processing file /home/airflow/.local/lib/python3.8/site-packages/airflow/example_dags/example_branch_python_dop_operator_3.py for tasks to queue
[2026-06-12T11:19:44.641+0000] {logging_mixin.py:188} INFO - [2026-06-12T11:19:44.641+0000] {dagbag.py:538} INFO - Filling up the DagBag from /home/airflow/.local/lib/python3.8/site-packages/airflow/example_dags/example_branch_python_dop_operator_3.py
[2026-06-12T11:19:44.659+0000] {processor.py:840} INFO - DAG(s) 'example_branch_dop_operator_v3' retrieved from /home/airflow/.local/lib/python3.8/site-packages/airflow/example_dags/example_branch_python_dop_operator_3.py
[2026-06-12T11:19:44.698+0000] {logging_mixin.py:188} INFO - [2026-06-12T11:19:44.697+0000] {dag.py:3036} INFO - Sync 1 DAGs
[2026-06-12T11:19:44.751+0000] {logging_mixin.py:188} INFO - [2026-06-12T11:19:44.751+0000] {dag.py:3823} INFO - Setting next_dagrun for example_branch_dop_operator_v3 to 2026-06-12 11:18:00+00:00, run_after=2026-06-12 11:19:00+00:00
[2026-06-12T11:19:44.785+0000] {processor.py:183} INFO - Processing /home/airflow/.local/lib/python3.8/site-packages/airflow/example_dags/example_branch_python_dop_operator_3.py took 0.155 seconds
[2026-06-12T11:20:15.082+0000] {processor.py:161} INFO - Started process (PID=2321) to work on /home/airflow/.local/lib/python3.8/site-packages/airflow/example_dags/example_branch_python_dop_operator_3.py
[2026-06-12T11:20:15.085+0000] {processor.py:830} INFO - Processing file /home/airflow/.local/lib/python3.8/site-packages/airflow/example_dags/example_branch_python_dop_operator_3.py for tasks to queue
[2026-06-12T11:20:15.090+0000] {logging_mixin.py:188} INFO - [2026-06-12T11:20:15.088+0000] {dagbag.py:538} INFO - Filling up the DagBag from /home/airflow/.local/lib/python3.8/site-packages/airflow/example_dags/example_branch_python_dop_operator_3.py
[2026-06-12T11:20:15.111+0000] {processor.py:840} INFO - DAG(s) 'example_branch_dop_operator_v3' retrieved from /home/airflow/.local/lib/python3.8/site-packages/airflow/example_dags/example_branch_python_dop_operator_3.py
[2026-06-12T11:20:15.147+0000] {logging_mixin.py:188} INFO - [2026-06-12T11:20:15.146+0000] {dag.py:3036} INFO - Sync 1 DAGs
[2026-06-12T11:20:15.199+0000] {logging_mixin.py:188} INFO - [2026-06-12T11:20:15.199+0000] {dag.py:3823} INFO - Setting next_dagrun for example_branch_dop_operator_v3 to 2026-06-12 11:19:00+00:00, run_after=2026-06-12 11:20:00+00:00
[2026-06-12T11:20:15.227+0000] {processor.py:183} INFO - Processing /home/airflow/.local/lib/python3.8/site-packages/airflow/example_dags/example_branch_python_dop_operator_3.py took 0.151 seconds
[2026-06-12T11:20:45.649+0000] {processor.py:161} INFO - Started process (PID=2386) to work on /home/airflow/.local/lib/python3.8/site-packages/airflow/example_dags/example_branch_python_dop_operator_3.py
[2026-06-12T11:20:45.650+0000] {processor.py:830} INFO - Processing file /home/airflow/.local/lib/python3.8/site-packages/airflow/example_dags/example_branch_python_dop_operator_3.py for tasks to queue
[2026-06-12T11:20:45.653+0000] {logging_mixin.py:188} INFO - [2026-06-12T11:20:45.652+0000] {dagbag.py:538} INFO - Filling up the DagBag from /home/airflow/.local/lib/python3.8/site-packages/airflow/example_dags/example_branch_python_dop_operator_3.py
[2026-06-12T11:20:45.666+0000] {processor.py:840} INFO - DAG(s) 'example_branch_dop_operator_v3' retrieved from /home/airflow/.local/lib/python3.8/site-packages/airflow/example_dags/example_branch_python_dop_operator_3.py
[2026-06-12T11:20:45.702+0000] {logging_mixin.py:188} INFO - [2026-06-12T11:20:45.701+0000] {dag.py:3036} INFO - Sync 1 DAGs
[2026-06-12T11:20:45.745+0000] {logging_mixin.py:188} INFO - [2026-06-12T11:20:45.745+0000] {dag.py:3823} INFO - Setting next_dagrun for example_branch_dop_operator_v3 to 2026-06-12 11:19:00+00:00, run_after=2026-06-12 11:20:00+00:00
[2026-06-12T11:20:45.772+0000] {processor.py:183} INFO - Processing /home/airflow/.local/lib/python3.8/site-packages/airflow/example_dags/example_branch_python_dop_operator_3.py took 0.128 seconds
[2026-06-12T11:21:16.365+0000] {processor.py:161} INFO - Started process (PID=2460) to work on /home/airflow/.local/lib/python3.8/site-packages/airflow/example_dags/example_branch_python_dop_operator_3.py
[2026-06-12T11:21:16.367+0000] {processor.py:830} INFO - Processing file /home/airflow/.local/lib/python3.8/site-packages/airflow/example_dags/example_branch_python_dop_operator_3.py for tasks to queue
[2026-06-12T11:21:16.370+0000] {logging_mixin.py:188} INFO - [2026-06-12T11:21:16.369+0000] {dagbag.py:538} INFO - Filling up the DagBag from /home/airflow/.local/lib/python3.8/site-packages/airflow/example_dags/example_branch_python_dop_operator_3.py
[2026-06-12T11:21:16.387+0000] {processor.py:840} INFO - DAG(s) 'example_branch_dop_operator_v3' retrieved from /home/airflow/.local/lib/python3.8/site-packages/airflow/example_dags/example_branch_python_dop_operator_3.py
[2026-06-12T11:21:16.420+0000] {logging_mixin.py:188} INFO - [2026-06-12T11:21:16.420+0000] {dag.py:3036} INFO - Sync 1 DAGs
[2026-06-12T11:21:16.465+0000] {logging_mixin.py:188} INFO - [2026-06-12T11:21:16.464+0000] {dag.py:3823} INFO - Setting next_dagrun for example_branch_dop_operator_v3 to 2026-06-12 11:20:00+00:00, run_after=2026-06-12 11:21:00+00:00
[2026-06-12T11:21:16.495+0000] {processor.py:183} INFO - Processing /home/airflow/.local/lib/python3.8/site-packages/airflow/example_dags/example_branch_python_dop_operator_3.py took 0.137 seconds
[2026-06-12T11:21:46.705+0000] {processor.py:161} INFO - Started process (PID=2527) to work on /home/airflow/.local/lib/python3.8/site-packages/airflow/example_dags/example_branch_python_dop_operator_3.py
[2026-06-12T11:21:46.706+0000] {processor.py:830} INFO - Processing file /home/airflow/.local/lib/python3.8/site-packages/airflow/example_dags/example_branch_python_dop_operator_3.py for tasks to queue
[2026-06-12T11:21:46.709+0000] {logging_mixin.py:188} INFO - [2026-06-12T11:21:46.709+0000] {dagbag.py:538} INFO - Filling up the DagBag from /home/airflow/.local/lib/python3.8/site-packages/airflow/example_dags/example_branch_python_dop_operator_3.py
[2026-06-12T11:21:46.727+0000] {processor.py:840} INFO - DAG(s) 'example_branch_dop_operator_v3' retrieved from /home/airflow/.local/lib/python3.8/site-packages/airflow/example_dags/example_branch_python_dop_operator_3.py
[2026-06-12T11:21:46.772+0000] {logging_mixin.py:188} INFO - [2026-06-12T11:21:46.771+0000] {dag.py:3036} INFO - Sync 1 DAGs
[2026-06-12T11:21:46.824+0000] {logging_mixin.py:188} INFO - [2026-06-12T11:21:46.824+0000] {dag.py:3823} INFO - Setting next_dagrun for example_branch_dop_operator_v3 to 2026-06-12 11:20:00+00:00, run_after=2026-06-12 11:21:00+00:00
[2026-06-12T11:21:46.850+0000] {processor.py:183} INFO - Processing /home/airflow/.local/lib/python3.8/site-packages/airflow/example_dags/example_branch_python_dop_operator_3.py took 0.152 seconds
[2026-06-12T11:22:17.105+0000] {processor.py:161} INFO - Started process (PID=2591) to work on /home/airflow/.local/lib/python3.8/site-packages/airflow/example_dags/example_branch_python_dop_operator_3.py
[2026-06-12T11:22:17.107+0000] {processor.py:830} INFO - Processing file /home/airflow/.local/lib/python3.8/site-packages/airflow/example_dags/example_branch_python_dop_operator_3.py for tasks to queue
[2026-06-12T11:22:17.110+0000] {logging_mixin.py:188} INFO - [2026-06-12T11:22:17.109+0000] {dagbag.py:538} INFO - Filling up the DagBag from /home/airflow/.local/lib/python3.8/site-packages/airflow/example_dags/example_branch_python_dop_operator_3.py
[2026-06-12T11:22:17.123+0000] {processor.py:840} INFO - DAG(s) 'example_branch_dop_operator_v3' retrieved from /home/airflow/.local/lib/python3.8/site-packages/airflow/example_dags/example_branch_python_dop_operator_3.py
[2026-06-12T11:22:17.159+0000] {logging_mixin.py:188} INFO - [2026-06-12T11:22:17.158+0000] {dag.py:3036} INFO - Sync 1 DAGs
[2026-06-12T11:22:17.202+0000] {logging_mixin.py:188} INFO - [2026-06-12T11:22:17.202+0000] {dag.py:3823} INFO - Setting next_dagrun for example_branch_dop_operator_v3 to 2026-06-12 11:21:00+00:00, run_after=2026-06-12 11:22:00+00:00
[2026-06-12T11:22:17.230+0000] {processor.py:183} INFO - Processing /home/airflow/.local/lib/python3.8/site-packages/airflow/example_dags/example_branch_python_dop_operator_3.py took 0.130 seconds
[2026-06-12T11:22:47.753+0000] {processor.py:161} INFO - Started process (PID=2657) to work on /home/airflow/.local/lib/python3.8/site-packages/airflow/example_dags/example_branch_python_dop_operator_3.py
[2026-06-12T11:22:47.754+0000] {processor.py:830} INFO - Processing file /home/airflow/.local/lib/python3.8/site-packages/airflow/example_dags/example_branch_python_dop_operator_3.py for tasks to queue
[2026-06-12T11:22:47.757+0000] {logging_mixin.py:188} INFO - [2026-06-12T11:22:47.756+0000] {dagbag.py:538} INFO - Filling up the DagBag from /home/airflow/.local/lib/python3.8/site-packages/airflow/example_dags/example_branch_python_dop_operator_3.py
[2026-06-12T11:22:47.772+0000] {processor.py:840} INFO - DAG(s) 'example_branch_dop_operator_v3' retrieved from /home/airflow/.local/lib/python3.8/site-packages/airflow/example_dags/example_branch_python_dop_operator_3.py
[2026-06-12T11:22:47.808+0000] {logging_mixin.py:188} INFO - [2026-06-12T11:22:47.808+0000] {dag.py:3036} INFO - Sync 1 DAGs
[2026-06-12T11:22:47.856+0000] {logging_mixin.py:188} INFO - [2026-06-12T11:22:47.855+0000] {dag.py:3823} INFO - Setting next_dagrun for example_branch_dop_operator_v3 to 2026-06-12 11:21:00+00:00, run_after=2026-06-12 11:22:00+00:00
[2026-06-12T11:22:47.883+0000] {processor.py:183} INFO - Processing /home/airflow/.local/lib/python3.8/site-packages/airflow/example_dags/example_branch_python_dop_operator_3.py took 0.135 seconds
[2026-06-12T11:23:18.341+0000] {processor.py:161} INFO - Started process (PID=2723) to work on /home/airflow/.local/lib/python3.8/site-packages/airflow/example_dags/example_branch_python_dop_operator_3.py
[2026-06-12T11:23:18.342+0000] {processor.py:830} INFO - Processing file /home/airflow/.local/lib/python3.8/site-packages/airflow/example_dags/example_branch_python_dop_operator_3.py for tasks to queue
[2026-06-12T11:23:18.345+0000] {logging_mixin.py:188} INFO - [2026-06-12T11:23:18.345+0000] {dagbag.py:538} INFO - Filling up the DagBag from /home/airflow/.local/lib/python3.8/site-packages/airflow/example_dags/example_branch_python_dop_operator_3.py
[2026-06-12T11:23:18.360+0000] {processor.py:840} INFO - DAG(s) 'example_branch_dop_operator_v3' retrieved from /home/airflow/.local/lib/python3.8/site-packages/airflow/example_dags/example_branch_python_dop_operator_3.py
[2026-06-12T11:23:18.403+0000] {logging_mixin.py:188} INFO - [2026-06-12T11:23:18.403+0000] {dag.py:3036} INFO - Sync 1 DAGs
[2026-06-12T11:23:18.468+0000] {logging_mixin.py:188} INFO - [2026-06-12T11:23:18.467+0000] {dag.py:3823} INFO - Setting next_dagrun for example_branch_dop_operator_v3 to 2026-06-12 11:22:00+00:00, run_after=2026-06-12 11:23:00+00:00
[2026-06-12T11:23:18.510+0000] {processor.py:183} INFO - Processing /home/airflow/.local/lib/python3.8/site-packages/airflow/example_dags/example_branch_python_dop_operator_3.py took 0.174 seconds
[2026-06-12T11:23:48.683+0000] {processor.py:161} INFO - Started process (PID=2788) to work on /home/airflow/.local/lib/python3.8/site-packages/airflow/example_dags/example_branch_python_dop_operator_3.py
[2026-06-12T11:23:48.684+0000] {processor.py:830} INFO - Processing file /home/airflow/.local/lib/python3.8/site-packages/airflow/example_dags/example_branch_python_dop_operator_3.py for tasks to queue
[2026-06-12T11:23:48.686+0000] {logging_mixin.py:188} INFO - [2026-06-12T11:23:48.686+0000] {dagbag.py:538} INFO - Filling up the DagBag from /home/airflow/.local/lib/python3.8/site-packages/airflow/example_dags/example_branch_python_dop_operator_3.py
[2026-06-12T11:23:48.700+0000] {processor.py:840} INFO - DAG(s) 'example_branch_dop_operator_v3' retrieved from /home/airflow/.local/lib/python3.8/site-packages/airflow/example_dags/example_branch_python_dop_operator_3.py
[2026-06-12T11:23:48.733+0000] {logging_mixin.py:188} INFO - [2026-06-12T11:23:48.733+0000] {dag.py:3036} INFO - Sync 1 DAGs
[2026-06-12T11:23:48.778+0000] {logging_mixin.py:188} INFO - [2026-06-12T11:23:48.778+0000] {dag.py:3823} INFO - Setting next_dagrun for example_branch_dop_operator_v3 to 2026-06-12 11:22:00+00:00, run_after=2026-06-12 11:23:00+00:00
[2026-06-12T11:23:48.810+0000] {processor.py:183} INFO - Processing /home/airflow/.local/lib/python3.8/site-packages/airflow/example_dags/example_branch_python_dop_operator_3.py took 0.132 seconds
[2026-06-12T11:24:19.113+0000] {processor.py:161} INFO - Started process (PID=2854) to work on /home/airflow/.local/lib/python3.8/site-packages/airflow/example_dags/example_branch_python_dop_operator_3.py
[2026-06-12T11:24:19.115+0000] {processor.py:830} INFO - Processing file /home/airflow/.local/lib/python3.8/site-packages/airflow/example_dags/example_branch_python_dop_operator_3.py for tasks to queue
[2026-06-12T11:24:19.117+0000] {logging_mixin.py:188} INFO - [2026-06-12T11:24:19.117+0000] {dagbag.py:538} INFO - Filling up the DagBag from /home/airflow/.local/lib/python3.8/site-packages/airflow/example_dags/example_branch_python_dop_operator_3.py
[2026-06-12T11:24:19.131+0000] {processor.py:840} INFO - DAG(s) 'example_branch_dop_operator_v3' retrieved from /home/airflow/.local/lib/python3.8/site-packages/airflow/example_dags/example_branch_python_dop_operator_3.py
[2026-06-12T11:24:19.166+0000] {logging_mixin.py:188} INFO - [2026-06-12T11:24:19.166+0000] {dag.py:3036} INFO - Sync 1 DAGs
[2026-06-12T11:24:19.211+0000] {logging_mixin.py:188} INFO - [2026-06-12T11:24:19.211+0000] {dag.py:3823} INFO - Setting next_dagrun for example_branch_dop_operator_v3 to 2026-06-12 11:23:00+00:00, run_after=2026-06-12 11:24:00+00:00
[2026-06-12T11:24:19.239+0000] {processor.py:183} INFO - Processing /home/airflow/.local/lib/python3.8/site-packages/airflow/example_dags/example_branch_python_dop_operator_3.py took 0.130 seconds
[2026-06-12T11:24:49.573+0000] {processor.py:161} INFO - Started process (PID=2920) to work on /home/airflow/.local/lib/python3.8/site-packages/airflow/example_dags/example_branch_python_dop_operator_3.py
[2026-06-12T11:24:49.574+0000] {processor.py:830} INFO - Processing file /home/airflow/.local/lib/python3.8/site-packages/airflow/example_dags/example_branch_python_dop_operator_3.py for tasks to queue
[2026-06-12T11:24:49.576+0000] {logging_mixin.py:188} INFO - [2026-06-12T11:24:49.576+0000] {dagbag.py:538} INFO - Filling up the DagBag from /home/airflow/.local/lib/python3.8/site-packages/airflow/example_dags/example_branch_python_dop_operator_3.py
[2026-06-12T11:24:49.590+0000] {processor.py:840} INFO - DAG(s) 'example_branch_dop_operator_v3' retrieved from /home/airflow/.local/lib/python3.8/site-packages/airflow/example_dags/example_branch_python_dop_operator_3.py
[2026-06-12T11:24:49.623+0000] {logging_mixin.py:188} INFO - [2026-06-12T11:24:49.622+0000] {dag.py:3036} INFO - Sync 1 DAGs
[2026-06-12T11:24:49.837+0000] {logging_mixin.py:188} INFO - [2026-06-12T11:24:49.837+0000] {dag.py:3823} INFO - Setting next_dagrun for example_branch_dop_operator_v3 to 2026-06-12 11:23:00+00:00, run_after=2026-06-12 11:24:00+00:00
[2026-06-12T11:24:49.864+0000] {processor.py:183} INFO - Processing /home/airflow/.local/lib/python3.8/site-packages/airflow/example_dags/example_branch_python_dop_operator_3.py took 0.296 seconds
[2026-06-12T11:25:20.087+0000] {processor.py:161} INFO - Started process (PID=2986) to work on /home/airflow/.local/lib/python3.8/site-packages/airflow/example_dags/example_branch_python_dop_operator_3.py
[2026-06-12T11:25:20.089+0000] {processor.py:830} INFO - Processing file /home/airflow/.local/lib/python3.8/site-packages/airflow/example_dags/example_branch_python_dop_operator_3.py for tasks to queue
[2026-06-12T11:25:20.092+0000] {logging_mixin.py:188} INFO - [2026-06-12T11:25:20.091+0000] {dagbag.py:538} INFO - Filling up the DagBag from /home/airflow/.local/lib/python3.8/site-packages/airflow/example_dags/example_branch_python_dop_operator_3.py
[2026-06-12T11:25:20.105+0000] {processor.py:840} INFO - DAG(s) 'example_branch_dop_operator_v3' retrieved from /home/airflow/.local/lib/python3.8/site-packages/airflow/example_dags/example_branch_python_dop_operator_3.py
[2026-06-12T11:25:20.137+0000] {logging_mixin.py:188} INFO - [2026-06-12T11:25:20.137+0000] {dag.py:3036} INFO - Sync 1 DAGs
[2026-06-12T11:25:20.181+0000] {logging_mixin.py:188} INFO - [2026-06-12T11:25:20.181+0000] {dag.py:3823} INFO - Setting next_dagrun for example_branch_dop_operator_v3 to 2026-06-12 11:24:00+00:00, run_after=2026-06-12 11:25:00+00:00
[2026-06-12T11:25:20.211+0000] {processor.py:183} INFO - Processing /home/airflow/.local/lib/python3.8/site-packages/airflow/example_dags/example_branch_python_dop_operator_3.py took 0.129 seconds
[2026-06-12T11:25:50.606+0000] {processor.py:161} INFO - Started process (PID=3052) to work on /home/airflow/.local/lib/python3.8/site-packages/airflow/example_dags/example_branch_python_dop_operator_3.py
[2026-06-12T11:25:50.607+0000] {processor.py:830} INFO - Processing file /home/airflow/.local/lib/python3.8/site-packages/airflow/example_dags/example_branch_python_dop_operator_3.py for tasks to queue
[2026-06-12T11:25:50.610+0000] {logging_mixin.py:188} INFO - [2026-06-12T11:25:50.609+0000] {dagbag.py:538} INFO - Filling up the DagBag from /home/airflow/.local/lib/python3.8/site-packages/airflow/example_dags/example_branch_python_dop_operator_3.py
[2026-06-12T11:25:50.623+0000] {processor.py:840} INFO - DAG(s) 'example_branch_dop_operator_v3' retrieved from /home/airflow/.local/lib/python3.8/site-packages/airflow/example_dags/example_branch_python_dop_operator_3.py
[2026-06-12T11:25:50.657+0000] {logging_mixin.py:188} INFO - [2026-06-12T11:25:50.656+0000] {dag.py:3036} INFO - Sync 1 DAGs
[2026-06-12T11:25:50.698+0000] {logging_mixin.py:188} INFO - [2026-06-12T11:25:50.698+0000] {dag.py:3823} INFO - Setting next_dagrun for example_branch_dop_operator_v3 to 2026-06-12 11:24:00+00:00, run_after=2026-06-12 11:25:00+00:00
[2026-06-12T11:25:50.725+0000] {processor.py:183} INFO - Processing /home/airflow/.local/lib/python3.8/site-packages/airflow/example_dags/example_branch_python_dop_operator_3.py took 0.124 seconds
[2026-06-12T11:26:21.389+0000] {processor.py:161} INFO - Started process (PID=3127) to work on /home/airflow/.local/lib/python3.8/site-packages/airflow/example_dags/example_branch_python_dop_operator_3.py
[2026-06-12T11:26:21.391+0000] {processor.py:830} INFO - Processing file /home/airflow/.local/lib/python3.8/site-packages/airflow/example_dags/example_branch_python_dop_operator_3.py for tasks to queue
[2026-06-12T11:26:21.394+0000] {logging_mixin.py:188} INFO - [2026-06-12T11:26:21.394+0000] {dagbag.py:538} INFO - Filling up the DagBag from /home/airflow/.local/lib/python3.8/site-packages/airflow/example_dags/example_branch_python_dop_operator_3.py
[2026-06-12T11:26:21.411+0000] {processor.py:840} INFO - DAG(s) 'example_branch_dop_operator_v3' retrieved from /home/airflow/.local/lib/python3.8/site-packages/airflow/example_dags/example_branch_python_dop_operator_3.py
[2026-06-12T11:26:21.451+0000] {logging_mixin.py:188} INFO - [2026-06-12T11:26:21.450+0000] {dag.py:3036} INFO - Sync 1 DAGs
[2026-06-12T11:26:21.505+0000] {logging_mixin.py:188} INFO - [2026-06-12T11:26:21.504+0000] {dag.py:3823} INFO - Setting next_dagrun for example_branch_dop_operator_v3 to 2026-06-12 11:25:00+00:00, run_after=2026-06-12 11:26:00+00:00
[2026-06-12T11:26:21.544+0000] {processor.py:183} INFO - Processing /home/airflow/.local/lib/python3.8/site-packages/airflow/example_dags/example_branch_python_dop_operator_3.py took 0.159 seconds
[2026-06-12T11:26:52.381+0000] {processor.py:161} INFO - Started process (PID=3194) to work on /home/airflow/.local/lib/python3.8/site-packages/airflow/example_dags/example_branch_python_dop_operator_3.py
[2026-06-12T11:26:52.382+0000] {processor.py:830} INFO - Processing file /home/airflow/.local/lib/python3.8/site-packages/airflow/example_dags/example_branch_python_dop_operator_3.py for tasks to queue
[2026-06-12T11:26:52.385+0000] {logging_mixin.py:188} INFO - [2026-06-12T11:26:52.384+0000] {dagbag.py:538} INFO - Filling up the DagBag from /home/airflow/.local/lib/python3.8/site-packages/airflow/example_dags/example_branch_python_dop_operator_3.py
[2026-06-12T11:26:52.404+0000] {processor.py:840} INFO - DAG(s) 'example_branch_dop_operator_v3' retrieved from /home/airflow/.local/lib/python3.8/site-packages/airflow/example_dags/example_branch_python_dop_operator_3.py
[2026-06-12T11:26:52.638+0000] {logging_mixin.py:188} INFO - [2026-06-12T11:26:52.638+0000] {dag.py:3036} INFO - Sync 1 DAGs
[2026-06-12T11:26:52.698+0000] {logging_mixin.py:188} INFO - [2026-06-12T11:26:52.697+0000] {dag.py:3823} INFO - Setting next_dagrun for example_branch_dop_operator_v3 to 2026-06-12 11:25:00+00:00, run_after=2026-06-12 11:26:00+00:00
[2026-06-12T11:26:52.734+0000] {processor.py:183} INFO - Processing /home/airflow/.local/lib/python3.8/site-packages/airflow/example_dags/example_branch_python_dop_operator_3.py took 0.359 seconds
[2026-06-12T11:27:22.800+0000] {processor.py:161} INFO - Started process (PID=3260) to work on /home/airflow/.local/lib/python3.8/site-packages/airflow/example_dags/example_branch_python_dop_operator_3.py
[2026-06-12T11:27:22.802+0000] {processor.py:830} INFO - Processing file /home/airflow/.local/lib/python3.8/site-packages/airflow/example_dags/example_branch_python_dop_operator_3.py for tasks to queue
[2026-06-12T11:27:22.804+0000] {logging_mixin.py:188} INFO - [2026-06-12T11:27:22.804+0000] {dagbag.py:538} INFO - Filling up the DagBag from /home/airflow/.local/lib/python3.8/site-packages/airflow/example_dags/example_branch_python_dop_operator_3.py
[2026-06-12T11:27:22.818+0000] {processor.py:840} INFO - DAG(s) 'example_branch_dop_operator_v3' retrieved from /home/airflow/.local/lib/python3.8/site-packages/airflow/example_dags/example_branch_python_dop_operator_3.py
[2026-06-12T11:27:22.851+0000] {logging_mixin.py:188} INFO - [2026-06-12T11:27:22.851+0000] {dag.py:3036} INFO - Sync 1 DAGs
[2026-06-12T11:27:22.893+0000] {logging_mixin.py:188} INFO - [2026-06-12T11:27:22.893+0000] {dag.py:3823} INFO - Setting next_dagrun for example_branch_dop_operator_v3 to 2026-06-12 11:26:00+00:00, run_after=2026-06-12 11:27:00+00:00
[2026-06-12T11:27:22.920+0000] {processor.py:183} INFO - Processing /home/airflow/.local/lib/python3.8/site-packages/airflow/example_dags/example_branch_python_dop_operator_3.py took 0.124 seconds
[2026-06-12T11:27:53.111+0000] {processor.py:161} INFO - Started process (PID=3325) to work on /home/airflow/.local/lib/python3.8/site-packages/airflow/example_dags/example_branch_python_dop_operator_3.py
[2026-06-12T11:27:53.113+0000] {processor.py:830} INFO - Processing file /home/airflow/.local/lib/python3.8/site-packages/airflow/example_dags/example_branch_python_dop_operator_3.py for tasks to queue
[2026-06-12T11:27:53.115+0000] {logging_mixin.py:188} INFO - [2026-06-12T11:27:53.115+0000] {dagbag.py:538} INFO - Filling up the DagBag from /home/airflow/.local/lib/python3.8/site-packages/airflow/example_dags/example_branch_python_dop_operator_3.py
[2026-06-12T11:27:53.130+0000] {processor.py:840} INFO - DAG(s) 'example_branch_dop_operator_v3' retrieved from /home/airflow/.local/lib/python3.8/site-packages/airflow/example_dags/example_branch_python_dop_operator_3.py
[2026-06-12T11:27:53.169+0000] {logging_mixin.py:188} INFO - [2026-06-12T11:27:53.169+0000] {dag.py:3036} INFO - Sync 1 DAGs
[2026-06-12T11:27:53.215+0000] {logging_mixin.py:188} INFO - [2026-06-12T11:27:53.215+0000] {dag.py:3823} INFO - Setting next_dagrun for example_branch_dop_operator_v3 to 2026-06-12 11:26:00+00:00, run_after=2026-06-12 11:27:00+00:00
[2026-06-12T11:27:53.246+0000] {processor.py:183} INFO - Processing /home/airflow/.local/lib/python3.8/site-packages/airflow/example_dags/example_branch_python_dop_operator_3.py took 0.140 seconds
[2026-06-12T11:28:23.388+0000] {processor.py:161} INFO - Started process (PID=3391) to work on /home/airflow/.local/lib/python3.8/site-packages/airflow/example_dags/example_branch_python_dop_operator_3.py
[2026-06-12T11:28:23.390+0000] {processor.py:830} INFO - Processing file /home/airflow/.local/lib/python3.8/site-packages/airflow/example_dags/example_branch_python_dop_operator_3.py for tasks to queue
[2026-06-12T11:28:23.392+0000] {logging_mixin.py:188} INFO - [2026-06-12T11:28:23.392+0000] {dagbag.py:538} INFO - Filling up the DagBag from /home/airflow/.local/lib/python3.8/site-packages/airflow/example_dags/example_branch_python_dop_operator_3.py
[2026-06-12T11:28:23.407+0000] {processor.py:840} INFO - DAG(s) 'example_branch_dop_operator_v3' retrieved from /home/airflow/.local/lib/python3.8/site-packages/airflow/example_dags/example_branch_python_dop_operator_3.py
[2026-06-12T11:28:23.441+0000] {logging_mixin.py:188} INFO - [2026-06-12T11:28:23.441+0000] {dag.py:3036} INFO - Sync 1 DAGs
[2026-06-12T11:28:23.486+0000] {logging_mixin.py:188} INFO - [2026-06-12T11:28:23.486+0000] {dag.py:3823} INFO - Setting next_dagrun for example_branch_dop_operator_v3 to 2026-06-12 11:27:00+00:00, run_after=2026-06-12 11:28:00+00:00
[2026-06-12T11:28:23.519+0000] {processor.py:183} INFO - Processing /home/airflow/.local/lib/python3.8/site-packages/airflow/example_dags/example_branch_python_dop_operator_3.py took 0.135 seconds
[2026-06-12T11:28:54.009+0000] {processor.py:161} INFO - Started process (PID=3456) to work on /home/airflow/.local/lib/python3.8/site-packages/airflow/example_dags/example_branch_python_dop_operator_3.py
[2026-06-12T11:28:54.011+0000] {processor.py:830} INFO - Processing file /home/airflow/.local/lib/python3.8/site-packages/airflow/example_dags/example_branch_python_dop_operator_3.py for tasks to queue
[2026-06-12T11:28:54.013+0000] {logging_mixin.py:188} INFO - [2026-06-12T11:28:54.012+0000] {dagbag.py:538} INFO - Filling up the DagBag from /home/airflow/.local/lib/python3.8/site-packages/airflow/example_dags/example_branch_python_dop_operator_3.py
[2026-06-12T11:28:54.026+0000] {processor.py:840} INFO - DAG(s) 'example_branch_dop_operator_v3' retrieved from /home/airflow/.local/lib/python3.8/site-packages/airflow/example_dags/example_branch_python_dop_operator_3.py
[2026-06-12T11:28:54.061+0000] {logging_mixin.py:188} INFO - [2026-06-12T11:28:54.060+0000] {dag.py:3036} INFO - Sync 1 DAGs
[2026-06-12T11:28:54.104+0000] {logging_mixin.py:188} INFO - [2026-06-12T11:28:54.104+0000] {dag.py:3823} INFO - Setting next_dagrun for example_branch_dop_operator_v3 to 2026-06-12 11:27:00+00:00, run_after=2026-06-12 11:28:00+00:00
[2026-06-12T11:28:54.134+0000] {processor.py:183} INFO - Processing /home/airflow/.local/lib/python3.8/site-packages/airflow/example_dags/example_branch_python_dop_operator_3.py took 0.129 seconds
[2026-06-12T11:29:24.699+0000] {processor.py:161} INFO - Started process (PID=3522) to work on /home/airflow/.local/lib/python3.8/site-packages/airflow/example_dags/example_branch_python_dop_operator_3.py
[2026-06-12T11:29:24.701+0000] {processor.py:830} INFO - Processing file /home/airflow/.local/lib/python3.8/site-packages/airflow/example_dags/example_branch_python_dop_operator_3.py for tasks to queue
[2026-06-12T11:29:24.703+0000] {logging_mixin.py:188} INFO - [2026-06-12T11:29:24.703+0000] {dagbag.py:538} INFO - Filling up the DagBag from /home/airflow/.local/lib/python3.8/site-packages/airflow/example_dags/example_branch_python_dop_operator_3.py
[2026-06-12T11:29:24.718+0000] {processor.py:840} INFO - DAG(s) 'example_branch_dop_operator_v3' retrieved from /home/airflow/.local/lib/python3.8/site-packages/airflow/example_dags/example_branch_python_dop_operator_3.py
[2026-06-12T11:29:24.756+0000] {logging_mixin.py:188} INFO - [2026-06-12T11:29:24.756+0000] {dag.py:3036} INFO - Sync 1 DAGs
[2026-06-12T11:29:24.802+0000] {logging_mixin.py:188} INFO - [2026-06-12T11:29:24.802+0000] {dag.py:3823} INFO - Setting next_dagrun for example_branch_dop_operator_v3 to 2026-06-12 11:28:00+00:00, run_after=2026-06-12 11:29:00+00:00
[2026-06-12T11:29:24.833+0000] {processor.py:183} INFO - Processing /home/airflow/.local/lib/python3.8/site-packages/airflow/example_dags/example_branch_python_dop_operator_3.py took 0.139 seconds
[2026-06-12T11:29:54.992+0000] {processor.py:161} INFO - Started process (PID=3587) to work on /home/airflow/.local/lib/python3.8/site-packages/airflow/example_dags/example_branch_python_dop_operator_3.py
[2026-06-12T11:29:54.994+0000] {processor.py:830} INFO - Processing file /home/airflow/.local/lib/python3.8/site-packages/airflow/example_dags/example_branch_python_dop_operator_3.py for tasks to queue
[2026-06-12T11:29:54.997+0000] {logging_mixin.py:188} INFO - [2026-06-12T11:29:54.996+0000] {dagbag.py:538} INFO - Filling up the DagBag from /home/airflow/.local/lib/python3.8/site-packages/airflow/example_dags/example_branch_python_dop_operator_3.py
[2026-06-12T11:29:55.010+0000] {processor.py:840} INFO - DAG(s) 'example_branch_dop_operator_v3' retrieved from /home/airflow/.local/lib/python3.8/site-packages/airflow/example_dags/example_branch_python_dop_operator_3.py
[2026-06-12T11:29:55.047+0000] {logging_mixin.py:188} INFO - [2026-06-12T11:29:55.047+0000] {dag.py:3036} INFO - Sync 1 DAGs
[2026-06-12T11:29:55.091+0000] {logging_mixin.py:188} INFO - [2026-06-12T11:29:55.091+0000] {dag.py:3823} INFO - Setting next_dagrun for example_branch_dop_operator_v3 to 2026-06-12 11:28:00+00:00, run_after=2026-06-12 11:29:00+00:00
[2026-06-12T11:29:55.123+0000] {processor.py:183} INFO - Processing /home/airflow/.local/lib/python3.8/site-packages/airflow/example_dags/example_branch_python_dop_operator_3.py took 0.135 seconds
[2026-06-12T11:30:25.498+0000] {processor.py:161} INFO - Started process (PID=3652) to work on /home/airflow/.local/lib/python3.8/site-packages/airflow/example_dags/example_branch_python_dop_operator_3.py
[2026-06-12T11:30:25.500+0000] {processor.py:830} INFO - Processing file /home/airflow/.local/lib/python3.8/site-packages/airflow/example_dags/example_branch_python_dop_operator_3.py for tasks to queue
[2026-06-12T11:30:25.503+0000] {logging_mixin.py:188} INFO - [2026-06-12T11:30:25.502+0000] {dagbag.py:538} INFO - Filling up the DagBag from /home/airflow/.local/lib/python3.8/site-packages/airflow/example_dags/example_branch_python_dop_operator_3.py
[2026-06-12T11:30:25.517+0000] {processor.py:840} INFO - DAG(s) 'example_branch_dop_operator_v3' retrieved from /home/airflow/.local/lib/python3.8/site-packages/airflow/example_dags/example_branch_python_dop_operator_3.py
[2026-06-12T11:30:25.554+0000] {logging_mixin.py:188} INFO - [2026-06-12T11:30:25.554+0000] {dag.py:3036} INFO - Sync 1 DAGs
[2026-06-12T11:30:25.597+0000] {logging_mixin.py:188} INFO - [2026-06-12T11:30:25.596+0000] {dag.py:3823} INFO - Setting next_dagrun for example_branch_dop_operator_v3 to 2026-06-12 11:29:00+00:00, run_after=2026-06-12 11:30:00+00:00
[2026-06-12T11:30:25.624+0000] {processor.py:183} INFO - Processing /home/airflow/.local/lib/python3.8/site-packages/airflow/example_dags/example_branch_python_dop_operator_3.py took 0.131 seconds
[2026-06-12T11:30:56.209+0000] {processor.py:161} INFO - Started process (PID=3727) to work on /home/airflow/.local/lib/python3.8/site-packages/airflow/example_dags/example_branch_python_dop_operator_3.py
[2026-06-12T11:30:56.211+0000] {processor.py:830} INFO - Processing file /home/airflow/.local/lib/python3.8/site-packages/airflow/example_dags/example_branch_python_dop_operator_3.py for tasks to queue
[2026-06-12T11:30:56.213+0000] {logging_mixin.py:188} INFO - [2026-06-12T11:30:56.213+0000] {dagbag.py:538} INFO - Filling up the DagBag from /home/airflow/.local/lib/python3.8/site-packages/airflow/example_dags/example_branch_python_dop_operator_3.py
[2026-06-12T11:30:56.227+0000] {processor.py:840} INFO - DAG(s) 'example_branch_dop_operator_v3' retrieved from /home/airflow/.local/lib/python3.8/site-packages/airflow/example_dags/example_branch_python_dop_operator_3.py
[2026-06-12T11:30:56.262+0000] {logging_mixin.py:188} INFO - [2026-06-12T11:30:56.261+0000] {dag.py:3036} INFO - Sync 1 DAGs
[2026-06-12T11:30:56.304+0000] {logging_mixin.py:188} INFO - [2026-06-12T11:30:56.303+0000] {dag.py:3823} INFO - Setting next_dagrun for example_branch_dop_operator_v3 to 2026-06-12 11:29:00+00:00, run_after=2026-06-12 11:30:00+00:00
[2026-06-12T11:30:56.332+0000] {processor.py:183} INFO - Processing /home/airflow/.local/lib/python3.8/site-packages/airflow/example_dags/example_branch_python_dop_operator_3.py took 0.128 seconds
[2026-06-12T11:31:26.536+0000] {processor.py:161} INFO - Started process (PID=3794) to work on /home/airflow/.local/lib/python3.8/site-packages/airflow/example_dags/example_branch_python_dop_operator_3.py
[2026-06-12T11:31:26.538+0000] {processor.py:830} INFO - Processing file /home/airflow/.local/lib/python3.8/site-packages/airflow/example_dags/example_branch_python_dop_operator_3.py for tasks to queue
[2026-06-12T11:31:26.541+0000] {logging_mixin.py:188} INFO - [2026-06-12T11:31:26.541+0000] {dagbag.py:538} INFO - Filling up the DagBag from /home/airflow/.local/lib/python3.8/site-packages/airflow/example_dags/example_branch_python_dop_operator_3.py
[2026-06-12T11:31:26.556+0000] {processor.py:840} INFO - DAG(s) 'example_branch_dop_operator_v3' retrieved from /home/airflow/.local/lib/python3.8/site-packages/airflow/example_dags/example_branch_python_dop_operator_3.py
[2026-06-12T11:31:26.589+0000] {logging_mixin.py:188} INFO - [2026-06-12T11:31:26.588+0000] {dag.py:3036} INFO - Sync 1 DAGs
[2026-06-12T11:31:26.631+0000] {logging_mixin.py:188} INFO - [2026-06-12T11:31:26.631+0000] {dag.py:3823} INFO - Setting next_dagrun for example_branch_dop_operator_v3 to 2026-06-12 11:30:00+00:00, run_after=2026-06-12 11:31:00+00:00
[2026-06-12T11:31:26.658+0000] {processor.py:183} INFO - Processing /home/airflow/.local/lib/python3.8/site-packages/airflow/example_dags/example_branch_python_dop_operator_3.py took 0.127 seconds
[2026-06-12T11:31:57.098+0000] {processor.py:161} INFO - Started process (PID=3861) to work on /home/airflow/.local/lib/python3.8/site-packages/airflow/example_dags/example_branch_python_dop_operator_3.py
[2026-06-12T11:31:57.100+0000] {processor.py:830} INFO - Processing file /home/airflow/.local/lib/python3.8/site-packages/airflow/example_dags/example_branch_python_dop_operator_3.py for tasks to queue
[2026-06-12T11:31:57.102+0000] {logging_mixin.py:188} INFO - [2026-06-12T11:31:57.102+0000] {dagbag.py:538} INFO - Filling up the DagBag from /home/airflow/.local/lib/python3.8/site-packages/airflow/example_dags/example_branch_python_dop_operator_3.py
[2026-06-12T11:31:57.115+0000] {processor.py:840} INFO - DAG(s) 'example_branch_dop_operator_v3' retrieved from /home/airflow/.local/lib/python3.8/site-packages/airflow/example_dags/example_branch_python_dop_operator_3.py
[2026-06-12T11:31:57.148+0000] {logging_mixin.py:188} INFO - [2026-06-12T11:31:57.147+0000] {dag.py:3036} INFO - Sync 1 DAGs
[2026-06-12T11:31:57.191+0000] {logging_mixin.py:188} INFO - [2026-06-12T11:31:57.191+0000] {dag.py:3823} INFO - Setting next_dagrun for example_branch_dop_operator_v3 to 2026-06-12 11:30:00+00:00, run_after=2026-06-12 11:31:00+00:00
[2026-06-12T11:31:57.218+0000] {processor.py:183} INFO - Processing /home/airflow/.local/lib/python3.8/site-packages/airflow/example_dags/example_branch_python_dop_operator_3.py took 0.124 seconds
[2026-06-12T11:32:27.608+0000] {processor.py:161} INFO - Started process (PID=3927) to work on /home/airflow/.local/lib/python3.8/site-packages/airflow/example_dags/example_branch_python_dop_operator_3.py
[2026-06-12T11:32:27.609+0000] {processor.py:830} INFO - Processing file /home/airflow/.local/lib/python3.8/site-packages/airflow/example_dags/example_branch_python_dop_operator_3.py for tasks to queue
[2026-06-12T11:32:27.612+0000] {logging_mixin.py:188} INFO - [2026-06-12T11:32:27.612+0000] {dagbag.py:538} INFO - Filling up the DagBag from /home/airflow/.local/lib/python3.8/site-packages/airflow/example_dags/example_branch_python_dop_operator_3.py
[2026-06-12T11:32:27.630+0000] {processor.py:840} INFO - DAG(s) 'example_branch_dop_operator_v3' retrieved from /home/airflow/.local/lib/python3.8/site-packages/airflow/example_dags/example_branch_python_dop_operator_3.py
[2026-06-12T11:32:27.667+0000] {logging_mixin.py:188} INFO - [2026-06-12T11:32:27.667+0000] {dag.py:3036} INFO - Sync 1 DAGs
[2026-06-12T11:32:27.722+0000] {logging_mixin.py:188} INFO - [2026-06-12T11:32:27.722+0000] {dag.py:3823} INFO - Setting next_dagrun for example_branch_dop_operator_v3 to 2026-06-12 11:31:00+00:00, run_after=2026-06-12 11:32:00+00:00
[2026-06-12T11:32:27.757+0000] {processor.py:183} INFO - Processing /home/airflow/.local/lib/python3.8/site-packages/airflow/example_dags/example_branch_python_dop_operator_3.py took 0.154 seconds
[2026-06-12T11:32:58.136+0000] {processor.py:161} INFO - Started process (PID=3992) to work on /home/airflow/.local/lib/python3.8/site-packages/airflow/example_dags/example_branch_python_dop_operator_3.py
[2026-06-12T11:32:58.138+0000] {processor.py:830} INFO - Processing file /home/airflow/.local/lib/python3.8/site-packages/airflow/example_dags/example_branch_python_dop_operator_3.py for tasks to queue
[2026-06-12T11:32:58.141+0000] {logging_mixin.py:188} INFO - [2026-06-12T11:32:58.141+0000] {dagbag.py:538} INFO - Filling up the DagBag from /home/airflow/.local/lib/python3.8/site-packages/airflow/example_dags/example_branch_python_dop_operator_3.py
[2026-06-12T11:32:58.159+0000] {processor.py:840} INFO - DAG(s) 'example_branch_dop_operator_v3' retrieved from /home/airflow/.local/lib/python3.8/site-packages/airflow/example_dags/example_branch_python_dop_operator_3.py
[2026-06-12T11:32:58.196+0000] {logging_mixin.py:188} INFO - [2026-06-12T11:32:58.195+0000] {dag.py:3036} INFO - Sync 1 DAGs
[2026-06-12T11:32:58.246+0000] {logging_mixin.py:188} INFO - [2026-06-12T11:32:58.245+0000] {dag.py:3823} INFO - Setting next_dagrun for example_branch_dop_operator_v3 to 2026-06-12 11:31:00+00:00, run_after=2026-06-12 11:32:00+00:00
[2026-06-12T11:32:58.279+0000] {processor.py:183} INFO - Processing /home/airflow/.local/lib/python3.8/site-packages/airflow/example_dags/example_branch_python_dop_operator_3.py took 0.149 seconds
[2026-06-12T11:33:28.762+0000] {processor.py:161} INFO - Started process (PID=4057) to work on /home/airflow/.local/lib/python3.8/site-packages/airflow/example_dags/example_branch_python_dop_operator_3.py
[2026-06-12T11:33:28.763+0000] {processor.py:830} INFO - Processing file /home/airflow/.local/lib/python3.8/site-packages/airflow/example_dags/example_branch_python_dop_operator_3.py for tasks to queue
[2026-06-12T11:33:28.765+0000] {logging_mixin.py:188} INFO - [2026-06-12T11:33:28.765+0000] {dagbag.py:538} INFO - Filling up the DagBag from /home/airflow/.local/lib/python3.8/site-packages/airflow/example_dags/example_branch_python_dop_operator_3.py
[2026-06-12T11:33:28.779+0000] {processor.py:840} INFO - DAG(s) 'example_branch_dop_operator_v3' retrieved from /home/airflow/.local/lib/python3.8/site-packages/airflow/example_dags/example_branch_python_dop_operator_3.py
[2026-06-12T11:33:28.813+0000] {logging_mixin.py:188} INFO - [2026-06-12T11:33:28.813+0000] {dag.py:3036} INFO - Sync 1 DAGs
[2026-06-12T11:33:28.856+0000] {logging_mixin.py:188} INFO - [2026-06-12T11:33:28.856+0000] {dag.py:3823} INFO - Setting next_dagrun for example_branch_dop_operator_v3 to 2026-06-12 11:32:00+00:00, run_after=2026-06-12 11:33:00+00:00
[2026-06-12T11:33:28.884+0000] {processor.py:183} INFO - Processing /home/airflow/.local/lib/python3.8/site-packages/airflow/example_dags/example_branch_python_dop_operator_3.py took 0.127 seconds
[2026-06-12T11:33:59.427+0000] {processor.py:161} INFO - Started process (PID=4123) to work on /home/airflow/.local/lib/python3.8/site-packages/airflow/example_dags/example_branch_python_dop_operator_3.py
[2026-06-12T11:33:59.429+0000] {processor.py:830} INFO - Processing file /home/airflow/.local/lib/python3.8/site-packages/airflow/example_dags/example_branch_python_dop_operator_3.py for tasks to queue
[2026-06-12T11:33:59.431+0000] {logging_mixin.py:188} INFO - [2026-06-12T11:33:59.431+0000] {dagbag.py:538} INFO - Filling up the DagBag from /home/airflow/.local/lib/python3.8/site-packages/airflow/example_dags/example_branch_python_dop_operator_3.py
[2026-06-12T11:33:59.445+0000] {processor.py:840} INFO - DAG(s) 'example_branch_dop_operator_v3' retrieved from /home/airflow/.local/lib/python3.8/site-packages/airflow/example_dags/example_branch_python_dop_operator_3.py
[2026-06-12T11:33:59.478+0000] {logging_mixin.py:188} INFO - [2026-06-12T11:33:59.478+0000] {dag.py:3036} INFO - Sync 1 DAGs
[2026-06-12T11:33:59.519+0000] {logging_mixin.py:188} INFO - [2026-06-12T11:33:59.519+0000] {dag.py:3823} INFO - Setting next_dagrun for example_branch_dop_operator_v3 to 2026-06-12 11:32:00+00:00, run_after=2026-06-12 11:33:00+00:00
[2026-06-12T11:33:59.546+0000] {processor.py:183} INFO - Processing /home/airflow/.local/lib/python3.8/site-packages/airflow/example_dags/example_branch_python_dop_operator_3.py took 0.124 seconds
[2026-06-12T11:34:30.205+0000] {processor.py:161} INFO - Started process (PID=4197) to work on /home/airflow/.local/lib/python3.8/site-packages/airflow/example_dags/example_branch_python_dop_operator_3.py
[2026-06-12T11:34:30.206+0000] {processor.py:830} INFO - Processing file /home/airflow/.local/lib/python3.8/site-packages/airflow/example_dags/example_branch_python_dop_operator_3.py for tasks to queue
[2026-06-12T11:34:30.209+0000] {logging_mixin.py:188} INFO - [2026-06-12T11:34:30.208+0000] {dagbag.py:538} INFO - Filling up the DagBag from /home/airflow/.local/lib/python3.8/site-packages/airflow/example_dags/example_branch_python_dop_operator_3.py
[2026-06-12T11:34:30.224+0000] {processor.py:840} INFO - DAG(s) 'example_branch_dop_operator_v3' retrieved from /home/airflow/.local/lib/python3.8/site-packages/airflow/example_dags/example_branch_python_dop_operator_3.py
[2026-06-12T11:34:30.267+0000] {logging_mixin.py:188} INFO - [2026-06-12T11:34:30.266+0000] {dag.py:3036} INFO - Sync 1 DAGs
[2026-06-12T11:34:30.315+0000] {logging_mixin.py:188} INFO - [2026-06-12T11:34:30.314+0000] {dag.py:3823} INFO - Setting next_dagrun for example_branch_dop_operator_v3 to 2026-06-12 11:33:00+00:00, run_after=2026-06-12 11:34:00+00:00
[2026-06-12T11:34:30.349+0000] {processor.py:183} INFO - Processing /home/airflow/.local/lib/python3.8/site-packages/airflow/example_dags/example_branch_python_dop_operator_3.py took 0.150 seconds
[2026-06-12T11:35:00.695+0000] {processor.py:161} INFO - Started process (PID=4263) to work on /home/airflow/.local/lib/python3.8/site-packages/airflow/example_dags/example_branch_python_dop_operator_3.py
[2026-06-12T11:35:00.697+0000] {processor.py:830} INFO - Processing file /home/airflow/.local/lib/python3.8/site-packages/airflow/example_dags/example_branch_python_dop_operator_3.py for tasks to queue
[2026-06-12T11:35:00.700+0000] {logging_mixin.py:188} INFO - [2026-06-12T11:35:00.699+0000] {dagbag.py:538} INFO - Filling up the DagBag from /home/airflow/.local/lib/python3.8/site-packages/airflow/example_dags/example_branch_python_dop_operator_3.py
[2026-06-12T11:35:00.715+0000] {processor.py:840} INFO - DAG(s) 'example_branch_dop_operator_v3' retrieved from /home/airflow/.local/lib/python3.8/site-packages/airflow/example_dags/example_branch_python_dop_operator_3.py
[2026-06-12T11:35:00.759+0000] {logging_mixin.py:188} INFO - [2026-06-12T11:35:00.759+0000] {dag.py:3036} INFO - Sync 1 DAGs
[2026-06-12T11:35:00.805+0000] {logging_mixin.py:188} INFO - [2026-06-12T11:35:00.804+0000] {dag.py:3823} INFO - Setting next_dagrun for example_branch_dop_operator_v3 to 2026-06-12 11:34:00+00:00, run_after=2026-06-12 11:35:00+00:00
[2026-06-12T11:35:00.832+0000] {processor.py:183} INFO - Processing /home/airflow/.local/lib/python3.8/site-packages/airflow/example_dags/example_branch_python_dop_operator_3.py took 0.142 seconds
[2026-06-12T11:35:31.312+0000] {processor.py:161} INFO - Started process (PID=4328) to work on /home/airflow/.local/lib/python3.8/site-packages/airflow/example_dags/example_branch_python_dop_operator_3.py
[2026-06-12T11:35:31.313+0000] {processor.py:830} INFO - Processing file /home/airflow/.local/lib/python3.8/site-packages/airflow/example_dags/example_branch_python_dop_operator_3.py for tasks to queue
[2026-06-12T11:35:31.316+0000] {logging_mixin.py:188} INFO - [2026-06-12T11:35:31.315+0000] {dagbag.py:538} INFO - Filling up the DagBag from /home/airflow/.local/lib/python3.8/site-packages/airflow/example_dags/example_branch_python_dop_operator_3.py
[2026-06-12T11:35:31.330+0000] {processor.py:840} INFO - DAG(s) 'example_branch_dop_operator_v3' retrieved from /home/airflow/.local/lib/python3.8/site-packages/airflow/example_dags/example_branch_python_dop_operator_3.py
[2026-06-12T11:35:31.371+0000] {logging_mixin.py:188} INFO - [2026-06-12T11:35:31.371+0000] {dag.py:3036} INFO - Sync 1 DAGs
[2026-06-12T11:35:31.415+0000] {logging_mixin.py:188} INFO - [2026-06-12T11:35:31.415+0000] {dag.py:3823} INFO - Setting next_dagrun for example_branch_dop_operator_v3 to 2026-06-12 11:34:00+00:00, run_after=2026-06-12 11:35:00+00:00
[2026-06-12T11:35:31.445+0000] {processor.py:183} INFO - Processing /home/airflow/.local/lib/python3.8/site-packages/airflow/example_dags/example_branch_python_dop_operator_3.py took 0.137 seconds
[2026-06-12T11:36:01.720+0000] {processor.py:161} INFO - Started process (PID=4392) to work on /home/airflow/.local/lib/python3.8/site-packages/airflow/example_dags/example_branch_python_dop_operator_3.py
[2026-06-12T11:36:01.722+0000] {processor.py:830} INFO - Processing file /home/airflow/.local/lib/python3.8/site-packages/airflow/example_dags/example_branch_python_dop_operator_3.py for tasks to queue
[2026-06-12T11:36:01.724+0000] {logging_mixin.py:188} INFO - [2026-06-12T11:36:01.724+0000] {dagbag.py:538} INFO - Filling up the DagBag from /home/airflow/.local/lib/python3.8/site-packages/airflow/example_dags/example_branch_python_dop_operator_3.py
[2026-06-12T11:36:01.738+0000] {processor.py:840} INFO - DAG(s) 'example_branch_dop_operator_v3' retrieved from /home/airflow/.local/lib/python3.8/site-packages/airflow/example_dags/example_branch_python_dop_operator_3.py
[2026-06-12T11:36:01.773+0000] {logging_mixin.py:188} INFO - [2026-06-12T11:36:01.772+0000] {dag.py:3036} INFO - Sync 1 DAGs
[2026-06-12T11:36:01.817+0000] {logging_mixin.py:188} INFO - [2026-06-12T11:36:01.817+0000] {dag.py:3823} INFO - Setting next_dagrun for example_branch_dop_operator_v3 to 2026-06-12 11:35:00+00:00, run_after=2026-06-12 11:36:00+00:00
[2026-06-12T11:36:01.844+0000] {processor.py:183} INFO - Processing /home/airflow/.local/lib/python3.8/site-packages/airflow/example_dags/example_branch_python_dop_operator_3.py took 0.129 seconds
[2026-06-12T11:36:32.291+0000] {processor.py:161} INFO - Started process (PID=4457) to work on /home/airflow/.local/lib/python3.8/site-packages/airflow/example_dags/example_branch_python_dop_operator_3.py
[2026-06-12T11:36:32.292+0000] {processor.py:830} INFO - Processing file /home/airflow/.local/lib/python3.8/site-packages/airflow/example_dags/example_branch_python_dop_operator_3.py for tasks to queue
[2026-06-12T11:36:32.294+0000] {logging_mixin.py:188} INFO - [2026-06-12T11:36:32.294+0000] {dagbag.py:538} INFO - Filling up the DagBag from /home/airflow/.local/lib/python3.8/site-packages/airflow/example_dags/example_branch_python_dop_operator_3.py
[2026-06-12T11:36:32.309+0000] {processor.py:840} INFO - DAG(s) 'example_branch_dop_operator_v3' retrieved from /home/airflow/.local/lib/python3.8/site-packages/airflow/example_dags/example_branch_python_dop_operator_3.py
[2026-06-12T11:36:32.344+0000] {logging_mixin.py:188} INFO - [2026-06-12T11:36:32.343+0000] {dag.py:3036} INFO - Sync 1 DAGs
[2026-06-12T11:36:32.387+0000] {logging_mixin.py:188} INFO - [2026-06-12T11:36:32.387+0000] {dag.py:3823} INFO - Setting next_dagrun for example_branch_dop_operator_v3 to 2026-06-12 11:35:00+00:00, run_after=2026-06-12 11:36:00+00:00
[2026-06-12T11:36:32.413+0000] {processor.py:183} INFO - Processing /home/airflow/.local/lib/python3.8/site-packages/airflow/example_dags/example_branch_python_dop_operator_3.py took 0.128 seconds
[2026-06-12T11:37:02.643+0000] {processor.py:161} INFO - Started process (PID=4524) to work on /home/airflow/.local/lib/python3.8/site-packages/airflow/example_dags/example_branch_python_dop_operator_3.py
[2026-06-12T11:37:02.645+0000] {processor.py:830} INFO - Processing file /home/airflow/.local/lib/python3.8/site-packages/airflow/example_dags/example_branch_python_dop_operator_3.py for tasks to queue
[2026-06-12T11:37:02.648+0000] {logging_mixin.py:188} INFO - [2026-06-12T11:37:02.647+0000] {dagbag.py:538} INFO - Filling up the DagBag from /home/airflow/.local/lib/python3.8/site-packages/airflow/example_dags/example_branch_python_dop_operator_3.py
[2026-06-12T11:37:02.661+0000] {processor.py:840} INFO - DAG(s) 'example_branch_dop_operator_v3' retrieved from /home/airflow/.local/lib/python3.8/site-packages/airflow/example_dags/example_branch_python_dop_operator_3.py
[2026-06-12T11:37:02.699+0000] {logging_mixin.py:188} INFO - [2026-06-12T11:37:02.699+0000] {dag.py:3036} INFO - Sync 1 DAGs
[2026-06-12T11:37:02.742+0000] {logging_mixin.py:188} INFO - [2026-06-12T11:37:02.741+0000] {dag.py:3823} INFO - Setting next_dagrun for example_branch_dop_operator_v3 to 2026-06-12 11:36:00+00:00, run_after=2026-06-12 11:37:00+00:00
[2026-06-12T11:37:02.772+0000] {processor.py:183} INFO - Processing /home/airflow/.local/lib/python3.8/site-packages/airflow/example_dags/example_branch_python_dop_operator_3.py took 0.133 seconds
