[2026-06-12T11:03:04.276+0000] {processor.py:161} INFO - Started process (PID=96) to work on /home/airflow/.local/lib/python3.8/site-packages/airflow/example_dags/example_sla_dag.py
[2026-06-12T11:03:04.277+0000] {processor.py:830} INFO - Processing file /home/airflow/.local/lib/python3.8/site-packages/airflow/example_dags/example_sla_dag.py for tasks to queue
[2026-06-12T11:03:04.279+0000] {logging_mixin.py:188} INFO - [2026-06-12T11:03:04.279+0000] {dagbag.py:538} INFO - Filling up the DagBag from /home/airflow/.local/lib/python3.8/site-packages/airflow/example_dags/example_sla_dag.py
[2026-06-12T11:03:04.294+0000] {processor.py:840} INFO - DAG(s) 'example_sla_dag' retrieved from /home/airflow/.local/lib/python3.8/site-packages/airflow/example_dags/example_sla_dag.py
[2026-06-12T11:03:04.317+0000] {logging_mixin.py:188} INFO - [2026-06-12T11:03:04.317+0000] {dag.py:3036} INFO - Sync 1 DAGs
[2026-06-12T11:03:04.366+0000] {logging_mixin.py:188} INFO - [2026-06-12T11:03:04.366+0000] {dag.py:3823} INFO - Setting next_dagrun for example_sla_dag to 2026-06-12 11:00:00+00:00, run_after=2026-06-12 11:02:00+00:00
[2026-06-12T11:03:04.402+0000] {processor.py:183} INFO - Processing /home/airflow/.local/lib/python3.8/site-packages/airflow/example_dags/example_sla_dag.py took 0.132 seconds
[2026-06-12T11:03:36.592+0000] {processor.py:161} INFO - Started process (PID=162) to work on /home/airflow/.local/lib/python3.8/site-packages/airflow/example_dags/example_sla_dag.py
[2026-06-12T11:03:36.594+0000] {processor.py:830} INFO - Processing file /home/airflow/.local/lib/python3.8/site-packages/airflow/example_dags/example_sla_dag.py for tasks to queue
[2026-06-12T11:03:36.597+0000] {logging_mixin.py:188} INFO - [2026-06-12T11:03:36.596+0000] {dagbag.py:538} INFO - Filling up the DagBag from /home/airflow/.local/lib/python3.8/site-packages/airflow/example_dags/example_sla_dag.py
[2026-06-12T11:03:36.610+0000] {processor.py:840} INFO - DAG(s) 'example_sla_dag' retrieved from /home/airflow/.local/lib/python3.8/site-packages/airflow/example_dags/example_sla_dag.py
[2026-06-12T11:03:36.779+0000] {logging_mixin.py:188} INFO - [2026-06-12T11:03:36.778+0000] {dag.py:3036} INFO - Sync 1 DAGs
[2026-06-12T11:03:36.819+0000] {logging_mixin.py:188} INFO - [2026-06-12T11:03:36.818+0000] {dag.py:3823} INFO - Setting next_dagrun for example_sla_dag to 2026-06-12 11:00:00+00:00, run_after=2026-06-12 11:02:00+00:00
[2026-06-12T11:03:36.849+0000] {processor.py:183} INFO - Processing /home/airflow/.local/lib/python3.8/site-packages/airflow/example_dags/example_sla_dag.py took 0.262 seconds
[2026-06-12T11:04:07.313+0000] {processor.py:161} INFO - Started process (PID=228) to work on /home/airflow/.local/lib/python3.8/site-packages/airflow/example_dags/example_sla_dag.py
[2026-06-12T11:04:07.315+0000] {processor.py:830} INFO - Processing file /home/airflow/.local/lib/python3.8/site-packages/airflow/example_dags/example_sla_dag.py for tasks to queue
[2026-06-12T11:04:07.317+0000] {logging_mixin.py:188} INFO - [2026-06-12T11:04:07.317+0000] {dagbag.py:538} INFO - Filling up the DagBag from /home/airflow/.local/lib/python3.8/site-packages/airflow/example_dags/example_sla_dag.py
[2026-06-12T11:04:07.331+0000] {processor.py:840} INFO - DAG(s) 'example_sla_dag' retrieved from /home/airflow/.local/lib/python3.8/site-packages/airflow/example_dags/example_sla_dag.py
[2026-06-12T11:04:07.367+0000] {logging_mixin.py:188} INFO - [2026-06-12T11:04:07.366+0000] {dag.py:3036} INFO - Sync 1 DAGs
[2026-06-12T11:04:07.416+0000] {logging_mixin.py:188} INFO - [2026-06-12T11:04:07.415+0000] {dag.py:3823} INFO - Setting next_dagrun for example_sla_dag to 2026-06-12 11:02:00+00:00, run_after=2026-06-12 11:04:00+00:00
[2026-06-12T11:04:07.448+0000] {processor.py:183} INFO - Processing /home/airflow/.local/lib/python3.8/site-packages/airflow/example_dags/example_sla_dag.py took 0.139 seconds
[2026-06-12T11:04:38.143+0000] {processor.py:161} INFO - Started process (PID=295) to work on /home/airflow/.local/lib/python3.8/site-packages/airflow/example_dags/example_sla_dag.py
[2026-06-12T11:04:38.145+0000] {processor.py:830} INFO - Processing file /home/airflow/.local/lib/python3.8/site-packages/airflow/example_dags/example_sla_dag.py for tasks to queue
[2026-06-12T11:04:38.147+0000] {logging_mixin.py:188} INFO - [2026-06-12T11:04:38.147+0000] {dagbag.py:538} INFO - Filling up the DagBag from /home/airflow/.local/lib/python3.8/site-packages/airflow/example_dags/example_sla_dag.py
[2026-06-12T11:04:38.160+0000] {processor.py:840} INFO - DAG(s) 'example_sla_dag' retrieved from /home/airflow/.local/lib/python3.8/site-packages/airflow/example_dags/example_sla_dag.py
[2026-06-12T11:04:38.197+0000] {logging_mixin.py:188} INFO - [2026-06-12T11:04:38.196+0000] {dag.py:3036} INFO - Sync 1 DAGs
[2026-06-12T11:04:38.239+0000] {logging_mixin.py:188} INFO - [2026-06-12T11:04:38.239+0000] {dag.py:3823} INFO - Setting next_dagrun for example_sla_dag to 2026-06-12 11:02:00+00:00, run_after=2026-06-12 11:04:00+00:00
[2026-06-12T11:04:38.267+0000] {processor.py:183} INFO - Processing /home/airflow/.local/lib/python3.8/site-packages/airflow/example_dags/example_sla_dag.py took 0.129 seconds
[2026-06-12T11:05:08.753+0000] {processor.py:161} INFO - Started process (PID=361) to work on /home/airflow/.local/lib/python3.8/site-packages/airflow/example_dags/example_sla_dag.py
[2026-06-12T11:05:08.757+0000] {processor.py:830} INFO - Processing file /home/airflow/.local/lib/python3.8/site-packages/airflow/example_dags/example_sla_dag.py for tasks to queue
[2026-06-12T11:05:08.760+0000] {logging_mixin.py:188} INFO - [2026-06-12T11:05:08.759+0000] {dagbag.py:538} INFO - Filling up the DagBag from /home/airflow/.local/lib/python3.8/site-packages/airflow/example_dags/example_sla_dag.py
[2026-06-12T11:05:08.776+0000] {processor.py:840} INFO - DAG(s) 'example_sla_dag' retrieved from /home/airflow/.local/lib/python3.8/site-packages/airflow/example_dags/example_sla_dag.py
[2026-06-12T11:05:08.815+0000] {logging_mixin.py:188} INFO - [2026-06-12T11:05:08.815+0000] {dag.py:3036} INFO - Sync 1 DAGs
[2026-06-12T11:05:08.866+0000] {logging_mixin.py:188} INFO - [2026-06-12T11:05:08.865+0000] {dag.py:3823} INFO - Setting next_dagrun for example_sla_dag to 2026-06-12 11:02:00+00:00, run_after=2026-06-12 11:04:00+00:00
[2026-06-12T11:05:08.897+0000] {processor.py:183} INFO - Processing /home/airflow/.local/lib/python3.8/site-packages/airflow/example_dags/example_sla_dag.py took 0.150 seconds
[2026-06-12T11:05:39.319+0000] {processor.py:161} INFO - Started process (PID=435) to work on /home/airflow/.local/lib/python3.8/site-packages/airflow/example_dags/example_sla_dag.py
[2026-06-12T11:05:39.329+0000] {processor.py:830} INFO - Processing file /home/airflow/.local/lib/python3.8/site-packages/airflow/example_dags/example_sla_dag.py for tasks to queue
[2026-06-12T11:05:39.332+0000] {logging_mixin.py:188} INFO - [2026-06-12T11:05:39.331+0000] {dagbag.py:538} INFO - Filling up the DagBag from /home/airflow/.local/lib/python3.8/site-packages/airflow/example_dags/example_sla_dag.py
[2026-06-12T11:05:39.356+0000] {processor.py:840} INFO - DAG(s) 'example_sla_dag' retrieved from /home/airflow/.local/lib/python3.8/site-packages/airflow/example_dags/example_sla_dag.py
[2026-06-12T11:05:39.403+0000] {logging_mixin.py:188} INFO - [2026-06-12T11:05:39.402+0000] {dag.py:3036} INFO - Sync 1 DAGs
[2026-06-12T11:05:39.454+0000] {logging_mixin.py:188} INFO - [2026-06-12T11:05:39.454+0000] {dag.py:3823} INFO - Setting next_dagrun for example_sla_dag to 2026-06-12 11:02:00+00:00, run_after=2026-06-12 11:04:00+00:00
[2026-06-12T11:05:39.485+0000] {processor.py:183} INFO - Processing /home/airflow/.local/lib/python3.8/site-packages/airflow/example_dags/example_sla_dag.py took 0.182 seconds
[2026-06-12T11:06:09.840+0000] {processor.py:161} INFO - Started process (PID=501) to work on /home/airflow/.local/lib/python3.8/site-packages/airflow/example_dags/example_sla_dag.py
[2026-06-12T11:06:09.842+0000] {processor.py:830} INFO - Processing file /home/airflow/.local/lib/python3.8/site-packages/airflow/example_dags/example_sla_dag.py for tasks to queue
[2026-06-12T11:06:09.846+0000] {logging_mixin.py:188} INFO - [2026-06-12T11:06:09.846+0000] {dagbag.py:538} INFO - Filling up the DagBag from /home/airflow/.local/lib/python3.8/site-packages/airflow/example_dags/example_sla_dag.py
[2026-06-12T11:06:09.862+0000] {processor.py:840} INFO - DAG(s) 'example_sla_dag' retrieved from /home/airflow/.local/lib/python3.8/site-packages/airflow/example_dags/example_sla_dag.py
[2026-06-12T11:06:09.905+0000] {logging_mixin.py:188} INFO - [2026-06-12T11:06:09.904+0000] {dag.py:3036} INFO - Sync 1 DAGs
[2026-06-12T11:06:09.957+0000] {logging_mixin.py:188} INFO - [2026-06-12T11:06:09.956+0000] {dag.py:3823} INFO - Setting next_dagrun for example_sla_dag to 2026-06-12 11:04:00+00:00, run_after=2026-06-12 11:06:00+00:00
[2026-06-12T11:06:09.989+0000] {processor.py:183} INFO - Processing /home/airflow/.local/lib/python3.8/site-packages/airflow/example_dags/example_sla_dag.py took 0.155 seconds
[2026-06-12T11:06:40.263+0000] {processor.py:161} INFO - Started process (PID=565) to work on /home/airflow/.local/lib/python3.8/site-packages/airflow/example_dags/example_sla_dag.py
[2026-06-12T11:06:40.264+0000] {processor.py:830} INFO - Processing file /home/airflow/.local/lib/python3.8/site-packages/airflow/example_dags/example_sla_dag.py for tasks to queue
[2026-06-12T11:06:40.267+0000] {logging_mixin.py:188} INFO - [2026-06-12T11:06:40.267+0000] {dagbag.py:538} INFO - Filling up the DagBag from /home/airflow/.local/lib/python3.8/site-packages/airflow/example_dags/example_sla_dag.py
[2026-06-12T11:06:40.284+0000] {processor.py:840} INFO - DAG(s) 'example_sla_dag' retrieved from /home/airflow/.local/lib/python3.8/site-packages/airflow/example_dags/example_sla_dag.py
[2026-06-12T11:06:40.324+0000] {logging_mixin.py:188} INFO - [2026-06-12T11:06:40.324+0000] {dag.py:3036} INFO - Sync 1 DAGs
[2026-06-12T11:06:40.386+0000] {logging_mixin.py:188} INFO - [2026-06-12T11:06:40.386+0000] {dag.py:3823} INFO - Setting next_dagrun for example_sla_dag to 2026-06-12 11:04:00+00:00, run_after=2026-06-12 11:06:00+00:00
[2026-06-12T11:06:40.420+0000] {processor.py:183} INFO - Processing /home/airflow/.local/lib/python3.8/site-packages/airflow/example_dags/example_sla_dag.py took 0.165 seconds
[2026-06-12T11:07:10.591+0000] {processor.py:161} INFO - Started process (PID=630) to work on /home/airflow/.local/lib/python3.8/site-packages/airflow/example_dags/example_sla_dag.py
[2026-06-12T11:07:10.593+0000] {processor.py:830} INFO - Processing file /home/airflow/.local/lib/python3.8/site-packages/airflow/example_dags/example_sla_dag.py for tasks to queue
[2026-06-12T11:07:10.596+0000] {logging_mixin.py:188} INFO - [2026-06-12T11:07:10.596+0000] {dagbag.py:538} INFO - Filling up the DagBag from /home/airflow/.local/lib/python3.8/site-packages/airflow/example_dags/example_sla_dag.py
[2026-06-12T11:07:10.612+0000] {processor.py:840} INFO - DAG(s) 'example_sla_dag' retrieved from /home/airflow/.local/lib/python3.8/site-packages/airflow/example_dags/example_sla_dag.py
[2026-06-12T11:07:10.652+0000] {logging_mixin.py:188} INFO - [2026-06-12T11:07:10.651+0000] {dag.py:3036} INFO - Sync 1 DAGs
[2026-06-12T11:07:10.700+0000] {logging_mixin.py:188} INFO - [2026-06-12T11:07:10.700+0000] {dag.py:3823} INFO - Setting next_dagrun for example_sla_dag to 2026-06-12 11:04:00+00:00, run_after=2026-06-12 11:06:00+00:00
[2026-06-12T11:07:10.732+0000] {processor.py:183} INFO - Processing /home/airflow/.local/lib/python3.8/site-packages/airflow/example_dags/example_sla_dag.py took 0.147 seconds
[2026-06-12T11:07:40.876+0000] {processor.py:161} INFO - Started process (PID=696) to work on /home/airflow/.local/lib/python3.8/site-packages/airflow/example_dags/example_sla_dag.py
[2026-06-12T11:07:40.877+0000] {processor.py:830} INFO - Processing file /home/airflow/.local/lib/python3.8/site-packages/airflow/example_dags/example_sla_dag.py for tasks to queue
[2026-06-12T11:07:40.879+0000] {logging_mixin.py:188} INFO - [2026-06-12T11:07:40.879+0000] {dagbag.py:538} INFO - Filling up the DagBag from /home/airflow/.local/lib/python3.8/site-packages/airflow/example_dags/example_sla_dag.py
[2026-06-12T11:07:40.893+0000] {processor.py:840} INFO - DAG(s) 'example_sla_dag' retrieved from /home/airflow/.local/lib/python3.8/site-packages/airflow/example_dags/example_sla_dag.py
[2026-06-12T11:07:40.934+0000] {logging_mixin.py:188} INFO - [2026-06-12T11:07:40.933+0000] {dag.py:3036} INFO - Sync 1 DAGs
[2026-06-12T11:07:40.974+0000] {logging_mixin.py:188} INFO - [2026-06-12T11:07:40.974+0000] {dag.py:3823} INFO - Setting next_dagrun for example_sla_dag to 2026-06-12 11:04:00+00:00, run_after=2026-06-12 11:06:00+00:00
[2026-06-12T11:07:41.000+0000] {processor.py:183} INFO - Processing /home/airflow/.local/lib/python3.8/site-packages/airflow/example_dags/example_sla_dag.py took 0.129 seconds
[2026-06-12T11:08:11.357+0000] {processor.py:161} INFO - Started process (PID=762) to work on /home/airflow/.local/lib/python3.8/site-packages/airflow/example_dags/example_sla_dag.py
[2026-06-12T11:08:11.359+0000] {processor.py:830} INFO - Processing file /home/airflow/.local/lib/python3.8/site-packages/airflow/example_dags/example_sla_dag.py for tasks to queue
[2026-06-12T11:08:11.362+0000] {logging_mixin.py:188} INFO - [2026-06-12T11:08:11.361+0000] {dagbag.py:538} INFO - Filling up the DagBag from /home/airflow/.local/lib/python3.8/site-packages/airflow/example_dags/example_sla_dag.py
[2026-06-12T11:08:11.377+0000] {processor.py:840} INFO - DAG(s) 'example_sla_dag' retrieved from /home/airflow/.local/lib/python3.8/site-packages/airflow/example_dags/example_sla_dag.py
[2026-06-12T11:08:11.416+0000] {logging_mixin.py:188} INFO - [2026-06-12T11:08:11.416+0000] {dag.py:3036} INFO - Sync 1 DAGs
[2026-06-12T11:08:11.466+0000] {logging_mixin.py:188} INFO - [2026-06-12T11:08:11.465+0000] {dag.py:3823} INFO - Setting next_dagrun for example_sla_dag to 2026-06-12 11:06:00+00:00, run_after=2026-06-12 11:08:00+00:00
[2026-06-12T11:08:11.507+0000] {processor.py:183} INFO - Processing /home/airflow/.local/lib/python3.8/site-packages/airflow/example_dags/example_sla_dag.py took 0.155 seconds
[2026-06-12T11:08:41.815+0000] {processor.py:161} INFO - Started process (PID=829) to work on /home/airflow/.local/lib/python3.8/site-packages/airflow/example_dags/example_sla_dag.py
[2026-06-12T11:08:41.817+0000] {processor.py:830} INFO - Processing file /home/airflow/.local/lib/python3.8/site-packages/airflow/example_dags/example_sla_dag.py for tasks to queue
[2026-06-12T11:08:41.820+0000] {logging_mixin.py:188} INFO - [2026-06-12T11:08:41.819+0000] {dagbag.py:538} INFO - Filling up the DagBag from /home/airflow/.local/lib/python3.8/site-packages/airflow/example_dags/example_sla_dag.py
[2026-06-12T11:08:41.833+0000] {processor.py:840} INFO - DAG(s) 'example_sla_dag' retrieved from /home/airflow/.local/lib/python3.8/site-packages/airflow/example_dags/example_sla_dag.py
[2026-06-12T11:08:41.867+0000] {logging_mixin.py:188} INFO - [2026-06-12T11:08:41.866+0000] {dag.py:3036} INFO - Sync 1 DAGs
[2026-06-12T11:08:41.911+0000] {logging_mixin.py:188} INFO - [2026-06-12T11:08:41.910+0000] {dag.py:3823} INFO - Setting next_dagrun for example_sla_dag to 2026-06-12 11:06:00+00:00, run_after=2026-06-12 11:08:00+00:00
[2026-06-12T11:08:41.939+0000] {processor.py:183} INFO - Processing /home/airflow/.local/lib/python3.8/site-packages/airflow/example_dags/example_sla_dag.py took 0.130 seconds
[2026-06-12T11:09:12.364+0000] {processor.py:161} INFO - Started process (PID=894) to work on /home/airflow/.local/lib/python3.8/site-packages/airflow/example_dags/example_sla_dag.py
[2026-06-12T11:09:12.366+0000] {processor.py:830} INFO - Processing file /home/airflow/.local/lib/python3.8/site-packages/airflow/example_dags/example_sla_dag.py for tasks to queue
[2026-06-12T11:09:12.369+0000] {logging_mixin.py:188} INFO - [2026-06-12T11:09:12.368+0000] {dagbag.py:538} INFO - Filling up the DagBag from /home/airflow/.local/lib/python3.8/site-packages/airflow/example_dags/example_sla_dag.py
[2026-06-12T11:09:12.383+0000] {processor.py:840} INFO - DAG(s) 'example_sla_dag' retrieved from /home/airflow/.local/lib/python3.8/site-packages/airflow/example_dags/example_sla_dag.py
[2026-06-12T11:09:12.419+0000] {logging_mixin.py:188} INFO - [2026-06-12T11:09:12.419+0000] {dag.py:3036} INFO - Sync 1 DAGs
[2026-06-12T11:09:12.468+0000] {logging_mixin.py:188} INFO - [2026-06-12T11:09:12.468+0000] {dag.py:3823} INFO - Setting next_dagrun for example_sla_dag to 2026-06-12 11:06:00+00:00, run_after=2026-06-12 11:08:00+00:00
[2026-06-12T11:09:12.497+0000] {processor.py:183} INFO - Processing /home/airflow/.local/lib/python3.8/site-packages/airflow/example_dags/example_sla_dag.py took 0.138 seconds
[2026-06-12T11:09:42.682+0000] {processor.py:161} INFO - Started process (PID=969) to work on /home/airflow/.local/lib/python3.8/site-packages/airflow/example_dags/example_sla_dag.py
[2026-06-12T11:09:42.683+0000] {processor.py:830} INFO - Processing file /home/airflow/.local/lib/python3.8/site-packages/airflow/example_dags/example_sla_dag.py for tasks to queue
[2026-06-12T11:09:42.686+0000] {logging_mixin.py:188} INFO - [2026-06-12T11:09:42.686+0000] {dagbag.py:538} INFO - Filling up the DagBag from /home/airflow/.local/lib/python3.8/site-packages/airflow/example_dags/example_sla_dag.py
[2026-06-12T11:09:42.702+0000] {processor.py:840} INFO - DAG(s) 'example_sla_dag' retrieved from /home/airflow/.local/lib/python3.8/site-packages/airflow/example_dags/example_sla_dag.py
[2026-06-12T11:09:42.742+0000] {logging_mixin.py:188} INFO - [2026-06-12T11:09:42.742+0000] {dag.py:3036} INFO - Sync 1 DAGs
[2026-06-12T11:09:42.794+0000] {logging_mixin.py:188} INFO - [2026-06-12T11:09:42.793+0000] {dag.py:3823} INFO - Setting next_dagrun for example_sla_dag to 2026-06-12 11:06:00+00:00, run_after=2026-06-12 11:08:00+00:00
[2026-06-12T11:09:42.825+0000] {processor.py:183} INFO - Processing /home/airflow/.local/lib/python3.8/site-packages/airflow/example_dags/example_sla_dag.py took 0.149 seconds
[2026-06-12T11:10:13.027+0000] {processor.py:161} INFO - Started process (PID=1033) to work on /home/airflow/.local/lib/python3.8/site-packages/airflow/example_dags/example_sla_dag.py
[2026-06-12T11:10:13.029+0000] {processor.py:830} INFO - Processing file /home/airflow/.local/lib/python3.8/site-packages/airflow/example_dags/example_sla_dag.py for tasks to queue
[2026-06-12T11:10:13.032+0000] {logging_mixin.py:188} INFO - [2026-06-12T11:10:13.032+0000] {dagbag.py:538} INFO - Filling up the DagBag from /home/airflow/.local/lib/python3.8/site-packages/airflow/example_dags/example_sla_dag.py
[2026-06-12T11:10:13.046+0000] {processor.py:840} INFO - DAG(s) 'example_sla_dag' retrieved from /home/airflow/.local/lib/python3.8/site-packages/airflow/example_dags/example_sla_dag.py
[2026-06-12T11:10:13.083+0000] {logging_mixin.py:188} INFO - [2026-06-12T11:10:13.083+0000] {dag.py:3036} INFO - Sync 1 DAGs
[2026-06-12T11:10:13.134+0000] {logging_mixin.py:188} INFO - [2026-06-12T11:10:13.133+0000] {dag.py:3823} INFO - Setting next_dagrun for example_sla_dag to 2026-06-12 11:08:00+00:00, run_after=2026-06-12 11:10:00+00:00
[2026-06-12T11:10:13.171+0000] {processor.py:183} INFO - Processing /home/airflow/.local/lib/python3.8/site-packages/airflow/example_dags/example_sla_dag.py took 0.149 seconds
[2026-06-12T11:10:43.379+0000] {processor.py:161} INFO - Started process (PID=1098) to work on /home/airflow/.local/lib/python3.8/site-packages/airflow/example_dags/example_sla_dag.py
[2026-06-12T11:10:43.380+0000] {processor.py:830} INFO - Processing file /home/airflow/.local/lib/python3.8/site-packages/airflow/example_dags/example_sla_dag.py for tasks to queue
[2026-06-12T11:10:43.383+0000] {logging_mixin.py:188} INFO - [2026-06-12T11:10:43.383+0000] {dagbag.py:538} INFO - Filling up the DagBag from /home/airflow/.local/lib/python3.8/site-packages/airflow/example_dags/example_sla_dag.py
[2026-06-12T11:10:43.399+0000] {processor.py:840} INFO - DAG(s) 'example_sla_dag' retrieved from /home/airflow/.local/lib/python3.8/site-packages/airflow/example_dags/example_sla_dag.py
[2026-06-12T11:10:43.432+0000] {logging_mixin.py:188} INFO - [2026-06-12T11:10:43.432+0000] {dag.py:3036} INFO - Sync 1 DAGs
[2026-06-12T11:10:43.489+0000] {logging_mixin.py:188} INFO - [2026-06-12T11:10:43.488+0000] {dag.py:3823} INFO - Setting next_dagrun for example_sla_dag to 2026-06-12 11:08:00+00:00, run_after=2026-06-12 11:10:00+00:00
[2026-06-12T11:10:43.523+0000] {processor.py:183} INFO - Processing /home/airflow/.local/lib/python3.8/site-packages/airflow/example_dags/example_sla_dag.py took 0.151 seconds
[2026-06-12T11:11:13.745+0000] {processor.py:161} INFO - Started process (PID=1164) to work on /home/airflow/.local/lib/python3.8/site-packages/airflow/example_dags/example_sla_dag.py
[2026-06-12T11:11:13.747+0000] {processor.py:830} INFO - Processing file /home/airflow/.local/lib/python3.8/site-packages/airflow/example_dags/example_sla_dag.py for tasks to queue
[2026-06-12T11:11:13.750+0000] {logging_mixin.py:188} INFO - [2026-06-12T11:11:13.750+0000] {dagbag.py:538} INFO - Filling up the DagBag from /home/airflow/.local/lib/python3.8/site-packages/airflow/example_dags/example_sla_dag.py
[2026-06-12T11:11:13.766+0000] {processor.py:840} INFO - DAG(s) 'example_sla_dag' retrieved from /home/airflow/.local/lib/python3.8/site-packages/airflow/example_dags/example_sla_dag.py
[2026-06-12T11:11:13.807+0000] {logging_mixin.py:188} INFO - [2026-06-12T11:11:13.807+0000] {dag.py:3036} INFO - Sync 1 DAGs
[2026-06-12T11:11:13.848+0000] {logging_mixin.py:188} INFO - [2026-06-12T11:11:13.848+0000] {dag.py:3823} INFO - Setting next_dagrun for example_sla_dag to 2026-06-12 11:08:00+00:00, run_after=2026-06-12 11:10:00+00:00
[2026-06-12T11:11:13.878+0000] {processor.py:183} INFO - Processing /home/airflow/.local/lib/python3.8/site-packages/airflow/example_dags/example_sla_dag.py took 0.138 seconds
[2026-06-12T11:11:44.173+0000] {processor.py:161} INFO - Started process (PID=1231) to work on /home/airflow/.local/lib/python3.8/site-packages/airflow/example_dags/example_sla_dag.py
[2026-06-12T11:11:44.175+0000] {processor.py:830} INFO - Processing file /home/airflow/.local/lib/python3.8/site-packages/airflow/example_dags/example_sla_dag.py for tasks to queue
[2026-06-12T11:11:44.182+0000] {logging_mixin.py:188} INFO - [2026-06-12T11:11:44.177+0000] {dagbag.py:538} INFO - Filling up the DagBag from /home/airflow/.local/lib/python3.8/site-packages/airflow/example_dags/example_sla_dag.py
[2026-06-12T11:11:44.202+0000] {processor.py:840} INFO - DAG(s) 'example_sla_dag' retrieved from /home/airflow/.local/lib/python3.8/site-packages/airflow/example_dags/example_sla_dag.py
[2026-06-12T11:11:44.257+0000] {logging_mixin.py:188} INFO - [2026-06-12T11:11:44.257+0000] {dag.py:3036} INFO - Sync 1 DAGs
[2026-06-12T11:11:44.310+0000] {logging_mixin.py:188} INFO - [2026-06-12T11:11:44.310+0000] {dag.py:3823} INFO - Setting next_dagrun for example_sla_dag to 2026-06-12 11:08:00+00:00, run_after=2026-06-12 11:10:00+00:00
[2026-06-12T11:11:44.344+0000] {processor.py:183} INFO - Processing /home/airflow/.local/lib/python3.8/site-packages/airflow/example_dags/example_sla_dag.py took 0.177 seconds
[2026-06-12T11:12:14.621+0000] {processor.py:161} INFO - Started process (PID=1297) to work on /home/airflow/.local/lib/python3.8/site-packages/airflow/example_dags/example_sla_dag.py
[2026-06-12T11:12:14.623+0000] {processor.py:830} INFO - Processing file /home/airflow/.local/lib/python3.8/site-packages/airflow/example_dags/example_sla_dag.py for tasks to queue
[2026-06-12T11:12:14.626+0000] {logging_mixin.py:188} INFO - [2026-06-12T11:12:14.625+0000] {dagbag.py:538} INFO - Filling up the DagBag from /home/airflow/.local/lib/python3.8/site-packages/airflow/example_dags/example_sla_dag.py
[2026-06-12T11:12:14.642+0000] {processor.py:840} INFO - DAG(s) 'example_sla_dag' retrieved from /home/airflow/.local/lib/python3.8/site-packages/airflow/example_dags/example_sla_dag.py
[2026-06-12T11:12:14.678+0000] {logging_mixin.py:188} INFO - [2026-06-12T11:12:14.677+0000] {dag.py:3036} INFO - Sync 1 DAGs
[2026-06-12T11:12:14.719+0000] {logging_mixin.py:188} INFO - [2026-06-12T11:12:14.718+0000] {dag.py:3823} INFO - Setting next_dagrun for example_sla_dag to 2026-06-12 11:10:00+00:00, run_after=2026-06-12 11:12:00+00:00
[2026-06-12T11:12:14.748+0000] {processor.py:183} INFO - Processing /home/airflow/.local/lib/python3.8/site-packages/airflow/example_dags/example_sla_dag.py took 0.132 seconds
[2026-06-12T11:12:44.829+0000] {processor.py:161} INFO - Started process (PID=1364) to work on /home/airflow/.local/lib/python3.8/site-packages/airflow/example_dags/example_sla_dag.py
[2026-06-12T11:12:44.831+0000] {processor.py:830} INFO - Processing file /home/airflow/.local/lib/python3.8/site-packages/airflow/example_dags/example_sla_dag.py for tasks to queue
[2026-06-12T11:12:44.834+0000] {logging_mixin.py:188} INFO - [2026-06-12T11:12:44.834+0000] {dagbag.py:538} INFO - Filling up the DagBag from /home/airflow/.local/lib/python3.8/site-packages/airflow/example_dags/example_sla_dag.py
[2026-06-12T11:12:44.859+0000] {processor.py:840} INFO - DAG(s) 'example_sla_dag' retrieved from /home/airflow/.local/lib/python3.8/site-packages/airflow/example_dags/example_sla_dag.py
[2026-06-12T11:12:44.906+0000] {logging_mixin.py:188} INFO - [2026-06-12T11:12:44.906+0000] {dag.py:3036} INFO - Sync 1 DAGs
[2026-06-12T11:12:44.957+0000] {logging_mixin.py:188} INFO - [2026-06-12T11:12:44.957+0000] {dag.py:3823} INFO - Setting next_dagrun for example_sla_dag to 2026-06-12 11:10:00+00:00, run_after=2026-06-12 11:12:00+00:00
[2026-06-12T11:12:44.988+0000] {processor.py:183} INFO - Processing /home/airflow/.local/lib/python3.8/site-packages/airflow/example_dags/example_sla_dag.py took 0.165 seconds
[2026-06-12T11:13:15.159+0000] {processor.py:161} INFO - Started process (PID=1430) to work on /home/airflow/.local/lib/python3.8/site-packages/airflow/example_dags/example_sla_dag.py
[2026-06-12T11:13:15.161+0000] {processor.py:830} INFO - Processing file /home/airflow/.local/lib/python3.8/site-packages/airflow/example_dags/example_sla_dag.py for tasks to queue
[2026-06-12T11:13:15.163+0000] {logging_mixin.py:188} INFO - [2026-06-12T11:13:15.163+0000] {dagbag.py:538} INFO - Filling up the DagBag from /home/airflow/.local/lib/python3.8/site-packages/airflow/example_dags/example_sla_dag.py
[2026-06-12T11:13:15.179+0000] {processor.py:840} INFO - DAG(s) 'example_sla_dag' retrieved from /home/airflow/.local/lib/python3.8/site-packages/airflow/example_dags/example_sla_dag.py
[2026-06-12T11:13:15.213+0000] {logging_mixin.py:188} INFO - [2026-06-12T11:13:15.213+0000] {dag.py:3036} INFO - Sync 1 DAGs
[2026-06-12T11:13:15.254+0000] {logging_mixin.py:188} INFO - [2026-06-12T11:13:15.254+0000] {dag.py:3823} INFO - Setting next_dagrun for example_sla_dag to 2026-06-12 11:10:00+00:00, run_after=2026-06-12 11:12:00+00:00
[2026-06-12T11:13:15.283+0000] {processor.py:183} INFO - Processing /home/airflow/.local/lib/python3.8/site-packages/airflow/example_dags/example_sla_dag.py took 0.129 seconds
[2026-06-12T11:13:45.849+0000] {processor.py:161} INFO - Started process (PID=1496) to work on /home/airflow/.local/lib/python3.8/site-packages/airflow/example_dags/example_sla_dag.py
[2026-06-12T11:13:45.851+0000] {processor.py:830} INFO - Processing file /home/airflow/.local/lib/python3.8/site-packages/airflow/example_dags/example_sla_dag.py for tasks to queue
[2026-06-12T11:13:45.853+0000] {logging_mixin.py:188} INFO - [2026-06-12T11:13:45.853+0000] {dagbag.py:538} INFO - Filling up the DagBag from /home/airflow/.local/lib/python3.8/site-packages/airflow/example_dags/example_sla_dag.py
[2026-06-12T11:13:45.868+0000] {processor.py:840} INFO - DAG(s) 'example_sla_dag' retrieved from /home/airflow/.local/lib/python3.8/site-packages/airflow/example_dags/example_sla_dag.py
[2026-06-12T11:13:45.907+0000] {logging_mixin.py:188} INFO - [2026-06-12T11:13:45.906+0000] {dag.py:3036} INFO - Sync 1 DAGs
[2026-06-12T11:13:45.957+0000] {logging_mixin.py:188} INFO - [2026-06-12T11:13:45.957+0000] {dag.py:3823} INFO - Setting next_dagrun for example_sla_dag to 2026-06-12 11:10:00+00:00, run_after=2026-06-12 11:12:00+00:00
[2026-06-12T11:13:45.991+0000] {processor.py:183} INFO - Processing /home/airflow/.local/lib/python3.8/site-packages/airflow/example_dags/example_sla_dag.py took 0.148 seconds
[2026-06-12T11:14:16.191+0000] {processor.py:161} INFO - Started process (PID=1571) to work on /home/airflow/.local/lib/python3.8/site-packages/airflow/example_dags/example_sla_dag.py
[2026-06-12T11:14:16.193+0000] {processor.py:830} INFO - Processing file /home/airflow/.local/lib/python3.8/site-packages/airflow/example_dags/example_sla_dag.py for tasks to queue
[2026-06-12T11:14:16.195+0000] {logging_mixin.py:188} INFO - [2026-06-12T11:14:16.195+0000] {dagbag.py:538} INFO - Filling up the DagBag from /home/airflow/.local/lib/python3.8/site-packages/airflow/example_dags/example_sla_dag.py
[2026-06-12T11:14:16.211+0000] {processor.py:840} INFO - DAG(s) 'example_sla_dag' retrieved from /home/airflow/.local/lib/python3.8/site-packages/airflow/example_dags/example_sla_dag.py
[2026-06-12T11:14:16.253+0000] {logging_mixin.py:188} INFO - [2026-06-12T11:14:16.253+0000] {dag.py:3036} INFO - Sync 1 DAGs
[2026-06-12T11:14:16.307+0000] {logging_mixin.py:188} INFO - [2026-06-12T11:14:16.306+0000] {dag.py:3823} INFO - Setting next_dagrun for example_sla_dag to 2026-06-12 11:12:00+00:00, run_after=2026-06-12 11:14:00+00:00
[2026-06-12T11:14:16.341+0000] {processor.py:183} INFO - Processing /home/airflow/.local/lib/python3.8/site-packages/airflow/example_dags/example_sla_dag.py took 0.155 seconds
[2026-06-12T11:14:46.792+0000] {processor.py:161} INFO - Started process (PID=1637) to work on /home/airflow/.local/lib/python3.8/site-packages/airflow/example_dags/example_sla_dag.py
[2026-06-12T11:14:46.793+0000] {processor.py:830} INFO - Processing file /home/airflow/.local/lib/python3.8/site-packages/airflow/example_dags/example_sla_dag.py for tasks to queue
[2026-06-12T11:14:46.802+0000] {logging_mixin.py:188} INFO - [2026-06-12T11:14:46.797+0000] {dagbag.py:538} INFO - Filling up the DagBag from /home/airflow/.local/lib/python3.8/site-packages/airflow/example_dags/example_sla_dag.py
[2026-06-12T11:14:46.822+0000] {processor.py:840} INFO - DAG(s) 'example_sla_dag' retrieved from /home/airflow/.local/lib/python3.8/site-packages/airflow/example_dags/example_sla_dag.py
[2026-06-12T11:14:46.863+0000] {logging_mixin.py:188} INFO - [2026-06-12T11:14:46.863+0000] {dag.py:3036} INFO - Sync 1 DAGs
[2026-06-12T11:14:46.916+0000] {logging_mixin.py:188} INFO - [2026-06-12T11:14:46.915+0000] {dag.py:3823} INFO - Setting next_dagrun for example_sla_dag to 2026-06-12 11:12:00+00:00, run_after=2026-06-12 11:14:00+00:00
[2026-06-12T11:14:46.950+0000] {processor.py:183} INFO - Processing /home/airflow/.local/lib/python3.8/site-packages/airflow/example_dags/example_sla_dag.py took 0.165 seconds
[2026-06-12T11:15:17.173+0000] {processor.py:161} INFO - Started process (PID=1703) to work on /home/airflow/.local/lib/python3.8/site-packages/airflow/example_dags/example_sla_dag.py
[2026-06-12T11:15:17.179+0000] {processor.py:830} INFO - Processing file /home/airflow/.local/lib/python3.8/site-packages/airflow/example_dags/example_sla_dag.py for tasks to queue
[2026-06-12T11:15:17.182+0000] {logging_mixin.py:188} INFO - [2026-06-12T11:15:17.181+0000] {dagbag.py:538} INFO - Filling up the DagBag from /home/airflow/.local/lib/python3.8/site-packages/airflow/example_dags/example_sla_dag.py
[2026-06-12T11:15:17.197+0000] {processor.py:840} INFO - DAG(s) 'example_sla_dag' retrieved from /home/airflow/.local/lib/python3.8/site-packages/airflow/example_dags/example_sla_dag.py
[2026-06-12T11:15:17.234+0000] {logging_mixin.py:188} INFO - [2026-06-12T11:15:17.233+0000] {dag.py:3036} INFO - Sync 1 DAGs
[2026-06-12T11:15:17.284+0000] {logging_mixin.py:188} INFO - [2026-06-12T11:15:17.284+0000] {dag.py:3823} INFO - Setting next_dagrun for example_sla_dag to 2026-06-12 11:12:00+00:00, run_after=2026-06-12 11:14:00+00:00
[2026-06-12T11:15:17.316+0000] {processor.py:183} INFO - Processing /home/airflow/.local/lib/python3.8/site-packages/airflow/example_dags/example_sla_dag.py took 0.148 seconds
[2026-06-12T11:15:47.691+0000] {processor.py:161} INFO - Started process (PID=1769) to work on /home/airflow/.local/lib/python3.8/site-packages/airflow/example_dags/example_sla_dag.py
[2026-06-12T11:15:47.692+0000] {processor.py:830} INFO - Processing file /home/airflow/.local/lib/python3.8/site-packages/airflow/example_dags/example_sla_dag.py for tasks to queue
[2026-06-12T11:15:47.695+0000] {logging_mixin.py:188} INFO - [2026-06-12T11:15:47.695+0000] {dagbag.py:538} INFO - Filling up the DagBag from /home/airflow/.local/lib/python3.8/site-packages/airflow/example_dags/example_sla_dag.py
[2026-06-12T11:15:47.711+0000] {processor.py:840} INFO - DAG(s) 'example_sla_dag' retrieved from /home/airflow/.local/lib/python3.8/site-packages/airflow/example_dags/example_sla_dag.py
[2026-06-12T11:15:47.751+0000] {logging_mixin.py:188} INFO - [2026-06-12T11:15:47.750+0000] {dag.py:3036} INFO - Sync 1 DAGs
[2026-06-12T11:15:47.803+0000] {logging_mixin.py:188} INFO - [2026-06-12T11:15:47.802+0000] {dag.py:3823} INFO - Setting next_dagrun for example_sla_dag to 2026-06-12 11:12:00+00:00, run_after=2026-06-12 11:14:00+00:00
[2026-06-12T11:15:47.835+0000] {processor.py:183} INFO - Processing /home/airflow/.local/lib/python3.8/site-packages/airflow/example_dags/example_sla_dag.py took 0.150 seconds
[2026-06-12T11:16:18.121+0000] {processor.py:161} INFO - Started process (PID=1834) to work on /home/airflow/.local/lib/python3.8/site-packages/airflow/example_dags/example_sla_dag.py
[2026-06-12T11:16:18.123+0000] {processor.py:830} INFO - Processing file /home/airflow/.local/lib/python3.8/site-packages/airflow/example_dags/example_sla_dag.py for tasks to queue
[2026-06-12T11:16:18.126+0000] {logging_mixin.py:188} INFO - [2026-06-12T11:16:18.125+0000] {dagbag.py:538} INFO - Filling up the DagBag from /home/airflow/.local/lib/python3.8/site-packages/airflow/example_dags/example_sla_dag.py
[2026-06-12T11:16:18.141+0000] {processor.py:840} INFO - DAG(s) 'example_sla_dag' retrieved from /home/airflow/.local/lib/python3.8/site-packages/airflow/example_dags/example_sla_dag.py
[2026-06-12T11:16:18.184+0000] {logging_mixin.py:188} INFO - [2026-06-12T11:16:18.184+0000] {dag.py:3036} INFO - Sync 1 DAGs
[2026-06-12T11:16:18.235+0000] {logging_mixin.py:188} INFO - [2026-06-12T11:16:18.235+0000] {dag.py:3823} INFO - Setting next_dagrun for example_sla_dag to 2026-06-12 11:14:00+00:00, run_after=2026-06-12 11:16:00+00:00
[2026-06-12T11:16:18.267+0000] {processor.py:183} INFO - Processing /home/airflow/.local/lib/python3.8/site-packages/airflow/example_dags/example_sla_dag.py took 0.151 seconds
[2026-06-12T11:16:48.492+0000] {processor.py:161} INFO - Started process (PID=1900) to work on /home/airflow/.local/lib/python3.8/site-packages/airflow/example_dags/example_sla_dag.py
[2026-06-12T11:16:48.494+0000] {processor.py:830} INFO - Processing file /home/airflow/.local/lib/python3.8/site-packages/airflow/example_dags/example_sla_dag.py for tasks to queue
[2026-06-12T11:16:48.497+0000] {logging_mixin.py:188} INFO - [2026-06-12T11:16:48.496+0000] {dagbag.py:538} INFO - Filling up the DagBag from /home/airflow/.local/lib/python3.8/site-packages/airflow/example_dags/example_sla_dag.py
[2026-06-12T11:16:48.510+0000] {processor.py:840} INFO - DAG(s) 'example_sla_dag' retrieved from /home/airflow/.local/lib/python3.8/site-packages/airflow/example_dags/example_sla_dag.py
[2026-06-12T11:16:48.543+0000] {logging_mixin.py:188} INFO - [2026-06-12T11:16:48.543+0000] {dag.py:3036} INFO - Sync 1 DAGs
[2026-06-12T11:16:48.582+0000] {logging_mixin.py:188} INFO - [2026-06-12T11:16:48.582+0000] {dag.py:3823} INFO - Setting next_dagrun for example_sla_dag to 2026-06-12 11:14:00+00:00, run_after=2026-06-12 11:16:00+00:00
[2026-06-12T11:16:48.608+0000] {processor.py:183} INFO - Processing /home/airflow/.local/lib/python3.8/site-packages/airflow/example_dags/example_sla_dag.py took 0.122 seconds
[2026-06-12T11:17:19.031+0000] {processor.py:161} INFO - Started process (PID=1965) to work on /home/airflow/.local/lib/python3.8/site-packages/airflow/example_dags/example_sla_dag.py
[2026-06-12T11:17:19.032+0000] {processor.py:830} INFO - Processing file /home/airflow/.local/lib/python3.8/site-packages/airflow/example_dags/example_sla_dag.py for tasks to queue
[2026-06-12T11:17:19.034+0000] {logging_mixin.py:188} INFO - [2026-06-12T11:17:19.034+0000] {dagbag.py:538} INFO - Filling up the DagBag from /home/airflow/.local/lib/python3.8/site-packages/airflow/example_dags/example_sla_dag.py
[2026-06-12T11:17:19.047+0000] {processor.py:840} INFO - DAG(s) 'example_sla_dag' retrieved from /home/airflow/.local/lib/python3.8/site-packages/airflow/example_dags/example_sla_dag.py
[2026-06-12T11:17:19.081+0000] {logging_mixin.py:188} INFO - [2026-06-12T11:17:19.080+0000] {dag.py:3036} INFO - Sync 1 DAGs
[2026-06-12T11:17:19.128+0000] {logging_mixin.py:188} INFO - [2026-06-12T11:17:19.128+0000] {dag.py:3823} INFO - Setting next_dagrun for example_sla_dag to 2026-06-12 11:14:00+00:00, run_after=2026-06-12 11:16:00+00:00
[2026-06-12T11:17:19.156+0000] {processor.py:183} INFO - Processing /home/airflow/.local/lib/python3.8/site-packages/airflow/example_dags/example_sla_dag.py took 0.131 seconds
[2026-06-12T11:17:49.524+0000] {processor.py:161} INFO - Started process (PID=2031) to work on /home/airflow/.local/lib/python3.8/site-packages/airflow/example_dags/example_sla_dag.py
[2026-06-12T11:17:49.526+0000] {processor.py:830} INFO - Processing file /home/airflow/.local/lib/python3.8/site-packages/airflow/example_dags/example_sla_dag.py for tasks to queue
[2026-06-12T11:17:49.528+0000] {logging_mixin.py:188} INFO - [2026-06-12T11:17:49.528+0000] {dagbag.py:538} INFO - Filling up the DagBag from /home/airflow/.local/lib/python3.8/site-packages/airflow/example_dags/example_sla_dag.py
[2026-06-12T11:17:49.540+0000] {processor.py:840} INFO - DAG(s) 'example_sla_dag' retrieved from /home/airflow/.local/lib/python3.8/site-packages/airflow/example_dags/example_sla_dag.py
[2026-06-12T11:17:49.573+0000] {logging_mixin.py:188} INFO - [2026-06-12T11:17:49.573+0000] {dag.py:3036} INFO - Sync 1 DAGs
[2026-06-12T11:17:49.612+0000] {logging_mixin.py:188} INFO - [2026-06-12T11:17:49.612+0000] {dag.py:3823} INFO - Setting next_dagrun for example_sla_dag to 2026-06-12 11:14:00+00:00, run_after=2026-06-12 11:16:00+00:00
[2026-06-12T11:17:49.639+0000] {processor.py:183} INFO - Processing /home/airflow/.local/lib/python3.8/site-packages/airflow/example_dags/example_sla_dag.py took 0.120 seconds
[2026-06-12T11:18:19.864+0000] {processor.py:161} INFO - Started process (PID=2097) to work on /home/airflow/.local/lib/python3.8/site-packages/airflow/example_dags/example_sla_dag.py
[2026-06-12T11:18:19.866+0000] {processor.py:830} INFO - Processing file /home/airflow/.local/lib/python3.8/site-packages/airflow/example_dags/example_sla_dag.py for tasks to queue
[2026-06-12T11:18:19.869+0000] {logging_mixin.py:188} INFO - [2026-06-12T11:18:19.869+0000] {dagbag.py:538} INFO - Filling up the DagBag from /home/airflow/.local/lib/python3.8/site-packages/airflow/example_dags/example_sla_dag.py
[2026-06-12T11:18:19.884+0000] {processor.py:840} INFO - DAG(s) 'example_sla_dag' retrieved from /home/airflow/.local/lib/python3.8/site-packages/airflow/example_dags/example_sla_dag.py
[2026-06-12T11:18:19.916+0000] {logging_mixin.py:188} INFO - [2026-06-12T11:18:19.916+0000] {dag.py:3036} INFO - Sync 1 DAGs
[2026-06-12T11:18:19.958+0000] {logging_mixin.py:188} INFO - [2026-06-12T11:18:19.957+0000] {dag.py:3823} INFO - Setting next_dagrun for example_sla_dag to 2026-06-12 11:16:00+00:00, run_after=2026-06-12 11:18:00+00:00
[2026-06-12T11:18:19.986+0000] {processor.py:183} INFO - Processing /home/airflow/.local/lib/python3.8/site-packages/airflow/example_dags/example_sla_dag.py took 0.128 seconds
[2026-06-12T11:18:50.186+0000] {processor.py:161} INFO - Started process (PID=2163) to work on /home/airflow/.local/lib/python3.8/site-packages/airflow/example_dags/example_sla_dag.py
[2026-06-12T11:18:50.188+0000] {processor.py:830} INFO - Processing file /home/airflow/.local/lib/python3.8/site-packages/airflow/example_dags/example_sla_dag.py for tasks to queue
[2026-06-12T11:18:50.190+0000] {logging_mixin.py:188} INFO - [2026-06-12T11:18:50.190+0000] {dagbag.py:538} INFO - Filling up the DagBag from /home/airflow/.local/lib/python3.8/site-packages/airflow/example_dags/example_sla_dag.py
[2026-06-12T11:18:50.205+0000] {processor.py:840} INFO - DAG(s) 'example_sla_dag' retrieved from /home/airflow/.local/lib/python3.8/site-packages/airflow/example_dags/example_sla_dag.py
[2026-06-12T11:18:50.238+0000] {logging_mixin.py:188} INFO - [2026-06-12T11:18:50.238+0000] {dag.py:3036} INFO - Sync 1 DAGs
[2026-06-12T11:18:50.281+0000] {logging_mixin.py:188} INFO - [2026-06-12T11:18:50.280+0000] {dag.py:3823} INFO - Setting next_dagrun for example_sla_dag to 2026-06-12 11:16:00+00:00, run_after=2026-06-12 11:18:00+00:00
[2026-06-12T11:18:50.309+0000] {processor.py:183} INFO - Processing /home/airflow/.local/lib/python3.8/site-packages/airflow/example_dags/example_sla_dag.py took 0.129 seconds
[2026-06-12T11:19:20.615+0000] {processor.py:161} INFO - Started process (PID=2236) to work on /home/airflow/.local/lib/python3.8/site-packages/airflow/example_dags/example_sla_dag.py
[2026-06-12T11:19:20.617+0000] {processor.py:830} INFO - Processing file /home/airflow/.local/lib/python3.8/site-packages/airflow/example_dags/example_sla_dag.py for tasks to queue
[2026-06-12T11:19:20.620+0000] {logging_mixin.py:188} INFO - [2026-06-12T11:19:20.619+0000] {dagbag.py:538} INFO - Filling up the DagBag from /home/airflow/.local/lib/python3.8/site-packages/airflow/example_dags/example_sla_dag.py
[2026-06-12T11:19:20.634+0000] {processor.py:840} INFO - DAG(s) 'example_sla_dag' retrieved from /home/airflow/.local/lib/python3.8/site-packages/airflow/example_dags/example_sla_dag.py
[2026-06-12T11:19:20.675+0000] {logging_mixin.py:188} INFO - [2026-06-12T11:19:20.674+0000] {dag.py:3036} INFO - Sync 1 DAGs
[2026-06-12T11:19:20.717+0000] {logging_mixin.py:188} INFO - [2026-06-12T11:19:20.716+0000] {dag.py:3823} INFO - Setting next_dagrun for example_sla_dag to 2026-06-12 11:16:00+00:00, run_after=2026-06-12 11:18:00+00:00
[2026-06-12T11:19:20.749+0000] {processor.py:183} INFO - Processing /home/airflow/.local/lib/python3.8/site-packages/airflow/example_dags/example_sla_dag.py took 0.140 seconds
[2026-06-12T11:19:51.049+0000] {processor.py:161} INFO - Started process (PID=2303) to work on /home/airflow/.local/lib/python3.8/site-packages/airflow/example_dags/example_sla_dag.py
[2026-06-12T11:19:51.051+0000] {processor.py:830} INFO - Processing file /home/airflow/.local/lib/python3.8/site-packages/airflow/example_dags/example_sla_dag.py for tasks to queue
[2026-06-12T11:19:51.054+0000] {logging_mixin.py:188} INFO - [2026-06-12T11:19:51.053+0000] {dagbag.py:538} INFO - Filling up the DagBag from /home/airflow/.local/lib/python3.8/site-packages/airflow/example_dags/example_sla_dag.py
[2026-06-12T11:19:51.067+0000] {processor.py:840} INFO - DAG(s) 'example_sla_dag' retrieved from /home/airflow/.local/lib/python3.8/site-packages/airflow/example_dags/example_sla_dag.py
[2026-06-12T11:19:51.101+0000] {logging_mixin.py:188} INFO - [2026-06-12T11:19:51.101+0000] {dag.py:3036} INFO - Sync 1 DAGs
[2026-06-12T11:19:51.142+0000] {logging_mixin.py:188} INFO - [2026-06-12T11:19:51.142+0000] {dag.py:3823} INFO - Setting next_dagrun for example_sla_dag to 2026-06-12 11:16:00+00:00, run_after=2026-06-12 11:18:00+00:00
[2026-06-12T11:19:51.173+0000] {processor.py:183} INFO - Processing /home/airflow/.local/lib/python3.8/site-packages/airflow/example_dags/example_sla_dag.py took 0.129 seconds
[2026-06-12T11:20:21.364+0000] {processor.py:161} INFO - Started process (PID=2369) to work on /home/airflow/.local/lib/python3.8/site-packages/airflow/example_dags/example_sla_dag.py
[2026-06-12T11:20:21.366+0000] {processor.py:830} INFO - Processing file /home/airflow/.local/lib/python3.8/site-packages/airflow/example_dags/example_sla_dag.py for tasks to queue
[2026-06-12T11:20:21.369+0000] {logging_mixin.py:188} INFO - [2026-06-12T11:20:21.368+0000] {dagbag.py:538} INFO - Filling up the DagBag from /home/airflow/.local/lib/python3.8/site-packages/airflow/example_dags/example_sla_dag.py
[2026-06-12T11:20:21.385+0000] {processor.py:840} INFO - DAG(s) 'example_sla_dag' retrieved from /home/airflow/.local/lib/python3.8/site-packages/airflow/example_dags/example_sla_dag.py
[2026-06-12T11:20:21.443+0000] {logging_mixin.py:188} INFO - [2026-06-12T11:20:21.442+0000] {dag.py:3036} INFO - Sync 1 DAGs
[2026-06-12T11:20:21.498+0000] {logging_mixin.py:188} INFO - [2026-06-12T11:20:21.498+0000] {dag.py:3823} INFO - Setting next_dagrun for example_sla_dag to 2026-06-12 11:18:00+00:00, run_after=2026-06-12 11:20:00+00:00
[2026-06-12T11:20:21.532+0000] {processor.py:183} INFO - Processing /home/airflow/.local/lib/python3.8/site-packages/airflow/example_dags/example_sla_dag.py took 0.174 seconds
[2026-06-12T11:20:51.651+0000] {processor.py:161} INFO - Started process (PID=2435) to work on /home/airflow/.local/lib/python3.8/site-packages/airflow/example_dags/example_sla_dag.py
[2026-06-12T11:20:51.653+0000] {processor.py:830} INFO - Processing file /home/airflow/.local/lib/python3.8/site-packages/airflow/example_dags/example_sla_dag.py for tasks to queue
[2026-06-12T11:20:51.655+0000] {logging_mixin.py:188} INFO - [2026-06-12T11:20:51.655+0000] {dagbag.py:538} INFO - Filling up the DagBag from /home/airflow/.local/lib/python3.8/site-packages/airflow/example_dags/example_sla_dag.py
[2026-06-12T11:20:51.671+0000] {processor.py:840} INFO - DAG(s) 'example_sla_dag' retrieved from /home/airflow/.local/lib/python3.8/site-packages/airflow/example_dags/example_sla_dag.py
[2026-06-12T11:20:51.704+0000] {logging_mixin.py:188} INFO - [2026-06-12T11:20:51.703+0000] {dag.py:3036} INFO - Sync 1 DAGs
[2026-06-12T11:20:51.746+0000] {logging_mixin.py:188} INFO - [2026-06-12T11:20:51.746+0000] {dag.py:3823} INFO - Setting next_dagrun for example_sla_dag to 2026-06-12 11:18:00+00:00, run_after=2026-06-12 11:20:00+00:00
[2026-06-12T11:20:51.783+0000] {processor.py:183} INFO - Processing /home/airflow/.local/lib/python3.8/site-packages/airflow/example_dags/example_sla_dag.py took 0.138 seconds
[2026-06-12T11:21:21.960+0000] {processor.py:161} INFO - Started process (PID=2501) to work on /home/airflow/.local/lib/python3.8/site-packages/airflow/example_dags/example_sla_dag.py
[2026-06-12T11:21:21.961+0000] {processor.py:830} INFO - Processing file /home/airflow/.local/lib/python3.8/site-packages/airflow/example_dags/example_sla_dag.py for tasks to queue
[2026-06-12T11:21:21.963+0000] {logging_mixin.py:188} INFO - [2026-06-12T11:21:21.963+0000] {dagbag.py:538} INFO - Filling up the DagBag from /home/airflow/.local/lib/python3.8/site-packages/airflow/example_dags/example_sla_dag.py
[2026-06-12T11:21:21.976+0000] {processor.py:840} INFO - DAG(s) 'example_sla_dag' retrieved from /home/airflow/.local/lib/python3.8/site-packages/airflow/example_dags/example_sla_dag.py
[2026-06-12T11:21:22.010+0000] {logging_mixin.py:188} INFO - [2026-06-12T11:21:22.010+0000] {dag.py:3036} INFO - Sync 1 DAGs
[2026-06-12T11:21:22.049+0000] {logging_mixin.py:188} INFO - [2026-06-12T11:21:22.049+0000] {dag.py:3823} INFO - Setting next_dagrun for example_sla_dag to 2026-06-12 11:18:00+00:00, run_after=2026-06-12 11:20:00+00:00
[2026-06-12T11:21:22.076+0000] {processor.py:183} INFO - Processing /home/airflow/.local/lib/python3.8/site-packages/airflow/example_dags/example_sla_dag.py took 0.121 seconds
[2026-06-12T11:21:52.819+0000] {processor.py:161} INFO - Started process (PID=2567) to work on /home/airflow/.local/lib/python3.8/site-packages/airflow/example_dags/example_sla_dag.py
[2026-06-12T11:21:52.822+0000] {processor.py:830} INFO - Processing file /home/airflow/.local/lib/python3.8/site-packages/airflow/example_dags/example_sla_dag.py for tasks to queue
[2026-06-12T11:21:52.825+0000] {logging_mixin.py:188} INFO - [2026-06-12T11:21:52.824+0000] {dagbag.py:538} INFO - Filling up the DagBag from /home/airflow/.local/lib/python3.8/site-packages/airflow/example_dags/example_sla_dag.py
[2026-06-12T11:21:52.841+0000] {processor.py:840} INFO - DAG(s) 'example_sla_dag' retrieved from /home/airflow/.local/lib/python3.8/site-packages/airflow/example_dags/example_sla_dag.py
[2026-06-12T11:21:52.876+0000] {logging_mixin.py:188} INFO - [2026-06-12T11:21:52.876+0000] {dag.py:3036} INFO - Sync 1 DAGs
[2026-06-12T11:21:52.919+0000] {logging_mixin.py:188} INFO - [2026-06-12T11:21:52.919+0000] {dag.py:3823} INFO - Setting next_dagrun for example_sla_dag to 2026-06-12 11:18:00+00:00, run_after=2026-06-12 11:20:00+00:00
[2026-06-12T11:21:52.949+0000] {processor.py:183} INFO - Processing /home/airflow/.local/lib/python3.8/site-packages/airflow/example_dags/example_sla_dag.py took 0.136 seconds
[2026-06-12T11:22:23.589+0000] {processor.py:161} INFO - Started process (PID=2633) to work on /home/airflow/.local/lib/python3.8/site-packages/airflow/example_dags/example_sla_dag.py
[2026-06-12T11:22:23.591+0000] {processor.py:830} INFO - Processing file /home/airflow/.local/lib/python3.8/site-packages/airflow/example_dags/example_sla_dag.py for tasks to queue
[2026-06-12T11:22:23.593+0000] {logging_mixin.py:188} INFO - [2026-06-12T11:22:23.593+0000] {dagbag.py:538} INFO - Filling up the DagBag from /home/airflow/.local/lib/python3.8/site-packages/airflow/example_dags/example_sla_dag.py
[2026-06-12T11:22:23.609+0000] {processor.py:840} INFO - DAG(s) 'example_sla_dag' retrieved from /home/airflow/.local/lib/python3.8/site-packages/airflow/example_dags/example_sla_dag.py
[2026-06-12T11:22:23.647+0000] {logging_mixin.py:188} INFO - [2026-06-12T11:22:23.646+0000] {dag.py:3036} INFO - Sync 1 DAGs
[2026-06-12T11:22:23.694+0000] {logging_mixin.py:188} INFO - [2026-06-12T11:22:23.694+0000] {dag.py:3823} INFO - Setting next_dagrun for example_sla_dag to 2026-06-12 11:20:00+00:00, run_after=2026-06-12 11:22:00+00:00
[2026-06-12T11:22:23.726+0000] {processor.py:183} INFO - Processing /home/airflow/.local/lib/python3.8/site-packages/airflow/example_dags/example_sla_dag.py took 0.142 seconds
[2026-06-12T11:22:54.041+0000] {processor.py:161} INFO - Started process (PID=2699) to work on /home/airflow/.local/lib/python3.8/site-packages/airflow/example_dags/example_sla_dag.py
[2026-06-12T11:22:54.043+0000] {processor.py:830} INFO - Processing file /home/airflow/.local/lib/python3.8/site-packages/airflow/example_dags/example_sla_dag.py for tasks to queue
[2026-06-12T11:22:54.046+0000] {logging_mixin.py:188} INFO - [2026-06-12T11:22:54.045+0000] {dagbag.py:538} INFO - Filling up the DagBag from /home/airflow/.local/lib/python3.8/site-packages/airflow/example_dags/example_sla_dag.py
[2026-06-12T11:22:54.059+0000] {processor.py:840} INFO - DAG(s) 'example_sla_dag' retrieved from /home/airflow/.local/lib/python3.8/site-packages/airflow/example_dags/example_sla_dag.py
[2026-06-12T11:22:54.094+0000] {logging_mixin.py:188} INFO - [2026-06-12T11:22:54.093+0000] {dag.py:3036} INFO - Sync 1 DAGs
[2026-06-12T11:22:54.138+0000] {logging_mixin.py:188} INFO - [2026-06-12T11:22:54.138+0000] {dag.py:3823} INFO - Setting next_dagrun for example_sla_dag to 2026-06-12 11:20:00+00:00, run_after=2026-06-12 11:22:00+00:00
[2026-06-12T11:22:54.171+0000] {processor.py:183} INFO - Processing /home/airflow/.local/lib/python3.8/site-packages/airflow/example_dags/example_sla_dag.py took 0.134 seconds
[2026-06-12T11:23:25.034+0000] {processor.py:161} INFO - Started process (PID=2772) to work on /home/airflow/.local/lib/python3.8/site-packages/airflow/example_dags/example_sla_dag.py
[2026-06-12T11:23:25.036+0000] {processor.py:830} INFO - Processing file /home/airflow/.local/lib/python3.8/site-packages/airflow/example_dags/example_sla_dag.py for tasks to queue
[2026-06-12T11:23:25.039+0000] {logging_mixin.py:188} INFO - [2026-06-12T11:23:25.039+0000] {dagbag.py:538} INFO - Filling up the DagBag from /home/airflow/.local/lib/python3.8/site-packages/airflow/example_dags/example_sla_dag.py
[2026-06-12T11:23:25.056+0000] {processor.py:840} INFO - DAG(s) 'example_sla_dag' retrieved from /home/airflow/.local/lib/python3.8/site-packages/airflow/example_dags/example_sla_dag.py
[2026-06-12T11:23:25.095+0000] {logging_mixin.py:188} INFO - [2026-06-12T11:23:25.095+0000] {dag.py:3036} INFO - Sync 1 DAGs
[2026-06-12T11:23:25.144+0000] {logging_mixin.py:188} INFO - [2026-06-12T11:23:25.143+0000] {dag.py:3823} INFO - Setting next_dagrun for example_sla_dag to 2026-06-12 11:20:00+00:00, run_after=2026-06-12 11:22:00+00:00
[2026-06-12T11:23:25.174+0000] {processor.py:183} INFO - Processing /home/airflow/.local/lib/python3.8/site-packages/airflow/example_dags/example_sla_dag.py took 0.146 seconds
[2026-06-12T11:23:56.348+0000] {processor.py:161} INFO - Started process (PID=2838) to work on /home/airflow/.local/lib/python3.8/site-packages/airflow/example_dags/example_sla_dag.py
[2026-06-12T11:23:56.350+0000] {processor.py:830} INFO - Processing file /home/airflow/.local/lib/python3.8/site-packages/airflow/example_dags/example_sla_dag.py for tasks to queue
[2026-06-12T11:23:56.352+0000] {logging_mixin.py:188} INFO - [2026-06-12T11:23:56.352+0000] {dagbag.py:538} INFO - Filling up the DagBag from /home/airflow/.local/lib/python3.8/site-packages/airflow/example_dags/example_sla_dag.py
[2026-06-12T11:23:56.366+0000] {processor.py:840} INFO - DAG(s) 'example_sla_dag' retrieved from /home/airflow/.local/lib/python3.8/site-packages/airflow/example_dags/example_sla_dag.py
[2026-06-12T11:23:56.406+0000] {logging_mixin.py:188} INFO - [2026-06-12T11:23:56.406+0000] {dag.py:3036} INFO - Sync 1 DAGs
[2026-06-12T11:23:56.457+0000] {logging_mixin.py:188} INFO - [2026-06-12T11:23:56.456+0000] {dag.py:3823} INFO - Setting next_dagrun for example_sla_dag to 2026-06-12 11:20:00+00:00, run_after=2026-06-12 11:22:00+00:00
[2026-06-12T11:23:56.672+0000] {processor.py:183} INFO - Processing /home/airflow/.local/lib/python3.8/site-packages/airflow/example_dags/example_sla_dag.py took 0.331 seconds
[2026-06-12T11:24:26.833+0000] {processor.py:161} INFO - Started process (PID=2906) to work on /home/airflow/.local/lib/python3.8/site-packages/airflow/example_dags/example_sla_dag.py
[2026-06-12T11:24:26.836+0000] {processor.py:830} INFO - Processing file /home/airflow/.local/lib/python3.8/site-packages/airflow/example_dags/example_sla_dag.py for tasks to queue
[2026-06-12T11:24:26.839+0000] {logging_mixin.py:188} INFO - [2026-06-12T11:24:26.838+0000] {dagbag.py:538} INFO - Filling up the DagBag from /home/airflow/.local/lib/python3.8/site-packages/airflow/example_dags/example_sla_dag.py
[2026-06-12T11:24:26.855+0000] {processor.py:840} INFO - DAG(s) 'example_sla_dag' retrieved from /home/airflow/.local/lib/python3.8/site-packages/airflow/example_dags/example_sla_dag.py
[2026-06-12T11:24:26.898+0000] {logging_mixin.py:188} INFO - [2026-06-12T11:24:26.897+0000] {dag.py:3036} INFO - Sync 1 DAGs
[2026-06-12T11:24:26.953+0000] {logging_mixin.py:188} INFO - [2026-06-12T11:24:26.952+0000] {dag.py:3823} INFO - Setting next_dagrun for example_sla_dag to 2026-06-12 11:22:00+00:00, run_after=2026-06-12 11:24:00+00:00
[2026-06-12T11:24:26.989+0000] {processor.py:183} INFO - Processing /home/airflow/.local/lib/python3.8/site-packages/airflow/example_dags/example_sla_dag.py took 0.161 seconds
[2026-06-12T11:24:57.470+0000] {processor.py:161} INFO - Started process (PID=2970) to work on /home/airflow/.local/lib/python3.8/site-packages/airflow/example_dags/example_sla_dag.py
[2026-06-12T11:24:57.472+0000] {processor.py:830} INFO - Processing file /home/airflow/.local/lib/python3.8/site-packages/airflow/example_dags/example_sla_dag.py for tasks to queue
[2026-06-12T11:24:57.474+0000] {logging_mixin.py:188} INFO - [2026-06-12T11:24:57.474+0000] {dagbag.py:538} INFO - Filling up the DagBag from /home/airflow/.local/lib/python3.8/site-packages/airflow/example_dags/example_sla_dag.py
[2026-06-12T11:24:57.487+0000] {processor.py:840} INFO - DAG(s) 'example_sla_dag' retrieved from /home/airflow/.local/lib/python3.8/site-packages/airflow/example_dags/example_sla_dag.py
[2026-06-12T11:24:57.524+0000] {logging_mixin.py:188} INFO - [2026-06-12T11:24:57.524+0000] {dag.py:3036} INFO - Sync 1 DAGs
[2026-06-12T11:24:57.574+0000] {logging_mixin.py:188} INFO - [2026-06-12T11:24:57.573+0000] {dag.py:3823} INFO - Setting next_dagrun for example_sla_dag to 2026-06-12 11:22:00+00:00, run_after=2026-06-12 11:24:00+00:00
[2026-06-12T11:24:57.610+0000] {processor.py:183} INFO - Processing /home/airflow/.local/lib/python3.8/site-packages/airflow/example_dags/example_sla_dag.py took 0.144 seconds
[2026-06-12T11:25:29.512+0000] {processor.py:161} INFO - Started process (PID=3037) to work on /home/airflow/.local/lib/python3.8/site-packages/airflow/example_dags/example_sla_dag.py
[2026-06-12T11:25:29.514+0000] {processor.py:830} INFO - Processing file /home/airflow/.local/lib/python3.8/site-packages/airflow/example_dags/example_sla_dag.py for tasks to queue
[2026-06-12T11:25:29.516+0000] {logging_mixin.py:188} INFO - [2026-06-12T11:25:29.516+0000] {dagbag.py:538} INFO - Filling up the DagBag from /home/airflow/.local/lib/python3.8/site-packages/airflow/example_dags/example_sla_dag.py
[2026-06-12T11:25:29.530+0000] {processor.py:840} INFO - DAG(s) 'example_sla_dag' retrieved from /home/airflow/.local/lib/python3.8/site-packages/airflow/example_dags/example_sla_dag.py
[2026-06-12T11:25:29.566+0000] {logging_mixin.py:188} INFO - [2026-06-12T11:25:29.565+0000] {dag.py:3036} INFO - Sync 1 DAGs
[2026-06-12T11:25:29.611+0000] {logging_mixin.py:188} INFO - [2026-06-12T11:25:29.611+0000] {dag.py:3823} INFO - Setting next_dagrun for example_sla_dag to 2026-06-12 11:22:00+00:00, run_after=2026-06-12 11:24:00+00:00
[2026-06-12T11:25:29.639+0000] {processor.py:183} INFO - Processing /home/airflow/.local/lib/python3.8/site-packages/airflow/example_dags/example_sla_dag.py took 0.131 seconds
[2026-06-12T11:26:00.930+0000] {processor.py:161} INFO - Started process (PID=3100) to work on /home/airflow/.local/lib/python3.8/site-packages/airflow/example_dags/example_sla_dag.py
[2026-06-12T11:26:00.931+0000] {processor.py:830} INFO - Processing file /home/airflow/.local/lib/python3.8/site-packages/airflow/example_dags/example_sla_dag.py for tasks to queue
[2026-06-12T11:26:00.934+0000] {logging_mixin.py:188} INFO - [2026-06-12T11:26:00.933+0000] {dagbag.py:538} INFO - Filling up the DagBag from /home/airflow/.local/lib/python3.8/site-packages/airflow/example_dags/example_sla_dag.py
[2026-06-12T11:26:00.947+0000] {processor.py:840} INFO - DAG(s) 'example_sla_dag' retrieved from /home/airflow/.local/lib/python3.8/site-packages/airflow/example_dags/example_sla_dag.py
[2026-06-12T11:26:00.985+0000] {logging_mixin.py:188} INFO - [2026-06-12T11:26:00.985+0000] {dag.py:3036} INFO - Sync 1 DAGs
[2026-06-12T11:26:01.220+0000] {logging_mixin.py:188} INFO - [2026-06-12T11:26:01.220+0000] {dag.py:3823} INFO - Setting next_dagrun for example_sla_dag to 2026-06-12 11:24:00+00:00, run_after=2026-06-12 11:26:00+00:00
[2026-06-12T11:26:01.245+0000] {processor.py:183} INFO - Processing /home/airflow/.local/lib/python3.8/site-packages/airflow/example_dags/example_sla_dag.py took 0.321 seconds
[2026-06-12T11:26:31.789+0000] {processor.py:161} INFO - Started process (PID=3167) to work on /home/airflow/.local/lib/python3.8/site-packages/airflow/example_dags/example_sla_dag.py
[2026-06-12T11:26:31.791+0000] {processor.py:830} INFO - Processing file /home/airflow/.local/lib/python3.8/site-packages/airflow/example_dags/example_sla_dag.py for tasks to queue
[2026-06-12T11:26:31.794+0000] {logging_mixin.py:188} INFO - [2026-06-12T11:26:31.793+0000] {dagbag.py:538} INFO - Filling up the DagBag from /home/airflow/.local/lib/python3.8/site-packages/airflow/example_dags/example_sla_dag.py
[2026-06-12T11:26:31.807+0000] {processor.py:840} INFO - DAG(s) 'example_sla_dag' retrieved from /home/airflow/.local/lib/python3.8/site-packages/airflow/example_dags/example_sla_dag.py
[2026-06-12T11:26:31.851+0000] {logging_mixin.py:188} INFO - [2026-06-12T11:26:31.851+0000] {dag.py:3036} INFO - Sync 1 DAGs
[2026-06-12T11:26:31.898+0000] {logging_mixin.py:188} INFO - [2026-06-12T11:26:31.898+0000] {dag.py:3823} INFO - Setting next_dagrun for example_sla_dag to 2026-06-12 11:24:00+00:00, run_after=2026-06-12 11:26:00+00:00
[2026-06-12T11:26:32.105+0000] {processor.py:183} INFO - Processing /home/airflow/.local/lib/python3.8/site-packages/airflow/example_dags/example_sla_dag.py took 0.321 seconds
[2026-06-12T11:27:02.367+0000] {processor.py:161} INFO - Started process (PID=3236) to work on /home/airflow/.local/lib/python3.8/site-packages/airflow/example_dags/example_sla_dag.py
[2026-06-12T11:27:02.369+0000] {processor.py:830} INFO - Processing file /home/airflow/.local/lib/python3.8/site-packages/airflow/example_dags/example_sla_dag.py for tasks to queue
[2026-06-12T11:27:02.371+0000] {logging_mixin.py:188} INFO - [2026-06-12T11:27:02.371+0000] {dagbag.py:538} INFO - Filling up the DagBag from /home/airflow/.local/lib/python3.8/site-packages/airflow/example_dags/example_sla_dag.py
[2026-06-12T11:27:02.385+0000] {processor.py:840} INFO - DAG(s) 'example_sla_dag' retrieved from /home/airflow/.local/lib/python3.8/site-packages/airflow/example_dags/example_sla_dag.py
[2026-06-12T11:27:02.417+0000] {logging_mixin.py:188} INFO - [2026-06-12T11:27:02.416+0000] {dag.py:3036} INFO - Sync 1 DAGs
[2026-06-12T11:27:02.457+0000] {logging_mixin.py:188} INFO - [2026-06-12T11:27:02.457+0000] {dag.py:3823} INFO - Setting next_dagrun for example_sla_dag to 2026-06-12 11:24:00+00:00, run_after=2026-06-12 11:26:00+00:00
[2026-06-12T11:27:02.485+0000] {processor.py:183} INFO - Processing /home/airflow/.local/lib/python3.8/site-packages/airflow/example_dags/example_sla_dag.py took 0.123 seconds
[2026-06-12T11:27:33.141+0000] {processor.py:161} INFO - Started process (PID=3307) to work on /home/airflow/.local/lib/python3.8/site-packages/airflow/example_dags/example_sla_dag.py
[2026-06-12T11:27:33.143+0000] {processor.py:830} INFO - Processing file /home/airflow/.local/lib/python3.8/site-packages/airflow/example_dags/example_sla_dag.py for tasks to queue
[2026-06-12T11:27:33.146+0000] {logging_mixin.py:188} INFO - [2026-06-12T11:27:33.145+0000] {dagbag.py:538} INFO - Filling up the DagBag from /home/airflow/.local/lib/python3.8/site-packages/airflow/example_dags/example_sla_dag.py
[2026-06-12T11:27:33.163+0000] {processor.py:840} INFO - DAG(s) 'example_sla_dag' retrieved from /home/airflow/.local/lib/python3.8/site-packages/airflow/example_dags/example_sla_dag.py
[2026-06-12T11:27:33.201+0000] {logging_mixin.py:188} INFO - [2026-06-12T11:27:33.201+0000] {dag.py:3036} INFO - Sync 1 DAGs
[2026-06-12T11:27:33.250+0000] {logging_mixin.py:188} INFO - [2026-06-12T11:27:33.250+0000] {dag.py:3823} INFO - Setting next_dagrun for example_sla_dag to 2026-06-12 11:24:00+00:00, run_after=2026-06-12 11:26:00+00:00
[2026-06-12T11:27:33.284+0000] {processor.py:183} INFO - Processing /home/airflow/.local/lib/python3.8/site-packages/airflow/example_dags/example_sla_dag.py took 0.148 seconds
[2026-06-12T11:28:03.681+0000] {processor.py:161} INFO - Started process (PID=3373) to work on /home/airflow/.local/lib/python3.8/site-packages/airflow/example_dags/example_sla_dag.py
[2026-06-12T11:28:03.683+0000] {processor.py:830} INFO - Processing file /home/airflow/.local/lib/python3.8/site-packages/airflow/example_dags/example_sla_dag.py for tasks to queue
[2026-06-12T11:28:03.686+0000] {logging_mixin.py:188} INFO - [2026-06-12T11:28:03.685+0000] {dagbag.py:538} INFO - Filling up the DagBag from /home/airflow/.local/lib/python3.8/site-packages/airflow/example_dags/example_sla_dag.py
[2026-06-12T11:28:03.703+0000] {processor.py:840} INFO - DAG(s) 'example_sla_dag' retrieved from /home/airflow/.local/lib/python3.8/site-packages/airflow/example_dags/example_sla_dag.py
[2026-06-12T11:28:03.744+0000] {logging_mixin.py:188} INFO - [2026-06-12T11:28:03.744+0000] {dag.py:3036} INFO - Sync 1 DAGs
[2026-06-12T11:28:03.798+0000] {logging_mixin.py:188} INFO - [2026-06-12T11:28:03.798+0000] {dag.py:3823} INFO - Setting next_dagrun for example_sla_dag to 2026-06-12 11:26:00+00:00, run_after=2026-06-12 11:28:00+00:00
[2026-06-12T11:28:03.833+0000] {processor.py:183} INFO - Processing /home/airflow/.local/lib/python3.8/site-packages/airflow/example_dags/example_sla_dag.py took 0.158 seconds
[2026-06-12T11:28:34.305+0000] {processor.py:161} INFO - Started process (PID=3438) to work on /home/airflow/.local/lib/python3.8/site-packages/airflow/example_dags/example_sla_dag.py
[2026-06-12T11:28:34.307+0000] {processor.py:830} INFO - Processing file /home/airflow/.local/lib/python3.8/site-packages/airflow/example_dags/example_sla_dag.py for tasks to queue
[2026-06-12T11:28:34.309+0000] {logging_mixin.py:188} INFO - [2026-06-12T11:28:34.309+0000] {dagbag.py:538} INFO - Filling up the DagBag from /home/airflow/.local/lib/python3.8/site-packages/airflow/example_dags/example_sla_dag.py
[2026-06-12T11:28:34.322+0000] {processor.py:840} INFO - DAG(s) 'example_sla_dag' retrieved from /home/airflow/.local/lib/python3.8/site-packages/airflow/example_dags/example_sla_dag.py
[2026-06-12T11:28:34.362+0000] {logging_mixin.py:188} INFO - [2026-06-12T11:28:34.361+0000] {dag.py:3036} INFO - Sync 1 DAGs
[2026-06-12T11:28:34.408+0000] {logging_mixin.py:188} INFO - [2026-06-12T11:28:34.408+0000] {dag.py:3823} INFO - Setting next_dagrun for example_sla_dag to 2026-06-12 11:26:00+00:00, run_after=2026-06-12 11:28:00+00:00
[2026-06-12T11:28:34.437+0000] {processor.py:183} INFO - Processing /home/airflow/.local/lib/python3.8/site-packages/airflow/example_dags/example_sla_dag.py took 0.138 seconds
[2026-06-12T11:29:04.630+0000] {processor.py:161} INFO - Started process (PID=3504) to work on /home/airflow/.local/lib/python3.8/site-packages/airflow/example_dags/example_sla_dag.py
[2026-06-12T11:29:04.631+0000] {processor.py:830} INFO - Processing file /home/airflow/.local/lib/python3.8/site-packages/airflow/example_dags/example_sla_dag.py for tasks to queue
[2026-06-12T11:29:04.633+0000] {logging_mixin.py:188} INFO - [2026-06-12T11:29:04.633+0000] {dagbag.py:538} INFO - Filling up the DagBag from /home/airflow/.local/lib/python3.8/site-packages/airflow/example_dags/example_sla_dag.py
[2026-06-12T11:29:04.649+0000] {processor.py:840} INFO - DAG(s) 'example_sla_dag' retrieved from /home/airflow/.local/lib/python3.8/site-packages/airflow/example_dags/example_sla_dag.py
[2026-06-12T11:29:04.686+0000] {logging_mixin.py:188} INFO - [2026-06-12T11:29:04.686+0000] {dag.py:3036} INFO - Sync 1 DAGs
[2026-06-12T11:29:04.740+0000] {logging_mixin.py:188} INFO - [2026-06-12T11:29:04.739+0000] {dag.py:3823} INFO - Setting next_dagrun for example_sla_dag to 2026-06-12 11:26:00+00:00, run_after=2026-06-12 11:28:00+00:00
[2026-06-12T11:29:04.772+0000] {processor.py:183} INFO - Processing /home/airflow/.local/lib/python3.8/site-packages/airflow/example_dags/example_sla_dag.py took 0.147 seconds
[2026-06-12T11:29:35.347+0000] {processor.py:161} INFO - Started process (PID=3569) to work on /home/airflow/.local/lib/python3.8/site-packages/airflow/example_dags/example_sla_dag.py
[2026-06-12T11:29:35.349+0000] {processor.py:830} INFO - Processing file /home/airflow/.local/lib/python3.8/site-packages/airflow/example_dags/example_sla_dag.py for tasks to queue
[2026-06-12T11:29:35.352+0000] {logging_mixin.py:188} INFO - [2026-06-12T11:29:35.352+0000] {dagbag.py:538} INFO - Filling up the DagBag from /home/airflow/.local/lib/python3.8/site-packages/airflow/example_dags/example_sla_dag.py
[2026-06-12T11:29:35.365+0000] {processor.py:840} INFO - DAG(s) 'example_sla_dag' retrieved from /home/airflow/.local/lib/python3.8/site-packages/airflow/example_dags/example_sla_dag.py
[2026-06-12T11:29:35.400+0000] {logging_mixin.py:188} INFO - [2026-06-12T11:29:35.400+0000] {dag.py:3036} INFO - Sync 1 DAGs
[2026-06-12T11:29:35.448+0000] {logging_mixin.py:188} INFO - [2026-06-12T11:29:35.447+0000] {dag.py:3823} INFO - Setting next_dagrun for example_sla_dag to 2026-06-12 11:26:00+00:00, run_after=2026-06-12 11:28:00+00:00
[2026-06-12T11:29:35.488+0000] {processor.py:183} INFO - Processing /home/airflow/.local/lib/python3.8/site-packages/airflow/example_dags/example_sla_dag.py took 0.145 seconds
[2026-06-12T11:30:05.867+0000] {processor.py:161} INFO - Started process (PID=3634) to work on /home/airflow/.local/lib/python3.8/site-packages/airflow/example_dags/example_sla_dag.py
[2026-06-12T11:30:05.868+0000] {processor.py:830} INFO - Processing file /home/airflow/.local/lib/python3.8/site-packages/airflow/example_dags/example_sla_dag.py for tasks to queue
[2026-06-12T11:30:05.871+0000] {logging_mixin.py:188} INFO - [2026-06-12T11:30:05.871+0000] {dagbag.py:538} INFO - Filling up the DagBag from /home/airflow/.local/lib/python3.8/site-packages/airflow/example_dags/example_sla_dag.py
[2026-06-12T11:30:05.886+0000] {processor.py:840} INFO - DAG(s) 'example_sla_dag' retrieved from /home/airflow/.local/lib/python3.8/site-packages/airflow/example_dags/example_sla_dag.py
[2026-06-12T11:30:05.921+0000] {logging_mixin.py:188} INFO - [2026-06-12T11:30:05.920+0000] {dag.py:3036} INFO - Sync 1 DAGs
[2026-06-12T11:30:05.964+0000] {logging_mixin.py:188} INFO - [2026-06-12T11:30:05.964+0000] {dag.py:3823} INFO - Setting next_dagrun for example_sla_dag to 2026-06-12 11:28:00+00:00, run_after=2026-06-12 11:30:00+00:00
[2026-06-12T11:30:05.992+0000] {processor.py:183} INFO - Processing /home/airflow/.local/lib/python3.8/site-packages/airflow/example_dags/example_sla_dag.py took 0.130 seconds
[2026-06-12T11:30:36.368+0000] {processor.py:161} INFO - Started process (PID=3700) to work on /home/airflow/.local/lib/python3.8/site-packages/airflow/example_dags/example_sla_dag.py
[2026-06-12T11:30:36.371+0000] {processor.py:830} INFO - Processing file /home/airflow/.local/lib/python3.8/site-packages/airflow/example_dags/example_sla_dag.py for tasks to queue
[2026-06-12T11:30:36.374+0000] {logging_mixin.py:188} INFO - [2026-06-12T11:30:36.373+0000] {dagbag.py:538} INFO - Filling up the DagBag from /home/airflow/.local/lib/python3.8/site-packages/airflow/example_dags/example_sla_dag.py
[2026-06-12T11:30:36.391+0000] {processor.py:840} INFO - DAG(s) 'example_sla_dag' retrieved from /home/airflow/.local/lib/python3.8/site-packages/airflow/example_dags/example_sla_dag.py
[2026-06-12T11:30:36.433+0000] {logging_mixin.py:188} INFO - [2026-06-12T11:30:36.432+0000] {dag.py:3036} INFO - Sync 1 DAGs
[2026-06-12T11:30:36.479+0000] {logging_mixin.py:188} INFO - [2026-06-12T11:30:36.479+0000] {dag.py:3823} INFO - Setting next_dagrun for example_sla_dag to 2026-06-12 11:28:00+00:00, run_after=2026-06-12 11:30:00+00:00
[2026-06-12T11:30:36.510+0000] {processor.py:183} INFO - Processing /home/airflow/.local/lib/python3.8/site-packages/airflow/example_dags/example_sla_dag.py took 0.149 seconds
[2026-06-12T11:31:06.793+0000] {processor.py:161} INFO - Started process (PID=3767) to work on /home/airflow/.local/lib/python3.8/site-packages/airflow/example_dags/example_sla_dag.py
[2026-06-12T11:31:06.795+0000] {processor.py:830} INFO - Processing file /home/airflow/.local/lib/python3.8/site-packages/airflow/example_dags/example_sla_dag.py for tasks to queue
[2026-06-12T11:31:06.799+0000] {logging_mixin.py:188} INFO - [2026-06-12T11:31:06.798+0000] {dagbag.py:538} INFO - Filling up the DagBag from /home/airflow/.local/lib/python3.8/site-packages/airflow/example_dags/example_sla_dag.py
[2026-06-12T11:31:06.825+0000] {processor.py:840} INFO - DAG(s) 'example_sla_dag' retrieved from /home/airflow/.local/lib/python3.8/site-packages/airflow/example_dags/example_sla_dag.py
[2026-06-12T11:31:06.874+0000] {logging_mixin.py:188} INFO - [2026-06-12T11:31:06.874+0000] {dag.py:3036} INFO - Sync 1 DAGs
[2026-06-12T11:31:06.955+0000] {logging_mixin.py:188} INFO - [2026-06-12T11:31:06.954+0000] {dag.py:3823} INFO - Setting next_dagrun for example_sla_dag to 2026-06-12 11:28:00+00:00, run_after=2026-06-12 11:30:00+00:00
[2026-06-12T11:31:07.002+0000] {processor.py:183} INFO - Processing /home/airflow/.local/lib/python3.8/site-packages/airflow/example_dags/example_sla_dag.py took 0.225 seconds
[2026-06-12T11:31:37.079+0000] {processor.py:161} INFO - Started process (PID=3834) to work on /home/airflow/.local/lib/python3.8/site-packages/airflow/example_dags/example_sla_dag.py
[2026-06-12T11:31:37.080+0000] {processor.py:830} INFO - Processing file /home/airflow/.local/lib/python3.8/site-packages/airflow/example_dags/example_sla_dag.py for tasks to queue
[2026-06-12T11:31:37.083+0000] {logging_mixin.py:188} INFO - [2026-06-12T11:31:37.083+0000] {dagbag.py:538} INFO - Filling up the DagBag from /home/airflow/.local/lib/python3.8/site-packages/airflow/example_dags/example_sla_dag.py
[2026-06-12T11:31:37.097+0000] {processor.py:840} INFO - DAG(s) 'example_sla_dag' retrieved from /home/airflow/.local/lib/python3.8/site-packages/airflow/example_dags/example_sla_dag.py
[2026-06-12T11:31:37.132+0000] {logging_mixin.py:188} INFO - [2026-06-12T11:31:37.131+0000] {dag.py:3036} INFO - Sync 1 DAGs
[2026-06-12T11:31:37.177+0000] {logging_mixin.py:188} INFO - [2026-06-12T11:31:37.177+0000] {dag.py:3823} INFO - Setting next_dagrun for example_sla_dag to 2026-06-12 11:28:00+00:00, run_after=2026-06-12 11:30:00+00:00
[2026-06-12T11:31:37.209+0000] {processor.py:183} INFO - Processing /home/airflow/.local/lib/python3.8/site-packages/airflow/example_dags/example_sla_dag.py took 0.136 seconds
[2026-06-12T11:32:07.532+0000] {processor.py:161} INFO - Started process (PID=3909) to work on /home/airflow/.local/lib/python3.8/site-packages/airflow/example_dags/example_sla_dag.py
[2026-06-12T11:32:07.534+0000] {processor.py:830} INFO - Processing file /home/airflow/.local/lib/python3.8/site-packages/airflow/example_dags/example_sla_dag.py for tasks to queue
[2026-06-12T11:32:07.537+0000] {logging_mixin.py:188} INFO - [2026-06-12T11:32:07.536+0000] {dagbag.py:538} INFO - Filling up the DagBag from /home/airflow/.local/lib/python3.8/site-packages/airflow/example_dags/example_sla_dag.py
[2026-06-12T11:32:07.551+0000] {processor.py:840} INFO - DAG(s) 'example_sla_dag' retrieved from /home/airflow/.local/lib/python3.8/site-packages/airflow/example_dags/example_sla_dag.py
[2026-06-12T11:32:07.586+0000] {logging_mixin.py:188} INFO - [2026-06-12T11:32:07.586+0000] {dag.py:3036} INFO - Sync 1 DAGs
[2026-06-12T11:32:07.628+0000] {logging_mixin.py:188} INFO - [2026-06-12T11:32:07.628+0000] {dag.py:3823} INFO - Setting next_dagrun for example_sla_dag to 2026-06-12 11:30:00+00:00, run_after=2026-06-12 11:32:00+00:00
[2026-06-12T11:32:07.655+0000] {processor.py:183} INFO - Processing /home/airflow/.local/lib/python3.8/site-packages/airflow/example_dags/example_sla_dag.py took 0.128 seconds
[2026-06-12T11:32:37.992+0000] {processor.py:161} INFO - Started process (PID=3974) to work on /home/airflow/.local/lib/python3.8/site-packages/airflow/example_dags/example_sla_dag.py
[2026-06-12T11:32:37.993+0000] {processor.py:830} INFO - Processing file /home/airflow/.local/lib/python3.8/site-packages/airflow/example_dags/example_sla_dag.py for tasks to queue
[2026-06-12T11:32:37.996+0000] {logging_mixin.py:188} INFO - [2026-06-12T11:32:37.996+0000] {dagbag.py:538} INFO - Filling up the DagBag from /home/airflow/.local/lib/python3.8/site-packages/airflow/example_dags/example_sla_dag.py
[2026-06-12T11:32:38.012+0000] {processor.py:840} INFO - DAG(s) 'example_sla_dag' retrieved from /home/airflow/.local/lib/python3.8/site-packages/airflow/example_dags/example_sla_dag.py
[2026-06-12T11:32:38.052+0000] {logging_mixin.py:188} INFO - [2026-06-12T11:32:38.052+0000] {dag.py:3036} INFO - Sync 1 DAGs
[2026-06-12T11:32:38.111+0000] {logging_mixin.py:188} INFO - [2026-06-12T11:32:38.110+0000] {dag.py:3823} INFO - Setting next_dagrun for example_sla_dag to 2026-06-12 11:30:00+00:00, run_after=2026-06-12 11:32:00+00:00
[2026-06-12T11:32:38.145+0000] {processor.py:183} INFO - Processing /home/airflow/.local/lib/python3.8/site-packages/airflow/example_dags/example_sla_dag.py took 0.159 seconds
[2026-06-12T11:33:08.700+0000] {processor.py:161} INFO - Started process (PID=4039) to work on /home/airflow/.local/lib/python3.8/site-packages/airflow/example_dags/example_sla_dag.py
[2026-06-12T11:33:08.702+0000] {processor.py:830} INFO - Processing file /home/airflow/.local/lib/python3.8/site-packages/airflow/example_dags/example_sla_dag.py for tasks to queue
[2026-06-12T11:33:08.704+0000] {logging_mixin.py:188} INFO - [2026-06-12T11:33:08.704+0000] {dagbag.py:538} INFO - Filling up the DagBag from /home/airflow/.local/lib/python3.8/site-packages/airflow/example_dags/example_sla_dag.py
[2026-06-12T11:33:08.718+0000] {processor.py:840} INFO - DAG(s) 'example_sla_dag' retrieved from /home/airflow/.local/lib/python3.8/site-packages/airflow/example_dags/example_sla_dag.py
[2026-06-12T11:33:08.753+0000] {logging_mixin.py:188} INFO - [2026-06-12T11:33:08.753+0000] {dag.py:3036} INFO - Sync 1 DAGs
[2026-06-12T11:33:08.793+0000] {logging_mixin.py:188} INFO - [2026-06-12T11:33:08.793+0000] {dag.py:3823} INFO - Setting next_dagrun for example_sla_dag to 2026-06-12 11:30:00+00:00, run_after=2026-06-12 11:32:00+00:00
[2026-06-12T11:33:08.819+0000] {processor.py:183} INFO - Processing /home/airflow/.local/lib/python3.8/site-packages/airflow/example_dags/example_sla_dag.py took 0.124 seconds
[2026-06-12T11:33:39.334+0000] {processor.py:161} INFO - Started process (PID=4105) to work on /home/airflow/.local/lib/python3.8/site-packages/airflow/example_dags/example_sla_dag.py
[2026-06-12T11:33:39.336+0000] {processor.py:830} INFO - Processing file /home/airflow/.local/lib/python3.8/site-packages/airflow/example_dags/example_sla_dag.py for tasks to queue
[2026-06-12T11:33:39.339+0000] {logging_mixin.py:188} INFO - [2026-06-12T11:33:39.338+0000] {dagbag.py:538} INFO - Filling up the DagBag from /home/airflow/.local/lib/python3.8/site-packages/airflow/example_dags/example_sla_dag.py
[2026-06-12T11:33:39.356+0000] {processor.py:840} INFO - DAG(s) 'example_sla_dag' retrieved from /home/airflow/.local/lib/python3.8/site-packages/airflow/example_dags/example_sla_dag.py
[2026-06-12T11:33:39.398+0000] {logging_mixin.py:188} INFO - [2026-06-12T11:33:39.398+0000] {dag.py:3036} INFO - Sync 1 DAGs
[2026-06-12T11:33:39.450+0000] {logging_mixin.py:188} INFO - [2026-06-12T11:33:39.450+0000] {dag.py:3823} INFO - Setting next_dagrun for example_sla_dag to 2026-06-12 11:30:00+00:00, run_after=2026-06-12 11:32:00+00:00
[2026-06-12T11:33:39.481+0000] {processor.py:183} INFO - Processing /home/airflow/.local/lib/python3.8/site-packages/airflow/example_dags/example_sla_dag.py took 0.153 seconds
[2026-06-12T11:34:10.142+0000] {processor.py:161} INFO - Started process (PID=4171) to work on /home/airflow/.local/lib/python3.8/site-packages/airflow/example_dags/example_sla_dag.py
[2026-06-12T11:34:10.144+0000] {processor.py:830} INFO - Processing file /home/airflow/.local/lib/python3.8/site-packages/airflow/example_dags/example_sla_dag.py for tasks to queue
[2026-06-12T11:34:10.146+0000] {logging_mixin.py:188} INFO - [2026-06-12T11:34:10.146+0000] {dagbag.py:538} INFO - Filling up the DagBag from /home/airflow/.local/lib/python3.8/site-packages/airflow/example_dags/example_sla_dag.py
[2026-06-12T11:34:10.162+0000] {processor.py:840} INFO - DAG(s) 'example_sla_dag' retrieved from /home/airflow/.local/lib/python3.8/site-packages/airflow/example_dags/example_sla_dag.py
[2026-06-12T11:34:10.197+0000] {logging_mixin.py:188} INFO - [2026-06-12T11:34:10.197+0000] {dag.py:3036} INFO - Sync 1 DAGs
[2026-06-12T11:34:10.246+0000] {logging_mixin.py:188} INFO - [2026-06-12T11:34:10.245+0000] {dag.py:3823} INFO - Setting next_dagrun for example_sla_dag to 2026-06-12 11:32:00+00:00, run_after=2026-06-12 11:34:00+00:00
[2026-06-12T11:34:10.276+0000] {processor.py:183} INFO - Processing /home/airflow/.local/lib/python3.8/site-packages/airflow/example_dags/example_sla_dag.py took 0.139 seconds
[2026-06-12T11:34:40.995+0000] {processor.py:161} INFO - Started process (PID=4237) to work on /home/airflow/.local/lib/python3.8/site-packages/airflow/example_dags/example_sla_dag.py
[2026-06-12T11:34:40.997+0000] {processor.py:830} INFO - Processing file /home/airflow/.local/lib/python3.8/site-packages/airflow/example_dags/example_sla_dag.py for tasks to queue
[2026-06-12T11:34:40.999+0000] {logging_mixin.py:188} INFO - [2026-06-12T11:34:40.999+0000] {dagbag.py:538} INFO - Filling up the DagBag from /home/airflow/.local/lib/python3.8/site-packages/airflow/example_dags/example_sla_dag.py
[2026-06-12T11:34:41.015+0000] {processor.py:840} INFO - DAG(s) 'example_sla_dag' retrieved from /home/airflow/.local/lib/python3.8/site-packages/airflow/example_dags/example_sla_dag.py
[2026-06-12T11:34:41.051+0000] {logging_mixin.py:188} INFO - [2026-06-12T11:34:41.050+0000] {dag.py:3036} INFO - Sync 1 DAGs
[2026-06-12T11:34:41.097+0000] {logging_mixin.py:188} INFO - [2026-06-12T11:34:41.096+0000] {dag.py:3823} INFO - Setting next_dagrun for example_sla_dag to 2026-06-12 11:32:00+00:00, run_after=2026-06-12 11:34:00+00:00
[2026-06-12T11:34:41.126+0000] {processor.py:183} INFO - Processing /home/airflow/.local/lib/python3.8/site-packages/airflow/example_dags/example_sla_dag.py took 0.136 seconds
[2026-06-12T11:35:11.220+0000] {processor.py:161} INFO - Started process (PID=4303) to work on /home/airflow/.local/lib/python3.8/site-packages/airflow/example_dags/example_sla_dag.py
[2026-06-12T11:35:11.222+0000] {processor.py:830} INFO - Processing file /home/airflow/.local/lib/python3.8/site-packages/airflow/example_dags/example_sla_dag.py for tasks to queue
[2026-06-12T11:35:11.225+0000] {logging_mixin.py:188} INFO - [2026-06-12T11:35:11.224+0000] {dagbag.py:538} INFO - Filling up the DagBag from /home/airflow/.local/lib/python3.8/site-packages/airflow/example_dags/example_sla_dag.py
[2026-06-12T11:35:11.239+0000] {processor.py:840} INFO - DAG(s) 'example_sla_dag' retrieved from /home/airflow/.local/lib/python3.8/site-packages/airflow/example_dags/example_sla_dag.py
[2026-06-12T11:35:11.274+0000] {logging_mixin.py:188} INFO - [2026-06-12T11:35:11.274+0000] {dag.py:3036} INFO - Sync 1 DAGs
[2026-06-12T11:35:11.315+0000] {logging_mixin.py:188} INFO - [2026-06-12T11:35:11.315+0000] {dag.py:3823} INFO - Setting next_dagrun for example_sla_dag to 2026-06-12 11:32:00+00:00, run_after=2026-06-12 11:34:00+00:00
[2026-06-12T11:35:11.344+0000] {processor.py:183} INFO - Processing /home/airflow/.local/lib/python3.8/site-packages/airflow/example_dags/example_sla_dag.py took 0.130 seconds
[2026-06-12T11:35:41.660+0000] {processor.py:161} INFO - Started process (PID=4375) to work on /home/airflow/.local/lib/python3.8/site-packages/airflow/example_dags/example_sla_dag.py
[2026-06-12T11:35:41.661+0000] {processor.py:830} INFO - Processing file /home/airflow/.local/lib/python3.8/site-packages/airflow/example_dags/example_sla_dag.py for tasks to queue
[2026-06-12T11:35:41.664+0000] {logging_mixin.py:188} INFO - [2026-06-12T11:35:41.663+0000] {dagbag.py:538} INFO - Filling up the DagBag from /home/airflow/.local/lib/python3.8/site-packages/airflow/example_dags/example_sla_dag.py
[2026-06-12T11:35:41.680+0000] {processor.py:840} INFO - DAG(s) 'example_sla_dag' retrieved from /home/airflow/.local/lib/python3.8/site-packages/airflow/example_dags/example_sla_dag.py
[2026-06-12T11:35:41.715+0000] {logging_mixin.py:188} INFO - [2026-06-12T11:35:41.715+0000] {dag.py:3036} INFO - Sync 1 DAGs
[2026-06-12T11:35:41.763+0000] {logging_mixin.py:188} INFO - [2026-06-12T11:35:41.763+0000] {dag.py:3823} INFO - Setting next_dagrun for example_sla_dag to 2026-06-12 11:32:00+00:00, run_after=2026-06-12 11:34:00+00:00
[2026-06-12T11:35:41.793+0000] {processor.py:183} INFO - Processing /home/airflow/.local/lib/python3.8/site-packages/airflow/example_dags/example_sla_dag.py took 0.139 seconds
[2026-06-12T11:36:12.166+0000] {processor.py:161} INFO - Started process (PID=4440) to work on /home/airflow/.local/lib/python3.8/site-packages/airflow/example_dags/example_sla_dag.py
[2026-06-12T11:36:12.168+0000] {processor.py:830} INFO - Processing file /home/airflow/.local/lib/python3.8/site-packages/airflow/example_dags/example_sla_dag.py for tasks to queue
[2026-06-12T11:36:12.171+0000] {logging_mixin.py:188} INFO - [2026-06-12T11:36:12.170+0000] {dagbag.py:538} INFO - Filling up the DagBag from /home/airflow/.local/lib/python3.8/site-packages/airflow/example_dags/example_sla_dag.py
[2026-06-12T11:36:12.187+0000] {processor.py:840} INFO - DAG(s) 'example_sla_dag' retrieved from /home/airflow/.local/lib/python3.8/site-packages/airflow/example_dags/example_sla_dag.py
[2026-06-12T11:36:12.227+0000] {logging_mixin.py:188} INFO - [2026-06-12T11:36:12.226+0000] {dag.py:3036} INFO - Sync 1 DAGs
[2026-06-12T11:36:12.279+0000] {logging_mixin.py:188} INFO - [2026-06-12T11:36:12.279+0000] {dag.py:3823} INFO - Setting next_dagrun for example_sla_dag to 2026-06-12 11:34:00+00:00, run_after=2026-06-12 11:36:00+00:00
[2026-06-12T11:36:12.310+0000] {processor.py:183} INFO - Processing /home/airflow/.local/lib/python3.8/site-packages/airflow/example_dags/example_sla_dag.py took 0.150 seconds
[2026-06-12T11:36:42.894+0000] {processor.py:161} INFO - Started process (PID=4506) to work on /home/airflow/.local/lib/python3.8/site-packages/airflow/example_dags/example_sla_dag.py
[2026-06-12T11:36:42.896+0000] {processor.py:830} INFO - Processing file /home/airflow/.local/lib/python3.8/site-packages/airflow/example_dags/example_sla_dag.py for tasks to queue
[2026-06-12T11:36:42.899+0000] {logging_mixin.py:188} INFO - [2026-06-12T11:36:42.898+0000] {dagbag.py:538} INFO - Filling up the DagBag from /home/airflow/.local/lib/python3.8/site-packages/airflow/example_dags/example_sla_dag.py
[2026-06-12T11:36:42.916+0000] {processor.py:840} INFO - DAG(s) 'example_sla_dag' retrieved from /home/airflow/.local/lib/python3.8/site-packages/airflow/example_dags/example_sla_dag.py
[2026-06-12T11:36:42.957+0000] {logging_mixin.py:188} INFO - [2026-06-12T11:36:42.957+0000] {dag.py:3036} INFO - Sync 1 DAGs
[2026-06-12T11:36:43.009+0000] {logging_mixin.py:188} INFO - [2026-06-12T11:36:43.009+0000] {dag.py:3823} INFO - Setting next_dagrun for example_sla_dag to 2026-06-12 11:34:00+00:00, run_after=2026-06-12 11:36:00+00:00
[2026-06-12T11:36:43.040+0000] {processor.py:183} INFO - Processing /home/airflow/.local/lib/python3.8/site-packages/airflow/example_dags/example_sla_dag.py took 0.152 seconds
