[2026-06-12T11:03:04.379+0000] {processor.py:161} INFO - Started process (PID=97) to work on /home/airflow/.local/lib/python3.8/site-packages/airflow/example_dags/example_sensor_decorator.py
[2026-06-12T11:03:04.380+0000] {processor.py:830} INFO - Processing file /home/airflow/.local/lib/python3.8/site-packages/airflow/example_dags/example_sensor_decorator.py for tasks to queue
[2026-06-12T11:03:04.384+0000] {logging_mixin.py:188} INFO - [2026-06-12T11:03:04.383+0000] {dagbag.py:538} INFO - Filling up the DagBag from /home/airflow/.local/lib/python3.8/site-packages/airflow/example_dags/example_sensor_decorator.py
[2026-06-12T11:03:04.394+0000] {processor.py:840} INFO - DAG(s) 'example_sensor_decorator' retrieved from /home/airflow/.local/lib/python3.8/site-packages/airflow/example_dags/example_sensor_decorator.py
[2026-06-12T11:03:04.422+0000] {logging_mixin.py:188} INFO - [2026-06-12T11:03:04.422+0000] {dag.py:3036} INFO - Sync 1 DAGs
[2026-06-12T11:03:04.446+0000] {logging_mixin.py:188} INFO - [2026-06-12T11:03:04.446+0000] {dag.py:3823} INFO - Setting next_dagrun for example_sensor_decorator to None, run_after=None
[2026-06-12T11:03:04.481+0000] {processor.py:183} INFO - Processing /home/airflow/.local/lib/python3.8/site-packages/airflow/example_dags/example_sensor_decorator.py took 0.107 seconds
[2026-06-12T11:03:36.634+0000] {processor.py:161} INFO - Started process (PID=163) to work on /home/airflow/.local/lib/python3.8/site-packages/airflow/example_dags/example_sensor_decorator.py
[2026-06-12T11:03:36.636+0000] {processor.py:830} INFO - Processing file /home/airflow/.local/lib/python3.8/site-packages/airflow/example_dags/example_sensor_decorator.py for tasks to queue
[2026-06-12T11:03:36.638+0000] {logging_mixin.py:188} INFO - [2026-06-12T11:03:36.638+0000] {dagbag.py:538} INFO - Filling up the DagBag from /home/airflow/.local/lib/python3.8/site-packages/airflow/example_dags/example_sensor_decorator.py
[2026-06-12T11:03:36.647+0000] {processor.py:840} INFO - DAG(s) 'example_sensor_decorator' retrieved from /home/airflow/.local/lib/python3.8/site-packages/airflow/example_dags/example_sensor_decorator.py
[2026-06-12T11:03:36.819+0000] {logging_mixin.py:188} INFO - [2026-06-12T11:03:36.819+0000] {dag.py:3036} INFO - Sync 1 DAGs
[2026-06-12T11:03:36.840+0000] {logging_mixin.py:188} INFO - [2026-06-12T11:03:36.840+0000] {dag.py:3823} INFO - Setting next_dagrun for example_sensor_decorator to None, run_after=None
[2026-06-12T11:03:36.872+0000] {processor.py:183} INFO - Processing /home/airflow/.local/lib/python3.8/site-packages/airflow/example_dags/example_sensor_decorator.py took 0.243 seconds
[2026-06-12T11:04:07.336+0000] {processor.py:161} INFO - Started process (PID=229) to work on /home/airflow/.local/lib/python3.8/site-packages/airflow/example_dags/example_sensor_decorator.py
[2026-06-12T11:04:07.338+0000] {processor.py:830} INFO - Processing file /home/airflow/.local/lib/python3.8/site-packages/airflow/example_dags/example_sensor_decorator.py for tasks to queue
[2026-06-12T11:04:07.340+0000] {logging_mixin.py:188} INFO - [2026-06-12T11:04:07.340+0000] {dagbag.py:538} INFO - Filling up the DagBag from /home/airflow/.local/lib/python3.8/site-packages/airflow/example_dags/example_sensor_decorator.py
[2026-06-12T11:04:07.350+0000] {processor.py:840} INFO - DAG(s) 'example_sensor_decorator' retrieved from /home/airflow/.local/lib/python3.8/site-packages/airflow/example_dags/example_sensor_decorator.py
[2026-06-12T11:04:07.388+0000] {logging_mixin.py:188} INFO - [2026-06-12T11:04:07.388+0000] {dag.py:3036} INFO - Sync 1 DAGs
[2026-06-12T11:04:07.412+0000] {logging_mixin.py:188} INFO - [2026-06-12T11:04:07.411+0000] {dag.py:3823} INFO - Setting next_dagrun for example_sensor_decorator to None, run_after=None
[2026-06-12T11:04:07.444+0000] {processor.py:183} INFO - Processing /home/airflow/.local/lib/python3.8/site-packages/airflow/example_dags/example_sensor_decorator.py took 0.114 seconds
[2026-06-12T11:04:38.170+0000] {processor.py:161} INFO - Started process (PID=296) to work on /home/airflow/.local/lib/python3.8/site-packages/airflow/example_dags/example_sensor_decorator.py
[2026-06-12T11:04:38.172+0000] {processor.py:830} INFO - Processing file /home/airflow/.local/lib/python3.8/site-packages/airflow/example_dags/example_sensor_decorator.py for tasks to queue
[2026-06-12T11:04:38.174+0000] {logging_mixin.py:188} INFO - [2026-06-12T11:04:38.174+0000] {dagbag.py:538} INFO - Filling up the DagBag from /home/airflow/.local/lib/python3.8/site-packages/airflow/example_dags/example_sensor_decorator.py
[2026-06-12T11:04:38.185+0000] {processor.py:840} INFO - DAG(s) 'example_sensor_decorator' retrieved from /home/airflow/.local/lib/python3.8/site-packages/airflow/example_dags/example_sensor_decorator.py
[2026-06-12T11:04:38.224+0000] {logging_mixin.py:188} INFO - [2026-06-12T11:04:38.224+0000] {dag.py:3036} INFO - Sync 1 DAGs
[2026-06-12T11:04:38.246+0000] {logging_mixin.py:188} INFO - [2026-06-12T11:04:38.245+0000] {dag.py:3823} INFO - Setting next_dagrun for example_sensor_decorator to None, run_after=None
[2026-06-12T11:04:38.275+0000] {processor.py:183} INFO - Processing /home/airflow/.local/lib/python3.8/site-packages/airflow/example_dags/example_sensor_decorator.py took 0.110 seconds
[2026-06-12T11:05:08.780+0000] {processor.py:161} INFO - Started process (PID=362) to work on /home/airflow/.local/lib/python3.8/site-packages/airflow/example_dags/example_sensor_decorator.py
[2026-06-12T11:05:08.782+0000] {processor.py:830} INFO - Processing file /home/airflow/.local/lib/python3.8/site-packages/airflow/example_dags/example_sensor_decorator.py for tasks to queue
[2026-06-12T11:05:08.785+0000] {logging_mixin.py:188} INFO - [2026-06-12T11:05:08.785+0000] {dagbag.py:538} INFO - Filling up the DagBag from /home/airflow/.local/lib/python3.8/site-packages/airflow/example_dags/example_sensor_decorator.py
[2026-06-12T11:05:08.795+0000] {processor.py:840} INFO - DAG(s) 'example_sensor_decorator' retrieved from /home/airflow/.local/lib/python3.8/site-packages/airflow/example_dags/example_sensor_decorator.py
[2026-06-12T11:05:08.832+0000] {logging_mixin.py:188} INFO - [2026-06-12T11:05:08.831+0000] {dag.py:3036} INFO - Sync 1 DAGs
[2026-06-12T11:05:08.855+0000] {logging_mixin.py:188} INFO - [2026-06-12T11:05:08.855+0000] {dag.py:3823} INFO - Setting next_dagrun for example_sensor_decorator to None, run_after=None
[2026-06-12T11:05:08.889+0000] {processor.py:183} INFO - Processing /home/airflow/.local/lib/python3.8/site-packages/airflow/example_dags/example_sensor_decorator.py took 0.114 seconds
[2026-06-12T11:05:39.531+0000] {processor.py:161} INFO - Started process (PID=436) to work on /home/airflow/.local/lib/python3.8/site-packages/airflow/example_dags/example_sensor_decorator.py
[2026-06-12T11:05:39.533+0000] {processor.py:830} INFO - Processing file /home/airflow/.local/lib/python3.8/site-packages/airflow/example_dags/example_sensor_decorator.py for tasks to queue
[2026-06-12T11:05:39.535+0000] {logging_mixin.py:188} INFO - [2026-06-12T11:05:39.535+0000] {dagbag.py:538} INFO - Filling up the DagBag from /home/airflow/.local/lib/python3.8/site-packages/airflow/example_dags/example_sensor_decorator.py
[2026-06-12T11:05:39.546+0000] {processor.py:840} INFO - DAG(s) 'example_sensor_decorator' retrieved from /home/airflow/.local/lib/python3.8/site-packages/airflow/example_dags/example_sensor_decorator.py
[2026-06-12T11:05:39.586+0000] {logging_mixin.py:188} INFO - [2026-06-12T11:05:39.586+0000] {dag.py:3036} INFO - Sync 1 DAGs
[2026-06-12T11:05:39.611+0000] {logging_mixin.py:188} INFO - [2026-06-12T11:05:39.610+0000] {dag.py:3823} INFO - Setting next_dagrun for example_sensor_decorator to None, run_after=None
[2026-06-12T11:05:39.643+0000] {processor.py:183} INFO - Processing /home/airflow/.local/lib/python3.8/site-packages/airflow/example_dags/example_sensor_decorator.py took 0.118 seconds
[2026-06-12T11:06:09.890+0000] {processor.py:161} INFO - Started process (PID=502) to work on /home/airflow/.local/lib/python3.8/site-packages/airflow/example_dags/example_sensor_decorator.py
[2026-06-12T11:06:09.892+0000] {processor.py:830} INFO - Processing file /home/airflow/.local/lib/python3.8/site-packages/airflow/example_dags/example_sensor_decorator.py for tasks to queue
[2026-06-12T11:06:09.895+0000] {logging_mixin.py:188} INFO - [2026-06-12T11:06:09.894+0000] {dagbag.py:538} INFO - Filling up the DagBag from /home/airflow/.local/lib/python3.8/site-packages/airflow/example_dags/example_sensor_decorator.py
[2026-06-12T11:06:09.904+0000] {processor.py:840} INFO - DAG(s) 'example_sensor_decorator' retrieved from /home/airflow/.local/lib/python3.8/site-packages/airflow/example_dags/example_sensor_decorator.py
[2026-06-12T11:06:09.940+0000] {logging_mixin.py:188} INFO - [2026-06-12T11:06:09.940+0000] {dag.py:3036} INFO - Sync 1 DAGs
[2026-06-12T11:06:09.963+0000] {logging_mixin.py:188} INFO - [2026-06-12T11:06:09.962+0000] {dag.py:3823} INFO - Setting next_dagrun for example_sensor_decorator to None, run_after=None
[2026-06-12T11:06:09.997+0000] {processor.py:183} INFO - Processing /home/airflow/.local/lib/python3.8/site-packages/airflow/example_dags/example_sensor_decorator.py took 0.113 seconds
[2026-06-12T11:06:40.361+0000] {processor.py:161} INFO - Started process (PID=566) to work on /home/airflow/.local/lib/python3.8/site-packages/airflow/example_dags/example_sensor_decorator.py
[2026-06-12T11:06:40.362+0000] {processor.py:830} INFO - Processing file /home/airflow/.local/lib/python3.8/site-packages/airflow/example_dags/example_sensor_decorator.py for tasks to queue
[2026-06-12T11:06:40.364+0000] {logging_mixin.py:188} INFO - [2026-06-12T11:06:40.364+0000] {dagbag.py:538} INFO - Filling up the DagBag from /home/airflow/.local/lib/python3.8/site-packages/airflow/example_dags/example_sensor_decorator.py
[2026-06-12T11:06:40.373+0000] {processor.py:840} INFO - DAG(s) 'example_sensor_decorator' retrieved from /home/airflow/.local/lib/python3.8/site-packages/airflow/example_dags/example_sensor_decorator.py
[2026-06-12T11:06:40.409+0000] {logging_mixin.py:188} INFO - [2026-06-12T11:06:40.408+0000] {dag.py:3036} INFO - Sync 1 DAGs
[2026-06-12T11:06:40.430+0000] {logging_mixin.py:188} INFO - [2026-06-12T11:06:40.430+0000] {dag.py:3823} INFO - Setting next_dagrun for example_sensor_decorator to None, run_after=None
[2026-06-12T11:06:40.461+0000] {processor.py:183} INFO - Processing /home/airflow/.local/lib/python3.8/site-packages/airflow/example_dags/example_sensor_decorator.py took 0.105 seconds
[2026-06-12T11:07:10.752+0000] {processor.py:161} INFO - Started process (PID=631) to work on /home/airflow/.local/lib/python3.8/site-packages/airflow/example_dags/example_sensor_decorator.py
[2026-06-12T11:07:10.754+0000] {processor.py:830} INFO - Processing file /home/airflow/.local/lib/python3.8/site-packages/airflow/example_dags/example_sensor_decorator.py for tasks to queue
[2026-06-12T11:07:10.757+0000] {logging_mixin.py:188} INFO - [2026-06-12T11:07:10.756+0000] {dagbag.py:538} INFO - Filling up the DagBag from /home/airflow/.local/lib/python3.8/site-packages/airflow/example_dags/example_sensor_decorator.py
[2026-06-12T11:07:10.765+0000] {processor.py:840} INFO - DAG(s) 'example_sensor_decorator' retrieved from /home/airflow/.local/lib/python3.8/site-packages/airflow/example_dags/example_sensor_decorator.py
[2026-06-12T11:07:10.801+0000] {logging_mixin.py:188} INFO - [2026-06-12T11:07:10.801+0000] {dag.py:3036} INFO - Sync 1 DAGs
[2026-06-12T11:07:10.823+0000] {logging_mixin.py:188} INFO - [2026-06-12T11:07:10.822+0000] {dag.py:3823} INFO - Setting next_dagrun for example_sensor_decorator to None, run_after=None
[2026-06-12T11:07:10.853+0000] {processor.py:183} INFO - Processing /home/airflow/.local/lib/python3.8/site-packages/airflow/example_dags/example_sensor_decorator.py took 0.106 seconds
[2026-06-12T11:07:40.947+0000] {processor.py:161} INFO - Started process (PID=697) to work on /home/airflow/.local/lib/python3.8/site-packages/airflow/example_dags/example_sensor_decorator.py
[2026-06-12T11:07:40.948+0000] {processor.py:830} INFO - Processing file /home/airflow/.local/lib/python3.8/site-packages/airflow/example_dags/example_sensor_decorator.py for tasks to queue
[2026-06-12T11:07:40.951+0000] {logging_mixin.py:188} INFO - [2026-06-12T11:07:40.951+0000] {dagbag.py:538} INFO - Filling up the DagBag from /home/airflow/.local/lib/python3.8/site-packages/airflow/example_dags/example_sensor_decorator.py
[2026-06-12T11:07:40.960+0000] {processor.py:840} INFO - DAG(s) 'example_sensor_decorator' retrieved from /home/airflow/.local/lib/python3.8/site-packages/airflow/example_dags/example_sensor_decorator.py
[2026-06-12T11:07:40.993+0000] {logging_mixin.py:188} INFO - [2026-06-12T11:07:40.992+0000] {dag.py:3036} INFO - Sync 1 DAGs
[2026-06-12T11:07:41.012+0000] {logging_mixin.py:188} INFO - [2026-06-12T11:07:41.012+0000] {dag.py:3823} INFO - Setting next_dagrun for example_sensor_decorator to None, run_after=None
[2026-06-12T11:07:41.040+0000] {processor.py:183} INFO - Processing /home/airflow/.local/lib/python3.8/site-packages/airflow/example_dags/example_sensor_decorator.py took 0.097 seconds
[2026-06-12T11:08:11.441+0000] {processor.py:161} INFO - Started process (PID=763) to work on /home/airflow/.local/lib/python3.8/site-packages/airflow/example_dags/example_sensor_decorator.py
[2026-06-12T11:08:11.443+0000] {processor.py:830} INFO - Processing file /home/airflow/.local/lib/python3.8/site-packages/airflow/example_dags/example_sensor_decorator.py for tasks to queue
[2026-06-12T11:08:11.445+0000] {logging_mixin.py:188} INFO - [2026-06-12T11:08:11.445+0000] {dagbag.py:538} INFO - Filling up the DagBag from /home/airflow/.local/lib/python3.8/site-packages/airflow/example_dags/example_sensor_decorator.py
[2026-06-12T11:08:11.454+0000] {processor.py:840} INFO - DAG(s) 'example_sensor_decorator' retrieved from /home/airflow/.local/lib/python3.8/site-packages/airflow/example_dags/example_sensor_decorator.py
[2026-06-12T11:08:11.489+0000] {logging_mixin.py:188} INFO - [2026-06-12T11:08:11.488+0000] {dag.py:3036} INFO - Sync 1 DAGs
[2026-06-12T11:08:11.509+0000] {logging_mixin.py:188} INFO - [2026-06-12T11:08:11.509+0000] {dag.py:3823} INFO - Setting next_dagrun for example_sensor_decorator to None, run_after=None
[2026-06-12T11:08:11.540+0000] {processor.py:183} INFO - Processing /home/airflow/.local/lib/python3.8/site-packages/airflow/example_dags/example_sensor_decorator.py took 0.104 seconds
[2026-06-12T11:08:41.839+0000] {processor.py:161} INFO - Started process (PID=830) to work on /home/airflow/.local/lib/python3.8/site-packages/airflow/example_dags/example_sensor_decorator.py
[2026-06-12T11:08:41.840+0000] {processor.py:830} INFO - Processing file /home/airflow/.local/lib/python3.8/site-packages/airflow/example_dags/example_sensor_decorator.py for tasks to queue
[2026-06-12T11:08:41.843+0000] {logging_mixin.py:188} INFO - [2026-06-12T11:08:41.842+0000] {dagbag.py:538} INFO - Filling up the DagBag from /home/airflow/.local/lib/python3.8/site-packages/airflow/example_dags/example_sensor_decorator.py
[2026-06-12T11:08:41.853+0000] {processor.py:840} INFO - DAG(s) 'example_sensor_decorator' retrieved from /home/airflow/.local/lib/python3.8/site-packages/airflow/example_dags/example_sensor_decorator.py
[2026-06-12T11:08:41.894+0000] {logging_mixin.py:188} INFO - [2026-06-12T11:08:41.894+0000] {dag.py:3036} INFO - Sync 1 DAGs
[2026-06-12T11:08:41.920+0000] {logging_mixin.py:188} INFO - [2026-06-12T11:08:41.919+0000] {dag.py:3823} INFO - Setting next_dagrun for example_sensor_decorator to None, run_after=None
[2026-06-12T11:08:41.954+0000] {processor.py:183} INFO - Processing /home/airflow/.local/lib/python3.8/site-packages/airflow/example_dags/example_sensor_decorator.py took 0.121 seconds
[2026-06-12T11:09:12.375+0000] {processor.py:161} INFO - Started process (PID=895) to work on /home/airflow/.local/lib/python3.8/site-packages/airflow/example_dags/example_sensor_decorator.py
[2026-06-12T11:09:12.377+0000] {processor.py:830} INFO - Processing file /home/airflow/.local/lib/python3.8/site-packages/airflow/example_dags/example_sensor_decorator.py for tasks to queue
[2026-06-12T11:09:12.379+0000] {logging_mixin.py:188} INFO - [2026-06-12T11:09:12.379+0000] {dagbag.py:538} INFO - Filling up the DagBag from /home/airflow/.local/lib/python3.8/site-packages/airflow/example_dags/example_sensor_decorator.py
[2026-06-12T11:09:12.388+0000] {processor.py:840} INFO - DAG(s) 'example_sensor_decorator' retrieved from /home/airflow/.local/lib/python3.8/site-packages/airflow/example_dags/example_sensor_decorator.py
[2026-06-12T11:09:12.425+0000] {logging_mixin.py:188} INFO - [2026-06-12T11:09:12.424+0000] {dag.py:3036} INFO - Sync 1 DAGs
[2026-06-12T11:09:12.449+0000] {logging_mixin.py:188} INFO - [2026-06-12T11:09:12.449+0000] {dag.py:3823} INFO - Setting next_dagrun for example_sensor_decorator to None, run_after=None
[2026-06-12T11:09:12.480+0000] {processor.py:183} INFO - Processing /home/airflow/.local/lib/python3.8/site-packages/airflow/example_dags/example_sensor_decorator.py took 0.110 seconds
[2026-06-12T11:09:42.523+0000] {processor.py:161} INFO - Started process (PID=967) to work on /home/airflow/.local/lib/python3.8/site-packages/airflow/example_dags/example_sensor_decorator.py
[2026-06-12T11:09:42.524+0000] {processor.py:830} INFO - Processing file /home/airflow/.local/lib/python3.8/site-packages/airflow/example_dags/example_sensor_decorator.py for tasks to queue
[2026-06-12T11:09:42.527+0000] {logging_mixin.py:188} INFO - [2026-06-12T11:09:42.526+0000] {dagbag.py:538} INFO - Filling up the DagBag from /home/airflow/.local/lib/python3.8/site-packages/airflow/example_dags/example_sensor_decorator.py
[2026-06-12T11:09:42.537+0000] {processor.py:840} INFO - DAG(s) 'example_sensor_decorator' retrieved from /home/airflow/.local/lib/python3.8/site-packages/airflow/example_dags/example_sensor_decorator.py
[2026-06-12T11:09:42.577+0000] {logging_mixin.py:188} INFO - [2026-06-12T11:09:42.577+0000] {dag.py:3036} INFO - Sync 1 DAGs
[2026-06-12T11:09:42.603+0000] {logging_mixin.py:188} INFO - [2026-06-12T11:09:42.602+0000] {dag.py:3823} INFO - Setting next_dagrun for example_sensor_decorator to None, run_after=None
[2026-06-12T11:09:42.637+0000] {processor.py:183} INFO - Processing /home/airflow/.local/lib/python3.8/site-packages/airflow/example_dags/example_sensor_decorator.py took 0.120 seconds
[2026-06-12T11:10:13.051+0000] {processor.py:161} INFO - Started process (PID=1034) to work on /home/airflow/.local/lib/python3.8/site-packages/airflow/example_dags/example_sensor_decorator.py
[2026-06-12T11:10:13.053+0000] {processor.py:830} INFO - Processing file /home/airflow/.local/lib/python3.8/site-packages/airflow/example_dags/example_sensor_decorator.py for tasks to queue
[2026-06-12T11:10:13.055+0000] {logging_mixin.py:188} INFO - [2026-06-12T11:10:13.055+0000] {dagbag.py:538} INFO - Filling up the DagBag from /home/airflow/.local/lib/python3.8/site-packages/airflow/example_dags/example_sensor_decorator.py
[2026-06-12T11:10:13.065+0000] {processor.py:840} INFO - DAG(s) 'example_sensor_decorator' retrieved from /home/airflow/.local/lib/python3.8/site-packages/airflow/example_dags/example_sensor_decorator.py
[2026-06-12T11:10:13.105+0000] {logging_mixin.py:188} INFO - [2026-06-12T11:10:13.105+0000] {dag.py:3036} INFO - Sync 1 DAGs
[2026-06-12T11:10:13.124+0000] {logging_mixin.py:188} INFO - [2026-06-12T11:10:13.124+0000] {dag.py:3823} INFO - Setting next_dagrun for example_sensor_decorator to None, run_after=None
[2026-06-12T11:10:13.152+0000] {processor.py:183} INFO - Processing /home/airflow/.local/lib/python3.8/site-packages/airflow/example_dags/example_sensor_decorator.py took 0.107 seconds
[2026-06-12T11:10:43.440+0000] {processor.py:161} INFO - Started process (PID=1099) to work on /home/airflow/.local/lib/python3.8/site-packages/airflow/example_dags/example_sensor_decorator.py
[2026-06-12T11:10:43.442+0000] {processor.py:830} INFO - Processing file /home/airflow/.local/lib/python3.8/site-packages/airflow/example_dags/example_sensor_decorator.py for tasks to queue
[2026-06-12T11:10:43.445+0000] {logging_mixin.py:188} INFO - [2026-06-12T11:10:43.444+0000] {dagbag.py:538} INFO - Filling up the DagBag from /home/airflow/.local/lib/python3.8/site-packages/airflow/example_dags/example_sensor_decorator.py
[2026-06-12T11:10:43.455+0000] {processor.py:840} INFO - DAG(s) 'example_sensor_decorator' retrieved from /home/airflow/.local/lib/python3.8/site-packages/airflow/example_dags/example_sensor_decorator.py
[2026-06-12T11:10:43.488+0000] {logging_mixin.py:188} INFO - [2026-06-12T11:10:43.487+0000] {dag.py:3036} INFO - Sync 1 DAGs
[2026-06-12T11:10:43.507+0000] {logging_mixin.py:188} INFO - [2026-06-12T11:10:43.507+0000] {dag.py:3823} INFO - Setting next_dagrun for example_sensor_decorator to None, run_after=None
[2026-06-12T11:10:43.535+0000] {processor.py:183} INFO - Processing /home/airflow/.local/lib/python3.8/site-packages/airflow/example_dags/example_sensor_decorator.py took 0.100 seconds
[2026-06-12T11:11:13.758+0000] {processor.py:161} INFO - Started process (PID=1165) to work on /home/airflow/.local/lib/python3.8/site-packages/airflow/example_dags/example_sensor_decorator.py
[2026-06-12T11:11:13.760+0000] {processor.py:830} INFO - Processing file /home/airflow/.local/lib/python3.8/site-packages/airflow/example_dags/example_sensor_decorator.py for tasks to queue
[2026-06-12T11:11:13.763+0000] {logging_mixin.py:188} INFO - [2026-06-12T11:11:13.762+0000] {dagbag.py:538} INFO - Filling up the DagBag from /home/airflow/.local/lib/python3.8/site-packages/airflow/example_dags/example_sensor_decorator.py
[2026-06-12T11:11:13.774+0000] {processor.py:840} INFO - DAG(s) 'example_sensor_decorator' retrieved from /home/airflow/.local/lib/python3.8/site-packages/airflow/example_dags/example_sensor_decorator.py
[2026-06-12T11:11:13.818+0000] {logging_mixin.py:188} INFO - [2026-06-12T11:11:13.818+0000] {dag.py:3036} INFO - Sync 1 DAGs
[2026-06-12T11:11:13.842+0000] {logging_mixin.py:188} INFO - [2026-06-12T11:11:13.842+0000] {dag.py:3823} INFO - Setting next_dagrun for example_sensor_decorator to None, run_after=None
[2026-06-12T11:11:13.874+0000] {processor.py:183} INFO - Processing /home/airflow/.local/lib/python3.8/site-packages/airflow/example_dags/example_sensor_decorator.py took 0.122 seconds
[2026-06-12T11:11:44.206+0000] {processor.py:161} INFO - Started process (PID=1232) to work on /home/airflow/.local/lib/python3.8/site-packages/airflow/example_dags/example_sensor_decorator.py
[2026-06-12T11:11:44.208+0000] {processor.py:830} INFO - Processing file /home/airflow/.local/lib/python3.8/site-packages/airflow/example_dags/example_sensor_decorator.py for tasks to queue
[2026-06-12T11:11:44.211+0000] {logging_mixin.py:188} INFO - [2026-06-12T11:11:44.211+0000] {dagbag.py:538} INFO - Filling up the DagBag from /home/airflow/.local/lib/python3.8/site-packages/airflow/example_dags/example_sensor_decorator.py
[2026-06-12T11:11:44.221+0000] {processor.py:840} INFO - DAG(s) 'example_sensor_decorator' retrieved from /home/airflow/.local/lib/python3.8/site-packages/airflow/example_dags/example_sensor_decorator.py
[2026-06-12T11:11:44.258+0000] {logging_mixin.py:188} INFO - [2026-06-12T11:11:44.258+0000] {dag.py:3036} INFO - Sync 1 DAGs
[2026-06-12T11:11:44.278+0000] {logging_mixin.py:188} INFO - [2026-06-12T11:11:44.278+0000] {dag.py:3823} INFO - Setting next_dagrun for example_sensor_decorator to None, run_after=None
[2026-06-12T11:11:44.308+0000] {processor.py:183} INFO - Processing /home/airflow/.local/lib/python3.8/site-packages/airflow/example_dags/example_sensor_decorator.py took 0.106 seconds
[2026-06-12T11:12:14.759+0000] {processor.py:161} INFO - Started process (PID=1298) to work on /home/airflow/.local/lib/python3.8/site-packages/airflow/example_dags/example_sensor_decorator.py
[2026-06-12T11:12:14.760+0000] {processor.py:830} INFO - Processing file /home/airflow/.local/lib/python3.8/site-packages/airflow/example_dags/example_sensor_decorator.py for tasks to queue
[2026-06-12T11:12:14.763+0000] {logging_mixin.py:188} INFO - [2026-06-12T11:12:14.763+0000] {dagbag.py:538} INFO - Filling up the DagBag from /home/airflow/.local/lib/python3.8/site-packages/airflow/example_dags/example_sensor_decorator.py
[2026-06-12T11:12:14.772+0000] {processor.py:840} INFO - DAG(s) 'example_sensor_decorator' retrieved from /home/airflow/.local/lib/python3.8/site-packages/airflow/example_dags/example_sensor_decorator.py
[2026-06-12T11:12:14.806+0000] {logging_mixin.py:188} INFO - [2026-06-12T11:12:14.806+0000] {dag.py:3036} INFO - Sync 1 DAGs
[2026-06-12T11:12:14.828+0000] {logging_mixin.py:188} INFO - [2026-06-12T11:12:14.828+0000] {dag.py:3823} INFO - Setting next_dagrun for example_sensor_decorator to None, run_after=None
[2026-06-12T11:12:14.858+0000] {processor.py:183} INFO - Processing /home/airflow/.local/lib/python3.8/site-packages/airflow/example_dags/example_sensor_decorator.py took 0.104 seconds
[2026-06-12T11:12:44.995+0000] {processor.py:161} INFO - Started process (PID=1365) to work on /home/airflow/.local/lib/python3.8/site-packages/airflow/example_dags/example_sensor_decorator.py
[2026-06-12T11:12:44.997+0000] {processor.py:830} INFO - Processing file /home/airflow/.local/lib/python3.8/site-packages/airflow/example_dags/example_sensor_decorator.py for tasks to queue
[2026-06-12T11:12:44.999+0000] {logging_mixin.py:188} INFO - [2026-06-12T11:12:44.999+0000] {dagbag.py:538} INFO - Filling up the DagBag from /home/airflow/.local/lib/python3.8/site-packages/airflow/example_dags/example_sensor_decorator.py
[2026-06-12T11:12:45.009+0000] {processor.py:840} INFO - DAG(s) 'example_sensor_decorator' retrieved from /home/airflow/.local/lib/python3.8/site-packages/airflow/example_dags/example_sensor_decorator.py
[2026-06-12T11:12:45.043+0000] {logging_mixin.py:188} INFO - [2026-06-12T11:12:45.043+0000] {dag.py:3036} INFO - Sync 1 DAGs
[2026-06-12T11:12:45.063+0000] {logging_mixin.py:188} INFO - [2026-06-12T11:12:45.062+0000] {dag.py:3823} INFO - Setting next_dagrun for example_sensor_decorator to None, run_after=None
[2026-06-12T11:12:45.094+0000] {processor.py:183} INFO - Processing /home/airflow/.local/lib/python3.8/site-packages/airflow/example_dags/example_sensor_decorator.py took 0.105 seconds
[2026-06-12T11:13:15.225+0000] {processor.py:161} INFO - Started process (PID=1431) to work on /home/airflow/.local/lib/python3.8/site-packages/airflow/example_dags/example_sensor_decorator.py
[2026-06-12T11:13:15.226+0000] {processor.py:830} INFO - Processing file /home/airflow/.local/lib/python3.8/site-packages/airflow/example_dags/example_sensor_decorator.py for tasks to queue
[2026-06-12T11:13:15.229+0000] {logging_mixin.py:188} INFO - [2026-06-12T11:13:15.228+0000] {dagbag.py:538} INFO - Filling up the DagBag from /home/airflow/.local/lib/python3.8/site-packages/airflow/example_dags/example_sensor_decorator.py
[2026-06-12T11:13:15.238+0000] {processor.py:840} INFO - DAG(s) 'example_sensor_decorator' retrieved from /home/airflow/.local/lib/python3.8/site-packages/airflow/example_dags/example_sensor_decorator.py
[2026-06-12T11:13:15.272+0000] {logging_mixin.py:188} INFO - [2026-06-12T11:13:15.271+0000] {dag.py:3036} INFO - Sync 1 DAGs
[2026-06-12T11:13:15.291+0000] {logging_mixin.py:188} INFO - [2026-06-12T11:13:15.291+0000] {dag.py:3823} INFO - Setting next_dagrun for example_sensor_decorator to None, run_after=None
[2026-06-12T11:13:15.323+0000] {processor.py:183} INFO - Processing /home/airflow/.local/lib/python3.8/site-packages/airflow/example_dags/example_sensor_decorator.py took 0.103 seconds
[2026-06-12T11:13:45.880+0000] {processor.py:161} INFO - Started process (PID=1503) to work on /home/airflow/.local/lib/python3.8/site-packages/airflow/example_dags/example_sensor_decorator.py
[2026-06-12T11:13:45.881+0000] {processor.py:830} INFO - Processing file /home/airflow/.local/lib/python3.8/site-packages/airflow/example_dags/example_sensor_decorator.py for tasks to queue
[2026-06-12T11:13:45.884+0000] {logging_mixin.py:188} INFO - [2026-06-12T11:13:45.883+0000] {dagbag.py:538} INFO - Filling up the DagBag from /home/airflow/.local/lib/python3.8/site-packages/airflow/example_dags/example_sensor_decorator.py
[2026-06-12T11:13:45.895+0000] {processor.py:840} INFO - DAG(s) 'example_sensor_decorator' retrieved from /home/airflow/.local/lib/python3.8/site-packages/airflow/example_dags/example_sensor_decorator.py
[2026-06-12T11:13:45.936+0000] {logging_mixin.py:188} INFO - [2026-06-12T11:13:45.936+0000] {dag.py:3036} INFO - Sync 1 DAGs
[2026-06-12T11:13:45.961+0000] {logging_mixin.py:188} INFO - [2026-06-12T11:13:45.961+0000] {dag.py:3823} INFO - Setting next_dagrun for example_sensor_decorator to None, run_after=None
[2026-06-12T11:13:45.996+0000] {processor.py:183} INFO - Processing /home/airflow/.local/lib/python3.8/site-packages/airflow/example_dags/example_sensor_decorator.py took 0.122 seconds
[2026-06-12T11:14:16.252+0000] {processor.py:161} INFO - Started process (PID=1572) to work on /home/airflow/.local/lib/python3.8/site-packages/airflow/example_dags/example_sensor_decorator.py
[2026-06-12T11:14:16.254+0000] {processor.py:830} INFO - Processing file /home/airflow/.local/lib/python3.8/site-packages/airflow/example_dags/example_sensor_decorator.py for tasks to queue
[2026-06-12T11:14:16.256+0000] {logging_mixin.py:188} INFO - [2026-06-12T11:14:16.256+0000] {dagbag.py:538} INFO - Filling up the DagBag from /home/airflow/.local/lib/python3.8/site-packages/airflow/example_dags/example_sensor_decorator.py
[2026-06-12T11:14:16.265+0000] {processor.py:840} INFO - DAG(s) 'example_sensor_decorator' retrieved from /home/airflow/.local/lib/python3.8/site-packages/airflow/example_dags/example_sensor_decorator.py
[2026-06-12T11:14:16.300+0000] {logging_mixin.py:188} INFO - [2026-06-12T11:14:16.300+0000] {dag.py:3036} INFO - Sync 1 DAGs
[2026-06-12T11:14:16.320+0000] {logging_mixin.py:188} INFO - [2026-06-12T11:14:16.319+0000] {dag.py:3823} INFO - Setting next_dagrun for example_sensor_decorator to None, run_after=None
[2026-06-12T11:14:16.348+0000] {processor.py:183} INFO - Processing /home/airflow/.local/lib/python3.8/site-packages/airflow/example_dags/example_sensor_decorator.py took 0.101 seconds
[2026-06-12T11:14:46.852+0000] {processor.py:161} INFO - Started process (PID=1638) to work on /home/airflow/.local/lib/python3.8/site-packages/airflow/example_dags/example_sensor_decorator.py
[2026-06-12T11:14:46.854+0000] {processor.py:830} INFO - Processing file /home/airflow/.local/lib/python3.8/site-packages/airflow/example_dags/example_sensor_decorator.py for tasks to queue
[2026-06-12T11:14:46.857+0000] {logging_mixin.py:188} INFO - [2026-06-12T11:14:46.856+0000] {dagbag.py:538} INFO - Filling up the DagBag from /home/airflow/.local/lib/python3.8/site-packages/airflow/example_dags/example_sensor_decorator.py
[2026-06-12T11:14:46.868+0000] {processor.py:840} INFO - DAG(s) 'example_sensor_decorator' retrieved from /home/airflow/.local/lib/python3.8/site-packages/airflow/example_dags/example_sensor_decorator.py
[2026-06-12T11:14:46.909+0000] {logging_mixin.py:188} INFO - [2026-06-12T11:14:46.908+0000] {dag.py:3036} INFO - Sync 1 DAGs
[2026-06-12T11:14:46.934+0000] {logging_mixin.py:188} INFO - [2026-06-12T11:14:46.934+0000] {dag.py:3823} INFO - Setting next_dagrun for example_sensor_decorator to None, run_after=None
[2026-06-12T11:14:46.969+0000] {processor.py:183} INFO - Processing /home/airflow/.local/lib/python3.8/site-packages/airflow/example_dags/example_sensor_decorator.py took 0.126 seconds
[2026-06-12T11:15:17.219+0000] {processor.py:161} INFO - Started process (PID=1704) to work on /home/airflow/.local/lib/python3.8/site-packages/airflow/example_dags/example_sensor_decorator.py
[2026-06-12T11:15:17.221+0000] {processor.py:830} INFO - Processing file /home/airflow/.local/lib/python3.8/site-packages/airflow/example_dags/example_sensor_decorator.py for tasks to queue
[2026-06-12T11:15:17.224+0000] {logging_mixin.py:188} INFO - [2026-06-12T11:15:17.223+0000] {dagbag.py:538} INFO - Filling up the DagBag from /home/airflow/.local/lib/python3.8/site-packages/airflow/example_dags/example_sensor_decorator.py
[2026-06-12T11:15:17.234+0000] {processor.py:840} INFO - DAG(s) 'example_sensor_decorator' retrieved from /home/airflow/.local/lib/python3.8/site-packages/airflow/example_dags/example_sensor_decorator.py
[2026-06-12T11:15:17.274+0000] {logging_mixin.py:188} INFO - [2026-06-12T11:15:17.273+0000] {dag.py:3036} INFO - Sync 1 DAGs
[2026-06-12T11:15:17.298+0000] {logging_mixin.py:188} INFO - [2026-06-12T11:15:17.297+0000] {dag.py:3823} INFO - Setting next_dagrun for example_sensor_decorator to None, run_after=None
[2026-06-12T11:15:17.335+0000] {processor.py:183} INFO - Processing /home/airflow/.local/lib/python3.8/site-packages/airflow/example_dags/example_sensor_decorator.py took 0.122 seconds
[2026-06-12T11:15:47.802+0000] {processor.py:161} INFO - Started process (PID=1770) to work on /home/airflow/.local/lib/python3.8/site-packages/airflow/example_dags/example_sensor_decorator.py
[2026-06-12T11:15:47.804+0000] {processor.py:830} INFO - Processing file /home/airflow/.local/lib/python3.8/site-packages/airflow/example_dags/example_sensor_decorator.py for tasks to queue
[2026-06-12T11:15:47.806+0000] {logging_mixin.py:188} INFO - [2026-06-12T11:15:47.806+0000] {dagbag.py:538} INFO - Filling up the DagBag from /home/airflow/.local/lib/python3.8/site-packages/airflow/example_dags/example_sensor_decorator.py
[2026-06-12T11:15:47.817+0000] {processor.py:840} INFO - DAG(s) 'example_sensor_decorator' retrieved from /home/airflow/.local/lib/python3.8/site-packages/airflow/example_dags/example_sensor_decorator.py
[2026-06-12T11:15:47.859+0000] {logging_mixin.py:188} INFO - [2026-06-12T11:15:47.858+0000] {dag.py:3036} INFO - Sync 1 DAGs
[2026-06-12T11:15:47.885+0000] {logging_mixin.py:188} INFO - [2026-06-12T11:15:47.884+0000] {dag.py:3823} INFO - Setting next_dagrun for example_sensor_decorator to None, run_after=None
[2026-06-12T11:15:47.922+0000] {processor.py:183} INFO - Processing /home/airflow/.local/lib/python3.8/site-packages/airflow/example_dags/example_sensor_decorator.py took 0.125 seconds
[2026-06-12T11:16:18.270+0000] {processor.py:161} INFO - Started process (PID=1835) to work on /home/airflow/.local/lib/python3.8/site-packages/airflow/example_dags/example_sensor_decorator.py
[2026-06-12T11:16:18.272+0000] {processor.py:830} INFO - Processing file /home/airflow/.local/lib/python3.8/site-packages/airflow/example_dags/example_sensor_decorator.py for tasks to queue
[2026-06-12T11:16:18.274+0000] {logging_mixin.py:188} INFO - [2026-06-12T11:16:18.274+0000] {dagbag.py:538} INFO - Filling up the DagBag from /home/airflow/.local/lib/python3.8/site-packages/airflow/example_dags/example_sensor_decorator.py
[2026-06-12T11:16:18.283+0000] {processor.py:840} INFO - DAG(s) 'example_sensor_decorator' retrieved from /home/airflow/.local/lib/python3.8/site-packages/airflow/example_dags/example_sensor_decorator.py
[2026-06-12T11:16:18.320+0000] {logging_mixin.py:188} INFO - [2026-06-12T11:16:18.320+0000] {dag.py:3036} INFO - Sync 1 DAGs
[2026-06-12T11:16:18.340+0000] {logging_mixin.py:188} INFO - [2026-06-12T11:16:18.340+0000] {dag.py:3823} INFO - Setting next_dagrun for example_sensor_decorator to None, run_after=None
[2026-06-12T11:16:18.369+0000] {processor.py:183} INFO - Processing /home/airflow/.local/lib/python3.8/site-packages/airflow/example_dags/example_sensor_decorator.py took 0.104 seconds
[2026-06-12T11:16:48.521+0000] {processor.py:161} INFO - Started process (PID=1901) to work on /home/airflow/.local/lib/python3.8/site-packages/airflow/example_dags/example_sensor_decorator.py
[2026-06-12T11:16:48.523+0000] {processor.py:830} INFO - Processing file /home/airflow/.local/lib/python3.8/site-packages/airflow/example_dags/example_sensor_decorator.py for tasks to queue
[2026-06-12T11:16:48.526+0000] {logging_mixin.py:188} INFO - [2026-06-12T11:16:48.525+0000] {dagbag.py:538} INFO - Filling up the DagBag from /home/airflow/.local/lib/python3.8/site-packages/airflow/example_dags/example_sensor_decorator.py
[2026-06-12T11:16:48.534+0000] {processor.py:840} INFO - DAG(s) 'example_sensor_decorator' retrieved from /home/airflow/.local/lib/python3.8/site-packages/airflow/example_dags/example_sensor_decorator.py
[2026-06-12T11:16:48.567+0000] {logging_mixin.py:188} INFO - [2026-06-12T11:16:48.566+0000] {dag.py:3036} INFO - Sync 1 DAGs
[2026-06-12T11:16:48.586+0000] {logging_mixin.py:188} INFO - [2026-06-12T11:16:48.586+0000] {dag.py:3823} INFO - Setting next_dagrun for example_sensor_decorator to None, run_after=None
[2026-06-12T11:16:48.614+0000] {processor.py:183} INFO - Processing /home/airflow/.local/lib/python3.8/site-packages/airflow/example_dags/example_sensor_decorator.py took 0.097 seconds
[2026-06-12T11:17:19.056+0000] {processor.py:161} INFO - Started process (PID=1966) to work on /home/airflow/.local/lib/python3.8/site-packages/airflow/example_dags/example_sensor_decorator.py
[2026-06-12T11:17:19.057+0000] {processor.py:830} INFO - Processing file /home/airflow/.local/lib/python3.8/site-packages/airflow/example_dags/example_sensor_decorator.py for tasks to queue
[2026-06-12T11:17:19.059+0000] {logging_mixin.py:188} INFO - [2026-06-12T11:17:19.059+0000] {dagbag.py:538} INFO - Filling up the DagBag from /home/airflow/.local/lib/python3.8/site-packages/airflow/example_dags/example_sensor_decorator.py
[2026-06-12T11:17:19.070+0000] {processor.py:840} INFO - DAG(s) 'example_sensor_decorator' retrieved from /home/airflow/.local/lib/python3.8/site-packages/airflow/example_dags/example_sensor_decorator.py
[2026-06-12T11:17:19.106+0000] {logging_mixin.py:188} INFO - [2026-06-12T11:17:19.106+0000] {dag.py:3036} INFO - Sync 1 DAGs
[2026-06-12T11:17:19.129+0000] {logging_mixin.py:188} INFO - [2026-06-12T11:17:19.129+0000] {dag.py:3823} INFO - Setting next_dagrun for example_sensor_decorator to None, run_after=None
[2026-06-12T11:17:19.159+0000] {processor.py:183} INFO - Processing /home/airflow/.local/lib/python3.8/site-packages/airflow/example_dags/example_sensor_decorator.py took 0.108 seconds
[2026-06-12T11:17:49.569+0000] {processor.py:161} INFO - Started process (PID=2032) to work on /home/airflow/.local/lib/python3.8/site-packages/airflow/example_dags/example_sensor_decorator.py
[2026-06-12T11:17:49.571+0000] {processor.py:830} INFO - Processing file /home/airflow/.local/lib/python3.8/site-packages/airflow/example_dags/example_sensor_decorator.py for tasks to queue
[2026-06-12T11:17:49.573+0000] {logging_mixin.py:188} INFO - [2026-06-12T11:17:49.573+0000] {dagbag.py:538} INFO - Filling up the DagBag from /home/airflow/.local/lib/python3.8/site-packages/airflow/example_dags/example_sensor_decorator.py
[2026-06-12T11:17:49.582+0000] {processor.py:840} INFO - DAG(s) 'example_sensor_decorator' retrieved from /home/airflow/.local/lib/python3.8/site-packages/airflow/example_dags/example_sensor_decorator.py
[2026-06-12T11:17:49.614+0000] {logging_mixin.py:188} INFO - [2026-06-12T11:17:49.614+0000] {dag.py:3036} INFO - Sync 1 DAGs
[2026-06-12T11:17:49.633+0000] {logging_mixin.py:188} INFO - [2026-06-12T11:17:49.632+0000] {dag.py:3823} INFO - Setting next_dagrun for example_sensor_decorator to None, run_after=None
[2026-06-12T11:17:49.659+0000] {processor.py:183} INFO - Processing /home/airflow/.local/lib/python3.8/site-packages/airflow/example_dags/example_sensor_decorator.py took 0.095 seconds
[2026-06-12T11:18:19.897+0000] {processor.py:161} INFO - Started process (PID=2098) to work on /home/airflow/.local/lib/python3.8/site-packages/airflow/example_dags/example_sensor_decorator.py
[2026-06-12T11:18:19.899+0000] {processor.py:830} INFO - Processing file /home/airflow/.local/lib/python3.8/site-packages/airflow/example_dags/example_sensor_decorator.py for tasks to queue
[2026-06-12T11:18:19.902+0000] {logging_mixin.py:188} INFO - [2026-06-12T11:18:19.902+0000] {dagbag.py:538} INFO - Filling up the DagBag from /home/airflow/.local/lib/python3.8/site-packages/airflow/example_dags/example_sensor_decorator.py
[2026-06-12T11:18:19.914+0000] {processor.py:840} INFO - DAG(s) 'example_sensor_decorator' retrieved from /home/airflow/.local/lib/python3.8/site-packages/airflow/example_dags/example_sensor_decorator.py
[2026-06-12T11:18:19.956+0000] {logging_mixin.py:188} INFO - [2026-06-12T11:18:19.955+0000] {dag.py:3036} INFO - Sync 1 DAGs
[2026-06-12T11:18:19.980+0000] {logging_mixin.py:188} INFO - [2026-06-12T11:18:19.979+0000] {dag.py:3823} INFO - Setting next_dagrun for example_sensor_decorator to None, run_after=None
[2026-06-12T11:18:20.013+0000] {processor.py:183} INFO - Processing /home/airflow/.local/lib/python3.8/site-packages/airflow/example_dags/example_sensor_decorator.py took 0.122 seconds
[2026-06-12T11:18:50.216+0000] {processor.py:161} INFO - Started process (PID=2164) to work on /home/airflow/.local/lib/python3.8/site-packages/airflow/example_dags/example_sensor_decorator.py
[2026-06-12T11:18:50.218+0000] {processor.py:830} INFO - Processing file /home/airflow/.local/lib/python3.8/site-packages/airflow/example_dags/example_sensor_decorator.py for tasks to queue
[2026-06-12T11:18:50.221+0000] {logging_mixin.py:188} INFO - [2026-06-12T11:18:50.221+0000] {dagbag.py:538} INFO - Filling up the DagBag from /home/airflow/.local/lib/python3.8/site-packages/airflow/example_dags/example_sensor_decorator.py
[2026-06-12T11:18:50.232+0000] {processor.py:840} INFO - DAG(s) 'example_sensor_decorator' retrieved from /home/airflow/.local/lib/python3.8/site-packages/airflow/example_dags/example_sensor_decorator.py
[2026-06-12T11:18:50.273+0000] {logging_mixin.py:188} INFO - [2026-06-12T11:18:50.273+0000] {dag.py:3036} INFO - Sync 1 DAGs
[2026-06-12T11:18:50.298+0000] {logging_mixin.py:188} INFO - [2026-06-12T11:18:50.298+0000] {dag.py:3823} INFO - Setting next_dagrun for example_sensor_decorator to None, run_after=None
[2026-06-12T11:18:50.331+0000] {processor.py:183} INFO - Processing /home/airflow/.local/lib/python3.8/site-packages/airflow/example_dags/example_sensor_decorator.py took 0.121 seconds
[2026-06-12T11:19:20.778+0000] {processor.py:161} INFO - Started process (PID=2237) to work on /home/airflow/.local/lib/python3.8/site-packages/airflow/example_dags/example_sensor_decorator.py
[2026-06-12T11:19:20.779+0000] {processor.py:830} INFO - Processing file /home/airflow/.local/lib/python3.8/site-packages/airflow/example_dags/example_sensor_decorator.py for tasks to queue
[2026-06-12T11:19:20.782+0000] {logging_mixin.py:188} INFO - [2026-06-12T11:19:20.781+0000] {dagbag.py:538} INFO - Filling up the DagBag from /home/airflow/.local/lib/python3.8/site-packages/airflow/example_dags/example_sensor_decorator.py
[2026-06-12T11:19:20.792+0000] {processor.py:840} INFO - DAG(s) 'example_sensor_decorator' retrieved from /home/airflow/.local/lib/python3.8/site-packages/airflow/example_dags/example_sensor_decorator.py
[2026-06-12T11:19:20.831+0000] {logging_mixin.py:188} INFO - [2026-06-12T11:19:20.830+0000] {dag.py:3036} INFO - Sync 1 DAGs
[2026-06-12T11:19:20.855+0000] {logging_mixin.py:188} INFO - [2026-06-12T11:19:20.854+0000] {dag.py:3823} INFO - Setting next_dagrun for example_sensor_decorator to None, run_after=None
[2026-06-12T11:19:20.889+0000] {processor.py:183} INFO - Processing /home/airflow/.local/lib/python3.8/site-packages/airflow/example_dags/example_sensor_decorator.py took 0.117 seconds
[2026-06-12T11:19:51.213+0000] {processor.py:161} INFO - Started process (PID=2304) to work on /home/airflow/.local/lib/python3.8/site-packages/airflow/example_dags/example_sensor_decorator.py
[2026-06-12T11:19:51.215+0000] {processor.py:830} INFO - Processing file /home/airflow/.local/lib/python3.8/site-packages/airflow/example_dags/example_sensor_decorator.py for tasks to queue
[2026-06-12T11:19:51.218+0000] {logging_mixin.py:188} INFO - [2026-06-12T11:19:51.217+0000] {dagbag.py:538} INFO - Filling up the DagBag from /home/airflow/.local/lib/python3.8/site-packages/airflow/example_dags/example_sensor_decorator.py
[2026-06-12T11:19:51.228+0000] {processor.py:840} INFO - DAG(s) 'example_sensor_decorator' retrieved from /home/airflow/.local/lib/python3.8/site-packages/airflow/example_dags/example_sensor_decorator.py
[2026-06-12T11:19:51.268+0000] {logging_mixin.py:188} INFO - [2026-06-12T11:19:51.268+0000] {dag.py:3036} INFO - Sync 1 DAGs
[2026-06-12T11:19:51.292+0000] {logging_mixin.py:188} INFO - [2026-06-12T11:19:51.292+0000] {dag.py:3823} INFO - Setting next_dagrun for example_sensor_decorator to None, run_after=None
[2026-06-12T11:19:51.326+0000] {processor.py:183} INFO - Processing /home/airflow/.local/lib/python3.8/site-packages/airflow/example_dags/example_sensor_decorator.py took 0.118 seconds
[2026-06-12T11:20:21.485+0000] {processor.py:161} INFO - Started process (PID=2370) to work on /home/airflow/.local/lib/python3.8/site-packages/airflow/example_dags/example_sensor_decorator.py
[2026-06-12T11:20:21.486+0000] {processor.py:830} INFO - Processing file /home/airflow/.local/lib/python3.8/site-packages/airflow/example_dags/example_sensor_decorator.py for tasks to queue
[2026-06-12T11:20:21.490+0000] {logging_mixin.py:188} INFO - [2026-06-12T11:20:21.489+0000] {dagbag.py:538} INFO - Filling up the DagBag from /home/airflow/.local/lib/python3.8/site-packages/airflow/example_dags/example_sensor_decorator.py
[2026-06-12T11:20:21.513+0000] {processor.py:840} INFO - DAG(s) 'example_sensor_decorator' retrieved from /home/airflow/.local/lib/python3.8/site-packages/airflow/example_dags/example_sensor_decorator.py
[2026-06-12T11:20:21.556+0000] {logging_mixin.py:188} INFO - [2026-06-12T11:20:21.555+0000] {dag.py:3036} INFO - Sync 1 DAGs
[2026-06-12T11:20:21.577+0000] {logging_mixin.py:188} INFO - [2026-06-12T11:20:21.577+0000] {dag.py:3823} INFO - Setting next_dagrun for example_sensor_decorator to None, run_after=None
[2026-06-12T11:20:21.607+0000] {processor.py:183} INFO - Processing /home/airflow/.local/lib/python3.8/site-packages/airflow/example_dags/example_sensor_decorator.py took 0.129 seconds
[2026-06-12T11:20:51.880+0000] {processor.py:161} INFO - Started process (PID=2437) to work on /home/airflow/.local/lib/python3.8/site-packages/airflow/example_dags/example_sensor_decorator.py
[2026-06-12T11:20:51.882+0000] {processor.py:830} INFO - Processing file /home/airflow/.local/lib/python3.8/site-packages/airflow/example_dags/example_sensor_decorator.py for tasks to queue
[2026-06-12T11:20:51.884+0000] {logging_mixin.py:188} INFO - [2026-06-12T11:20:51.884+0000] {dagbag.py:538} INFO - Filling up the DagBag from /home/airflow/.local/lib/python3.8/site-packages/airflow/example_dags/example_sensor_decorator.py
[2026-06-12T11:20:51.893+0000] {processor.py:840} INFO - DAG(s) 'example_sensor_decorator' retrieved from /home/airflow/.local/lib/python3.8/site-packages/airflow/example_dags/example_sensor_decorator.py
[2026-06-12T11:20:51.928+0000] {logging_mixin.py:188} INFO - [2026-06-12T11:20:51.927+0000] {dag.py:3036} INFO - Sync 1 DAGs
[2026-06-12T11:20:51.950+0000] {logging_mixin.py:188} INFO - [2026-06-12T11:20:51.949+0000] {dag.py:3823} INFO - Setting next_dagrun for example_sensor_decorator to None, run_after=None
[2026-06-12T11:20:51.980+0000] {processor.py:183} INFO - Processing /home/airflow/.local/lib/python3.8/site-packages/airflow/example_dags/example_sensor_decorator.py took 0.105 seconds
[2026-06-12T11:21:22.117+0000] {processor.py:161} INFO - Started process (PID=2503) to work on /home/airflow/.local/lib/python3.8/site-packages/airflow/example_dags/example_sensor_decorator.py
[2026-06-12T11:21:22.118+0000] {processor.py:830} INFO - Processing file /home/airflow/.local/lib/python3.8/site-packages/airflow/example_dags/example_sensor_decorator.py for tasks to queue
[2026-06-12T11:21:22.121+0000] {logging_mixin.py:188} INFO - [2026-06-12T11:21:22.120+0000] {dagbag.py:538} INFO - Filling up the DagBag from /home/airflow/.local/lib/python3.8/site-packages/airflow/example_dags/example_sensor_decorator.py
[2026-06-12T11:21:22.129+0000] {processor.py:840} INFO - DAG(s) 'example_sensor_decorator' retrieved from /home/airflow/.local/lib/python3.8/site-packages/airflow/example_dags/example_sensor_decorator.py
[2026-06-12T11:21:22.164+0000] {logging_mixin.py:188} INFO - [2026-06-12T11:21:22.164+0000] {dag.py:3036} INFO - Sync 1 DAGs
[2026-06-12T11:21:22.187+0000] {logging_mixin.py:188} INFO - [2026-06-12T11:21:22.186+0000] {dag.py:3823} INFO - Setting next_dagrun for example_sensor_decorator to None, run_after=None
[2026-06-12T11:21:22.215+0000] {processor.py:183} INFO - Processing /home/airflow/.local/lib/python3.8/site-packages/airflow/example_dags/example_sensor_decorator.py took 0.104 seconds
[2026-06-12T11:21:52.913+0000] {processor.py:161} INFO - Started process (PID=2568) to work on /home/airflow/.local/lib/python3.8/site-packages/airflow/example_dags/example_sensor_decorator.py
[2026-06-12T11:21:52.915+0000] {processor.py:830} INFO - Processing file /home/airflow/.local/lib/python3.8/site-packages/airflow/example_dags/example_sensor_decorator.py for tasks to queue
[2026-06-12T11:21:52.918+0000] {logging_mixin.py:188} INFO - [2026-06-12T11:21:52.918+0000] {dagbag.py:538} INFO - Filling up the DagBag from /home/airflow/.local/lib/python3.8/site-packages/airflow/example_dags/example_sensor_decorator.py
[2026-06-12T11:21:52.929+0000] {processor.py:840} INFO - DAG(s) 'example_sensor_decorator' retrieved from /home/airflow/.local/lib/python3.8/site-packages/airflow/example_dags/example_sensor_decorator.py
[2026-06-12T11:21:52.972+0000] {logging_mixin.py:188} INFO - [2026-06-12T11:21:52.969+0000] {dag.py:3036} INFO - Sync 1 DAGs
[2026-06-12T11:21:52.994+0000] {logging_mixin.py:188} INFO - [2026-06-12T11:21:52.994+0000] {dag.py:3823} INFO - Setting next_dagrun for example_sensor_decorator to None, run_after=None
[2026-06-12T11:21:53.027+0000] {processor.py:183} INFO - Processing /home/airflow/.local/lib/python3.8/site-packages/airflow/example_dags/example_sensor_decorator.py took 0.120 seconds
[2026-06-12T11:22:23.635+0000] {processor.py:161} INFO - Started process (PID=2634) to work on /home/airflow/.local/lib/python3.8/site-packages/airflow/example_dags/example_sensor_decorator.py
[2026-06-12T11:22:23.637+0000] {processor.py:830} INFO - Processing file /home/airflow/.local/lib/python3.8/site-packages/airflow/example_dags/example_sensor_decorator.py for tasks to queue
[2026-06-12T11:22:23.639+0000] {logging_mixin.py:188} INFO - [2026-06-12T11:22:23.639+0000] {dagbag.py:538} INFO - Filling up the DagBag from /home/airflow/.local/lib/python3.8/site-packages/airflow/example_dags/example_sensor_decorator.py
[2026-06-12T11:22:23.650+0000] {processor.py:840} INFO - DAG(s) 'example_sensor_decorator' retrieved from /home/airflow/.local/lib/python3.8/site-packages/airflow/example_dags/example_sensor_decorator.py
[2026-06-12T11:22:23.689+0000] {logging_mixin.py:188} INFO - [2026-06-12T11:22:23.689+0000] {dag.py:3036} INFO - Sync 1 DAGs
[2026-06-12T11:22:23.712+0000] {logging_mixin.py:188} INFO - [2026-06-12T11:22:23.712+0000] {dag.py:3823} INFO - Setting next_dagrun for example_sensor_decorator to None, run_after=None
[2026-06-12T11:22:23.744+0000] {processor.py:183} INFO - Processing /home/airflow/.local/lib/python3.8/site-packages/airflow/example_dags/example_sensor_decorator.py took 0.115 seconds
[2026-06-12T11:22:54.141+0000] {processor.py:161} INFO - Started process (PID=2700) to work on /home/airflow/.local/lib/python3.8/site-packages/airflow/example_dags/example_sensor_decorator.py
[2026-06-12T11:22:54.142+0000] {processor.py:830} INFO - Processing file /home/airflow/.local/lib/python3.8/site-packages/airflow/example_dags/example_sensor_decorator.py for tasks to queue
[2026-06-12T11:22:54.145+0000] {logging_mixin.py:188} INFO - [2026-06-12T11:22:54.144+0000] {dagbag.py:538} INFO - Filling up the DagBag from /home/airflow/.local/lib/python3.8/site-packages/airflow/example_dags/example_sensor_decorator.py
[2026-06-12T11:22:54.154+0000] {processor.py:840} INFO - DAG(s) 'example_sensor_decorator' retrieved from /home/airflow/.local/lib/python3.8/site-packages/airflow/example_dags/example_sensor_decorator.py
[2026-06-12T11:22:54.190+0000] {logging_mixin.py:188} INFO - [2026-06-12T11:22:54.190+0000] {dag.py:3036} INFO - Sync 1 DAGs
[2026-06-12T11:22:54.211+0000] {logging_mixin.py:188} INFO - [2026-06-12T11:22:54.211+0000] {dag.py:3823} INFO - Setting next_dagrun for example_sensor_decorator to None, run_after=None
[2026-06-12T11:22:54.240+0000] {processor.py:183} INFO - Processing /home/airflow/.local/lib/python3.8/site-packages/airflow/example_dags/example_sensor_decorator.py took 0.104 seconds
[2026-06-12T11:23:25.076+0000] {processor.py:161} INFO - Started process (PID=2773) to work on /home/airflow/.local/lib/python3.8/site-packages/airflow/example_dags/example_sensor_decorator.py
[2026-06-12T11:23:25.078+0000] {processor.py:830} INFO - Processing file /home/airflow/.local/lib/python3.8/site-packages/airflow/example_dags/example_sensor_decorator.py for tasks to queue
[2026-06-12T11:23:25.081+0000] {logging_mixin.py:188} INFO - [2026-06-12T11:23:25.080+0000] {dagbag.py:538} INFO - Filling up the DagBag from /home/airflow/.local/lib/python3.8/site-packages/airflow/example_dags/example_sensor_decorator.py
[2026-06-12T11:23:25.089+0000] {processor.py:840} INFO - DAG(s) 'example_sensor_decorator' retrieved from /home/airflow/.local/lib/python3.8/site-packages/airflow/example_dags/example_sensor_decorator.py
[2026-06-12T11:23:25.129+0000] {logging_mixin.py:188} INFO - [2026-06-12T11:23:25.129+0000] {dag.py:3036} INFO - Sync 1 DAGs
[2026-06-12T11:23:25.154+0000] {logging_mixin.py:188} INFO - [2026-06-12T11:23:25.154+0000] {dag.py:3823} INFO - Setting next_dagrun for example_sensor_decorator to None, run_after=None
[2026-06-12T11:23:25.191+0000] {processor.py:183} INFO - Processing /home/airflow/.local/lib/python3.8/site-packages/airflow/example_dags/example_sensor_decorator.py took 0.120 seconds
[2026-06-12T11:23:56.396+0000] {processor.py:161} INFO - Started process (PID=2839) to work on /home/airflow/.local/lib/python3.8/site-packages/airflow/example_dags/example_sensor_decorator.py
[2026-06-12T11:23:56.398+0000] {processor.py:830} INFO - Processing file /home/airflow/.local/lib/python3.8/site-packages/airflow/example_dags/example_sensor_decorator.py for tasks to queue
[2026-06-12T11:23:56.401+0000] {logging_mixin.py:188} INFO - [2026-06-12T11:23:56.400+0000] {dagbag.py:538} INFO - Filling up the DagBag from /home/airflow/.local/lib/python3.8/site-packages/airflow/example_dags/example_sensor_decorator.py
[2026-06-12T11:23:56.410+0000] {processor.py:840} INFO - DAG(s) 'example_sensor_decorator' retrieved from /home/airflow/.local/lib/python3.8/site-packages/airflow/example_dags/example_sensor_decorator.py
[2026-06-12T11:23:56.448+0000] {logging_mixin.py:188} INFO - [2026-06-12T11:23:56.448+0000] {dag.py:3036} INFO - Sync 1 DAGs
[2026-06-12T11:23:56.473+0000] {logging_mixin.py:188} INFO - [2026-06-12T11:23:56.473+0000] {dag.py:3823} INFO - Setting next_dagrun for example_sensor_decorator to None, run_after=None
[2026-06-12T11:23:56.506+0000] {processor.py:183} INFO - Processing /home/airflow/.local/lib/python3.8/site-packages/airflow/example_dags/example_sensor_decorator.py took 0.116 seconds
[2026-06-12T11:24:26.665+0000] {processor.py:161} INFO - Started process (PID=2904) to work on /home/airflow/.local/lib/python3.8/site-packages/airflow/example_dags/example_sensor_decorator.py
[2026-06-12T11:24:26.668+0000] {processor.py:830} INFO - Processing file /home/airflow/.local/lib/python3.8/site-packages/airflow/example_dags/example_sensor_decorator.py for tasks to queue
[2026-06-12T11:24:26.671+0000] {logging_mixin.py:188} INFO - [2026-06-12T11:24:26.670+0000] {dagbag.py:538} INFO - Filling up the DagBag from /home/airflow/.local/lib/python3.8/site-packages/airflow/example_dags/example_sensor_decorator.py
[2026-06-12T11:24:26.682+0000] {processor.py:840} INFO - DAG(s) 'example_sensor_decorator' retrieved from /home/airflow/.local/lib/python3.8/site-packages/airflow/example_dags/example_sensor_decorator.py
[2026-06-12T11:24:26.723+0000] {logging_mixin.py:188} INFO - [2026-06-12T11:24:26.722+0000] {dag.py:3036} INFO - Sync 1 DAGs
[2026-06-12T11:24:26.747+0000] {logging_mixin.py:188} INFO - [2026-06-12T11:24:26.747+0000] {dag.py:3823} INFO - Setting next_dagrun for example_sensor_decorator to None, run_after=None
[2026-06-12T11:24:26.779+0000] {processor.py:183} INFO - Processing /home/airflow/.local/lib/python3.8/site-packages/airflow/example_dags/example_sensor_decorator.py took 0.120 seconds
[2026-06-12T11:24:57.515+0000] {processor.py:161} INFO - Started process (PID=2971) to work on /home/airflow/.local/lib/python3.8/site-packages/airflow/example_dags/example_sensor_decorator.py
[2026-06-12T11:24:57.517+0000] {processor.py:830} INFO - Processing file /home/airflow/.local/lib/python3.8/site-packages/airflow/example_dags/example_sensor_decorator.py for tasks to queue
[2026-06-12T11:24:57.519+0000] {logging_mixin.py:188} INFO - [2026-06-12T11:24:57.519+0000] {dagbag.py:538} INFO - Filling up the DagBag from /home/airflow/.local/lib/python3.8/site-packages/airflow/example_dags/example_sensor_decorator.py
[2026-06-12T11:24:57.530+0000] {processor.py:840} INFO - DAG(s) 'example_sensor_decorator' retrieved from /home/airflow/.local/lib/python3.8/site-packages/airflow/example_dags/example_sensor_decorator.py
[2026-06-12T11:24:57.569+0000] {logging_mixin.py:188} INFO - [2026-06-12T11:24:57.569+0000] {dag.py:3036} INFO - Sync 1 DAGs
[2026-06-12T11:24:57.593+0000] {logging_mixin.py:188} INFO - [2026-06-12T11:24:57.592+0000] {dag.py:3823} INFO - Setting next_dagrun for example_sensor_decorator to None, run_after=None
[2026-06-12T11:24:57.628+0000] {processor.py:183} INFO - Processing /home/airflow/.local/lib/python3.8/site-packages/airflow/example_dags/example_sensor_decorator.py took 0.119 seconds
[2026-06-12T11:25:29.555+0000] {processor.py:161} INFO - Started process (PID=3038) to work on /home/airflow/.local/lib/python3.8/site-packages/airflow/example_dags/example_sensor_decorator.py
[2026-06-12T11:25:29.557+0000] {processor.py:830} INFO - Processing file /home/airflow/.local/lib/python3.8/site-packages/airflow/example_dags/example_sensor_decorator.py for tasks to queue
[2026-06-12T11:25:29.560+0000] {logging_mixin.py:188} INFO - [2026-06-12T11:25:29.559+0000] {dagbag.py:538} INFO - Filling up the DagBag from /home/airflow/.local/lib/python3.8/site-packages/airflow/example_dags/example_sensor_decorator.py
[2026-06-12T11:25:29.570+0000] {processor.py:840} INFO - DAG(s) 'example_sensor_decorator' retrieved from /home/airflow/.local/lib/python3.8/site-packages/airflow/example_dags/example_sensor_decorator.py
[2026-06-12T11:25:29.607+0000] {logging_mixin.py:188} INFO - [2026-06-12T11:25:29.606+0000] {dag.py:3036} INFO - Sync 1 DAGs
[2026-06-12T11:25:29.626+0000] {logging_mixin.py:188} INFO - [2026-06-12T11:25:29.626+0000] {dag.py:3823} INFO - Setting next_dagrun for example_sensor_decorator to None, run_after=None
[2026-06-12T11:25:29.654+0000] {processor.py:183} INFO - Processing /home/airflow/.local/lib/python3.8/site-packages/airflow/example_dags/example_sensor_decorator.py took 0.104 seconds
[2026-06-12T11:26:01.255+0000] {processor.py:161} INFO - Started process (PID=3101) to work on /home/airflow/.local/lib/python3.8/site-packages/airflow/example_dags/example_sensor_decorator.py
[2026-06-12T11:26:01.257+0000] {processor.py:830} INFO - Processing file /home/airflow/.local/lib/python3.8/site-packages/airflow/example_dags/example_sensor_decorator.py for tasks to queue
[2026-06-12T11:26:01.259+0000] {logging_mixin.py:188} INFO - [2026-06-12T11:26:01.259+0000] {dagbag.py:538} INFO - Filling up the DagBag from /home/airflow/.local/lib/python3.8/site-packages/airflow/example_dags/example_sensor_decorator.py
[2026-06-12T11:26:01.269+0000] {processor.py:840} INFO - DAG(s) 'example_sensor_decorator' retrieved from /home/airflow/.local/lib/python3.8/site-packages/airflow/example_dags/example_sensor_decorator.py
[2026-06-12T11:26:01.304+0000] {logging_mixin.py:188} INFO - [2026-06-12T11:26:01.304+0000] {dag.py:3036} INFO - Sync 1 DAGs
[2026-06-12T11:26:01.504+0000] {logging_mixin.py:188} INFO - [2026-06-12T11:26:01.503+0000] {dag.py:3823} INFO - Setting next_dagrun for example_sensor_decorator to None, run_after=None
[2026-06-12T11:26:01.532+0000] {processor.py:183} INFO - Processing /home/airflow/.local/lib/python3.8/site-packages/airflow/example_dags/example_sensor_decorator.py took 0.282 seconds
[2026-06-12T11:26:32.053+0000] {processor.py:161} INFO - Started process (PID=3170) to work on /home/airflow/.local/lib/python3.8/site-packages/airflow/example_dags/example_sensor_decorator.py
[2026-06-12T11:26:32.055+0000] {processor.py:830} INFO - Processing file /home/airflow/.local/lib/python3.8/site-packages/airflow/example_dags/example_sensor_decorator.py for tasks to queue
[2026-06-12T11:26:32.058+0000] {logging_mixin.py:188} INFO - [2026-06-12T11:26:32.057+0000] {dagbag.py:538} INFO - Filling up the DagBag from /home/airflow/.local/lib/python3.8/site-packages/airflow/example_dags/example_sensor_decorator.py
[2026-06-12T11:26:32.066+0000] {processor.py:840} INFO - DAG(s) 'example_sensor_decorator' retrieved from /home/airflow/.local/lib/python3.8/site-packages/airflow/example_dags/example_sensor_decorator.py
[2026-06-12T11:26:32.104+0000] {logging_mixin.py:188} INFO - [2026-06-12T11:26:32.103+0000] {dag.py:3036} INFO - Sync 1 DAGs
[2026-06-12T11:26:32.127+0000] {logging_mixin.py:188} INFO - [2026-06-12T11:26:32.126+0000] {dag.py:3823} INFO - Setting next_dagrun for example_sensor_decorator to None, run_after=None
[2026-06-12T11:26:32.333+0000] {processor.py:183} INFO - Processing /home/airflow/.local/lib/python3.8/site-packages/airflow/example_dags/example_sensor_decorator.py took 0.284 seconds
[2026-06-12T11:27:02.586+0000] {processor.py:161} INFO - Started process (PID=3238) to work on /home/airflow/.local/lib/python3.8/site-packages/airflow/example_dags/example_sensor_decorator.py
[2026-06-12T11:27:02.587+0000] {processor.py:830} INFO - Processing file /home/airflow/.local/lib/python3.8/site-packages/airflow/example_dags/example_sensor_decorator.py for tasks to queue
[2026-06-12T11:27:02.590+0000] {logging_mixin.py:188} INFO - [2026-06-12T11:27:02.589+0000] {dagbag.py:538} INFO - Filling up the DagBag from /home/airflow/.local/lib/python3.8/site-packages/airflow/example_dags/example_sensor_decorator.py
[2026-06-12T11:27:02.598+0000] {processor.py:840} INFO - DAG(s) 'example_sensor_decorator' retrieved from /home/airflow/.local/lib/python3.8/site-packages/airflow/example_dags/example_sensor_decorator.py
[2026-06-12T11:27:02.633+0000] {logging_mixin.py:188} INFO - [2026-06-12T11:27:02.632+0000] {dag.py:3036} INFO - Sync 1 DAGs
[2026-06-12T11:27:02.652+0000] {logging_mixin.py:188} INFO - [2026-06-12T11:27:02.652+0000] {dag.py:3823} INFO - Setting next_dagrun for example_sensor_decorator to None, run_after=None
[2026-06-12T11:27:02.680+0000] {processor.py:183} INFO - Processing /home/airflow/.local/lib/python3.8/site-packages/airflow/example_dags/example_sensor_decorator.py took 0.099 seconds
[2026-06-12T11:27:33.332+0000] {processor.py:161} INFO - Started process (PID=3310) to work on /home/airflow/.local/lib/python3.8/site-packages/airflow/example_dags/example_sensor_decorator.py
[2026-06-12T11:27:33.334+0000] {processor.py:830} INFO - Processing file /home/airflow/.local/lib/python3.8/site-packages/airflow/example_dags/example_sensor_decorator.py for tasks to queue
[2026-06-12T11:27:33.338+0000] {logging_mixin.py:188} INFO - [2026-06-12T11:27:33.337+0000] {dagbag.py:538} INFO - Filling up the DagBag from /home/airflow/.local/lib/python3.8/site-packages/airflow/example_dags/example_sensor_decorator.py
[2026-06-12T11:27:33.348+0000] {processor.py:840} INFO - DAG(s) 'example_sensor_decorator' retrieved from /home/airflow/.local/lib/python3.8/site-packages/airflow/example_dags/example_sensor_decorator.py
[2026-06-12T11:27:33.388+0000] {logging_mixin.py:188} INFO - [2026-06-12T11:27:33.388+0000] {dag.py:3036} INFO - Sync 1 DAGs
[2026-06-12T11:27:33.407+0000] {logging_mixin.py:188} INFO - [2026-06-12T11:27:33.407+0000] {dag.py:3823} INFO - Setting next_dagrun for example_sensor_decorator to None, run_after=None
[2026-06-12T11:27:33.435+0000] {processor.py:183} INFO - Processing /home/airflow/.local/lib/python3.8/site-packages/airflow/example_dags/example_sensor_decorator.py took 0.109 seconds
[2026-06-12T11:28:03.859+0000] {processor.py:161} INFO - Started process (PID=3374) to work on /home/airflow/.local/lib/python3.8/site-packages/airflow/example_dags/example_sensor_decorator.py
[2026-06-12T11:28:03.861+0000] {processor.py:830} INFO - Processing file /home/airflow/.local/lib/python3.8/site-packages/airflow/example_dags/example_sensor_decorator.py for tasks to queue
[2026-06-12T11:28:03.864+0000] {logging_mixin.py:188} INFO - [2026-06-12T11:28:03.863+0000] {dagbag.py:538} INFO - Filling up the DagBag from /home/airflow/.local/lib/python3.8/site-packages/airflow/example_dags/example_sensor_decorator.py
[2026-06-12T11:28:03.874+0000] {processor.py:840} INFO - DAG(s) 'example_sensor_decorator' retrieved from /home/airflow/.local/lib/python3.8/site-packages/airflow/example_dags/example_sensor_decorator.py
[2026-06-12T11:28:03.913+0000] {logging_mixin.py:188} INFO - [2026-06-12T11:28:03.913+0000] {dag.py:3036} INFO - Sync 1 DAGs
[2026-06-12T11:28:03.939+0000] {logging_mixin.py:188} INFO - [2026-06-12T11:28:03.938+0000] {dag.py:3823} INFO - Setting next_dagrun for example_sensor_decorator to None, run_after=None
[2026-06-12T11:28:03.973+0000] {processor.py:183} INFO - Processing /home/airflow/.local/lib/python3.8/site-packages/airflow/example_dags/example_sensor_decorator.py took 0.119 seconds
[2026-06-12T11:28:34.475+0000] {processor.py:161} INFO - Started process (PID=3439) to work on /home/airflow/.local/lib/python3.8/site-packages/airflow/example_dags/example_sensor_decorator.py
[2026-06-12T11:28:34.477+0000] {processor.py:830} INFO - Processing file /home/airflow/.local/lib/python3.8/site-packages/airflow/example_dags/example_sensor_decorator.py for tasks to queue
[2026-06-12T11:28:34.480+0000] {logging_mixin.py:188} INFO - [2026-06-12T11:28:34.480+0000] {dagbag.py:538} INFO - Filling up the DagBag from /home/airflow/.local/lib/python3.8/site-packages/airflow/example_dags/example_sensor_decorator.py
[2026-06-12T11:28:34.491+0000] {processor.py:840} INFO - DAG(s) 'example_sensor_decorator' retrieved from /home/airflow/.local/lib/python3.8/site-packages/airflow/example_dags/example_sensor_decorator.py
[2026-06-12T11:28:34.532+0000] {logging_mixin.py:188} INFO - [2026-06-12T11:28:34.531+0000] {dag.py:3036} INFO - Sync 1 DAGs
[2026-06-12T11:28:34.554+0000] {logging_mixin.py:188} INFO - [2026-06-12T11:28:34.554+0000] {dag.py:3823} INFO - Setting next_dagrun for example_sensor_decorator to None, run_after=None
[2026-06-12T11:28:34.582+0000] {processor.py:183} INFO - Processing /home/airflow/.local/lib/python3.8/site-packages/airflow/example_dags/example_sensor_decorator.py took 0.112 seconds
[2026-06-12T11:29:04.660+0000] {processor.py:161} INFO - Started process (PID=3505) to work on /home/airflow/.local/lib/python3.8/site-packages/airflow/example_dags/example_sensor_decorator.py
[2026-06-12T11:29:04.661+0000] {processor.py:830} INFO - Processing file /home/airflow/.local/lib/python3.8/site-packages/airflow/example_dags/example_sensor_decorator.py for tasks to queue
[2026-06-12T11:29:04.664+0000] {logging_mixin.py:188} INFO - [2026-06-12T11:29:04.664+0000] {dagbag.py:538} INFO - Filling up the DagBag from /home/airflow/.local/lib/python3.8/site-packages/airflow/example_dags/example_sensor_decorator.py
[2026-06-12T11:29:04.675+0000] {processor.py:840} INFO - DAG(s) 'example_sensor_decorator' retrieved from /home/airflow/.local/lib/python3.8/site-packages/airflow/example_dags/example_sensor_decorator.py
[2026-06-12T11:29:04.722+0000] {logging_mixin.py:188} INFO - [2026-06-12T11:29:04.722+0000] {dag.py:3036} INFO - Sync 1 DAGs
[2026-06-12T11:29:04.742+0000] {logging_mixin.py:188} INFO - [2026-06-12T11:29:04.742+0000] {dag.py:3823} INFO - Setting next_dagrun for example_sensor_decorator to None, run_after=None
[2026-06-12T11:29:04.782+0000] {processor.py:183} INFO - Processing /home/airflow/.local/lib/python3.8/site-packages/airflow/example_dags/example_sensor_decorator.py took 0.127 seconds
[2026-06-12T11:29:35.370+0000] {processor.py:161} INFO - Started process (PID=3570) to work on /home/airflow/.local/lib/python3.8/site-packages/airflow/example_dags/example_sensor_decorator.py
[2026-06-12T11:29:35.371+0000] {processor.py:830} INFO - Processing file /home/airflow/.local/lib/python3.8/site-packages/airflow/example_dags/example_sensor_decorator.py for tasks to queue
[2026-06-12T11:29:35.374+0000] {logging_mixin.py:188} INFO - [2026-06-12T11:29:35.373+0000] {dagbag.py:538} INFO - Filling up the DagBag from /home/airflow/.local/lib/python3.8/site-packages/airflow/example_dags/example_sensor_decorator.py
[2026-06-12T11:29:35.384+0000] {processor.py:840} INFO - DAG(s) 'example_sensor_decorator' retrieved from /home/airflow/.local/lib/python3.8/site-packages/airflow/example_dags/example_sensor_decorator.py
[2026-06-12T11:29:35.421+0000] {logging_mixin.py:188} INFO - [2026-06-12T11:29:35.421+0000] {dag.py:3036} INFO - Sync 1 DAGs
[2026-06-12T11:29:35.445+0000] {logging_mixin.py:188} INFO - [2026-06-12T11:29:35.445+0000] {dag.py:3823} INFO - Setting next_dagrun for example_sensor_decorator to None, run_after=None
[2026-06-12T11:29:35.490+0000] {processor.py:183} INFO - Processing /home/airflow/.local/lib/python3.8/site-packages/airflow/example_dags/example_sensor_decorator.py took 0.125 seconds
[2026-06-12T11:30:05.891+0000] {processor.py:161} INFO - Started process (PID=3635) to work on /home/airflow/.local/lib/python3.8/site-packages/airflow/example_dags/example_sensor_decorator.py
[2026-06-12T11:30:05.893+0000] {processor.py:830} INFO - Processing file /home/airflow/.local/lib/python3.8/site-packages/airflow/example_dags/example_sensor_decorator.py for tasks to queue
[2026-06-12T11:30:05.895+0000] {logging_mixin.py:188} INFO - [2026-06-12T11:30:05.895+0000] {dagbag.py:538} INFO - Filling up the DagBag from /home/airflow/.local/lib/python3.8/site-packages/airflow/example_dags/example_sensor_decorator.py
[2026-06-12T11:30:05.906+0000] {processor.py:840} INFO - DAG(s) 'example_sensor_decorator' retrieved from /home/airflow/.local/lib/python3.8/site-packages/airflow/example_dags/example_sensor_decorator.py
[2026-06-12T11:30:05.941+0000] {logging_mixin.py:188} INFO - [2026-06-12T11:30:05.941+0000] {dag.py:3036} INFO - Sync 1 DAGs
[2026-06-12T11:30:05.961+0000] {logging_mixin.py:188} INFO - [2026-06-12T11:30:05.961+0000] {dag.py:3823} INFO - Setting next_dagrun for example_sensor_decorator to None, run_after=None
[2026-06-12T11:30:05.990+0000] {processor.py:183} INFO - Processing /home/airflow/.local/lib/python3.8/site-packages/airflow/example_dags/example_sensor_decorator.py took 0.103 seconds
[2026-06-12T11:30:36.548+0000] {processor.py:161} INFO - Started process (PID=3701) to work on /home/airflow/.local/lib/python3.8/site-packages/airflow/example_dags/example_sensor_decorator.py
[2026-06-12T11:30:36.550+0000] {processor.py:830} INFO - Processing file /home/airflow/.local/lib/python3.8/site-packages/airflow/example_dags/example_sensor_decorator.py for tasks to queue
[2026-06-12T11:30:36.554+0000] {logging_mixin.py:188} INFO - [2026-06-12T11:30:36.553+0000] {dagbag.py:538} INFO - Filling up the DagBag from /home/airflow/.local/lib/python3.8/site-packages/airflow/example_dags/example_sensor_decorator.py
[2026-06-12T11:30:36.566+0000] {processor.py:840} INFO - DAG(s) 'example_sensor_decorator' retrieved from /home/airflow/.local/lib/python3.8/site-packages/airflow/example_dags/example_sensor_decorator.py
[2026-06-12T11:30:36.610+0000] {logging_mixin.py:188} INFO - [2026-06-12T11:30:36.610+0000] {dag.py:3036} INFO - Sync 1 DAGs
[2026-06-12T11:30:36.633+0000] {logging_mixin.py:188} INFO - [2026-06-12T11:30:36.632+0000] {dag.py:3823} INFO - Setting next_dagrun for example_sensor_decorator to None, run_after=None
[2026-06-12T11:30:36.673+0000] {processor.py:183} INFO - Processing /home/airflow/.local/lib/python3.8/site-packages/airflow/example_dags/example_sensor_decorator.py took 0.131 seconds
[2026-06-12T11:31:06.927+0000] {processor.py:161} INFO - Started process (PID=3768) to work on /home/airflow/.local/lib/python3.8/site-packages/airflow/example_dags/example_sensor_decorator.py
[2026-06-12T11:31:06.929+0000] {processor.py:830} INFO - Processing file /home/airflow/.local/lib/python3.8/site-packages/airflow/example_dags/example_sensor_decorator.py for tasks to queue
[2026-06-12T11:31:06.932+0000] {logging_mixin.py:188} INFO - [2026-06-12T11:31:06.931+0000] {dagbag.py:538} INFO - Filling up the DagBag from /home/airflow/.local/lib/python3.8/site-packages/airflow/example_dags/example_sensor_decorator.py
[2026-06-12T11:31:06.941+0000] {processor.py:840} INFO - DAG(s) 'example_sensor_decorator' retrieved from /home/airflow/.local/lib/python3.8/site-packages/airflow/example_dags/example_sensor_decorator.py
[2026-06-12T11:31:06.978+0000] {logging_mixin.py:188} INFO - [2026-06-12T11:31:06.978+0000] {dag.py:3036} INFO - Sync 1 DAGs
[2026-06-12T11:31:06.999+0000] {logging_mixin.py:188} INFO - [2026-06-12T11:31:06.998+0000] {dag.py:3823} INFO - Setting next_dagrun for example_sensor_decorator to None, run_after=None
[2026-06-12T11:31:07.030+0000] {processor.py:183} INFO - Processing /home/airflow/.local/lib/python3.8/site-packages/airflow/example_dags/example_sensor_decorator.py took 0.107 seconds
[2026-06-12T11:31:37.104+0000] {processor.py:161} INFO - Started process (PID=3835) to work on /home/airflow/.local/lib/python3.8/site-packages/airflow/example_dags/example_sensor_decorator.py
[2026-06-12T11:31:37.106+0000] {processor.py:830} INFO - Processing file /home/airflow/.local/lib/python3.8/site-packages/airflow/example_dags/example_sensor_decorator.py for tasks to queue
[2026-06-12T11:31:37.108+0000] {logging_mixin.py:188} INFO - [2026-06-12T11:31:37.108+0000] {dagbag.py:538} INFO - Filling up the DagBag from /home/airflow/.local/lib/python3.8/site-packages/airflow/example_dags/example_sensor_decorator.py
[2026-06-12T11:31:37.118+0000] {processor.py:840} INFO - DAG(s) 'example_sensor_decorator' retrieved from /home/airflow/.local/lib/python3.8/site-packages/airflow/example_dags/example_sensor_decorator.py
[2026-06-12T11:31:37.154+0000] {logging_mixin.py:188} INFO - [2026-06-12T11:31:37.154+0000] {dag.py:3036} INFO - Sync 1 DAGs
[2026-06-12T11:31:37.176+0000] {logging_mixin.py:188} INFO - [2026-06-12T11:31:37.176+0000] {dag.py:3823} INFO - Setting next_dagrun for example_sensor_decorator to None, run_after=None
[2026-06-12T11:31:37.209+0000] {processor.py:183} INFO - Processing /home/airflow/.local/lib/python3.8/site-packages/airflow/example_dags/example_sensor_decorator.py took 0.110 seconds
[2026-06-12T11:32:07.611+0000] {processor.py:161} INFO - Started process (PID=3910) to work on /home/airflow/.local/lib/python3.8/site-packages/airflow/example_dags/example_sensor_decorator.py
[2026-06-12T11:32:07.613+0000] {processor.py:830} INFO - Processing file /home/airflow/.local/lib/python3.8/site-packages/airflow/example_dags/example_sensor_decorator.py for tasks to queue
[2026-06-12T11:32:07.616+0000] {logging_mixin.py:188} INFO - [2026-06-12T11:32:07.616+0000] {dagbag.py:538} INFO - Filling up the DagBag from /home/airflow/.local/lib/python3.8/site-packages/airflow/example_dags/example_sensor_decorator.py
[2026-06-12T11:32:07.627+0000] {processor.py:840} INFO - DAG(s) 'example_sensor_decorator' retrieved from /home/airflow/.local/lib/python3.8/site-packages/airflow/example_dags/example_sensor_decorator.py
[2026-06-12T11:32:07.667+0000] {logging_mixin.py:188} INFO - [2026-06-12T11:32:07.667+0000] {dag.py:3036} INFO - Sync 1 DAGs
[2026-06-12T11:32:07.692+0000] {logging_mixin.py:188} INFO - [2026-06-12T11:32:07.692+0000] {dag.py:3823} INFO - Setting next_dagrun for example_sensor_decorator to None, run_after=None
[2026-06-12T11:32:07.725+0000] {processor.py:183} INFO - Processing /home/airflow/.local/lib/python3.8/site-packages/airflow/example_dags/example_sensor_decorator.py took 0.119 seconds
[2026-06-12T11:32:38.138+0000] {processor.py:161} INFO - Started process (PID=3975) to work on /home/airflow/.local/lib/python3.8/site-packages/airflow/example_dags/example_sensor_decorator.py
[2026-06-12T11:32:38.139+0000] {processor.py:830} INFO - Processing file /home/airflow/.local/lib/python3.8/site-packages/airflow/example_dags/example_sensor_decorator.py for tasks to queue
[2026-06-12T11:32:38.142+0000] {logging_mixin.py:188} INFO - [2026-06-12T11:32:38.141+0000] {dagbag.py:538} INFO - Filling up the DagBag from /home/airflow/.local/lib/python3.8/site-packages/airflow/example_dags/example_sensor_decorator.py
[2026-06-12T11:32:38.154+0000] {processor.py:840} INFO - DAG(s) 'example_sensor_decorator' retrieved from /home/airflow/.local/lib/python3.8/site-packages/airflow/example_dags/example_sensor_decorator.py
[2026-06-12T11:32:38.194+0000] {logging_mixin.py:188} INFO - [2026-06-12T11:32:38.193+0000] {dag.py:3036} INFO - Sync 1 DAGs
[2026-06-12T11:32:38.220+0000] {logging_mixin.py:188} INFO - [2026-06-12T11:32:38.219+0000] {dag.py:3823} INFO - Setting next_dagrun for example_sensor_decorator to None, run_after=None
[2026-06-12T11:32:38.257+0000] {processor.py:183} INFO - Processing /home/airflow/.local/lib/python3.8/site-packages/airflow/example_dags/example_sensor_decorator.py took 0.125 seconds
[2026-06-12T11:33:08.723+0000] {processor.py:161} INFO - Started process (PID=4040) to work on /home/airflow/.local/lib/python3.8/site-packages/airflow/example_dags/example_sensor_decorator.py
[2026-06-12T11:33:08.725+0000] {processor.py:830} INFO - Processing file /home/airflow/.local/lib/python3.8/site-packages/airflow/example_dags/example_sensor_decorator.py for tasks to queue
[2026-06-12T11:33:08.727+0000] {logging_mixin.py:188} INFO - [2026-06-12T11:33:08.727+0000] {dagbag.py:538} INFO - Filling up the DagBag from /home/airflow/.local/lib/python3.8/site-packages/airflow/example_dags/example_sensor_decorator.py
[2026-06-12T11:33:08.737+0000] {processor.py:840} INFO - DAG(s) 'example_sensor_decorator' retrieved from /home/airflow/.local/lib/python3.8/site-packages/airflow/example_dags/example_sensor_decorator.py
[2026-06-12T11:33:08.773+0000] {logging_mixin.py:188} INFO - [2026-06-12T11:33:08.773+0000] {dag.py:3036} INFO - Sync 1 DAGs
[2026-06-12T11:33:08.792+0000] {logging_mixin.py:188} INFO - [2026-06-12T11:33:08.792+0000] {dag.py:3823} INFO - Setting next_dagrun for example_sensor_decorator to None, run_after=None
[2026-06-12T11:33:08.820+0000] {processor.py:183} INFO - Processing /home/airflow/.local/lib/python3.8/site-packages/airflow/example_dags/example_sensor_decorator.py took 0.102 seconds
[2026-06-12T11:33:39.448+0000] {processor.py:161} INFO - Started process (PID=4106) to work on /home/airflow/.local/lib/python3.8/site-packages/airflow/example_dags/example_sensor_decorator.py
[2026-06-12T11:33:39.449+0000] {processor.py:830} INFO - Processing file /home/airflow/.local/lib/python3.8/site-packages/airflow/example_dags/example_sensor_decorator.py for tasks to queue
[2026-06-12T11:33:39.452+0000] {logging_mixin.py:188} INFO - [2026-06-12T11:33:39.451+0000] {dagbag.py:538} INFO - Filling up the DagBag from /home/airflow/.local/lib/python3.8/site-packages/airflow/example_dags/example_sensor_decorator.py
[2026-06-12T11:33:39.461+0000] {processor.py:840} INFO - DAG(s) 'example_sensor_decorator' retrieved from /home/airflow/.local/lib/python3.8/site-packages/airflow/example_dags/example_sensor_decorator.py
[2026-06-12T11:33:39.501+0000] {logging_mixin.py:188} INFO - [2026-06-12T11:33:39.501+0000] {dag.py:3036} INFO - Sync 1 DAGs
[2026-06-12T11:33:39.522+0000] {logging_mixin.py:188} INFO - [2026-06-12T11:33:39.522+0000] {dag.py:3823} INFO - Setting next_dagrun for example_sensor_decorator to None, run_after=None
[2026-06-12T11:33:39.550+0000] {processor.py:183} INFO - Processing /home/airflow/.local/lib/python3.8/site-packages/airflow/example_dags/example_sensor_decorator.py took 0.107 seconds
[2026-06-12T11:34:10.154+0000] {processor.py:161} INFO - Started process (PID=4172) to work on /home/airflow/.local/lib/python3.8/site-packages/airflow/example_dags/example_sensor_decorator.py
[2026-06-12T11:34:10.156+0000] {processor.py:830} INFO - Processing file /home/airflow/.local/lib/python3.8/site-packages/airflow/example_dags/example_sensor_decorator.py for tasks to queue
[2026-06-12T11:34:10.159+0000] {logging_mixin.py:188} INFO - [2026-06-12T11:34:10.158+0000] {dagbag.py:538} INFO - Filling up the DagBag from /home/airflow/.local/lib/python3.8/site-packages/airflow/example_dags/example_sensor_decorator.py
[2026-06-12T11:34:10.169+0000] {processor.py:840} INFO - DAG(s) 'example_sensor_decorator' retrieved from /home/airflow/.local/lib/python3.8/site-packages/airflow/example_dags/example_sensor_decorator.py
[2026-06-12T11:34:10.206+0000] {logging_mixin.py:188} INFO - [2026-06-12T11:34:10.205+0000] {dag.py:3036} INFO - Sync 1 DAGs
[2026-06-12T11:34:10.229+0000] {logging_mixin.py:188} INFO - [2026-06-12T11:34:10.228+0000] {dag.py:3823} INFO - Setting next_dagrun for example_sensor_decorator to None, run_after=None
[2026-06-12T11:34:10.259+0000] {processor.py:183} INFO - Processing /home/airflow/.local/lib/python3.8/site-packages/airflow/example_dags/example_sensor_decorator.py took 0.111 seconds
[2026-06-12T11:34:41.142+0000] {processor.py:161} INFO - Started process (PID=4238) to work on /home/airflow/.local/lib/python3.8/site-packages/airflow/example_dags/example_sensor_decorator.py
[2026-06-12T11:34:41.144+0000] {processor.py:830} INFO - Processing file /home/airflow/.local/lib/python3.8/site-packages/airflow/example_dags/example_sensor_decorator.py for tasks to queue
[2026-06-12T11:34:41.147+0000] {logging_mixin.py:188} INFO - [2026-06-12T11:34:41.146+0000] {dagbag.py:538} INFO - Filling up the DagBag from /home/airflow/.local/lib/python3.8/site-packages/airflow/example_dags/example_sensor_decorator.py
[2026-06-12T11:34:41.158+0000] {processor.py:840} INFO - DAG(s) 'example_sensor_decorator' retrieved from /home/airflow/.local/lib/python3.8/site-packages/airflow/example_dags/example_sensor_decorator.py
[2026-06-12T11:34:41.194+0000] {logging_mixin.py:188} INFO - [2026-06-12T11:34:41.193+0000] {dag.py:3036} INFO - Sync 1 DAGs
[2026-06-12T11:34:41.217+0000] {logging_mixin.py:188} INFO - [2026-06-12T11:34:41.216+0000] {dag.py:3823} INFO - Setting next_dagrun for example_sensor_decorator to None, run_after=None
[2026-06-12T11:34:41.247+0000] {processor.py:183} INFO - Processing /home/airflow/.local/lib/python3.8/site-packages/airflow/example_dags/example_sensor_decorator.py took 0.110 seconds
[2026-06-12T11:35:11.365+0000] {processor.py:161} INFO - Started process (PID=4304) to work on /home/airflow/.local/lib/python3.8/site-packages/airflow/example_dags/example_sensor_decorator.py
[2026-06-12T11:35:11.367+0000] {processor.py:830} INFO - Processing file /home/airflow/.local/lib/python3.8/site-packages/airflow/example_dags/example_sensor_decorator.py for tasks to queue
[2026-06-12T11:35:11.369+0000] {logging_mixin.py:188} INFO - [2026-06-12T11:35:11.369+0000] {dagbag.py:538} INFO - Filling up the DagBag from /home/airflow/.local/lib/python3.8/site-packages/airflow/example_dags/example_sensor_decorator.py
[2026-06-12T11:35:11.379+0000] {processor.py:840} INFO - DAG(s) 'example_sensor_decorator' retrieved from /home/airflow/.local/lib/python3.8/site-packages/airflow/example_dags/example_sensor_decorator.py
[2026-06-12T11:35:11.416+0000] {logging_mixin.py:188} INFO - [2026-06-12T11:35:11.415+0000] {dag.py:3036} INFO - Sync 1 DAGs
[2026-06-12T11:35:11.440+0000] {logging_mixin.py:188} INFO - [2026-06-12T11:35:11.439+0000] {dag.py:3823} INFO - Setting next_dagrun for example_sensor_decorator to None, run_after=None
[2026-06-12T11:35:11.468+0000] {processor.py:183} INFO - Processing /home/airflow/.local/lib/python3.8/site-packages/airflow/example_dags/example_sensor_decorator.py took 0.110 seconds
[2026-06-12T11:35:41.796+0000] {processor.py:161} INFO - Started process (PID=4377) to work on /home/airflow/.local/lib/python3.8/site-packages/airflow/example_dags/example_sensor_decorator.py
[2026-06-12T11:35:41.797+0000] {processor.py:830} INFO - Processing file /home/airflow/.local/lib/python3.8/site-packages/airflow/example_dags/example_sensor_decorator.py for tasks to queue
[2026-06-12T11:35:41.800+0000] {logging_mixin.py:188} INFO - [2026-06-12T11:35:41.800+0000] {dagbag.py:538} INFO - Filling up the DagBag from /home/airflow/.local/lib/python3.8/site-packages/airflow/example_dags/example_sensor_decorator.py
[2026-06-12T11:35:41.812+0000] {processor.py:840} INFO - DAG(s) 'example_sensor_decorator' retrieved from /home/airflow/.local/lib/python3.8/site-packages/airflow/example_dags/example_sensor_decorator.py
[2026-06-12T11:35:41.851+0000] {logging_mixin.py:188} INFO - [2026-06-12T11:35:41.851+0000] {dag.py:3036} INFO - Sync 1 DAGs
[2026-06-12T11:35:41.874+0000] {logging_mixin.py:188} INFO - [2026-06-12T11:35:41.874+0000] {dag.py:3823} INFO - Setting next_dagrun for example_sensor_decorator to None, run_after=None
[2026-06-12T11:35:41.902+0000] {processor.py:183} INFO - Processing /home/airflow/.local/lib/python3.8/site-packages/airflow/example_dags/example_sensor_decorator.py took 0.112 seconds
[2026-06-12T11:36:12.332+0000] {processor.py:161} INFO - Started process (PID=4441) to work on /home/airflow/.local/lib/python3.8/site-packages/airflow/example_dags/example_sensor_decorator.py
[2026-06-12T11:36:12.334+0000] {processor.py:830} INFO - Processing file /home/airflow/.local/lib/python3.8/site-packages/airflow/example_dags/example_sensor_decorator.py for tasks to queue
[2026-06-12T11:36:12.337+0000] {logging_mixin.py:188} INFO - [2026-06-12T11:36:12.336+0000] {dagbag.py:538} INFO - Filling up the DagBag from /home/airflow/.local/lib/python3.8/site-packages/airflow/example_dags/example_sensor_decorator.py
[2026-06-12T11:36:12.347+0000] {processor.py:840} INFO - DAG(s) 'example_sensor_decorator' retrieved from /home/airflow/.local/lib/python3.8/site-packages/airflow/example_dags/example_sensor_decorator.py
[2026-06-12T11:36:12.385+0000] {logging_mixin.py:188} INFO - [2026-06-12T11:36:12.384+0000] {dag.py:3036} INFO - Sync 1 DAGs
[2026-06-12T11:36:12.409+0000] {logging_mixin.py:188} INFO - [2026-06-12T11:36:12.409+0000] {dag.py:3823} INFO - Setting next_dagrun for example_sensor_decorator to None, run_after=None
[2026-06-12T11:36:12.441+0000] {processor.py:183} INFO - Processing /home/airflow/.local/lib/python3.8/site-packages/airflow/example_dags/example_sensor_decorator.py took 0.115 seconds
[2026-06-12T11:36:43.090+0000] {processor.py:161} INFO - Started process (PID=4507) to work on /home/airflow/.local/lib/python3.8/site-packages/airflow/example_dags/example_sensor_decorator.py
[2026-06-12T11:36:43.091+0000] {processor.py:830} INFO - Processing file /home/airflow/.local/lib/python3.8/site-packages/airflow/example_dags/example_sensor_decorator.py for tasks to queue
[2026-06-12T11:36:43.095+0000] {logging_mixin.py:188} INFO - [2026-06-12T11:36:43.094+0000] {dagbag.py:538} INFO - Filling up the DagBag from /home/airflow/.local/lib/python3.8/site-packages/airflow/example_dags/example_sensor_decorator.py
[2026-06-12T11:36:43.106+0000] {processor.py:840} INFO - DAG(s) 'example_sensor_decorator' retrieved from /home/airflow/.local/lib/python3.8/site-packages/airflow/example_dags/example_sensor_decorator.py
[2026-06-12T11:36:43.152+0000] {logging_mixin.py:188} INFO - [2026-06-12T11:36:43.151+0000] {dag.py:3036} INFO - Sync 1 DAGs
[2026-06-12T11:36:43.177+0000] {logging_mixin.py:188} INFO - [2026-06-12T11:36:43.176+0000] {dag.py:3823} INFO - Setting next_dagrun for example_sensor_decorator to None, run_after=None
[2026-06-12T11:36:43.211+0000] {processor.py:183} INFO - Processing /home/airflow/.local/lib/python3.8/site-packages/airflow/example_dags/example_sensor_decorator.py took 0.127 seconds
