[2026-06-12T11:03:03.549+0000] {processor.py:161} INFO - Started process (PID=88) to work on /home/airflow/.local/lib/python3.8/site-packages/airflow/example_dags/example_python_decorator.py
[2026-06-12T11:03:03.551+0000] {processor.py:830} INFO - Processing file /home/airflow/.local/lib/python3.8/site-packages/airflow/example_dags/example_python_decorator.py for tasks to queue
[2026-06-12T11:03:03.555+0000] {logging_mixin.py:188} INFO - [2026-06-12T11:03:03.554+0000] {dagbag.py:538} INFO - Filling up the DagBag from /home/airflow/.local/lib/python3.8/site-packages/airflow/example_dags/example_python_decorator.py
[2026-06-12T11:03:03.583+0000] {processor.py:840} INFO - DAG(s) 'example_python_decorator' retrieved from /home/airflow/.local/lib/python3.8/site-packages/airflow/example_dags/example_python_decorator.py
[2026-06-12T11:03:03.609+0000] {logging_mixin.py:188} INFO - [2026-06-12T11:03:03.609+0000] {dag.py:3036} INFO - Sync 1 DAGs
[2026-06-12T11:03:03.631+0000] {logging_mixin.py:188} INFO - [2026-06-12T11:03:03.631+0000] {dag.py:3823} INFO - Setting next_dagrun for example_python_decorator to None, run_after=None
[2026-06-12T11:03:03.666+0000] {processor.py:183} INFO - Processing /home/airflow/.local/lib/python3.8/site-packages/airflow/example_dags/example_python_decorator.py took 0.122 seconds
[2026-06-12T11:03:35.325+0000] {processor.py:161} INFO - Started process (PID=154) to work on /home/airflow/.local/lib/python3.8/site-packages/airflow/example_dags/example_python_decorator.py
[2026-06-12T11:03:35.326+0000] {processor.py:830} INFO - Processing file /home/airflow/.local/lib/python3.8/site-packages/airflow/example_dags/example_python_decorator.py for tasks to queue
[2026-06-12T11:03:35.329+0000] {logging_mixin.py:188} INFO - [2026-06-12T11:03:35.328+0000] {dagbag.py:538} INFO - Filling up the DagBag from /home/airflow/.local/lib/python3.8/site-packages/airflow/example_dags/example_python_decorator.py
[2026-06-12T11:03:35.349+0000] {processor.py:840} INFO - DAG(s) 'example_python_decorator' retrieved from /home/airflow/.local/lib/python3.8/site-packages/airflow/example_dags/example_python_decorator.py
[2026-06-12T11:03:35.538+0000] {logging_mixin.py:188} INFO - [2026-06-12T11:03:35.538+0000] {dag.py:3036} INFO - Sync 1 DAGs
[2026-06-12T11:03:35.555+0000] {logging_mixin.py:188} INFO - [2026-06-12T11:03:35.555+0000] {dag.py:3823} INFO - Setting next_dagrun for example_python_decorator to None, run_after=None
[2026-06-12T11:03:35.590+0000] {processor.py:183} INFO - Processing /home/airflow/.local/lib/python3.8/site-packages/airflow/example_dags/example_python_decorator.py took 0.270 seconds
[2026-06-12T11:04:05.647+0000] {processor.py:161} INFO - Started process (PID=220) to work on /home/airflow/.local/lib/python3.8/site-packages/airflow/example_dags/example_python_decorator.py
[2026-06-12T11:04:05.649+0000] {processor.py:830} INFO - Processing file /home/airflow/.local/lib/python3.8/site-packages/airflow/example_dags/example_python_decorator.py for tasks to queue
[2026-06-12T11:04:05.651+0000] {logging_mixin.py:188} INFO - [2026-06-12T11:04:05.651+0000] {dagbag.py:538} INFO - Filling up the DagBag from /home/airflow/.local/lib/python3.8/site-packages/airflow/example_dags/example_python_decorator.py
[2026-06-12T11:04:05.672+0000] {processor.py:840} INFO - DAG(s) 'example_python_decorator' retrieved from /home/airflow/.local/lib/python3.8/site-packages/airflow/example_dags/example_python_decorator.py
[2026-06-12T11:04:05.718+0000] {logging_mixin.py:188} INFO - [2026-06-12T11:04:05.718+0000] {dag.py:3036} INFO - Sync 1 DAGs
[2026-06-12T11:04:05.740+0000] {logging_mixin.py:188} INFO - [2026-06-12T11:04:05.740+0000] {dag.py:3823} INFO - Setting next_dagrun for example_python_decorator to None, run_after=None
[2026-06-12T11:04:05.767+0000] {processor.py:183} INFO - Processing /home/airflow/.local/lib/python3.8/site-packages/airflow/example_dags/example_python_decorator.py took 0.125 seconds
[2026-06-12T11:04:36.447+0000] {processor.py:161} INFO - Started process (PID=287) to work on /home/airflow/.local/lib/python3.8/site-packages/airflow/example_dags/example_python_decorator.py
[2026-06-12T11:04:36.448+0000] {processor.py:830} INFO - Processing file /home/airflow/.local/lib/python3.8/site-packages/airflow/example_dags/example_python_decorator.py for tasks to queue
[2026-06-12T11:04:36.450+0000] {logging_mixin.py:188} INFO - [2026-06-12T11:04:36.450+0000] {dagbag.py:538} INFO - Filling up the DagBag from /home/airflow/.local/lib/python3.8/site-packages/airflow/example_dags/example_python_decorator.py
[2026-06-12T11:04:36.475+0000] {processor.py:840} INFO - DAG(s) 'example_python_decorator' retrieved from /home/airflow/.local/lib/python3.8/site-packages/airflow/example_dags/example_python_decorator.py
[2026-06-12T11:04:36.514+0000] {logging_mixin.py:188} INFO - [2026-06-12T11:04:36.514+0000] {dag.py:3036} INFO - Sync 1 DAGs
[2026-06-12T11:04:36.533+0000] {logging_mixin.py:188} INFO - [2026-06-12T11:04:36.533+0000] {dag.py:3823} INFO - Setting next_dagrun for example_python_decorator to None, run_after=None
[2026-06-12T11:04:36.562+0000] {processor.py:183} INFO - Processing /home/airflow/.local/lib/python3.8/site-packages/airflow/example_dags/example_python_decorator.py took 0.120 seconds
[2026-06-12T11:05:06.980+0000] {processor.py:161} INFO - Started process (PID=353) to work on /home/airflow/.local/lib/python3.8/site-packages/airflow/example_dags/example_python_decorator.py
[2026-06-12T11:05:06.982+0000] {processor.py:830} INFO - Processing file /home/airflow/.local/lib/python3.8/site-packages/airflow/example_dags/example_python_decorator.py for tasks to queue
[2026-06-12T11:05:06.986+0000] {logging_mixin.py:188} INFO - [2026-06-12T11:05:06.985+0000] {dagbag.py:538} INFO - Filling up the DagBag from /home/airflow/.local/lib/python3.8/site-packages/airflow/example_dags/example_python_decorator.py
[2026-06-12T11:05:07.011+0000] {processor.py:840} INFO - DAG(s) 'example_python_decorator' retrieved from /home/airflow/.local/lib/python3.8/site-packages/airflow/example_dags/example_python_decorator.py
[2026-06-12T11:05:07.057+0000] {logging_mixin.py:188} INFO - [2026-06-12T11:05:07.057+0000] {dag.py:3036} INFO - Sync 1 DAGs
[2026-06-12T11:05:07.080+0000] {logging_mixin.py:188} INFO - [2026-06-12T11:05:07.079+0000] {dag.py:3823} INFO - Setting next_dagrun for example_python_decorator to None, run_after=None
[2026-06-12T11:05:07.114+0000] {processor.py:183} INFO - Processing /home/airflow/.local/lib/python3.8/site-packages/airflow/example_dags/example_python_decorator.py took 0.138 seconds
[2026-06-12T11:05:37.501+0000] {processor.py:161} INFO - Started process (PID=419) to work on /home/airflow/.local/lib/python3.8/site-packages/airflow/example_dags/example_python_decorator.py
[2026-06-12T11:05:37.503+0000] {processor.py:830} INFO - Processing file /home/airflow/.local/lib/python3.8/site-packages/airflow/example_dags/example_python_decorator.py for tasks to queue
[2026-06-12T11:05:37.506+0000] {logging_mixin.py:188} INFO - [2026-06-12T11:05:37.506+0000] {dagbag.py:538} INFO - Filling up the DagBag from /home/airflow/.local/lib/python3.8/site-packages/airflow/example_dags/example_python_decorator.py
[2026-06-12T11:05:37.526+0000] {processor.py:840} INFO - DAG(s) 'example_python_decorator' retrieved from /home/airflow/.local/lib/python3.8/site-packages/airflow/example_dags/example_python_decorator.py
[2026-06-12T11:05:37.567+0000] {logging_mixin.py:188} INFO - [2026-06-12T11:05:37.567+0000] {dag.py:3036} INFO - Sync 1 DAGs
[2026-06-12T11:05:37.587+0000] {logging_mixin.py:188} INFO - [2026-06-12T11:05:37.587+0000] {dag.py:3823} INFO - Setting next_dagrun for example_python_decorator to None, run_after=None
[2026-06-12T11:05:37.616+0000] {processor.py:183} INFO - Processing /home/airflow/.local/lib/python3.8/site-packages/airflow/example_dags/example_python_decorator.py took 0.120 seconds
[2026-06-12T11:06:08.088+0000] {processor.py:161} INFO - Started process (PID=493) to work on /home/airflow/.local/lib/python3.8/site-packages/airflow/example_dags/example_python_decorator.py
[2026-06-12T11:06:08.091+0000] {processor.py:830} INFO - Processing file /home/airflow/.local/lib/python3.8/site-packages/airflow/example_dags/example_python_decorator.py for tasks to queue
[2026-06-12T11:06:08.094+0000] {logging_mixin.py:188} INFO - [2026-06-12T11:06:08.094+0000] {dagbag.py:538} INFO - Filling up the DagBag from /home/airflow/.local/lib/python3.8/site-packages/airflow/example_dags/example_python_decorator.py
[2026-06-12T11:06:08.121+0000] {processor.py:840} INFO - DAG(s) 'example_python_decorator' retrieved from /home/airflow/.local/lib/python3.8/site-packages/airflow/example_dags/example_python_decorator.py
[2026-06-12T11:06:08.168+0000] {logging_mixin.py:188} INFO - [2026-06-12T11:06:08.168+0000] {dag.py:3036} INFO - Sync 1 DAGs
[2026-06-12T11:06:08.193+0000] {logging_mixin.py:188} INFO - [2026-06-12T11:06:08.193+0000] {dag.py:3823} INFO - Setting next_dagrun for example_python_decorator to None, run_after=None
[2026-06-12T11:06:08.227+0000] {processor.py:183} INFO - Processing /home/airflow/.local/lib/python3.8/site-packages/airflow/example_dags/example_python_decorator.py took 0.145 seconds
[2026-06-12T11:06:38.291+0000] {processor.py:161} INFO - Started process (PID=556) to work on /home/airflow/.local/lib/python3.8/site-packages/airflow/example_dags/example_python_decorator.py
[2026-06-12T11:06:38.293+0000] {processor.py:830} INFO - Processing file /home/airflow/.local/lib/python3.8/site-packages/airflow/example_dags/example_python_decorator.py for tasks to queue
[2026-06-12T11:06:38.295+0000] {logging_mixin.py:188} INFO - [2026-06-12T11:06:38.294+0000] {dagbag.py:538} INFO - Filling up the DagBag from /home/airflow/.local/lib/python3.8/site-packages/airflow/example_dags/example_python_decorator.py
[2026-06-12T11:06:38.315+0000] {processor.py:840} INFO - DAG(s) 'example_python_decorator' retrieved from /home/airflow/.local/lib/python3.8/site-packages/airflow/example_dags/example_python_decorator.py
[2026-06-12T11:06:38.355+0000] {logging_mixin.py:188} INFO - [2026-06-12T11:06:38.355+0000] {dag.py:3036} INFO - Sync 1 DAGs
[2026-06-12T11:06:38.374+0000] {logging_mixin.py:188} INFO - [2026-06-12T11:06:38.374+0000] {dag.py:3823} INFO - Setting next_dagrun for example_python_decorator to None, run_after=None
[2026-06-12T11:06:38.408+0000] {processor.py:183} INFO - Processing /home/airflow/.local/lib/python3.8/site-packages/airflow/example_dags/example_python_decorator.py took 0.121 seconds
[2026-06-12T11:07:08.778+0000] {processor.py:161} INFO - Started process (PID=621) to work on /home/airflow/.local/lib/python3.8/site-packages/airflow/example_dags/example_python_decorator.py
[2026-06-12T11:07:08.780+0000] {processor.py:830} INFO - Processing file /home/airflow/.local/lib/python3.8/site-packages/airflow/example_dags/example_python_decorator.py for tasks to queue
[2026-06-12T11:07:08.782+0000] {logging_mixin.py:188} INFO - [2026-06-12T11:07:08.782+0000] {dagbag.py:538} INFO - Filling up the DagBag from /home/airflow/.local/lib/python3.8/site-packages/airflow/example_dags/example_python_decorator.py
[2026-06-12T11:07:08.806+0000] {processor.py:840} INFO - DAG(s) 'example_python_decorator' retrieved from /home/airflow/.local/lib/python3.8/site-packages/airflow/example_dags/example_python_decorator.py
[2026-06-12T11:07:08.847+0000] {logging_mixin.py:188} INFO - [2026-06-12T11:07:08.847+0000] {dag.py:3036} INFO - Sync 1 DAGs
[2026-06-12T11:07:08.871+0000] {logging_mixin.py:188} INFO - [2026-06-12T11:07:08.871+0000] {dag.py:3823} INFO - Setting next_dagrun for example_python_decorator to None, run_after=None
[2026-06-12T11:07:08.900+0000] {processor.py:183} INFO - Processing /home/airflow/.local/lib/python3.8/site-packages/airflow/example_dags/example_python_decorator.py took 0.127 seconds
[2026-06-12T11:07:38.948+0000] {processor.py:161} INFO - Started process (PID=687) to work on /home/airflow/.local/lib/python3.8/site-packages/airflow/example_dags/example_python_decorator.py
[2026-06-12T11:07:38.950+0000] {processor.py:830} INFO - Processing file /home/airflow/.local/lib/python3.8/site-packages/airflow/example_dags/example_python_decorator.py for tasks to queue
[2026-06-12T11:07:38.952+0000] {logging_mixin.py:188} INFO - [2026-06-12T11:07:38.951+0000] {dagbag.py:538} INFO - Filling up the DagBag from /home/airflow/.local/lib/python3.8/site-packages/airflow/example_dags/example_python_decorator.py
[2026-06-12T11:07:38.972+0000] {processor.py:840} INFO - DAG(s) 'example_python_decorator' retrieved from /home/airflow/.local/lib/python3.8/site-packages/airflow/example_dags/example_python_decorator.py
[2026-06-12T11:07:39.016+0000] {logging_mixin.py:188} INFO - [2026-06-12T11:07:39.016+0000] {dag.py:3036} INFO - Sync 1 DAGs
[2026-06-12T11:07:39.037+0000] {logging_mixin.py:188} INFO - [2026-06-12T11:07:39.037+0000] {dag.py:3823} INFO - Setting next_dagrun for example_python_decorator to None, run_after=None
[2026-06-12T11:07:39.066+0000] {processor.py:183} INFO - Processing /home/airflow/.local/lib/python3.8/site-packages/airflow/example_dags/example_python_decorator.py took 0.122 seconds
[2026-06-12T11:08:09.241+0000] {processor.py:161} INFO - Started process (PID=753) to work on /home/airflow/.local/lib/python3.8/site-packages/airflow/example_dags/example_python_decorator.py
[2026-06-12T11:08:09.243+0000] {processor.py:830} INFO - Processing file /home/airflow/.local/lib/python3.8/site-packages/airflow/example_dags/example_python_decorator.py for tasks to queue
[2026-06-12T11:08:09.246+0000] {logging_mixin.py:188} INFO - [2026-06-12T11:08:09.246+0000] {dagbag.py:538} INFO - Filling up the DagBag from /home/airflow/.local/lib/python3.8/site-packages/airflow/example_dags/example_python_decorator.py
[2026-06-12T11:08:09.271+0000] {processor.py:840} INFO - DAG(s) 'example_python_decorator' retrieved from /home/airflow/.local/lib/python3.8/site-packages/airflow/example_dags/example_python_decorator.py
[2026-06-12T11:08:09.312+0000] {logging_mixin.py:188} INFO - [2026-06-12T11:08:09.311+0000] {dag.py:3036} INFO - Sync 1 DAGs
[2026-06-12T11:08:09.333+0000] {logging_mixin.py:188} INFO - [2026-06-12T11:08:09.333+0000] {dag.py:3823} INFO - Setting next_dagrun for example_python_decorator to None, run_after=None
[2026-06-12T11:08:09.364+0000] {processor.py:183} INFO - Processing /home/airflow/.local/lib/python3.8/site-packages/airflow/example_dags/example_python_decorator.py took 0.128 seconds
[2026-06-12T11:08:39.630+0000] {processor.py:161} INFO - Started process (PID=820) to work on /home/airflow/.local/lib/python3.8/site-packages/airflow/example_dags/example_python_decorator.py
[2026-06-12T11:08:39.631+0000] {processor.py:830} INFO - Processing file /home/airflow/.local/lib/python3.8/site-packages/airflow/example_dags/example_python_decorator.py for tasks to queue
[2026-06-12T11:08:39.634+0000] {logging_mixin.py:188} INFO - [2026-06-12T11:08:39.634+0000] {dagbag.py:538} INFO - Filling up the DagBag from /home/airflow/.local/lib/python3.8/site-packages/airflow/example_dags/example_python_decorator.py
[2026-06-12T11:08:39.658+0000] {processor.py:840} INFO - DAG(s) 'example_python_decorator' retrieved from /home/airflow/.local/lib/python3.8/site-packages/airflow/example_dags/example_python_decorator.py
[2026-06-12T11:08:39.701+0000] {logging_mixin.py:188} INFO - [2026-06-12T11:08:39.701+0000] {dag.py:3036} INFO - Sync 1 DAGs
[2026-06-12T11:08:39.721+0000] {logging_mixin.py:188} INFO - [2026-06-12T11:08:39.720+0000] {dag.py:3823} INFO - Setting next_dagrun for example_python_decorator to None, run_after=None
[2026-06-12T11:08:39.753+0000] {processor.py:183} INFO - Processing /home/airflow/.local/lib/python3.8/site-packages/airflow/example_dags/example_python_decorator.py took 0.128 seconds
[2026-06-12T11:09:10.176+0000] {processor.py:161} INFO - Started process (PID=885) to work on /home/airflow/.local/lib/python3.8/site-packages/airflow/example_dags/example_python_decorator.py
[2026-06-12T11:09:10.178+0000] {processor.py:830} INFO - Processing file /home/airflow/.local/lib/python3.8/site-packages/airflow/example_dags/example_python_decorator.py for tasks to queue
[2026-06-12T11:09:10.181+0000] {logging_mixin.py:188} INFO - [2026-06-12T11:09:10.181+0000] {dagbag.py:538} INFO - Filling up the DagBag from /home/airflow/.local/lib/python3.8/site-packages/airflow/example_dags/example_python_decorator.py
[2026-06-12T11:09:10.207+0000] {processor.py:840} INFO - DAG(s) 'example_python_decorator' retrieved from /home/airflow/.local/lib/python3.8/site-packages/airflow/example_dags/example_python_decorator.py
[2026-06-12T11:09:10.251+0000] {logging_mixin.py:188} INFO - [2026-06-12T11:09:10.250+0000] {dag.py:3036} INFO - Sync 1 DAGs
[2026-06-12T11:09:10.271+0000] {logging_mixin.py:188} INFO - [2026-06-12T11:09:10.270+0000] {dag.py:3823} INFO - Setting next_dagrun for example_python_decorator to None, run_after=None
[2026-06-12T11:09:10.303+0000] {processor.py:183} INFO - Processing /home/airflow/.local/lib/python3.8/site-packages/airflow/example_dags/example_python_decorator.py took 0.135 seconds
[2026-06-12T11:09:40.775+0000] {processor.py:161} INFO - Started process (PID=952) to work on /home/airflow/.local/lib/python3.8/site-packages/airflow/example_dags/example_python_decorator.py
[2026-06-12T11:09:40.777+0000] {processor.py:830} INFO - Processing file /home/airflow/.local/lib/python3.8/site-packages/airflow/example_dags/example_python_decorator.py for tasks to queue
[2026-06-12T11:09:40.780+0000] {logging_mixin.py:188} INFO - [2026-06-12T11:09:40.779+0000] {dagbag.py:538} INFO - Filling up the DagBag from /home/airflow/.local/lib/python3.8/site-packages/airflow/example_dags/example_python_decorator.py
[2026-06-12T11:09:40.803+0000] {processor.py:840} INFO - DAG(s) 'example_python_decorator' retrieved from /home/airflow/.local/lib/python3.8/site-packages/airflow/example_dags/example_python_decorator.py
[2026-06-12T11:09:40.842+0000] {logging_mixin.py:188} INFO - [2026-06-12T11:09:40.841+0000] {dag.py:3036} INFO - Sync 1 DAGs
[2026-06-12T11:09:40.861+0000] {logging_mixin.py:188} INFO - [2026-06-12T11:09:40.861+0000] {dag.py:3823} INFO - Setting next_dagrun for example_python_decorator to None, run_after=None
[2026-06-12T11:09:40.889+0000] {processor.py:183} INFO - Processing /home/airflow/.local/lib/python3.8/site-packages/airflow/example_dags/example_python_decorator.py took 0.120 seconds
[2026-06-12T11:10:11.460+0000] {processor.py:161} INFO - Started process (PID=1025) to work on /home/airflow/.local/lib/python3.8/site-packages/airflow/example_dags/example_python_decorator.py
[2026-06-12T11:10:11.462+0000] {processor.py:830} INFO - Processing file /home/airflow/.local/lib/python3.8/site-packages/airflow/example_dags/example_python_decorator.py for tasks to queue
[2026-06-12T11:10:11.465+0000] {logging_mixin.py:188} INFO - [2026-06-12T11:10:11.464+0000] {dagbag.py:538} INFO - Filling up the DagBag from /home/airflow/.local/lib/python3.8/site-packages/airflow/example_dags/example_python_decorator.py
[2026-06-12T11:10:11.484+0000] {processor.py:840} INFO - DAG(s) 'example_python_decorator' retrieved from /home/airflow/.local/lib/python3.8/site-packages/airflow/example_dags/example_python_decorator.py
[2026-06-12T11:10:11.529+0000] {logging_mixin.py:188} INFO - [2026-06-12T11:10:11.528+0000] {dag.py:3036} INFO - Sync 1 DAGs
[2026-06-12T11:10:11.553+0000] {logging_mixin.py:188} INFO - [2026-06-12T11:10:11.552+0000] {dag.py:3823} INFO - Setting next_dagrun for example_python_decorator to None, run_after=None
[2026-06-12T11:10:11.588+0000] {processor.py:183} INFO - Processing /home/airflow/.local/lib/python3.8/site-packages/airflow/example_dags/example_python_decorator.py took 0.133 seconds
[2026-06-12T11:10:41.656+0000] {processor.py:161} INFO - Started process (PID=1090) to work on /home/airflow/.local/lib/python3.8/site-packages/airflow/example_dags/example_python_decorator.py
[2026-06-12T11:10:41.658+0000] {processor.py:830} INFO - Processing file /home/airflow/.local/lib/python3.8/site-packages/airflow/example_dags/example_python_decorator.py for tasks to queue
[2026-06-12T11:10:41.661+0000] {logging_mixin.py:188} INFO - [2026-06-12T11:10:41.661+0000] {dagbag.py:538} INFO - Filling up the DagBag from /home/airflow/.local/lib/python3.8/site-packages/airflow/example_dags/example_python_decorator.py
[2026-06-12T11:10:41.686+0000] {processor.py:840} INFO - DAG(s) 'example_python_decorator' retrieved from /home/airflow/.local/lib/python3.8/site-packages/airflow/example_dags/example_python_decorator.py
[2026-06-12T11:10:41.734+0000] {logging_mixin.py:188} INFO - [2026-06-12T11:10:41.734+0000] {dag.py:3036} INFO - Sync 1 DAGs
[2026-06-12T11:10:41.761+0000] {logging_mixin.py:188} INFO - [2026-06-12T11:10:41.760+0000] {dag.py:3823} INFO - Setting next_dagrun for example_python_decorator to None, run_after=None
[2026-06-12T11:10:41.794+0000] {processor.py:183} INFO - Processing /home/airflow/.local/lib/python3.8/site-packages/airflow/example_dags/example_python_decorator.py took 0.143 seconds
[2026-06-12T11:11:11.886+0000] {processor.py:161} INFO - Started process (PID=1156) to work on /home/airflow/.local/lib/python3.8/site-packages/airflow/example_dags/example_python_decorator.py
[2026-06-12T11:11:11.887+0000] {processor.py:830} INFO - Processing file /home/airflow/.local/lib/python3.8/site-packages/airflow/example_dags/example_python_decorator.py for tasks to queue
[2026-06-12T11:11:11.890+0000] {logging_mixin.py:188} INFO - [2026-06-12T11:11:11.890+0000] {dagbag.py:538} INFO - Filling up the DagBag from /home/airflow/.local/lib/python3.8/site-packages/airflow/example_dags/example_python_decorator.py
[2026-06-12T11:11:11.915+0000] {processor.py:840} INFO - DAG(s) 'example_python_decorator' retrieved from /home/airflow/.local/lib/python3.8/site-packages/airflow/example_dags/example_python_decorator.py
[2026-06-12T11:11:11.959+0000] {logging_mixin.py:188} INFO - [2026-06-12T11:11:11.959+0000] {dag.py:3036} INFO - Sync 1 DAGs
[2026-06-12T11:11:11.983+0000] {logging_mixin.py:188} INFO - [2026-06-12T11:11:11.983+0000] {dag.py:3823} INFO - Setting next_dagrun for example_python_decorator to None, run_after=None
[2026-06-12T11:11:12.019+0000] {processor.py:183} INFO - Processing /home/airflow/.local/lib/python3.8/site-packages/airflow/example_dags/example_python_decorator.py took 0.138 seconds
[2026-06-12T11:11:42.486+0000] {processor.py:161} INFO - Started process (PID=1223) to work on /home/airflow/.local/lib/python3.8/site-packages/airflow/example_dags/example_python_decorator.py
[2026-06-12T11:11:42.488+0000] {processor.py:830} INFO - Processing file /home/airflow/.local/lib/python3.8/site-packages/airflow/example_dags/example_python_decorator.py for tasks to queue
[2026-06-12T11:11:42.490+0000] {logging_mixin.py:188} INFO - [2026-06-12T11:11:42.490+0000] {dagbag.py:538} INFO - Filling up the DagBag from /home/airflow/.local/lib/python3.8/site-packages/airflow/example_dags/example_python_decorator.py
[2026-06-12T11:11:42.510+0000] {processor.py:840} INFO - DAG(s) 'example_python_decorator' retrieved from /home/airflow/.local/lib/python3.8/site-packages/airflow/example_dags/example_python_decorator.py
[2026-06-12T11:11:42.553+0000] {logging_mixin.py:188} INFO - [2026-06-12T11:11:42.552+0000] {dag.py:3036} INFO - Sync 1 DAGs
[2026-06-12T11:11:42.577+0000] {logging_mixin.py:188} INFO - [2026-06-12T11:11:42.577+0000] {dag.py:3823} INFO - Setting next_dagrun for example_python_decorator to None, run_after=None
[2026-06-12T11:11:42.608+0000] {processor.py:183} INFO - Processing /home/airflow/.local/lib/python3.8/site-packages/airflow/example_dags/example_python_decorator.py took 0.127 seconds
[2026-06-12T11:12:12.854+0000] {processor.py:161} INFO - Started process (PID=1289) to work on /home/airflow/.local/lib/python3.8/site-packages/airflow/example_dags/example_python_decorator.py
[2026-06-12T11:12:12.856+0000] {processor.py:830} INFO - Processing file /home/airflow/.local/lib/python3.8/site-packages/airflow/example_dags/example_python_decorator.py for tasks to queue
[2026-06-12T11:12:12.859+0000] {logging_mixin.py:188} INFO - [2026-06-12T11:12:12.858+0000] {dagbag.py:538} INFO - Filling up the DagBag from /home/airflow/.local/lib/python3.8/site-packages/airflow/example_dags/example_python_decorator.py
[2026-06-12T11:12:12.884+0000] {processor.py:840} INFO - DAG(s) 'example_python_decorator' retrieved from /home/airflow/.local/lib/python3.8/site-packages/airflow/example_dags/example_python_decorator.py
[2026-06-12T11:12:12.923+0000] {logging_mixin.py:188} INFO - [2026-06-12T11:12:12.922+0000] {dag.py:3036} INFO - Sync 1 DAGs
[2026-06-12T11:12:12.947+0000] {logging_mixin.py:188} INFO - [2026-06-12T11:12:12.946+0000] {dag.py:3823} INFO - Setting next_dagrun for example_python_decorator to None, run_after=None
[2026-06-12T11:12:12.992+0000] {processor.py:183} INFO - Processing /home/airflow/.local/lib/python3.8/site-packages/airflow/example_dags/example_python_decorator.py took 0.143 seconds
[2026-06-12T11:12:43.098+0000] {processor.py:161} INFO - Started process (PID=1356) to work on /home/airflow/.local/lib/python3.8/site-packages/airflow/example_dags/example_python_decorator.py
[2026-06-12T11:12:43.100+0000] {processor.py:830} INFO - Processing file /home/airflow/.local/lib/python3.8/site-packages/airflow/example_dags/example_python_decorator.py for tasks to queue
[2026-06-12T11:12:43.103+0000] {logging_mixin.py:188} INFO - [2026-06-12T11:12:43.102+0000] {dagbag.py:538} INFO - Filling up the DagBag from /home/airflow/.local/lib/python3.8/site-packages/airflow/example_dags/example_python_decorator.py
[2026-06-12T11:12:43.125+0000] {processor.py:840} INFO - DAG(s) 'example_python_decorator' retrieved from /home/airflow/.local/lib/python3.8/site-packages/airflow/example_dags/example_python_decorator.py
[2026-06-12T11:12:43.162+0000] {logging_mixin.py:188} INFO - [2026-06-12T11:12:43.162+0000] {dag.py:3036} INFO - Sync 1 DAGs
[2026-06-12T11:12:43.182+0000] {logging_mixin.py:188} INFO - [2026-06-12T11:12:43.182+0000] {dag.py:3823} INFO - Setting next_dagrun for example_python_decorator to None, run_after=None
[2026-06-12T11:12:43.214+0000] {processor.py:183} INFO - Processing /home/airflow/.local/lib/python3.8/site-packages/airflow/example_dags/example_python_decorator.py took 0.121 seconds
[2026-06-12T11:13:13.498+0000] {processor.py:161} INFO - Started process (PID=1422) to work on /home/airflow/.local/lib/python3.8/site-packages/airflow/example_dags/example_python_decorator.py
[2026-06-12T11:13:13.500+0000] {processor.py:830} INFO - Processing file /home/airflow/.local/lib/python3.8/site-packages/airflow/example_dags/example_python_decorator.py for tasks to queue
[2026-06-12T11:13:13.503+0000] {logging_mixin.py:188} INFO - [2026-06-12T11:13:13.502+0000] {dagbag.py:538} INFO - Filling up the DagBag from /home/airflow/.local/lib/python3.8/site-packages/airflow/example_dags/example_python_decorator.py
[2026-06-12T11:13:13.523+0000] {processor.py:840} INFO - DAG(s) 'example_python_decorator' retrieved from /home/airflow/.local/lib/python3.8/site-packages/airflow/example_dags/example_python_decorator.py
[2026-06-12T11:13:13.563+0000] {logging_mixin.py:188} INFO - [2026-06-12T11:13:13.563+0000] {dag.py:3036} INFO - Sync 1 DAGs
[2026-06-12T11:13:13.585+0000] {logging_mixin.py:188} INFO - [2026-06-12T11:13:13.585+0000] {dag.py:3823} INFO - Setting next_dagrun for example_python_decorator to None, run_after=None
[2026-06-12T11:13:13.618+0000] {processor.py:183} INFO - Processing /home/airflow/.local/lib/python3.8/site-packages/airflow/example_dags/example_python_decorator.py took 0.125 seconds
[2026-06-12T11:13:44.136+0000] {processor.py:161} INFO - Started process (PID=1488) to work on /home/airflow/.local/lib/python3.8/site-packages/airflow/example_dags/example_python_decorator.py
[2026-06-12T11:13:44.137+0000] {processor.py:830} INFO - Processing file /home/airflow/.local/lib/python3.8/site-packages/airflow/example_dags/example_python_decorator.py for tasks to queue
[2026-06-12T11:13:44.140+0000] {logging_mixin.py:188} INFO - [2026-06-12T11:13:44.140+0000] {dagbag.py:538} INFO - Filling up the DagBag from /home/airflow/.local/lib/python3.8/site-packages/airflow/example_dags/example_python_decorator.py
[2026-06-12T11:13:44.166+0000] {processor.py:840} INFO - DAG(s) 'example_python_decorator' retrieved from /home/airflow/.local/lib/python3.8/site-packages/airflow/example_dags/example_python_decorator.py
[2026-06-12T11:13:44.211+0000] {logging_mixin.py:188} INFO - [2026-06-12T11:13:44.210+0000] {dag.py:3036} INFO - Sync 1 DAGs
[2026-06-12T11:13:44.230+0000] {logging_mixin.py:188} INFO - [2026-06-12T11:13:44.230+0000] {dag.py:3823} INFO - Setting next_dagrun for example_python_decorator to None, run_after=None
[2026-06-12T11:13:44.260+0000] {processor.py:183} INFO - Processing /home/airflow/.local/lib/python3.8/site-packages/airflow/example_dags/example_python_decorator.py took 0.132 seconds
[2026-06-12T11:14:15.201+0000] {processor.py:161} INFO - Started process (PID=1562) to work on /home/airflow/.local/lib/python3.8/site-packages/airflow/example_dags/example_python_decorator.py
[2026-06-12T11:14:15.203+0000] {processor.py:830} INFO - Processing file /home/airflow/.local/lib/python3.8/site-packages/airflow/example_dags/example_python_decorator.py for tasks to queue
[2026-06-12T11:14:15.206+0000] {logging_mixin.py:188} INFO - [2026-06-12T11:14:15.206+0000] {dagbag.py:538} INFO - Filling up the DagBag from /home/airflow/.local/lib/python3.8/site-packages/airflow/example_dags/example_python_decorator.py
[2026-06-12T11:14:15.232+0000] {processor.py:840} INFO - DAG(s) 'example_python_decorator' retrieved from /home/airflow/.local/lib/python3.8/site-packages/airflow/example_dags/example_python_decorator.py
[2026-06-12T11:14:15.283+0000] {logging_mixin.py:188} INFO - [2026-06-12T11:14:15.282+0000] {dag.py:3036} INFO - Sync 1 DAGs
[2026-06-12T11:14:15.308+0000] {logging_mixin.py:188} INFO - [2026-06-12T11:14:15.308+0000] {dag.py:3823} INFO - Setting next_dagrun for example_python_decorator to None, run_after=None
[2026-06-12T11:14:15.345+0000] {processor.py:183} INFO - Processing /home/airflow/.local/lib/python3.8/site-packages/airflow/example_dags/example_python_decorator.py took 0.150 seconds
[2026-06-12T11:14:45.990+0000] {processor.py:161} INFO - Started process (PID=1629) to work on /home/airflow/.local/lib/python3.8/site-packages/airflow/example_dags/example_python_decorator.py
[2026-06-12T11:14:45.992+0000] {processor.py:830} INFO - Processing file /home/airflow/.local/lib/python3.8/site-packages/airflow/example_dags/example_python_decorator.py for tasks to queue
[2026-06-12T11:14:45.994+0000] {logging_mixin.py:188} INFO - [2026-06-12T11:14:45.994+0000] {dagbag.py:538} INFO - Filling up the DagBag from /home/airflow/.local/lib/python3.8/site-packages/airflow/example_dags/example_python_decorator.py
[2026-06-12T11:14:46.020+0000] {processor.py:840} INFO - DAG(s) 'example_python_decorator' retrieved from /home/airflow/.local/lib/python3.8/site-packages/airflow/example_dags/example_python_decorator.py
[2026-06-12T11:14:46.064+0000] {logging_mixin.py:188} INFO - [2026-06-12T11:14:46.064+0000] {dag.py:3036} INFO - Sync 1 DAGs
[2026-06-12T11:14:46.088+0000] {logging_mixin.py:188} INFO - [2026-06-12T11:14:46.087+0000] {dag.py:3823} INFO - Setting next_dagrun for example_python_decorator to None, run_after=None
[2026-06-12T11:14:46.121+0000] {processor.py:183} INFO - Processing /home/airflow/.local/lib/python3.8/site-packages/airflow/example_dags/example_python_decorator.py took 0.141 seconds
[2026-06-12T11:15:16.412+0000] {processor.py:161} INFO - Started process (PID=1695) to work on /home/airflow/.local/lib/python3.8/site-packages/airflow/example_dags/example_python_decorator.py
[2026-06-12T11:15:16.413+0000] {processor.py:830} INFO - Processing file /home/airflow/.local/lib/python3.8/site-packages/airflow/example_dags/example_python_decorator.py for tasks to queue
[2026-06-12T11:15:16.416+0000] {logging_mixin.py:188} INFO - [2026-06-12T11:15:16.416+0000] {dagbag.py:538} INFO - Filling up the DagBag from /home/airflow/.local/lib/python3.8/site-packages/airflow/example_dags/example_python_decorator.py
[2026-06-12T11:15:16.440+0000] {processor.py:840} INFO - DAG(s) 'example_python_decorator' retrieved from /home/airflow/.local/lib/python3.8/site-packages/airflow/example_dags/example_python_decorator.py
[2026-06-12T11:15:16.485+0000] {logging_mixin.py:188} INFO - [2026-06-12T11:15:16.484+0000] {dag.py:3036} INFO - Sync 1 DAGs
[2026-06-12T11:15:16.508+0000] {logging_mixin.py:188} INFO - [2026-06-12T11:15:16.508+0000] {dag.py:3823} INFO - Setting next_dagrun for example_python_decorator to None, run_after=None
[2026-06-12T11:15:16.543+0000] {processor.py:183} INFO - Processing /home/airflow/.local/lib/python3.8/site-packages/airflow/example_dags/example_python_decorator.py took 0.136 seconds
[2026-06-12T11:15:46.833+0000] {processor.py:161} INFO - Started process (PID=1761) to work on /home/airflow/.local/lib/python3.8/site-packages/airflow/example_dags/example_python_decorator.py
[2026-06-12T11:15:46.834+0000] {processor.py:830} INFO - Processing file /home/airflow/.local/lib/python3.8/site-packages/airflow/example_dags/example_python_decorator.py for tasks to queue
[2026-06-12T11:15:46.837+0000] {logging_mixin.py:188} INFO - [2026-06-12T11:15:46.836+0000] {dagbag.py:538} INFO - Filling up the DagBag from /home/airflow/.local/lib/python3.8/site-packages/airflow/example_dags/example_python_decorator.py
[2026-06-12T11:15:46.864+0000] {processor.py:840} INFO - DAG(s) 'example_python_decorator' retrieved from /home/airflow/.local/lib/python3.8/site-packages/airflow/example_dags/example_python_decorator.py
[2026-06-12T11:15:46.910+0000] {logging_mixin.py:188} INFO - [2026-06-12T11:15:46.909+0000] {dag.py:3036} INFO - Sync 1 DAGs
[2026-06-12T11:15:46.934+0000] {logging_mixin.py:188} INFO - [2026-06-12T11:15:46.934+0000] {dag.py:3823} INFO - Setting next_dagrun for example_python_decorator to None, run_after=None
[2026-06-12T11:15:46.970+0000] {processor.py:183} INFO - Processing /home/airflow/.local/lib/python3.8/site-packages/airflow/example_dags/example_python_decorator.py took 0.143 seconds
[2026-06-12T11:16:17.364+0000] {processor.py:161} INFO - Started process (PID=1826) to work on /home/airflow/.local/lib/python3.8/site-packages/airflow/example_dags/example_python_decorator.py
[2026-06-12T11:16:17.366+0000] {processor.py:830} INFO - Processing file /home/airflow/.local/lib/python3.8/site-packages/airflow/example_dags/example_python_decorator.py for tasks to queue
[2026-06-12T11:16:17.369+0000] {logging_mixin.py:188} INFO - [2026-06-12T11:16:17.369+0000] {dagbag.py:538} INFO - Filling up the DagBag from /home/airflow/.local/lib/python3.8/site-packages/airflow/example_dags/example_python_decorator.py
[2026-06-12T11:16:17.395+0000] {processor.py:840} INFO - DAG(s) 'example_python_decorator' retrieved from /home/airflow/.local/lib/python3.8/site-packages/airflow/example_dags/example_python_decorator.py
[2026-06-12T11:16:17.440+0000] {logging_mixin.py:188} INFO - [2026-06-12T11:16:17.440+0000] {dag.py:3036} INFO - Sync 1 DAGs
[2026-06-12T11:16:17.461+0000] {logging_mixin.py:188} INFO - [2026-06-12T11:16:17.460+0000] {dag.py:3823} INFO - Setting next_dagrun for example_python_decorator to None, run_after=None
[2026-06-12T11:16:17.493+0000] {processor.py:183} INFO - Processing /home/airflow/.local/lib/python3.8/site-packages/airflow/example_dags/example_python_decorator.py took 0.135 seconds
[2026-06-12T11:16:47.805+0000] {processor.py:161} INFO - Started process (PID=1892) to work on /home/airflow/.local/lib/python3.8/site-packages/airflow/example_dags/example_python_decorator.py
[2026-06-12T11:16:47.807+0000] {processor.py:830} INFO - Processing file /home/airflow/.local/lib/python3.8/site-packages/airflow/example_dags/example_python_decorator.py for tasks to queue
[2026-06-12T11:16:47.809+0000] {logging_mixin.py:188} INFO - [2026-06-12T11:16:47.809+0000] {dagbag.py:538} INFO - Filling up the DagBag from /home/airflow/.local/lib/python3.8/site-packages/airflow/example_dags/example_python_decorator.py
[2026-06-12T11:16:47.832+0000] {processor.py:840} INFO - DAG(s) 'example_python_decorator' retrieved from /home/airflow/.local/lib/python3.8/site-packages/airflow/example_dags/example_python_decorator.py
[2026-06-12T11:16:47.870+0000] {logging_mixin.py:188} INFO - [2026-06-12T11:16:47.870+0000] {dag.py:3036} INFO - Sync 1 DAGs
[2026-06-12T11:16:47.893+0000] {logging_mixin.py:188} INFO - [2026-06-12T11:16:47.893+0000] {dag.py:3823} INFO - Setting next_dagrun for example_python_decorator to None, run_after=None
[2026-06-12T11:16:47.923+0000] {processor.py:183} INFO - Processing /home/airflow/.local/lib/python3.8/site-packages/airflow/example_dags/example_python_decorator.py took 0.123 seconds
[2026-06-12T11:17:18.360+0000] {processor.py:161} INFO - Started process (PID=1957) to work on /home/airflow/.local/lib/python3.8/site-packages/airflow/example_dags/example_python_decorator.py
[2026-06-12T11:17:18.361+0000] {processor.py:830} INFO - Processing file /home/airflow/.local/lib/python3.8/site-packages/airflow/example_dags/example_python_decorator.py for tasks to queue
[2026-06-12T11:17:18.364+0000] {logging_mixin.py:188} INFO - [2026-06-12T11:17:18.363+0000] {dagbag.py:538} INFO - Filling up the DagBag from /home/airflow/.local/lib/python3.8/site-packages/airflow/example_dags/example_python_decorator.py
[2026-06-12T11:17:18.384+0000] {processor.py:840} INFO - DAG(s) 'example_python_decorator' retrieved from /home/airflow/.local/lib/python3.8/site-packages/airflow/example_dags/example_python_decorator.py
[2026-06-12T11:17:18.429+0000] {logging_mixin.py:188} INFO - [2026-06-12T11:17:18.429+0000] {dag.py:3036} INFO - Sync 1 DAGs
[2026-06-12T11:17:18.452+0000] {logging_mixin.py:188} INFO - [2026-06-12T11:17:18.452+0000] {dag.py:3823} INFO - Setting next_dagrun for example_python_decorator to None, run_after=None
[2026-06-12T11:17:18.483+0000] {processor.py:183} INFO - Processing /home/airflow/.local/lib/python3.8/site-packages/airflow/example_dags/example_python_decorator.py took 0.129 seconds
[2026-06-12T11:17:48.761+0000] {processor.py:161} INFO - Started process (PID=2023) to work on /home/airflow/.local/lib/python3.8/site-packages/airflow/example_dags/example_python_decorator.py
[2026-06-12T11:17:48.763+0000] {processor.py:830} INFO - Processing file /home/airflow/.local/lib/python3.8/site-packages/airflow/example_dags/example_python_decorator.py for tasks to queue
[2026-06-12T11:17:48.766+0000] {logging_mixin.py:188} INFO - [2026-06-12T11:17:48.766+0000] {dagbag.py:538} INFO - Filling up the DagBag from /home/airflow/.local/lib/python3.8/site-packages/airflow/example_dags/example_python_decorator.py
[2026-06-12T11:17:48.787+0000] {processor.py:840} INFO - DAG(s) 'example_python_decorator' retrieved from /home/airflow/.local/lib/python3.8/site-packages/airflow/example_dags/example_python_decorator.py
[2026-06-12T11:17:48.829+0000] {logging_mixin.py:188} INFO - [2026-06-12T11:17:48.829+0000] {dag.py:3036} INFO - Sync 1 DAGs
[2026-06-12T11:17:48.851+0000] {logging_mixin.py:188} INFO - [2026-06-12T11:17:48.851+0000] {dag.py:3823} INFO - Setting next_dagrun for example_python_decorator to None, run_after=None
[2026-06-12T11:17:48.883+0000] {processor.py:183} INFO - Processing /home/airflow/.local/lib/python3.8/site-packages/airflow/example_dags/example_python_decorator.py took 0.127 seconds
[2026-06-12T11:18:19.026+0000] {processor.py:161} INFO - Started process (PID=2089) to work on /home/airflow/.local/lib/python3.8/site-packages/airflow/example_dags/example_python_decorator.py
[2026-06-12T11:18:19.028+0000] {processor.py:830} INFO - Processing file /home/airflow/.local/lib/python3.8/site-packages/airflow/example_dags/example_python_decorator.py for tasks to queue
[2026-06-12T11:18:19.031+0000] {logging_mixin.py:188} INFO - [2026-06-12T11:18:19.031+0000] {dagbag.py:538} INFO - Filling up the DagBag from /home/airflow/.local/lib/python3.8/site-packages/airflow/example_dags/example_python_decorator.py
[2026-06-12T11:18:19.052+0000] {processor.py:840} INFO - DAG(s) 'example_python_decorator' retrieved from /home/airflow/.local/lib/python3.8/site-packages/airflow/example_dags/example_python_decorator.py
[2026-06-12T11:18:19.093+0000] {logging_mixin.py:188} INFO - [2026-06-12T11:18:19.092+0000] {dag.py:3036} INFO - Sync 1 DAGs
[2026-06-12T11:18:19.118+0000] {logging_mixin.py:188} INFO - [2026-06-12T11:18:19.117+0000] {dag.py:3823} INFO - Setting next_dagrun for example_python_decorator to None, run_after=None
[2026-06-12T11:18:19.150+0000] {processor.py:183} INFO - Processing /home/airflow/.local/lib/python3.8/site-packages/airflow/example_dags/example_python_decorator.py took 0.131 seconds
[2026-06-12T11:18:49.321+0000] {processor.py:161} INFO - Started process (PID=2155) to work on /home/airflow/.local/lib/python3.8/site-packages/airflow/example_dags/example_python_decorator.py
[2026-06-12T11:18:49.323+0000] {processor.py:830} INFO - Processing file /home/airflow/.local/lib/python3.8/site-packages/airflow/example_dags/example_python_decorator.py for tasks to queue
[2026-06-12T11:18:49.326+0000] {logging_mixin.py:188} INFO - [2026-06-12T11:18:49.325+0000] {dagbag.py:538} INFO - Filling up the DagBag from /home/airflow/.local/lib/python3.8/site-packages/airflow/example_dags/example_python_decorator.py
[2026-06-12T11:18:49.351+0000] {processor.py:840} INFO - DAG(s) 'example_python_decorator' retrieved from /home/airflow/.local/lib/python3.8/site-packages/airflow/example_dags/example_python_decorator.py
[2026-06-12T11:18:49.394+0000] {logging_mixin.py:188} INFO - [2026-06-12T11:18:49.394+0000] {dag.py:3036} INFO - Sync 1 DAGs
[2026-06-12T11:18:49.414+0000] {logging_mixin.py:188} INFO - [2026-06-12T11:18:49.414+0000] {dag.py:3823} INFO - Setting next_dagrun for example_python_decorator to None, run_after=None
[2026-06-12T11:18:49.448+0000] {processor.py:183} INFO - Processing /home/airflow/.local/lib/python3.8/site-packages/airflow/example_dags/example_python_decorator.py took 0.132 seconds
[2026-06-12T11:19:19.723+0000] {processor.py:161} INFO - Started process (PID=2221) to work on /home/airflow/.local/lib/python3.8/site-packages/airflow/example_dags/example_python_decorator.py
[2026-06-12T11:19:19.726+0000] {processor.py:830} INFO - Processing file /home/airflow/.local/lib/python3.8/site-packages/airflow/example_dags/example_python_decorator.py for tasks to queue
[2026-06-12T11:19:19.729+0000] {logging_mixin.py:188} INFO - [2026-06-12T11:19:19.728+0000] {dagbag.py:538} INFO - Filling up the DagBag from /home/airflow/.local/lib/python3.8/site-packages/airflow/example_dags/example_python_decorator.py
[2026-06-12T11:19:19.754+0000] {processor.py:840} INFO - DAG(s) 'example_python_decorator' retrieved from /home/airflow/.local/lib/python3.8/site-packages/airflow/example_dags/example_python_decorator.py
[2026-06-12T11:19:19.811+0000] {logging_mixin.py:188} INFO - [2026-06-12T11:19:19.810+0000] {dag.py:3036} INFO - Sync 1 DAGs
[2026-06-12T11:19:19.836+0000] {logging_mixin.py:188} INFO - [2026-06-12T11:19:19.835+0000] {dag.py:3823} INFO - Setting next_dagrun for example_python_decorator to None, run_after=None
[2026-06-12T11:19:19.869+0000] {processor.py:183} INFO - Processing /home/airflow/.local/lib/python3.8/site-packages/airflow/example_dags/example_python_decorator.py took 0.152 seconds
[2026-06-12T11:19:50.118+0000] {processor.py:161} INFO - Started process (PID=2295) to work on /home/airflow/.local/lib/python3.8/site-packages/airflow/example_dags/example_python_decorator.py
[2026-06-12T11:19:50.120+0000] {processor.py:830} INFO - Processing file /home/airflow/.local/lib/python3.8/site-packages/airflow/example_dags/example_python_decorator.py for tasks to queue
[2026-06-12T11:19:50.123+0000] {logging_mixin.py:188} INFO - [2026-06-12T11:19:50.122+0000] {dagbag.py:538} INFO - Filling up the DagBag from /home/airflow/.local/lib/python3.8/site-packages/airflow/example_dags/example_python_decorator.py
[2026-06-12T11:19:50.149+0000] {processor.py:840} INFO - DAG(s) 'example_python_decorator' retrieved from /home/airflow/.local/lib/python3.8/site-packages/airflow/example_dags/example_python_decorator.py
[2026-06-12T11:19:50.204+0000] {logging_mixin.py:188} INFO - [2026-06-12T11:19:50.203+0000] {dag.py:3036} INFO - Sync 1 DAGs
[2026-06-12T11:19:50.230+0000] {logging_mixin.py:188} INFO - [2026-06-12T11:19:50.229+0000] {dag.py:3823} INFO - Setting next_dagrun for example_python_decorator to None, run_after=None
[2026-06-12T11:19:50.266+0000] {processor.py:183} INFO - Processing /home/airflow/.local/lib/python3.8/site-packages/airflow/example_dags/example_python_decorator.py took 0.154 seconds
[2026-06-12T11:20:20.406+0000] {processor.py:161} INFO - Started process (PID=2361) to work on /home/airflow/.local/lib/python3.8/site-packages/airflow/example_dags/example_python_decorator.py
[2026-06-12T11:20:20.407+0000] {processor.py:830} INFO - Processing file /home/airflow/.local/lib/python3.8/site-packages/airflow/example_dags/example_python_decorator.py for tasks to queue
[2026-06-12T11:20:20.410+0000] {logging_mixin.py:188} INFO - [2026-06-12T11:20:20.410+0000] {dagbag.py:538} INFO - Filling up the DagBag from /home/airflow/.local/lib/python3.8/site-packages/airflow/example_dags/example_python_decorator.py
[2026-06-12T11:20:20.437+0000] {processor.py:840} INFO - DAG(s) 'example_python_decorator' retrieved from /home/airflow/.local/lib/python3.8/site-packages/airflow/example_dags/example_python_decorator.py
[2026-06-12T11:20:20.484+0000] {logging_mixin.py:188} INFO - [2026-06-12T11:20:20.483+0000] {dag.py:3036} INFO - Sync 1 DAGs
[2026-06-12T11:20:20.508+0000] {logging_mixin.py:188} INFO - [2026-06-12T11:20:20.508+0000] {dag.py:3823} INFO - Setting next_dagrun for example_python_decorator to None, run_after=None
[2026-06-12T11:20:20.547+0000] {processor.py:183} INFO - Processing /home/airflow/.local/lib/python3.8/site-packages/airflow/example_dags/example_python_decorator.py took 0.147 seconds
[2026-06-12T11:20:50.779+0000] {processor.py:161} INFO - Started process (PID=2427) to work on /home/airflow/.local/lib/python3.8/site-packages/airflow/example_dags/example_python_decorator.py
[2026-06-12T11:20:50.781+0000] {processor.py:830} INFO - Processing file /home/airflow/.local/lib/python3.8/site-packages/airflow/example_dags/example_python_decorator.py for tasks to queue
[2026-06-12T11:20:50.784+0000] {logging_mixin.py:188} INFO - [2026-06-12T11:20:50.784+0000] {dagbag.py:538} INFO - Filling up the DagBag from /home/airflow/.local/lib/python3.8/site-packages/airflow/example_dags/example_python_decorator.py
[2026-06-12T11:20:50.808+0000] {processor.py:840} INFO - DAG(s) 'example_python_decorator' retrieved from /home/airflow/.local/lib/python3.8/site-packages/airflow/example_dags/example_python_decorator.py
[2026-06-12T11:20:50.854+0000] {logging_mixin.py:188} INFO - [2026-06-12T11:20:50.854+0000] {dag.py:3036} INFO - Sync 1 DAGs
[2026-06-12T11:20:50.877+0000] {logging_mixin.py:188} INFO - [2026-06-12T11:20:50.877+0000] {dag.py:3823} INFO - Setting next_dagrun for example_python_decorator to None, run_after=None
[2026-06-12T11:20:50.914+0000] {processor.py:183} INFO - Processing /home/airflow/.local/lib/python3.8/site-packages/airflow/example_dags/example_python_decorator.py took 0.141 seconds
[2026-06-12T11:21:21.336+0000] {processor.py:161} INFO - Started process (PID=2493) to work on /home/airflow/.local/lib/python3.8/site-packages/airflow/example_dags/example_python_decorator.py
[2026-06-12T11:21:21.337+0000] {processor.py:830} INFO - Processing file /home/airflow/.local/lib/python3.8/site-packages/airflow/example_dags/example_python_decorator.py for tasks to queue
[2026-06-12T11:21:21.339+0000] {logging_mixin.py:188} INFO - [2026-06-12T11:21:21.339+0000] {dagbag.py:538} INFO - Filling up the DagBag from /home/airflow/.local/lib/python3.8/site-packages/airflow/example_dags/example_python_decorator.py
[2026-06-12T11:21:21.359+0000] {processor.py:840} INFO - DAG(s) 'example_python_decorator' retrieved from /home/airflow/.local/lib/python3.8/site-packages/airflow/example_dags/example_python_decorator.py
[2026-06-12T11:21:21.399+0000] {logging_mixin.py:188} INFO - [2026-06-12T11:21:21.399+0000] {dag.py:3036} INFO - Sync 1 DAGs
[2026-06-12T11:21:21.418+0000] {logging_mixin.py:188} INFO - [2026-06-12T11:21:21.418+0000] {dag.py:3823} INFO - Setting next_dagrun for example_python_decorator to None, run_after=None
[2026-06-12T11:21:21.447+0000] {processor.py:183} INFO - Processing /home/airflow/.local/lib/python3.8/site-packages/airflow/example_dags/example_python_decorator.py took 0.116 seconds
[2026-06-12T11:21:51.881+0000] {processor.py:161} INFO - Started process (PID=2559) to work on /home/airflow/.local/lib/python3.8/site-packages/airflow/example_dags/example_python_decorator.py
[2026-06-12T11:21:51.883+0000] {processor.py:830} INFO - Processing file /home/airflow/.local/lib/python3.8/site-packages/airflow/example_dags/example_python_decorator.py for tasks to queue
[2026-06-12T11:21:51.886+0000] {logging_mixin.py:188} INFO - [2026-06-12T11:21:51.885+0000] {dagbag.py:538} INFO - Filling up the DagBag from /home/airflow/.local/lib/python3.8/site-packages/airflow/example_dags/example_python_decorator.py
[2026-06-12T11:21:51.907+0000] {processor.py:840} INFO - DAG(s) 'example_python_decorator' retrieved from /home/airflow/.local/lib/python3.8/site-packages/airflow/example_dags/example_python_decorator.py
[2026-06-12T11:21:51.947+0000] {logging_mixin.py:188} INFO - [2026-06-12T11:21:51.947+0000] {dag.py:3036} INFO - Sync 1 DAGs
[2026-06-12T11:21:51.971+0000] {logging_mixin.py:188} INFO - [2026-06-12T11:21:51.970+0000] {dag.py:3823} INFO - Setting next_dagrun for example_python_decorator to None, run_after=None
[2026-06-12T11:21:52.004+0000] {processor.py:183} INFO - Processing /home/airflow/.local/lib/python3.8/site-packages/airflow/example_dags/example_python_decorator.py took 0.128 seconds
[2026-06-12T11:22:22.861+0000] {processor.py:161} INFO - Started process (PID=2625) to work on /home/airflow/.local/lib/python3.8/site-packages/airflow/example_dags/example_python_decorator.py
[2026-06-12T11:22:22.863+0000] {processor.py:830} INFO - Processing file /home/airflow/.local/lib/python3.8/site-packages/airflow/example_dags/example_python_decorator.py for tasks to queue
[2026-06-12T11:22:22.866+0000] {logging_mixin.py:188} INFO - [2026-06-12T11:22:22.865+0000] {dagbag.py:538} INFO - Filling up the DagBag from /home/airflow/.local/lib/python3.8/site-packages/airflow/example_dags/example_python_decorator.py
[2026-06-12T11:22:22.888+0000] {processor.py:840} INFO - DAG(s) 'example_python_decorator' retrieved from /home/airflow/.local/lib/python3.8/site-packages/airflow/example_dags/example_python_decorator.py
[2026-06-12T11:22:22.931+0000] {logging_mixin.py:188} INFO - [2026-06-12T11:22:22.930+0000] {dag.py:3036} INFO - Sync 1 DAGs
[2026-06-12T11:22:22.951+0000] {logging_mixin.py:188} INFO - [2026-06-12T11:22:22.951+0000] {dag.py:3823} INFO - Setting next_dagrun for example_python_decorator to None, run_after=None
[2026-06-12T11:22:23.001+0000] {processor.py:183} INFO - Processing /home/airflow/.local/lib/python3.8/site-packages/airflow/example_dags/example_python_decorator.py took 0.145 seconds
[2026-06-12T11:22:53.360+0000] {processor.py:161} INFO - Started process (PID=2691) to work on /home/airflow/.local/lib/python3.8/site-packages/airflow/example_dags/example_python_decorator.py
[2026-06-12T11:22:53.362+0000] {processor.py:830} INFO - Processing file /home/airflow/.local/lib/python3.8/site-packages/airflow/example_dags/example_python_decorator.py for tasks to queue
[2026-06-12T11:22:53.365+0000] {logging_mixin.py:188} INFO - [2026-06-12T11:22:53.364+0000] {dagbag.py:538} INFO - Filling up the DagBag from /home/airflow/.local/lib/python3.8/site-packages/airflow/example_dags/example_python_decorator.py
[2026-06-12T11:22:53.385+0000] {processor.py:840} INFO - DAG(s) 'example_python_decorator' retrieved from /home/airflow/.local/lib/python3.8/site-packages/airflow/example_dags/example_python_decorator.py
[2026-06-12T11:22:53.426+0000] {logging_mixin.py:188} INFO - [2026-06-12T11:22:53.426+0000] {dag.py:3036} INFO - Sync 1 DAGs
[2026-06-12T11:22:53.450+0000] {logging_mixin.py:188} INFO - [2026-06-12T11:22:53.450+0000] {dag.py:3823} INFO - Setting next_dagrun for example_python_decorator to None, run_after=None
[2026-06-12T11:22:53.482+0000] {processor.py:183} INFO - Processing /home/airflow/.local/lib/python3.8/site-packages/airflow/example_dags/example_python_decorator.py took 0.127 seconds
[2026-06-12T11:23:24.328+0000] {processor.py:161} INFO - Started process (PID=2757) to work on /home/airflow/.local/lib/python3.8/site-packages/airflow/example_dags/example_python_decorator.py
[2026-06-12T11:23:24.330+0000] {processor.py:830} INFO - Processing file /home/airflow/.local/lib/python3.8/site-packages/airflow/example_dags/example_python_decorator.py for tasks to queue
[2026-06-12T11:23:24.332+0000] {logging_mixin.py:188} INFO - [2026-06-12T11:23:24.332+0000] {dagbag.py:538} INFO - Filling up the DagBag from /home/airflow/.local/lib/python3.8/site-packages/airflow/example_dags/example_python_decorator.py
[2026-06-12T11:23:24.353+0000] {processor.py:840} INFO - DAG(s) 'example_python_decorator' retrieved from /home/airflow/.local/lib/python3.8/site-packages/airflow/example_dags/example_python_decorator.py
[2026-06-12T11:23:24.398+0000] {logging_mixin.py:188} INFO - [2026-06-12T11:23:24.398+0000] {dag.py:3036} INFO - Sync 1 DAGs
[2026-06-12T11:23:24.419+0000] {logging_mixin.py:188} INFO - [2026-06-12T11:23:24.419+0000] {dag.py:3823} INFO - Setting next_dagrun for example_python_decorator to None, run_after=None
[2026-06-12T11:23:24.447+0000] {processor.py:183} INFO - Processing /home/airflow/.local/lib/python3.8/site-packages/airflow/example_dags/example_python_decorator.py took 0.124 seconds
[2026-06-12T11:23:55.238+0000] {processor.py:161} INFO - Started process (PID=2830) to work on /home/airflow/.local/lib/python3.8/site-packages/airflow/example_dags/example_python_decorator.py
[2026-06-12T11:23:55.239+0000] {processor.py:830} INFO - Processing file /home/airflow/.local/lib/python3.8/site-packages/airflow/example_dags/example_python_decorator.py for tasks to queue
[2026-06-12T11:23:55.242+0000] {logging_mixin.py:188} INFO - [2026-06-12T11:23:55.242+0000] {dagbag.py:538} INFO - Filling up the DagBag from /home/airflow/.local/lib/python3.8/site-packages/airflow/example_dags/example_python_decorator.py
[2026-06-12T11:23:55.269+0000] {processor.py:840} INFO - DAG(s) 'example_python_decorator' retrieved from /home/airflow/.local/lib/python3.8/site-packages/airflow/example_dags/example_python_decorator.py
[2026-06-12T11:23:55.318+0000] {logging_mixin.py:188} INFO - [2026-06-12T11:23:55.318+0000] {dag.py:3036} INFO - Sync 1 DAGs
[2026-06-12T11:23:55.343+0000] {logging_mixin.py:188} INFO - [2026-06-12T11:23:55.342+0000] {dag.py:3823} INFO - Setting next_dagrun for example_python_decorator to None, run_after=None
[2026-06-12T11:23:55.378+0000] {processor.py:183} INFO - Processing /home/airflow/.local/lib/python3.8/site-packages/airflow/example_dags/example_python_decorator.py took 0.147 seconds
[2026-06-12T11:24:25.639+0000] {processor.py:161} INFO - Started process (PID=2896) to work on /home/airflow/.local/lib/python3.8/site-packages/airflow/example_dags/example_python_decorator.py
[2026-06-12T11:24:25.641+0000] {processor.py:830} INFO - Processing file /home/airflow/.local/lib/python3.8/site-packages/airflow/example_dags/example_python_decorator.py for tasks to queue
[2026-06-12T11:24:25.644+0000] {logging_mixin.py:188} INFO - [2026-06-12T11:24:25.643+0000] {dagbag.py:538} INFO - Filling up the DagBag from /home/airflow/.local/lib/python3.8/site-packages/airflow/example_dags/example_python_decorator.py
[2026-06-12T11:24:25.670+0000] {processor.py:840} INFO - DAG(s) 'example_python_decorator' retrieved from /home/airflow/.local/lib/python3.8/site-packages/airflow/example_dags/example_python_decorator.py
[2026-06-12T11:24:25.716+0000] {logging_mixin.py:188} INFO - [2026-06-12T11:24:25.716+0000] {dag.py:3036} INFO - Sync 1 DAGs
[2026-06-12T11:24:25.740+0000] {logging_mixin.py:188} INFO - [2026-06-12T11:24:25.740+0000] {dag.py:3823} INFO - Setting next_dagrun for example_python_decorator to None, run_after=None
[2026-06-12T11:24:25.772+0000] {processor.py:183} INFO - Processing /home/airflow/.local/lib/python3.8/site-packages/airflow/example_dags/example_python_decorator.py took 0.139 seconds
[2026-06-12T11:24:56.559+0000] {processor.py:161} INFO - Started process (PID=2962) to work on /home/airflow/.local/lib/python3.8/site-packages/airflow/example_dags/example_python_decorator.py
[2026-06-12T11:24:56.561+0000] {processor.py:830} INFO - Processing file /home/airflow/.local/lib/python3.8/site-packages/airflow/example_dags/example_python_decorator.py for tasks to queue
[2026-06-12T11:24:56.564+0000] {logging_mixin.py:188} INFO - [2026-06-12T11:24:56.564+0000] {dagbag.py:538} INFO - Filling up the DagBag from /home/airflow/.local/lib/python3.8/site-packages/airflow/example_dags/example_python_decorator.py
[2026-06-12T11:24:56.591+0000] {processor.py:840} INFO - DAG(s) 'example_python_decorator' retrieved from /home/airflow/.local/lib/python3.8/site-packages/airflow/example_dags/example_python_decorator.py
[2026-06-12T11:24:56.638+0000] {logging_mixin.py:188} INFO - [2026-06-12T11:24:56.638+0000] {dag.py:3036} INFO - Sync 1 DAGs
[2026-06-12T11:24:56.663+0000] {logging_mixin.py:188} INFO - [2026-06-12T11:24:56.663+0000] {dag.py:3823} INFO - Setting next_dagrun for example_python_decorator to None, run_after=None
[2026-06-12T11:24:56.739+0000] {processor.py:183} INFO - Processing /home/airflow/.local/lib/python3.8/site-packages/airflow/example_dags/example_python_decorator.py took 0.186 seconds
[2026-06-12T11:25:28.558+0000] {processor.py:161} INFO - Started process (PID=3028) to work on /home/airflow/.local/lib/python3.8/site-packages/airflow/example_dags/example_python_decorator.py
[2026-06-12T11:25:28.560+0000] {processor.py:830} INFO - Processing file /home/airflow/.local/lib/python3.8/site-packages/airflow/example_dags/example_python_decorator.py for tasks to queue
[2026-06-12T11:25:28.562+0000] {logging_mixin.py:188} INFO - [2026-06-12T11:25:28.562+0000] {dagbag.py:538} INFO - Filling up the DagBag from /home/airflow/.local/lib/python3.8/site-packages/airflow/example_dags/example_python_decorator.py
[2026-06-12T11:25:28.583+0000] {processor.py:840} INFO - DAG(s) 'example_python_decorator' retrieved from /home/airflow/.local/lib/python3.8/site-packages/airflow/example_dags/example_python_decorator.py
[2026-06-12T11:25:28.630+0000] {logging_mixin.py:188} INFO - [2026-06-12T11:25:28.629+0000] {dag.py:3036} INFO - Sync 1 DAGs
[2026-06-12T11:25:28.655+0000] {logging_mixin.py:188} INFO - [2026-06-12T11:25:28.655+0000] {dag.py:3823} INFO - Setting next_dagrun for example_python_decorator to None, run_after=None
[2026-06-12T11:25:28.689+0000] {processor.py:183} INFO - Processing /home/airflow/.local/lib/python3.8/site-packages/airflow/example_dags/example_python_decorator.py took 0.136 seconds
[2026-06-12T11:25:59.478+0000] {processor.py:161} INFO - Started process (PID=3092) to work on /home/airflow/.local/lib/python3.8/site-packages/airflow/example_dags/example_python_decorator.py
[2026-06-12T11:25:59.480+0000] {processor.py:830} INFO - Processing file /home/airflow/.local/lib/python3.8/site-packages/airflow/example_dags/example_python_decorator.py for tasks to queue
[2026-06-12T11:25:59.482+0000] {logging_mixin.py:188} INFO - [2026-06-12T11:25:59.482+0000] {dagbag.py:538} INFO - Filling up the DagBag from /home/airflow/.local/lib/python3.8/site-packages/airflow/example_dags/example_python_decorator.py
[2026-06-12T11:25:59.502+0000] {processor.py:840} INFO - DAG(s) 'example_python_decorator' retrieved from /home/airflow/.local/lib/python3.8/site-packages/airflow/example_dags/example_python_decorator.py
[2026-06-12T11:25:59.539+0000] {logging_mixin.py:188} INFO - [2026-06-12T11:25:59.538+0000] {dag.py:3036} INFO - Sync 1 DAGs
[2026-06-12T11:25:59.729+0000] {logging_mixin.py:188} INFO - [2026-06-12T11:25:59.729+0000] {dag.py:3823} INFO - Setting next_dagrun for example_python_decorator to None, run_after=None
[2026-06-12T11:25:59.754+0000] {processor.py:183} INFO - Processing /home/airflow/.local/lib/python3.8/site-packages/airflow/example_dags/example_python_decorator.py took 0.281 seconds
[2026-06-12T11:26:30.211+0000] {processor.py:161} INFO - Started process (PID=3159) to work on /home/airflow/.local/lib/python3.8/site-packages/airflow/example_dags/example_python_decorator.py
[2026-06-12T11:26:30.213+0000] {processor.py:830} INFO - Processing file /home/airflow/.local/lib/python3.8/site-packages/airflow/example_dags/example_python_decorator.py for tasks to queue
[2026-06-12T11:26:30.216+0000] {logging_mixin.py:188} INFO - [2026-06-12T11:26:30.215+0000] {dagbag.py:538} INFO - Filling up the DagBag from /home/airflow/.local/lib/python3.8/site-packages/airflow/example_dags/example_python_decorator.py
[2026-06-12T11:26:30.238+0000] {processor.py:840} INFO - DAG(s) 'example_python_decorator' retrieved from /home/airflow/.local/lib/python3.8/site-packages/airflow/example_dags/example_python_decorator.py
[2026-06-12T11:26:30.276+0000] {logging_mixin.py:188} INFO - [2026-06-12T11:26:30.276+0000] {dag.py:3036} INFO - Sync 1 DAGs
[2026-06-12T11:26:30.295+0000] {logging_mixin.py:188} INFO - [2026-06-12T11:26:30.295+0000] {dag.py:3823} INFO - Setting next_dagrun for example_python_decorator to None, run_after=None
[2026-06-12T11:26:30.324+0000] {processor.py:183} INFO - Processing /home/airflow/.local/lib/python3.8/site-packages/airflow/example_dags/example_python_decorator.py took 0.118 seconds
[2026-06-12T11:27:00.552+0000] {processor.py:161} INFO - Started process (PID=3226) to work on /home/airflow/.local/lib/python3.8/site-packages/airflow/example_dags/example_python_decorator.py
[2026-06-12T11:27:00.553+0000] {processor.py:830} INFO - Processing file /home/airflow/.local/lib/python3.8/site-packages/airflow/example_dags/example_python_decorator.py for tasks to queue
[2026-06-12T11:27:00.556+0000] {logging_mixin.py:188} INFO - [2026-06-12T11:27:00.555+0000] {dagbag.py:538} INFO - Filling up the DagBag from /home/airflow/.local/lib/python3.8/site-packages/airflow/example_dags/example_python_decorator.py
[2026-06-12T11:27:00.579+0000] {processor.py:840} INFO - DAG(s) 'example_python_decorator' retrieved from /home/airflow/.local/lib/python3.8/site-packages/airflow/example_dags/example_python_decorator.py
[2026-06-12T11:27:00.618+0000] {logging_mixin.py:188} INFO - [2026-06-12T11:27:00.618+0000] {dag.py:3036} INFO - Sync 1 DAGs
[2026-06-12T11:27:00.638+0000] {logging_mixin.py:188} INFO - [2026-06-12T11:27:00.637+0000] {dag.py:3823} INFO - Setting next_dagrun for example_python_decorator to None, run_after=None
[2026-06-12T11:27:00.667+0000] {processor.py:183} INFO - Processing /home/airflow/.local/lib/python3.8/site-packages/airflow/example_dags/example_python_decorator.py took 0.120 seconds
[2026-06-12T11:27:31.342+0000] {processor.py:161} INFO - Started process (PID=3292) to work on /home/airflow/.local/lib/python3.8/site-packages/airflow/example_dags/example_python_decorator.py
[2026-06-12T11:27:31.343+0000] {processor.py:830} INFO - Processing file /home/airflow/.local/lib/python3.8/site-packages/airflow/example_dags/example_python_decorator.py for tasks to queue
[2026-06-12T11:27:31.346+0000] {logging_mixin.py:188} INFO - [2026-06-12T11:27:31.346+0000] {dagbag.py:538} INFO - Filling up the DagBag from /home/airflow/.local/lib/python3.8/site-packages/airflow/example_dags/example_python_decorator.py
[2026-06-12T11:27:31.370+0000] {processor.py:840} INFO - DAG(s) 'example_python_decorator' retrieved from /home/airflow/.local/lib/python3.8/site-packages/airflow/example_dags/example_python_decorator.py
[2026-06-12T11:27:31.407+0000] {logging_mixin.py:188} INFO - [2026-06-12T11:27:31.407+0000] {dag.py:3036} INFO - Sync 1 DAGs
[2026-06-12T11:27:31.431+0000] {logging_mixin.py:188} INFO - [2026-06-12T11:27:31.430+0000] {dag.py:3823} INFO - Setting next_dagrun for example_python_decorator to None, run_after=None
[2026-06-12T11:27:31.463+0000] {processor.py:183} INFO - Processing /home/airflow/.local/lib/python3.8/site-packages/airflow/example_dags/example_python_decorator.py took 0.127 seconds
[2026-06-12T11:28:01.861+0000] {processor.py:161} INFO - Started process (PID=3364) to work on /home/airflow/.local/lib/python3.8/site-packages/airflow/example_dags/example_python_decorator.py
[2026-06-12T11:28:01.862+0000] {processor.py:830} INFO - Processing file /home/airflow/.local/lib/python3.8/site-packages/airflow/example_dags/example_python_decorator.py for tasks to queue
[2026-06-12T11:28:01.865+0000] {logging_mixin.py:188} INFO - [2026-06-12T11:28:01.864+0000] {dagbag.py:538} INFO - Filling up the DagBag from /home/airflow/.local/lib/python3.8/site-packages/airflow/example_dags/example_python_decorator.py
[2026-06-12T11:28:01.899+0000] {processor.py:840} INFO - DAG(s) 'example_python_decorator' retrieved from /home/airflow/.local/lib/python3.8/site-packages/airflow/example_dags/example_python_decorator.py
[2026-06-12T11:28:01.961+0000] {logging_mixin.py:188} INFO - [2026-06-12T11:28:01.960+0000] {dag.py:3036} INFO - Sync 1 DAGs
[2026-06-12T11:28:01.990+0000] {logging_mixin.py:188} INFO - [2026-06-12T11:28:01.989+0000] {dag.py:3823} INFO - Setting next_dagrun for example_python_decorator to None, run_after=None
[2026-06-12T11:28:02.024+0000] {processor.py:183} INFO - Processing /home/airflow/.local/lib/python3.8/site-packages/airflow/example_dags/example_python_decorator.py took 0.169 seconds
[2026-06-12T11:28:32.497+0000] {processor.py:161} INFO - Started process (PID=3430) to work on /home/airflow/.local/lib/python3.8/site-packages/airflow/example_dags/example_python_decorator.py
[2026-06-12T11:28:32.501+0000] {processor.py:830} INFO - Processing file /home/airflow/.local/lib/python3.8/site-packages/airflow/example_dags/example_python_decorator.py for tasks to queue
[2026-06-12T11:28:32.504+0000] {logging_mixin.py:188} INFO - [2026-06-12T11:28:32.504+0000] {dagbag.py:538} INFO - Filling up the DagBag from /home/airflow/.local/lib/python3.8/site-packages/airflow/example_dags/example_python_decorator.py
[2026-06-12T11:28:32.530+0000] {processor.py:840} INFO - DAG(s) 'example_python_decorator' retrieved from /home/airflow/.local/lib/python3.8/site-packages/airflow/example_dags/example_python_decorator.py
[2026-06-12T11:28:32.575+0000] {logging_mixin.py:188} INFO - [2026-06-12T11:28:32.575+0000] {dag.py:3036} INFO - Sync 1 DAGs
[2026-06-12T11:28:32.599+0000] {logging_mixin.py:188} INFO - [2026-06-12T11:28:32.599+0000] {dag.py:3823} INFO - Setting next_dagrun for example_python_decorator to None, run_after=None
[2026-06-12T11:28:32.631+0000] {processor.py:183} INFO - Processing /home/airflow/.local/lib/python3.8/site-packages/airflow/example_dags/example_python_decorator.py took 0.141 seconds
[2026-06-12T11:29:02.853+0000] {processor.py:161} INFO - Started process (PID=3496) to work on /home/airflow/.local/lib/python3.8/site-packages/airflow/example_dags/example_python_decorator.py
[2026-06-12T11:29:02.854+0000] {processor.py:830} INFO - Processing file /home/airflow/.local/lib/python3.8/site-packages/airflow/example_dags/example_python_decorator.py for tasks to queue
[2026-06-12T11:29:02.857+0000] {logging_mixin.py:188} INFO - [2026-06-12T11:29:02.857+0000] {dagbag.py:538} INFO - Filling up the DagBag from /home/airflow/.local/lib/python3.8/site-packages/airflow/example_dags/example_python_decorator.py
[2026-06-12T11:29:02.882+0000] {processor.py:840} INFO - DAG(s) 'example_python_decorator' retrieved from /home/airflow/.local/lib/python3.8/site-packages/airflow/example_dags/example_python_decorator.py
[2026-06-12T11:29:02.930+0000] {logging_mixin.py:188} INFO - [2026-06-12T11:29:02.930+0000] {dag.py:3036} INFO - Sync 1 DAGs
[2026-06-12T11:29:02.951+0000] {logging_mixin.py:188} INFO - [2026-06-12T11:29:02.951+0000] {dag.py:3823} INFO - Setting next_dagrun for example_python_decorator to None, run_after=None
[2026-06-12T11:29:02.988+0000] {processor.py:183} INFO - Processing /home/airflow/.local/lib/python3.8/site-packages/airflow/example_dags/example_python_decorator.py took 0.141 seconds
[2026-06-12T11:29:33.675+0000] {processor.py:161} INFO - Started process (PID=3561) to work on /home/airflow/.local/lib/python3.8/site-packages/airflow/example_dags/example_python_decorator.py
[2026-06-12T11:29:33.677+0000] {processor.py:830} INFO - Processing file /home/airflow/.local/lib/python3.8/site-packages/airflow/example_dags/example_python_decorator.py for tasks to queue
[2026-06-12T11:29:33.680+0000] {logging_mixin.py:188} INFO - [2026-06-12T11:29:33.679+0000] {dagbag.py:538} INFO - Filling up the DagBag from /home/airflow/.local/lib/python3.8/site-packages/airflow/example_dags/example_python_decorator.py
[2026-06-12T11:29:33.708+0000] {processor.py:840} INFO - DAG(s) 'example_python_decorator' retrieved from /home/airflow/.local/lib/python3.8/site-packages/airflow/example_dags/example_python_decorator.py
[2026-06-12T11:29:33.750+0000] {logging_mixin.py:188} INFO - [2026-06-12T11:29:33.750+0000] {dag.py:3036} INFO - Sync 1 DAGs
[2026-06-12T11:29:33.772+0000] {logging_mixin.py:188} INFO - [2026-06-12T11:29:33.772+0000] {dag.py:3823} INFO - Setting next_dagrun for example_python_decorator to None, run_after=None
[2026-06-12T11:29:33.806+0000] {processor.py:183} INFO - Processing /home/airflow/.local/lib/python3.8/site-packages/airflow/example_dags/example_python_decorator.py took 0.136 seconds
[2026-06-12T11:30:04.160+0000] {processor.py:161} INFO - Started process (PID=3626) to work on /home/airflow/.local/lib/python3.8/site-packages/airflow/example_dags/example_python_decorator.py
[2026-06-12T11:30:04.161+0000] {processor.py:830} INFO - Processing file /home/airflow/.local/lib/python3.8/site-packages/airflow/example_dags/example_python_decorator.py for tasks to queue
[2026-06-12T11:30:04.164+0000] {logging_mixin.py:188} INFO - [2026-06-12T11:30:04.164+0000] {dagbag.py:538} INFO - Filling up the DagBag from /home/airflow/.local/lib/python3.8/site-packages/airflow/example_dags/example_python_decorator.py
[2026-06-12T11:30:04.187+0000] {processor.py:840} INFO - DAG(s) 'example_python_decorator' retrieved from /home/airflow/.local/lib/python3.8/site-packages/airflow/example_dags/example_python_decorator.py
[2026-06-12T11:30:04.232+0000] {logging_mixin.py:188} INFO - [2026-06-12T11:30:04.231+0000] {dag.py:3036} INFO - Sync 1 DAGs
[2026-06-12T11:30:04.258+0000] {logging_mixin.py:188} INFO - [2026-06-12T11:30:04.258+0000] {dag.py:3823} INFO - Setting next_dagrun for example_python_decorator to None, run_after=None
[2026-06-12T11:30:04.293+0000] {processor.py:183} INFO - Processing /home/airflow/.local/lib/python3.8/site-packages/airflow/example_dags/example_python_decorator.py took 0.143 seconds
[2026-06-12T11:30:34.568+0000] {processor.py:161} INFO - Started process (PID=3692) to work on /home/airflow/.local/lib/python3.8/site-packages/airflow/example_dags/example_python_decorator.py
[2026-06-12T11:30:34.570+0000] {processor.py:830} INFO - Processing file /home/airflow/.local/lib/python3.8/site-packages/airflow/example_dags/example_python_decorator.py for tasks to queue
[2026-06-12T11:30:34.573+0000] {logging_mixin.py:188} INFO - [2026-06-12T11:30:34.572+0000] {dagbag.py:538} INFO - Filling up the DagBag from /home/airflow/.local/lib/python3.8/site-packages/airflow/example_dags/example_python_decorator.py
[2026-06-12T11:30:34.601+0000] {processor.py:840} INFO - DAG(s) 'example_python_decorator' retrieved from /home/airflow/.local/lib/python3.8/site-packages/airflow/example_dags/example_python_decorator.py
[2026-06-12T11:30:34.646+0000] {logging_mixin.py:188} INFO - [2026-06-12T11:30:34.645+0000] {dag.py:3036} INFO - Sync 1 DAGs
[2026-06-12T11:30:34.667+0000] {logging_mixin.py:188} INFO - [2026-06-12T11:30:34.667+0000] {dag.py:3823} INFO - Setting next_dagrun for example_python_decorator to None, run_after=None
[2026-06-12T11:30:34.706+0000] {processor.py:183} INFO - Processing /home/airflow/.local/lib/python3.8/site-packages/airflow/example_dags/example_python_decorator.py took 0.143 seconds
[2026-06-12T11:31:05.025+0000] {processor.py:161} INFO - Started process (PID=3759) to work on /home/airflow/.local/lib/python3.8/site-packages/airflow/example_dags/example_python_decorator.py
[2026-06-12T11:31:05.027+0000] {processor.py:830} INFO - Processing file /home/airflow/.local/lib/python3.8/site-packages/airflow/example_dags/example_python_decorator.py for tasks to queue
[2026-06-12T11:31:05.030+0000] {logging_mixin.py:188} INFO - [2026-06-12T11:31:05.030+0000] {dagbag.py:538} INFO - Filling up the DagBag from /home/airflow/.local/lib/python3.8/site-packages/airflow/example_dags/example_python_decorator.py
[2026-06-12T11:31:05.069+0000] {processor.py:840} INFO - DAG(s) 'example_python_decorator' retrieved from /home/airflow/.local/lib/python3.8/site-packages/airflow/example_dags/example_python_decorator.py
[2026-06-12T11:31:05.116+0000] {logging_mixin.py:188} INFO - [2026-06-12T11:31:05.115+0000] {dag.py:3036} INFO - Sync 1 DAGs
[2026-06-12T11:31:05.140+0000] {logging_mixin.py:188} INFO - [2026-06-12T11:31:05.139+0000] {dag.py:3823} INFO - Setting next_dagrun for example_python_decorator to None, run_after=None
[2026-06-12T11:31:05.179+0000] {processor.py:183} INFO - Processing /home/airflow/.local/lib/python3.8/site-packages/airflow/example_dags/example_python_decorator.py took 0.159 seconds
[2026-06-12T11:31:35.418+0000] {processor.py:161} INFO - Started process (PID=3826) to work on /home/airflow/.local/lib/python3.8/site-packages/airflow/example_dags/example_python_decorator.py
[2026-06-12T11:31:35.419+0000] {processor.py:830} INFO - Processing file /home/airflow/.local/lib/python3.8/site-packages/airflow/example_dags/example_python_decorator.py for tasks to queue
[2026-06-12T11:31:35.421+0000] {logging_mixin.py:188} INFO - [2026-06-12T11:31:35.421+0000] {dagbag.py:538} INFO - Filling up the DagBag from /home/airflow/.local/lib/python3.8/site-packages/airflow/example_dags/example_python_decorator.py
[2026-06-12T11:31:35.444+0000] {processor.py:840} INFO - DAG(s) 'example_python_decorator' retrieved from /home/airflow/.local/lib/python3.8/site-packages/airflow/example_dags/example_python_decorator.py
[2026-06-12T11:31:35.482+0000] {logging_mixin.py:188} INFO - [2026-06-12T11:31:35.481+0000] {dag.py:3036} INFO - Sync 1 DAGs
[2026-06-12T11:31:35.507+0000] {logging_mixin.py:188} INFO - [2026-06-12T11:31:35.506+0000] {dag.py:3823} INFO - Setting next_dagrun for example_python_decorator to None, run_after=None
[2026-06-12T11:31:35.539+0000] {processor.py:183} INFO - Processing /home/airflow/.local/lib/python3.8/site-packages/airflow/example_dags/example_python_decorator.py took 0.126 seconds
[2026-06-12T11:32:05.821+0000] {processor.py:161} INFO - Started process (PID=3893) to work on /home/airflow/.local/lib/python3.8/site-packages/airflow/example_dags/example_python_decorator.py
[2026-06-12T11:32:05.823+0000] {processor.py:830} INFO - Processing file /home/airflow/.local/lib/python3.8/site-packages/airflow/example_dags/example_python_decorator.py for tasks to queue
[2026-06-12T11:32:05.827+0000] {logging_mixin.py:188} INFO - [2026-06-12T11:32:05.826+0000] {dagbag.py:538} INFO - Filling up the DagBag from /home/airflow/.local/lib/python3.8/site-packages/airflow/example_dags/example_python_decorator.py
[2026-06-12T11:32:05.853+0000] {processor.py:840} INFO - DAG(s) 'example_python_decorator' retrieved from /home/airflow/.local/lib/python3.8/site-packages/airflow/example_dags/example_python_decorator.py
[2026-06-12T11:32:05.900+0000] {logging_mixin.py:188} INFO - [2026-06-12T11:32:05.899+0000] {dag.py:3036} INFO - Sync 1 DAGs
[2026-06-12T11:32:05.924+0000] {logging_mixin.py:188} INFO - [2026-06-12T11:32:05.924+0000] {dag.py:3823} INFO - Setting next_dagrun for example_python_decorator to None, run_after=None
[2026-06-12T11:32:05.959+0000] {processor.py:183} INFO - Processing /home/airflow/.local/lib/python3.8/site-packages/airflow/example_dags/example_python_decorator.py took 0.143 seconds
[2026-06-12T11:32:36.253+0000] {processor.py:161} INFO - Started process (PID=3966) to work on /home/airflow/.local/lib/python3.8/site-packages/airflow/example_dags/example_python_decorator.py
[2026-06-12T11:32:36.255+0000] {processor.py:830} INFO - Processing file /home/airflow/.local/lib/python3.8/site-packages/airflow/example_dags/example_python_decorator.py for tasks to queue
[2026-06-12T11:32:36.258+0000] {logging_mixin.py:188} INFO - [2026-06-12T11:32:36.257+0000] {dagbag.py:538} INFO - Filling up the DagBag from /home/airflow/.local/lib/python3.8/site-packages/airflow/example_dags/example_python_decorator.py
[2026-06-12T11:32:36.283+0000] {processor.py:840} INFO - DAG(s) 'example_python_decorator' retrieved from /home/airflow/.local/lib/python3.8/site-packages/airflow/example_dags/example_python_decorator.py
[2026-06-12T11:32:36.332+0000] {logging_mixin.py:188} INFO - [2026-06-12T11:32:36.331+0000] {dag.py:3036} INFO - Sync 1 DAGs
[2026-06-12T11:32:36.356+0000] {logging_mixin.py:188} INFO - [2026-06-12T11:32:36.356+0000] {dag.py:3823} INFO - Setting next_dagrun for example_python_decorator to None, run_after=None
[2026-06-12T11:32:36.390+0000] {processor.py:183} INFO - Processing /home/airflow/.local/lib/python3.8/site-packages/airflow/example_dags/example_python_decorator.py took 0.142 seconds
[2026-06-12T11:33:06.995+0000] {processor.py:161} INFO - Started process (PID=4031) to work on /home/airflow/.local/lib/python3.8/site-packages/airflow/example_dags/example_python_decorator.py
[2026-06-12T11:33:06.997+0000] {processor.py:830} INFO - Processing file /home/airflow/.local/lib/python3.8/site-packages/airflow/example_dags/example_python_decorator.py for tasks to queue
[2026-06-12T11:33:07.000+0000] {logging_mixin.py:188} INFO - [2026-06-12T11:33:06.999+0000] {dagbag.py:538} INFO - Filling up the DagBag from /home/airflow/.local/lib/python3.8/site-packages/airflow/example_dags/example_python_decorator.py
[2026-06-12T11:33:07.027+0000] {processor.py:840} INFO - DAG(s) 'example_python_decorator' retrieved from /home/airflow/.local/lib/python3.8/site-packages/airflow/example_dags/example_python_decorator.py
[2026-06-12T11:33:07.075+0000] {logging_mixin.py:188} INFO - [2026-06-12T11:33:07.075+0000] {dag.py:3036} INFO - Sync 1 DAGs
[2026-06-12T11:33:07.100+0000] {logging_mixin.py:188} INFO - [2026-06-12T11:33:07.099+0000] {dag.py:3823} INFO - Setting next_dagrun for example_python_decorator to None, run_after=None
[2026-06-12T11:33:07.134+0000] {processor.py:183} INFO - Processing /home/airflow/.local/lib/python3.8/site-packages/airflow/example_dags/example_python_decorator.py took 0.145 seconds
[2026-06-12T11:33:37.588+0000] {processor.py:161} INFO - Started process (PID=4097) to work on /home/airflow/.local/lib/python3.8/site-packages/airflow/example_dags/example_python_decorator.py
[2026-06-12T11:33:37.589+0000] {processor.py:830} INFO - Processing file /home/airflow/.local/lib/python3.8/site-packages/airflow/example_dags/example_python_decorator.py for tasks to queue
[2026-06-12T11:33:37.593+0000] {logging_mixin.py:188} INFO - [2026-06-12T11:33:37.592+0000] {dagbag.py:538} INFO - Filling up the DagBag from /home/airflow/.local/lib/python3.8/site-packages/airflow/example_dags/example_python_decorator.py
[2026-06-12T11:33:37.621+0000] {processor.py:840} INFO - DAG(s) 'example_python_decorator' retrieved from /home/airflow/.local/lib/python3.8/site-packages/airflow/example_dags/example_python_decorator.py
[2026-06-12T11:33:37.669+0000] {logging_mixin.py:188} INFO - [2026-06-12T11:33:37.668+0000] {dag.py:3036} INFO - Sync 1 DAGs
[2026-06-12T11:33:37.693+0000] {logging_mixin.py:188} INFO - [2026-06-12T11:33:37.693+0000] {dag.py:3823} INFO - Setting next_dagrun for example_python_decorator to None, run_after=None
[2026-06-12T11:33:37.725+0000] {processor.py:183} INFO - Processing /home/airflow/.local/lib/python3.8/site-packages/airflow/example_dags/example_python_decorator.py took 0.145 seconds
[2026-06-12T11:34:08.307+0000] {processor.py:161} INFO - Started process (PID=4163) to work on /home/airflow/.local/lib/python3.8/site-packages/airflow/example_dags/example_python_decorator.py
[2026-06-12T11:34:08.309+0000] {processor.py:830} INFO - Processing file /home/airflow/.local/lib/python3.8/site-packages/airflow/example_dags/example_python_decorator.py for tasks to queue
[2026-06-12T11:34:08.312+0000] {logging_mixin.py:188} INFO - [2026-06-12T11:34:08.311+0000] {dagbag.py:538} INFO - Filling up the DagBag from /home/airflow/.local/lib/python3.8/site-packages/airflow/example_dags/example_python_decorator.py
[2026-06-12T11:34:08.338+0000] {processor.py:840} INFO - DAG(s) 'example_python_decorator' retrieved from /home/airflow/.local/lib/python3.8/site-packages/airflow/example_dags/example_python_decorator.py
[2026-06-12T11:34:08.388+0000] {logging_mixin.py:188} INFO - [2026-06-12T11:34:08.388+0000] {dag.py:3036} INFO - Sync 1 DAGs
[2026-06-12T11:34:08.409+0000] {logging_mixin.py:188} INFO - [2026-06-12T11:34:08.408+0000] {dag.py:3823} INFO - Setting next_dagrun for example_python_decorator to None, run_after=None
[2026-06-12T11:34:08.444+0000] {processor.py:183} INFO - Processing /home/airflow/.local/lib/python3.8/site-packages/airflow/example_dags/example_python_decorator.py took 0.142 seconds
[2026-06-12T11:34:39.302+0000] {processor.py:161} INFO - Started process (PID=4229) to work on /home/airflow/.local/lib/python3.8/site-packages/airflow/example_dags/example_python_decorator.py
[2026-06-12T11:34:39.304+0000] {processor.py:830} INFO - Processing file /home/airflow/.local/lib/python3.8/site-packages/airflow/example_dags/example_python_decorator.py for tasks to queue
[2026-06-12T11:34:39.308+0000] {logging_mixin.py:188} INFO - [2026-06-12T11:34:39.308+0000] {dagbag.py:538} INFO - Filling up the DagBag from /home/airflow/.local/lib/python3.8/site-packages/airflow/example_dags/example_python_decorator.py
[2026-06-12T11:34:39.334+0000] {processor.py:840} INFO - DAG(s) 'example_python_decorator' retrieved from /home/airflow/.local/lib/python3.8/site-packages/airflow/example_dags/example_python_decorator.py
[2026-06-12T11:34:39.375+0000] {logging_mixin.py:188} INFO - [2026-06-12T11:34:39.374+0000] {dag.py:3036} INFO - Sync 1 DAGs
[2026-06-12T11:34:39.396+0000] {logging_mixin.py:188} INFO - [2026-06-12T11:34:39.396+0000] {dag.py:3823} INFO - Setting next_dagrun for example_python_decorator to None, run_after=None
[2026-06-12T11:34:39.436+0000] {processor.py:183} INFO - Processing /home/airflow/.local/lib/python3.8/site-packages/airflow/example_dags/example_python_decorator.py took 0.140 seconds
[2026-06-12T11:35:09.507+0000] {processor.py:161} INFO - Started process (PID=4295) to work on /home/airflow/.local/lib/python3.8/site-packages/airflow/example_dags/example_python_decorator.py
[2026-06-12T11:35:09.509+0000] {processor.py:830} INFO - Processing file /home/airflow/.local/lib/python3.8/site-packages/airflow/example_dags/example_python_decorator.py for tasks to queue
[2026-06-12T11:35:09.512+0000] {logging_mixin.py:188} INFO - [2026-06-12T11:35:09.511+0000] {dagbag.py:538} INFO - Filling up the DagBag from /home/airflow/.local/lib/python3.8/site-packages/airflow/example_dags/example_python_decorator.py
[2026-06-12T11:35:09.539+0000] {processor.py:840} INFO - DAG(s) 'example_python_decorator' retrieved from /home/airflow/.local/lib/python3.8/site-packages/airflow/example_dags/example_python_decorator.py
[2026-06-12T11:35:09.586+0000] {logging_mixin.py:188} INFO - [2026-06-12T11:35:09.586+0000] {dag.py:3036} INFO - Sync 1 DAGs
[2026-06-12T11:35:09.611+0000] {logging_mixin.py:188} INFO - [2026-06-12T11:35:09.611+0000] {dag.py:3823} INFO - Setting next_dagrun for example_python_decorator to None, run_after=None
[2026-06-12T11:35:09.645+0000] {processor.py:183} INFO - Processing /home/airflow/.local/lib/python3.8/site-packages/airflow/example_dags/example_python_decorator.py took 0.144 seconds
[2026-06-12T11:35:39.966+0000] {processor.py:161} INFO - Started process (PID=4360) to work on /home/airflow/.local/lib/python3.8/site-packages/airflow/example_dags/example_python_decorator.py
[2026-06-12T11:35:39.967+0000] {processor.py:830} INFO - Processing file /home/airflow/.local/lib/python3.8/site-packages/airflow/example_dags/example_python_decorator.py for tasks to queue
[2026-06-12T11:35:39.970+0000] {logging_mixin.py:188} INFO - [2026-06-12T11:35:39.970+0000] {dagbag.py:538} INFO - Filling up the DagBag from /home/airflow/.local/lib/python3.8/site-packages/airflow/example_dags/example_python_decorator.py
[2026-06-12T11:35:39.995+0000] {processor.py:840} INFO - DAG(s) 'example_python_decorator' retrieved from /home/airflow/.local/lib/python3.8/site-packages/airflow/example_dags/example_python_decorator.py
[2026-06-12T11:35:40.037+0000] {logging_mixin.py:188} INFO - [2026-06-12T11:35:40.037+0000] {dag.py:3036} INFO - Sync 1 DAGs
[2026-06-12T11:35:40.057+0000] {logging_mixin.py:188} INFO - [2026-06-12T11:35:40.057+0000] {dag.py:3823} INFO - Setting next_dagrun for example_python_decorator to None, run_after=None
[2026-06-12T11:35:40.085+0000] {processor.py:183} INFO - Processing /home/airflow/.local/lib/python3.8/site-packages/airflow/example_dags/example_python_decorator.py took 0.124 seconds
[2026-06-12T11:36:10.385+0000] {processor.py:161} INFO - Started process (PID=4432) to work on /home/airflow/.local/lib/python3.8/site-packages/airflow/example_dags/example_python_decorator.py
[2026-06-12T11:36:10.387+0000] {processor.py:830} INFO - Processing file /home/airflow/.local/lib/python3.8/site-packages/airflow/example_dags/example_python_decorator.py for tasks to queue
[2026-06-12T11:36:10.390+0000] {logging_mixin.py:188} INFO - [2026-06-12T11:36:10.389+0000] {dagbag.py:538} INFO - Filling up the DagBag from /home/airflow/.local/lib/python3.8/site-packages/airflow/example_dags/example_python_decorator.py
[2026-06-12T11:36:10.415+0000] {processor.py:840} INFO - DAG(s) 'example_python_decorator' retrieved from /home/airflow/.local/lib/python3.8/site-packages/airflow/example_dags/example_python_decorator.py
[2026-06-12T11:36:10.464+0000] {logging_mixin.py:188} INFO - [2026-06-12T11:36:10.464+0000] {dag.py:3036} INFO - Sync 1 DAGs
[2026-06-12T11:36:10.489+0000] {logging_mixin.py:188} INFO - [2026-06-12T11:36:10.488+0000] {dag.py:3823} INFO - Setting next_dagrun for example_python_decorator to None, run_after=None
[2026-06-12T11:36:10.525+0000] {processor.py:183} INFO - Processing /home/airflow/.local/lib/python3.8/site-packages/airflow/example_dags/example_python_decorator.py took 0.145 seconds
[2026-06-12T11:36:41.030+0000] {processor.py:161} INFO - Started process (PID=4498) to work on /home/airflow/.local/lib/python3.8/site-packages/airflow/example_dags/example_python_decorator.py
[2026-06-12T11:36:41.032+0000] {processor.py:830} INFO - Processing file /home/airflow/.local/lib/python3.8/site-packages/airflow/example_dags/example_python_decorator.py for tasks to queue
[2026-06-12T11:36:41.035+0000] {logging_mixin.py:188} INFO - [2026-06-12T11:36:41.034+0000] {dagbag.py:538} INFO - Filling up the DagBag from /home/airflow/.local/lib/python3.8/site-packages/airflow/example_dags/example_python_decorator.py
[2026-06-12T11:36:41.062+0000] {processor.py:840} INFO - DAG(s) 'example_python_decorator' retrieved from /home/airflow/.local/lib/python3.8/site-packages/airflow/example_dags/example_python_decorator.py
[2026-06-12T11:36:41.109+0000] {logging_mixin.py:188} INFO - [2026-06-12T11:36:41.108+0000] {dag.py:3036} INFO - Sync 1 DAGs
[2026-06-12T11:36:41.134+0000] {logging_mixin.py:188} INFO - [2026-06-12T11:36:41.133+0000] {dag.py:3823} INFO - Setting next_dagrun for example_python_decorator to None, run_after=None
[2026-06-12T11:36:41.175+0000] {processor.py:183} INFO - Processing /home/airflow/.local/lib/python3.8/site-packages/airflow/example_dags/example_python_decorator.py took 0.151 seconds
