[2026-06-12T11:03:04.086+0000] {processor.py:161} INFO - Started process (PID=94) to work on /home/airflow/.local/lib/python3.8/site-packages/airflow/example_dags/example_skip_dag.py
[2026-06-12T11:03:04.088+0000] {processor.py:830} INFO - Processing file /home/airflow/.local/lib/python3.8/site-packages/airflow/example_dags/example_skip_dag.py for tasks to queue
[2026-06-12T11:03:04.091+0000] {logging_mixin.py:188} INFO - [2026-06-12T11:03:04.090+0000] {dagbag.py:538} INFO - Filling up the DagBag from /home/airflow/.local/lib/python3.8/site-packages/airflow/example_dags/example_skip_dag.py
[2026-06-12T11:03:04.124+0000] {processor.py:840} INFO - DAG(s) 'example_skip_dag' retrieved from /home/airflow/.local/lib/python3.8/site-packages/airflow/example_dags/example_skip_dag.py
[2026-06-12T11:03:04.151+0000] {logging_mixin.py:188} INFO - [2026-06-12T11:03:04.150+0000] {dag.py:3036} INFO - Sync 1 DAGs
[2026-06-12T11:03:04.200+0000] {logging_mixin.py:188} INFO - [2026-06-12T11:03:04.199+0000] {dag.py:3823} INFO - Setting next_dagrun for example_skip_dag to 2026-06-11 00:00:00+00:00, run_after=2026-06-12 00:00:00+00:00
[2026-06-12T11:03:04.234+0000] {processor.py:183} INFO - Processing /home/airflow/.local/lib/python3.8/site-packages/airflow/example_dags/example_skip_dag.py took 0.153 seconds
[2026-06-12T11:03:36.285+0000] {processor.py:161} INFO - Started process (PID=160) to work on /home/airflow/.local/lib/python3.8/site-packages/airflow/example_dags/example_skip_dag.py
[2026-06-12T11:03:36.286+0000] {processor.py:830} INFO - Processing file /home/airflow/.local/lib/python3.8/site-packages/airflow/example_dags/example_skip_dag.py for tasks to queue
[2026-06-12T11:03:36.289+0000] {logging_mixin.py:188} INFO - [2026-06-12T11:03:36.288+0000] {dagbag.py:538} INFO - Filling up the DagBag from /home/airflow/.local/lib/python3.8/site-packages/airflow/example_dags/example_skip_dag.py
[2026-06-12T11:03:36.301+0000] {processor.py:840} INFO - DAG(s) 'example_skip_dag' retrieved from /home/airflow/.local/lib/python3.8/site-packages/airflow/example_dags/example_skip_dag.py
[2026-06-12T11:03:36.490+0000] {logging_mixin.py:188} INFO - [2026-06-12T11:03:36.489+0000] {dag.py:3036} INFO - Sync 1 DAGs
[2026-06-12T11:03:36.522+0000] {logging_mixin.py:188} INFO - [2026-06-12T11:03:36.522+0000] {dag.py:3823} INFO - Setting next_dagrun for example_skip_dag to 2026-06-11 00:00:00+00:00, run_after=2026-06-12 00:00:00+00:00
[2026-06-12T11:03:36.551+0000] {processor.py:183} INFO - Processing /home/airflow/.local/lib/python3.8/site-packages/airflow/example_dags/example_skip_dag.py took 0.270 seconds
[2026-06-12T11:04:07.157+0000] {processor.py:161} INFO - Started process (PID=226) to work on /home/airflow/.local/lib/python3.8/site-packages/airflow/example_dags/example_skip_dag.py
[2026-06-12T11:04:07.159+0000] {processor.py:830} INFO - Processing file /home/airflow/.local/lib/python3.8/site-packages/airflow/example_dags/example_skip_dag.py for tasks to queue
[2026-06-12T11:04:07.161+0000] {logging_mixin.py:188} INFO - [2026-06-12T11:04:07.161+0000] {dagbag.py:538} INFO - Filling up the DagBag from /home/airflow/.local/lib/python3.8/site-packages/airflow/example_dags/example_skip_dag.py
[2026-06-12T11:04:07.172+0000] {processor.py:840} INFO - DAG(s) 'example_skip_dag' retrieved from /home/airflow/.local/lib/python3.8/site-packages/airflow/example_dags/example_skip_dag.py
[2026-06-12T11:04:07.209+0000] {logging_mixin.py:188} INFO - [2026-06-12T11:04:07.209+0000] {dag.py:3036} INFO - Sync 1 DAGs
[2026-06-12T11:04:07.243+0000] {logging_mixin.py:188} INFO - [2026-06-12T11:04:07.243+0000] {dag.py:3823} INFO - Setting next_dagrun for example_skip_dag to 2026-06-11 00:00:00+00:00, run_after=2026-06-12 00:00:00+00:00
[2026-06-12T11:04:07.272+0000] {processor.py:183} INFO - Processing /home/airflow/.local/lib/python3.8/site-packages/airflow/example_dags/example_skip_dag.py took 0.120 seconds
[2026-06-12T11:04:37.973+0000] {processor.py:161} INFO - Started process (PID=293) to work on /home/airflow/.local/lib/python3.8/site-packages/airflow/example_dags/example_skip_dag.py
[2026-06-12T11:04:37.975+0000] {processor.py:830} INFO - Processing file /home/airflow/.local/lib/python3.8/site-packages/airflow/example_dags/example_skip_dag.py for tasks to queue
[2026-06-12T11:04:37.978+0000] {logging_mixin.py:188} INFO - [2026-06-12T11:04:37.977+0000] {dagbag.py:538} INFO - Filling up the DagBag from /home/airflow/.local/lib/python3.8/site-packages/airflow/example_dags/example_skip_dag.py
[2026-06-12T11:04:37.988+0000] {processor.py:840} INFO - DAG(s) 'example_skip_dag' retrieved from /home/airflow/.local/lib/python3.8/site-packages/airflow/example_dags/example_skip_dag.py
[2026-06-12T11:04:38.028+0000] {logging_mixin.py:188} INFO - [2026-06-12T11:04:38.028+0000] {dag.py:3036} INFO - Sync 1 DAGs
[2026-06-12T11:04:38.069+0000] {logging_mixin.py:188} INFO - [2026-06-12T11:04:38.069+0000] {dag.py:3823} INFO - Setting next_dagrun for example_skip_dag to 2026-06-11 00:00:00+00:00, run_after=2026-06-12 00:00:00+00:00
[2026-06-12T11:04:38.101+0000] {processor.py:183} INFO - Processing /home/airflow/.local/lib/python3.8/site-packages/airflow/example_dags/example_skip_dag.py took 0.134 seconds
[2026-06-12T11:05:08.561+0000] {processor.py:161} INFO - Started process (PID=359) to work on /home/airflow/.local/lib/python3.8/site-packages/airflow/example_dags/example_skip_dag.py
[2026-06-12T11:05:08.563+0000] {processor.py:830} INFO - Processing file /home/airflow/.local/lib/python3.8/site-packages/airflow/example_dags/example_skip_dag.py for tasks to queue
[2026-06-12T11:05:08.566+0000] {logging_mixin.py:188} INFO - [2026-06-12T11:05:08.566+0000] {dagbag.py:538} INFO - Filling up the DagBag from /home/airflow/.local/lib/python3.8/site-packages/airflow/example_dags/example_skip_dag.py
[2026-06-12T11:05:08.580+0000] {processor.py:840} INFO - DAG(s) 'example_skip_dag' retrieved from /home/airflow/.local/lib/python3.8/site-packages/airflow/example_dags/example_skip_dag.py
[2026-06-12T11:05:08.632+0000] {logging_mixin.py:188} INFO - [2026-06-12T11:05:08.631+0000] {dag.py:3036} INFO - Sync 1 DAGs
[2026-06-12T11:05:08.676+0000] {logging_mixin.py:188} INFO - [2026-06-12T11:05:08.676+0000] {dag.py:3823} INFO - Setting next_dagrun for example_skip_dag to 2026-06-11 00:00:00+00:00, run_after=2026-06-12 00:00:00+00:00
[2026-06-12T11:05:08.711+0000] {processor.py:183} INFO - Processing /home/airflow/.local/lib/python3.8/site-packages/airflow/example_dags/example_skip_dag.py took 0.156 seconds
[2026-06-12T11:05:39.077+0000] {processor.py:161} INFO - Started process (PID=433) to work on /home/airflow/.local/lib/python3.8/site-packages/airflow/example_dags/example_skip_dag.py
[2026-06-12T11:05:39.078+0000] {processor.py:830} INFO - Processing file /home/airflow/.local/lib/python3.8/site-packages/airflow/example_dags/example_skip_dag.py for tasks to queue
[2026-06-12T11:05:39.081+0000] {logging_mixin.py:188} INFO - [2026-06-12T11:05:39.081+0000] {dagbag.py:538} INFO - Filling up the DagBag from /home/airflow/.local/lib/python3.8/site-packages/airflow/example_dags/example_skip_dag.py
[2026-06-12T11:05:39.093+0000] {processor.py:840} INFO - DAG(s) 'example_skip_dag' retrieved from /home/airflow/.local/lib/python3.8/site-packages/airflow/example_dags/example_skip_dag.py
[2026-06-12T11:05:39.140+0000] {logging_mixin.py:188} INFO - [2026-06-12T11:05:39.139+0000] {dag.py:3036} INFO - Sync 1 DAGs
[2026-06-12T11:05:39.186+0000] {logging_mixin.py:188} INFO - [2026-06-12T11:05:39.185+0000] {dag.py:3823} INFO - Setting next_dagrun for example_skip_dag to 2026-06-11 00:00:00+00:00, run_after=2026-06-12 00:00:00+00:00
[2026-06-12T11:05:39.228+0000] {processor.py:183} INFO - Processing /home/airflow/.local/lib/python3.8/site-packages/airflow/example_dags/example_skip_dag.py took 0.157 seconds
[2026-06-12T11:06:09.666+0000] {processor.py:161} INFO - Started process (PID=499) to work on /home/airflow/.local/lib/python3.8/site-packages/airflow/example_dags/example_skip_dag.py
[2026-06-12T11:06:09.668+0000] {processor.py:830} INFO - Processing file /home/airflow/.local/lib/python3.8/site-packages/airflow/example_dags/example_skip_dag.py for tasks to queue
[2026-06-12T11:06:09.671+0000] {logging_mixin.py:188} INFO - [2026-06-12T11:06:09.670+0000] {dagbag.py:538} INFO - Filling up the DagBag from /home/airflow/.local/lib/python3.8/site-packages/airflow/example_dags/example_skip_dag.py
[2026-06-12T11:06:09.682+0000] {processor.py:840} INFO - DAG(s) 'example_skip_dag' retrieved from /home/airflow/.local/lib/python3.8/site-packages/airflow/example_dags/example_skip_dag.py
[2026-06-12T11:06:09.722+0000] {logging_mixin.py:188} INFO - [2026-06-12T11:06:09.721+0000] {dag.py:3036} INFO - Sync 1 DAGs
[2026-06-12T11:06:09.762+0000] {logging_mixin.py:188} INFO - [2026-06-12T11:06:09.762+0000] {dag.py:3823} INFO - Setting next_dagrun for example_skip_dag to 2026-06-11 00:00:00+00:00, run_after=2026-06-12 00:00:00+00:00
[2026-06-12T11:06:09.798+0000] {processor.py:183} INFO - Processing /home/airflow/.local/lib/python3.8/site-packages/airflow/example_dags/example_skip_dag.py took 0.137 seconds
[2026-06-12T11:06:40.048+0000] {processor.py:161} INFO - Started process (PID=563) to work on /home/airflow/.local/lib/python3.8/site-packages/airflow/example_dags/example_skip_dag.py
[2026-06-12T11:06:40.054+0000] {processor.py:830} INFO - Processing file /home/airflow/.local/lib/python3.8/site-packages/airflow/example_dags/example_skip_dag.py for tasks to queue
[2026-06-12T11:06:40.059+0000] {logging_mixin.py:188} INFO - [2026-06-12T11:06:40.058+0000] {dagbag.py:538} INFO - Filling up the DagBag from /home/airflow/.local/lib/python3.8/site-packages/airflow/example_dags/example_skip_dag.py
[2026-06-12T11:06:40.072+0000] {processor.py:840} INFO - DAG(s) 'example_skip_dag' retrieved from /home/airflow/.local/lib/python3.8/site-packages/airflow/example_dags/example_skip_dag.py
[2026-06-12T11:06:40.119+0000] {logging_mixin.py:188} INFO - [2026-06-12T11:06:40.119+0000] {dag.py:3036} INFO - Sync 1 DAGs
[2026-06-12T11:06:40.169+0000] {logging_mixin.py:188} INFO - [2026-06-12T11:06:40.169+0000] {dag.py:3823} INFO - Setting next_dagrun for example_skip_dag to 2026-06-11 00:00:00+00:00, run_after=2026-06-12 00:00:00+00:00
[2026-06-12T11:06:40.216+0000] {processor.py:183} INFO - Processing /home/airflow/.local/lib/python3.8/site-packages/airflow/example_dags/example_skip_dag.py took 0.178 seconds
[2026-06-12T11:07:10.419+0000] {processor.py:161} INFO - Started process (PID=628) to work on /home/airflow/.local/lib/python3.8/site-packages/airflow/example_dags/example_skip_dag.py
[2026-06-12T11:07:10.421+0000] {processor.py:830} INFO - Processing file /home/airflow/.local/lib/python3.8/site-packages/airflow/example_dags/example_skip_dag.py for tasks to queue
[2026-06-12T11:07:10.423+0000] {logging_mixin.py:188} INFO - [2026-06-12T11:07:10.423+0000] {dagbag.py:538} INFO - Filling up the DagBag from /home/airflow/.local/lib/python3.8/site-packages/airflow/example_dags/example_skip_dag.py
[2026-06-12T11:07:10.433+0000] {processor.py:840} INFO - DAG(s) 'example_skip_dag' retrieved from /home/airflow/.local/lib/python3.8/site-packages/airflow/example_dags/example_skip_dag.py
[2026-06-12T11:07:10.469+0000] {logging_mixin.py:188} INFO - [2026-06-12T11:07:10.469+0000] {dag.py:3036} INFO - Sync 1 DAGs
[2026-06-12T11:07:10.509+0000] {logging_mixin.py:188} INFO - [2026-06-12T11:07:10.509+0000] {dag.py:3823} INFO - Setting next_dagrun for example_skip_dag to 2026-06-11 00:00:00+00:00, run_after=2026-06-12 00:00:00+00:00
[2026-06-12T11:07:10.540+0000] {processor.py:183} INFO - Processing /home/airflow/.local/lib/python3.8/site-packages/airflow/example_dags/example_skip_dag.py took 0.125 seconds
[2026-06-12T11:07:40.714+0000] {processor.py:161} INFO - Started process (PID=694) to work on /home/airflow/.local/lib/python3.8/site-packages/airflow/example_dags/example_skip_dag.py
[2026-06-12T11:07:40.715+0000] {processor.py:830} INFO - Processing file /home/airflow/.local/lib/python3.8/site-packages/airflow/example_dags/example_skip_dag.py for tasks to queue
[2026-06-12T11:07:40.718+0000] {logging_mixin.py:188} INFO - [2026-06-12T11:07:40.717+0000] {dagbag.py:538} INFO - Filling up the DagBag from /home/airflow/.local/lib/python3.8/site-packages/airflow/example_dags/example_skip_dag.py
[2026-06-12T11:07:40.728+0000] {processor.py:840} INFO - DAG(s) 'example_skip_dag' retrieved from /home/airflow/.local/lib/python3.8/site-packages/airflow/example_dags/example_skip_dag.py
[2026-06-12T11:07:40.767+0000] {logging_mixin.py:188} INFO - [2026-06-12T11:07:40.767+0000] {dag.py:3036} INFO - Sync 1 DAGs
[2026-06-12T11:07:40.803+0000] {logging_mixin.py:188} INFO - [2026-06-12T11:07:40.803+0000] {dag.py:3823} INFO - Setting next_dagrun for example_skip_dag to 2026-06-11 00:00:00+00:00, run_after=2026-06-12 00:00:00+00:00
[2026-06-12T11:07:40.837+0000] {processor.py:183} INFO - Processing /home/airflow/.local/lib/python3.8/site-packages/airflow/example_dags/example_skip_dag.py took 0.129 seconds
[2026-06-12T11:08:11.174+0000] {processor.py:161} INFO - Started process (PID=760) to work on /home/airflow/.local/lib/python3.8/site-packages/airflow/example_dags/example_skip_dag.py
[2026-06-12T11:08:11.176+0000] {processor.py:830} INFO - Processing file /home/airflow/.local/lib/python3.8/site-packages/airflow/example_dags/example_skip_dag.py for tasks to queue
[2026-06-12T11:08:11.179+0000] {logging_mixin.py:188} INFO - [2026-06-12T11:08:11.179+0000] {dagbag.py:538} INFO - Filling up the DagBag from /home/airflow/.local/lib/python3.8/site-packages/airflow/example_dags/example_skip_dag.py
[2026-06-12T11:08:11.192+0000] {processor.py:840} INFO - DAG(s) 'example_skip_dag' retrieved from /home/airflow/.local/lib/python3.8/site-packages/airflow/example_dags/example_skip_dag.py
[2026-06-12T11:08:11.236+0000] {logging_mixin.py:188} INFO - [2026-06-12T11:08:11.235+0000] {dag.py:3036} INFO - Sync 1 DAGs
[2026-06-12T11:08:11.280+0000] {logging_mixin.py:188} INFO - [2026-06-12T11:08:11.279+0000] {dag.py:3823} INFO - Setting next_dagrun for example_skip_dag to 2026-06-11 00:00:00+00:00, run_after=2026-06-12 00:00:00+00:00
[2026-06-12T11:08:11.314+0000] {processor.py:183} INFO - Processing /home/airflow/.local/lib/python3.8/site-packages/airflow/example_dags/example_skip_dag.py took 0.146 seconds
[2026-06-12T11:08:41.500+0000] {processor.py:161} INFO - Started process (PID=827) to work on /home/airflow/.local/lib/python3.8/site-packages/airflow/example_dags/example_skip_dag.py
[2026-06-12T11:08:41.502+0000] {processor.py:830} INFO - Processing file /home/airflow/.local/lib/python3.8/site-packages/airflow/example_dags/example_skip_dag.py for tasks to queue
[2026-06-12T11:08:41.505+0000] {logging_mixin.py:188} INFO - [2026-06-12T11:08:41.504+0000] {dagbag.py:538} INFO - Filling up the DagBag from /home/airflow/.local/lib/python3.8/site-packages/airflow/example_dags/example_skip_dag.py
[2026-06-12T11:08:41.517+0000] {processor.py:840} INFO - DAG(s) 'example_skip_dag' retrieved from /home/airflow/.local/lib/python3.8/site-packages/airflow/example_dags/example_skip_dag.py
[2026-06-12T11:08:41.557+0000] {logging_mixin.py:188} INFO - [2026-06-12T11:08:41.557+0000] {dag.py:3036} INFO - Sync 1 DAGs
[2026-06-12T11:08:41.593+0000] {logging_mixin.py:188} INFO - [2026-06-12T11:08:41.593+0000] {dag.py:3823} INFO - Setting next_dagrun for example_skip_dag to 2026-06-11 00:00:00+00:00, run_after=2026-06-12 00:00:00+00:00
[2026-06-12T11:08:41.624+0000] {processor.py:183} INFO - Processing /home/airflow/.local/lib/python3.8/site-packages/airflow/example_dags/example_skip_dag.py took 0.129 seconds
[2026-06-12T11:09:11.669+0000] {processor.py:161} INFO - Started process (PID=891) to work on /home/airflow/.local/lib/python3.8/site-packages/airflow/example_dags/example_skip_dag.py
[2026-06-12T11:09:11.671+0000] {processor.py:830} INFO - Processing file /home/airflow/.local/lib/python3.8/site-packages/airflow/example_dags/example_skip_dag.py for tasks to queue
[2026-06-12T11:09:11.673+0000] {logging_mixin.py:188} INFO - [2026-06-12T11:09:11.673+0000] {dagbag.py:538} INFO - Filling up the DagBag from /home/airflow/.local/lib/python3.8/site-packages/airflow/example_dags/example_skip_dag.py
[2026-06-12T11:09:11.683+0000] {processor.py:840} INFO - DAG(s) 'example_skip_dag' retrieved from /home/airflow/.local/lib/python3.8/site-packages/airflow/example_dags/example_skip_dag.py
[2026-06-12T11:09:11.718+0000] {logging_mixin.py:188} INFO - [2026-06-12T11:09:11.718+0000] {dag.py:3036} INFO - Sync 1 DAGs
[2026-06-12T11:09:11.751+0000] {logging_mixin.py:188} INFO - [2026-06-12T11:09:11.751+0000] {dag.py:3823} INFO - Setting next_dagrun for example_skip_dag to 2026-06-11 00:00:00+00:00, run_after=2026-06-12 00:00:00+00:00
[2026-06-12T11:09:11.779+0000] {processor.py:183} INFO - Processing /home/airflow/.local/lib/python3.8/site-packages/airflow/example_dags/example_skip_dag.py took 0.115 seconds
[2026-06-12T11:09:42.305+0000] {processor.py:161} INFO - Started process (PID=964) to work on /home/airflow/.local/lib/python3.8/site-packages/airflow/example_dags/example_skip_dag.py
[2026-06-12T11:09:42.306+0000] {processor.py:830} INFO - Processing file /home/airflow/.local/lib/python3.8/site-packages/airflow/example_dags/example_skip_dag.py for tasks to queue
[2026-06-12T11:09:42.308+0000] {logging_mixin.py:188} INFO - [2026-06-12T11:09:42.308+0000] {dagbag.py:538} INFO - Filling up the DagBag from /home/airflow/.local/lib/python3.8/site-packages/airflow/example_dags/example_skip_dag.py
[2026-06-12T11:09:42.318+0000] {processor.py:840} INFO - DAG(s) 'example_skip_dag' retrieved from /home/airflow/.local/lib/python3.8/site-packages/airflow/example_dags/example_skip_dag.py
[2026-06-12T11:09:42.359+0000] {logging_mixin.py:188} INFO - [2026-06-12T11:09:42.359+0000] {dag.py:3036} INFO - Sync 1 DAGs
[2026-06-12T11:09:42.403+0000] {logging_mixin.py:188} INFO - [2026-06-12T11:09:42.403+0000] {dag.py:3823} INFO - Setting next_dagrun for example_skip_dag to 2026-06-11 00:00:00+00:00, run_after=2026-06-12 00:00:00+00:00
[2026-06-12T11:09:42.436+0000] {processor.py:183} INFO - Processing /home/airflow/.local/lib/python3.8/site-packages/airflow/example_dags/example_skip_dag.py took 0.137 seconds
[2026-06-12T11:10:12.855+0000] {processor.py:161} INFO - Started process (PID=1031) to work on /home/airflow/.local/lib/python3.8/site-packages/airflow/example_dags/example_skip_dag.py
[2026-06-12T11:10:12.857+0000] {processor.py:830} INFO - Processing file /home/airflow/.local/lib/python3.8/site-packages/airflow/example_dags/example_skip_dag.py for tasks to queue
[2026-06-12T11:10:12.859+0000] {logging_mixin.py:188} INFO - [2026-06-12T11:10:12.859+0000] {dagbag.py:538} INFO - Filling up the DagBag from /home/airflow/.local/lib/python3.8/site-packages/airflow/example_dags/example_skip_dag.py
[2026-06-12T11:10:12.870+0000] {processor.py:840} INFO - DAG(s) 'example_skip_dag' retrieved from /home/airflow/.local/lib/python3.8/site-packages/airflow/example_dags/example_skip_dag.py
[2026-06-12T11:10:12.909+0000] {logging_mixin.py:188} INFO - [2026-06-12T11:10:12.909+0000] {dag.py:3036} INFO - Sync 1 DAGs
[2026-06-12T11:10:12.953+0000] {logging_mixin.py:188} INFO - [2026-06-12T11:10:12.953+0000] {dag.py:3823} INFO - Setting next_dagrun for example_skip_dag to 2026-06-11 00:00:00+00:00, run_after=2026-06-12 00:00:00+00:00
[2026-06-12T11:10:12.987+0000] {processor.py:183} INFO - Processing /home/airflow/.local/lib/python3.8/site-packages/airflow/example_dags/example_skip_dag.py took 0.137 seconds
[2026-06-12T11:10:43.194+0000] {processor.py:161} INFO - Started process (PID=1096) to work on /home/airflow/.local/lib/python3.8/site-packages/airflow/example_dags/example_skip_dag.py
[2026-06-12T11:10:43.196+0000] {processor.py:830} INFO - Processing file /home/airflow/.local/lib/python3.8/site-packages/airflow/example_dags/example_skip_dag.py for tasks to queue
[2026-06-12T11:10:43.199+0000] {logging_mixin.py:188} INFO - [2026-06-12T11:10:43.199+0000] {dagbag.py:538} INFO - Filling up the DagBag from /home/airflow/.local/lib/python3.8/site-packages/airflow/example_dags/example_skip_dag.py
[2026-06-12T11:10:43.211+0000] {processor.py:840} INFO - DAG(s) 'example_skip_dag' retrieved from /home/airflow/.local/lib/python3.8/site-packages/airflow/example_dags/example_skip_dag.py
[2026-06-12T11:10:43.251+0000] {logging_mixin.py:188} INFO - [2026-06-12T11:10:43.250+0000] {dag.py:3036} INFO - Sync 1 DAGs
[2026-06-12T11:10:43.291+0000] {logging_mixin.py:188} INFO - [2026-06-12T11:10:43.291+0000] {dag.py:3823} INFO - Setting next_dagrun for example_skip_dag to 2026-06-11 00:00:00+00:00, run_after=2026-06-12 00:00:00+00:00
[2026-06-12T11:10:43.326+0000] {processor.py:183} INFO - Processing /home/airflow/.local/lib/python3.8/site-packages/airflow/example_dags/example_skip_dag.py took 0.137 seconds
[2026-06-12T11:11:13.445+0000] {processor.py:161} INFO - Started process (PID=1162) to work on /home/airflow/.local/lib/python3.8/site-packages/airflow/example_dags/example_skip_dag.py
[2026-06-12T11:11:13.447+0000] {processor.py:830} INFO - Processing file /home/airflow/.local/lib/python3.8/site-packages/airflow/example_dags/example_skip_dag.py for tasks to queue
[2026-06-12T11:11:13.449+0000] {logging_mixin.py:188} INFO - [2026-06-12T11:11:13.449+0000] {dagbag.py:538} INFO - Filling up the DagBag from /home/airflow/.local/lib/python3.8/site-packages/airflow/example_dags/example_skip_dag.py
[2026-06-12T11:11:13.459+0000] {processor.py:840} INFO - DAG(s) 'example_skip_dag' retrieved from /home/airflow/.local/lib/python3.8/site-packages/airflow/example_dags/example_skip_dag.py
[2026-06-12T11:11:13.497+0000] {logging_mixin.py:188} INFO - [2026-06-12T11:11:13.497+0000] {dag.py:3036} INFO - Sync 1 DAGs
[2026-06-12T11:11:13.531+0000] {logging_mixin.py:188} INFO - [2026-06-12T11:11:13.531+0000] {dag.py:3823} INFO - Setting next_dagrun for example_skip_dag to 2026-06-11 00:00:00+00:00, run_after=2026-06-12 00:00:00+00:00
[2026-06-12T11:11:13.559+0000] {processor.py:183} INFO - Processing /home/airflow/.local/lib/python3.8/site-packages/airflow/example_dags/example_skip_dag.py took 0.119 seconds
[2026-06-12T11:11:43.994+0000] {processor.py:161} INFO - Started process (PID=1229) to work on /home/airflow/.local/lib/python3.8/site-packages/airflow/example_dags/example_skip_dag.py
[2026-06-12T11:11:43.996+0000] {processor.py:830} INFO - Processing file /home/airflow/.local/lib/python3.8/site-packages/airflow/example_dags/example_skip_dag.py for tasks to queue
[2026-06-12T11:11:43.999+0000] {logging_mixin.py:188} INFO - [2026-06-12T11:11:43.998+0000] {dagbag.py:538} INFO - Filling up the DagBag from /home/airflow/.local/lib/python3.8/site-packages/airflow/example_dags/example_skip_dag.py
[2026-06-12T11:11:44.010+0000] {processor.py:840} INFO - DAG(s) 'example_skip_dag' retrieved from /home/airflow/.local/lib/python3.8/site-packages/airflow/example_dags/example_skip_dag.py
[2026-06-12T11:11:44.052+0000] {logging_mixin.py:188} INFO - [2026-06-12T11:11:44.052+0000] {dag.py:3036} INFO - Sync 1 DAGs
[2026-06-12T11:11:44.096+0000] {logging_mixin.py:188} INFO - [2026-06-12T11:11:44.096+0000] {dag.py:3823} INFO - Setting next_dagrun for example_skip_dag to 2026-06-11 00:00:00+00:00, run_after=2026-06-12 00:00:00+00:00
[2026-06-12T11:11:44.131+0000] {processor.py:183} INFO - Processing /home/airflow/.local/lib/python3.8/site-packages/airflow/example_dags/example_skip_dag.py took 0.141 seconds
[2026-06-12T11:12:14.464+0000] {processor.py:161} INFO - Started process (PID=1295) to work on /home/airflow/.local/lib/python3.8/site-packages/airflow/example_dags/example_skip_dag.py
[2026-06-12T11:12:14.465+0000] {processor.py:830} INFO - Processing file /home/airflow/.local/lib/python3.8/site-packages/airflow/example_dags/example_skip_dag.py for tasks to queue
[2026-06-12T11:12:14.467+0000] {logging_mixin.py:188} INFO - [2026-06-12T11:12:14.467+0000] {dagbag.py:538} INFO - Filling up the DagBag from /home/airflow/.local/lib/python3.8/site-packages/airflow/example_dags/example_skip_dag.py
[2026-06-12T11:12:14.478+0000] {processor.py:840} INFO - DAG(s) 'example_skip_dag' retrieved from /home/airflow/.local/lib/python3.8/site-packages/airflow/example_dags/example_skip_dag.py
[2026-06-12T11:12:14.515+0000] {logging_mixin.py:188} INFO - [2026-06-12T11:12:14.514+0000] {dag.py:3036} INFO - Sync 1 DAGs
[2026-06-12T11:12:14.548+0000] {logging_mixin.py:188} INFO - [2026-06-12T11:12:14.548+0000] {dag.py:3823} INFO - Setting next_dagrun for example_skip_dag to 2026-06-11 00:00:00+00:00, run_after=2026-06-12 00:00:00+00:00
[2026-06-12T11:12:14.574+0000] {processor.py:183} INFO - Processing /home/airflow/.local/lib/python3.8/site-packages/airflow/example_dags/example_skip_dag.py took 0.115 seconds
[2026-06-12T11:12:44.666+0000] {processor.py:161} INFO - Started process (PID=1362) to work on /home/airflow/.local/lib/python3.8/site-packages/airflow/example_dags/example_skip_dag.py
[2026-06-12T11:12:44.668+0000] {processor.py:830} INFO - Processing file /home/airflow/.local/lib/python3.8/site-packages/airflow/example_dags/example_skip_dag.py for tasks to queue
[2026-06-12T11:12:44.670+0000] {logging_mixin.py:188} INFO - [2026-06-12T11:12:44.670+0000] {dagbag.py:538} INFO - Filling up the DagBag from /home/airflow/.local/lib/python3.8/site-packages/airflow/example_dags/example_skip_dag.py
[2026-06-12T11:12:44.681+0000] {processor.py:840} INFO - DAG(s) 'example_skip_dag' retrieved from /home/airflow/.local/lib/python3.8/site-packages/airflow/example_dags/example_skip_dag.py
[2026-06-12T11:12:44.718+0000] {logging_mixin.py:188} INFO - [2026-06-12T11:12:44.717+0000] {dag.py:3036} INFO - Sync 1 DAGs
[2026-06-12T11:12:44.754+0000] {logging_mixin.py:188} INFO - [2026-06-12T11:12:44.753+0000] {dag.py:3823} INFO - Setting next_dagrun for example_skip_dag to 2026-06-11 00:00:00+00:00, run_after=2026-06-12 00:00:00+00:00
[2026-06-12T11:12:44.783+0000] {processor.py:183} INFO - Processing /home/airflow/.local/lib/python3.8/site-packages/airflow/example_dags/example_skip_dag.py took 0.121 seconds
[2026-06-12T11:13:14.991+0000] {processor.py:161} INFO - Started process (PID=1428) to work on /home/airflow/.local/lib/python3.8/site-packages/airflow/example_dags/example_skip_dag.py
[2026-06-12T11:13:14.993+0000] {processor.py:830} INFO - Processing file /home/airflow/.local/lib/python3.8/site-packages/airflow/example_dags/example_skip_dag.py for tasks to queue
[2026-06-12T11:13:14.996+0000] {logging_mixin.py:188} INFO - [2026-06-12T11:13:14.995+0000] {dagbag.py:538} INFO - Filling up the DagBag from /home/airflow/.local/lib/python3.8/site-packages/airflow/example_dags/example_skip_dag.py
[2026-06-12T11:13:15.006+0000] {processor.py:840} INFO - DAG(s) 'example_skip_dag' retrieved from /home/airflow/.local/lib/python3.8/site-packages/airflow/example_dags/example_skip_dag.py
[2026-06-12T11:13:15.044+0000] {logging_mixin.py:188} INFO - [2026-06-12T11:13:15.043+0000] {dag.py:3036} INFO - Sync 1 DAGs
[2026-06-12T11:13:15.083+0000] {logging_mixin.py:188} INFO - [2026-06-12T11:13:15.082+0000] {dag.py:3823} INFO - Setting next_dagrun for example_skip_dag to 2026-06-11 00:00:00+00:00, run_after=2026-06-12 00:00:00+00:00
[2026-06-12T11:13:15.118+0000] {processor.py:183} INFO - Processing /home/airflow/.local/lib/python3.8/site-packages/airflow/example_dags/example_skip_dag.py took 0.133 seconds
[2026-06-12T11:13:45.668+0000] {processor.py:161} INFO - Started process (PID=1494) to work on /home/airflow/.local/lib/python3.8/site-packages/airflow/example_dags/example_skip_dag.py
[2026-06-12T11:13:45.669+0000] {processor.py:830} INFO - Processing file /home/airflow/.local/lib/python3.8/site-packages/airflow/example_dags/example_skip_dag.py for tasks to queue
[2026-06-12T11:13:45.672+0000] {logging_mixin.py:188} INFO - [2026-06-12T11:13:45.672+0000] {dagbag.py:538} INFO - Filling up the DagBag from /home/airflow/.local/lib/python3.8/site-packages/airflow/example_dags/example_skip_dag.py
[2026-06-12T11:13:45.682+0000] {processor.py:840} INFO - DAG(s) 'example_skip_dag' retrieved from /home/airflow/.local/lib/python3.8/site-packages/airflow/example_dags/example_skip_dag.py
[2026-06-12T11:13:45.721+0000] {logging_mixin.py:188} INFO - [2026-06-12T11:13:45.721+0000] {dag.py:3036} INFO - Sync 1 DAGs
[2026-06-12T11:13:45.765+0000] {logging_mixin.py:188} INFO - [2026-06-12T11:13:45.764+0000] {dag.py:3823} INFO - Setting next_dagrun for example_skip_dag to 2026-06-11 00:00:00+00:00, run_after=2026-06-12 00:00:00+00:00
[2026-06-12T11:13:45.798+0000] {processor.py:183} INFO - Processing /home/airflow/.local/lib/python3.8/site-packages/airflow/example_dags/example_skip_dag.py took 0.135 seconds
[2026-06-12T11:14:16.028+0000] {processor.py:161} INFO - Started process (PID=1569) to work on /home/airflow/.local/lib/python3.8/site-packages/airflow/example_dags/example_skip_dag.py
[2026-06-12T11:14:16.030+0000] {processor.py:830} INFO - Processing file /home/airflow/.local/lib/python3.8/site-packages/airflow/example_dags/example_skip_dag.py for tasks to queue
[2026-06-12T11:14:16.033+0000] {logging_mixin.py:188} INFO - [2026-06-12T11:14:16.033+0000] {dagbag.py:538} INFO - Filling up the DagBag from /home/airflow/.local/lib/python3.8/site-packages/airflow/example_dags/example_skip_dag.py
[2026-06-12T11:14:16.045+0000] {processor.py:840} INFO - DAG(s) 'example_skip_dag' retrieved from /home/airflow/.local/lib/python3.8/site-packages/airflow/example_dags/example_skip_dag.py
[2026-06-12T11:14:16.086+0000] {logging_mixin.py:188} INFO - [2026-06-12T11:14:16.086+0000] {dag.py:3036} INFO - Sync 1 DAGs
[2026-06-12T11:14:16.122+0000] {logging_mixin.py:188} INFO - [2026-06-12T11:14:16.122+0000] {dag.py:3823} INFO - Setting next_dagrun for example_skip_dag to 2026-06-11 00:00:00+00:00, run_after=2026-06-12 00:00:00+00:00
[2026-06-12T11:14:16.150+0000] {processor.py:183} INFO - Processing /home/airflow/.local/lib/python3.8/site-packages/airflow/example_dags/example_skip_dag.py took 0.126 seconds
[2026-06-12T11:14:46.595+0000] {processor.py:161} INFO - Started process (PID=1635) to work on /home/airflow/.local/lib/python3.8/site-packages/airflow/example_dags/example_skip_dag.py
[2026-06-12T11:14:46.597+0000] {processor.py:830} INFO - Processing file /home/airflow/.local/lib/python3.8/site-packages/airflow/example_dags/example_skip_dag.py for tasks to queue
[2026-06-12T11:14:46.600+0000] {logging_mixin.py:188} INFO - [2026-06-12T11:14:46.599+0000] {dagbag.py:538} INFO - Filling up the DagBag from /home/airflow/.local/lib/python3.8/site-packages/airflow/example_dags/example_skip_dag.py
[2026-06-12T11:14:46.613+0000] {processor.py:840} INFO - DAG(s) 'example_skip_dag' retrieved from /home/airflow/.local/lib/python3.8/site-packages/airflow/example_dags/example_skip_dag.py
[2026-06-12T11:14:46.658+0000] {logging_mixin.py:188} INFO - [2026-06-12T11:14:46.657+0000] {dag.py:3036} INFO - Sync 1 DAGs
[2026-06-12T11:14:46.703+0000] {logging_mixin.py:188} INFO - [2026-06-12T11:14:46.702+0000] {dag.py:3823} INFO - Setting next_dagrun for example_skip_dag to 2026-06-11 00:00:00+00:00, run_after=2026-06-12 00:00:00+00:00
[2026-06-12T11:14:46.737+0000] {processor.py:183} INFO - Processing /home/airflow/.local/lib/python3.8/site-packages/airflow/example_dags/example_skip_dag.py took 0.148 seconds
[2026-06-12T11:15:16.987+0000] {processor.py:161} INFO - Started process (PID=1701) to work on /home/airflow/.local/lib/python3.8/site-packages/airflow/example_dags/example_skip_dag.py
[2026-06-12T11:15:16.991+0000] {processor.py:830} INFO - Processing file /home/airflow/.local/lib/python3.8/site-packages/airflow/example_dags/example_skip_dag.py for tasks to queue
[2026-06-12T11:15:16.994+0000] {logging_mixin.py:188} INFO - [2026-06-12T11:15:16.994+0000] {dagbag.py:538} INFO - Filling up the DagBag from /home/airflow/.local/lib/python3.8/site-packages/airflow/example_dags/example_skip_dag.py
[2026-06-12T11:15:17.006+0000] {processor.py:840} INFO - DAG(s) 'example_skip_dag' retrieved from /home/airflow/.local/lib/python3.8/site-packages/airflow/example_dags/example_skip_dag.py
[2026-06-12T11:15:17.047+0000] {logging_mixin.py:188} INFO - [2026-06-12T11:15:17.047+0000] {dag.py:3036} INFO - Sync 1 DAGs
[2026-06-12T11:15:17.090+0000] {logging_mixin.py:188} INFO - [2026-06-12T11:15:17.090+0000] {dag.py:3823} INFO - Setting next_dagrun for example_skip_dag to 2026-06-11 00:00:00+00:00, run_after=2026-06-12 00:00:00+00:00
[2026-06-12T11:15:17.123+0000] {processor.py:183} INFO - Processing /home/airflow/.local/lib/python3.8/site-packages/airflow/example_dags/example_skip_dag.py took 0.141 seconds
[2026-06-12T11:15:47.493+0000] {processor.py:161} INFO - Started process (PID=1767) to work on /home/airflow/.local/lib/python3.8/site-packages/airflow/example_dags/example_skip_dag.py
[2026-06-12T11:15:47.495+0000] {processor.py:830} INFO - Processing file /home/airflow/.local/lib/python3.8/site-packages/airflow/example_dags/example_skip_dag.py for tasks to queue
[2026-06-12T11:15:47.499+0000] {logging_mixin.py:188} INFO - [2026-06-12T11:15:47.498+0000] {dagbag.py:538} INFO - Filling up the DagBag from /home/airflow/.local/lib/python3.8/site-packages/airflow/example_dags/example_skip_dag.py
[2026-06-12T11:15:47.511+0000] {processor.py:840} INFO - DAG(s) 'example_skip_dag' retrieved from /home/airflow/.local/lib/python3.8/site-packages/airflow/example_dags/example_skip_dag.py
[2026-06-12T11:15:47.555+0000] {logging_mixin.py:188} INFO - [2026-06-12T11:15:47.555+0000] {dag.py:3036} INFO - Sync 1 DAGs
[2026-06-12T11:15:47.606+0000] {logging_mixin.py:188} INFO - [2026-06-12T11:15:47.606+0000] {dag.py:3823} INFO - Setting next_dagrun for example_skip_dag to 2026-06-11 00:00:00+00:00, run_after=2026-06-12 00:00:00+00:00
[2026-06-12T11:15:47.639+0000] {processor.py:183} INFO - Processing /home/airflow/.local/lib/python3.8/site-packages/airflow/example_dags/example_skip_dag.py took 0.153 seconds
[2026-06-12T11:16:17.928+0000] {processor.py:161} INFO - Started process (PID=1832) to work on /home/airflow/.local/lib/python3.8/site-packages/airflow/example_dags/example_skip_dag.py
[2026-06-12T11:16:17.930+0000] {processor.py:830} INFO - Processing file /home/airflow/.local/lib/python3.8/site-packages/airflow/example_dags/example_skip_dag.py for tasks to queue
[2026-06-12T11:16:17.933+0000] {logging_mixin.py:188} INFO - [2026-06-12T11:16:17.933+0000] {dagbag.py:538} INFO - Filling up the DagBag from /home/airflow/.local/lib/python3.8/site-packages/airflow/example_dags/example_skip_dag.py
[2026-06-12T11:16:17.944+0000] {processor.py:840} INFO - DAG(s) 'example_skip_dag' retrieved from /home/airflow/.local/lib/python3.8/site-packages/airflow/example_dags/example_skip_dag.py
[2026-06-12T11:16:17.995+0000] {logging_mixin.py:188} INFO - [2026-06-12T11:16:17.995+0000] {dag.py:3036} INFO - Sync 1 DAGs
[2026-06-12T11:16:18.031+0000] {logging_mixin.py:188} INFO - [2026-06-12T11:16:18.030+0000] {dag.py:3823} INFO - Setting next_dagrun for example_skip_dag to 2026-06-11 00:00:00+00:00, run_after=2026-06-12 00:00:00+00:00
[2026-06-12T11:16:18.065+0000] {processor.py:183} INFO - Processing /home/airflow/.local/lib/python3.8/site-packages/airflow/example_dags/example_skip_dag.py took 0.142 seconds
[2026-06-12T11:16:48.327+0000] {processor.py:161} INFO - Started process (PID=1898) to work on /home/airflow/.local/lib/python3.8/site-packages/airflow/example_dags/example_skip_dag.py
[2026-06-12T11:16:48.329+0000] {processor.py:830} INFO - Processing file /home/airflow/.local/lib/python3.8/site-packages/airflow/example_dags/example_skip_dag.py for tasks to queue
[2026-06-12T11:16:48.331+0000] {logging_mixin.py:188} INFO - [2026-06-12T11:16:48.331+0000] {dagbag.py:538} INFO - Filling up the DagBag from /home/airflow/.local/lib/python3.8/site-packages/airflow/example_dags/example_skip_dag.py
[2026-06-12T11:16:48.342+0000] {processor.py:840} INFO - DAG(s) 'example_skip_dag' retrieved from /home/airflow/.local/lib/python3.8/site-packages/airflow/example_dags/example_skip_dag.py
[2026-06-12T11:16:48.383+0000] {logging_mixin.py:188} INFO - [2026-06-12T11:16:48.382+0000] {dag.py:3036} INFO - Sync 1 DAGs
[2026-06-12T11:16:48.423+0000] {logging_mixin.py:188} INFO - [2026-06-12T11:16:48.422+0000] {dag.py:3823} INFO - Setting next_dagrun for example_skip_dag to 2026-06-11 00:00:00+00:00, run_after=2026-06-12 00:00:00+00:00
[2026-06-12T11:16:48.453+0000] {processor.py:183} INFO - Processing /home/airflow/.local/lib/python3.8/site-packages/airflow/example_dags/example_skip_dag.py took 0.131 seconds
[2026-06-12T11:17:18.868+0000] {processor.py:161} INFO - Started process (PID=1963) to work on /home/airflow/.local/lib/python3.8/site-packages/airflow/example_dags/example_skip_dag.py
[2026-06-12T11:17:18.869+0000] {processor.py:830} INFO - Processing file /home/airflow/.local/lib/python3.8/site-packages/airflow/example_dags/example_skip_dag.py for tasks to queue
[2026-06-12T11:17:18.872+0000] {logging_mixin.py:188} INFO - [2026-06-12T11:17:18.871+0000] {dagbag.py:538} INFO - Filling up the DagBag from /home/airflow/.local/lib/python3.8/site-packages/airflow/example_dags/example_skip_dag.py
[2026-06-12T11:17:18.882+0000] {processor.py:840} INFO - DAG(s) 'example_skip_dag' retrieved from /home/airflow/.local/lib/python3.8/site-packages/airflow/example_dags/example_skip_dag.py
[2026-06-12T11:17:18.918+0000] {logging_mixin.py:188} INFO - [2026-06-12T11:17:18.918+0000] {dag.py:3036} INFO - Sync 1 DAGs
[2026-06-12T11:17:18.955+0000] {logging_mixin.py:188} INFO - [2026-06-12T11:17:18.954+0000] {dag.py:3823} INFO - Setting next_dagrun for example_skip_dag to 2026-06-11 00:00:00+00:00, run_after=2026-06-12 00:00:00+00:00
[2026-06-12T11:17:18.991+0000] {processor.py:183} INFO - Processing /home/airflow/.local/lib/python3.8/site-packages/airflow/example_dags/example_skip_dag.py took 0.128 seconds
[2026-06-12T11:17:49.374+0000] {processor.py:161} INFO - Started process (PID=2029) to work on /home/airflow/.local/lib/python3.8/site-packages/airflow/example_dags/example_skip_dag.py
[2026-06-12T11:17:49.376+0000] {processor.py:830} INFO - Processing file /home/airflow/.local/lib/python3.8/site-packages/airflow/example_dags/example_skip_dag.py for tasks to queue
[2026-06-12T11:17:49.379+0000] {logging_mixin.py:188} INFO - [2026-06-12T11:17:49.378+0000] {dagbag.py:538} INFO - Filling up the DagBag from /home/airflow/.local/lib/python3.8/site-packages/airflow/example_dags/example_skip_dag.py
[2026-06-12T11:17:49.389+0000] {processor.py:840} INFO - DAG(s) 'example_skip_dag' retrieved from /home/airflow/.local/lib/python3.8/site-packages/airflow/example_dags/example_skip_dag.py
[2026-06-12T11:17:49.427+0000] {logging_mixin.py:188} INFO - [2026-06-12T11:17:49.426+0000] {dag.py:3036} INFO - Sync 1 DAGs
[2026-06-12T11:17:49.460+0000] {logging_mixin.py:188} INFO - [2026-06-12T11:17:49.460+0000] {dag.py:3823} INFO - Setting next_dagrun for example_skip_dag to 2026-06-11 00:00:00+00:00, run_after=2026-06-12 00:00:00+00:00
[2026-06-12T11:17:49.488+0000] {processor.py:183} INFO - Processing /home/airflow/.local/lib/python3.8/site-packages/airflow/example_dags/example_skip_dag.py took 0.119 seconds
[2026-06-12T11:18:19.686+0000] {processor.py:161} INFO - Started process (PID=2095) to work on /home/airflow/.local/lib/python3.8/site-packages/airflow/example_dags/example_skip_dag.py
[2026-06-12T11:18:19.688+0000] {processor.py:830} INFO - Processing file /home/airflow/.local/lib/python3.8/site-packages/airflow/example_dags/example_skip_dag.py for tasks to queue
[2026-06-12T11:18:19.691+0000] {logging_mixin.py:188} INFO - [2026-06-12T11:18:19.691+0000] {dagbag.py:538} INFO - Filling up the DagBag from /home/airflow/.local/lib/python3.8/site-packages/airflow/example_dags/example_skip_dag.py
[2026-06-12T11:18:19.704+0000] {processor.py:840} INFO - DAG(s) 'example_skip_dag' retrieved from /home/airflow/.local/lib/python3.8/site-packages/airflow/example_dags/example_skip_dag.py
[2026-06-12T11:18:19.740+0000] {logging_mixin.py:188} INFO - [2026-06-12T11:18:19.740+0000] {dag.py:3036} INFO - Sync 1 DAGs
[2026-06-12T11:18:19.783+0000] {logging_mixin.py:188} INFO - [2026-06-12T11:18:19.782+0000] {dag.py:3823} INFO - Setting next_dagrun for example_skip_dag to 2026-06-11 00:00:00+00:00, run_after=2026-06-12 00:00:00+00:00
[2026-06-12T11:18:19.816+0000] {processor.py:183} INFO - Processing /home/airflow/.local/lib/python3.8/site-packages/airflow/example_dags/example_skip_dag.py took 0.136 seconds
[2026-06-12T11:18:50.026+0000] {processor.py:161} INFO - Started process (PID=2161) to work on /home/airflow/.local/lib/python3.8/site-packages/airflow/example_dags/example_skip_dag.py
[2026-06-12T11:18:50.028+0000] {processor.py:830} INFO - Processing file /home/airflow/.local/lib/python3.8/site-packages/airflow/example_dags/example_skip_dag.py for tasks to queue
[2026-06-12T11:18:50.032+0000] {logging_mixin.py:188} INFO - [2026-06-12T11:18:50.031+0000] {dagbag.py:538} INFO - Filling up the DagBag from /home/airflow/.local/lib/python3.8/site-packages/airflow/example_dags/example_skip_dag.py
[2026-06-12T11:18:50.044+0000] {processor.py:840} INFO - DAG(s) 'example_skip_dag' retrieved from /home/airflow/.local/lib/python3.8/site-packages/airflow/example_dags/example_skip_dag.py
[2026-06-12T11:18:50.090+0000] {logging_mixin.py:188} INFO - [2026-06-12T11:18:50.090+0000] {dag.py:3036} INFO - Sync 1 DAGs
[2026-06-12T11:18:50.135+0000] {logging_mixin.py:188} INFO - [2026-06-12T11:18:50.134+0000] {dag.py:3823} INFO - Setting next_dagrun for example_skip_dag to 2026-06-11 00:00:00+00:00, run_after=2026-06-12 00:00:00+00:00
[2026-06-12T11:18:50.170+0000] {processor.py:183} INFO - Processing /home/airflow/.local/lib/python3.8/site-packages/airflow/example_dags/example_skip_dag.py took 0.148 seconds
[2026-06-12T11:19:20.439+0000] {processor.py:161} INFO - Started process (PID=2234) to work on /home/airflow/.local/lib/python3.8/site-packages/airflow/example_dags/example_skip_dag.py
[2026-06-12T11:19:20.441+0000] {processor.py:830} INFO - Processing file /home/airflow/.local/lib/python3.8/site-packages/airflow/example_dags/example_skip_dag.py for tasks to queue
[2026-06-12T11:19:20.443+0000] {logging_mixin.py:188} INFO - [2026-06-12T11:19:20.443+0000] {dagbag.py:538} INFO - Filling up the DagBag from /home/airflow/.local/lib/python3.8/site-packages/airflow/example_dags/example_skip_dag.py
[2026-06-12T11:19:20.454+0000] {processor.py:840} INFO - DAG(s) 'example_skip_dag' retrieved from /home/airflow/.local/lib/python3.8/site-packages/airflow/example_dags/example_skip_dag.py
[2026-06-12T11:19:20.495+0000] {logging_mixin.py:188} INFO - [2026-06-12T11:19:20.495+0000] {dag.py:3036} INFO - Sync 1 DAGs
[2026-06-12T11:19:20.532+0000] {logging_mixin.py:188} INFO - [2026-06-12T11:19:20.532+0000] {dag.py:3823} INFO - Setting next_dagrun for example_skip_dag to 2026-06-11 00:00:00+00:00, run_after=2026-06-12 00:00:00+00:00
[2026-06-12T11:19:20.562+0000] {processor.py:183} INFO - Processing /home/airflow/.local/lib/python3.8/site-packages/airflow/example_dags/example_skip_dag.py took 0.128 seconds
[2026-06-12T11:19:50.866+0000] {processor.py:161} INFO - Started process (PID=2301) to work on /home/airflow/.local/lib/python3.8/site-packages/airflow/example_dags/example_skip_dag.py
[2026-06-12T11:19:50.868+0000] {processor.py:830} INFO - Processing file /home/airflow/.local/lib/python3.8/site-packages/airflow/example_dags/example_skip_dag.py for tasks to queue
[2026-06-12T11:19:50.870+0000] {logging_mixin.py:188} INFO - [2026-06-12T11:19:50.870+0000] {dagbag.py:538} INFO - Filling up the DagBag from /home/airflow/.local/lib/python3.8/site-packages/airflow/example_dags/example_skip_dag.py
[2026-06-12T11:19:50.885+0000] {processor.py:840} INFO - DAG(s) 'example_skip_dag' retrieved from /home/airflow/.local/lib/python3.8/site-packages/airflow/example_dags/example_skip_dag.py
[2026-06-12T11:19:50.930+0000] {logging_mixin.py:188} INFO - [2026-06-12T11:19:50.930+0000] {dag.py:3036} INFO - Sync 1 DAGs
[2026-06-12T11:19:50.973+0000] {logging_mixin.py:188} INFO - [2026-06-12T11:19:50.972+0000] {dag.py:3823} INFO - Setting next_dagrun for example_skip_dag to 2026-06-11 00:00:00+00:00, run_after=2026-06-12 00:00:00+00:00
[2026-06-12T11:19:51.009+0000] {processor.py:183} INFO - Processing /home/airflow/.local/lib/python3.8/site-packages/airflow/example_dags/example_skip_dag.py took 0.149 seconds
[2026-06-12T11:20:21.171+0000] {processor.py:161} INFO - Started process (PID=2367) to work on /home/airflow/.local/lib/python3.8/site-packages/airflow/example_dags/example_skip_dag.py
[2026-06-12T11:20:21.173+0000] {processor.py:830} INFO - Processing file /home/airflow/.local/lib/python3.8/site-packages/airflow/example_dags/example_skip_dag.py for tasks to queue
[2026-06-12T11:20:21.176+0000] {logging_mixin.py:188} INFO - [2026-06-12T11:20:21.175+0000] {dagbag.py:538} INFO - Filling up the DagBag from /home/airflow/.local/lib/python3.8/site-packages/airflow/example_dags/example_skip_dag.py
[2026-06-12T11:20:21.189+0000] {processor.py:840} INFO - DAG(s) 'example_skip_dag' retrieved from /home/airflow/.local/lib/python3.8/site-packages/airflow/example_dags/example_skip_dag.py
[2026-06-12T11:20:21.238+0000] {logging_mixin.py:188} INFO - [2026-06-12T11:20:21.237+0000] {dag.py:3036} INFO - Sync 1 DAGs
[2026-06-12T11:20:21.284+0000] {logging_mixin.py:188} INFO - [2026-06-12T11:20:21.284+0000] {dag.py:3823} INFO - Setting next_dagrun for example_skip_dag to 2026-06-11 00:00:00+00:00, run_after=2026-06-12 00:00:00+00:00
[2026-06-12T11:20:21.321+0000] {processor.py:183} INFO - Processing /home/airflow/.local/lib/python3.8/site-packages/airflow/example_dags/example_skip_dag.py took 0.155 seconds
[2026-06-12T11:20:51.468+0000] {processor.py:161} INFO - Started process (PID=2433) to work on /home/airflow/.local/lib/python3.8/site-packages/airflow/example_dags/example_skip_dag.py
[2026-06-12T11:20:51.470+0000] {processor.py:830} INFO - Processing file /home/airflow/.local/lib/python3.8/site-packages/airflow/example_dags/example_skip_dag.py for tasks to queue
[2026-06-12T11:20:51.473+0000] {logging_mixin.py:188} INFO - [2026-06-12T11:20:51.473+0000] {dagbag.py:538} INFO - Filling up the DagBag from /home/airflow/.local/lib/python3.8/site-packages/airflow/example_dags/example_skip_dag.py
[2026-06-12T11:20:51.486+0000] {processor.py:840} INFO - DAG(s) 'example_skip_dag' retrieved from /home/airflow/.local/lib/python3.8/site-packages/airflow/example_dags/example_skip_dag.py
[2026-06-12T11:20:51.525+0000] {logging_mixin.py:188} INFO - [2026-06-12T11:20:51.525+0000] {dag.py:3036} INFO - Sync 1 DAGs
[2026-06-12T11:20:51.568+0000] {logging_mixin.py:188} INFO - [2026-06-12T11:20:51.567+0000] {dag.py:3823} INFO - Setting next_dagrun for example_skip_dag to 2026-06-11 00:00:00+00:00, run_after=2026-06-12 00:00:00+00:00
[2026-06-12T11:20:51.610+0000] {processor.py:183} INFO - Processing /home/airflow/.local/lib/python3.8/site-packages/airflow/example_dags/example_skip_dag.py took 0.147 seconds
[2026-06-12T11:21:21.806+0000] {processor.py:161} INFO - Started process (PID=2499) to work on /home/airflow/.local/lib/python3.8/site-packages/airflow/example_dags/example_skip_dag.py
[2026-06-12T11:21:21.808+0000] {processor.py:830} INFO - Processing file /home/airflow/.local/lib/python3.8/site-packages/airflow/example_dags/example_skip_dag.py for tasks to queue
[2026-06-12T11:21:21.810+0000] {logging_mixin.py:188} INFO - [2026-06-12T11:21:21.810+0000] {dagbag.py:538} INFO - Filling up the DagBag from /home/airflow/.local/lib/python3.8/site-packages/airflow/example_dags/example_skip_dag.py
[2026-06-12T11:21:21.821+0000] {processor.py:840} INFO - DAG(s) 'example_skip_dag' retrieved from /home/airflow/.local/lib/python3.8/site-packages/airflow/example_dags/example_skip_dag.py
[2026-06-12T11:21:21.858+0000] {logging_mixin.py:188} INFO - [2026-06-12T11:21:21.858+0000] {dag.py:3036} INFO - Sync 1 DAGs
[2026-06-12T11:21:21.894+0000] {logging_mixin.py:188} INFO - [2026-06-12T11:21:21.894+0000] {dag.py:3823} INFO - Setting next_dagrun for example_skip_dag to 2026-06-11 00:00:00+00:00, run_after=2026-06-12 00:00:00+00:00
[2026-06-12T11:21:21.922+0000] {processor.py:183} INFO - Processing /home/airflow/.local/lib/python3.8/site-packages/airflow/example_dags/example_skip_dag.py took 0.120 seconds
[2026-06-12T11:21:52.634+0000] {processor.py:161} INFO - Started process (PID=2565) to work on /home/airflow/.local/lib/python3.8/site-packages/airflow/example_dags/example_skip_dag.py
[2026-06-12T11:21:52.636+0000] {processor.py:830} INFO - Processing file /home/airflow/.local/lib/python3.8/site-packages/airflow/example_dags/example_skip_dag.py for tasks to queue
[2026-06-12T11:21:52.639+0000] {logging_mixin.py:188} INFO - [2026-06-12T11:21:52.639+0000] {dagbag.py:538} INFO - Filling up the DagBag from /home/airflow/.local/lib/python3.8/site-packages/airflow/example_dags/example_skip_dag.py
[2026-06-12T11:21:52.652+0000] {processor.py:840} INFO - DAG(s) 'example_skip_dag' retrieved from /home/airflow/.local/lib/python3.8/site-packages/airflow/example_dags/example_skip_dag.py
[2026-06-12T11:21:52.699+0000] {logging_mixin.py:188} INFO - [2026-06-12T11:21:52.698+0000] {dag.py:3036} INFO - Sync 1 DAGs
[2026-06-12T11:21:52.743+0000] {logging_mixin.py:188} INFO - [2026-06-12T11:21:52.743+0000] {dag.py:3823} INFO - Setting next_dagrun for example_skip_dag to 2026-06-11 00:00:00+00:00, run_after=2026-06-12 00:00:00+00:00
[2026-06-12T11:21:52.777+0000] {processor.py:183} INFO - Processing /home/airflow/.local/lib/python3.8/site-packages/airflow/example_dags/example_skip_dag.py took 0.149 seconds
[2026-06-12T11:22:23.420+0000] {processor.py:161} INFO - Started process (PID=2631) to work on /home/airflow/.local/lib/python3.8/site-packages/airflow/example_dags/example_skip_dag.py
[2026-06-12T11:22:23.421+0000] {processor.py:830} INFO - Processing file /home/airflow/.local/lib/python3.8/site-packages/airflow/example_dags/example_skip_dag.py for tasks to queue
[2026-06-12T11:22:23.423+0000] {logging_mixin.py:188} INFO - [2026-06-12T11:22:23.423+0000] {dagbag.py:538} INFO - Filling up the DagBag from /home/airflow/.local/lib/python3.8/site-packages/airflow/example_dags/example_skip_dag.py
[2026-06-12T11:22:23.433+0000] {processor.py:840} INFO - DAG(s) 'example_skip_dag' retrieved from /home/airflow/.local/lib/python3.8/site-packages/airflow/example_dags/example_skip_dag.py
[2026-06-12T11:22:23.471+0000] {logging_mixin.py:188} INFO - [2026-06-12T11:22:23.470+0000] {dag.py:3036} INFO - Sync 1 DAGs
[2026-06-12T11:22:23.510+0000] {logging_mixin.py:188} INFO - [2026-06-12T11:22:23.510+0000] {dag.py:3823} INFO - Setting next_dagrun for example_skip_dag to 2026-06-11 00:00:00+00:00, run_after=2026-06-12 00:00:00+00:00
[2026-06-12T11:22:23.549+0000] {processor.py:183} INFO - Processing /home/airflow/.local/lib/python3.8/site-packages/airflow/example_dags/example_skip_dag.py took 0.134 seconds
[2026-06-12T11:22:53.879+0000] {processor.py:161} INFO - Started process (PID=2697) to work on /home/airflow/.local/lib/python3.8/site-packages/airflow/example_dags/example_skip_dag.py
[2026-06-12T11:22:53.882+0000] {processor.py:830} INFO - Processing file /home/airflow/.local/lib/python3.8/site-packages/airflow/example_dags/example_skip_dag.py for tasks to queue
[2026-06-12T11:22:53.884+0000] {logging_mixin.py:188} INFO - [2026-06-12T11:22:53.884+0000] {dagbag.py:538} INFO - Filling up the DagBag from /home/airflow/.local/lib/python3.8/site-packages/airflow/example_dags/example_skip_dag.py
[2026-06-12T11:22:53.894+0000] {processor.py:840} INFO - DAG(s) 'example_skip_dag' retrieved from /home/airflow/.local/lib/python3.8/site-packages/airflow/example_dags/example_skip_dag.py
[2026-06-12T11:22:53.937+0000] {logging_mixin.py:188} INFO - [2026-06-12T11:22:53.936+0000] {dag.py:3036} INFO - Sync 1 DAGs
[2026-06-12T11:22:53.973+0000] {logging_mixin.py:188} INFO - [2026-06-12T11:22:53.973+0000] {dag.py:3823} INFO - Setting next_dagrun for example_skip_dag to 2026-06-11 00:00:00+00:00, run_after=2026-06-12 00:00:00+00:00
[2026-06-12T11:22:54.001+0000] {processor.py:183} INFO - Processing /home/airflow/.local/lib/python3.8/site-packages/airflow/example_dags/example_skip_dag.py took 0.127 seconds
[2026-06-12T11:23:24.849+0000] {processor.py:161} INFO - Started process (PID=2770) to work on /home/airflow/.local/lib/python3.8/site-packages/airflow/example_dags/example_skip_dag.py
[2026-06-12T11:23:24.851+0000] {processor.py:830} INFO - Processing file /home/airflow/.local/lib/python3.8/site-packages/airflow/example_dags/example_skip_dag.py for tasks to queue
[2026-06-12T11:23:24.854+0000] {logging_mixin.py:188} INFO - [2026-06-12T11:23:24.853+0000] {dagbag.py:538} INFO - Filling up the DagBag from /home/airflow/.local/lib/python3.8/site-packages/airflow/example_dags/example_skip_dag.py
[2026-06-12T11:23:24.866+0000] {processor.py:840} INFO - DAG(s) 'example_skip_dag' retrieved from /home/airflow/.local/lib/python3.8/site-packages/airflow/example_dags/example_skip_dag.py
[2026-06-12T11:23:24.912+0000] {logging_mixin.py:188} INFO - [2026-06-12T11:23:24.911+0000] {dag.py:3036} INFO - Sync 1 DAGs
[2026-06-12T11:23:24.957+0000] {logging_mixin.py:188} INFO - [2026-06-12T11:23:24.957+0000] {dag.py:3823} INFO - Setting next_dagrun for example_skip_dag to 2026-06-11 00:00:00+00:00, run_after=2026-06-12 00:00:00+00:00
[2026-06-12T11:23:24.990+0000] {processor.py:183} INFO - Processing /home/airflow/.local/lib/python3.8/site-packages/airflow/example_dags/example_skip_dag.py took 0.147 seconds
[2026-06-12T11:23:55.963+0000] {processor.py:161} INFO - Started process (PID=2836) to work on /home/airflow/.local/lib/python3.8/site-packages/airflow/example_dags/example_skip_dag.py
[2026-06-12T11:23:55.964+0000] {processor.py:830} INFO - Processing file /home/airflow/.local/lib/python3.8/site-packages/airflow/example_dags/example_skip_dag.py for tasks to queue
[2026-06-12T11:23:55.967+0000] {logging_mixin.py:188} INFO - [2026-06-12T11:23:55.966+0000] {dagbag.py:538} INFO - Filling up the DagBag from /home/airflow/.local/lib/python3.8/site-packages/airflow/example_dags/example_skip_dag.py
[2026-06-12T11:23:55.976+0000] {processor.py:840} INFO - DAG(s) 'example_skip_dag' retrieved from /home/airflow/.local/lib/python3.8/site-packages/airflow/example_dags/example_skip_dag.py
[2026-06-12T11:23:56.014+0000] {logging_mixin.py:188} INFO - [2026-06-12T11:23:56.014+0000] {dag.py:3036} INFO - Sync 1 DAGs
[2026-06-12T11:23:56.063+0000] {logging_mixin.py:188} INFO - [2026-06-12T11:23:56.063+0000] {dag.py:3823} INFO - Setting next_dagrun for example_skip_dag to 2026-06-11 00:00:00+00:00, run_after=2026-06-12 00:00:00+00:00
[2026-06-12T11:23:56.302+0000] {processor.py:183} INFO - Processing /home/airflow/.local/lib/python3.8/site-packages/airflow/example_dags/example_skip_dag.py took 0.345 seconds
[2026-06-12T11:24:26.479+0000] {processor.py:161} INFO - Started process (PID=2902) to work on /home/airflow/.local/lib/python3.8/site-packages/airflow/example_dags/example_skip_dag.py
[2026-06-12T11:24:26.481+0000] {processor.py:830} INFO - Processing file /home/airflow/.local/lib/python3.8/site-packages/airflow/example_dags/example_skip_dag.py for tasks to queue
[2026-06-12T11:24:26.486+0000] {logging_mixin.py:188} INFO - [2026-06-12T11:24:26.485+0000] {dagbag.py:538} INFO - Filling up the DagBag from /home/airflow/.local/lib/python3.8/site-packages/airflow/example_dags/example_skip_dag.py
[2026-06-12T11:24:26.499+0000] {processor.py:840} INFO - DAG(s) 'example_skip_dag' retrieved from /home/airflow/.local/lib/python3.8/site-packages/airflow/example_dags/example_skip_dag.py
[2026-06-12T11:24:26.544+0000] {logging_mixin.py:188} INFO - [2026-06-12T11:24:26.544+0000] {dag.py:3036} INFO - Sync 1 DAGs
[2026-06-12T11:24:26.588+0000] {logging_mixin.py:188} INFO - [2026-06-12T11:24:26.588+0000] {dag.py:3823} INFO - Setting next_dagrun for example_skip_dag to 2026-06-11 00:00:00+00:00, run_after=2026-06-12 00:00:00+00:00
[2026-06-12T11:24:26.619+0000] {processor.py:183} INFO - Processing /home/airflow/.local/lib/python3.8/site-packages/airflow/example_dags/example_skip_dag.py took 0.146 seconds
[2026-06-12T11:24:57.266+0000] {processor.py:161} INFO - Started process (PID=2968) to work on /home/airflow/.local/lib/python3.8/site-packages/airflow/example_dags/example_skip_dag.py
[2026-06-12T11:24:57.267+0000] {processor.py:830} INFO - Processing file /home/airflow/.local/lib/python3.8/site-packages/airflow/example_dags/example_skip_dag.py for tasks to queue
[2026-06-12T11:24:57.270+0000] {logging_mixin.py:188} INFO - [2026-06-12T11:24:57.269+0000] {dagbag.py:538} INFO - Filling up the DagBag from /home/airflow/.local/lib/python3.8/site-packages/airflow/example_dags/example_skip_dag.py
[2026-06-12T11:24:57.283+0000] {processor.py:840} INFO - DAG(s) 'example_skip_dag' retrieved from /home/airflow/.local/lib/python3.8/site-packages/airflow/example_dags/example_skip_dag.py
[2026-06-12T11:24:57.351+0000] {logging_mixin.py:188} INFO - [2026-06-12T11:24:57.351+0000] {dag.py:3036} INFO - Sync 1 DAGs
[2026-06-12T11:24:57.394+0000] {logging_mixin.py:188} INFO - [2026-06-12T11:24:57.394+0000] {dag.py:3823} INFO - Setting next_dagrun for example_skip_dag to 2026-06-11 00:00:00+00:00, run_after=2026-06-12 00:00:00+00:00
[2026-06-12T11:24:57.431+0000] {processor.py:183} INFO - Processing /home/airflow/.local/lib/python3.8/site-packages/airflow/example_dags/example_skip_dag.py took 0.172 seconds
[2026-06-12T11:25:29.355+0000] {processor.py:161} INFO - Started process (PID=3035) to work on /home/airflow/.local/lib/python3.8/site-packages/airflow/example_dags/example_skip_dag.py
[2026-06-12T11:25:29.357+0000] {processor.py:830} INFO - Processing file /home/airflow/.local/lib/python3.8/site-packages/airflow/example_dags/example_skip_dag.py for tasks to queue
[2026-06-12T11:25:29.359+0000] {logging_mixin.py:188} INFO - [2026-06-12T11:25:29.359+0000] {dagbag.py:538} INFO - Filling up the DagBag from /home/airflow/.local/lib/python3.8/site-packages/airflow/example_dags/example_skip_dag.py
[2026-06-12T11:25:29.369+0000] {processor.py:840} INFO - DAG(s) 'example_skip_dag' retrieved from /home/airflow/.local/lib/python3.8/site-packages/airflow/example_dags/example_skip_dag.py
[2026-06-12T11:25:29.406+0000] {logging_mixin.py:188} INFO - [2026-06-12T11:25:29.406+0000] {dag.py:3036} INFO - Sync 1 DAGs
[2026-06-12T11:25:29.444+0000] {logging_mixin.py:188} INFO - [2026-06-12T11:25:29.443+0000] {dag.py:3823} INFO - Setting next_dagrun for example_skip_dag to 2026-06-11 00:00:00+00:00, run_after=2026-06-12 00:00:00+00:00
[2026-06-12T11:25:29.474+0000] {processor.py:183} INFO - Processing /home/airflow/.local/lib/python3.8/site-packages/airflow/example_dags/example_skip_dag.py took 0.125 seconds
[2026-06-12T11:26:00.570+0000] {processor.py:161} INFO - Started process (PID=3098) to work on /home/airflow/.local/lib/python3.8/site-packages/airflow/example_dags/example_skip_dag.py
[2026-06-12T11:26:00.571+0000] {processor.py:830} INFO - Processing file /home/airflow/.local/lib/python3.8/site-packages/airflow/example_dags/example_skip_dag.py for tasks to queue
[2026-06-12T11:26:00.574+0000] {logging_mixin.py:188} INFO - [2026-06-12T11:26:00.573+0000] {dagbag.py:538} INFO - Filling up the DagBag from /home/airflow/.local/lib/python3.8/site-packages/airflow/example_dags/example_skip_dag.py
[2026-06-12T11:26:00.583+0000] {processor.py:840} INFO - DAG(s) 'example_skip_dag' retrieved from /home/airflow/.local/lib/python3.8/site-packages/airflow/example_dags/example_skip_dag.py
[2026-06-12T11:26:00.626+0000] {logging_mixin.py:188} INFO - [2026-06-12T11:26:00.625+0000] {dag.py:3036} INFO - Sync 1 DAGs
[2026-06-12T11:26:00.856+0000] {logging_mixin.py:188} INFO - [2026-06-12T11:26:00.856+0000] {dag.py:3823} INFO - Setting next_dagrun for example_skip_dag to 2026-06-11 00:00:00+00:00, run_after=2026-06-12 00:00:00+00:00
[2026-06-12T11:26:00.886+0000] {processor.py:183} INFO - Processing /home/airflow/.local/lib/python3.8/site-packages/airflow/example_dags/example_skip_dag.py took 0.321 seconds
[2026-06-12T11:26:31.431+0000] {processor.py:161} INFO - Started process (PID=3165) to work on /home/airflow/.local/lib/python3.8/site-packages/airflow/example_dags/example_skip_dag.py
[2026-06-12T11:26:31.432+0000] {processor.py:830} INFO - Processing file /home/airflow/.local/lib/python3.8/site-packages/airflow/example_dags/example_skip_dag.py for tasks to queue
[2026-06-12T11:26:31.435+0000] {logging_mixin.py:188} INFO - [2026-06-12T11:26:31.435+0000] {dagbag.py:538} INFO - Filling up the DagBag from /home/airflow/.local/lib/python3.8/site-packages/airflow/example_dags/example_skip_dag.py
[2026-06-12T11:26:31.445+0000] {processor.py:840} INFO - DAG(s) 'example_skip_dag' retrieved from /home/airflow/.local/lib/python3.8/site-packages/airflow/example_dags/example_skip_dag.py
[2026-06-12T11:26:31.485+0000] {logging_mixin.py:188} INFO - [2026-06-12T11:26:31.485+0000] {dag.py:3036} INFO - Sync 1 DAGs
[2026-06-12T11:26:31.523+0000] {logging_mixin.py:188} INFO - [2026-06-12T11:26:31.523+0000] {dag.py:3823} INFO - Setting next_dagrun for example_skip_dag to 2026-06-11 00:00:00+00:00, run_after=2026-06-12 00:00:00+00:00
[2026-06-12T11:26:31.741+0000] {processor.py:183} INFO - Processing /home/airflow/.local/lib/python3.8/site-packages/airflow/example_dags/example_skip_dag.py took 0.316 seconds
[2026-06-12T11:27:02.076+0000] {processor.py:161} INFO - Started process (PID=3232) to work on /home/airflow/.local/lib/python3.8/site-packages/airflow/example_dags/example_skip_dag.py
[2026-06-12T11:27:02.077+0000] {processor.py:830} INFO - Processing file /home/airflow/.local/lib/python3.8/site-packages/airflow/example_dags/example_skip_dag.py for tasks to queue
[2026-06-12T11:27:02.079+0000] {logging_mixin.py:188} INFO - [2026-06-12T11:27:02.079+0000] {dagbag.py:538} INFO - Filling up the DagBag from /home/airflow/.local/lib/python3.8/site-packages/airflow/example_dags/example_skip_dag.py
[2026-06-12T11:27:02.089+0000] {processor.py:840} INFO - DAG(s) 'example_skip_dag' retrieved from /home/airflow/.local/lib/python3.8/site-packages/airflow/example_dags/example_skip_dag.py
[2026-06-12T11:27:02.125+0000] {logging_mixin.py:188} INFO - [2026-06-12T11:27:02.124+0000] {dag.py:3036} INFO - Sync 1 DAGs
[2026-06-12T11:27:02.158+0000] {logging_mixin.py:188} INFO - [2026-06-12T11:27:02.158+0000] {dag.py:3823} INFO - Setting next_dagrun for example_skip_dag to 2026-06-11 00:00:00+00:00, run_after=2026-06-12 00:00:00+00:00
[2026-06-12T11:27:02.185+0000] {processor.py:183} INFO - Processing /home/airflow/.local/lib/python3.8/site-packages/airflow/example_dags/example_skip_dag.py took 0.114 seconds
[2026-06-12T11:27:32.948+0000] {processor.py:161} INFO - Started process (PID=3305) to work on /home/airflow/.local/lib/python3.8/site-packages/airflow/example_dags/example_skip_dag.py
[2026-06-12T11:27:32.950+0000] {processor.py:830} INFO - Processing file /home/airflow/.local/lib/python3.8/site-packages/airflow/example_dags/example_skip_dag.py for tasks to queue
[2026-06-12T11:27:32.953+0000] {logging_mixin.py:188} INFO - [2026-06-12T11:27:32.953+0000] {dagbag.py:538} INFO - Filling up the DagBag from /home/airflow/.local/lib/python3.8/site-packages/airflow/example_dags/example_skip_dag.py
[2026-06-12T11:27:32.965+0000] {processor.py:840} INFO - DAG(s) 'example_skip_dag' retrieved from /home/airflow/.local/lib/python3.8/site-packages/airflow/example_dags/example_skip_dag.py
[2026-06-12T11:27:33.007+0000] {logging_mixin.py:188} INFO - [2026-06-12T11:27:33.007+0000] {dag.py:3036} INFO - Sync 1 DAGs
[2026-06-12T11:27:33.052+0000] {logging_mixin.py:188} INFO - [2026-06-12T11:27:33.052+0000] {dag.py:3823} INFO - Setting next_dagrun for example_skip_dag to 2026-06-11 00:00:00+00:00, run_after=2026-06-12 00:00:00+00:00
[2026-06-12T11:27:33.089+0000] {processor.py:183} INFO - Processing /home/airflow/.local/lib/python3.8/site-packages/airflow/example_dags/example_skip_dag.py took 0.147 seconds
[2026-06-12T11:28:03.506+0000] {processor.py:161} INFO - Started process (PID=3371) to work on /home/airflow/.local/lib/python3.8/site-packages/airflow/example_dags/example_skip_dag.py
[2026-06-12T11:28:03.507+0000] {processor.py:830} INFO - Processing file /home/airflow/.local/lib/python3.8/site-packages/airflow/example_dags/example_skip_dag.py for tasks to queue
[2026-06-12T11:28:03.510+0000] {logging_mixin.py:188} INFO - [2026-06-12T11:28:03.509+0000] {dagbag.py:538} INFO - Filling up the DagBag from /home/airflow/.local/lib/python3.8/site-packages/airflow/example_dags/example_skip_dag.py
[2026-06-12T11:28:03.520+0000] {processor.py:840} INFO - DAG(s) 'example_skip_dag' retrieved from /home/airflow/.local/lib/python3.8/site-packages/airflow/example_dags/example_skip_dag.py
[2026-06-12T11:28:03.556+0000] {logging_mixin.py:188} INFO - [2026-06-12T11:28:03.556+0000] {dag.py:3036} INFO - Sync 1 DAGs
[2026-06-12T11:28:03.594+0000] {logging_mixin.py:188} INFO - [2026-06-12T11:28:03.593+0000] {dag.py:3823} INFO - Setting next_dagrun for example_skip_dag to 2026-06-11 00:00:00+00:00, run_after=2026-06-12 00:00:00+00:00
[2026-06-12T11:28:03.624+0000] {processor.py:183} INFO - Processing /home/airflow/.local/lib/python3.8/site-packages/airflow/example_dags/example_skip_dag.py took 0.123 seconds
[2026-06-12T11:28:34.122+0000] {processor.py:161} INFO - Started process (PID=3436) to work on /home/airflow/.local/lib/python3.8/site-packages/airflow/example_dags/example_skip_dag.py
[2026-06-12T11:28:34.124+0000] {processor.py:830} INFO - Processing file /home/airflow/.local/lib/python3.8/site-packages/airflow/example_dags/example_skip_dag.py for tasks to queue
[2026-06-12T11:28:34.127+0000] {logging_mixin.py:188} INFO - [2026-06-12T11:28:34.126+0000] {dagbag.py:538} INFO - Filling up the DagBag from /home/airflow/.local/lib/python3.8/site-packages/airflow/example_dags/example_skip_dag.py
[2026-06-12T11:28:34.139+0000] {processor.py:840} INFO - DAG(s) 'example_skip_dag' retrieved from /home/airflow/.local/lib/python3.8/site-packages/airflow/example_dags/example_skip_dag.py
[2026-06-12T11:28:34.186+0000] {logging_mixin.py:188} INFO - [2026-06-12T11:28:34.185+0000] {dag.py:3036} INFO - Sync 1 DAGs
[2026-06-12T11:28:34.231+0000] {logging_mixin.py:188} INFO - [2026-06-12T11:28:34.231+0000] {dag.py:3823} INFO - Setting next_dagrun for example_skip_dag to 2026-06-11 00:00:00+00:00, run_after=2026-06-12 00:00:00+00:00
[2026-06-12T11:28:34.264+0000] {processor.py:183} INFO - Processing /home/airflow/.local/lib/python3.8/site-packages/airflow/example_dags/example_skip_dag.py took 0.148 seconds
[2026-06-12T11:29:04.452+0000] {processor.py:161} INFO - Started process (PID=3502) to work on /home/airflow/.local/lib/python3.8/site-packages/airflow/example_dags/example_skip_dag.py
[2026-06-12T11:29:04.454+0000] {processor.py:830} INFO - Processing file /home/airflow/.local/lib/python3.8/site-packages/airflow/example_dags/example_skip_dag.py for tasks to queue
[2026-06-12T11:29:04.458+0000] {logging_mixin.py:188} INFO - [2026-06-12T11:29:04.457+0000] {dagbag.py:538} INFO - Filling up the DagBag from /home/airflow/.local/lib/python3.8/site-packages/airflow/example_dags/example_skip_dag.py
[2026-06-12T11:29:04.470+0000] {processor.py:840} INFO - DAG(s) 'example_skip_dag' retrieved from /home/airflow/.local/lib/python3.8/site-packages/airflow/example_dags/example_skip_dag.py
[2026-06-12T11:29:04.511+0000] {logging_mixin.py:188} INFO - [2026-06-12T11:29:04.511+0000] {dag.py:3036} INFO - Sync 1 DAGs
[2026-06-12T11:29:04.551+0000] {logging_mixin.py:188} INFO - [2026-06-12T11:29:04.551+0000] {dag.py:3823} INFO - Setting next_dagrun for example_skip_dag to 2026-06-11 00:00:00+00:00, run_after=2026-06-12 00:00:00+00:00
[2026-06-12T11:29:04.585+0000] {processor.py:183} INFO - Processing /home/airflow/.local/lib/python3.8/site-packages/airflow/example_dags/example_skip_dag.py took 0.139 seconds
[2026-06-12T11:29:35.192+0000] {processor.py:161} INFO - Started process (PID=3567) to work on /home/airflow/.local/lib/python3.8/site-packages/airflow/example_dags/example_skip_dag.py
[2026-06-12T11:29:35.194+0000] {processor.py:830} INFO - Processing file /home/airflow/.local/lib/python3.8/site-packages/airflow/example_dags/example_skip_dag.py for tasks to queue
[2026-06-12T11:29:35.196+0000] {logging_mixin.py:188} INFO - [2026-06-12T11:29:35.196+0000] {dagbag.py:538} INFO - Filling up the DagBag from /home/airflow/.local/lib/python3.8/site-packages/airflow/example_dags/example_skip_dag.py
[2026-06-12T11:29:35.206+0000] {processor.py:840} INFO - DAG(s) 'example_skip_dag' retrieved from /home/airflow/.local/lib/python3.8/site-packages/airflow/example_dags/example_skip_dag.py
[2026-06-12T11:29:35.245+0000] {logging_mixin.py:188} INFO - [2026-06-12T11:29:35.245+0000] {dag.py:3036} INFO - Sync 1 DAGs
[2026-06-12T11:29:35.282+0000] {logging_mixin.py:188} INFO - [2026-06-12T11:29:35.282+0000] {dag.py:3823} INFO - Setting next_dagrun for example_skip_dag to 2026-06-11 00:00:00+00:00, run_after=2026-06-12 00:00:00+00:00
[2026-06-12T11:29:35.310+0000] {processor.py:183} INFO - Processing /home/airflow/.local/lib/python3.8/site-packages/airflow/example_dags/example_skip_dag.py took 0.122 seconds
[2026-06-12T11:30:05.699+0000] {processor.py:161} INFO - Started process (PID=3632) to work on /home/airflow/.local/lib/python3.8/site-packages/airflow/example_dags/example_skip_dag.py
[2026-06-12T11:30:05.700+0000] {processor.py:830} INFO - Processing file /home/airflow/.local/lib/python3.8/site-packages/airflow/example_dags/example_skip_dag.py for tasks to queue
[2026-06-12T11:30:05.703+0000] {logging_mixin.py:188} INFO - [2026-06-12T11:30:05.703+0000] {dagbag.py:538} INFO - Filling up the DagBag from /home/airflow/.local/lib/python3.8/site-packages/airflow/example_dags/example_skip_dag.py
[2026-06-12T11:30:05.714+0000] {processor.py:840} INFO - DAG(s) 'example_skip_dag' retrieved from /home/airflow/.local/lib/python3.8/site-packages/airflow/example_dags/example_skip_dag.py
[2026-06-12T11:30:05.754+0000] {logging_mixin.py:188} INFO - [2026-06-12T11:30:05.753+0000] {dag.py:3036} INFO - Sync 1 DAGs
[2026-06-12T11:30:05.793+0000] {logging_mixin.py:188} INFO - [2026-06-12T11:30:05.792+0000] {dag.py:3823} INFO - Setting next_dagrun for example_skip_dag to 2026-06-11 00:00:00+00:00, run_after=2026-06-12 00:00:00+00:00
[2026-06-12T11:30:05.825+0000] {processor.py:183} INFO - Processing /home/airflow/.local/lib/python3.8/site-packages/airflow/example_dags/example_skip_dag.py took 0.132 seconds
[2026-06-12T11:30:36.177+0000] {processor.py:161} INFO - Started process (PID=3698) to work on /home/airflow/.local/lib/python3.8/site-packages/airflow/example_dags/example_skip_dag.py
[2026-06-12T11:30:36.179+0000] {processor.py:830} INFO - Processing file /home/airflow/.local/lib/python3.8/site-packages/airflow/example_dags/example_skip_dag.py for tasks to queue
[2026-06-12T11:30:36.183+0000] {logging_mixin.py:188} INFO - [2026-06-12T11:30:36.182+0000] {dagbag.py:538} INFO - Filling up the DagBag from /home/airflow/.local/lib/python3.8/site-packages/airflow/example_dags/example_skip_dag.py
[2026-06-12T11:30:36.196+0000] {processor.py:840} INFO - DAG(s) 'example_skip_dag' retrieved from /home/airflow/.local/lib/python3.8/site-packages/airflow/example_dags/example_skip_dag.py
[2026-06-12T11:30:36.241+0000] {logging_mixin.py:188} INFO - [2026-06-12T11:30:36.240+0000] {dag.py:3036} INFO - Sync 1 DAGs
[2026-06-12T11:30:36.281+0000] {logging_mixin.py:188} INFO - [2026-06-12T11:30:36.280+0000] {dag.py:3823} INFO - Setting next_dagrun for example_skip_dag to 2026-06-11 00:00:00+00:00, run_after=2026-06-12 00:00:00+00:00
[2026-06-12T11:30:36.310+0000] {processor.py:183} INFO - Processing /home/airflow/.local/lib/python3.8/site-packages/airflow/example_dags/example_skip_dag.py took 0.139 seconds
[2026-06-12T11:31:06.594+0000] {processor.py:161} INFO - Started process (PID=3765) to work on /home/airflow/.local/lib/python3.8/site-packages/airflow/example_dags/example_skip_dag.py
[2026-06-12T11:31:06.596+0000] {processor.py:830} INFO - Processing file /home/airflow/.local/lib/python3.8/site-packages/airflow/example_dags/example_skip_dag.py for tasks to queue
[2026-06-12T11:31:06.599+0000] {logging_mixin.py:188} INFO - [2026-06-12T11:31:06.598+0000] {dagbag.py:538} INFO - Filling up the DagBag from /home/airflow/.local/lib/python3.8/site-packages/airflow/example_dags/example_skip_dag.py
[2026-06-12T11:31:06.609+0000] {processor.py:840} INFO - DAG(s) 'example_skip_dag' retrieved from /home/airflow/.local/lib/python3.8/site-packages/airflow/example_dags/example_skip_dag.py
[2026-06-12T11:31:06.648+0000] {logging_mixin.py:188} INFO - [2026-06-12T11:31:06.647+0000] {dag.py:3036} INFO - Sync 1 DAGs
[2026-06-12T11:31:06.686+0000] {logging_mixin.py:188} INFO - [2026-06-12T11:31:06.685+0000] {dag.py:3823} INFO - Setting next_dagrun for example_skip_dag to 2026-06-11 00:00:00+00:00, run_after=2026-06-12 00:00:00+00:00
[2026-06-12T11:31:06.721+0000] {processor.py:183} INFO - Processing /home/airflow/.local/lib/python3.8/site-packages/airflow/example_dags/example_skip_dag.py took 0.131 seconds
[2026-06-12T11:31:36.915+0000] {processor.py:161} INFO - Started process (PID=3832) to work on /home/airflow/.local/lib/python3.8/site-packages/airflow/example_dags/example_skip_dag.py
[2026-06-12T11:31:36.916+0000] {processor.py:830} INFO - Processing file /home/airflow/.local/lib/python3.8/site-packages/airflow/example_dags/example_skip_dag.py for tasks to queue
[2026-06-12T11:31:36.919+0000] {logging_mixin.py:188} INFO - [2026-06-12T11:31:36.919+0000] {dagbag.py:538} INFO - Filling up the DagBag from /home/airflow/.local/lib/python3.8/site-packages/airflow/example_dags/example_skip_dag.py
[2026-06-12T11:31:36.929+0000] {processor.py:840} INFO - DAG(s) 'example_skip_dag' retrieved from /home/airflow/.local/lib/python3.8/site-packages/airflow/example_dags/example_skip_dag.py
[2026-06-12T11:31:36.966+0000] {logging_mixin.py:188} INFO - [2026-06-12T11:31:36.965+0000] {dag.py:3036} INFO - Sync 1 DAGs
[2026-06-12T11:31:37.007+0000] {logging_mixin.py:188} INFO - [2026-06-12T11:31:37.007+0000] {dag.py:3823} INFO - Setting next_dagrun for example_skip_dag to 2026-06-11 00:00:00+00:00, run_after=2026-06-12 00:00:00+00:00
[2026-06-12T11:31:37.038+0000] {processor.py:183} INFO - Processing /home/airflow/.local/lib/python3.8/site-packages/airflow/example_dags/example_skip_dag.py took 0.127 seconds
[2026-06-12T11:32:07.356+0000] {processor.py:161} INFO - Started process (PID=3907) to work on /home/airflow/.local/lib/python3.8/site-packages/airflow/example_dags/example_skip_dag.py
[2026-06-12T11:32:07.358+0000] {processor.py:830} INFO - Processing file /home/airflow/.local/lib/python3.8/site-packages/airflow/example_dags/example_skip_dag.py for tasks to queue
[2026-06-12T11:32:07.361+0000] {logging_mixin.py:188} INFO - [2026-06-12T11:32:07.361+0000] {dagbag.py:538} INFO - Filling up the DagBag from /home/airflow/.local/lib/python3.8/site-packages/airflow/example_dags/example_skip_dag.py
[2026-06-12T11:32:07.374+0000] {processor.py:840} INFO - DAG(s) 'example_skip_dag' retrieved from /home/airflow/.local/lib/python3.8/site-packages/airflow/example_dags/example_skip_dag.py
[2026-06-12T11:32:07.419+0000] {logging_mixin.py:188} INFO - [2026-06-12T11:32:07.419+0000] {dag.py:3036} INFO - Sync 1 DAGs
[2026-06-12T11:32:07.464+0000] {logging_mixin.py:188} INFO - [2026-06-12T11:32:07.464+0000] {dag.py:3823} INFO - Setting next_dagrun for example_skip_dag to 2026-06-11 00:00:00+00:00, run_after=2026-06-12 00:00:00+00:00
[2026-06-12T11:32:07.494+0000] {processor.py:183} INFO - Processing /home/airflow/.local/lib/python3.8/site-packages/airflow/example_dags/example_skip_dag.py took 0.144 seconds
[2026-06-12T11:32:37.829+0000] {processor.py:161} INFO - Started process (PID=3972) to work on /home/airflow/.local/lib/python3.8/site-packages/airflow/example_dags/example_skip_dag.py
[2026-06-12T11:32:37.830+0000] {processor.py:830} INFO - Processing file /home/airflow/.local/lib/python3.8/site-packages/airflow/example_dags/example_skip_dag.py for tasks to queue
[2026-06-12T11:32:37.832+0000] {logging_mixin.py:188} INFO - [2026-06-12T11:32:37.832+0000] {dagbag.py:538} INFO - Filling up the DagBag from /home/airflow/.local/lib/python3.8/site-packages/airflow/example_dags/example_skip_dag.py
[2026-06-12T11:32:37.842+0000] {processor.py:840} INFO - DAG(s) 'example_skip_dag' retrieved from /home/airflow/.local/lib/python3.8/site-packages/airflow/example_dags/example_skip_dag.py
[2026-06-12T11:32:37.879+0000] {logging_mixin.py:188} INFO - [2026-06-12T11:32:37.879+0000] {dag.py:3036} INFO - Sync 1 DAGs
[2026-06-12T11:32:37.914+0000] {logging_mixin.py:188} INFO - [2026-06-12T11:32:37.914+0000] {dag.py:3823} INFO - Setting next_dagrun for example_skip_dag to 2026-06-11 00:00:00+00:00, run_after=2026-06-12 00:00:00+00:00
[2026-06-12T11:32:37.941+0000] {processor.py:183} INFO - Processing /home/airflow/.local/lib/python3.8/site-packages/airflow/example_dags/example_skip_dag.py took 0.117 seconds
[2026-06-12T11:33:08.543+0000] {processor.py:161} INFO - Started process (PID=4037) to work on /home/airflow/.local/lib/python3.8/site-packages/airflow/example_dags/example_skip_dag.py
[2026-06-12T11:33:08.545+0000] {processor.py:830} INFO - Processing file /home/airflow/.local/lib/python3.8/site-packages/airflow/example_dags/example_skip_dag.py for tasks to queue
[2026-06-12T11:33:08.548+0000] {logging_mixin.py:188} INFO - [2026-06-12T11:33:08.547+0000] {dagbag.py:538} INFO - Filling up the DagBag from /home/airflow/.local/lib/python3.8/site-packages/airflow/example_dags/example_skip_dag.py
[2026-06-12T11:33:08.557+0000] {processor.py:840} INFO - DAG(s) 'example_skip_dag' retrieved from /home/airflow/.local/lib/python3.8/site-packages/airflow/example_dags/example_skip_dag.py
[2026-06-12T11:33:08.596+0000] {logging_mixin.py:188} INFO - [2026-06-12T11:33:08.596+0000] {dag.py:3036} INFO - Sync 1 DAGs
[2026-06-12T11:33:08.632+0000] {logging_mixin.py:188} INFO - [2026-06-12T11:33:08.632+0000] {dag.py:3823} INFO - Setting next_dagrun for example_skip_dag to 2026-06-11 00:00:00+00:00, run_after=2026-06-12 00:00:00+00:00
[2026-06-12T11:33:08.659+0000] {processor.py:183} INFO - Processing /home/airflow/.local/lib/python3.8/site-packages/airflow/example_dags/example_skip_dag.py took 0.120 seconds
[2026-06-12T11:33:39.154+0000] {processor.py:161} INFO - Started process (PID=4103) to work on /home/airflow/.local/lib/python3.8/site-packages/airflow/example_dags/example_skip_dag.py
[2026-06-12T11:33:39.155+0000] {processor.py:830} INFO - Processing file /home/airflow/.local/lib/python3.8/site-packages/airflow/example_dags/example_skip_dag.py for tasks to queue
[2026-06-12T11:33:39.160+0000] {logging_mixin.py:188} INFO - [2026-06-12T11:33:39.159+0000] {dagbag.py:538} INFO - Filling up the DagBag from /home/airflow/.local/lib/python3.8/site-packages/airflow/example_dags/example_skip_dag.py
[2026-06-12T11:33:39.173+0000] {processor.py:840} INFO - DAG(s) 'example_skip_dag' retrieved from /home/airflow/.local/lib/python3.8/site-packages/airflow/example_dags/example_skip_dag.py
[2026-06-12T11:33:39.218+0000] {logging_mixin.py:188} INFO - [2026-06-12T11:33:39.217+0000] {dag.py:3036} INFO - Sync 1 DAGs
[2026-06-12T11:33:39.260+0000] {logging_mixin.py:188} INFO - [2026-06-12T11:33:39.260+0000] {dag.py:3823} INFO - Setting next_dagrun for example_skip_dag to 2026-06-11 00:00:00+00:00, run_after=2026-06-12 00:00:00+00:00
[2026-06-12T11:33:39.287+0000] {processor.py:183} INFO - Processing /home/airflow/.local/lib/python3.8/site-packages/airflow/example_dags/example_skip_dag.py took 0.140 seconds
[2026-06-12T11:34:09.844+0000] {processor.py:161} INFO - Started process (PID=4169) to work on /home/airflow/.local/lib/python3.8/site-packages/airflow/example_dags/example_skip_dag.py
[2026-06-12T11:34:09.845+0000] {processor.py:830} INFO - Processing file /home/airflow/.local/lib/python3.8/site-packages/airflow/example_dags/example_skip_dag.py for tasks to queue
[2026-06-12T11:34:09.848+0000] {logging_mixin.py:188} INFO - [2026-06-12T11:34:09.847+0000] {dagbag.py:538} INFO - Filling up the DagBag from /home/airflow/.local/lib/python3.8/site-packages/airflow/example_dags/example_skip_dag.py
[2026-06-12T11:34:09.858+0000] {processor.py:840} INFO - DAG(s) 'example_skip_dag' retrieved from /home/airflow/.local/lib/python3.8/site-packages/airflow/example_dags/example_skip_dag.py
[2026-06-12T11:34:09.897+0000] {logging_mixin.py:188} INFO - [2026-06-12T11:34:09.896+0000] {dag.py:3036} INFO - Sync 1 DAGs
[2026-06-12T11:34:09.930+0000] {logging_mixin.py:188} INFO - [2026-06-12T11:34:09.929+0000] {dag.py:3823} INFO - Setting next_dagrun for example_skip_dag to 2026-06-11 00:00:00+00:00, run_after=2026-06-12 00:00:00+00:00
[2026-06-12T11:34:09.956+0000] {processor.py:183} INFO - Processing /home/airflow/.local/lib/python3.8/site-packages/airflow/example_dags/example_skip_dag.py took 0.117 seconds
[2026-06-12T11:34:40.827+0000] {processor.py:161} INFO - Started process (PID=4235) to work on /home/airflow/.local/lib/python3.8/site-packages/airflow/example_dags/example_skip_dag.py
[2026-06-12T11:34:40.829+0000] {processor.py:830} INFO - Processing file /home/airflow/.local/lib/python3.8/site-packages/airflow/example_dags/example_skip_dag.py for tasks to queue
[2026-06-12T11:34:40.831+0000] {logging_mixin.py:188} INFO - [2026-06-12T11:34:40.831+0000] {dagbag.py:538} INFO - Filling up the DagBag from /home/airflow/.local/lib/python3.8/site-packages/airflow/example_dags/example_skip_dag.py
[2026-06-12T11:34:40.841+0000] {processor.py:840} INFO - DAG(s) 'example_skip_dag' retrieved from /home/airflow/.local/lib/python3.8/site-packages/airflow/example_dags/example_skip_dag.py
[2026-06-12T11:34:40.878+0000] {logging_mixin.py:188} INFO - [2026-06-12T11:34:40.878+0000] {dag.py:3036} INFO - Sync 1 DAGs
[2026-06-12T11:34:40.914+0000] {logging_mixin.py:188} INFO - [2026-06-12T11:34:40.914+0000] {dag.py:3823} INFO - Setting next_dagrun for example_skip_dag to 2026-06-11 00:00:00+00:00, run_after=2026-06-12 00:00:00+00:00
[2026-06-12T11:34:40.944+0000] {processor.py:183} INFO - Processing /home/airflow/.local/lib/python3.8/site-packages/airflow/example_dags/example_skip_dag.py took 0.121 seconds
[2026-06-12T11:35:11.051+0000] {processor.py:161} INFO - Started process (PID=4301) to work on /home/airflow/.local/lib/python3.8/site-packages/airflow/example_dags/example_skip_dag.py
[2026-06-12T11:35:11.053+0000] {processor.py:830} INFO - Processing file /home/airflow/.local/lib/python3.8/site-packages/airflow/example_dags/example_skip_dag.py for tasks to queue
[2026-06-12T11:35:11.055+0000] {logging_mixin.py:188} INFO - [2026-06-12T11:35:11.055+0000] {dagbag.py:538} INFO - Filling up the DagBag from /home/airflow/.local/lib/python3.8/site-packages/airflow/example_dags/example_skip_dag.py
[2026-06-12T11:35:11.066+0000] {processor.py:840} INFO - DAG(s) 'example_skip_dag' retrieved from /home/airflow/.local/lib/python3.8/site-packages/airflow/example_dags/example_skip_dag.py
[2026-06-12T11:35:11.104+0000] {logging_mixin.py:188} INFO - [2026-06-12T11:35:11.103+0000] {dag.py:3036} INFO - Sync 1 DAGs
[2026-06-12T11:35:11.142+0000] {logging_mixin.py:188} INFO - [2026-06-12T11:35:11.142+0000] {dag.py:3823} INFO - Setting next_dagrun for example_skip_dag to 2026-06-11 00:00:00+00:00, run_after=2026-06-12 00:00:00+00:00
[2026-06-12T11:35:11.170+0000] {processor.py:183} INFO - Processing /home/airflow/.local/lib/python3.8/site-packages/airflow/example_dags/example_skip_dag.py took 0.124 seconds
[2026-06-12T11:35:41.496+0000] {processor.py:161} INFO - Started process (PID=4373) to work on /home/airflow/.local/lib/python3.8/site-packages/airflow/example_dags/example_skip_dag.py
[2026-06-12T11:35:41.497+0000] {processor.py:830} INFO - Processing file /home/airflow/.local/lib/python3.8/site-packages/airflow/example_dags/example_skip_dag.py for tasks to queue
[2026-06-12T11:35:41.500+0000] {logging_mixin.py:188} INFO - [2026-06-12T11:35:41.499+0000] {dagbag.py:538} INFO - Filling up the DagBag from /home/airflow/.local/lib/python3.8/site-packages/airflow/example_dags/example_skip_dag.py
[2026-06-12T11:35:41.511+0000] {processor.py:840} INFO - DAG(s) 'example_skip_dag' retrieved from /home/airflow/.local/lib/python3.8/site-packages/airflow/example_dags/example_skip_dag.py
[2026-06-12T11:35:41.551+0000] {logging_mixin.py:188} INFO - [2026-06-12T11:35:41.550+0000] {dag.py:3036} INFO - Sync 1 DAGs
[2026-06-12T11:35:41.588+0000] {logging_mixin.py:188} INFO - [2026-06-12T11:35:41.587+0000] {dag.py:3823} INFO - Setting next_dagrun for example_skip_dag to 2026-06-11 00:00:00+00:00, run_after=2026-06-12 00:00:00+00:00
[2026-06-12T11:35:41.615+0000] {processor.py:183} INFO - Processing /home/airflow/.local/lib/python3.8/site-packages/airflow/example_dags/example_skip_dag.py took 0.126 seconds
[2026-06-12T11:36:11.994+0000] {processor.py:161} INFO - Started process (PID=4438) to work on /home/airflow/.local/lib/python3.8/site-packages/airflow/example_dags/example_skip_dag.py
[2026-06-12T11:36:11.996+0000] {processor.py:830} INFO - Processing file /home/airflow/.local/lib/python3.8/site-packages/airflow/example_dags/example_skip_dag.py for tasks to queue
[2026-06-12T11:36:11.998+0000] {logging_mixin.py:188} INFO - [2026-06-12T11:36:11.998+0000] {dagbag.py:538} INFO - Filling up the DagBag from /home/airflow/.local/lib/python3.8/site-packages/airflow/example_dags/example_skip_dag.py
[2026-06-12T11:36:12.009+0000] {processor.py:840} INFO - DAG(s) 'example_skip_dag' retrieved from /home/airflow/.local/lib/python3.8/site-packages/airflow/example_dags/example_skip_dag.py
[2026-06-12T11:36:12.046+0000] {logging_mixin.py:188} INFO - [2026-06-12T11:36:12.046+0000] {dag.py:3036} INFO - Sync 1 DAGs
[2026-06-12T11:36:12.083+0000] {logging_mixin.py:188} INFO - [2026-06-12T11:36:12.083+0000] {dag.py:3823} INFO - Setting next_dagrun for example_skip_dag to 2026-06-11 00:00:00+00:00, run_after=2026-06-12 00:00:00+00:00
[2026-06-12T11:36:12.111+0000] {processor.py:183} INFO - Processing /home/airflow/.local/lib/python3.8/site-packages/airflow/example_dags/example_skip_dag.py took 0.122 seconds
[2026-06-12T11:36:42.666+0000] {processor.py:161} INFO - Started process (PID=4504) to work on /home/airflow/.local/lib/python3.8/site-packages/airflow/example_dags/example_skip_dag.py
[2026-06-12T11:36:42.667+0000] {processor.py:830} INFO - Processing file /home/airflow/.local/lib/python3.8/site-packages/airflow/example_dags/example_skip_dag.py for tasks to queue
[2026-06-12T11:36:42.670+0000] {logging_mixin.py:188} INFO - [2026-06-12T11:36:42.670+0000] {dagbag.py:538} INFO - Filling up the DagBag from /home/airflow/.local/lib/python3.8/site-packages/airflow/example_dags/example_skip_dag.py
[2026-06-12T11:36:42.683+0000] {processor.py:840} INFO - DAG(s) 'example_skip_dag' retrieved from /home/airflow/.local/lib/python3.8/site-packages/airflow/example_dags/example_skip_dag.py
[2026-06-12T11:36:42.746+0000] {logging_mixin.py:188} INFO - [2026-06-12T11:36:42.746+0000] {dag.py:3036} INFO - Sync 1 DAGs
[2026-06-12T11:36:42.795+0000] {logging_mixin.py:188} INFO - [2026-06-12T11:36:42.794+0000] {dag.py:3823} INFO - Setting next_dagrun for example_skip_dag to 2026-06-11 00:00:00+00:00, run_after=2026-06-12 00:00:00+00:00
[2026-06-12T11:36:42.836+0000] {processor.py:183} INFO - Processing /home/airflow/.local/lib/python3.8/site-packages/airflow/example_dags/example_skip_dag.py took 0.175 seconds
