[2026-06-12T11:03:01.400+0000] {processor.py:161} INFO - Started process (PID=71) to work on /home/airflow/.local/lib/python3.8/site-packages/airflow/example_dags/example_sensors.py
[2026-06-12T11:03:01.401+0000] {processor.py:830} INFO - Processing file /home/airflow/.local/lib/python3.8/site-packages/airflow/example_dags/example_sensors.py for tasks to queue
[2026-06-12T11:03:01.404+0000] {logging_mixin.py:188} INFO - [2026-06-12T11:03:01.404+0000] {dagbag.py:538} INFO - Filling up the DagBag from /home/airflow/.local/lib/python3.8/site-packages/airflow/example_dags/example_sensors.py
[2026-06-12T11:03:01.424+0000] {processor.py:840} INFO - DAG(s) 'example_sensors' retrieved from /home/airflow/.local/lib/python3.8/site-packages/airflow/example_dags/example_sensors.py
[2026-06-12T11:03:01.450+0000] {logging_mixin.py:188} INFO - [2026-06-12T11:03:01.449+0000] {dag.py:3036} INFO - Sync 1 DAGs
[2026-06-12T11:03:01.475+0000] {logging_mixin.py:188} INFO - [2026-06-12T11:03:01.474+0000] {dag.py:3823} INFO - Setting next_dagrun for example_sensors to None, run_after=None
[2026-06-12T11:03:01.509+0000] {processor.py:183} INFO - Processing /home/airflow/.local/lib/python3.8/site-packages/airflow/example_dags/example_sensors.py took 0.115 seconds
[2026-06-12T11:03:31.975+0000] {processor.py:161} INFO - Started process (PID=137) to work on /home/airflow/.local/lib/python3.8/site-packages/airflow/example_dags/example_sensors.py
[2026-06-12T11:03:31.977+0000] {processor.py:830} INFO - Processing file /home/airflow/.local/lib/python3.8/site-packages/airflow/example_dags/example_sensors.py for tasks to queue
[2026-06-12T11:03:31.980+0000] {logging_mixin.py:188} INFO - [2026-06-12T11:03:31.979+0000] {dagbag.py:538} INFO - Filling up the DagBag from /home/airflow/.local/lib/python3.8/site-packages/airflow/example_dags/example_sensors.py
[2026-06-12T11:03:31.999+0000] {processor.py:840} INFO - DAG(s) 'example_sensors' retrieved from /home/airflow/.local/lib/python3.8/site-packages/airflow/example_dags/example_sensors.py
[2026-06-12T11:03:32.278+0000] {logging_mixin.py:188} INFO - [2026-06-12T11:03:32.277+0000] {dag.py:3036} INFO - Sync 1 DAGs
[2026-06-12T11:03:32.318+0000] {logging_mixin.py:188} INFO - [2026-06-12T11:03:32.318+0000] {dag.py:3823} INFO - Setting next_dagrun for example_sensors to None, run_after=None
[2026-06-12T11:03:32.398+0000] {processor.py:183} INFO - Processing /home/airflow/.local/lib/python3.8/site-packages/airflow/example_dags/example_sensors.py took 0.428 seconds
[2026-06-12T11:04:02.978+0000] {processor.py:161} INFO - Started process (PID=203) to work on /home/airflow/.local/lib/python3.8/site-packages/airflow/example_dags/example_sensors.py
[2026-06-12T11:04:02.980+0000] {processor.py:830} INFO - Processing file /home/airflow/.local/lib/python3.8/site-packages/airflow/example_dags/example_sensors.py for tasks to queue
[2026-06-12T11:04:02.982+0000] {logging_mixin.py:188} INFO - [2026-06-12T11:04:02.982+0000] {dagbag.py:538} INFO - Filling up the DagBag from /home/airflow/.local/lib/python3.8/site-packages/airflow/example_dags/example_sensors.py
[2026-06-12T11:04:02.996+0000] {processor.py:840} INFO - DAG(s) 'example_sensors' retrieved from /home/airflow/.local/lib/python3.8/site-packages/airflow/example_dags/example_sensors.py
[2026-06-12T11:04:03.039+0000] {logging_mixin.py:188} INFO - [2026-06-12T11:04:03.038+0000] {dag.py:3036} INFO - Sync 1 DAGs
[2026-06-12T11:04:03.058+0000] {logging_mixin.py:188} INFO - [2026-06-12T11:04:03.057+0000] {dag.py:3823} INFO - Setting next_dagrun for example_sensors to None, run_after=None
[2026-06-12T11:04:03.084+0000] {processor.py:183} INFO - Processing /home/airflow/.local/lib/python3.8/site-packages/airflow/example_dags/example_sensors.py took 0.110 seconds
[2026-06-12T11:04:33.857+0000] {processor.py:161} INFO - Started process (PID=270) to work on /home/airflow/.local/lib/python3.8/site-packages/airflow/example_dags/example_sensors.py
[2026-06-12T11:04:33.858+0000] {processor.py:830} INFO - Processing file /home/airflow/.local/lib/python3.8/site-packages/airflow/example_dags/example_sensors.py for tasks to queue
[2026-06-12T11:04:33.861+0000] {logging_mixin.py:188} INFO - [2026-06-12T11:04:33.860+0000] {dagbag.py:538} INFO - Filling up the DagBag from /home/airflow/.local/lib/python3.8/site-packages/airflow/example_dags/example_sensors.py
[2026-06-12T11:04:33.878+0000] {processor.py:840} INFO - DAG(s) 'example_sensors' retrieved from /home/airflow/.local/lib/python3.8/site-packages/airflow/example_dags/example_sensors.py
[2026-06-12T11:04:33.929+0000] {logging_mixin.py:188} INFO - [2026-06-12T11:04:33.928+0000] {dag.py:3036} INFO - Sync 1 DAGs
[2026-06-12T11:04:33.948+0000] {logging_mixin.py:188} INFO - [2026-06-12T11:04:33.948+0000] {dag.py:3823} INFO - Setting next_dagrun for example_sensors to None, run_after=None
[2026-06-12T11:04:33.977+0000] {processor.py:183} INFO - Processing /home/airflow/.local/lib/python3.8/site-packages/airflow/example_dags/example_sensors.py took 0.125 seconds
[2026-06-12T11:05:04.309+0000] {processor.py:161} INFO - Started process (PID=336) to work on /home/airflow/.local/lib/python3.8/site-packages/airflow/example_dags/example_sensors.py
[2026-06-12T11:05:04.311+0000] {processor.py:830} INFO - Processing file /home/airflow/.local/lib/python3.8/site-packages/airflow/example_dags/example_sensors.py for tasks to queue
[2026-06-12T11:05:04.314+0000] {logging_mixin.py:188} INFO - [2026-06-12T11:05:04.314+0000] {dagbag.py:538} INFO - Filling up the DagBag from /home/airflow/.local/lib/python3.8/site-packages/airflow/example_dags/example_sensors.py
[2026-06-12T11:05:04.329+0000] {processor.py:840} INFO - DAG(s) 'example_sensors' retrieved from /home/airflow/.local/lib/python3.8/site-packages/airflow/example_dags/example_sensors.py
[2026-06-12T11:05:04.379+0000] {logging_mixin.py:188} INFO - [2026-06-12T11:05:04.378+0000] {dag.py:3036} INFO - Sync 1 DAGs
[2026-06-12T11:05:04.403+0000] {logging_mixin.py:188} INFO - [2026-06-12T11:05:04.403+0000] {dag.py:3823} INFO - Setting next_dagrun for example_sensors to None, run_after=None
[2026-06-12T11:05:04.444+0000] {processor.py:183} INFO - Processing /home/airflow/.local/lib/python3.8/site-packages/airflow/example_dags/example_sensors.py took 0.140 seconds
[2026-06-12T11:05:34.765+0000] {processor.py:161} INFO - Started process (PID=402) to work on /home/airflow/.local/lib/python3.8/site-packages/airflow/example_dags/example_sensors.py
[2026-06-12T11:05:34.767+0000] {processor.py:830} INFO - Processing file /home/airflow/.local/lib/python3.8/site-packages/airflow/example_dags/example_sensors.py for tasks to queue
[2026-06-12T11:05:34.770+0000] {logging_mixin.py:188} INFO - [2026-06-12T11:05:34.769+0000] {dagbag.py:538} INFO - Filling up the DagBag from /home/airflow/.local/lib/python3.8/site-packages/airflow/example_dags/example_sensors.py
[2026-06-12T11:05:34.784+0000] {processor.py:840} INFO - DAG(s) 'example_sensors' retrieved from /home/airflow/.local/lib/python3.8/site-packages/airflow/example_dags/example_sensors.py
[2026-06-12T11:05:34.835+0000] {logging_mixin.py:188} INFO - [2026-06-12T11:05:34.834+0000] {dag.py:3036} INFO - Sync 1 DAGs
[2026-06-12T11:05:34.859+0000] {logging_mixin.py:188} INFO - [2026-06-12T11:05:34.859+0000] {dag.py:3823} INFO - Setting next_dagrun for example_sensors to None, run_after=None
[2026-06-12T11:05:34.892+0000] {processor.py:183} INFO - Processing /home/airflow/.local/lib/python3.8/site-packages/airflow/example_dags/example_sensors.py took 0.132 seconds
[2026-06-12T11:06:05.287+0000] {processor.py:161} INFO - Started process (PID=468) to work on /home/airflow/.local/lib/python3.8/site-packages/airflow/example_dags/example_sensors.py
[2026-06-12T11:06:05.289+0000] {processor.py:830} INFO - Processing file /home/airflow/.local/lib/python3.8/site-packages/airflow/example_dags/example_sensors.py for tasks to queue
[2026-06-12T11:06:05.291+0000] {logging_mixin.py:188} INFO - [2026-06-12T11:06:05.291+0000] {dagbag.py:538} INFO - Filling up the DagBag from /home/airflow/.local/lib/python3.8/site-packages/airflow/example_dags/example_sensors.py
[2026-06-12T11:06:05.305+0000] {processor.py:840} INFO - DAG(s) 'example_sensors' retrieved from /home/airflow/.local/lib/python3.8/site-packages/airflow/example_dags/example_sensors.py
[2026-06-12T11:06:05.348+0000] {logging_mixin.py:188} INFO - [2026-06-12T11:06:05.348+0000] {dag.py:3036} INFO - Sync 1 DAGs
[2026-06-12T11:06:05.367+0000] {logging_mixin.py:188} INFO - [2026-06-12T11:06:05.367+0000] {dag.py:3823} INFO - Setting next_dagrun for example_sensors to None, run_after=None
[2026-06-12T11:06:05.394+0000] {processor.py:183} INFO - Processing /home/airflow/.local/lib/python3.8/site-packages/airflow/example_dags/example_sensors.py took 0.113 seconds
[2026-06-12T11:06:35.546+0000] {processor.py:161} INFO - Started process (PID=533) to work on /home/airflow/.local/lib/python3.8/site-packages/airflow/example_dags/example_sensors.py
[2026-06-12T11:06:35.548+0000] {processor.py:830} INFO - Processing file /home/airflow/.local/lib/python3.8/site-packages/airflow/example_dags/example_sensors.py for tasks to queue
[2026-06-12T11:06:35.551+0000] {logging_mixin.py:188} INFO - [2026-06-12T11:06:35.551+0000] {dagbag.py:538} INFO - Filling up the DagBag from /home/airflow/.local/lib/python3.8/site-packages/airflow/example_dags/example_sensors.py
[2026-06-12T11:06:35.569+0000] {processor.py:840} INFO - DAG(s) 'example_sensors' retrieved from /home/airflow/.local/lib/python3.8/site-packages/airflow/example_dags/example_sensors.py
[2026-06-12T11:06:35.614+0000] {logging_mixin.py:188} INFO - [2026-06-12T11:06:35.614+0000] {dag.py:3036} INFO - Sync 1 DAGs
[2026-06-12T11:06:35.637+0000] {logging_mixin.py:188} INFO - [2026-06-12T11:06:35.637+0000] {dag.py:3823} INFO - Setting next_dagrun for example_sensors to None, run_after=None
[2026-06-12T11:06:35.671+0000] {processor.py:183} INFO - Processing /home/airflow/.local/lib/python3.8/site-packages/airflow/example_dags/example_sensors.py took 0.131 seconds
[2026-06-12T11:07:06.172+0000] {processor.py:161} INFO - Started process (PID=605) to work on /home/airflow/.local/lib/python3.8/site-packages/airflow/example_dags/example_sensors.py
[2026-06-12T11:07:06.173+0000] {processor.py:830} INFO - Processing file /home/airflow/.local/lib/python3.8/site-packages/airflow/example_dags/example_sensors.py for tasks to queue
[2026-06-12T11:07:06.175+0000] {logging_mixin.py:188} INFO - [2026-06-12T11:07:06.175+0000] {dagbag.py:538} INFO - Filling up the DagBag from /home/airflow/.local/lib/python3.8/site-packages/airflow/example_dags/example_sensors.py
[2026-06-12T11:07:06.191+0000] {processor.py:840} INFO - DAG(s) 'example_sensors' retrieved from /home/airflow/.local/lib/python3.8/site-packages/airflow/example_dags/example_sensors.py
[2026-06-12T11:07:06.235+0000] {logging_mixin.py:188} INFO - [2026-06-12T11:07:06.234+0000] {dag.py:3036} INFO - Sync 1 DAGs
[2026-06-12T11:07:06.254+0000] {logging_mixin.py:188} INFO - [2026-06-12T11:07:06.254+0000] {dag.py:3823} INFO - Setting next_dagrun for example_sensors to None, run_after=None
[2026-06-12T11:07:06.281+0000] {processor.py:183} INFO - Processing /home/airflow/.local/lib/python3.8/site-packages/airflow/example_dags/example_sensors.py took 0.114 seconds
[2026-06-12T11:07:36.356+0000] {processor.py:161} INFO - Started process (PID=671) to work on /home/airflow/.local/lib/python3.8/site-packages/airflow/example_dags/example_sensors.py
[2026-06-12T11:07:36.357+0000] {processor.py:830} INFO - Processing file /home/airflow/.local/lib/python3.8/site-packages/airflow/example_dags/example_sensors.py for tasks to queue
[2026-06-12T11:07:36.360+0000] {logging_mixin.py:188} INFO - [2026-06-12T11:07:36.360+0000] {dagbag.py:538} INFO - Filling up the DagBag from /home/airflow/.local/lib/python3.8/site-packages/airflow/example_dags/example_sensors.py
[2026-06-12T11:07:36.378+0000] {processor.py:840} INFO - DAG(s) 'example_sensors' retrieved from /home/airflow/.local/lib/python3.8/site-packages/airflow/example_dags/example_sensors.py
[2026-06-12T11:07:36.435+0000] {logging_mixin.py:188} INFO - [2026-06-12T11:07:36.435+0000] {dag.py:3036} INFO - Sync 1 DAGs
[2026-06-12T11:07:36.456+0000] {logging_mixin.py:188} INFO - [2026-06-12T11:07:36.456+0000] {dag.py:3823} INFO - Setting next_dagrun for example_sensors to None, run_after=None
[2026-06-12T11:07:36.488+0000] {processor.py:183} INFO - Processing /home/airflow/.local/lib/python3.8/site-packages/airflow/example_dags/example_sensors.py took 0.138 seconds
[2026-06-12T11:08:06.634+0000] {processor.py:161} INFO - Started process (PID=737) to work on /home/airflow/.local/lib/python3.8/site-packages/airflow/example_dags/example_sensors.py
[2026-06-12T11:08:06.636+0000] {processor.py:830} INFO - Processing file /home/airflow/.local/lib/python3.8/site-packages/airflow/example_dags/example_sensors.py for tasks to queue
[2026-06-12T11:08:06.639+0000] {logging_mixin.py:188} INFO - [2026-06-12T11:08:06.638+0000] {dagbag.py:538} INFO - Filling up the DagBag from /home/airflow/.local/lib/python3.8/site-packages/airflow/example_dags/example_sensors.py
[2026-06-12T11:08:06.652+0000] {processor.py:840} INFO - DAG(s) 'example_sensors' retrieved from /home/airflow/.local/lib/python3.8/site-packages/airflow/example_dags/example_sensors.py
[2026-06-12T11:08:06.697+0000] {logging_mixin.py:188} INFO - [2026-06-12T11:08:06.697+0000] {dag.py:3036} INFO - Sync 1 DAGs
[2026-06-12T11:08:06.717+0000] {logging_mixin.py:188} INFO - [2026-06-12T11:08:06.717+0000] {dag.py:3823} INFO - Setting next_dagrun for example_sensors to None, run_after=None
[2026-06-12T11:08:06.745+0000] {processor.py:183} INFO - Processing /home/airflow/.local/lib/python3.8/site-packages/airflow/example_dags/example_sensors.py took 0.115 seconds
[2026-06-12T11:08:36.987+0000] {processor.py:161} INFO - Started process (PID=804) to work on /home/airflow/.local/lib/python3.8/site-packages/airflow/example_dags/example_sensors.py
[2026-06-12T11:08:36.988+0000] {processor.py:830} INFO - Processing file /home/airflow/.local/lib/python3.8/site-packages/airflow/example_dags/example_sensors.py for tasks to queue
[2026-06-12T11:08:36.990+0000] {logging_mixin.py:188} INFO - [2026-06-12T11:08:36.990+0000] {dagbag.py:538} INFO - Filling up the DagBag from /home/airflow/.local/lib/python3.8/site-packages/airflow/example_dags/example_sensors.py
[2026-06-12T11:08:37.007+0000] {processor.py:840} INFO - DAG(s) 'example_sensors' retrieved from /home/airflow/.local/lib/python3.8/site-packages/airflow/example_dags/example_sensors.py
[2026-06-12T11:08:37.051+0000] {logging_mixin.py:188} INFO - [2026-06-12T11:08:37.051+0000] {dag.py:3036} INFO - Sync 1 DAGs
[2026-06-12T11:08:37.074+0000] {logging_mixin.py:188} INFO - [2026-06-12T11:08:37.074+0000] {dag.py:3823} INFO - Setting next_dagrun for example_sensors to None, run_after=None
[2026-06-12T11:08:37.104+0000] {processor.py:183} INFO - Processing /home/airflow/.local/lib/python3.8/site-packages/airflow/example_dags/example_sensors.py took 0.123 seconds
[2026-06-12T11:09:07.505+0000] {processor.py:161} INFO - Started process (PID=869) to work on /home/airflow/.local/lib/python3.8/site-packages/airflow/example_dags/example_sensors.py
[2026-06-12T11:09:07.507+0000] {processor.py:830} INFO - Processing file /home/airflow/.local/lib/python3.8/site-packages/airflow/example_dags/example_sensors.py for tasks to queue
[2026-06-12T11:09:07.509+0000] {logging_mixin.py:188} INFO - [2026-06-12T11:09:07.509+0000] {dagbag.py:538} INFO - Filling up the DagBag from /home/airflow/.local/lib/python3.8/site-packages/airflow/example_dags/example_sensors.py
[2026-06-12T11:09:07.523+0000] {processor.py:840} INFO - DAG(s) 'example_sensors' retrieved from /home/airflow/.local/lib/python3.8/site-packages/airflow/example_dags/example_sensors.py
[2026-06-12T11:09:07.574+0000] {logging_mixin.py:188} INFO - [2026-06-12T11:09:07.573+0000] {dag.py:3036} INFO - Sync 1 DAGs
[2026-06-12T11:09:07.598+0000] {logging_mixin.py:188} INFO - [2026-06-12T11:09:07.597+0000] {dag.py:3823} INFO - Setting next_dagrun for example_sensors to None, run_after=None
[2026-06-12T11:09:07.631+0000] {processor.py:183} INFO - Processing /home/airflow/.local/lib/python3.8/site-packages/airflow/example_dags/example_sensors.py took 0.130 seconds
[2026-06-12T11:09:38.140+0000] {processor.py:161} INFO - Started process (PID=936) to work on /home/airflow/.local/lib/python3.8/site-packages/airflow/example_dags/example_sensors.py
[2026-06-12T11:09:38.142+0000] {processor.py:830} INFO - Processing file /home/airflow/.local/lib/python3.8/site-packages/airflow/example_dags/example_sensors.py for tasks to queue
[2026-06-12T11:09:38.145+0000] {logging_mixin.py:188} INFO - [2026-06-12T11:09:38.144+0000] {dagbag.py:538} INFO - Filling up the DagBag from /home/airflow/.local/lib/python3.8/site-packages/airflow/example_dags/example_sensors.py
[2026-06-12T11:09:38.164+0000] {processor.py:840} INFO - DAG(s) 'example_sensors' retrieved from /home/airflow/.local/lib/python3.8/site-packages/airflow/example_dags/example_sensors.py
[2026-06-12T11:09:38.215+0000] {logging_mixin.py:188} INFO - [2026-06-12T11:09:38.214+0000] {dag.py:3036} INFO - Sync 1 DAGs
[2026-06-12T11:09:38.238+0000] {logging_mixin.py:188} INFO - [2026-06-12T11:09:38.237+0000] {dag.py:3823} INFO - Setting next_dagrun for example_sensors to None, run_after=None
[2026-06-12T11:09:38.280+0000] {processor.py:183} INFO - Processing /home/airflow/.local/lib/python3.8/site-packages/airflow/example_dags/example_sensors.py took 0.146 seconds
[2026-06-12T11:10:08.400+0000] {processor.py:161} INFO - Started process (PID=1001) to work on /home/airflow/.local/lib/python3.8/site-packages/airflow/example_dags/example_sensors.py
[2026-06-12T11:10:08.402+0000] {processor.py:830} INFO - Processing file /home/airflow/.local/lib/python3.8/site-packages/airflow/example_dags/example_sensors.py for tasks to queue
[2026-06-12T11:10:08.405+0000] {logging_mixin.py:188} INFO - [2026-06-12T11:10:08.405+0000] {dagbag.py:538} INFO - Filling up the DagBag from /home/airflow/.local/lib/python3.8/site-packages/airflow/example_dags/example_sensors.py
[2026-06-12T11:10:08.420+0000] {processor.py:840} INFO - DAG(s) 'example_sensors' retrieved from /home/airflow/.local/lib/python3.8/site-packages/airflow/example_dags/example_sensors.py
[2026-06-12T11:10:08.471+0000] {logging_mixin.py:188} INFO - [2026-06-12T11:10:08.471+0000] {dag.py:3036} INFO - Sync 1 DAGs
[2026-06-12T11:10:08.494+0000] {logging_mixin.py:188} INFO - [2026-06-12T11:10:08.494+0000] {dag.py:3823} INFO - Setting next_dagrun for example_sensors to None, run_after=None
[2026-06-12T11:10:08.527+0000] {processor.py:183} INFO - Processing /home/airflow/.local/lib/python3.8/site-packages/airflow/example_dags/example_sensors.py took 0.131 seconds
[2026-06-12T11:10:38.812+0000] {processor.py:161} INFO - Started process (PID=1066) to work on /home/airflow/.local/lib/python3.8/site-packages/airflow/example_dags/example_sensors.py
[2026-06-12T11:10:38.813+0000] {processor.py:830} INFO - Processing file /home/airflow/.local/lib/python3.8/site-packages/airflow/example_dags/example_sensors.py for tasks to queue
[2026-06-12T11:10:38.815+0000] {logging_mixin.py:188} INFO - [2026-06-12T11:10:38.815+0000] {dagbag.py:538} INFO - Filling up the DagBag from /home/airflow/.local/lib/python3.8/site-packages/airflow/example_dags/example_sensors.py
[2026-06-12T11:10:38.829+0000] {processor.py:840} INFO - DAG(s) 'example_sensors' retrieved from /home/airflow/.local/lib/python3.8/site-packages/airflow/example_dags/example_sensors.py
[2026-06-12T11:10:38.877+0000] {logging_mixin.py:188} INFO - [2026-06-12T11:10:38.877+0000] {dag.py:3036} INFO - Sync 1 DAGs
[2026-06-12T11:10:38.899+0000] {logging_mixin.py:188} INFO - [2026-06-12T11:10:38.898+0000] {dag.py:3823} INFO - Setting next_dagrun for example_sensors to None, run_after=None
[2026-06-12T11:10:38.930+0000] {processor.py:183} INFO - Processing /home/airflow/.local/lib/python3.8/site-packages/airflow/example_dags/example_sensors.py took 0.122 seconds
[2026-06-12T11:11:09.291+0000] {processor.py:161} INFO - Started process (PID=1140) to work on /home/airflow/.local/lib/python3.8/site-packages/airflow/example_dags/example_sensors.py
[2026-06-12T11:11:09.294+0000] {processor.py:830} INFO - Processing file /home/airflow/.local/lib/python3.8/site-packages/airflow/example_dags/example_sensors.py for tasks to queue
[2026-06-12T11:11:09.297+0000] {logging_mixin.py:188} INFO - [2026-06-12T11:11:09.296+0000] {dagbag.py:538} INFO - Filling up the DagBag from /home/airflow/.local/lib/python3.8/site-packages/airflow/example_dags/example_sensors.py
[2026-06-12T11:11:09.329+0000] {processor.py:840} INFO - DAG(s) 'example_sensors' retrieved from /home/airflow/.local/lib/python3.8/site-packages/airflow/example_dags/example_sensors.py
[2026-06-12T11:11:09.392+0000] {logging_mixin.py:188} INFO - [2026-06-12T11:11:09.391+0000] {dag.py:3036} INFO - Sync 1 DAGs
[2026-06-12T11:11:09.411+0000] {logging_mixin.py:188} INFO - [2026-06-12T11:11:09.411+0000] {dag.py:3823} INFO - Setting next_dagrun for example_sensors to None, run_after=None
[2026-06-12T11:11:09.443+0000] {processor.py:183} INFO - Processing /home/airflow/.local/lib/python3.8/site-packages/airflow/example_dags/example_sensors.py took 0.157 seconds
[2026-06-12T11:11:39.727+0000] {processor.py:161} INFO - Started process (PID=1207) to work on /home/airflow/.local/lib/python3.8/site-packages/airflow/example_dags/example_sensors.py
[2026-06-12T11:11:39.730+0000] {processor.py:830} INFO - Processing file /home/airflow/.local/lib/python3.8/site-packages/airflow/example_dags/example_sensors.py for tasks to queue
[2026-06-12T11:11:39.733+0000] {logging_mixin.py:188} INFO - [2026-06-12T11:11:39.732+0000] {dagbag.py:538} INFO - Filling up the DagBag from /home/airflow/.local/lib/python3.8/site-packages/airflow/example_dags/example_sensors.py
[2026-06-12T11:11:39.759+0000] {processor.py:840} INFO - DAG(s) 'example_sensors' retrieved from /home/airflow/.local/lib/python3.8/site-packages/airflow/example_dags/example_sensors.py
[2026-06-12T11:11:39.817+0000] {logging_mixin.py:188} INFO - [2026-06-12T11:11:39.816+0000] {dag.py:3036} INFO - Sync 1 DAGs
[2026-06-12T11:11:39.841+0000] {logging_mixin.py:188} INFO - [2026-06-12T11:11:39.840+0000] {dag.py:3823} INFO - Setting next_dagrun for example_sensors to None, run_after=None
[2026-06-12T11:11:39.878+0000] {processor.py:183} INFO - Processing /home/airflow/.local/lib/python3.8/site-packages/airflow/example_dags/example_sensors.py took 0.155 seconds
[2026-06-12T11:12:09.988+0000] {processor.py:161} INFO - Started process (PID=1273) to work on /home/airflow/.local/lib/python3.8/site-packages/airflow/example_dags/example_sensors.py
[2026-06-12T11:12:09.989+0000] {processor.py:830} INFO - Processing file /home/airflow/.local/lib/python3.8/site-packages/airflow/example_dags/example_sensors.py for tasks to queue
[2026-06-12T11:12:09.991+0000] {logging_mixin.py:188} INFO - [2026-06-12T11:12:09.991+0000] {dagbag.py:538} INFO - Filling up the DagBag from /home/airflow/.local/lib/python3.8/site-packages/airflow/example_dags/example_sensors.py
[2026-06-12T11:12:10.008+0000] {processor.py:840} INFO - DAG(s) 'example_sensors' retrieved from /home/airflow/.local/lib/python3.8/site-packages/airflow/example_dags/example_sensors.py
[2026-06-12T11:12:10.055+0000] {logging_mixin.py:188} INFO - [2026-06-12T11:12:10.055+0000] {dag.py:3036} INFO - Sync 1 DAGs
[2026-06-12T11:12:10.074+0000] {logging_mixin.py:188} INFO - [2026-06-12T11:12:10.074+0000] {dag.py:3823} INFO - Setting next_dagrun for example_sensors to None, run_after=None
[2026-06-12T11:12:10.106+0000] {processor.py:183} INFO - Processing /home/airflow/.local/lib/python3.8/site-packages/airflow/example_dags/example_sensors.py took 0.123 seconds
[2026-06-12T11:12:40.277+0000] {processor.py:161} INFO - Started process (PID=1340) to work on /home/airflow/.local/lib/python3.8/site-packages/airflow/example_dags/example_sensors.py
[2026-06-12T11:12:40.279+0000] {processor.py:830} INFO - Processing file /home/airflow/.local/lib/python3.8/site-packages/airflow/example_dags/example_sensors.py for tasks to queue
[2026-06-12T11:12:40.281+0000] {logging_mixin.py:188} INFO - [2026-06-12T11:12:40.281+0000] {dagbag.py:538} INFO - Filling up the DagBag from /home/airflow/.local/lib/python3.8/site-packages/airflow/example_dags/example_sensors.py
[2026-06-12T11:12:40.295+0000] {processor.py:840} INFO - DAG(s) 'example_sensors' retrieved from /home/airflow/.local/lib/python3.8/site-packages/airflow/example_dags/example_sensors.py
[2026-06-12T11:12:40.340+0000] {logging_mixin.py:188} INFO - [2026-06-12T11:12:40.340+0000] {dag.py:3036} INFO - Sync 1 DAGs
[2026-06-12T11:12:40.359+0000] {logging_mixin.py:188} INFO - [2026-06-12T11:12:40.359+0000] {dag.py:3823} INFO - Setting next_dagrun for example_sensors to None, run_after=None
[2026-06-12T11:12:40.388+0000] {processor.py:183} INFO - Processing /home/airflow/.local/lib/python3.8/site-packages/airflow/example_dags/example_sensors.py took 0.116 seconds
[2026-06-12T11:13:11.004+0000] {processor.py:161} INFO - Started process (PID=1406) to work on /home/airflow/.local/lib/python3.8/site-packages/airflow/example_dags/example_sensors.py
[2026-06-12T11:13:11.006+0000] {processor.py:830} INFO - Processing file /home/airflow/.local/lib/python3.8/site-packages/airflow/example_dags/example_sensors.py for tasks to queue
[2026-06-12T11:13:11.008+0000] {logging_mixin.py:188} INFO - [2026-06-12T11:13:11.008+0000] {dagbag.py:538} INFO - Filling up the DagBag from /home/airflow/.local/lib/python3.8/site-packages/airflow/example_dags/example_sensors.py
[2026-06-12T11:13:11.023+0000] {processor.py:840} INFO - DAG(s) 'example_sensors' retrieved from /home/airflow/.local/lib/python3.8/site-packages/airflow/example_dags/example_sensors.py
[2026-06-12T11:13:11.072+0000] {logging_mixin.py:188} INFO - [2026-06-12T11:13:11.072+0000] {dag.py:3036} INFO - Sync 1 DAGs
[2026-06-12T11:13:11.091+0000] {logging_mixin.py:188} INFO - [2026-06-12T11:13:11.090+0000] {dag.py:3823} INFO - Setting next_dagrun for example_sensors to None, run_after=None
[2026-06-12T11:13:11.124+0000] {processor.py:183} INFO - Processing /home/airflow/.local/lib/python3.8/site-packages/airflow/example_dags/example_sensors.py took 0.124 seconds
[2026-06-12T11:13:41.548+0000] {processor.py:161} INFO - Started process (PID=1472) to work on /home/airflow/.local/lib/python3.8/site-packages/airflow/example_dags/example_sensors.py
[2026-06-12T11:13:41.550+0000] {processor.py:830} INFO - Processing file /home/airflow/.local/lib/python3.8/site-packages/airflow/example_dags/example_sensors.py for tasks to queue
[2026-06-12T11:13:41.553+0000] {logging_mixin.py:188} INFO - [2026-06-12T11:13:41.553+0000] {dagbag.py:538} INFO - Filling up the DagBag from /home/airflow/.local/lib/python3.8/site-packages/airflow/example_dags/example_sensors.py
[2026-06-12T11:13:41.570+0000] {processor.py:840} INFO - DAG(s) 'example_sensors' retrieved from /home/airflow/.local/lib/python3.8/site-packages/airflow/example_dags/example_sensors.py
[2026-06-12T11:13:41.616+0000] {logging_mixin.py:188} INFO - [2026-06-12T11:13:41.616+0000] {dag.py:3036} INFO - Sync 1 DAGs
[2026-06-12T11:13:41.636+0000] {logging_mixin.py:188} INFO - [2026-06-12T11:13:41.636+0000] {dag.py:3823} INFO - Setting next_dagrun for example_sensors to None, run_after=None
[2026-06-12T11:13:41.666+0000] {processor.py:183} INFO - Processing /home/airflow/.local/lib/python3.8/site-packages/airflow/example_dags/example_sensors.py took 0.123 seconds
[2026-06-12T11:14:12.597+0000] {processor.py:161} INFO - Started process (PID=1539) to work on /home/airflow/.local/lib/python3.8/site-packages/airflow/example_dags/example_sensors.py
[2026-06-12T11:14:12.599+0000] {processor.py:830} INFO - Processing file /home/airflow/.local/lib/python3.8/site-packages/airflow/example_dags/example_sensors.py for tasks to queue
[2026-06-12T11:14:12.602+0000] {logging_mixin.py:188} INFO - [2026-06-12T11:14:12.601+0000] {dagbag.py:538} INFO - Filling up the DagBag from /home/airflow/.local/lib/python3.8/site-packages/airflow/example_dags/example_sensors.py
[2026-06-12T11:14:12.615+0000] {processor.py:840} INFO - DAG(s) 'example_sensors' retrieved from /home/airflow/.local/lib/python3.8/site-packages/airflow/example_dags/example_sensors.py
[2026-06-12T11:14:12.665+0000] {logging_mixin.py:188} INFO - [2026-06-12T11:14:12.665+0000] {dag.py:3036} INFO - Sync 1 DAGs
[2026-06-12T11:14:12.688+0000] {logging_mixin.py:188} INFO - [2026-06-12T11:14:12.687+0000] {dag.py:3823} INFO - Setting next_dagrun for example_sensors to None, run_after=None
[2026-06-12T11:14:12.724+0000] {processor.py:183} INFO - Processing /home/airflow/.local/lib/python3.8/site-packages/airflow/example_dags/example_sensors.py took 0.132 seconds
[2026-06-12T11:14:43.396+0000] {processor.py:161} INFO - Started process (PID=1605) to work on /home/airflow/.local/lib/python3.8/site-packages/airflow/example_dags/example_sensors.py
[2026-06-12T11:14:43.398+0000] {processor.py:830} INFO - Processing file /home/airflow/.local/lib/python3.8/site-packages/airflow/example_dags/example_sensors.py for tasks to queue
[2026-06-12T11:14:43.401+0000] {logging_mixin.py:188} INFO - [2026-06-12T11:14:43.401+0000] {dagbag.py:538} INFO - Filling up the DagBag from /home/airflow/.local/lib/python3.8/site-packages/airflow/example_dags/example_sensors.py
[2026-06-12T11:14:43.415+0000] {processor.py:840} INFO - DAG(s) 'example_sensors' retrieved from /home/airflow/.local/lib/python3.8/site-packages/airflow/example_dags/example_sensors.py
[2026-06-12T11:14:43.461+0000] {logging_mixin.py:188} INFO - [2026-06-12T11:14:43.460+0000] {dag.py:3036} INFO - Sync 1 DAGs
[2026-06-12T11:14:43.481+0000] {logging_mixin.py:188} INFO - [2026-06-12T11:14:43.481+0000] {dag.py:3823} INFO - Setting next_dagrun for example_sensors to None, run_after=None
[2026-06-12T11:14:43.515+0000] {processor.py:183} INFO - Processing /home/airflow/.local/lib/python3.8/site-packages/airflow/example_dags/example_sensors.py took 0.124 seconds
[2026-06-12T11:15:13.683+0000] {processor.py:161} INFO - Started process (PID=1671) to work on /home/airflow/.local/lib/python3.8/site-packages/airflow/example_dags/example_sensors.py
[2026-06-12T11:15:13.685+0000] {processor.py:830} INFO - Processing file /home/airflow/.local/lib/python3.8/site-packages/airflow/example_dags/example_sensors.py for tasks to queue
[2026-06-12T11:15:13.688+0000] {logging_mixin.py:188} INFO - [2026-06-12T11:15:13.687+0000] {dagbag.py:538} INFO - Filling up the DagBag from /home/airflow/.local/lib/python3.8/site-packages/airflow/example_dags/example_sensors.py
[2026-06-12T11:15:13.702+0000] {processor.py:840} INFO - DAG(s) 'example_sensors' retrieved from /home/airflow/.local/lib/python3.8/site-packages/airflow/example_dags/example_sensors.py
[2026-06-12T11:15:13.750+0000] {logging_mixin.py:188} INFO - [2026-06-12T11:15:13.750+0000] {dag.py:3036} INFO - Sync 1 DAGs
[2026-06-12T11:15:13.770+0000] {logging_mixin.py:188} INFO - [2026-06-12T11:15:13.770+0000] {dag.py:3823} INFO - Setting next_dagrun for example_sensors to None, run_after=None
[2026-06-12T11:15:13.801+0000] {processor.py:183} INFO - Processing /home/airflow/.local/lib/python3.8/site-packages/airflow/example_dags/example_sensors.py took 0.122 seconds
[2026-06-12T11:15:44.039+0000] {processor.py:161} INFO - Started process (PID=1744) to work on /home/airflow/.local/lib/python3.8/site-packages/airflow/example_dags/example_sensors.py
[2026-06-12T11:15:44.041+0000] {processor.py:830} INFO - Processing file /home/airflow/.local/lib/python3.8/site-packages/airflow/example_dags/example_sensors.py for tasks to queue
[2026-06-12T11:15:44.044+0000] {logging_mixin.py:188} INFO - [2026-06-12T11:15:44.044+0000] {dagbag.py:538} INFO - Filling up the DagBag from /home/airflow/.local/lib/python3.8/site-packages/airflow/example_dags/example_sensors.py
[2026-06-12T11:15:44.063+0000] {processor.py:840} INFO - DAG(s) 'example_sensors' retrieved from /home/airflow/.local/lib/python3.8/site-packages/airflow/example_dags/example_sensors.py
[2026-06-12T11:15:44.119+0000] {logging_mixin.py:188} INFO - [2026-06-12T11:15:44.119+0000] {dag.py:3036} INFO - Sync 1 DAGs
[2026-06-12T11:15:44.144+0000] {logging_mixin.py:188} INFO - [2026-06-12T11:15:44.144+0000] {dag.py:3823} INFO - Setting next_dagrun for example_sensors to None, run_after=None
[2026-06-12T11:15:44.181+0000] {processor.py:183} INFO - Processing /home/airflow/.local/lib/python3.8/site-packages/airflow/example_dags/example_sensors.py took 0.148 seconds
[2026-06-12T11:16:14.538+0000] {processor.py:161} INFO - Started process (PID=1810) to work on /home/airflow/.local/lib/python3.8/site-packages/airflow/example_dags/example_sensors.py
[2026-06-12T11:16:14.540+0000] {processor.py:830} INFO - Processing file /home/airflow/.local/lib/python3.8/site-packages/airflow/example_dags/example_sensors.py for tasks to queue
[2026-06-12T11:16:14.543+0000] {logging_mixin.py:188} INFO - [2026-06-12T11:16:14.542+0000] {dagbag.py:538} INFO - Filling up the DagBag from /home/airflow/.local/lib/python3.8/site-packages/airflow/example_dags/example_sensors.py
[2026-06-12T11:16:14.562+0000] {processor.py:840} INFO - DAG(s) 'example_sensors' retrieved from /home/airflow/.local/lib/python3.8/site-packages/airflow/example_dags/example_sensors.py
[2026-06-12T11:16:14.617+0000] {logging_mixin.py:188} INFO - [2026-06-12T11:16:14.617+0000] {dag.py:3036} INFO - Sync 1 DAGs
[2026-06-12T11:16:14.643+0000] {logging_mixin.py:188} INFO - [2026-06-12T11:16:14.642+0000] {dag.py:3823} INFO - Setting next_dagrun for example_sensors to None, run_after=None
[2026-06-12T11:16:14.682+0000] {processor.py:183} INFO - Processing /home/airflow/.local/lib/python3.8/site-packages/airflow/example_dags/example_sensors.py took 0.150 seconds
[2026-06-12T11:16:45.372+0000] {processor.py:161} INFO - Started process (PID=1876) to work on /home/airflow/.local/lib/python3.8/site-packages/airflow/example_dags/example_sensors.py
[2026-06-12T11:16:45.374+0000] {processor.py:830} INFO - Processing file /home/airflow/.local/lib/python3.8/site-packages/airflow/example_dags/example_sensors.py for tasks to queue
[2026-06-12T11:16:45.377+0000] {logging_mixin.py:188} INFO - [2026-06-12T11:16:45.376+0000] {dagbag.py:538} INFO - Filling up the DagBag from /home/airflow/.local/lib/python3.8/site-packages/airflow/example_dags/example_sensors.py
[2026-06-12T11:16:45.394+0000] {processor.py:840} INFO - DAG(s) 'example_sensors' retrieved from /home/airflow/.local/lib/python3.8/site-packages/airflow/example_dags/example_sensors.py
[2026-06-12T11:16:45.447+0000] {logging_mixin.py:188} INFO - [2026-06-12T11:16:45.446+0000] {dag.py:3036} INFO - Sync 1 DAGs
[2026-06-12T11:16:45.466+0000] {logging_mixin.py:188} INFO - [2026-06-12T11:16:45.465+0000] {dag.py:3823} INFO - Setting next_dagrun for example_sensors to None, run_after=None
[2026-06-12T11:16:45.495+0000] {processor.py:183} INFO - Processing /home/airflow/.local/lib/python3.8/site-packages/airflow/example_dags/example_sensors.py took 0.129 seconds
[2026-06-12T11:17:15.916+0000] {processor.py:161} INFO - Started process (PID=1941) to work on /home/airflow/.local/lib/python3.8/site-packages/airflow/example_dags/example_sensors.py
[2026-06-12T11:17:15.917+0000] {processor.py:830} INFO - Processing file /home/airflow/.local/lib/python3.8/site-packages/airflow/example_dags/example_sensors.py for tasks to queue
[2026-06-12T11:17:15.920+0000] {logging_mixin.py:188} INFO - [2026-06-12T11:17:15.919+0000] {dagbag.py:538} INFO - Filling up the DagBag from /home/airflow/.local/lib/python3.8/site-packages/airflow/example_dags/example_sensors.py
[2026-06-12T11:17:15.937+0000] {processor.py:840} INFO - DAG(s) 'example_sensors' retrieved from /home/airflow/.local/lib/python3.8/site-packages/airflow/example_dags/example_sensors.py
[2026-06-12T11:17:16.012+0000] {logging_mixin.py:188} INFO - [2026-06-12T11:17:16.011+0000] {dag.py:3036} INFO - Sync 1 DAGs
[2026-06-12T11:17:16.062+0000] {logging_mixin.py:188} INFO - [2026-06-12T11:17:16.062+0000] {dag.py:3823} INFO - Setting next_dagrun for example_sensors to None, run_after=None
[2026-06-12T11:17:16.102+0000] {processor.py:183} INFO - Processing /home/airflow/.local/lib/python3.8/site-packages/airflow/example_dags/example_sensors.py took 0.192 seconds
[2026-06-12T11:17:46.399+0000] {processor.py:161} INFO - Started process (PID=2008) to work on /home/airflow/.local/lib/python3.8/site-packages/airflow/example_dags/example_sensors.py
[2026-06-12T11:17:46.401+0000] {processor.py:830} INFO - Processing file /home/airflow/.local/lib/python3.8/site-packages/airflow/example_dags/example_sensors.py for tasks to queue
[2026-06-12T11:17:46.404+0000] {logging_mixin.py:188} INFO - [2026-06-12T11:17:46.403+0000] {dagbag.py:538} INFO - Filling up the DagBag from /home/airflow/.local/lib/python3.8/site-packages/airflow/example_dags/example_sensors.py
[2026-06-12T11:17:46.417+0000] {processor.py:840} INFO - DAG(s) 'example_sensors' retrieved from /home/airflow/.local/lib/python3.8/site-packages/airflow/example_dags/example_sensors.py
[2026-06-12T11:17:46.460+0000] {logging_mixin.py:188} INFO - [2026-06-12T11:17:46.460+0000] {dag.py:3036} INFO - Sync 1 DAGs
[2026-06-12T11:17:46.479+0000] {logging_mixin.py:188} INFO - [2026-06-12T11:17:46.479+0000] {dag.py:3823} INFO - Setting next_dagrun for example_sensors to None, run_after=None
[2026-06-12T11:17:46.506+0000] {processor.py:183} INFO - Processing /home/airflow/.local/lib/python3.8/site-packages/airflow/example_dags/example_sensors.py took 0.111 seconds
[2026-06-12T11:18:16.617+0000] {processor.py:161} INFO - Started process (PID=2074) to work on /home/airflow/.local/lib/python3.8/site-packages/airflow/example_dags/example_sensors.py
[2026-06-12T11:18:16.619+0000] {processor.py:830} INFO - Processing file /home/airflow/.local/lib/python3.8/site-packages/airflow/example_dags/example_sensors.py for tasks to queue
[2026-06-12T11:18:16.621+0000] {logging_mixin.py:188} INFO - [2026-06-12T11:18:16.621+0000] {dagbag.py:538} INFO - Filling up the DagBag from /home/airflow/.local/lib/python3.8/site-packages/airflow/example_dags/example_sensors.py
[2026-06-12T11:18:16.635+0000] {processor.py:840} INFO - DAG(s) 'example_sensors' retrieved from /home/airflow/.local/lib/python3.8/site-packages/airflow/example_dags/example_sensors.py
[2026-06-12T11:18:16.678+0000] {logging_mixin.py:188} INFO - [2026-06-12T11:18:16.678+0000] {dag.py:3036} INFO - Sync 1 DAGs
[2026-06-12T11:18:16.701+0000] {logging_mixin.py:188} INFO - [2026-06-12T11:18:16.701+0000] {dag.py:3823} INFO - Setting next_dagrun for example_sensors to None, run_after=None
[2026-06-12T11:18:16.732+0000] {processor.py:183} INFO - Processing /home/airflow/.local/lib/python3.8/site-packages/airflow/example_dags/example_sensors.py took 0.120 seconds
[2026-06-12T11:18:46.826+0000] {processor.py:161} INFO - Started process (PID=2139) to work on /home/airflow/.local/lib/python3.8/site-packages/airflow/example_dags/example_sensors.py
[2026-06-12T11:18:46.828+0000] {processor.py:830} INFO - Processing file /home/airflow/.local/lib/python3.8/site-packages/airflow/example_dags/example_sensors.py for tasks to queue
[2026-06-12T11:18:46.830+0000] {logging_mixin.py:188} INFO - [2026-06-12T11:18:46.830+0000] {dagbag.py:538} INFO - Filling up the DagBag from /home/airflow/.local/lib/python3.8/site-packages/airflow/example_dags/example_sensors.py
[2026-06-12T11:18:46.844+0000] {processor.py:840} INFO - DAG(s) 'example_sensors' retrieved from /home/airflow/.local/lib/python3.8/site-packages/airflow/example_dags/example_sensors.py
[2026-06-12T11:18:46.895+0000] {logging_mixin.py:188} INFO - [2026-06-12T11:18:46.895+0000] {dag.py:3036} INFO - Sync 1 DAGs
[2026-06-12T11:18:46.917+0000] {logging_mixin.py:188} INFO - [2026-06-12T11:18:46.917+0000] {dag.py:3823} INFO - Setting next_dagrun for example_sensors to None, run_after=None
[2026-06-12T11:18:46.947+0000] {processor.py:183} INFO - Processing /home/airflow/.local/lib/python3.8/site-packages/airflow/example_dags/example_sensors.py took 0.126 seconds
[2026-06-12T11:19:17.052+0000] {processor.py:161} INFO - Started process (PID=2205) to work on /home/airflow/.local/lib/python3.8/site-packages/airflow/example_dags/example_sensors.py
[2026-06-12T11:19:17.053+0000] {processor.py:830} INFO - Processing file /home/airflow/.local/lib/python3.8/site-packages/airflow/example_dags/example_sensors.py for tasks to queue
[2026-06-12T11:19:17.056+0000] {logging_mixin.py:188} INFO - [2026-06-12T11:19:17.056+0000] {dagbag.py:538} INFO - Filling up the DagBag from /home/airflow/.local/lib/python3.8/site-packages/airflow/example_dags/example_sensors.py
[2026-06-12T11:19:17.074+0000] {processor.py:840} INFO - DAG(s) 'example_sensors' retrieved from /home/airflow/.local/lib/python3.8/site-packages/airflow/example_dags/example_sensors.py
[2026-06-12T11:19:17.129+0000] {logging_mixin.py:188} INFO - [2026-06-12T11:19:17.128+0000] {dag.py:3036} INFO - Sync 1 DAGs
[2026-06-12T11:19:17.153+0000] {logging_mixin.py:188} INFO - [2026-06-12T11:19:17.152+0000] {dag.py:3823} INFO - Setting next_dagrun for example_sensors to None, run_after=None
[2026-06-12T11:19:17.187+0000] {processor.py:183} INFO - Processing /home/airflow/.local/lib/python3.8/site-packages/airflow/example_dags/example_sensors.py took 0.141 seconds
[2026-06-12T11:19:47.291+0000] {processor.py:161} INFO - Started process (PID=2271) to work on /home/airflow/.local/lib/python3.8/site-packages/airflow/example_dags/example_sensors.py
[2026-06-12T11:19:47.293+0000] {processor.py:830} INFO - Processing file /home/airflow/.local/lib/python3.8/site-packages/airflow/example_dags/example_sensors.py for tasks to queue
[2026-06-12T11:19:47.295+0000] {logging_mixin.py:188} INFO - [2026-06-12T11:19:47.295+0000] {dagbag.py:538} INFO - Filling up the DagBag from /home/airflow/.local/lib/python3.8/site-packages/airflow/example_dags/example_sensors.py
[2026-06-12T11:19:47.309+0000] {processor.py:840} INFO - DAG(s) 'example_sensors' retrieved from /home/airflow/.local/lib/python3.8/site-packages/airflow/example_dags/example_sensors.py
[2026-06-12T11:19:47.361+0000] {logging_mixin.py:188} INFO - [2026-06-12T11:19:47.361+0000] {dag.py:3036} INFO - Sync 1 DAGs
[2026-06-12T11:19:47.387+0000] {logging_mixin.py:188} INFO - [2026-06-12T11:19:47.387+0000] {dag.py:3823} INFO - Setting next_dagrun for example_sensors to None, run_after=None
[2026-06-12T11:19:47.420+0000] {processor.py:183} INFO - Processing /home/airflow/.local/lib/python3.8/site-packages/airflow/example_dags/example_sensors.py took 0.133 seconds
[2026-06-12T11:20:17.572+0000] {processor.py:161} INFO - Started process (PID=2337) to work on /home/airflow/.local/lib/python3.8/site-packages/airflow/example_dags/example_sensors.py
[2026-06-12T11:20:17.573+0000] {processor.py:830} INFO - Processing file /home/airflow/.local/lib/python3.8/site-packages/airflow/example_dags/example_sensors.py for tasks to queue
[2026-06-12T11:20:17.576+0000] {logging_mixin.py:188} INFO - [2026-06-12T11:20:17.575+0000] {dagbag.py:538} INFO - Filling up the DagBag from /home/airflow/.local/lib/python3.8/site-packages/airflow/example_dags/example_sensors.py
[2026-06-12T11:20:17.592+0000] {processor.py:840} INFO - DAG(s) 'example_sensors' retrieved from /home/airflow/.local/lib/python3.8/site-packages/airflow/example_dags/example_sensors.py
[2026-06-12T11:20:17.644+0000] {logging_mixin.py:188} INFO - [2026-06-12T11:20:17.643+0000] {dag.py:3036} INFO - Sync 1 DAGs
[2026-06-12T11:20:17.665+0000] {logging_mixin.py:188} INFO - [2026-06-12T11:20:17.664+0000] {dag.py:3823} INFO - Setting next_dagrun for example_sensors to None, run_after=None
[2026-06-12T11:20:17.698+0000] {processor.py:183} INFO - Processing /home/airflow/.local/lib/python3.8/site-packages/airflow/example_dags/example_sensors.py took 0.132 seconds
[2026-06-12T11:20:48.170+0000] {processor.py:161} INFO - Started process (PID=2411) to work on /home/airflow/.local/lib/python3.8/site-packages/airflow/example_dags/example_sensors.py
[2026-06-12T11:20:48.172+0000] {processor.py:830} INFO - Processing file /home/airflow/.local/lib/python3.8/site-packages/airflow/example_dags/example_sensors.py for tasks to queue
[2026-06-12T11:20:48.175+0000] {logging_mixin.py:188} INFO - [2026-06-12T11:20:48.174+0000] {dagbag.py:538} INFO - Filling up the DagBag from /home/airflow/.local/lib/python3.8/site-packages/airflow/example_dags/example_sensors.py
[2026-06-12T11:20:48.190+0000] {processor.py:840} INFO - DAG(s) 'example_sensors' retrieved from /home/airflow/.local/lib/python3.8/site-packages/airflow/example_dags/example_sensors.py
[2026-06-12T11:20:48.239+0000] {logging_mixin.py:188} INFO - [2026-06-12T11:20:48.239+0000] {dag.py:3036} INFO - Sync 1 DAGs
[2026-06-12T11:20:48.258+0000] {logging_mixin.py:188} INFO - [2026-06-12T11:20:48.258+0000] {dag.py:3823} INFO - Setting next_dagrun for example_sensors to None, run_after=None
[2026-06-12T11:20:48.292+0000] {processor.py:183} INFO - Processing /home/airflow/.local/lib/python3.8/site-packages/airflow/example_dags/example_sensors.py took 0.127 seconds
[2026-06-12T11:21:18.903+0000] {processor.py:161} INFO - Started process (PID=2477) to work on /home/airflow/.local/lib/python3.8/site-packages/airflow/example_dags/example_sensors.py
[2026-06-12T11:21:18.904+0000] {processor.py:830} INFO - Processing file /home/airflow/.local/lib/python3.8/site-packages/airflow/example_dags/example_sensors.py for tasks to queue
[2026-06-12T11:21:18.907+0000] {logging_mixin.py:188} INFO - [2026-06-12T11:21:18.906+0000] {dagbag.py:538} INFO - Filling up the DagBag from /home/airflow/.local/lib/python3.8/site-packages/airflow/example_dags/example_sensors.py
[2026-06-12T11:21:18.921+0000] {processor.py:840} INFO - DAG(s) 'example_sensors' retrieved from /home/airflow/.local/lib/python3.8/site-packages/airflow/example_dags/example_sensors.py
[2026-06-12T11:21:18.977+0000] {logging_mixin.py:188} INFO - [2026-06-12T11:21:18.977+0000] {dag.py:3036} INFO - Sync 1 DAGs
[2026-06-12T11:21:19.002+0000] {logging_mixin.py:188} INFO - [2026-06-12T11:21:19.001+0000] {dag.py:3823} INFO - Setting next_dagrun for example_sensors to None, run_after=None
[2026-06-12T11:21:19.034+0000] {processor.py:183} INFO - Processing /home/airflow/.local/lib/python3.8/site-packages/airflow/example_dags/example_sensors.py took 0.136 seconds
[2026-06-12T11:21:49.389+0000] {processor.py:161} INFO - Started process (PID=2543) to work on /home/airflow/.local/lib/python3.8/site-packages/airflow/example_dags/example_sensors.py
[2026-06-12T11:21:49.391+0000] {processor.py:830} INFO - Processing file /home/airflow/.local/lib/python3.8/site-packages/airflow/example_dags/example_sensors.py for tasks to queue
[2026-06-12T11:21:49.393+0000] {logging_mixin.py:188} INFO - [2026-06-12T11:21:49.393+0000] {dagbag.py:538} INFO - Filling up the DagBag from /home/airflow/.local/lib/python3.8/site-packages/airflow/example_dags/example_sensors.py
[2026-06-12T11:21:49.407+0000] {processor.py:840} INFO - DAG(s) 'example_sensors' retrieved from /home/airflow/.local/lib/python3.8/site-packages/airflow/example_dags/example_sensors.py
[2026-06-12T11:21:49.449+0000] {logging_mixin.py:188} INFO - [2026-06-12T11:21:49.449+0000] {dag.py:3036} INFO - Sync 1 DAGs
[2026-06-12T11:21:49.469+0000] {logging_mixin.py:188} INFO - [2026-06-12T11:21:49.469+0000] {dag.py:3823} INFO - Setting next_dagrun for example_sensors to None, run_after=None
[2026-06-12T11:21:49.497+0000] {processor.py:183} INFO - Processing /home/airflow/.local/lib/python3.8/site-packages/airflow/example_dags/example_sensors.py took 0.113 seconds
[2026-06-12T11:22:20.270+0000] {processor.py:161} INFO - Started process (PID=2609) to work on /home/airflow/.local/lib/python3.8/site-packages/airflow/example_dags/example_sensors.py
[2026-06-12T11:22:20.271+0000] {processor.py:830} INFO - Processing file /home/airflow/.local/lib/python3.8/site-packages/airflow/example_dags/example_sensors.py for tasks to queue
[2026-06-12T11:22:20.274+0000] {logging_mixin.py:188} INFO - [2026-06-12T11:22:20.274+0000] {dagbag.py:538} INFO - Filling up the DagBag from /home/airflow/.local/lib/python3.8/site-packages/airflow/example_dags/example_sensors.py
[2026-06-12T11:22:20.293+0000] {processor.py:840} INFO - DAG(s) 'example_sensors' retrieved from /home/airflow/.local/lib/python3.8/site-packages/airflow/example_dags/example_sensors.py
[2026-06-12T11:22:20.339+0000] {logging_mixin.py:188} INFO - [2026-06-12T11:22:20.339+0000] {dag.py:3036} INFO - Sync 1 DAGs
[2026-06-12T11:22:20.364+0000] {logging_mixin.py:188} INFO - [2026-06-12T11:22:20.364+0000] {dag.py:3823} INFO - Setting next_dagrun for example_sensors to None, run_after=None
[2026-06-12T11:22:20.401+0000] {processor.py:183} INFO - Processing /home/airflow/.local/lib/python3.8/site-packages/airflow/example_dags/example_sensors.py took 0.137 seconds
[2026-06-12T11:22:50.895+0000] {processor.py:161} INFO - Started process (PID=2675) to work on /home/airflow/.local/lib/python3.8/site-packages/airflow/example_dags/example_sensors.py
[2026-06-12T11:22:50.897+0000] {processor.py:830} INFO - Processing file /home/airflow/.local/lib/python3.8/site-packages/airflow/example_dags/example_sensors.py for tasks to queue
[2026-06-12T11:22:50.901+0000] {logging_mixin.py:188} INFO - [2026-06-12T11:22:50.900+0000] {dagbag.py:538} INFO - Filling up the DagBag from /home/airflow/.local/lib/python3.8/site-packages/airflow/example_dags/example_sensors.py
[2026-06-12T11:22:50.921+0000] {processor.py:840} INFO - DAG(s) 'example_sensors' retrieved from /home/airflow/.local/lib/python3.8/site-packages/airflow/example_dags/example_sensors.py
[2026-06-12T11:22:50.968+0000] {logging_mixin.py:188} INFO - [2026-06-12T11:22:50.967+0000] {dag.py:3036} INFO - Sync 1 DAGs
[2026-06-12T11:22:50.989+0000] {logging_mixin.py:188} INFO - [2026-06-12T11:22:50.989+0000] {dag.py:3823} INFO - Setting next_dagrun for example_sensors to None, run_after=None
[2026-06-12T11:22:51.022+0000] {processor.py:183} INFO - Processing /home/airflow/.local/lib/python3.8/site-packages/airflow/example_dags/example_sensors.py took 0.132 seconds
[2026-06-12T11:23:21.955+0000] {processor.py:161} INFO - Started process (PID=2741) to work on /home/airflow/.local/lib/python3.8/site-packages/airflow/example_dags/example_sensors.py
[2026-06-12T11:23:21.957+0000] {processor.py:830} INFO - Processing file /home/airflow/.local/lib/python3.8/site-packages/airflow/example_dags/example_sensors.py for tasks to queue
[2026-06-12T11:23:21.960+0000] {logging_mixin.py:188} INFO - [2026-06-12T11:23:21.960+0000] {dagbag.py:538} INFO - Filling up the DagBag from /home/airflow/.local/lib/python3.8/site-packages/airflow/example_dags/example_sensors.py
[2026-06-12T11:23:21.978+0000] {processor.py:840} INFO - DAG(s) 'example_sensors' retrieved from /home/airflow/.local/lib/python3.8/site-packages/airflow/example_dags/example_sensors.py
[2026-06-12T11:23:22.026+0000] {logging_mixin.py:188} INFO - [2026-06-12T11:23:22.026+0000] {dag.py:3036} INFO - Sync 1 DAGs
[2026-06-12T11:23:22.047+0000] {logging_mixin.py:188} INFO - [2026-06-12T11:23:22.047+0000] {dag.py:3823} INFO - Setting next_dagrun for example_sensors to None, run_after=None
[2026-06-12T11:23:22.082+0000] {processor.py:183} INFO - Processing /home/airflow/.local/lib/python3.8/site-packages/airflow/example_dags/example_sensors.py took 0.133 seconds
[2026-06-12T11:23:52.210+0000] {processor.py:161} INFO - Started process (PID=2806) to work on /home/airflow/.local/lib/python3.8/site-packages/airflow/example_dags/example_sensors.py
[2026-06-12T11:23:52.211+0000] {processor.py:830} INFO - Processing file /home/airflow/.local/lib/python3.8/site-packages/airflow/example_dags/example_sensors.py for tasks to queue
[2026-06-12T11:23:52.213+0000] {logging_mixin.py:188} INFO - [2026-06-12T11:23:52.213+0000] {dagbag.py:538} INFO - Filling up the DagBag from /home/airflow/.local/lib/python3.8/site-packages/airflow/example_dags/example_sensors.py
[2026-06-12T11:23:52.227+0000] {processor.py:840} INFO - DAG(s) 'example_sensors' retrieved from /home/airflow/.local/lib/python3.8/site-packages/airflow/example_dags/example_sensors.py
[2026-06-12T11:23:52.274+0000] {logging_mixin.py:188} INFO - [2026-06-12T11:23:52.273+0000] {dag.py:3036} INFO - Sync 1 DAGs
[2026-06-12T11:23:52.294+0000] {logging_mixin.py:188} INFO - [2026-06-12T11:23:52.294+0000] {dag.py:3823} INFO - Setting next_dagrun for example_sensors to None, run_after=None
[2026-06-12T11:23:52.325+0000] {processor.py:183} INFO - Processing /home/airflow/.local/lib/python3.8/site-packages/airflow/example_dags/example_sensors.py took 0.121 seconds
[2026-06-12T11:24:22.386+0000] {processor.py:161} INFO - Started process (PID=2870) to work on /home/airflow/.local/lib/python3.8/site-packages/airflow/example_dags/example_sensors.py
[2026-06-12T11:24:22.388+0000] {processor.py:830} INFO - Processing file /home/airflow/.local/lib/python3.8/site-packages/airflow/example_dags/example_sensors.py for tasks to queue
[2026-06-12T11:24:22.391+0000] {logging_mixin.py:188} INFO - [2026-06-12T11:24:22.390+0000] {dagbag.py:538} INFO - Filling up the DagBag from /home/airflow/.local/lib/python3.8/site-packages/airflow/example_dags/example_sensors.py
[2026-06-12T11:24:22.407+0000] {processor.py:840} INFO - DAG(s) 'example_sensors' retrieved from /home/airflow/.local/lib/python3.8/site-packages/airflow/example_dags/example_sensors.py
[2026-06-12T11:24:22.458+0000] {logging_mixin.py:188} INFO - [2026-06-12T11:24:22.458+0000] {dag.py:3036} INFO - Sync 1 DAGs
[2026-06-12T11:24:22.478+0000] {logging_mixin.py:188} INFO - [2026-06-12T11:24:22.477+0000] {dag.py:3823} INFO - Setting next_dagrun for example_sensors to None, run_after=None
[2026-06-12T11:24:22.504+0000] {processor.py:183} INFO - Processing /home/airflow/.local/lib/python3.8/site-packages/airflow/example_dags/example_sensors.py took 0.125 seconds
[2026-06-12T11:24:53.491+0000] {processor.py:161} INFO - Started process (PID=2944) to work on /home/airflow/.local/lib/python3.8/site-packages/airflow/example_dags/example_sensors.py
[2026-06-12T11:24:53.493+0000] {processor.py:830} INFO - Processing file /home/airflow/.local/lib/python3.8/site-packages/airflow/example_dags/example_sensors.py for tasks to queue
[2026-06-12T11:24:53.495+0000] {logging_mixin.py:188} INFO - [2026-06-12T11:24:53.495+0000] {dagbag.py:538} INFO - Filling up the DagBag from /home/airflow/.local/lib/python3.8/site-packages/airflow/example_dags/example_sensors.py
[2026-06-12T11:24:53.510+0000] {processor.py:840} INFO - DAG(s) 'example_sensors' retrieved from /home/airflow/.local/lib/python3.8/site-packages/airflow/example_dags/example_sensors.py
[2026-06-12T11:24:53.561+0000] {logging_mixin.py:188} INFO - [2026-06-12T11:24:53.561+0000] {dag.py:3036} INFO - Sync 1 DAGs
[2026-06-12T11:24:53.586+0000] {logging_mixin.py:188} INFO - [2026-06-12T11:24:53.585+0000] {dag.py:3823} INFO - Setting next_dagrun for example_sensors to None, run_after=None
[2026-06-12T11:24:53.619+0000] {processor.py:183} INFO - Processing /home/airflow/.local/lib/python3.8/site-packages/airflow/example_dags/example_sensors.py took 0.133 seconds
[2026-06-12T11:25:25.021+0000] {processor.py:161} INFO - Started process (PID=3011) to work on /home/airflow/.local/lib/python3.8/site-packages/airflow/example_dags/example_sensors.py
[2026-06-12T11:25:25.023+0000] {processor.py:830} INFO - Processing file /home/airflow/.local/lib/python3.8/site-packages/airflow/example_dags/example_sensors.py for tasks to queue
[2026-06-12T11:25:25.026+0000] {logging_mixin.py:188} INFO - [2026-06-12T11:25:25.025+0000] {dagbag.py:538} INFO - Filling up the DagBag from /home/airflow/.local/lib/python3.8/site-packages/airflow/example_dags/example_sensors.py
[2026-06-12T11:25:25.043+0000] {processor.py:840} INFO - DAG(s) 'example_sensors' retrieved from /home/airflow/.local/lib/python3.8/site-packages/airflow/example_dags/example_sensors.py
[2026-06-12T11:25:25.095+0000] {logging_mixin.py:188} INFO - [2026-06-12T11:25:25.094+0000] {dag.py:3036} INFO - Sync 1 DAGs
[2026-06-12T11:25:25.315+0000] {logging_mixin.py:188} INFO - [2026-06-12T11:25:25.314+0000] {dag.py:3823} INFO - Setting next_dagrun for example_sensors to None, run_after=None
[2026-06-12T11:25:25.346+0000] {processor.py:183} INFO - Processing /home/airflow/.local/lib/python3.8/site-packages/airflow/example_dags/example_sensors.py took 0.330 seconds
[2026-06-12T11:25:56.116+0000] {processor.py:161} INFO - Started process (PID=3076) to work on /home/airflow/.local/lib/python3.8/site-packages/airflow/example_dags/example_sensors.py
[2026-06-12T11:25:56.118+0000] {processor.py:830} INFO - Processing file /home/airflow/.local/lib/python3.8/site-packages/airflow/example_dags/example_sensors.py for tasks to queue
[2026-06-12T11:25:56.122+0000] {logging_mixin.py:188} INFO - [2026-06-12T11:25:56.121+0000] {dagbag.py:538} INFO - Filling up the DagBag from /home/airflow/.local/lib/python3.8/site-packages/airflow/example_dags/example_sensors.py
[2026-06-12T11:25:56.149+0000] {processor.py:840} INFO - DAG(s) 'example_sensors' retrieved from /home/airflow/.local/lib/python3.8/site-packages/airflow/example_dags/example_sensors.py
[2026-06-12T11:25:56.226+0000] {logging_mixin.py:188} INFO - [2026-06-12T11:25:56.226+0000] {dag.py:3036} INFO - Sync 1 DAGs
[2026-06-12T11:25:56.252+0000] {logging_mixin.py:188} INFO - [2026-06-12T11:25:56.251+0000] {dag.py:3823} INFO - Setting next_dagrun for example_sensors to None, run_after=None
[2026-06-12T11:25:56.286+0000] {processor.py:183} INFO - Processing /home/airflow/.local/lib/python3.8/site-packages/airflow/example_dags/example_sensors.py took 0.176 seconds
[2026-06-12T11:26:26.825+0000] {processor.py:161} INFO - Started process (PID=3143) to work on /home/airflow/.local/lib/python3.8/site-packages/airflow/example_dags/example_sensors.py
[2026-06-12T11:26:26.826+0000] {processor.py:830} INFO - Processing file /home/airflow/.local/lib/python3.8/site-packages/airflow/example_dags/example_sensors.py for tasks to queue
[2026-06-12T11:26:26.828+0000] {logging_mixin.py:188} INFO - [2026-06-12T11:26:26.828+0000] {dagbag.py:538} INFO - Filling up the DagBag from /home/airflow/.local/lib/python3.8/site-packages/airflow/example_dags/example_sensors.py
[2026-06-12T11:26:26.842+0000] {processor.py:840} INFO - DAG(s) 'example_sensors' retrieved from /home/airflow/.local/lib/python3.8/site-packages/airflow/example_dags/example_sensors.py
[2026-06-12T11:26:26.885+0000] {logging_mixin.py:188} INFO - [2026-06-12T11:26:26.885+0000] {dag.py:3036} INFO - Sync 1 DAGs
[2026-06-12T11:26:26.904+0000] {logging_mixin.py:188} INFO - [2026-06-12T11:26:26.904+0000] {dag.py:3823} INFO - Setting next_dagrun for example_sensors to None, run_after=None
[2026-06-12T11:26:26.932+0000] {processor.py:183} INFO - Processing /home/airflow/.local/lib/python3.8/site-packages/airflow/example_dags/example_sensors.py took 0.112 seconds
[2026-06-12T11:26:57.734+0000] {processor.py:161} INFO - Started process (PID=3210) to work on /home/airflow/.local/lib/python3.8/site-packages/airflow/example_dags/example_sensors.py
[2026-06-12T11:26:57.736+0000] {processor.py:830} INFO - Processing file /home/airflow/.local/lib/python3.8/site-packages/airflow/example_dags/example_sensors.py for tasks to queue
[2026-06-12T11:26:57.738+0000] {logging_mixin.py:188} INFO - [2026-06-12T11:26:57.738+0000] {dagbag.py:538} INFO - Filling up the DagBag from /home/airflow/.local/lib/python3.8/site-packages/airflow/example_dags/example_sensors.py
[2026-06-12T11:26:57.936+0000] {processor.py:840} INFO - DAG(s) 'example_sensors' retrieved from /home/airflow/.local/lib/python3.8/site-packages/airflow/example_dags/example_sensors.py
[2026-06-12T11:26:57.978+0000] {logging_mixin.py:188} INFO - [2026-06-12T11:26:57.978+0000] {dag.py:3036} INFO - Sync 1 DAGs
[2026-06-12T11:26:57.995+0000] {logging_mixin.py:188} INFO - [2026-06-12T11:26:57.995+0000] {dag.py:3823} INFO - Setting next_dagrun for example_sensors to None, run_after=None
[2026-06-12T11:26:58.020+0000] {processor.py:183} INFO - Processing /home/airflow/.local/lib/python3.8/site-packages/airflow/example_dags/example_sensors.py took 0.291 seconds
[2026-06-12T11:27:28.073+0000] {processor.py:161} INFO - Started process (PID=3276) to work on /home/airflow/.local/lib/python3.8/site-packages/airflow/example_dags/example_sensors.py
[2026-06-12T11:27:28.074+0000] {processor.py:830} INFO - Processing file /home/airflow/.local/lib/python3.8/site-packages/airflow/example_dags/example_sensors.py for tasks to queue
[2026-06-12T11:27:28.076+0000] {logging_mixin.py:188} INFO - [2026-06-12T11:27:28.076+0000] {dagbag.py:538} INFO - Filling up the DagBag from /home/airflow/.local/lib/python3.8/site-packages/airflow/example_dags/example_sensors.py
[2026-06-12T11:27:28.090+0000] {processor.py:840} INFO - DAG(s) 'example_sensors' retrieved from /home/airflow/.local/lib/python3.8/site-packages/airflow/example_dags/example_sensors.py
[2026-06-12T11:27:28.131+0000] {logging_mixin.py:188} INFO - [2026-06-12T11:27:28.131+0000] {dag.py:3036} INFO - Sync 1 DAGs
[2026-06-12T11:27:28.159+0000] {logging_mixin.py:188} INFO - [2026-06-12T11:27:28.159+0000] {dag.py:3823} INFO - Setting next_dagrun for example_sensors to None, run_after=None
[2026-06-12T11:27:28.196+0000] {processor.py:183} INFO - Processing /home/airflow/.local/lib/python3.8/site-packages/airflow/example_dags/example_sensors.py took 0.128 seconds
[2026-06-12T11:27:58.475+0000] {processor.py:161} INFO - Started process (PID=3341) to work on /home/airflow/.local/lib/python3.8/site-packages/airflow/example_dags/example_sensors.py
[2026-06-12T11:27:58.477+0000] {processor.py:830} INFO - Processing file /home/airflow/.local/lib/python3.8/site-packages/airflow/example_dags/example_sensors.py for tasks to queue
[2026-06-12T11:27:58.480+0000] {logging_mixin.py:188} INFO - [2026-06-12T11:27:58.479+0000] {dagbag.py:538} INFO - Filling up the DagBag from /home/airflow/.local/lib/python3.8/site-packages/airflow/example_dags/example_sensors.py
[2026-06-12T11:27:58.495+0000] {processor.py:840} INFO - DAG(s) 'example_sensors' retrieved from /home/airflow/.local/lib/python3.8/site-packages/airflow/example_dags/example_sensors.py
[2026-06-12T11:27:58.537+0000] {logging_mixin.py:188} INFO - [2026-06-12T11:27:58.537+0000] {dag.py:3036} INFO - Sync 1 DAGs
[2026-06-12T11:27:58.556+0000] {logging_mixin.py:188} INFO - [2026-06-12T11:27:58.555+0000] {dag.py:3823} INFO - Setting next_dagrun for example_sensors to None, run_after=None
[2026-06-12T11:27:58.582+0000] {processor.py:183} INFO - Processing /home/airflow/.local/lib/python3.8/site-packages/airflow/example_dags/example_sensors.py took 0.112 seconds
[2026-06-12T11:28:28.696+0000] {processor.py:161} INFO - Started process (PID=3407) to work on /home/airflow/.local/lib/python3.8/site-packages/airflow/example_dags/example_sensors.py
[2026-06-12T11:28:28.697+0000] {processor.py:830} INFO - Processing file /home/airflow/.local/lib/python3.8/site-packages/airflow/example_dags/example_sensors.py for tasks to queue
[2026-06-12T11:28:28.700+0000] {logging_mixin.py:188} INFO - [2026-06-12T11:28:28.700+0000] {dagbag.py:538} INFO - Filling up the DagBag from /home/airflow/.local/lib/python3.8/site-packages/airflow/example_dags/example_sensors.py
[2026-06-12T11:28:28.748+0000] {processor.py:840} INFO - DAG(s) 'example_sensors' retrieved from /home/airflow/.local/lib/python3.8/site-packages/airflow/example_dags/example_sensors.py
[2026-06-12T11:28:28.808+0000] {logging_mixin.py:188} INFO - [2026-06-12T11:28:28.808+0000] {dag.py:3036} INFO - Sync 1 DAGs
[2026-06-12T11:28:28.841+0000] {logging_mixin.py:188} INFO - [2026-06-12T11:28:28.840+0000] {dag.py:3823} INFO - Setting next_dagrun for example_sensors to None, run_after=None
[2026-06-12T11:28:28.874+0000] {processor.py:183} INFO - Processing /home/airflow/.local/lib/python3.8/site-packages/airflow/example_dags/example_sensors.py took 0.194 seconds
[2026-06-12T11:28:59.255+0000] {processor.py:161} INFO - Started process (PID=3472) to work on /home/airflow/.local/lib/python3.8/site-packages/airflow/example_dags/example_sensors.py
[2026-06-12T11:28:59.257+0000] {processor.py:830} INFO - Processing file /home/airflow/.local/lib/python3.8/site-packages/airflow/example_dags/example_sensors.py for tasks to queue
[2026-06-12T11:28:59.260+0000] {logging_mixin.py:188} INFO - [2026-06-12T11:28:59.260+0000] {dagbag.py:538} INFO - Filling up the DagBag from /home/airflow/.local/lib/python3.8/site-packages/airflow/example_dags/example_sensors.py
[2026-06-12T11:28:59.279+0000] {processor.py:840} INFO - DAG(s) 'example_sensors' retrieved from /home/airflow/.local/lib/python3.8/site-packages/airflow/example_dags/example_sensors.py
[2026-06-12T11:28:59.333+0000] {logging_mixin.py:188} INFO - [2026-06-12T11:28:59.333+0000] {dag.py:3036} INFO - Sync 1 DAGs
[2026-06-12T11:28:59.359+0000] {logging_mixin.py:188} INFO - [2026-06-12T11:28:59.359+0000] {dag.py:3823} INFO - Setting next_dagrun for example_sensors to None, run_after=None
[2026-06-12T11:28:59.392+0000] {processor.py:183} INFO - Processing /home/airflow/.local/lib/python3.8/site-packages/airflow/example_dags/example_sensors.py took 0.143 seconds
[2026-06-12T11:29:30.280+0000] {processor.py:161} INFO - Started process (PID=3545) to work on /home/airflow/.local/lib/python3.8/site-packages/airflow/example_dags/example_sensors.py
[2026-06-12T11:29:30.282+0000] {processor.py:830} INFO - Processing file /home/airflow/.local/lib/python3.8/site-packages/airflow/example_dags/example_sensors.py for tasks to queue
[2026-06-12T11:29:30.285+0000] {logging_mixin.py:188} INFO - [2026-06-12T11:29:30.285+0000] {dagbag.py:538} INFO - Filling up the DagBag from /home/airflow/.local/lib/python3.8/site-packages/airflow/example_dags/example_sensors.py
[2026-06-12T11:29:30.303+0000] {processor.py:840} INFO - DAG(s) 'example_sensors' retrieved from /home/airflow/.local/lib/python3.8/site-packages/airflow/example_dags/example_sensors.py
[2026-06-12T11:29:30.374+0000] {logging_mixin.py:188} INFO - [2026-06-12T11:29:30.374+0000] {dag.py:3036} INFO - Sync 1 DAGs
[2026-06-12T11:29:30.399+0000] {logging_mixin.py:188} INFO - [2026-06-12T11:29:30.399+0000] {dag.py:3823} INFO - Setting next_dagrun for example_sensors to None, run_after=None
[2026-06-12T11:29:30.434+0000] {processor.py:183} INFO - Processing /home/airflow/.local/lib/python3.8/site-packages/airflow/example_dags/example_sensors.py took 0.159 seconds
[2026-06-12T11:30:00.562+0000] {processor.py:161} INFO - Started process (PID=3610) to work on /home/airflow/.local/lib/python3.8/site-packages/airflow/example_dags/example_sensors.py
[2026-06-12T11:30:00.563+0000] {processor.py:830} INFO - Processing file /home/airflow/.local/lib/python3.8/site-packages/airflow/example_dags/example_sensors.py for tasks to queue
[2026-06-12T11:30:00.566+0000] {logging_mixin.py:188} INFO - [2026-06-12T11:30:00.565+0000] {dagbag.py:538} INFO - Filling up the DagBag from /home/airflow/.local/lib/python3.8/site-packages/airflow/example_dags/example_sensors.py
[2026-06-12T11:30:00.582+0000] {processor.py:840} INFO - DAG(s) 'example_sensors' retrieved from /home/airflow/.local/lib/python3.8/site-packages/airflow/example_dags/example_sensors.py
[2026-06-12T11:30:00.632+0000] {logging_mixin.py:188} INFO - [2026-06-12T11:30:00.632+0000] {dag.py:3036} INFO - Sync 1 DAGs
[2026-06-12T11:30:00.652+0000] {logging_mixin.py:188} INFO - [2026-06-12T11:30:00.652+0000] {dag.py:3823} INFO - Setting next_dagrun for example_sensors to None, run_after=None
[2026-06-12T11:30:00.689+0000] {processor.py:183} INFO - Processing /home/airflow/.local/lib/python3.8/site-packages/airflow/example_dags/example_sensors.py took 0.132 seconds
[2026-06-12T11:30:30.787+0000] {processor.py:161} INFO - Started process (PID=3676) to work on /home/airflow/.local/lib/python3.8/site-packages/airflow/example_dags/example_sensors.py
[2026-06-12T11:30:30.789+0000] {processor.py:830} INFO - Processing file /home/airflow/.local/lib/python3.8/site-packages/airflow/example_dags/example_sensors.py for tasks to queue
[2026-06-12T11:30:30.792+0000] {logging_mixin.py:188} INFO - [2026-06-12T11:30:30.792+0000] {dagbag.py:538} INFO - Filling up the DagBag from /home/airflow/.local/lib/python3.8/site-packages/airflow/example_dags/example_sensors.py
[2026-06-12T11:30:30.807+0000] {processor.py:840} INFO - DAG(s) 'example_sensors' retrieved from /home/airflow/.local/lib/python3.8/site-packages/airflow/example_dags/example_sensors.py
[2026-06-12T11:30:30.852+0000] {logging_mixin.py:188} INFO - [2026-06-12T11:30:30.852+0000] {dag.py:3036} INFO - Sync 1 DAGs
[2026-06-12T11:30:30.872+0000] {logging_mixin.py:188} INFO - [2026-06-12T11:30:30.871+0000] {dag.py:3823} INFO - Setting next_dagrun for example_sensors to None, run_after=None
[2026-06-12T11:30:30.899+0000] {processor.py:183} INFO - Processing /home/airflow/.local/lib/python3.8/site-packages/airflow/example_dags/example_sensors.py took 0.117 seconds
[2026-06-12T11:31:01.657+0000] {processor.py:161} INFO - Started process (PID=3743) to work on /home/airflow/.local/lib/python3.8/site-packages/airflow/example_dags/example_sensors.py
[2026-06-12T11:31:01.659+0000] {processor.py:830} INFO - Processing file /home/airflow/.local/lib/python3.8/site-packages/airflow/example_dags/example_sensors.py for tasks to queue
[2026-06-12T11:31:01.661+0000] {logging_mixin.py:188} INFO - [2026-06-12T11:31:01.661+0000] {dagbag.py:538} INFO - Filling up the DagBag from /home/airflow/.local/lib/python3.8/site-packages/airflow/example_dags/example_sensors.py
[2026-06-12T11:31:01.675+0000] {processor.py:840} INFO - DAG(s) 'example_sensors' retrieved from /home/airflow/.local/lib/python3.8/site-packages/airflow/example_dags/example_sensors.py
[2026-06-12T11:31:01.716+0000] {logging_mixin.py:188} INFO - [2026-06-12T11:31:01.716+0000] {dag.py:3036} INFO - Sync 1 DAGs
[2026-06-12T11:31:01.735+0000] {logging_mixin.py:188} INFO - [2026-06-12T11:31:01.735+0000] {dag.py:3823} INFO - Setting next_dagrun for example_sensors to None, run_after=None
[2026-06-12T11:31:01.761+0000] {processor.py:183} INFO - Processing /home/airflow/.local/lib/python3.8/site-packages/airflow/example_dags/example_sensors.py took 0.109 seconds
[2026-06-12T11:31:31.947+0000] {processor.py:161} INFO - Started process (PID=3810) to work on /home/airflow/.local/lib/python3.8/site-packages/airflow/example_dags/example_sensors.py
[2026-06-12T11:31:31.948+0000] {processor.py:830} INFO - Processing file /home/airflow/.local/lib/python3.8/site-packages/airflow/example_dags/example_sensors.py for tasks to queue
[2026-06-12T11:31:31.951+0000] {logging_mixin.py:188} INFO - [2026-06-12T11:31:31.950+0000] {dagbag.py:538} INFO - Filling up the DagBag from /home/airflow/.local/lib/python3.8/site-packages/airflow/example_dags/example_sensors.py
[2026-06-12T11:31:31.967+0000] {processor.py:840} INFO - DAG(s) 'example_sensors' retrieved from /home/airflow/.local/lib/python3.8/site-packages/airflow/example_dags/example_sensors.py
[2026-06-12T11:31:32.022+0000] {logging_mixin.py:188} INFO - [2026-06-12T11:31:32.021+0000] {dag.py:3036} INFO - Sync 1 DAGs
[2026-06-12T11:31:32.049+0000] {logging_mixin.py:188} INFO - [2026-06-12T11:31:32.049+0000] {dag.py:3823} INFO - Setting next_dagrun for example_sensors to None, run_after=None
[2026-06-12T11:31:32.083+0000] {processor.py:183} INFO - Processing /home/airflow/.local/lib/python3.8/site-packages/airflow/example_dags/example_sensors.py took 0.140 seconds
[2026-06-12T11:32:02.433+0000] {processor.py:161} INFO - Started process (PID=3877) to work on /home/airflow/.local/lib/python3.8/site-packages/airflow/example_dags/example_sensors.py
[2026-06-12T11:32:02.435+0000] {processor.py:830} INFO - Processing file /home/airflow/.local/lib/python3.8/site-packages/airflow/example_dags/example_sensors.py for tasks to queue
[2026-06-12T11:32:02.439+0000] {logging_mixin.py:188} INFO - [2026-06-12T11:32:02.438+0000] {dagbag.py:538} INFO - Filling up the DagBag from /home/airflow/.local/lib/python3.8/site-packages/airflow/example_dags/example_sensors.py
[2026-06-12T11:32:02.458+0000] {processor.py:840} INFO - DAG(s) 'example_sensors' retrieved from /home/airflow/.local/lib/python3.8/site-packages/airflow/example_dags/example_sensors.py
[2026-06-12T11:32:02.518+0000] {logging_mixin.py:188} INFO - [2026-06-12T11:32:02.517+0000] {dag.py:3036} INFO - Sync 1 DAGs
[2026-06-12T11:32:02.542+0000] {logging_mixin.py:188} INFO - [2026-06-12T11:32:02.542+0000] {dag.py:3823} INFO - Setting next_dagrun for example_sensors to None, run_after=None
[2026-06-12T11:32:02.573+0000] {processor.py:183} INFO - Processing /home/airflow/.local/lib/python3.8/site-packages/airflow/example_dags/example_sensors.py took 0.146 seconds
[2026-06-12T11:32:32.924+0000] {processor.py:161} INFO - Started process (PID=3943) to work on /home/airflow/.local/lib/python3.8/site-packages/airflow/example_dags/example_sensors.py
[2026-06-12T11:32:32.925+0000] {processor.py:830} INFO - Processing file /home/airflow/.local/lib/python3.8/site-packages/airflow/example_dags/example_sensors.py for tasks to queue
[2026-06-12T11:32:32.927+0000] {logging_mixin.py:188} INFO - [2026-06-12T11:32:32.927+0000] {dagbag.py:538} INFO - Filling up the DagBag from /home/airflow/.local/lib/python3.8/site-packages/airflow/example_dags/example_sensors.py
[2026-06-12T11:32:32.941+0000] {processor.py:840} INFO - DAG(s) 'example_sensors' retrieved from /home/airflow/.local/lib/python3.8/site-packages/airflow/example_dags/example_sensors.py
[2026-06-12T11:32:32.985+0000] {logging_mixin.py:188} INFO - [2026-06-12T11:32:32.984+0000] {dag.py:3036} INFO - Sync 1 DAGs
[2026-06-12T11:32:33.004+0000] {logging_mixin.py:188} INFO - [2026-06-12T11:32:33.004+0000] {dag.py:3823} INFO - Setting next_dagrun for example_sensors to None, run_after=None
[2026-06-12T11:32:33.033+0000] {processor.py:183} INFO - Processing /home/airflow/.local/lib/python3.8/site-packages/airflow/example_dags/example_sensors.py took 0.114 seconds
[2026-06-12T11:33:03.595+0000] {processor.py:161} INFO - Started process (PID=4014) to work on /home/airflow/.local/lib/python3.8/site-packages/airflow/example_dags/example_sensors.py
[2026-06-12T11:33:03.596+0000] {processor.py:830} INFO - Processing file /home/airflow/.local/lib/python3.8/site-packages/airflow/example_dags/example_sensors.py for tasks to queue
[2026-06-12T11:33:03.599+0000] {logging_mixin.py:188} INFO - [2026-06-12T11:33:03.599+0000] {dagbag.py:538} INFO - Filling up the DagBag from /home/airflow/.local/lib/python3.8/site-packages/airflow/example_dags/example_sensors.py
[2026-06-12T11:33:03.614+0000] {processor.py:840} INFO - DAG(s) 'example_sensors' retrieved from /home/airflow/.local/lib/python3.8/site-packages/airflow/example_dags/example_sensors.py
[2026-06-12T11:33:03.660+0000] {logging_mixin.py:188} INFO - [2026-06-12T11:33:03.659+0000] {dag.py:3036} INFO - Sync 1 DAGs
[2026-06-12T11:33:03.680+0000] {logging_mixin.py:188} INFO - [2026-06-12T11:33:03.679+0000] {dag.py:3823} INFO - Setting next_dagrun for example_sensors to None, run_after=None
[2026-06-12T11:33:03.709+0000] {processor.py:183} INFO - Processing /home/airflow/.local/lib/python3.8/site-packages/airflow/example_dags/example_sensors.py took 0.120 seconds
[2026-06-12T11:33:34.188+0000] {processor.py:161} INFO - Started process (PID=4081) to work on /home/airflow/.local/lib/python3.8/site-packages/airflow/example_dags/example_sensors.py
[2026-06-12T11:33:34.189+0000] {processor.py:830} INFO - Processing file /home/airflow/.local/lib/python3.8/site-packages/airflow/example_dags/example_sensors.py for tasks to queue
[2026-06-12T11:33:34.192+0000] {logging_mixin.py:188} INFO - [2026-06-12T11:33:34.191+0000] {dagbag.py:538} INFO - Filling up the DagBag from /home/airflow/.local/lib/python3.8/site-packages/airflow/example_dags/example_sensors.py
[2026-06-12T11:33:34.206+0000] {processor.py:840} INFO - DAG(s) 'example_sensors' retrieved from /home/airflow/.local/lib/python3.8/site-packages/airflow/example_dags/example_sensors.py
[2026-06-12T11:33:34.259+0000] {logging_mixin.py:188} INFO - [2026-06-12T11:33:34.258+0000] {dag.py:3036} INFO - Sync 1 DAGs
[2026-06-12T11:33:34.286+0000] {logging_mixin.py:188} INFO - [2026-06-12T11:33:34.285+0000] {dag.py:3823} INFO - Setting next_dagrun for example_sensors to None, run_after=None
[2026-06-12T11:33:34.320+0000] {processor.py:183} INFO - Processing /home/airflow/.local/lib/python3.8/site-packages/airflow/example_dags/example_sensors.py took 0.137 seconds
[2026-06-12T11:34:04.780+0000] {processor.py:161} INFO - Started process (PID=4147) to work on /home/airflow/.local/lib/python3.8/site-packages/airflow/example_dags/example_sensors.py
[2026-06-12T11:34:04.782+0000] {processor.py:830} INFO - Processing file /home/airflow/.local/lib/python3.8/site-packages/airflow/example_dags/example_sensors.py for tasks to queue
[2026-06-12T11:34:04.786+0000] {logging_mixin.py:188} INFO - [2026-06-12T11:34:04.785+0000] {dagbag.py:538} INFO - Filling up the DagBag from /home/airflow/.local/lib/python3.8/site-packages/airflow/example_dags/example_sensors.py
[2026-06-12T11:34:04.804+0000] {processor.py:840} INFO - DAG(s) 'example_sensors' retrieved from /home/airflow/.local/lib/python3.8/site-packages/airflow/example_dags/example_sensors.py
[2026-06-12T11:34:04.849+0000] {logging_mixin.py:188} INFO - [2026-06-12T11:34:04.848+0000] {dag.py:3036} INFO - Sync 1 DAGs
[2026-06-12T11:34:04.868+0000] {logging_mixin.py:188} INFO - [2026-06-12T11:34:04.868+0000] {dag.py:3823} INFO - Setting next_dagrun for example_sensors to None, run_after=None
[2026-06-12T11:34:04.897+0000] {processor.py:183} INFO - Processing /home/airflow/.local/lib/python3.8/site-packages/airflow/example_dags/example_sensors.py took 0.122 seconds
[2026-06-12T11:34:35.541+0000] {processor.py:161} INFO - Started process (PID=4213) to work on /home/airflow/.local/lib/python3.8/site-packages/airflow/example_dags/example_sensors.py
[2026-06-12T11:34:35.542+0000] {processor.py:830} INFO - Processing file /home/airflow/.local/lib/python3.8/site-packages/airflow/example_dags/example_sensors.py for tasks to queue
[2026-06-12T11:34:35.545+0000] {logging_mixin.py:188} INFO - [2026-06-12T11:34:35.544+0000] {dagbag.py:538} INFO - Filling up the DagBag from /home/airflow/.local/lib/python3.8/site-packages/airflow/example_dags/example_sensors.py
[2026-06-12T11:34:35.563+0000] {processor.py:840} INFO - DAG(s) 'example_sensors' retrieved from /home/airflow/.local/lib/python3.8/site-packages/airflow/example_dags/example_sensors.py
[2026-06-12T11:34:35.615+0000] {logging_mixin.py:188} INFO - [2026-06-12T11:34:35.615+0000] {dag.py:3036} INFO - Sync 1 DAGs
[2026-06-12T11:34:35.638+0000] {logging_mixin.py:188} INFO - [2026-06-12T11:34:35.638+0000] {dag.py:3823} INFO - Setting next_dagrun for example_sensors to None, run_after=None
[2026-06-12T11:34:35.671+0000] {processor.py:183} INFO - Processing /home/airflow/.local/lib/python3.8/site-packages/airflow/example_dags/example_sensors.py took 0.136 seconds
[2026-06-12T11:35:06.168+0000] {processor.py:161} INFO - Started process (PID=4279) to work on /home/airflow/.local/lib/python3.8/site-packages/airflow/example_dags/example_sensors.py
[2026-06-12T11:35:06.170+0000] {processor.py:830} INFO - Processing file /home/airflow/.local/lib/python3.8/site-packages/airflow/example_dags/example_sensors.py for tasks to queue
[2026-06-12T11:35:06.172+0000] {logging_mixin.py:188} INFO - [2026-06-12T11:35:06.172+0000] {dagbag.py:538} INFO - Filling up the DagBag from /home/airflow/.local/lib/python3.8/site-packages/airflow/example_dags/example_sensors.py
[2026-06-12T11:35:06.186+0000] {processor.py:840} INFO - DAG(s) 'example_sensors' retrieved from /home/airflow/.local/lib/python3.8/site-packages/airflow/example_dags/example_sensors.py
[2026-06-12T11:35:06.228+0000] {logging_mixin.py:188} INFO - [2026-06-12T11:35:06.227+0000] {dag.py:3036} INFO - Sync 1 DAGs
[2026-06-12T11:35:06.247+0000] {logging_mixin.py:188} INFO - [2026-06-12T11:35:06.247+0000] {dag.py:3823} INFO - Setting next_dagrun for example_sensors to None, run_after=None
[2026-06-12T11:35:06.275+0000] {processor.py:183} INFO - Processing /home/airflow/.local/lib/python3.8/site-packages/airflow/example_dags/example_sensors.py took 0.112 seconds
[2026-06-12T11:35:36.688+0000] {processor.py:161} INFO - Started process (PID=4344) to work on /home/airflow/.local/lib/python3.8/site-packages/airflow/example_dags/example_sensors.py
[2026-06-12T11:35:36.689+0000] {processor.py:830} INFO - Processing file /home/airflow/.local/lib/python3.8/site-packages/airflow/example_dags/example_sensors.py for tasks to queue
[2026-06-12T11:35:36.692+0000] {logging_mixin.py:188} INFO - [2026-06-12T11:35:36.691+0000] {dagbag.py:538} INFO - Filling up the DagBag from /home/airflow/.local/lib/python3.8/site-packages/airflow/example_dags/example_sensors.py
[2026-06-12T11:35:36.707+0000] {processor.py:840} INFO - DAG(s) 'example_sensors' retrieved from /home/airflow/.local/lib/python3.8/site-packages/airflow/example_dags/example_sensors.py
[2026-06-12T11:35:36.754+0000] {logging_mixin.py:188} INFO - [2026-06-12T11:35:36.753+0000] {dag.py:3036} INFO - Sync 1 DAGs
[2026-06-12T11:35:36.774+0000] {logging_mixin.py:188} INFO - [2026-06-12T11:35:36.773+0000] {dag.py:3823} INFO - Setting next_dagrun for example_sensors to None, run_after=None
[2026-06-12T11:35:36.802+0000] {processor.py:183} INFO - Processing /home/airflow/.local/lib/python3.8/site-packages/airflow/example_dags/example_sensors.py took 0.120 seconds
[2026-06-12T11:36:07.078+0000] {processor.py:161} INFO - Started process (PID=4408) to work on /home/airflow/.local/lib/python3.8/site-packages/airflow/example_dags/example_sensors.py
[2026-06-12T11:36:07.080+0000] {processor.py:830} INFO - Processing file /home/airflow/.local/lib/python3.8/site-packages/airflow/example_dags/example_sensors.py for tasks to queue
[2026-06-12T11:36:07.083+0000] {logging_mixin.py:188} INFO - [2026-06-12T11:36:07.082+0000] {dagbag.py:538} INFO - Filling up the DagBag from /home/airflow/.local/lib/python3.8/site-packages/airflow/example_dags/example_sensors.py
[2026-06-12T11:36:07.097+0000] {processor.py:840} INFO - DAG(s) 'example_sensors' retrieved from /home/airflow/.local/lib/python3.8/site-packages/airflow/example_dags/example_sensors.py
[2026-06-12T11:36:07.139+0000] {logging_mixin.py:188} INFO - [2026-06-12T11:36:07.139+0000] {dag.py:3036} INFO - Sync 1 DAGs
[2026-06-12T11:36:07.161+0000] {logging_mixin.py:188} INFO - [2026-06-12T11:36:07.160+0000] {dag.py:3823} INFO - Setting next_dagrun for example_sensors to None, run_after=None
[2026-06-12T11:36:07.188+0000] {processor.py:183} INFO - Processing /home/airflow/.local/lib/python3.8/site-packages/airflow/example_dags/example_sensors.py took 0.114 seconds
[2026-06-12T11:36:37.580+0000] {processor.py:161} INFO - Started process (PID=4473) to work on /home/airflow/.local/lib/python3.8/site-packages/airflow/example_dags/example_sensors.py
[2026-06-12T11:36:37.582+0000] {processor.py:830} INFO - Processing file /home/airflow/.local/lib/python3.8/site-packages/airflow/example_dags/example_sensors.py for tasks to queue
[2026-06-12T11:36:37.584+0000] {logging_mixin.py:188} INFO - [2026-06-12T11:36:37.584+0000] {dagbag.py:538} INFO - Filling up the DagBag from /home/airflow/.local/lib/python3.8/site-packages/airflow/example_dags/example_sensors.py
[2026-06-12T11:36:37.598+0000] {processor.py:840} INFO - DAG(s) 'example_sensors' retrieved from /home/airflow/.local/lib/python3.8/site-packages/airflow/example_dags/example_sensors.py
[2026-06-12T11:36:37.641+0000] {logging_mixin.py:188} INFO - [2026-06-12T11:36:37.641+0000] {dag.py:3036} INFO - Sync 1 DAGs
[2026-06-12T11:36:37.660+0000] {logging_mixin.py:188} INFO - [2026-06-12T11:36:37.659+0000] {dag.py:3823} INFO - Setting next_dagrun for example_sensors to None, run_after=None
[2026-06-12T11:36:37.686+0000] {processor.py:183} INFO - Processing /home/airflow/.local/lib/python3.8/site-packages/airflow/example_dags/example_sensors.py took 0.110 seconds
