[2026-06-12T11:03:02.919+0000] {processor.py:161} INFO - Started process (PID=83) to work on /home/airflow/.local/lib/python3.8/site-packages/airflow/example_dags/example_kubernetes_executor.py
[2026-06-12T11:03:02.920+0000] {processor.py:830} INFO - Processing file /home/airflow/.local/lib/python3.8/site-packages/airflow/example_dags/example_kubernetes_executor.py for tasks to queue
[2026-06-12T11:03:02.923+0000] {logging_mixin.py:188} INFO - [2026-06-12T11:03:02.922+0000] {dagbag.py:538} INFO - Filling up the DagBag from /home/airflow/.local/lib/python3.8/site-packages/airflow/example_dags/example_kubernetes_executor.py
[2026-06-12T11:03:02.953+0000] {processor.py:840} INFO - DAG(s) 'example_kubernetes_executor' retrieved from /home/airflow/.local/lib/python3.8/site-packages/airflow/example_dags/example_kubernetes_executor.py
[2026-06-12T11:03:02.979+0000] {logging_mixin.py:188} INFO - [2026-06-12T11:03:02.978+0000] {dag.py:3036} INFO - Sync 1 DAGs
[2026-06-12T11:03:03.004+0000] {logging_mixin.py:188} INFO - [2026-06-12T11:03:03.004+0000] {dag.py:3823} INFO - Setting next_dagrun for example_kubernetes_executor to None, run_after=None
[2026-06-12T11:03:03.070+0000] {processor.py:183} INFO - Processing /home/airflow/.local/lib/python3.8/site-packages/airflow/example_dags/example_kubernetes_executor.py took 0.156 seconds
[2026-06-12T11:03:34.352+0000] {processor.py:161} INFO - Started process (PID=149) to work on /home/airflow/.local/lib/python3.8/site-packages/airflow/example_dags/example_kubernetes_executor.py
[2026-06-12T11:03:34.353+0000] {processor.py:830} INFO - Processing file /home/airflow/.local/lib/python3.8/site-packages/airflow/example_dags/example_kubernetes_executor.py for tasks to queue
[2026-06-12T11:03:34.357+0000] {logging_mixin.py:188} INFO - [2026-06-12T11:03:34.356+0000] {dagbag.py:538} INFO - Filling up the DagBag from /home/airflow/.local/lib/python3.8/site-packages/airflow/example_dags/example_kubernetes_executor.py
[2026-06-12T11:03:34.378+0000] {processor.py:840} INFO - DAG(s) 'example_kubernetes_executor' retrieved from /home/airflow/.local/lib/python3.8/site-packages/airflow/example_dags/example_kubernetes_executor.py
[2026-06-12T11:03:34.618+0000] {logging_mixin.py:188} INFO - [2026-06-12T11:03:34.618+0000] {dag.py:3036} INFO - Sync 1 DAGs
[2026-06-12T11:03:34.637+0000] {logging_mixin.py:188} INFO - [2026-06-12T11:03:34.636+0000] {dag.py:3823} INFO - Setting next_dagrun for example_kubernetes_executor to None, run_after=None
[2026-06-12T11:03:34.673+0000] {processor.py:183} INFO - Processing /home/airflow/.local/lib/python3.8/site-packages/airflow/example_dags/example_kubernetes_executor.py took 0.327 seconds
[2026-06-12T11:04:05.067+0000] {processor.py:161} INFO - Started process (PID=215) to work on /home/airflow/.local/lib/python3.8/site-packages/airflow/example_dags/example_kubernetes_executor.py
[2026-06-12T11:04:05.069+0000] {processor.py:830} INFO - Processing file /home/airflow/.local/lib/python3.8/site-packages/airflow/example_dags/example_kubernetes_executor.py for tasks to queue
[2026-06-12T11:04:05.072+0000] {logging_mixin.py:188} INFO - [2026-06-12T11:04:05.071+0000] {dagbag.py:538} INFO - Filling up the DagBag from /home/airflow/.local/lib/python3.8/site-packages/airflow/example_dags/example_kubernetes_executor.py
[2026-06-12T11:04:05.095+0000] {processor.py:840} INFO - DAG(s) 'example_kubernetes_executor' retrieved from /home/airflow/.local/lib/python3.8/site-packages/airflow/example_dags/example_kubernetes_executor.py
[2026-06-12T11:04:05.164+0000] {logging_mixin.py:188} INFO - [2026-06-12T11:04:05.164+0000] {dag.py:3036} INFO - Sync 1 DAGs
[2026-06-12T11:04:05.190+0000] {logging_mixin.py:188} INFO - [2026-06-12T11:04:05.190+0000] {dag.py:3823} INFO - Setting next_dagrun for example_kubernetes_executor to None, run_after=None
[2026-06-12T11:04:05.225+0000] {processor.py:183} INFO - Processing /home/airflow/.local/lib/python3.8/site-packages/airflow/example_dags/example_kubernetes_executor.py took 0.163 seconds
[2026-06-12T11:04:35.912+0000] {processor.py:161} INFO - Started process (PID=282) to work on /home/airflow/.local/lib/python3.8/site-packages/airflow/example_dags/example_kubernetes_executor.py
[2026-06-12T11:04:35.913+0000] {processor.py:830} INFO - Processing file /home/airflow/.local/lib/python3.8/site-packages/airflow/example_dags/example_kubernetes_executor.py for tasks to queue
[2026-06-12T11:04:35.915+0000] {logging_mixin.py:188} INFO - [2026-06-12T11:04:35.915+0000] {dagbag.py:538} INFO - Filling up the DagBag from /home/airflow/.local/lib/python3.8/site-packages/airflow/example_dags/example_kubernetes_executor.py
[2026-06-12T11:04:35.938+0000] {processor.py:840} INFO - DAG(s) 'example_kubernetes_executor' retrieved from /home/airflow/.local/lib/python3.8/site-packages/airflow/example_dags/example_kubernetes_executor.py
[2026-06-12T11:04:36.014+0000] {logging_mixin.py:188} INFO - [2026-06-12T11:04:36.014+0000] {dag.py:3036} INFO - Sync 1 DAGs
[2026-06-12T11:04:36.035+0000] {logging_mixin.py:188} INFO - [2026-06-12T11:04:36.034+0000] {dag.py:3823} INFO - Setting next_dagrun for example_kubernetes_executor to None, run_after=None
[2026-06-12T11:04:36.062+0000] {processor.py:183} INFO - Processing /home/airflow/.local/lib/python3.8/site-packages/airflow/example_dags/example_kubernetes_executor.py took 0.156 seconds
[2026-06-12T11:05:06.428+0000] {processor.py:161} INFO - Started process (PID=348) to work on /home/airflow/.local/lib/python3.8/site-packages/airflow/example_dags/example_kubernetes_executor.py
[2026-06-12T11:05:06.430+0000] {processor.py:830} INFO - Processing file /home/airflow/.local/lib/python3.8/site-packages/airflow/example_dags/example_kubernetes_executor.py for tasks to queue
[2026-06-12T11:05:06.433+0000] {logging_mixin.py:188} INFO - [2026-06-12T11:05:06.433+0000] {dagbag.py:538} INFO - Filling up the DagBag from /home/airflow/.local/lib/python3.8/site-packages/airflow/example_dags/example_kubernetes_executor.py
[2026-06-12T11:05:06.458+0000] {processor.py:840} INFO - DAG(s) 'example_kubernetes_executor' retrieved from /home/airflow/.local/lib/python3.8/site-packages/airflow/example_dags/example_kubernetes_executor.py
[2026-06-12T11:05:06.525+0000] {logging_mixin.py:188} INFO - [2026-06-12T11:05:06.525+0000] {dag.py:3036} INFO - Sync 1 DAGs
[2026-06-12T11:05:06.545+0000] {logging_mixin.py:188} INFO - [2026-06-12T11:05:06.545+0000] {dag.py:3823} INFO - Setting next_dagrun for example_kubernetes_executor to None, run_after=None
[2026-06-12T11:05:06.575+0000] {processor.py:183} INFO - Processing /home/airflow/.local/lib/python3.8/site-packages/airflow/example_dags/example_kubernetes_executor.py took 0.153 seconds
[2026-06-12T11:05:36.842+0000] {processor.py:161} INFO - Started process (PID=414) to work on /home/airflow/.local/lib/python3.8/site-packages/airflow/example_dags/example_kubernetes_executor.py
[2026-06-12T11:05:36.844+0000] {processor.py:830} INFO - Processing file /home/airflow/.local/lib/python3.8/site-packages/airflow/example_dags/example_kubernetes_executor.py for tasks to queue
[2026-06-12T11:05:36.847+0000] {logging_mixin.py:188} INFO - [2026-06-12T11:05:36.846+0000] {dagbag.py:538} INFO - Filling up the DagBag from /home/airflow/.local/lib/python3.8/site-packages/airflow/example_dags/example_kubernetes_executor.py
[2026-06-12T11:05:36.876+0000] {processor.py:840} INFO - DAG(s) 'example_kubernetes_executor' retrieved from /home/airflow/.local/lib/python3.8/site-packages/airflow/example_dags/example_kubernetes_executor.py
[2026-06-12T11:05:36.942+0000] {logging_mixin.py:188} INFO - [2026-06-12T11:05:36.942+0000] {dag.py:3036} INFO - Sync 1 DAGs
[2026-06-12T11:05:36.964+0000] {logging_mixin.py:188} INFO - [2026-06-12T11:05:36.964+0000] {dag.py:3823} INFO - Setting next_dagrun for example_kubernetes_executor to None, run_after=None
[2026-06-12T11:05:36.997+0000] {processor.py:183} INFO - Processing /home/airflow/.local/lib/python3.8/site-packages/airflow/example_dags/example_kubernetes_executor.py took 0.161 seconds
[2026-06-12T11:06:07.453+0000] {processor.py:161} INFO - Started process (PID=487) to work on /home/airflow/.local/lib/python3.8/site-packages/airflow/example_dags/example_kubernetes_executor.py
[2026-06-12T11:06:07.455+0000] {processor.py:830} INFO - Processing file /home/airflow/.local/lib/python3.8/site-packages/airflow/example_dags/example_kubernetes_executor.py for tasks to queue
[2026-06-12T11:06:07.458+0000] {logging_mixin.py:188} INFO - [2026-06-12T11:06:07.458+0000] {dagbag.py:538} INFO - Filling up the DagBag from /home/airflow/.local/lib/python3.8/site-packages/airflow/example_dags/example_kubernetes_executor.py
[2026-06-12T11:06:07.488+0000] {processor.py:840} INFO - DAG(s) 'example_kubernetes_executor' retrieved from /home/airflow/.local/lib/python3.8/site-packages/airflow/example_dags/example_kubernetes_executor.py
[2026-06-12T11:06:07.564+0000] {logging_mixin.py:188} INFO - [2026-06-12T11:06:07.563+0000] {dag.py:3036} INFO - Sync 1 DAGs
[2026-06-12T11:06:07.590+0000] {logging_mixin.py:188} INFO - [2026-06-12T11:06:07.590+0000] {dag.py:3823} INFO - Setting next_dagrun for example_kubernetes_executor to None, run_after=None
[2026-06-12T11:06:07.623+0000] {processor.py:183} INFO - Processing /home/airflow/.local/lib/python3.8/site-packages/airflow/example_dags/example_kubernetes_executor.py took 0.177 seconds
[2026-06-12T11:06:37.809+0000] {processor.py:161} INFO - Started process (PID=552) to work on /home/airflow/.local/lib/python3.8/site-packages/airflow/example_dags/example_kubernetes_executor.py
[2026-06-12T11:06:37.811+0000] {processor.py:830} INFO - Processing file /home/airflow/.local/lib/python3.8/site-packages/airflow/example_dags/example_kubernetes_executor.py for tasks to queue
[2026-06-12T11:06:37.814+0000] {logging_mixin.py:188} INFO - [2026-06-12T11:06:37.813+0000] {dagbag.py:538} INFO - Filling up the DagBag from /home/airflow/.local/lib/python3.8/site-packages/airflow/example_dags/example_kubernetes_executor.py
[2026-06-12T11:06:37.842+0000] {processor.py:840} INFO - DAG(s) 'example_kubernetes_executor' retrieved from /home/airflow/.local/lib/python3.8/site-packages/airflow/example_dags/example_kubernetes_executor.py
[2026-06-12T11:06:37.915+0000] {logging_mixin.py:188} INFO - [2026-06-12T11:06:37.914+0000] {dag.py:3036} INFO - Sync 1 DAGs
[2026-06-12T11:06:37.936+0000] {logging_mixin.py:188} INFO - [2026-06-12T11:06:37.935+0000] {dag.py:3823} INFO - Setting next_dagrun for example_kubernetes_executor to None, run_after=None
[2026-06-12T11:06:37.969+0000] {processor.py:183} INFO - Processing /home/airflow/.local/lib/python3.8/site-packages/airflow/example_dags/example_kubernetes_executor.py took 0.166 seconds
[2026-06-12T11:07:08.391+0000] {processor.py:161} INFO - Started process (PID=617) to work on /home/airflow/.local/lib/python3.8/site-packages/airflow/example_dags/example_kubernetes_executor.py
[2026-06-12T11:07:08.393+0000] {processor.py:830} INFO - Processing file /home/airflow/.local/lib/python3.8/site-packages/airflow/example_dags/example_kubernetes_executor.py for tasks to queue
[2026-06-12T11:07:08.397+0000] {logging_mixin.py:188} INFO - [2026-06-12T11:07:08.396+0000] {dagbag.py:538} INFO - Filling up the DagBag from /home/airflow/.local/lib/python3.8/site-packages/airflow/example_dags/example_kubernetes_executor.py
[2026-06-12T11:07:08.425+0000] {processor.py:840} INFO - DAG(s) 'example_kubernetes_executor' retrieved from /home/airflow/.local/lib/python3.8/site-packages/airflow/example_dags/example_kubernetes_executor.py
[2026-06-12T11:07:08.502+0000] {logging_mixin.py:188} INFO - [2026-06-12T11:07:08.501+0000] {dag.py:3036} INFO - Sync 1 DAGs
[2026-06-12T11:07:08.525+0000] {logging_mixin.py:188} INFO - [2026-06-12T11:07:08.525+0000] {dag.py:3823} INFO - Setting next_dagrun for example_kubernetes_executor to None, run_after=None
[2026-06-12T11:07:08.561+0000] {processor.py:183} INFO - Processing /home/airflow/.local/lib/python3.8/site-packages/airflow/example_dags/example_kubernetes_executor.py took 0.176 seconds
[2026-06-12T11:07:38.620+0000] {processor.py:161} INFO - Started process (PID=683) to work on /home/airflow/.local/lib/python3.8/site-packages/airflow/example_dags/example_kubernetes_executor.py
[2026-06-12T11:07:38.622+0000] {processor.py:830} INFO - Processing file /home/airflow/.local/lib/python3.8/site-packages/airflow/example_dags/example_kubernetes_executor.py for tasks to queue
[2026-06-12T11:07:38.624+0000] {logging_mixin.py:188} INFO - [2026-06-12T11:07:38.623+0000] {dagbag.py:538} INFO - Filling up the DagBag from /home/airflow/.local/lib/python3.8/site-packages/airflow/example_dags/example_kubernetes_executor.py
[2026-06-12T11:07:38.646+0000] {processor.py:840} INFO - DAG(s) 'example_kubernetes_executor' retrieved from /home/airflow/.local/lib/python3.8/site-packages/airflow/example_dags/example_kubernetes_executor.py
[2026-06-12T11:07:38.712+0000] {logging_mixin.py:188} INFO - [2026-06-12T11:07:38.712+0000] {dag.py:3036} INFO - Sync 1 DAGs
[2026-06-12T11:07:38.732+0000] {logging_mixin.py:188} INFO - [2026-06-12T11:07:38.732+0000] {dag.py:3823} INFO - Setting next_dagrun for example_kubernetes_executor to None, run_after=None
[2026-06-12T11:07:38.759+0000] {processor.py:183} INFO - Processing /home/airflow/.local/lib/python3.8/site-packages/airflow/example_dags/example_kubernetes_executor.py took 0.144 seconds
[2026-06-12T11:08:08.895+0000] {processor.py:161} INFO - Started process (PID=749) to work on /home/airflow/.local/lib/python3.8/site-packages/airflow/example_dags/example_kubernetes_executor.py
[2026-06-12T11:08:08.897+0000] {processor.py:830} INFO - Processing file /home/airflow/.local/lib/python3.8/site-packages/airflow/example_dags/example_kubernetes_executor.py for tasks to queue
[2026-06-12T11:08:08.900+0000] {logging_mixin.py:188} INFO - [2026-06-12T11:08:08.899+0000] {dagbag.py:538} INFO - Filling up the DagBag from /home/airflow/.local/lib/python3.8/site-packages/airflow/example_dags/example_kubernetes_executor.py
[2026-06-12T11:08:08.922+0000] {processor.py:840} INFO - DAG(s) 'example_kubernetes_executor' retrieved from /home/airflow/.local/lib/python3.8/site-packages/airflow/example_dags/example_kubernetes_executor.py
[2026-06-12T11:08:08.994+0000] {logging_mixin.py:188} INFO - [2026-06-12T11:08:08.994+0000] {dag.py:3036} INFO - Sync 1 DAGs
[2026-06-12T11:08:09.016+0000] {logging_mixin.py:188} INFO - [2026-06-12T11:08:09.016+0000] {dag.py:3823} INFO - Setting next_dagrun for example_kubernetes_executor to None, run_after=None
[2026-06-12T11:08:09.043+0000] {processor.py:183} INFO - Processing /home/airflow/.local/lib/python3.8/site-packages/airflow/example_dags/example_kubernetes_executor.py took 0.152 seconds
[2026-06-12T11:08:39.254+0000] {processor.py:161} INFO - Started process (PID=816) to work on /home/airflow/.local/lib/python3.8/site-packages/airflow/example_dags/example_kubernetes_executor.py
[2026-06-12T11:08:39.256+0000] {processor.py:830} INFO - Processing file /home/airflow/.local/lib/python3.8/site-packages/airflow/example_dags/example_kubernetes_executor.py for tasks to queue
[2026-06-12T11:08:39.259+0000] {logging_mixin.py:188} INFO - [2026-06-12T11:08:39.259+0000] {dagbag.py:538} INFO - Filling up the DagBag from /home/airflow/.local/lib/python3.8/site-packages/airflow/example_dags/example_kubernetes_executor.py
[2026-06-12T11:08:39.292+0000] {processor.py:840} INFO - DAG(s) 'example_kubernetes_executor' retrieved from /home/airflow/.local/lib/python3.8/site-packages/airflow/example_dags/example_kubernetes_executor.py
[2026-06-12T11:08:39.369+0000] {logging_mixin.py:188} INFO - [2026-06-12T11:08:39.369+0000] {dag.py:3036} INFO - Sync 1 DAGs
[2026-06-12T11:08:39.389+0000] {logging_mixin.py:188} INFO - [2026-06-12T11:08:39.389+0000] {dag.py:3823} INFO - Setting next_dagrun for example_kubernetes_executor to None, run_after=None
[2026-06-12T11:08:39.420+0000] {processor.py:183} INFO - Processing /home/airflow/.local/lib/python3.8/site-packages/airflow/example_dags/example_kubernetes_executor.py took 0.172 seconds
[2026-06-12T11:09:09.758+0000] {processor.py:161} INFO - Started process (PID=881) to work on /home/airflow/.local/lib/python3.8/site-packages/airflow/example_dags/example_kubernetes_executor.py
[2026-06-12T11:09:09.760+0000] {processor.py:830} INFO - Processing file /home/airflow/.local/lib/python3.8/site-packages/airflow/example_dags/example_kubernetes_executor.py for tasks to queue
[2026-06-12T11:09:09.763+0000] {logging_mixin.py:188} INFO - [2026-06-12T11:09:09.763+0000] {dagbag.py:538} INFO - Filling up the DagBag from /home/airflow/.local/lib/python3.8/site-packages/airflow/example_dags/example_kubernetes_executor.py
[2026-06-12T11:09:09.814+0000] {processor.py:840} INFO - DAG(s) 'example_kubernetes_executor' retrieved from /home/airflow/.local/lib/python3.8/site-packages/airflow/example_dags/example_kubernetes_executor.py
[2026-06-12T11:09:09.890+0000] {logging_mixin.py:188} INFO - [2026-06-12T11:09:09.890+0000] {dag.py:3036} INFO - Sync 1 DAGs
[2026-06-12T11:09:09.916+0000] {logging_mixin.py:188} INFO - [2026-06-12T11:09:09.916+0000] {dag.py:3823} INFO - Setting next_dagrun for example_kubernetes_executor to None, run_after=None
[2026-06-12T11:09:09.949+0000] {processor.py:183} INFO - Processing /home/airflow/.local/lib/python3.8/site-packages/airflow/example_dags/example_kubernetes_executor.py took 0.197 seconds
[2026-06-12T11:09:40.443+0000] {processor.py:161} INFO - Started process (PID=948) to work on /home/airflow/.local/lib/python3.8/site-packages/airflow/example_dags/example_kubernetes_executor.py
[2026-06-12T11:09:40.445+0000] {processor.py:830} INFO - Processing file /home/airflow/.local/lib/python3.8/site-packages/airflow/example_dags/example_kubernetes_executor.py for tasks to queue
[2026-06-12T11:09:40.448+0000] {logging_mixin.py:188} INFO - [2026-06-12T11:09:40.447+0000] {dagbag.py:538} INFO - Filling up the DagBag from /home/airflow/.local/lib/python3.8/site-packages/airflow/example_dags/example_kubernetes_executor.py
[2026-06-12T11:09:40.470+0000] {processor.py:840} INFO - DAG(s) 'example_kubernetes_executor' retrieved from /home/airflow/.local/lib/python3.8/site-packages/airflow/example_dags/example_kubernetes_executor.py
[2026-06-12T11:09:40.545+0000] {logging_mixin.py:188} INFO - [2026-06-12T11:09:40.545+0000] {dag.py:3036} INFO - Sync 1 DAGs
[2026-06-12T11:09:40.570+0000] {logging_mixin.py:188} INFO - [2026-06-12T11:09:40.569+0000] {dag.py:3823} INFO - Setting next_dagrun for example_kubernetes_executor to None, run_after=None
[2026-06-12T11:09:40.603+0000] {processor.py:183} INFO - Processing /home/airflow/.local/lib/python3.8/site-packages/airflow/example_dags/example_kubernetes_executor.py took 0.165 seconds
[2026-06-12T11:10:10.915+0000] {processor.py:161} INFO - Started process (PID=1020) to work on /home/airflow/.local/lib/python3.8/site-packages/airflow/example_dags/example_kubernetes_executor.py
[2026-06-12T11:10:10.917+0000] {processor.py:830} INFO - Processing file /home/airflow/.local/lib/python3.8/site-packages/airflow/example_dags/example_kubernetes_executor.py for tasks to queue
[2026-06-12T11:10:10.920+0000] {logging_mixin.py:188} INFO - [2026-06-12T11:10:10.919+0000] {dagbag.py:538} INFO - Filling up the DagBag from /home/airflow/.local/lib/python3.8/site-packages/airflow/example_dags/example_kubernetes_executor.py
[2026-06-12T11:10:10.949+0000] {processor.py:840} INFO - DAG(s) 'example_kubernetes_executor' retrieved from /home/airflow/.local/lib/python3.8/site-packages/airflow/example_dags/example_kubernetes_executor.py
[2026-06-12T11:10:11.026+0000] {logging_mixin.py:188} INFO - [2026-06-12T11:10:11.026+0000] {dag.py:3036} INFO - Sync 1 DAGs
[2026-06-12T11:10:11.046+0000] {logging_mixin.py:188} INFO - [2026-06-12T11:10:11.046+0000] {dag.py:3823} INFO - Setting next_dagrun for example_kubernetes_executor to None, run_after=None
[2026-06-12T11:10:11.082+0000] {processor.py:183} INFO - Processing /home/airflow/.local/lib/python3.8/site-packages/airflow/example_dags/example_kubernetes_executor.py took 0.172 seconds
[2026-06-12T11:10:41.134+0000] {processor.py:161} INFO - Started process (PID=1086) to work on /home/airflow/.local/lib/python3.8/site-packages/airflow/example_dags/example_kubernetes_executor.py
[2026-06-12T11:10:41.136+0000] {processor.py:830} INFO - Processing file /home/airflow/.local/lib/python3.8/site-packages/airflow/example_dags/example_kubernetes_executor.py for tasks to queue
[2026-06-12T11:10:41.139+0000] {logging_mixin.py:188} INFO - [2026-06-12T11:10:41.138+0000] {dagbag.py:538} INFO - Filling up the DagBag from /home/airflow/.local/lib/python3.8/site-packages/airflow/example_dags/example_kubernetes_executor.py
[2026-06-12T11:10:41.178+0000] {processor.py:840} INFO - DAG(s) 'example_kubernetes_executor' retrieved from /home/airflow/.local/lib/python3.8/site-packages/airflow/example_dags/example_kubernetes_executor.py
[2026-06-12T11:10:41.247+0000] {logging_mixin.py:188} INFO - [2026-06-12T11:10:41.246+0000] {dag.py:3036} INFO - Sync 1 DAGs
[2026-06-12T11:10:41.270+0000] {logging_mixin.py:188} INFO - [2026-06-12T11:10:41.270+0000] {dag.py:3823} INFO - Setting next_dagrun for example_kubernetes_executor to None, run_after=None
[2026-06-12T11:10:41.304+0000] {processor.py:183} INFO - Processing /home/airflow/.local/lib/python3.8/site-packages/airflow/example_dags/example_kubernetes_executor.py took 0.174 seconds
[2026-06-12T11:11:11.367+0000] {processor.py:161} INFO - Started process (PID=1152) to work on /home/airflow/.local/lib/python3.8/site-packages/airflow/example_dags/example_kubernetes_executor.py
[2026-06-12T11:11:11.369+0000] {processor.py:830} INFO - Processing file /home/airflow/.local/lib/python3.8/site-packages/airflow/example_dags/example_kubernetes_executor.py for tasks to queue
[2026-06-12T11:11:11.372+0000] {logging_mixin.py:188} INFO - [2026-06-12T11:11:11.371+0000] {dagbag.py:538} INFO - Filling up the DagBag from /home/airflow/.local/lib/python3.8/site-packages/airflow/example_dags/example_kubernetes_executor.py
[2026-06-12T11:11:11.404+0000] {processor.py:840} INFO - DAG(s) 'example_kubernetes_executor' retrieved from /home/airflow/.local/lib/python3.8/site-packages/airflow/example_dags/example_kubernetes_executor.py
[2026-06-12T11:11:11.481+0000] {logging_mixin.py:188} INFO - [2026-06-12T11:11:11.481+0000] {dag.py:3036} INFO - Sync 1 DAGs
[2026-06-12T11:11:11.502+0000] {logging_mixin.py:188} INFO - [2026-06-12T11:11:11.501+0000] {dag.py:3823} INFO - Setting next_dagrun for example_kubernetes_executor to None, run_after=None
[2026-06-12T11:11:11.532+0000] {processor.py:183} INFO - Processing /home/airflow/.local/lib/python3.8/site-packages/airflow/example_dags/example_kubernetes_executor.py took 0.171 seconds
[2026-06-12T11:11:41.916+0000] {processor.py:161} INFO - Started process (PID=1219) to work on /home/airflow/.local/lib/python3.8/site-packages/airflow/example_dags/example_kubernetes_executor.py
[2026-06-12T11:11:41.918+0000] {processor.py:830} INFO - Processing file /home/airflow/.local/lib/python3.8/site-packages/airflow/example_dags/example_kubernetes_executor.py for tasks to queue
[2026-06-12T11:11:41.921+0000] {logging_mixin.py:188} INFO - [2026-06-12T11:11:41.920+0000] {dagbag.py:538} INFO - Filling up the DagBag from /home/airflow/.local/lib/python3.8/site-packages/airflow/example_dags/example_kubernetes_executor.py
[2026-06-12T11:11:41.945+0000] {processor.py:840} INFO - DAG(s) 'example_kubernetes_executor' retrieved from /home/airflow/.local/lib/python3.8/site-packages/airflow/example_dags/example_kubernetes_executor.py
[2026-06-12T11:11:42.008+0000] {logging_mixin.py:188} INFO - [2026-06-12T11:11:42.008+0000] {dag.py:3036} INFO - Sync 1 DAGs
[2026-06-12T11:11:42.035+0000] {logging_mixin.py:188} INFO - [2026-06-12T11:11:42.035+0000] {dag.py:3823} INFO - Setting next_dagrun for example_kubernetes_executor to None, run_after=None
[2026-06-12T11:11:42.078+0000] {processor.py:183} INFO - Processing /home/airflow/.local/lib/python3.8/site-packages/airflow/example_dags/example_kubernetes_executor.py took 0.167 seconds
[2026-06-12T11:12:12.342+0000] {processor.py:161} INFO - Started process (PID=1284) to work on /home/airflow/.local/lib/python3.8/site-packages/airflow/example_dags/example_kubernetes_executor.py
[2026-06-12T11:12:12.343+0000] {processor.py:830} INFO - Processing file /home/airflow/.local/lib/python3.8/site-packages/airflow/example_dags/example_kubernetes_executor.py for tasks to queue
[2026-06-12T11:12:12.346+0000] {logging_mixin.py:188} INFO - [2026-06-12T11:12:12.345+0000] {dagbag.py:538} INFO - Filling up the DagBag from /home/airflow/.local/lib/python3.8/site-packages/airflow/example_dags/example_kubernetes_executor.py
[2026-06-12T11:12:12.368+0000] {processor.py:840} INFO - DAG(s) 'example_kubernetes_executor' retrieved from /home/airflow/.local/lib/python3.8/site-packages/airflow/example_dags/example_kubernetes_executor.py
[2026-06-12T11:12:12.436+0000] {logging_mixin.py:188} INFO - [2026-06-12T11:12:12.436+0000] {dag.py:3036} INFO - Sync 1 DAGs
[2026-06-12T11:12:12.458+0000] {logging_mixin.py:188} INFO - [2026-06-12T11:12:12.458+0000] {dag.py:3823} INFO - Setting next_dagrun for example_kubernetes_executor to None, run_after=None
[2026-06-12T11:12:12.493+0000] {processor.py:183} INFO - Processing /home/airflow/.local/lib/python3.8/site-packages/airflow/example_dags/example_kubernetes_executor.py took 0.157 seconds
[2026-06-12T11:12:42.611+0000] {processor.py:161} INFO - Started process (PID=1351) to work on /home/airflow/.local/lib/python3.8/site-packages/airflow/example_dags/example_kubernetes_executor.py
[2026-06-12T11:12:42.613+0000] {processor.py:830} INFO - Processing file /home/airflow/.local/lib/python3.8/site-packages/airflow/example_dags/example_kubernetes_executor.py for tasks to queue
[2026-06-12T11:12:42.615+0000] {logging_mixin.py:188} INFO - [2026-06-12T11:12:42.615+0000] {dagbag.py:538} INFO - Filling up the DagBag from /home/airflow/.local/lib/python3.8/site-packages/airflow/example_dags/example_kubernetes_executor.py
[2026-06-12T11:12:42.641+0000] {processor.py:840} INFO - DAG(s) 'example_kubernetes_executor' retrieved from /home/airflow/.local/lib/python3.8/site-packages/airflow/example_dags/example_kubernetes_executor.py
[2026-06-12T11:12:42.709+0000] {logging_mixin.py:188} INFO - [2026-06-12T11:12:42.709+0000] {dag.py:3036} INFO - Sync 1 DAGs
[2026-06-12T11:12:42.729+0000] {logging_mixin.py:188} INFO - [2026-06-12T11:12:42.729+0000] {dag.py:3823} INFO - Setting next_dagrun for example_kubernetes_executor to None, run_after=None
[2026-06-12T11:12:42.757+0000] {processor.py:183} INFO - Processing /home/airflow/.local/lib/python3.8/site-packages/airflow/example_dags/example_kubernetes_executor.py took 0.151 seconds
[2026-06-12T11:13:12.952+0000] {processor.py:161} INFO - Started process (PID=1417) to work on /home/airflow/.local/lib/python3.8/site-packages/airflow/example_dags/example_kubernetes_executor.py
[2026-06-12T11:13:12.954+0000] {processor.py:830} INFO - Processing file /home/airflow/.local/lib/python3.8/site-packages/airflow/example_dags/example_kubernetes_executor.py for tasks to queue
[2026-06-12T11:13:12.956+0000] {logging_mixin.py:188} INFO - [2026-06-12T11:13:12.956+0000] {dagbag.py:538} INFO - Filling up the DagBag from /home/airflow/.local/lib/python3.8/site-packages/airflow/example_dags/example_kubernetes_executor.py
[2026-06-12T11:13:12.980+0000] {processor.py:840} INFO - DAG(s) 'example_kubernetes_executor' retrieved from /home/airflow/.local/lib/python3.8/site-packages/airflow/example_dags/example_kubernetes_executor.py
[2026-06-12T11:13:13.048+0000] {logging_mixin.py:188} INFO - [2026-06-12T11:13:13.047+0000] {dag.py:3036} INFO - Sync 1 DAGs
[2026-06-12T11:13:13.067+0000] {logging_mixin.py:188} INFO - [2026-06-12T11:13:13.066+0000] {dag.py:3823} INFO - Setting next_dagrun for example_kubernetes_executor to None, run_after=None
[2026-06-12T11:13:13.095+0000] {processor.py:183} INFO - Processing /home/airflow/.local/lib/python3.8/site-packages/airflow/example_dags/example_kubernetes_executor.py took 0.148 seconds
[2026-06-12T11:13:43.763+0000] {processor.py:161} INFO - Started process (PID=1484) to work on /home/airflow/.local/lib/python3.8/site-packages/airflow/example_dags/example_kubernetes_executor.py
[2026-06-12T11:13:43.765+0000] {processor.py:830} INFO - Processing file /home/airflow/.local/lib/python3.8/site-packages/airflow/example_dags/example_kubernetes_executor.py for tasks to queue
[2026-06-12T11:13:43.768+0000] {logging_mixin.py:188} INFO - [2026-06-12T11:13:43.768+0000] {dagbag.py:538} INFO - Filling up the DagBag from /home/airflow/.local/lib/python3.8/site-packages/airflow/example_dags/example_kubernetes_executor.py
[2026-06-12T11:13:43.797+0000] {processor.py:840} INFO - DAG(s) 'example_kubernetes_executor' retrieved from /home/airflow/.local/lib/python3.8/site-packages/airflow/example_dags/example_kubernetes_executor.py
[2026-06-12T11:13:43.878+0000] {logging_mixin.py:188} INFO - [2026-06-12T11:13:43.878+0000] {dag.py:3036} INFO - Sync 1 DAGs
[2026-06-12T11:13:43.904+0000] {logging_mixin.py:188} INFO - [2026-06-12T11:13:43.903+0000] {dag.py:3823} INFO - Setting next_dagrun for example_kubernetes_executor to None, run_after=None
[2026-06-12T11:13:43.936+0000] {processor.py:183} INFO - Processing /home/airflow/.local/lib/python3.8/site-packages/airflow/example_dags/example_kubernetes_executor.py took 0.179 seconds
[2026-06-12T11:14:14.818+0000] {processor.py:161} INFO - Started process (PID=1551) to work on /home/airflow/.local/lib/python3.8/site-packages/airflow/example_dags/example_kubernetes_executor.py
[2026-06-12T11:14:14.821+0000] {processor.py:830} INFO - Processing file /home/airflow/.local/lib/python3.8/site-packages/airflow/example_dags/example_kubernetes_executor.py for tasks to queue
[2026-06-12T11:14:14.824+0000] {logging_mixin.py:188} INFO - [2026-06-12T11:14:14.824+0000] {dagbag.py:538} INFO - Filling up the DagBag from /home/airflow/.local/lib/python3.8/site-packages/airflow/example_dags/example_kubernetes_executor.py
[2026-06-12T11:14:14.847+0000] {processor.py:840} INFO - DAG(s) 'example_kubernetes_executor' retrieved from /home/airflow/.local/lib/python3.8/site-packages/airflow/example_dags/example_kubernetes_executor.py
[2026-06-12T11:14:14.925+0000] {logging_mixin.py:188} INFO - [2026-06-12T11:14:14.925+0000] {dag.py:3036} INFO - Sync 1 DAGs
[2026-06-12T11:14:14.949+0000] {logging_mixin.py:188} INFO - [2026-06-12T11:14:14.949+0000] {dag.py:3823} INFO - Setting next_dagrun for example_kubernetes_executor to None, run_after=None
[2026-06-12T11:14:14.981+0000] {processor.py:183} INFO - Processing /home/airflow/.local/lib/python3.8/site-packages/airflow/example_dags/example_kubernetes_executor.py took 0.170 seconds
[2026-06-12T11:14:45.564+0000] {processor.py:161} INFO - Started process (PID=1624) to work on /home/airflow/.local/lib/python3.8/site-packages/airflow/example_dags/example_kubernetes_executor.py
[2026-06-12T11:14:45.566+0000] {processor.py:830} INFO - Processing file /home/airflow/.local/lib/python3.8/site-packages/airflow/example_dags/example_kubernetes_executor.py for tasks to queue
[2026-06-12T11:14:45.569+0000] {logging_mixin.py:188} INFO - [2026-06-12T11:14:45.568+0000] {dagbag.py:538} INFO - Filling up the DagBag from /home/airflow/.local/lib/python3.8/site-packages/airflow/example_dags/example_kubernetes_executor.py
[2026-06-12T11:14:45.596+0000] {processor.py:840} INFO - DAG(s) 'example_kubernetes_executor' retrieved from /home/airflow/.local/lib/python3.8/site-packages/airflow/example_dags/example_kubernetes_executor.py
[2026-06-12T11:14:45.672+0000] {logging_mixin.py:188} INFO - [2026-06-12T11:14:45.672+0000] {dag.py:3036} INFO - Sync 1 DAGs
[2026-06-12T11:14:45.699+0000] {logging_mixin.py:188} INFO - [2026-06-12T11:14:45.698+0000] {dag.py:3823} INFO - Setting next_dagrun for example_kubernetes_executor to None, run_after=None
[2026-06-12T11:14:45.733+0000] {processor.py:183} INFO - Processing /home/airflow/.local/lib/python3.8/site-packages/airflow/example_dags/example_kubernetes_executor.py took 0.175 seconds
[2026-06-12T11:15:15.915+0000] {processor.py:161} INFO - Started process (PID=1691) to work on /home/airflow/.local/lib/python3.8/site-packages/airflow/example_dags/example_kubernetes_executor.py
[2026-06-12T11:15:15.917+0000] {processor.py:830} INFO - Processing file /home/airflow/.local/lib/python3.8/site-packages/airflow/example_dags/example_kubernetes_executor.py for tasks to queue
[2026-06-12T11:15:15.920+0000] {logging_mixin.py:188} INFO - [2026-06-12T11:15:15.920+0000] {dagbag.py:538} INFO - Filling up the DagBag from /home/airflow/.local/lib/python3.8/site-packages/airflow/example_dags/example_kubernetes_executor.py
[2026-06-12T11:15:15.948+0000] {processor.py:840} INFO - DAG(s) 'example_kubernetes_executor' retrieved from /home/airflow/.local/lib/python3.8/site-packages/airflow/example_dags/example_kubernetes_executor.py
[2026-06-12T11:15:16.024+0000] {logging_mixin.py:188} INFO - [2026-06-12T11:15:16.023+0000] {dag.py:3036} INFO - Sync 1 DAGs
[2026-06-12T11:15:16.050+0000] {logging_mixin.py:188} INFO - [2026-06-12T11:15:16.050+0000] {dag.py:3823} INFO - Setting next_dagrun for example_kubernetes_executor to None, run_after=None
[2026-06-12T11:15:16.082+0000] {processor.py:183} INFO - Processing /home/airflow/.local/lib/python3.8/site-packages/airflow/example_dags/example_kubernetes_executor.py took 0.172 seconds
[2026-06-12T11:15:46.258+0000] {processor.py:161} INFO - Started process (PID=1757) to work on /home/airflow/.local/lib/python3.8/site-packages/airflow/example_dags/example_kubernetes_executor.py
[2026-06-12T11:15:46.259+0000] {processor.py:830} INFO - Processing file /home/airflow/.local/lib/python3.8/site-packages/airflow/example_dags/example_kubernetes_executor.py for tasks to queue
[2026-06-12T11:15:46.263+0000] {logging_mixin.py:188} INFO - [2026-06-12T11:15:46.263+0000] {dagbag.py:538} INFO - Filling up the DagBag from /home/airflow/.local/lib/python3.8/site-packages/airflow/example_dags/example_kubernetes_executor.py
[2026-06-12T11:15:46.293+0000] {processor.py:840} INFO - DAG(s) 'example_kubernetes_executor' retrieved from /home/airflow/.local/lib/python3.8/site-packages/airflow/example_dags/example_kubernetes_executor.py
[2026-06-12T11:15:46.371+0000] {logging_mixin.py:188} INFO - [2026-06-12T11:15:46.370+0000] {dag.py:3036} INFO - Sync 1 DAGs
[2026-06-12T11:15:46.396+0000] {logging_mixin.py:188} INFO - [2026-06-12T11:15:46.395+0000] {dag.py:3823} INFO - Setting next_dagrun for example_kubernetes_executor to None, run_after=None
[2026-06-12T11:15:46.430+0000] {processor.py:183} INFO - Processing /home/airflow/.local/lib/python3.8/site-packages/airflow/example_dags/example_kubernetes_executor.py took 0.178 seconds
[2026-06-12T11:16:16.905+0000] {processor.py:161} INFO - Started process (PID=1822) to work on /home/airflow/.local/lib/python3.8/site-packages/airflow/example_dags/example_kubernetes_executor.py
[2026-06-12T11:16:16.907+0000] {processor.py:830} INFO - Processing file /home/airflow/.local/lib/python3.8/site-packages/airflow/example_dags/example_kubernetes_executor.py for tasks to queue
[2026-06-12T11:16:16.910+0000] {logging_mixin.py:188} INFO - [2026-06-12T11:16:16.910+0000] {dagbag.py:538} INFO - Filling up the DagBag from /home/airflow/.local/lib/python3.8/site-packages/airflow/example_dags/example_kubernetes_executor.py
[2026-06-12T11:16:16.939+0000] {processor.py:840} INFO - DAG(s) 'example_kubernetes_executor' retrieved from /home/airflow/.local/lib/python3.8/site-packages/airflow/example_dags/example_kubernetes_executor.py
[2026-06-12T11:16:17.054+0000] {logging_mixin.py:188} INFO - [2026-06-12T11:16:17.053+0000] {dag.py:3036} INFO - Sync 1 DAGs
[2026-06-12T11:16:17.094+0000] {logging_mixin.py:188} INFO - [2026-06-12T11:16:17.093+0000] {dag.py:3823} INFO - Setting next_dagrun for example_kubernetes_executor to None, run_after=None
[2026-06-12T11:16:17.142+0000] {processor.py:183} INFO - Processing /home/airflow/.local/lib/python3.8/site-packages/airflow/example_dags/example_kubernetes_executor.py took 0.244 seconds
[2026-06-12T11:16:47.473+0000] {processor.py:161} INFO - Started process (PID=1888) to work on /home/airflow/.local/lib/python3.8/site-packages/airflow/example_dags/example_kubernetes_executor.py
[2026-06-12T11:16:47.475+0000] {processor.py:830} INFO - Processing file /home/airflow/.local/lib/python3.8/site-packages/airflow/example_dags/example_kubernetes_executor.py for tasks to queue
[2026-06-12T11:16:47.477+0000] {logging_mixin.py:188} INFO - [2026-06-12T11:16:47.477+0000] {dagbag.py:538} INFO - Filling up the DagBag from /home/airflow/.local/lib/python3.8/site-packages/airflow/example_dags/example_kubernetes_executor.py
[2026-06-12T11:16:47.501+0000] {processor.py:840} INFO - DAG(s) 'example_kubernetes_executor' retrieved from /home/airflow/.local/lib/python3.8/site-packages/airflow/example_dags/example_kubernetes_executor.py
[2026-06-12T11:16:47.570+0000] {logging_mixin.py:188} INFO - [2026-06-12T11:16:47.570+0000] {dag.py:3036} INFO - Sync 1 DAGs
[2026-06-12T11:16:47.589+0000] {logging_mixin.py:188} INFO - [2026-06-12T11:16:47.589+0000] {dag.py:3823} INFO - Setting next_dagrun for example_kubernetes_executor to None, run_after=None
[2026-06-12T11:16:47.617+0000] {processor.py:183} INFO - Processing /home/airflow/.local/lib/python3.8/site-packages/airflow/example_dags/example_kubernetes_executor.py took 0.149 seconds
[2026-06-12T11:17:18.031+0000] {processor.py:161} INFO - Started process (PID=1953) to work on /home/airflow/.local/lib/python3.8/site-packages/airflow/example_dags/example_kubernetes_executor.py
[2026-06-12T11:17:18.032+0000] {processor.py:830} INFO - Processing file /home/airflow/.local/lib/python3.8/site-packages/airflow/example_dags/example_kubernetes_executor.py for tasks to queue
[2026-06-12T11:17:18.034+0000] {logging_mixin.py:188} INFO - [2026-06-12T11:17:18.034+0000] {dagbag.py:538} INFO - Filling up the DagBag from /home/airflow/.local/lib/python3.8/site-packages/airflow/example_dags/example_kubernetes_executor.py
[2026-06-12T11:17:18.057+0000] {processor.py:840} INFO - DAG(s) 'example_kubernetes_executor' retrieved from /home/airflow/.local/lib/python3.8/site-packages/airflow/example_dags/example_kubernetes_executor.py
[2026-06-12T11:17:18.124+0000] {logging_mixin.py:188} INFO - [2026-06-12T11:17:18.124+0000] {dag.py:3036} INFO - Sync 1 DAGs
[2026-06-12T11:17:18.146+0000] {logging_mixin.py:188} INFO - [2026-06-12T11:17:18.145+0000] {dag.py:3823} INFO - Setting next_dagrun for example_kubernetes_executor to None, run_after=None
[2026-06-12T11:17:18.177+0000] {processor.py:183} INFO - Processing /home/airflow/.local/lib/python3.8/site-packages/airflow/example_dags/example_kubernetes_executor.py took 0.151 seconds
[2026-06-12T11:17:48.280+0000] {processor.py:161} INFO - Started process (PID=2019) to work on /home/airflow/.local/lib/python3.8/site-packages/airflow/example_dags/example_kubernetes_executor.py
[2026-06-12T11:17:48.282+0000] {processor.py:830} INFO - Processing file /home/airflow/.local/lib/python3.8/site-packages/airflow/example_dags/example_kubernetes_executor.py for tasks to queue
[2026-06-12T11:17:48.284+0000] {logging_mixin.py:188} INFO - [2026-06-12T11:17:48.284+0000] {dagbag.py:538} INFO - Filling up the DagBag from /home/airflow/.local/lib/python3.8/site-packages/airflow/example_dags/example_kubernetes_executor.py
[2026-06-12T11:17:48.310+0000] {processor.py:840} INFO - DAG(s) 'example_kubernetes_executor' retrieved from /home/airflow/.local/lib/python3.8/site-packages/airflow/example_dags/example_kubernetes_executor.py
[2026-06-12T11:17:48.375+0000] {logging_mixin.py:188} INFO - [2026-06-12T11:17:48.374+0000] {dag.py:3036} INFO - Sync 1 DAGs
[2026-06-12T11:17:48.397+0000] {logging_mixin.py:188} INFO - [2026-06-12T11:17:48.397+0000] {dag.py:3823} INFO - Setting next_dagrun for example_kubernetes_executor to None, run_after=None
[2026-06-12T11:17:48.429+0000] {processor.py:183} INFO - Processing /home/airflow/.local/lib/python3.8/site-packages/airflow/example_dags/example_kubernetes_executor.py took 0.154 seconds
[2026-06-12T11:18:18.566+0000] {processor.py:161} INFO - Started process (PID=2085) to work on /home/airflow/.local/lib/python3.8/site-packages/airflow/example_dags/example_kubernetes_executor.py
[2026-06-12T11:18:18.567+0000] {processor.py:830} INFO - Processing file /home/airflow/.local/lib/python3.8/site-packages/airflow/example_dags/example_kubernetes_executor.py for tasks to queue
[2026-06-12T11:18:18.570+0000] {logging_mixin.py:188} INFO - [2026-06-12T11:18:18.569+0000] {dagbag.py:538} INFO - Filling up the DagBag from /home/airflow/.local/lib/python3.8/site-packages/airflow/example_dags/example_kubernetes_executor.py
[2026-06-12T11:18:18.591+0000] {processor.py:840} INFO - DAG(s) 'example_kubernetes_executor' retrieved from /home/airflow/.local/lib/python3.8/site-packages/airflow/example_dags/example_kubernetes_executor.py
[2026-06-12T11:18:18.662+0000] {logging_mixin.py:188} INFO - [2026-06-12T11:18:18.662+0000] {dag.py:3036} INFO - Sync 1 DAGs
[2026-06-12T11:18:18.683+0000] {logging_mixin.py:188} INFO - [2026-06-12T11:18:18.683+0000] {dag.py:3823} INFO - Setting next_dagrun for example_kubernetes_executor to None, run_after=None
[2026-06-12T11:18:18.713+0000] {processor.py:183} INFO - Processing /home/airflow/.local/lib/python3.8/site-packages/airflow/example_dags/example_kubernetes_executor.py took 0.152 seconds
[2026-06-12T11:18:48.927+0000] {processor.py:161} INFO - Started process (PID=2151) to work on /home/airflow/.local/lib/python3.8/site-packages/airflow/example_dags/example_kubernetes_executor.py
[2026-06-12T11:18:48.929+0000] {processor.py:830} INFO - Processing file /home/airflow/.local/lib/python3.8/site-packages/airflow/example_dags/example_kubernetes_executor.py for tasks to queue
[2026-06-12T11:18:48.932+0000] {logging_mixin.py:188} INFO - [2026-06-12T11:18:48.932+0000] {dagbag.py:538} INFO - Filling up the DagBag from /home/airflow/.local/lib/python3.8/site-packages/airflow/example_dags/example_kubernetes_executor.py
[2026-06-12T11:18:48.969+0000] {processor.py:840} INFO - DAG(s) 'example_kubernetes_executor' retrieved from /home/airflow/.local/lib/python3.8/site-packages/airflow/example_dags/example_kubernetes_executor.py
[2026-06-12T11:18:49.047+0000] {logging_mixin.py:188} INFO - [2026-06-12T11:18:49.047+0000] {dag.py:3036} INFO - Sync 1 DAGs
[2026-06-12T11:18:49.074+0000] {logging_mixin.py:188} INFO - [2026-06-12T11:18:49.073+0000] {dag.py:3823} INFO - Setting next_dagrun for example_kubernetes_executor to None, run_after=None
[2026-06-12T11:18:49.106+0000] {processor.py:183} INFO - Processing /home/airflow/.local/lib/python3.8/site-packages/airflow/example_dags/example_kubernetes_executor.py took 0.185 seconds
[2026-06-12T11:19:19.376+0000] {processor.py:161} INFO - Started process (PID=2217) to work on /home/airflow/.local/lib/python3.8/site-packages/airflow/example_dags/example_kubernetes_executor.py
[2026-06-12T11:19:19.378+0000] {processor.py:830} INFO - Processing file /home/airflow/.local/lib/python3.8/site-packages/airflow/example_dags/example_kubernetes_executor.py for tasks to queue
[2026-06-12T11:19:19.381+0000] {logging_mixin.py:188} INFO - [2026-06-12T11:19:19.380+0000] {dagbag.py:538} INFO - Filling up the DagBag from /home/airflow/.local/lib/python3.8/site-packages/airflow/example_dags/example_kubernetes_executor.py
[2026-06-12T11:19:19.409+0000] {processor.py:840} INFO - DAG(s) 'example_kubernetes_executor' retrieved from /home/airflow/.local/lib/python3.8/site-packages/airflow/example_dags/example_kubernetes_executor.py
[2026-06-12T11:19:19.474+0000] {logging_mixin.py:188} INFO - [2026-06-12T11:19:19.473+0000] {dag.py:3036} INFO - Sync 1 DAGs
[2026-06-12T11:19:19.494+0000] {logging_mixin.py:188} INFO - [2026-06-12T11:19:19.494+0000] {dag.py:3823} INFO - Setting next_dagrun for example_kubernetes_executor to None, run_after=None
[2026-06-12T11:19:19.522+0000] {processor.py:183} INFO - Processing /home/airflow/.local/lib/python3.8/site-packages/airflow/example_dags/example_kubernetes_executor.py took 0.151 seconds
[2026-06-12T11:19:49.742+0000] {processor.py:161} INFO - Started process (PID=2290) to work on /home/airflow/.local/lib/python3.8/site-packages/airflow/example_dags/example_kubernetes_executor.py
[2026-06-12T11:19:49.743+0000] {processor.py:830} INFO - Processing file /home/airflow/.local/lib/python3.8/site-packages/airflow/example_dags/example_kubernetes_executor.py for tasks to queue
[2026-06-12T11:19:49.746+0000] {logging_mixin.py:188} INFO - [2026-06-12T11:19:49.746+0000] {dagbag.py:538} INFO - Filling up the DagBag from /home/airflow/.local/lib/python3.8/site-packages/airflow/example_dags/example_kubernetes_executor.py
[2026-06-12T11:19:49.771+0000] {processor.py:840} INFO - DAG(s) 'example_kubernetes_executor' retrieved from /home/airflow/.local/lib/python3.8/site-packages/airflow/example_dags/example_kubernetes_executor.py
[2026-06-12T11:19:49.849+0000] {logging_mixin.py:188} INFO - [2026-06-12T11:19:49.848+0000] {dag.py:3036} INFO - Sync 1 DAGs
[2026-06-12T11:19:49.874+0000] {logging_mixin.py:188} INFO - [2026-06-12T11:19:49.873+0000] {dag.py:3823} INFO - Setting next_dagrun for example_kubernetes_executor to None, run_after=None
[2026-06-12T11:19:49.906+0000] {processor.py:183} INFO - Processing /home/airflow/.local/lib/python3.8/site-packages/airflow/example_dags/example_kubernetes_executor.py took 0.174 seconds
[2026-06-12T11:20:20.012+0000] {processor.py:161} INFO - Started process (PID=2357) to work on /home/airflow/.local/lib/python3.8/site-packages/airflow/example_dags/example_kubernetes_executor.py
[2026-06-12T11:20:20.014+0000] {processor.py:830} INFO - Processing file /home/airflow/.local/lib/python3.8/site-packages/airflow/example_dags/example_kubernetes_executor.py for tasks to queue
[2026-06-12T11:20:20.017+0000] {logging_mixin.py:188} INFO - [2026-06-12T11:20:20.016+0000] {dagbag.py:538} INFO - Filling up the DagBag from /home/airflow/.local/lib/python3.8/site-packages/airflow/example_dags/example_kubernetes_executor.py
[2026-06-12T11:20:20.044+0000] {processor.py:840} INFO - DAG(s) 'example_kubernetes_executor' retrieved from /home/airflow/.local/lib/python3.8/site-packages/airflow/example_dags/example_kubernetes_executor.py
[2026-06-12T11:20:20.123+0000] {logging_mixin.py:188} INFO - [2026-06-12T11:20:20.122+0000] {dag.py:3036} INFO - Sync 1 DAGs
[2026-06-12T11:20:20.151+0000] {logging_mixin.py:188} INFO - [2026-06-12T11:20:20.151+0000] {dag.py:3823} INFO - Setting next_dagrun for example_kubernetes_executor to None, run_after=None
[2026-06-12T11:20:20.194+0000] {processor.py:183} INFO - Processing /home/airflow/.local/lib/python3.8/site-packages/airflow/example_dags/example_kubernetes_executor.py took 0.187 seconds
[2026-06-12T11:20:50.406+0000] {processor.py:161} INFO - Started process (PID=2423) to work on /home/airflow/.local/lib/python3.8/site-packages/airflow/example_dags/example_kubernetes_executor.py
[2026-06-12T11:20:50.408+0000] {processor.py:830} INFO - Processing file /home/airflow/.local/lib/python3.8/site-packages/airflow/example_dags/example_kubernetes_executor.py for tasks to queue
[2026-06-12T11:20:50.410+0000] {logging_mixin.py:188} INFO - [2026-06-12T11:20:50.410+0000] {dagbag.py:538} INFO - Filling up the DagBag from /home/airflow/.local/lib/python3.8/site-packages/airflow/example_dags/example_kubernetes_executor.py
[2026-06-12T11:20:50.434+0000] {processor.py:840} INFO - DAG(s) 'example_kubernetes_executor' retrieved from /home/airflow/.local/lib/python3.8/site-packages/airflow/example_dags/example_kubernetes_executor.py
[2026-06-12T11:20:50.509+0000] {logging_mixin.py:188} INFO - [2026-06-12T11:20:50.508+0000] {dag.py:3036} INFO - Sync 1 DAGs
[2026-06-12T11:20:50.533+0000] {logging_mixin.py:188} INFO - [2026-06-12T11:20:50.533+0000] {dag.py:3823} INFO - Setting next_dagrun for example_kubernetes_executor to None, run_after=None
[2026-06-12T11:20:50.569+0000] {processor.py:183} INFO - Processing /home/airflow/.local/lib/python3.8/site-packages/airflow/example_dags/example_kubernetes_executor.py took 0.168 seconds
[2026-06-12T11:21:20.995+0000] {processor.py:161} INFO - Started process (PID=2489) to work on /home/airflow/.local/lib/python3.8/site-packages/airflow/example_dags/example_kubernetes_executor.py
[2026-06-12T11:21:20.997+0000] {processor.py:830} INFO - Processing file /home/airflow/.local/lib/python3.8/site-packages/airflow/example_dags/example_kubernetes_executor.py for tasks to queue
[2026-06-12T11:21:20.999+0000] {logging_mixin.py:188} INFO - [2026-06-12T11:21:20.999+0000] {dagbag.py:538} INFO - Filling up the DagBag from /home/airflow/.local/lib/python3.8/site-packages/airflow/example_dags/example_kubernetes_executor.py
[2026-06-12T11:21:21.022+0000] {processor.py:840} INFO - DAG(s) 'example_kubernetes_executor' retrieved from /home/airflow/.local/lib/python3.8/site-packages/airflow/example_dags/example_kubernetes_executor.py
[2026-06-12T11:21:21.089+0000] {logging_mixin.py:188} INFO - [2026-06-12T11:21:21.089+0000] {dag.py:3036} INFO - Sync 1 DAGs
[2026-06-12T11:21:21.112+0000] {logging_mixin.py:188} INFO - [2026-06-12T11:21:21.111+0000] {dag.py:3823} INFO - Setting next_dagrun for example_kubernetes_executor to None, run_after=None
[2026-06-12T11:21:21.144+0000] {processor.py:183} INFO - Processing /home/airflow/.local/lib/python3.8/site-packages/airflow/example_dags/example_kubernetes_executor.py took 0.154 seconds
[2026-06-12T11:21:51.493+0000] {processor.py:161} INFO - Started process (PID=2555) to work on /home/airflow/.local/lib/python3.8/site-packages/airflow/example_dags/example_kubernetes_executor.py
[2026-06-12T11:21:51.494+0000] {processor.py:830} INFO - Processing file /home/airflow/.local/lib/python3.8/site-packages/airflow/example_dags/example_kubernetes_executor.py for tasks to queue
[2026-06-12T11:21:51.497+0000] {logging_mixin.py:188} INFO - [2026-06-12T11:21:51.496+0000] {dagbag.py:538} INFO - Filling up the DagBag from /home/airflow/.local/lib/python3.8/site-packages/airflow/example_dags/example_kubernetes_executor.py
[2026-06-12T11:21:51.518+0000] {processor.py:840} INFO - DAG(s) 'example_kubernetes_executor' retrieved from /home/airflow/.local/lib/python3.8/site-packages/airflow/example_dags/example_kubernetes_executor.py
[2026-06-12T11:21:51.594+0000] {logging_mixin.py:188} INFO - [2026-06-12T11:21:51.594+0000] {dag.py:3036} INFO - Sync 1 DAGs
[2026-06-12T11:21:51.622+0000] {logging_mixin.py:188} INFO - [2026-06-12T11:21:51.622+0000] {dag.py:3823} INFO - Setting next_dagrun for example_kubernetes_executor to None, run_after=None
[2026-06-12T11:21:51.665+0000] {processor.py:183} INFO - Processing /home/airflow/.local/lib/python3.8/site-packages/airflow/example_dags/example_kubernetes_executor.py took 0.176 seconds
[2026-06-12T11:22:22.503+0000] {processor.py:161} INFO - Started process (PID=2621) to work on /home/airflow/.local/lib/python3.8/site-packages/airflow/example_dags/example_kubernetes_executor.py
[2026-06-12T11:22:22.505+0000] {processor.py:830} INFO - Processing file /home/airflow/.local/lib/python3.8/site-packages/airflow/example_dags/example_kubernetes_executor.py for tasks to queue
[2026-06-12T11:22:22.508+0000] {logging_mixin.py:188} INFO - [2026-06-12T11:22:22.508+0000] {dagbag.py:538} INFO - Filling up the DagBag from /home/airflow/.local/lib/python3.8/site-packages/airflow/example_dags/example_kubernetes_executor.py
[2026-06-12T11:22:22.536+0000] {processor.py:840} INFO - DAG(s) 'example_kubernetes_executor' retrieved from /home/airflow/.local/lib/python3.8/site-packages/airflow/example_dags/example_kubernetes_executor.py
[2026-06-12T11:22:22.614+0000] {logging_mixin.py:188} INFO - [2026-06-12T11:22:22.614+0000] {dag.py:3036} INFO - Sync 1 DAGs
[2026-06-12T11:22:22.639+0000] {logging_mixin.py:188} INFO - [2026-06-12T11:22:22.638+0000] {dag.py:3823} INFO - Setting next_dagrun for example_kubernetes_executor to None, run_after=None
[2026-06-12T11:22:22.672+0000] {processor.py:183} INFO - Processing /home/airflow/.local/lib/python3.8/site-packages/airflow/example_dags/example_kubernetes_executor.py took 0.174 seconds
[2026-06-12T11:22:53.002+0000] {processor.py:161} INFO - Started process (PID=2687) to work on /home/airflow/.local/lib/python3.8/site-packages/airflow/example_dags/example_kubernetes_executor.py
[2026-06-12T11:22:53.003+0000] {processor.py:830} INFO - Processing file /home/airflow/.local/lib/python3.8/site-packages/airflow/example_dags/example_kubernetes_executor.py for tasks to queue
[2026-06-12T11:22:53.006+0000] {logging_mixin.py:188} INFO - [2026-06-12T11:22:53.006+0000] {dagbag.py:538} INFO - Filling up the DagBag from /home/airflow/.local/lib/python3.8/site-packages/airflow/example_dags/example_kubernetes_executor.py
[2026-06-12T11:22:53.030+0000] {processor.py:840} INFO - DAG(s) 'example_kubernetes_executor' retrieved from /home/airflow/.local/lib/python3.8/site-packages/airflow/example_dags/example_kubernetes_executor.py
[2026-06-12T11:22:53.106+0000] {logging_mixin.py:188} INFO - [2026-06-12T11:22:53.105+0000] {dag.py:3036} INFO - Sync 1 DAGs
[2026-06-12T11:22:53.132+0000] {logging_mixin.py:188} INFO - [2026-06-12T11:22:53.132+0000] {dag.py:3823} INFO - Setting next_dagrun for example_kubernetes_executor to None, run_after=None
[2026-06-12T11:22:53.167+0000] {processor.py:183} INFO - Processing /home/airflow/.local/lib/python3.8/site-packages/airflow/example_dags/example_kubernetes_executor.py took 0.171 seconds
[2026-06-12T11:23:23.907+0000] {processor.py:161} INFO - Started process (PID=2753) to work on /home/airflow/.local/lib/python3.8/site-packages/airflow/example_dags/example_kubernetes_executor.py
[2026-06-12T11:23:23.908+0000] {processor.py:830} INFO - Processing file /home/airflow/.local/lib/python3.8/site-packages/airflow/example_dags/example_kubernetes_executor.py for tasks to queue
[2026-06-12T11:23:23.911+0000] {logging_mixin.py:188} INFO - [2026-06-12T11:23:23.910+0000] {dagbag.py:538} INFO - Filling up the DagBag from /home/airflow/.local/lib/python3.8/site-packages/airflow/example_dags/example_kubernetes_executor.py
[2026-06-12T11:23:23.936+0000] {processor.py:840} INFO - DAG(s) 'example_kubernetes_executor' retrieved from /home/airflow/.local/lib/python3.8/site-packages/airflow/example_dags/example_kubernetes_executor.py
[2026-06-12T11:23:23.998+0000] {logging_mixin.py:188} INFO - [2026-06-12T11:23:23.997+0000] {dag.py:3036} INFO - Sync 1 DAGs
[2026-06-12T11:23:24.021+0000] {logging_mixin.py:188} INFO - [2026-06-12T11:23:24.021+0000] {dag.py:3823} INFO - Setting next_dagrun for example_kubernetes_executor to None, run_after=None
[2026-06-12T11:23:24.049+0000] {processor.py:183} INFO - Processing /home/airflow/.local/lib/python3.8/site-packages/airflow/example_dags/example_kubernetes_executor.py took 0.147 seconds
[2026-06-12T11:23:54.872+0000] {processor.py:161} INFO - Started process (PID=2826) to work on /home/airflow/.local/lib/python3.8/site-packages/airflow/example_dags/example_kubernetes_executor.py
[2026-06-12T11:23:54.873+0000] {processor.py:830} INFO - Processing file /home/airflow/.local/lib/python3.8/site-packages/airflow/example_dags/example_kubernetes_executor.py for tasks to queue
[2026-06-12T11:23:54.876+0000] {logging_mixin.py:188} INFO - [2026-06-12T11:23:54.876+0000] {dagbag.py:538} INFO - Filling up the DagBag from /home/airflow/.local/lib/python3.8/site-packages/airflow/example_dags/example_kubernetes_executor.py
[2026-06-12T11:23:54.898+0000] {processor.py:840} INFO - DAG(s) 'example_kubernetes_executor' retrieved from /home/airflow/.local/lib/python3.8/site-packages/airflow/example_dags/example_kubernetes_executor.py
[2026-06-12T11:23:54.968+0000] {logging_mixin.py:188} INFO - [2026-06-12T11:23:54.968+0000] {dag.py:3036} INFO - Sync 1 DAGs
[2026-06-12T11:23:54.992+0000] {logging_mixin.py:188} INFO - [2026-06-12T11:23:54.992+0000] {dag.py:3823} INFO - Setting next_dagrun for example_kubernetes_executor to None, run_after=None
[2026-06-12T11:23:55.036+0000] {processor.py:183} INFO - Processing /home/airflow/.local/lib/python3.8/site-packages/airflow/example_dags/example_kubernetes_executor.py took 0.169 seconds
[2026-06-12T11:24:25.213+0000] {processor.py:161} INFO - Started process (PID=2892) to work on /home/airflow/.local/lib/python3.8/site-packages/airflow/example_dags/example_kubernetes_executor.py
[2026-06-12T11:24:25.215+0000] {processor.py:830} INFO - Processing file /home/airflow/.local/lib/python3.8/site-packages/airflow/example_dags/example_kubernetes_executor.py for tasks to queue
[2026-06-12T11:24:25.218+0000] {logging_mixin.py:188} INFO - [2026-06-12T11:24:25.217+0000] {dagbag.py:538} INFO - Filling up the DagBag from /home/airflow/.local/lib/python3.8/site-packages/airflow/example_dags/example_kubernetes_executor.py
[2026-06-12T11:24:25.245+0000] {processor.py:840} INFO - DAG(s) 'example_kubernetes_executor' retrieved from /home/airflow/.local/lib/python3.8/site-packages/airflow/example_dags/example_kubernetes_executor.py
[2026-06-12T11:24:25.327+0000] {logging_mixin.py:188} INFO - [2026-06-12T11:24:25.327+0000] {dag.py:3036} INFO - Sync 1 DAGs
[2026-06-12T11:24:25.351+0000] {logging_mixin.py:188} INFO - [2026-06-12T11:24:25.351+0000] {dag.py:3823} INFO - Setting next_dagrun for example_kubernetes_executor to None, run_after=None
[2026-06-12T11:24:25.390+0000] {processor.py:183} INFO - Processing /home/airflow/.local/lib/python3.8/site-packages/airflow/example_dags/example_kubernetes_executor.py took 0.181 seconds
[2026-06-12T11:24:56.165+0000] {processor.py:161} INFO - Started process (PID=2958) to work on /home/airflow/.local/lib/python3.8/site-packages/airflow/example_dags/example_kubernetes_executor.py
[2026-06-12T11:24:56.166+0000] {processor.py:830} INFO - Processing file /home/airflow/.local/lib/python3.8/site-packages/airflow/example_dags/example_kubernetes_executor.py for tasks to queue
[2026-06-12T11:24:56.169+0000] {logging_mixin.py:188} INFO - [2026-06-12T11:24:56.169+0000] {dagbag.py:538} INFO - Filling up the DagBag from /home/airflow/.local/lib/python3.8/site-packages/airflow/example_dags/example_kubernetes_executor.py
[2026-06-12T11:24:56.199+0000] {processor.py:840} INFO - DAG(s) 'example_kubernetes_executor' retrieved from /home/airflow/.local/lib/python3.8/site-packages/airflow/example_dags/example_kubernetes_executor.py
[2026-06-12T11:24:56.272+0000] {logging_mixin.py:188} INFO - [2026-06-12T11:24:56.272+0000] {dag.py:3036} INFO - Sync 1 DAGs
[2026-06-12T11:24:56.295+0000] {logging_mixin.py:188} INFO - [2026-06-12T11:24:56.295+0000] {dag.py:3823} INFO - Setting next_dagrun for example_kubernetes_executor to None, run_after=None
[2026-06-12T11:24:56.326+0000] {processor.py:183} INFO - Processing /home/airflow/.local/lib/python3.8/site-packages/airflow/example_dags/example_kubernetes_executor.py took 0.167 seconds
[2026-06-12T11:25:28.020+0000] {processor.py:161} INFO - Started process (PID=3023) to work on /home/airflow/.local/lib/python3.8/site-packages/airflow/example_dags/example_kubernetes_executor.py
[2026-06-12T11:25:28.022+0000] {processor.py:830} INFO - Processing file /home/airflow/.local/lib/python3.8/site-packages/airflow/example_dags/example_kubernetes_executor.py for tasks to queue
[2026-06-12T11:25:28.025+0000] {logging_mixin.py:188} INFO - [2026-06-12T11:25:28.025+0000] {dagbag.py:538} INFO - Filling up the DagBag from /home/airflow/.local/lib/python3.8/site-packages/airflow/example_dags/example_kubernetes_executor.py
[2026-06-12T11:25:28.046+0000] {processor.py:840} INFO - DAG(s) 'example_kubernetes_executor' retrieved from /home/airflow/.local/lib/python3.8/site-packages/airflow/example_dags/example_kubernetes_executor.py
[2026-06-12T11:25:28.115+0000] {logging_mixin.py:188} INFO - [2026-06-12T11:25:28.115+0000] {dag.py:3036} INFO - Sync 1 DAGs
[2026-06-12T11:25:28.136+0000] {logging_mixin.py:188} INFO - [2026-06-12T11:25:28.136+0000] {dag.py:3823} INFO - Setting next_dagrun for example_kubernetes_executor to None, run_after=None
[2026-06-12T11:25:28.168+0000] {processor.py:183} INFO - Processing /home/airflow/.local/lib/python3.8/site-packages/airflow/example_dags/example_kubernetes_executor.py took 0.153 seconds
[2026-06-12T11:25:58.471+0000] {processor.py:161} INFO - Started process (PID=3088) to work on /home/airflow/.local/lib/python3.8/site-packages/airflow/example_dags/example_kubernetes_executor.py
[2026-06-12T11:25:58.472+0000] {processor.py:830} INFO - Processing file /home/airflow/.local/lib/python3.8/site-packages/airflow/example_dags/example_kubernetes_executor.py for tasks to queue
[2026-06-12T11:25:58.475+0000] {logging_mixin.py:188} INFO - [2026-06-12T11:25:58.474+0000] {dagbag.py:538} INFO - Filling up the DagBag from /home/airflow/.local/lib/python3.8/site-packages/airflow/example_dags/example_kubernetes_executor.py
[2026-06-12T11:25:58.496+0000] {processor.py:840} INFO - DAG(s) 'example_kubernetes_executor' retrieved from /home/airflow/.local/lib/python3.8/site-packages/airflow/example_dags/example_kubernetes_executor.py
[2026-06-12T11:25:58.557+0000] {logging_mixin.py:188} INFO - [2026-06-12T11:25:58.557+0000] {dag.py:3036} INFO - Sync 1 DAGs
[2026-06-12T11:25:58.753+0000] {logging_mixin.py:188} INFO - [2026-06-12T11:25:58.753+0000] {dag.py:3823} INFO - Setting next_dagrun for example_kubernetes_executor to None, run_after=None
[2026-06-12T11:25:58.781+0000] {processor.py:183} INFO - Processing /home/airflow/.local/lib/python3.8/site-packages/airflow/example_dags/example_kubernetes_executor.py took 0.314 seconds
[2026-06-12T11:26:28.993+0000] {processor.py:161} INFO - Started process (PID=3155) to work on /home/airflow/.local/lib/python3.8/site-packages/airflow/example_dags/example_kubernetes_executor.py
[2026-06-12T11:26:28.995+0000] {processor.py:830} INFO - Processing file /home/airflow/.local/lib/python3.8/site-packages/airflow/example_dags/example_kubernetes_executor.py for tasks to queue
[2026-06-12T11:26:28.998+0000] {logging_mixin.py:188} INFO - [2026-06-12T11:26:28.997+0000] {dagbag.py:538} INFO - Filling up the DagBag from /home/airflow/.local/lib/python3.8/site-packages/airflow/example_dags/example_kubernetes_executor.py
[2026-06-12T11:26:29.021+0000] {processor.py:840} INFO - DAG(s) 'example_kubernetes_executor' retrieved from /home/airflow/.local/lib/python3.8/site-packages/airflow/example_dags/example_kubernetes_executor.py
[2026-06-12T11:26:29.087+0000] {logging_mixin.py:188} INFO - [2026-06-12T11:26:29.087+0000] {dag.py:3036} INFO - Sync 1 DAGs
[2026-06-12T11:26:29.107+0000] {logging_mixin.py:188} INFO - [2026-06-12T11:26:29.107+0000] {dag.py:3823} INFO - Setting next_dagrun for example_kubernetes_executor to None, run_after=None
[2026-06-12T11:26:29.136+0000] {processor.py:183} INFO - Processing /home/airflow/.local/lib/python3.8/site-packages/airflow/example_dags/example_kubernetes_executor.py took 0.148 seconds
[2026-06-12T11:26:59.282+0000] {processor.py:161} INFO - Started process (PID=3222) to work on /home/airflow/.local/lib/python3.8/site-packages/airflow/example_dags/example_kubernetes_executor.py
[2026-06-12T11:26:59.284+0000] {processor.py:830} INFO - Processing file /home/airflow/.local/lib/python3.8/site-packages/airflow/example_dags/example_kubernetes_executor.py for tasks to queue
[2026-06-12T11:26:59.286+0000] {logging_mixin.py:188} INFO - [2026-06-12T11:26:59.286+0000] {dagbag.py:538} INFO - Filling up the DagBag from /home/airflow/.local/lib/python3.8/site-packages/airflow/example_dags/example_kubernetes_executor.py
[2026-06-12T11:26:59.309+0000] {processor.py:840} INFO - DAG(s) 'example_kubernetes_executor' retrieved from /home/airflow/.local/lib/python3.8/site-packages/airflow/example_dags/example_kubernetes_executor.py
[2026-06-12T11:26:59.374+0000] {logging_mixin.py:188} INFO - [2026-06-12T11:26:59.373+0000] {dag.py:3036} INFO - Sync 1 DAGs
[2026-06-12T11:26:59.393+0000] {logging_mixin.py:188} INFO - [2026-06-12T11:26:59.393+0000] {dag.py:3823} INFO - Setting next_dagrun for example_kubernetes_executor to None, run_after=None
[2026-06-12T11:26:59.424+0000] {processor.py:183} INFO - Processing /home/airflow/.local/lib/python3.8/site-packages/airflow/example_dags/example_kubernetes_executor.py took 0.147 seconds
[2026-06-12T11:27:30.013+0000] {processor.py:161} INFO - Started process (PID=3288) to work on /home/airflow/.local/lib/python3.8/site-packages/airflow/example_dags/example_kubernetes_executor.py
[2026-06-12T11:27:30.015+0000] {processor.py:830} INFO - Processing file /home/airflow/.local/lib/python3.8/site-packages/airflow/example_dags/example_kubernetes_executor.py for tasks to queue
[2026-06-12T11:27:30.018+0000] {logging_mixin.py:188} INFO - [2026-06-12T11:27:30.017+0000] {dagbag.py:538} INFO - Filling up the DagBag from /home/airflow/.local/lib/python3.8/site-packages/airflow/example_dags/example_kubernetes_executor.py
[2026-06-12T11:27:30.039+0000] {processor.py:840} INFO - DAG(s) 'example_kubernetes_executor' retrieved from /home/airflow/.local/lib/python3.8/site-packages/airflow/example_dags/example_kubernetes_executor.py
[2026-06-12T11:27:30.101+0000] {logging_mixin.py:188} INFO - [2026-06-12T11:27:30.100+0000] {dag.py:3036} INFO - Sync 1 DAGs
[2026-06-12T11:27:30.120+0000] {logging_mixin.py:188} INFO - [2026-06-12T11:27:30.119+0000] {dag.py:3823} INFO - Setting next_dagrun for example_kubernetes_executor to None, run_after=None
[2026-06-12T11:27:30.147+0000] {processor.py:183} INFO - Processing /home/airflow/.local/lib/python3.8/site-packages/airflow/example_dags/example_kubernetes_executor.py took 0.139 seconds
[2026-06-12T11:28:00.540+0000] {processor.py:161} INFO - Started process (PID=3353) to work on /home/airflow/.local/lib/python3.8/site-packages/airflow/example_dags/example_kubernetes_executor.py
[2026-06-12T11:28:00.541+0000] {processor.py:830} INFO - Processing file /home/airflow/.local/lib/python3.8/site-packages/airflow/example_dags/example_kubernetes_executor.py for tasks to queue
[2026-06-12T11:28:00.544+0000] {logging_mixin.py:188} INFO - [2026-06-12T11:28:00.544+0000] {dagbag.py:538} INFO - Filling up the DagBag from /home/airflow/.local/lib/python3.8/site-packages/airflow/example_dags/example_kubernetes_executor.py
[2026-06-12T11:28:00.574+0000] {processor.py:840} INFO - DAG(s) 'example_kubernetes_executor' retrieved from /home/airflow/.local/lib/python3.8/site-packages/airflow/example_dags/example_kubernetes_executor.py
[2026-06-12T11:28:00.642+0000] {logging_mixin.py:188} INFO - [2026-06-12T11:28:00.642+0000] {dag.py:3036} INFO - Sync 1 DAGs
[2026-06-12T11:28:00.663+0000] {logging_mixin.py:188} INFO - [2026-06-12T11:28:00.662+0000] {dag.py:3823} INFO - Setting next_dagrun for example_kubernetes_executor to None, run_after=None
[2026-06-12T11:28:00.697+0000] {processor.py:183} INFO - Processing /home/airflow/.local/lib/python3.8/site-packages/airflow/example_dags/example_kubernetes_executor.py took 0.163 seconds
[2026-06-12T11:28:31.072+0000] {processor.py:161} INFO - Started process (PID=3425) to work on /home/airflow/.local/lib/python3.8/site-packages/airflow/example_dags/example_kubernetes_executor.py
[2026-06-12T11:28:31.074+0000] {processor.py:830} INFO - Processing file /home/airflow/.local/lib/python3.8/site-packages/airflow/example_dags/example_kubernetes_executor.py for tasks to queue
[2026-06-12T11:28:31.077+0000] {logging_mixin.py:188} INFO - [2026-06-12T11:28:31.076+0000] {dagbag.py:538} INFO - Filling up the DagBag from /home/airflow/.local/lib/python3.8/site-packages/airflow/example_dags/example_kubernetes_executor.py
[2026-06-12T11:28:31.106+0000] {processor.py:840} INFO - DAG(s) 'example_kubernetes_executor' retrieved from /home/airflow/.local/lib/python3.8/site-packages/airflow/example_dags/example_kubernetes_executor.py
[2026-06-12T11:28:31.187+0000] {logging_mixin.py:188} INFO - [2026-06-12T11:28:31.186+0000] {dag.py:3036} INFO - Sync 1 DAGs
[2026-06-12T11:28:31.213+0000] {logging_mixin.py:188} INFO - [2026-06-12T11:28:31.212+0000] {dag.py:3823} INFO - Setting next_dagrun for example_kubernetes_executor to None, run_after=None
[2026-06-12T11:28:31.246+0000] {processor.py:183} INFO - Processing /home/airflow/.local/lib/python3.8/site-packages/airflow/example_dags/example_kubernetes_executor.py took 0.180 seconds
[2026-06-12T11:29:01.504+0000] {processor.py:161} INFO - Started process (PID=3492) to work on /home/airflow/.local/lib/python3.8/site-packages/airflow/example_dags/example_kubernetes_executor.py
[2026-06-12T11:29:01.505+0000] {processor.py:830} INFO - Processing file /home/airflow/.local/lib/python3.8/site-packages/airflow/example_dags/example_kubernetes_executor.py for tasks to queue
[2026-06-12T11:29:01.507+0000] {logging_mixin.py:188} INFO - [2026-06-12T11:29:01.507+0000] {dagbag.py:538} INFO - Filling up the DagBag from /home/airflow/.local/lib/python3.8/site-packages/airflow/example_dags/example_kubernetes_executor.py
[2026-06-12T11:29:01.529+0000] {processor.py:840} INFO - DAG(s) 'example_kubernetes_executor' retrieved from /home/airflow/.local/lib/python3.8/site-packages/airflow/example_dags/example_kubernetes_executor.py
[2026-06-12T11:29:01.595+0000] {logging_mixin.py:188} INFO - [2026-06-12T11:29:01.595+0000] {dag.py:3036} INFO - Sync 1 DAGs
[2026-06-12T11:29:01.616+0000] {logging_mixin.py:188} INFO - [2026-06-12T11:29:01.616+0000] {dag.py:3823} INFO - Setting next_dagrun for example_kubernetes_executor to None, run_after=None
[2026-06-12T11:29:01.648+0000] {processor.py:183} INFO - Processing /home/airflow/.local/lib/python3.8/site-packages/airflow/example_dags/example_kubernetes_executor.py took 0.149 seconds
[2026-06-12T11:29:32.330+0000] {processor.py:161} INFO - Started process (PID=3557) to work on /home/airflow/.local/lib/python3.8/site-packages/airflow/example_dags/example_kubernetes_executor.py
[2026-06-12T11:29:32.332+0000] {processor.py:830} INFO - Processing file /home/airflow/.local/lib/python3.8/site-packages/airflow/example_dags/example_kubernetes_executor.py for tasks to queue
[2026-06-12T11:29:32.334+0000] {logging_mixin.py:188} INFO - [2026-06-12T11:29:32.334+0000] {dagbag.py:538} INFO - Filling up the DagBag from /home/airflow/.local/lib/python3.8/site-packages/airflow/example_dags/example_kubernetes_executor.py
[2026-06-12T11:29:32.361+0000] {processor.py:840} INFO - DAG(s) 'example_kubernetes_executor' retrieved from /home/airflow/.local/lib/python3.8/site-packages/airflow/example_dags/example_kubernetes_executor.py
[2026-06-12T11:29:32.430+0000] {logging_mixin.py:188} INFO - [2026-06-12T11:29:32.430+0000] {dag.py:3036} INFO - Sync 1 DAGs
[2026-06-12T11:29:32.454+0000] {logging_mixin.py:188} INFO - [2026-06-12T11:29:32.453+0000] {dag.py:3823} INFO - Setting next_dagrun for example_kubernetes_executor to None, run_after=None
[2026-06-12T11:29:32.490+0000] {processor.py:183} INFO - Processing /home/airflow/.local/lib/python3.8/site-packages/airflow/example_dags/example_kubernetes_executor.py took 0.165 seconds
[2026-06-12T11:30:02.771+0000] {processor.py:161} INFO - Started process (PID=3622) to work on /home/airflow/.local/lib/python3.8/site-packages/airflow/example_dags/example_kubernetes_executor.py
[2026-06-12T11:30:02.772+0000] {processor.py:830} INFO - Processing file /home/airflow/.local/lib/python3.8/site-packages/airflow/example_dags/example_kubernetes_executor.py for tasks to queue
[2026-06-12T11:30:02.775+0000] {logging_mixin.py:188} INFO - [2026-06-12T11:30:02.775+0000] {dagbag.py:538} INFO - Filling up the DagBag from /home/airflow/.local/lib/python3.8/site-packages/airflow/example_dags/example_kubernetes_executor.py
[2026-06-12T11:30:02.799+0000] {processor.py:840} INFO - DAG(s) 'example_kubernetes_executor' retrieved from /home/airflow/.local/lib/python3.8/site-packages/airflow/example_dags/example_kubernetes_executor.py
[2026-06-12T11:30:02.861+0000] {logging_mixin.py:188} INFO - [2026-06-12T11:30:02.861+0000] {dag.py:3036} INFO - Sync 1 DAGs
[2026-06-12T11:30:02.882+0000] {logging_mixin.py:188} INFO - [2026-06-12T11:30:02.882+0000] {dag.py:3823} INFO - Setting next_dagrun for example_kubernetes_executor to None, run_after=None
[2026-06-12T11:30:02.910+0000] {processor.py:183} INFO - Processing /home/airflow/.local/lib/python3.8/site-packages/airflow/example_dags/example_kubernetes_executor.py took 0.144 seconds
[2026-06-12T11:30:33.192+0000] {processor.py:161} INFO - Started process (PID=3688) to work on /home/airflow/.local/lib/python3.8/site-packages/airflow/example_dags/example_kubernetes_executor.py
[2026-06-12T11:30:33.194+0000] {processor.py:830} INFO - Processing file /home/airflow/.local/lib/python3.8/site-packages/airflow/example_dags/example_kubernetes_executor.py for tasks to queue
[2026-06-12T11:30:33.196+0000] {logging_mixin.py:188} INFO - [2026-06-12T11:30:33.196+0000] {dagbag.py:538} INFO - Filling up the DagBag from /home/airflow/.local/lib/python3.8/site-packages/airflow/example_dags/example_kubernetes_executor.py
[2026-06-12T11:30:33.222+0000] {processor.py:840} INFO - DAG(s) 'example_kubernetes_executor' retrieved from /home/airflow/.local/lib/python3.8/site-packages/airflow/example_dags/example_kubernetes_executor.py
[2026-06-12T11:30:33.297+0000] {logging_mixin.py:188} INFO - [2026-06-12T11:30:33.296+0000] {dag.py:3036} INFO - Sync 1 DAGs
[2026-06-12T11:30:33.323+0000] {logging_mixin.py:188} INFO - [2026-06-12T11:30:33.322+0000] {dag.py:3823} INFO - Setting next_dagrun for example_kubernetes_executor to None, run_after=None
[2026-06-12T11:30:33.356+0000] {processor.py:183} INFO - Processing /home/airflow/.local/lib/python3.8/site-packages/airflow/example_dags/example_kubernetes_executor.py took 0.169 seconds
[2026-06-12T11:31:03.684+0000] {processor.py:161} INFO - Started process (PID=3755) to work on /home/airflow/.local/lib/python3.8/site-packages/airflow/example_dags/example_kubernetes_executor.py
[2026-06-12T11:31:03.686+0000] {processor.py:830} INFO - Processing file /home/airflow/.local/lib/python3.8/site-packages/airflow/example_dags/example_kubernetes_executor.py for tasks to queue
[2026-06-12T11:31:03.689+0000] {logging_mixin.py:188} INFO - [2026-06-12T11:31:03.688+0000] {dagbag.py:538} INFO - Filling up the DagBag from /home/airflow/.local/lib/python3.8/site-packages/airflow/example_dags/example_kubernetes_executor.py
[2026-06-12T11:31:03.718+0000] {processor.py:840} INFO - DAG(s) 'example_kubernetes_executor' retrieved from /home/airflow/.local/lib/python3.8/site-packages/airflow/example_dags/example_kubernetes_executor.py
[2026-06-12T11:31:03.800+0000] {logging_mixin.py:188} INFO - [2026-06-12T11:31:03.800+0000] {dag.py:3036} INFO - Sync 1 DAGs
[2026-06-12T11:31:03.823+0000] {logging_mixin.py:188} INFO - [2026-06-12T11:31:03.822+0000] {dag.py:3823} INFO - Setting next_dagrun for example_kubernetes_executor to None, run_after=None
[2026-06-12T11:31:03.861+0000] {processor.py:183} INFO - Processing /home/airflow/.local/lib/python3.8/site-packages/airflow/example_dags/example_kubernetes_executor.py took 0.183 seconds
[2026-06-12T11:31:34.060+0000] {processor.py:161} INFO - Started process (PID=3822) to work on /home/airflow/.local/lib/python3.8/site-packages/airflow/example_dags/example_kubernetes_executor.py
[2026-06-12T11:31:34.061+0000] {processor.py:830} INFO - Processing file /home/airflow/.local/lib/python3.8/site-packages/airflow/example_dags/example_kubernetes_executor.py for tasks to queue
[2026-06-12T11:31:34.063+0000] {logging_mixin.py:188} INFO - [2026-06-12T11:31:34.063+0000] {dagbag.py:538} INFO - Filling up the DagBag from /home/airflow/.local/lib/python3.8/site-packages/airflow/example_dags/example_kubernetes_executor.py
[2026-06-12T11:31:34.087+0000] {processor.py:840} INFO - DAG(s) 'example_kubernetes_executor' retrieved from /home/airflow/.local/lib/python3.8/site-packages/airflow/example_dags/example_kubernetes_executor.py
[2026-06-12T11:31:34.161+0000] {logging_mixin.py:188} INFO - [2026-06-12T11:31:34.160+0000] {dag.py:3036} INFO - Sync 1 DAGs
[2026-06-12T11:31:34.182+0000] {logging_mixin.py:188} INFO - [2026-06-12T11:31:34.181+0000] {dag.py:3823} INFO - Setting next_dagrun for example_kubernetes_executor to None, run_after=None
[2026-06-12T11:31:34.213+0000] {processor.py:183} INFO - Processing /home/airflow/.local/lib/python3.8/site-packages/airflow/example_dags/example_kubernetes_executor.py took 0.158 seconds
[2026-06-12T11:32:04.525+0000] {processor.py:161} INFO - Started process (PID=3889) to work on /home/airflow/.local/lib/python3.8/site-packages/airflow/example_dags/example_kubernetes_executor.py
[2026-06-12T11:32:04.527+0000] {processor.py:830} INFO - Processing file /home/airflow/.local/lib/python3.8/site-packages/airflow/example_dags/example_kubernetes_executor.py for tasks to queue
[2026-06-12T11:32:04.530+0000] {logging_mixin.py:188} INFO - [2026-06-12T11:32:04.529+0000] {dagbag.py:538} INFO - Filling up the DagBag from /home/airflow/.local/lib/python3.8/site-packages/airflow/example_dags/example_kubernetes_executor.py
[2026-06-12T11:32:04.553+0000] {processor.py:840} INFO - DAG(s) 'example_kubernetes_executor' retrieved from /home/airflow/.local/lib/python3.8/site-packages/airflow/example_dags/example_kubernetes_executor.py
[2026-06-12T11:32:04.622+0000] {logging_mixin.py:188} INFO - [2026-06-12T11:32:04.622+0000] {dag.py:3036} INFO - Sync 1 DAGs
[2026-06-12T11:32:04.642+0000] {logging_mixin.py:188} INFO - [2026-06-12T11:32:04.642+0000] {dag.py:3823} INFO - Setting next_dagrun for example_kubernetes_executor to None, run_after=None
[2026-06-12T11:32:04.671+0000] {processor.py:183} INFO - Processing /home/airflow/.local/lib/python3.8/site-packages/airflow/example_dags/example_kubernetes_executor.py took 0.151 seconds
[2026-06-12T11:32:34.980+0000] {processor.py:161} INFO - Started process (PID=3961) to work on /home/airflow/.local/lib/python3.8/site-packages/airflow/example_dags/example_kubernetes_executor.py
[2026-06-12T11:32:34.981+0000] {processor.py:830} INFO - Processing file /home/airflow/.local/lib/python3.8/site-packages/airflow/example_dags/example_kubernetes_executor.py for tasks to queue
[2026-06-12T11:32:34.986+0000] {logging_mixin.py:188} INFO - [2026-06-12T11:32:34.985+0000] {dagbag.py:538} INFO - Filling up the DagBag from /home/airflow/.local/lib/python3.8/site-packages/airflow/example_dags/example_kubernetes_executor.py
[2026-06-12T11:32:35.020+0000] {processor.py:840} INFO - DAG(s) 'example_kubernetes_executor' retrieved from /home/airflow/.local/lib/python3.8/site-packages/airflow/example_dags/example_kubernetes_executor.py
[2026-06-12T11:32:35.097+0000] {logging_mixin.py:188} INFO - [2026-06-12T11:32:35.096+0000] {dag.py:3036} INFO - Sync 1 DAGs
[2026-06-12T11:32:35.122+0000] {logging_mixin.py:188} INFO - [2026-06-12T11:32:35.122+0000] {dag.py:3823} INFO - Setting next_dagrun for example_kubernetes_executor to None, run_after=None
[2026-06-12T11:32:35.156+0000] {processor.py:183} INFO - Processing /home/airflow/.local/lib/python3.8/site-packages/airflow/example_dags/example_kubernetes_executor.py took 0.182 seconds
[2026-06-12T11:33:05.666+0000] {processor.py:161} INFO - Started process (PID=4027) to work on /home/airflow/.local/lib/python3.8/site-packages/airflow/example_dags/example_kubernetes_executor.py
[2026-06-12T11:33:05.668+0000] {processor.py:830} INFO - Processing file /home/airflow/.local/lib/python3.8/site-packages/airflow/example_dags/example_kubernetes_executor.py for tasks to queue
[2026-06-12T11:33:05.671+0000] {logging_mixin.py:188} INFO - [2026-06-12T11:33:05.670+0000] {dagbag.py:538} INFO - Filling up the DagBag from /home/airflow/.local/lib/python3.8/site-packages/airflow/example_dags/example_kubernetes_executor.py
[2026-06-12T11:33:05.705+0000] {processor.py:840} INFO - DAG(s) 'example_kubernetes_executor' retrieved from /home/airflow/.local/lib/python3.8/site-packages/airflow/example_dags/example_kubernetes_executor.py
[2026-06-12T11:33:05.777+0000] {logging_mixin.py:188} INFO - [2026-06-12T11:33:05.777+0000] {dag.py:3036} INFO - Sync 1 DAGs
[2026-06-12T11:33:05.798+0000] {logging_mixin.py:188} INFO - [2026-06-12T11:33:05.798+0000] {dag.py:3823} INFO - Setting next_dagrun for example_kubernetes_executor to None, run_after=None
[2026-06-12T11:33:05.825+0000] {processor.py:183} INFO - Processing /home/airflow/.local/lib/python3.8/site-packages/airflow/example_dags/example_kubernetes_executor.py took 0.165 seconds
[2026-06-12T11:33:36.299+0000] {processor.py:161} INFO - Started process (PID=4093) to work on /home/airflow/.local/lib/python3.8/site-packages/airflow/example_dags/example_kubernetes_executor.py
[2026-06-12T11:33:36.301+0000] {processor.py:830} INFO - Processing file /home/airflow/.local/lib/python3.8/site-packages/airflow/example_dags/example_kubernetes_executor.py for tasks to queue
[2026-06-12T11:33:36.303+0000] {logging_mixin.py:188} INFO - [2026-06-12T11:33:36.303+0000] {dagbag.py:538} INFO - Filling up the DagBag from /home/airflow/.local/lib/python3.8/site-packages/airflow/example_dags/example_kubernetes_executor.py
[2026-06-12T11:33:36.326+0000] {processor.py:840} INFO - DAG(s) 'example_kubernetes_executor' retrieved from /home/airflow/.local/lib/python3.8/site-packages/airflow/example_dags/example_kubernetes_executor.py
[2026-06-12T11:33:36.404+0000] {logging_mixin.py:188} INFO - [2026-06-12T11:33:36.404+0000] {dag.py:3036} INFO - Sync 1 DAGs
[2026-06-12T11:33:36.426+0000] {logging_mixin.py:188} INFO - [2026-06-12T11:33:36.426+0000] {dag.py:3823} INFO - Setting next_dagrun for example_kubernetes_executor to None, run_after=None
[2026-06-12T11:33:36.456+0000] {processor.py:183} INFO - Processing /home/airflow/.local/lib/python3.8/site-packages/airflow/example_dags/example_kubernetes_executor.py took 0.162 seconds
[2026-06-12T11:34:06.925+0000] {processor.py:161} INFO - Started process (PID=4159) to work on /home/airflow/.local/lib/python3.8/site-packages/airflow/example_dags/example_kubernetes_executor.py
[2026-06-12T11:34:06.927+0000] {processor.py:830} INFO - Processing file /home/airflow/.local/lib/python3.8/site-packages/airflow/example_dags/example_kubernetes_executor.py for tasks to queue
[2026-06-12T11:34:06.930+0000] {logging_mixin.py:188} INFO - [2026-06-12T11:34:06.929+0000] {dagbag.py:538} INFO - Filling up the DagBag from /home/airflow/.local/lib/python3.8/site-packages/airflow/example_dags/example_kubernetes_executor.py
[2026-06-12T11:34:06.951+0000] {processor.py:840} INFO - DAG(s) 'example_kubernetes_executor' retrieved from /home/airflow/.local/lib/python3.8/site-packages/airflow/example_dags/example_kubernetes_executor.py
[2026-06-12T11:34:07.022+0000] {logging_mixin.py:188} INFO - [2026-06-12T11:34:07.021+0000] {dag.py:3036} INFO - Sync 1 DAGs
[2026-06-12T11:34:07.047+0000] {logging_mixin.py:188} INFO - [2026-06-12T11:34:07.046+0000] {dag.py:3823} INFO - Setting next_dagrun for example_kubernetes_executor to None, run_after=None
[2026-06-12T11:34:07.079+0000] {processor.py:183} INFO - Processing /home/airflow/.local/lib/python3.8/site-packages/airflow/example_dags/example_kubernetes_executor.py took 0.159 seconds
[2026-06-12T11:34:38.063+0000] {processor.py:161} INFO - Started process (PID=4225) to work on /home/airflow/.local/lib/python3.8/site-packages/airflow/example_dags/example_kubernetes_executor.py
[2026-06-12T11:34:38.065+0000] {processor.py:830} INFO - Processing file /home/airflow/.local/lib/python3.8/site-packages/airflow/example_dags/example_kubernetes_executor.py for tasks to queue
[2026-06-12T11:34:38.070+0000] {logging_mixin.py:188} INFO - [2026-06-12T11:34:38.070+0000] {dagbag.py:538} INFO - Filling up the DagBag from /home/airflow/.local/lib/python3.8/site-packages/airflow/example_dags/example_kubernetes_executor.py
[2026-06-12T11:34:38.093+0000] {processor.py:840} INFO - DAG(s) 'example_kubernetes_executor' retrieved from /home/airflow/.local/lib/python3.8/site-packages/airflow/example_dags/example_kubernetes_executor.py
[2026-06-12T11:34:38.171+0000] {logging_mixin.py:188} INFO - [2026-06-12T11:34:38.170+0000] {dag.py:3036} INFO - Sync 1 DAGs
[2026-06-12T11:34:38.195+0000] {logging_mixin.py:188} INFO - [2026-06-12T11:34:38.195+0000] {dag.py:3823} INFO - Setting next_dagrun for example_kubernetes_executor to None, run_after=None
[2026-06-12T11:34:38.233+0000] {processor.py:183} INFO - Processing /home/airflow/.local/lib/python3.8/site-packages/airflow/example_dags/example_kubernetes_executor.py took 0.175 seconds
[2026-06-12T11:35:08.299+0000] {processor.py:161} INFO - Started process (PID=4291) to work on /home/airflow/.local/lib/python3.8/site-packages/airflow/example_dags/example_kubernetes_executor.py
[2026-06-12T11:35:08.301+0000] {processor.py:830} INFO - Processing file /home/airflow/.local/lib/python3.8/site-packages/airflow/example_dags/example_kubernetes_executor.py for tasks to queue
[2026-06-12T11:35:08.305+0000] {logging_mixin.py:188} INFO - [2026-06-12T11:35:08.304+0000] {dagbag.py:538} INFO - Filling up the DagBag from /home/airflow/.local/lib/python3.8/site-packages/airflow/example_dags/example_kubernetes_executor.py
[2026-06-12T11:35:08.331+0000] {processor.py:840} INFO - DAG(s) 'example_kubernetes_executor' retrieved from /home/airflow/.local/lib/python3.8/site-packages/airflow/example_dags/example_kubernetes_executor.py
[2026-06-12T11:35:08.398+0000] {logging_mixin.py:188} INFO - [2026-06-12T11:35:08.398+0000] {dag.py:3036} INFO - Sync 1 DAGs
[2026-06-12T11:35:08.419+0000] {logging_mixin.py:188} INFO - [2026-06-12T11:35:08.419+0000] {dag.py:3823} INFO - Setting next_dagrun for example_kubernetes_executor to None, run_after=None
[2026-06-12T11:35:08.449+0000] {processor.py:183} INFO - Processing /home/airflow/.local/lib/python3.8/site-packages/airflow/example_dags/example_kubernetes_executor.py took 0.155 seconds
[2026-06-12T11:35:38.647+0000] {processor.py:161} INFO - Started process (PID=4356) to work on /home/airflow/.local/lib/python3.8/site-packages/airflow/example_dags/example_kubernetes_executor.py
[2026-06-12T11:35:38.649+0000] {processor.py:830} INFO - Processing file /home/airflow/.local/lib/python3.8/site-packages/airflow/example_dags/example_kubernetes_executor.py for tasks to queue
[2026-06-12T11:35:38.651+0000] {logging_mixin.py:188} INFO - [2026-06-12T11:35:38.651+0000] {dagbag.py:538} INFO - Filling up the DagBag from /home/airflow/.local/lib/python3.8/site-packages/airflow/example_dags/example_kubernetes_executor.py
[2026-06-12T11:35:38.673+0000] {processor.py:840} INFO - DAG(s) 'example_kubernetes_executor' retrieved from /home/airflow/.local/lib/python3.8/site-packages/airflow/example_dags/example_kubernetes_executor.py
[2026-06-12T11:35:38.748+0000] {logging_mixin.py:188} INFO - [2026-06-12T11:35:38.748+0000] {dag.py:3036} INFO - Sync 1 DAGs
[2026-06-12T11:35:38.771+0000] {logging_mixin.py:188} INFO - [2026-06-12T11:35:38.771+0000] {dag.py:3823} INFO - Setting next_dagrun for example_kubernetes_executor to None, run_after=None
[2026-06-12T11:35:38.800+0000] {processor.py:183} INFO - Processing /home/airflow/.local/lib/python3.8/site-packages/airflow/example_dags/example_kubernetes_executor.py took 0.158 seconds
[2026-06-12T11:36:09.040+0000] {processor.py:161} INFO - Started process (PID=4420) to work on /home/airflow/.local/lib/python3.8/site-packages/airflow/example_dags/example_kubernetes_executor.py
[2026-06-12T11:36:09.042+0000] {processor.py:830} INFO - Processing file /home/airflow/.local/lib/python3.8/site-packages/airflow/example_dags/example_kubernetes_executor.py for tasks to queue
[2026-06-12T11:36:09.045+0000] {logging_mixin.py:188} INFO - [2026-06-12T11:36:09.044+0000] {dagbag.py:538} INFO - Filling up the DagBag from /home/airflow/.local/lib/python3.8/site-packages/airflow/example_dags/example_kubernetes_executor.py
[2026-06-12T11:36:09.074+0000] {processor.py:840} INFO - DAG(s) 'example_kubernetes_executor' retrieved from /home/airflow/.local/lib/python3.8/site-packages/airflow/example_dags/example_kubernetes_executor.py
[2026-06-12T11:36:09.137+0000] {logging_mixin.py:188} INFO - [2026-06-12T11:36:09.137+0000] {dag.py:3036} INFO - Sync 1 DAGs
[2026-06-12T11:36:09.158+0000] {logging_mixin.py:188} INFO - [2026-06-12T11:36:09.158+0000] {dag.py:3823} INFO - Setting next_dagrun for example_kubernetes_executor to None, run_after=None
[2026-06-12T11:36:09.188+0000] {processor.py:183} INFO - Processing /home/airflow/.local/lib/python3.8/site-packages/airflow/example_dags/example_kubernetes_executor.py took 0.154 seconds
[2026-06-12T11:36:39.774+0000] {processor.py:161} INFO - Started process (PID=4494) to work on /home/airflow/.local/lib/python3.8/site-packages/airflow/example_dags/example_kubernetes_executor.py
[2026-06-12T11:36:39.776+0000] {processor.py:830} INFO - Processing file /home/airflow/.local/lib/python3.8/site-packages/airflow/example_dags/example_kubernetes_executor.py for tasks to queue
[2026-06-12T11:36:39.779+0000] {logging_mixin.py:188} INFO - [2026-06-12T11:36:39.778+0000] {dagbag.py:538} INFO - Filling up the DagBag from /home/airflow/.local/lib/python3.8/site-packages/airflow/example_dags/example_kubernetes_executor.py
[2026-06-12T11:36:39.807+0000] {processor.py:840} INFO - DAG(s) 'example_kubernetes_executor' retrieved from /home/airflow/.local/lib/python3.8/site-packages/airflow/example_dags/example_kubernetes_executor.py
[2026-06-12T11:36:39.891+0000] {logging_mixin.py:188} INFO - [2026-06-12T11:36:39.891+0000] {dag.py:3036} INFO - Sync 1 DAGs
[2026-06-12T11:36:39.916+0000] {logging_mixin.py:188} INFO - [2026-06-12T11:36:39.916+0000] {dag.py:3823} INFO - Setting next_dagrun for example_kubernetes_executor to None, run_after=None
[2026-06-12T11:36:39.954+0000] {processor.py:183} INFO - Processing /home/airflow/.local/lib/python3.8/site-packages/airflow/example_dags/example_kubernetes_executor.py took 0.185 seconds
