[2026-06-12T11:03:02.181+0000] {processor.py:161} INFO - Started process (PID=78) to work on /home/airflow/.local/lib/python3.8/site-packages/airflow/example_dags/example_task_group_decorator.py
[2026-06-12T11:03:02.182+0000] {processor.py:830} INFO - Processing file /home/airflow/.local/lib/python3.8/site-packages/airflow/example_dags/example_task_group_decorator.py for tasks to queue
[2026-06-12T11:03:02.185+0000] {logging_mixin.py:188} INFO - [2026-06-12T11:03:02.185+0000] {dagbag.py:538} INFO - Filling up the DagBag from /home/airflow/.local/lib/python3.8/site-packages/airflow/example_dags/example_task_group_decorator.py
[2026-06-12T11:03:02.218+0000] {processor.py:840} INFO - DAG(s) 'example_task_group_decorator' retrieved from /home/airflow/.local/lib/python3.8/site-packages/airflow/example_dags/example_task_group_decorator.py
[2026-06-12T11:03:02.244+0000] {logging_mixin.py:188} INFO - [2026-06-12T11:03:02.243+0000] {dag.py:3036} INFO - Sync 1 DAGs
[2026-06-12T11:03:02.290+0000] {logging_mixin.py:188} INFO - [2026-06-12T11:03:02.290+0000] {dag.py:3823} INFO - Setting next_dagrun for example_task_group_decorator to 2026-06-11 00:00:00+00:00, run_after=2026-06-12 00:00:00+00:00
[2026-06-12T11:03:02.326+0000] {processor.py:183} INFO - Processing /home/airflow/.local/lib/python3.8/site-packages/airflow/example_dags/example_task_group_decorator.py took 0.153 seconds
[2026-06-12T11:03:33.504+0000] {processor.py:161} INFO - Started process (PID=144) to work on /home/airflow/.local/lib/python3.8/site-packages/airflow/example_dags/example_task_group_decorator.py
[2026-06-12T11:03:33.506+0000] {processor.py:830} INFO - Processing file /home/airflow/.local/lib/python3.8/site-packages/airflow/example_dags/example_task_group_decorator.py for tasks to queue
[2026-06-12T11:03:33.508+0000] {logging_mixin.py:188} INFO - [2026-06-12T11:03:33.507+0000] {dagbag.py:538} INFO - Filling up the DagBag from /home/airflow/.local/lib/python3.8/site-packages/airflow/example_dags/example_task_group_decorator.py
[2026-06-12T11:03:33.531+0000] {processor.py:840} INFO - DAG(s) 'example_task_group_decorator' retrieved from /home/airflow/.local/lib/python3.8/site-packages/airflow/example_dags/example_task_group_decorator.py
[2026-06-12T11:03:33.740+0000] {logging_mixin.py:188} INFO - [2026-06-12T11:03:33.739+0000] {dag.py:3036} INFO - Sync 1 DAGs
[2026-06-12T11:03:33.780+0000] {logging_mixin.py:188} INFO - [2026-06-12T11:03:33.777+0000] {dag.py:3823} INFO - Setting next_dagrun for example_task_group_decorator to 2026-06-11 00:00:00+00:00, run_after=2026-06-12 00:00:00+00:00
[2026-06-12T11:03:33.818+0000] {processor.py:183} INFO - Processing /home/airflow/.local/lib/python3.8/site-packages/airflow/example_dags/example_task_group_decorator.py took 0.319 seconds
[2026-06-12T11:04:04.530+0000] {processor.py:161} INFO - Started process (PID=210) to work on /home/airflow/.local/lib/python3.8/site-packages/airflow/example_dags/example_task_group_decorator.py
[2026-06-12T11:04:04.531+0000] {processor.py:830} INFO - Processing file /home/airflow/.local/lib/python3.8/site-packages/airflow/example_dags/example_task_group_decorator.py for tasks to queue
[2026-06-12T11:04:04.534+0000] {logging_mixin.py:188} INFO - [2026-06-12T11:04:04.533+0000] {dagbag.py:538} INFO - Filling up the DagBag from /home/airflow/.local/lib/python3.8/site-packages/airflow/example_dags/example_task_group_decorator.py
[2026-06-12T11:04:04.557+0000] {processor.py:840} INFO - DAG(s) 'example_task_group_decorator' retrieved from /home/airflow/.local/lib/python3.8/site-packages/airflow/example_dags/example_task_group_decorator.py
[2026-06-12T11:04:04.608+0000] {logging_mixin.py:188} INFO - [2026-06-12T11:04:04.607+0000] {dag.py:3036} INFO - Sync 1 DAGs
[2026-06-12T11:04:04.650+0000] {logging_mixin.py:188} INFO - [2026-06-12T11:04:04.649+0000] {dag.py:3823} INFO - Setting next_dagrun for example_task_group_decorator to 2026-06-11 00:00:00+00:00, run_after=2026-06-12 00:00:00+00:00
[2026-06-12T11:04:04.682+0000] {processor.py:183} INFO - Processing /home/airflow/.local/lib/python3.8/site-packages/airflow/example_dags/example_task_group_decorator.py took 0.157 seconds
[2026-06-12T11:04:35.395+0000] {processor.py:161} INFO - Started process (PID=277) to work on /home/airflow/.local/lib/python3.8/site-packages/airflow/example_dags/example_task_group_decorator.py
[2026-06-12T11:04:35.397+0000] {processor.py:830} INFO - Processing file /home/airflow/.local/lib/python3.8/site-packages/airflow/example_dags/example_task_group_decorator.py for tasks to queue
[2026-06-12T11:04:35.399+0000] {logging_mixin.py:188} INFO - [2026-06-12T11:04:35.399+0000] {dagbag.py:538} INFO - Filling up the DagBag from /home/airflow/.local/lib/python3.8/site-packages/airflow/example_dags/example_task_group_decorator.py
[2026-06-12T11:04:35.425+0000] {processor.py:840} INFO - DAG(s) 'example_task_group_decorator' retrieved from /home/airflow/.local/lib/python3.8/site-packages/airflow/example_dags/example_task_group_decorator.py
[2026-06-12T11:04:35.474+0000] {logging_mixin.py:188} INFO - [2026-06-12T11:04:35.473+0000] {dag.py:3036} INFO - Sync 1 DAGs
[2026-06-12T11:04:35.518+0000] {logging_mixin.py:188} INFO - [2026-06-12T11:04:35.518+0000] {dag.py:3823} INFO - Setting next_dagrun for example_task_group_decorator to 2026-06-11 00:00:00+00:00, run_after=2026-06-12 00:00:00+00:00
[2026-06-12T11:04:35.562+0000] {processor.py:183} INFO - Processing /home/airflow/.local/lib/python3.8/site-packages/airflow/example_dags/example_task_group_decorator.py took 0.172 seconds
[2026-06-12T11:05:05.895+0000] {processor.py:161} INFO - Started process (PID=343) to work on /home/airflow/.local/lib/python3.8/site-packages/airflow/example_dags/example_task_group_decorator.py
[2026-06-12T11:05:05.897+0000] {processor.py:830} INFO - Processing file /home/airflow/.local/lib/python3.8/site-packages/airflow/example_dags/example_task_group_decorator.py for tasks to queue
[2026-06-12T11:05:05.899+0000] {logging_mixin.py:188} INFO - [2026-06-12T11:05:05.899+0000] {dagbag.py:538} INFO - Filling up the DagBag from /home/airflow/.local/lib/python3.8/site-packages/airflow/example_dags/example_task_group_decorator.py
[2026-06-12T11:05:05.929+0000] {processor.py:840} INFO - DAG(s) 'example_task_group_decorator' retrieved from /home/airflow/.local/lib/python3.8/site-packages/airflow/example_dags/example_task_group_decorator.py
[2026-06-12T11:05:05.979+0000] {logging_mixin.py:188} INFO - [2026-06-12T11:05:05.979+0000] {dag.py:3036} INFO - Sync 1 DAGs
[2026-06-12T11:05:06.025+0000] {logging_mixin.py:188} INFO - [2026-06-12T11:05:06.024+0000] {dag.py:3823} INFO - Setting next_dagrun for example_task_group_decorator to 2026-06-11 00:00:00+00:00, run_after=2026-06-12 00:00:00+00:00
[2026-06-12T11:05:06.063+0000] {processor.py:183} INFO - Processing /home/airflow/.local/lib/python3.8/site-packages/airflow/example_dags/example_task_group_decorator.py took 0.173 seconds
[2026-06-12T11:05:36.308+0000] {processor.py:161} INFO - Started process (PID=409) to work on /home/airflow/.local/lib/python3.8/site-packages/airflow/example_dags/example_task_group_decorator.py
[2026-06-12T11:05:36.310+0000] {processor.py:830} INFO - Processing file /home/airflow/.local/lib/python3.8/site-packages/airflow/example_dags/example_task_group_decorator.py for tasks to queue
[2026-06-12T11:05:36.312+0000] {logging_mixin.py:188} INFO - [2026-06-12T11:05:36.312+0000] {dagbag.py:538} INFO - Filling up the DagBag from /home/airflow/.local/lib/python3.8/site-packages/airflow/example_dags/example_task_group_decorator.py
[2026-06-12T11:05:36.337+0000] {processor.py:840} INFO - DAG(s) 'example_task_group_decorator' retrieved from /home/airflow/.local/lib/python3.8/site-packages/airflow/example_dags/example_task_group_decorator.py
[2026-06-12T11:05:36.381+0000] {logging_mixin.py:188} INFO - [2026-06-12T11:05:36.381+0000] {dag.py:3036} INFO - Sync 1 DAGs
[2026-06-12T11:05:36.417+0000] {logging_mixin.py:188} INFO - [2026-06-12T11:05:36.417+0000] {dag.py:3823} INFO - Setting next_dagrun for example_task_group_decorator to 2026-06-11 00:00:00+00:00, run_after=2026-06-12 00:00:00+00:00
[2026-06-12T11:05:36.451+0000] {processor.py:183} INFO - Processing /home/airflow/.local/lib/python3.8/site-packages/airflow/example_dags/example_task_group_decorator.py took 0.148 seconds
[2026-06-12T11:06:06.847+0000] {processor.py:161} INFO - Started process (PID=482) to work on /home/airflow/.local/lib/python3.8/site-packages/airflow/example_dags/example_task_group_decorator.py
[2026-06-12T11:06:06.849+0000] {processor.py:830} INFO - Processing file /home/airflow/.local/lib/python3.8/site-packages/airflow/example_dags/example_task_group_decorator.py for tasks to queue
[2026-06-12T11:06:06.852+0000] {logging_mixin.py:188} INFO - [2026-06-12T11:06:06.852+0000] {dagbag.py:538} INFO - Filling up the DagBag from /home/airflow/.local/lib/python3.8/site-packages/airflow/example_dags/example_task_group_decorator.py
[2026-06-12T11:06:06.883+0000] {processor.py:840} INFO - DAG(s) 'example_task_group_decorator' retrieved from /home/airflow/.local/lib/python3.8/site-packages/airflow/example_dags/example_task_group_decorator.py
[2026-06-12T11:06:06.953+0000] {logging_mixin.py:188} INFO - [2026-06-12T11:06:06.953+0000] {dag.py:3036} INFO - Sync 1 DAGs
[2026-06-12T11:06:07.001+0000] {logging_mixin.py:188} INFO - [2026-06-12T11:06:07.001+0000] {dag.py:3823} INFO - Setting next_dagrun for example_task_group_decorator to 2026-06-11 00:00:00+00:00, run_after=2026-06-12 00:00:00+00:00
[2026-06-12T11:06:07.049+0000] {processor.py:183} INFO - Processing /home/airflow/.local/lib/python3.8/site-packages/airflow/example_dags/example_task_group_decorator.py took 0.208 seconds
[2026-06-12T11:06:37.275+0000] {processor.py:161} INFO - Started process (PID=547) to work on /home/airflow/.local/lib/python3.8/site-packages/airflow/example_dags/example_task_group_decorator.py
[2026-06-12T11:06:37.276+0000] {processor.py:830} INFO - Processing file /home/airflow/.local/lib/python3.8/site-packages/airflow/example_dags/example_task_group_decorator.py for tasks to queue
[2026-06-12T11:06:37.279+0000] {logging_mixin.py:188} INFO - [2026-06-12T11:06:37.278+0000] {dagbag.py:538} INFO - Filling up the DagBag from /home/airflow/.local/lib/python3.8/site-packages/airflow/example_dags/example_task_group_decorator.py
[2026-06-12T11:06:37.311+0000] {processor.py:840} INFO - DAG(s) 'example_task_group_decorator' retrieved from /home/airflow/.local/lib/python3.8/site-packages/airflow/example_dags/example_task_group_decorator.py
[2026-06-12T11:06:37.367+0000] {logging_mixin.py:188} INFO - [2026-06-12T11:06:37.367+0000] {dag.py:3036} INFO - Sync 1 DAGs
[2026-06-12T11:06:37.409+0000] {logging_mixin.py:188} INFO - [2026-06-12T11:06:37.409+0000] {dag.py:3823} INFO - Setting next_dagrun for example_task_group_decorator to 2026-06-11 00:00:00+00:00, run_after=2026-06-12 00:00:00+00:00
[2026-06-12T11:06:37.448+0000] {processor.py:183} INFO - Processing /home/airflow/.local/lib/python3.8/site-packages/airflow/example_dags/example_task_group_decorator.py took 0.179 seconds
[2026-06-12T11:07:07.808+0000] {processor.py:161} INFO - Started process (PID=612) to work on /home/airflow/.local/lib/python3.8/site-packages/airflow/example_dags/example_task_group_decorator.py
[2026-06-12T11:07:07.810+0000] {processor.py:830} INFO - Processing file /home/airflow/.local/lib/python3.8/site-packages/airflow/example_dags/example_task_group_decorator.py for tasks to queue
[2026-06-12T11:07:07.813+0000] {logging_mixin.py:188} INFO - [2026-06-12T11:07:07.812+0000] {dagbag.py:538} INFO - Filling up the DagBag from /home/airflow/.local/lib/python3.8/site-packages/airflow/example_dags/example_task_group_decorator.py
[2026-06-12T11:07:07.839+0000] {processor.py:840} INFO - DAG(s) 'example_task_group_decorator' retrieved from /home/airflow/.local/lib/python3.8/site-packages/airflow/example_dags/example_task_group_decorator.py
[2026-06-12T11:07:07.908+0000] {logging_mixin.py:188} INFO - [2026-06-12T11:07:07.907+0000] {dag.py:3036} INFO - Sync 1 DAGs
[2026-06-12T11:07:07.956+0000] {logging_mixin.py:188} INFO - [2026-06-12T11:07:07.955+0000] {dag.py:3823} INFO - Setting next_dagrun for example_task_group_decorator to 2026-06-11 00:00:00+00:00, run_after=2026-06-12 00:00:00+00:00
[2026-06-12T11:07:07.989+0000] {processor.py:183} INFO - Processing /home/airflow/.local/lib/python3.8/site-packages/airflow/example_dags/example_task_group_decorator.py took 0.186 seconds
[2026-06-12T11:07:38.045+0000] {processor.py:161} INFO - Started process (PID=677) to work on /home/airflow/.local/lib/python3.8/site-packages/airflow/example_dags/example_task_group_decorator.py
[2026-06-12T11:07:38.046+0000] {processor.py:830} INFO - Processing file /home/airflow/.local/lib/python3.8/site-packages/airflow/example_dags/example_task_group_decorator.py for tasks to queue
[2026-06-12T11:07:38.048+0000] {logging_mixin.py:188} INFO - [2026-06-12T11:07:38.048+0000] {dagbag.py:538} INFO - Filling up the DagBag from /home/airflow/.local/lib/python3.8/site-packages/airflow/example_dags/example_task_group_decorator.py
[2026-06-12T11:07:38.071+0000] {processor.py:840} INFO - DAG(s) 'example_task_group_decorator' retrieved from /home/airflow/.local/lib/python3.8/site-packages/airflow/example_dags/example_task_group_decorator.py
[2026-06-12T11:07:38.114+0000] {logging_mixin.py:188} INFO - [2026-06-12T11:07:38.113+0000] {dag.py:3036} INFO - Sync 1 DAGs
[2026-06-12T11:07:38.149+0000] {logging_mixin.py:188} INFO - [2026-06-12T11:07:38.149+0000] {dag.py:3823} INFO - Setting next_dagrun for example_task_group_decorator to 2026-06-11 00:00:00+00:00, run_after=2026-06-12 00:00:00+00:00
[2026-06-12T11:07:38.179+0000] {processor.py:183} INFO - Processing /home/airflow/.local/lib/python3.8/site-packages/airflow/example_dags/example_task_group_decorator.py took 0.138 seconds
[2026-06-12T11:08:08.335+0000] {processor.py:161} INFO - Started process (PID=743) to work on /home/airflow/.local/lib/python3.8/site-packages/airflow/example_dags/example_task_group_decorator.py
[2026-06-12T11:08:08.337+0000] {processor.py:830} INFO - Processing file /home/airflow/.local/lib/python3.8/site-packages/airflow/example_dags/example_task_group_decorator.py for tasks to queue
[2026-06-12T11:08:08.340+0000] {logging_mixin.py:188} INFO - [2026-06-12T11:08:08.339+0000] {dagbag.py:538} INFO - Filling up the DagBag from /home/airflow/.local/lib/python3.8/site-packages/airflow/example_dags/example_task_group_decorator.py
[2026-06-12T11:08:08.363+0000] {processor.py:840} INFO - DAG(s) 'example_task_group_decorator' retrieved from /home/airflow/.local/lib/python3.8/site-packages/airflow/example_dags/example_task_group_decorator.py
[2026-06-12T11:08:08.411+0000] {logging_mixin.py:188} INFO - [2026-06-12T11:08:08.410+0000] {dag.py:3036} INFO - Sync 1 DAGs
[2026-06-12T11:08:08.445+0000] {logging_mixin.py:188} INFO - [2026-06-12T11:08:08.444+0000] {dag.py:3823} INFO - Setting next_dagrun for example_task_group_decorator to 2026-06-11 00:00:00+00:00, run_after=2026-06-12 00:00:00+00:00
[2026-06-12T11:08:08.473+0000] {processor.py:183} INFO - Processing /home/airflow/.local/lib/python3.8/site-packages/airflow/example_dags/example_task_group_decorator.py took 0.143 seconds
[2026-06-12T11:08:38.631+0000] {processor.py:161} INFO - Started process (PID=810) to work on /home/airflow/.local/lib/python3.8/site-packages/airflow/example_dags/example_task_group_decorator.py
[2026-06-12T11:08:38.633+0000] {processor.py:830} INFO - Processing file /home/airflow/.local/lib/python3.8/site-packages/airflow/example_dags/example_task_group_decorator.py for tasks to queue
[2026-06-12T11:08:38.635+0000] {logging_mixin.py:188} INFO - [2026-06-12T11:08:38.635+0000] {dagbag.py:538} INFO - Filling up the DagBag from /home/airflow/.local/lib/python3.8/site-packages/airflow/example_dags/example_task_group_decorator.py
[2026-06-12T11:08:38.659+0000] {processor.py:840} INFO - DAG(s) 'example_task_group_decorator' retrieved from /home/airflow/.local/lib/python3.8/site-packages/airflow/example_dags/example_task_group_decorator.py
[2026-06-12T11:08:38.705+0000] {logging_mixin.py:188} INFO - [2026-06-12T11:08:38.705+0000] {dag.py:3036} INFO - Sync 1 DAGs
[2026-06-12T11:08:38.742+0000] {logging_mixin.py:188} INFO - [2026-06-12T11:08:38.741+0000] {dag.py:3823} INFO - Setting next_dagrun for example_task_group_decorator to 2026-06-11 00:00:00+00:00, run_after=2026-06-12 00:00:00+00:00
[2026-06-12T11:08:38.787+0000] {processor.py:183} INFO - Processing /home/airflow/.local/lib/python3.8/site-packages/airflow/example_dags/example_task_group_decorator.py took 0.161 seconds
[2026-06-12T11:09:09.033+0000] {processor.py:161} INFO - Started process (PID=875) to work on /home/airflow/.local/lib/python3.8/site-packages/airflow/example_dags/example_task_group_decorator.py
[2026-06-12T11:09:09.035+0000] {processor.py:830} INFO - Processing file /home/airflow/.local/lib/python3.8/site-packages/airflow/example_dags/example_task_group_decorator.py for tasks to queue
[2026-06-12T11:09:09.038+0000] {logging_mixin.py:188} INFO - [2026-06-12T11:09:09.037+0000] {dagbag.py:538} INFO - Filling up the DagBag from /home/airflow/.local/lib/python3.8/site-packages/airflow/example_dags/example_task_group_decorator.py
[2026-06-12T11:09:09.068+0000] {processor.py:840} INFO - DAG(s) 'example_task_group_decorator' retrieved from /home/airflow/.local/lib/python3.8/site-packages/airflow/example_dags/example_task_group_decorator.py
[2026-06-12T11:09:09.121+0000] {logging_mixin.py:188} INFO - [2026-06-12T11:09:09.120+0000] {dag.py:3036} INFO - Sync 1 DAGs
[2026-06-12T11:09:09.157+0000] {logging_mixin.py:188} INFO - [2026-06-12T11:09:09.157+0000] {dag.py:3823} INFO - Setting next_dagrun for example_task_group_decorator to 2026-06-11 00:00:00+00:00, run_after=2026-06-12 00:00:00+00:00
[2026-06-12T11:09:09.189+0000] {processor.py:183} INFO - Processing /home/airflow/.local/lib/python3.8/site-packages/airflow/example_dags/example_task_group_decorator.py took 0.161 seconds
[2026-06-12T11:09:39.895+0000] {processor.py:161} INFO - Started process (PID=943) to work on /home/airflow/.local/lib/python3.8/site-packages/airflow/example_dags/example_task_group_decorator.py
[2026-06-12T11:09:39.897+0000] {processor.py:830} INFO - Processing file /home/airflow/.local/lib/python3.8/site-packages/airflow/example_dags/example_task_group_decorator.py for tasks to queue
[2026-06-12T11:09:39.899+0000] {logging_mixin.py:188} INFO - [2026-06-12T11:09:39.899+0000] {dagbag.py:538} INFO - Filling up the DagBag from /home/airflow/.local/lib/python3.8/site-packages/airflow/example_dags/example_task_group_decorator.py
[2026-06-12T11:09:39.923+0000] {processor.py:840} INFO - DAG(s) 'example_task_group_decorator' retrieved from /home/airflow/.local/lib/python3.8/site-packages/airflow/example_dags/example_task_group_decorator.py
[2026-06-12T11:09:39.969+0000] {logging_mixin.py:188} INFO - [2026-06-12T11:09:39.969+0000] {dag.py:3036} INFO - Sync 1 DAGs
[2026-06-12T11:09:40.009+0000] {logging_mixin.py:188} INFO - [2026-06-12T11:09:40.009+0000] {dag.py:3823} INFO - Setting next_dagrun for example_task_group_decorator to 2026-06-11 00:00:00+00:00, run_after=2026-06-12 00:00:00+00:00
[2026-06-12T11:09:40.041+0000] {processor.py:183} INFO - Processing /home/airflow/.local/lib/python3.8/site-packages/airflow/example_dags/example_task_group_decorator.py took 0.150 seconds
[2026-06-12T11:10:10.129+0000] {processor.py:161} INFO - Started process (PID=1008) to work on /home/airflow/.local/lib/python3.8/site-packages/airflow/example_dags/example_task_group_decorator.py
[2026-06-12T11:10:10.131+0000] {processor.py:830} INFO - Processing file /home/airflow/.local/lib/python3.8/site-packages/airflow/example_dags/example_task_group_decorator.py for tasks to queue
[2026-06-12T11:10:10.133+0000] {logging_mixin.py:188} INFO - [2026-06-12T11:10:10.133+0000] {dagbag.py:538} INFO - Filling up the DagBag from /home/airflow/.local/lib/python3.8/site-packages/airflow/example_dags/example_task_group_decorator.py
[2026-06-12T11:10:10.163+0000] {processor.py:840} INFO - DAG(s) 'example_task_group_decorator' retrieved from /home/airflow/.local/lib/python3.8/site-packages/airflow/example_dags/example_task_group_decorator.py
[2026-06-12T11:10:10.224+0000] {logging_mixin.py:188} INFO - [2026-06-12T11:10:10.224+0000] {dag.py:3036} INFO - Sync 1 DAGs
[2026-06-12T11:10:10.269+0000] {logging_mixin.py:188} INFO - [2026-06-12T11:10:10.268+0000] {dag.py:3823} INFO - Setting next_dagrun for example_task_group_decorator to 2026-06-11 00:00:00+00:00, run_after=2026-06-12 00:00:00+00:00
[2026-06-12T11:10:10.305+0000] {processor.py:183} INFO - Processing /home/airflow/.local/lib/python3.8/site-packages/airflow/example_dags/example_task_group_decorator.py took 0.181 seconds
[2026-06-12T11:10:40.574+0000] {processor.py:161} INFO - Started process (PID=1081) to work on /home/airflow/.local/lib/python3.8/site-packages/airflow/example_dags/example_task_group_decorator.py
[2026-06-12T11:10:40.576+0000] {processor.py:830} INFO - Processing file /home/airflow/.local/lib/python3.8/site-packages/airflow/example_dags/example_task_group_decorator.py for tasks to queue
[2026-06-12T11:10:40.579+0000] {logging_mixin.py:188} INFO - [2026-06-12T11:10:40.578+0000] {dagbag.py:538} INFO - Filling up the DagBag from /home/airflow/.local/lib/python3.8/site-packages/airflow/example_dags/example_task_group_decorator.py
[2026-06-12T11:10:40.610+0000] {processor.py:840} INFO - DAG(s) 'example_task_group_decorator' retrieved from /home/airflow/.local/lib/python3.8/site-packages/airflow/example_dags/example_task_group_decorator.py
[2026-06-12T11:10:40.654+0000] {logging_mixin.py:188} INFO - [2026-06-12T11:10:40.653+0000] {dag.py:3036} INFO - Sync 1 DAGs
[2026-06-12T11:10:40.695+0000] {logging_mixin.py:188} INFO - [2026-06-12T11:10:40.694+0000] {dag.py:3823} INFO - Setting next_dagrun for example_task_group_decorator to 2026-06-11 00:00:00+00:00, run_after=2026-06-12 00:00:00+00:00
[2026-06-12T11:10:40.727+0000] {processor.py:183} INFO - Processing /home/airflow/.local/lib/python3.8/site-packages/airflow/example_dags/example_task_group_decorator.py took 0.159 seconds
[2026-06-12T11:11:10.925+0000] {processor.py:161} INFO - Started process (PID=1147) to work on /home/airflow/.local/lib/python3.8/site-packages/airflow/example_dags/example_task_group_decorator.py
[2026-06-12T11:11:10.927+0000] {processor.py:830} INFO - Processing file /home/airflow/.local/lib/python3.8/site-packages/airflow/example_dags/example_task_group_decorator.py for tasks to queue
[2026-06-12T11:11:10.930+0000] {logging_mixin.py:188} INFO - [2026-06-12T11:11:10.929+0000] {dagbag.py:538} INFO - Filling up the DagBag from /home/airflow/.local/lib/python3.8/site-packages/airflow/example_dags/example_task_group_decorator.py
[2026-06-12T11:11:10.959+0000] {processor.py:840} INFO - DAG(s) 'example_task_group_decorator' retrieved from /home/airflow/.local/lib/python3.8/site-packages/airflow/example_dags/example_task_group_decorator.py
[2026-06-12T11:11:11.009+0000] {logging_mixin.py:188} INFO - [2026-06-12T11:11:11.009+0000] {dag.py:3036} INFO - Sync 1 DAGs
[2026-06-12T11:11:11.044+0000] {logging_mixin.py:188} INFO - [2026-06-12T11:11:11.043+0000] {dag.py:3823} INFO - Setting next_dagrun for example_task_group_decorator to 2026-06-11 00:00:00+00:00, run_after=2026-06-12 00:00:00+00:00
[2026-06-12T11:11:11.074+0000] {processor.py:183} INFO - Processing /home/airflow/.local/lib/python3.8/site-packages/airflow/example_dags/example_task_group_decorator.py took 0.161 seconds
[2026-06-12T11:11:41.510+0000] {processor.py:161} INFO - Started process (PID=1214) to work on /home/airflow/.local/lib/python3.8/site-packages/airflow/example_dags/example_task_group_decorator.py
[2026-06-12T11:11:41.512+0000] {processor.py:830} INFO - Processing file /home/airflow/.local/lib/python3.8/site-packages/airflow/example_dags/example_task_group_decorator.py for tasks to queue
[2026-06-12T11:11:41.515+0000] {logging_mixin.py:188} INFO - [2026-06-12T11:11:41.514+0000] {dagbag.py:538} INFO - Filling up the DagBag from /home/airflow/.local/lib/python3.8/site-packages/airflow/example_dags/example_task_group_decorator.py
[2026-06-12T11:11:41.544+0000] {processor.py:840} INFO - DAG(s) 'example_task_group_decorator' retrieved from /home/airflow/.local/lib/python3.8/site-packages/airflow/example_dags/example_task_group_decorator.py
[2026-06-12T11:11:41.599+0000] {logging_mixin.py:188} INFO - [2026-06-12T11:11:41.598+0000] {dag.py:3036} INFO - Sync 1 DAGs
[2026-06-12T11:11:41.650+0000] {logging_mixin.py:188} INFO - [2026-06-12T11:11:41.650+0000] {dag.py:3823} INFO - Setting next_dagrun for example_task_group_decorator to 2026-06-11 00:00:00+00:00, run_after=2026-06-12 00:00:00+00:00
[2026-06-12T11:11:41.682+0000] {processor.py:183} INFO - Processing /home/airflow/.local/lib/python3.8/site-packages/airflow/example_dags/example_task_group_decorator.py took 0.178 seconds
[2026-06-12T11:12:11.952+0000] {processor.py:161} INFO - Started process (PID=1280) to work on /home/airflow/.local/lib/python3.8/site-packages/airflow/example_dags/example_task_group_decorator.py
[2026-06-12T11:12:11.953+0000] {processor.py:830} INFO - Processing file /home/airflow/.local/lib/python3.8/site-packages/airflow/example_dags/example_task_group_decorator.py for tasks to queue
[2026-06-12T11:12:11.956+0000] {logging_mixin.py:188} INFO - [2026-06-12T11:12:11.955+0000] {dagbag.py:538} INFO - Filling up the DagBag from /home/airflow/.local/lib/python3.8/site-packages/airflow/example_dags/example_task_group_decorator.py
[2026-06-12T11:12:11.978+0000] {processor.py:840} INFO - DAG(s) 'example_task_group_decorator' retrieved from /home/airflow/.local/lib/python3.8/site-packages/airflow/example_dags/example_task_group_decorator.py
[2026-06-12T11:12:12.023+0000] {logging_mixin.py:188} INFO - [2026-06-12T11:12:12.022+0000] {dag.py:3036} INFO - Sync 1 DAGs
[2026-06-12T11:12:12.057+0000] {logging_mixin.py:188} INFO - [2026-06-12T11:12:12.056+0000] {dag.py:3823} INFO - Setting next_dagrun for example_task_group_decorator to 2026-06-11 00:00:00+00:00, run_after=2026-06-12 00:00:00+00:00
[2026-06-12T11:12:12.089+0000] {processor.py:183} INFO - Processing /home/airflow/.local/lib/python3.8/site-packages/airflow/example_dags/example_task_group_decorator.py took 0.141 seconds
[2026-06-12T11:12:42.235+0000] {processor.py:161} INFO - Started process (PID=1347) to work on /home/airflow/.local/lib/python3.8/site-packages/airflow/example_dags/example_task_group_decorator.py
[2026-06-12T11:12:42.237+0000] {processor.py:830} INFO - Processing file /home/airflow/.local/lib/python3.8/site-packages/airflow/example_dags/example_task_group_decorator.py for tasks to queue
[2026-06-12T11:12:42.240+0000] {logging_mixin.py:188} INFO - [2026-06-12T11:12:42.239+0000] {dagbag.py:538} INFO - Filling up the DagBag from /home/airflow/.local/lib/python3.8/site-packages/airflow/example_dags/example_task_group_decorator.py
[2026-06-12T11:12:42.263+0000] {processor.py:840} INFO - DAG(s) 'example_task_group_decorator' retrieved from /home/airflow/.local/lib/python3.8/site-packages/airflow/example_dags/example_task_group_decorator.py
[2026-06-12T11:12:42.309+0000] {logging_mixin.py:188} INFO - [2026-06-12T11:12:42.308+0000] {dag.py:3036} INFO - Sync 1 DAGs
[2026-06-12T11:12:42.341+0000] {logging_mixin.py:188} INFO - [2026-06-12T11:12:42.341+0000] {dag.py:3823} INFO - Setting next_dagrun for example_task_group_decorator to 2026-06-11 00:00:00+00:00, run_after=2026-06-12 00:00:00+00:00
[2026-06-12T11:12:42.370+0000] {processor.py:183} INFO - Processing /home/airflow/.local/lib/python3.8/site-packages/airflow/example_dags/example_task_group_decorator.py took 0.140 seconds
[2026-06-12T11:13:12.586+0000] {processor.py:161} INFO - Started process (PID=1413) to work on /home/airflow/.local/lib/python3.8/site-packages/airflow/example_dags/example_task_group_decorator.py
[2026-06-12T11:13:12.588+0000] {processor.py:830} INFO - Processing file /home/airflow/.local/lib/python3.8/site-packages/airflow/example_dags/example_task_group_decorator.py for tasks to queue
[2026-06-12T11:13:12.591+0000] {logging_mixin.py:188} INFO - [2026-06-12T11:13:12.590+0000] {dagbag.py:538} INFO - Filling up the DagBag from /home/airflow/.local/lib/python3.8/site-packages/airflow/example_dags/example_task_group_decorator.py
[2026-06-12T11:13:12.616+0000] {processor.py:840} INFO - DAG(s) 'example_task_group_decorator' retrieved from /home/airflow/.local/lib/python3.8/site-packages/airflow/example_dags/example_task_group_decorator.py
[2026-06-12T11:13:12.662+0000] {logging_mixin.py:188} INFO - [2026-06-12T11:13:12.662+0000] {dag.py:3036} INFO - Sync 1 DAGs
[2026-06-12T11:13:12.701+0000] {logging_mixin.py:188} INFO - [2026-06-12T11:13:12.701+0000] {dag.py:3823} INFO - Setting next_dagrun for example_task_group_decorator to 2026-06-11 00:00:00+00:00, run_after=2026-06-12 00:00:00+00:00
[2026-06-12T11:13:12.730+0000] {processor.py:183} INFO - Processing /home/airflow/.local/lib/python3.8/site-packages/airflow/example_dags/example_task_group_decorator.py took 0.148 seconds
[2026-06-12T11:13:43.218+0000] {processor.py:161} INFO - Started process (PID=1479) to work on /home/airflow/.local/lib/python3.8/site-packages/airflow/example_dags/example_task_group_decorator.py
[2026-06-12T11:13:43.220+0000] {processor.py:830} INFO - Processing file /home/airflow/.local/lib/python3.8/site-packages/airflow/example_dags/example_task_group_decorator.py for tasks to queue
[2026-06-12T11:13:43.222+0000] {logging_mixin.py:188} INFO - [2026-06-12T11:13:43.222+0000] {dagbag.py:538} INFO - Filling up the DagBag from /home/airflow/.local/lib/python3.8/site-packages/airflow/example_dags/example_task_group_decorator.py
[2026-06-12T11:13:43.248+0000] {processor.py:840} INFO - DAG(s) 'example_task_group_decorator' retrieved from /home/airflow/.local/lib/python3.8/site-packages/airflow/example_dags/example_task_group_decorator.py
[2026-06-12T11:13:43.292+0000] {logging_mixin.py:188} INFO - [2026-06-12T11:13:43.292+0000] {dag.py:3036} INFO - Sync 1 DAGs
[2026-06-12T11:13:43.332+0000] {logging_mixin.py:188} INFO - [2026-06-12T11:13:43.332+0000] {dag.py:3823} INFO - Setting next_dagrun for example_task_group_decorator to 2026-06-11 00:00:00+00:00, run_after=2026-06-12 00:00:00+00:00
[2026-06-12T11:13:43.361+0000] {processor.py:183} INFO - Processing /home/airflow/.local/lib/python3.8/site-packages/airflow/example_dags/example_task_group_decorator.py took 0.147 seconds
[2026-06-12T11:14:14.356+0000] {processor.py:161} INFO - Started process (PID=1546) to work on /home/airflow/.local/lib/python3.8/site-packages/airflow/example_dags/example_task_group_decorator.py
[2026-06-12T11:14:14.359+0000] {processor.py:830} INFO - Processing file /home/airflow/.local/lib/python3.8/site-packages/airflow/example_dags/example_task_group_decorator.py for tasks to queue
[2026-06-12T11:14:14.362+0000] {logging_mixin.py:188} INFO - [2026-06-12T11:14:14.361+0000] {dagbag.py:538} INFO - Filling up the DagBag from /home/airflow/.local/lib/python3.8/site-packages/airflow/example_dags/example_task_group_decorator.py
[2026-06-12T11:14:14.391+0000] {processor.py:840} INFO - DAG(s) 'example_task_group_decorator' retrieved from /home/airflow/.local/lib/python3.8/site-packages/airflow/example_dags/example_task_group_decorator.py
[2026-06-12T11:14:14.451+0000] {logging_mixin.py:188} INFO - [2026-06-12T11:14:14.450+0000] {dag.py:3036} INFO - Sync 1 DAGs
[2026-06-12T11:14:14.501+0000] {logging_mixin.py:188} INFO - [2026-06-12T11:14:14.500+0000] {dag.py:3823} INFO - Setting next_dagrun for example_task_group_decorator to 2026-06-11 00:00:00+00:00, run_after=2026-06-12 00:00:00+00:00
[2026-06-12T11:14:14.542+0000] {processor.py:183} INFO - Processing /home/airflow/.local/lib/python3.8/site-packages/airflow/example_dags/example_task_group_decorator.py took 0.191 seconds
[2026-06-12T11:14:44.997+0000] {processor.py:161} INFO - Started process (PID=1619) to work on /home/airflow/.local/lib/python3.8/site-packages/airflow/example_dags/example_task_group_decorator.py
[2026-06-12T11:14:44.999+0000] {processor.py:830} INFO - Processing file /home/airflow/.local/lib/python3.8/site-packages/airflow/example_dags/example_task_group_decorator.py for tasks to queue
[2026-06-12T11:14:45.002+0000] {logging_mixin.py:188} INFO - [2026-06-12T11:14:45.002+0000] {dagbag.py:538} INFO - Filling up the DagBag from /home/airflow/.local/lib/python3.8/site-packages/airflow/example_dags/example_task_group_decorator.py
[2026-06-12T11:14:45.033+0000] {processor.py:840} INFO - DAG(s) 'example_task_group_decorator' retrieved from /home/airflow/.local/lib/python3.8/site-packages/airflow/example_dags/example_task_group_decorator.py
[2026-06-12T11:14:45.088+0000] {logging_mixin.py:188} INFO - [2026-06-12T11:14:45.087+0000] {dag.py:3036} INFO - Sync 1 DAGs
[2026-06-12T11:14:45.144+0000] {logging_mixin.py:188} INFO - [2026-06-12T11:14:45.144+0000] {dag.py:3823} INFO - Setting next_dagrun for example_task_group_decorator to 2026-06-11 00:00:00+00:00, run_after=2026-06-12 00:00:00+00:00
[2026-06-12T11:14:45.185+0000] {processor.py:183} INFO - Processing /home/airflow/.local/lib/python3.8/site-packages/airflow/example_dags/example_task_group_decorator.py took 0.195 seconds
[2026-06-12T11:15:15.277+0000] {processor.py:161} INFO - Started process (PID=1686) to work on /home/airflow/.local/lib/python3.8/site-packages/airflow/example_dags/example_task_group_decorator.py
[2026-06-12T11:15:15.279+0000] {processor.py:830} INFO - Processing file /home/airflow/.local/lib/python3.8/site-packages/airflow/example_dags/example_task_group_decorator.py for tasks to queue
[2026-06-12T11:15:15.282+0000] {logging_mixin.py:188} INFO - [2026-06-12T11:15:15.281+0000] {dagbag.py:538} INFO - Filling up the DagBag from /home/airflow/.local/lib/python3.8/site-packages/airflow/example_dags/example_task_group_decorator.py
[2026-06-12T11:15:15.315+0000] {processor.py:840} INFO - DAG(s) 'example_task_group_decorator' retrieved from /home/airflow/.local/lib/python3.8/site-packages/airflow/example_dags/example_task_group_decorator.py
[2026-06-12T11:15:15.369+0000] {logging_mixin.py:188} INFO - [2026-06-12T11:15:15.369+0000] {dag.py:3036} INFO - Sync 1 DAGs
[2026-06-12T11:15:15.427+0000] {logging_mixin.py:188} INFO - [2026-06-12T11:15:15.427+0000] {dag.py:3823} INFO - Setting next_dagrun for example_task_group_decorator to 2026-06-11 00:00:00+00:00, run_after=2026-06-12 00:00:00+00:00
[2026-06-12T11:15:15.469+0000] {processor.py:183} INFO - Processing /home/airflow/.local/lib/python3.8/site-packages/airflow/example_dags/example_task_group_decorator.py took 0.199 seconds
[2026-06-12T11:15:45.753+0000] {processor.py:161} INFO - Started process (PID=1752) to work on /home/airflow/.local/lib/python3.8/site-packages/airflow/example_dags/example_task_group_decorator.py
[2026-06-12T11:15:45.754+0000] {processor.py:830} INFO - Processing file /home/airflow/.local/lib/python3.8/site-packages/airflow/example_dags/example_task_group_decorator.py for tasks to queue
[2026-06-12T11:15:45.757+0000] {logging_mixin.py:188} INFO - [2026-06-12T11:15:45.757+0000] {dagbag.py:538} INFO - Filling up the DagBag from /home/airflow/.local/lib/python3.8/site-packages/airflow/example_dags/example_task_group_decorator.py
[2026-06-12T11:15:45.793+0000] {processor.py:840} INFO - DAG(s) 'example_task_group_decorator' retrieved from /home/airflow/.local/lib/python3.8/site-packages/airflow/example_dags/example_task_group_decorator.py
[2026-06-12T11:15:45.845+0000] {logging_mixin.py:188} INFO - [2026-06-12T11:15:45.845+0000] {dag.py:3036} INFO - Sync 1 DAGs
[2026-06-12T11:15:45.890+0000] {logging_mixin.py:188} INFO - [2026-06-12T11:15:45.890+0000] {dag.py:3823} INFO - Setting next_dagrun for example_task_group_decorator to 2026-06-11 00:00:00+00:00, run_after=2026-06-12 00:00:00+00:00
[2026-06-12T11:15:45.952+0000] {processor.py:183} INFO - Processing /home/airflow/.local/lib/python3.8/site-packages/airflow/example_dags/example_task_group_decorator.py took 0.205 seconds
[2026-06-12T11:16:16.476+0000] {processor.py:161} INFO - Started process (PID=1817) to work on /home/airflow/.local/lib/python3.8/site-packages/airflow/example_dags/example_task_group_decorator.py
[2026-06-12T11:16:16.478+0000] {processor.py:830} INFO - Processing file /home/airflow/.local/lib/python3.8/site-packages/airflow/example_dags/example_task_group_decorator.py for tasks to queue
[2026-06-12T11:16:16.481+0000] {logging_mixin.py:188} INFO - [2026-06-12T11:16:16.481+0000] {dagbag.py:538} INFO - Filling up the DagBag from /home/airflow/.local/lib/python3.8/site-packages/airflow/example_dags/example_task_group_decorator.py
[2026-06-12T11:16:16.511+0000] {processor.py:840} INFO - DAG(s) 'example_task_group_decorator' retrieved from /home/airflow/.local/lib/python3.8/site-packages/airflow/example_dags/example_task_group_decorator.py
[2026-06-12T11:16:16.565+0000] {logging_mixin.py:188} INFO - [2026-06-12T11:16:16.564+0000] {dag.py:3036} INFO - Sync 1 DAGs
[2026-06-12T11:16:16.606+0000] {logging_mixin.py:188} INFO - [2026-06-12T11:16:16.606+0000] {dag.py:3823} INFO - Setting next_dagrun for example_task_group_decorator to 2026-06-11 00:00:00+00:00, run_after=2026-06-12 00:00:00+00:00
[2026-06-12T11:16:16.637+0000] {processor.py:183} INFO - Processing /home/airflow/.local/lib/python3.8/site-packages/airflow/example_dags/example_task_group_decorator.py took 0.167 seconds
[2026-06-12T11:16:47.026+0000] {processor.py:161} INFO - Started process (PID=1883) to work on /home/airflow/.local/lib/python3.8/site-packages/airflow/example_dags/example_task_group_decorator.py
[2026-06-12T11:16:47.028+0000] {processor.py:830} INFO - Processing file /home/airflow/.local/lib/python3.8/site-packages/airflow/example_dags/example_task_group_decorator.py for tasks to queue
[2026-06-12T11:16:47.030+0000] {logging_mixin.py:188} INFO - [2026-06-12T11:16:47.030+0000] {dagbag.py:538} INFO - Filling up the DagBag from /home/airflow/.local/lib/python3.8/site-packages/airflow/example_dags/example_task_group_decorator.py
[2026-06-12T11:16:47.053+0000] {processor.py:840} INFO - DAG(s) 'example_task_group_decorator' retrieved from /home/airflow/.local/lib/python3.8/site-packages/airflow/example_dags/example_task_group_decorator.py
[2026-06-12T11:16:47.098+0000] {logging_mixin.py:188} INFO - [2026-06-12T11:16:47.098+0000] {dag.py:3036} INFO - Sync 1 DAGs
[2026-06-12T11:16:47.134+0000] {logging_mixin.py:188} INFO - [2026-06-12T11:16:47.134+0000] {dag.py:3823} INFO - Setting next_dagrun for example_task_group_decorator to 2026-06-11 00:00:00+00:00, run_after=2026-06-12 00:00:00+00:00
[2026-06-12T11:16:47.169+0000] {processor.py:183} INFO - Processing /home/airflow/.local/lib/python3.8/site-packages/airflow/example_dags/example_task_group_decorator.py took 0.148 seconds
[2026-06-12T11:17:17.517+0000] {processor.py:161} INFO - Started process (PID=1948) to work on /home/airflow/.local/lib/python3.8/site-packages/airflow/example_dags/example_task_group_decorator.py
[2026-06-12T11:17:17.519+0000] {processor.py:830} INFO - Processing file /home/airflow/.local/lib/python3.8/site-packages/airflow/example_dags/example_task_group_decorator.py for tasks to queue
[2026-06-12T11:17:17.521+0000] {logging_mixin.py:188} INFO - [2026-06-12T11:17:17.521+0000] {dagbag.py:538} INFO - Filling up the DagBag from /home/airflow/.local/lib/python3.8/site-packages/airflow/example_dags/example_task_group_decorator.py
[2026-06-12T11:17:17.550+0000] {processor.py:840} INFO - DAG(s) 'example_task_group_decorator' retrieved from /home/airflow/.local/lib/python3.8/site-packages/airflow/example_dags/example_task_group_decorator.py
[2026-06-12T11:17:17.592+0000] {logging_mixin.py:188} INFO - [2026-06-12T11:17:17.591+0000] {dag.py:3036} INFO - Sync 1 DAGs
[2026-06-12T11:17:17.626+0000] {logging_mixin.py:188} INFO - [2026-06-12T11:17:17.625+0000] {dag.py:3823} INFO - Setting next_dagrun for example_task_group_decorator to 2026-06-11 00:00:00+00:00, run_after=2026-06-12 00:00:00+00:00
[2026-06-12T11:17:17.652+0000] {processor.py:183} INFO - Processing /home/airflow/.local/lib/python3.8/site-packages/airflow/example_dags/example_task_group_decorator.py took 0.141 seconds
[2026-06-12T11:17:47.889+0000] {processor.py:161} INFO - Started process (PID=2014) to work on /home/airflow/.local/lib/python3.8/site-packages/airflow/example_dags/example_task_group_decorator.py
[2026-06-12T11:17:47.891+0000] {processor.py:830} INFO - Processing file /home/airflow/.local/lib/python3.8/site-packages/airflow/example_dags/example_task_group_decorator.py for tasks to queue
[2026-06-12T11:17:47.894+0000] {logging_mixin.py:188} INFO - [2026-06-12T11:17:47.894+0000] {dagbag.py:538} INFO - Filling up the DagBag from /home/airflow/.local/lib/python3.8/site-packages/airflow/example_dags/example_task_group_decorator.py
[2026-06-12T11:17:47.919+0000] {processor.py:840} INFO - DAG(s) 'example_task_group_decorator' retrieved from /home/airflow/.local/lib/python3.8/site-packages/airflow/example_dags/example_task_group_decorator.py
[2026-06-12T11:17:47.966+0000] {logging_mixin.py:188} INFO - [2026-06-12T11:17:47.965+0000] {dag.py:3036} INFO - Sync 1 DAGs
[2026-06-12T11:17:48.003+0000] {logging_mixin.py:188} INFO - [2026-06-12T11:17:48.003+0000] {dag.py:3823} INFO - Setting next_dagrun for example_task_group_decorator to 2026-06-11 00:00:00+00:00, run_after=2026-06-12 00:00:00+00:00
[2026-06-12T11:17:48.035+0000] {processor.py:183} INFO - Processing /home/airflow/.local/lib/python3.8/site-packages/airflow/example_dags/example_task_group_decorator.py took 0.152 seconds
[2026-06-12T11:18:18.137+0000] {processor.py:161} INFO - Started process (PID=2080) to work on /home/airflow/.local/lib/python3.8/site-packages/airflow/example_dags/example_task_group_decorator.py
[2026-06-12T11:18:18.138+0000] {processor.py:830} INFO - Processing file /home/airflow/.local/lib/python3.8/site-packages/airflow/example_dags/example_task_group_decorator.py for tasks to queue
[2026-06-12T11:18:18.141+0000] {logging_mixin.py:188} INFO - [2026-06-12T11:18:18.141+0000] {dagbag.py:538} INFO - Filling up the DagBag from /home/airflow/.local/lib/python3.8/site-packages/airflow/example_dags/example_task_group_decorator.py
[2026-06-12T11:18:18.171+0000] {processor.py:840} INFO - DAG(s) 'example_task_group_decorator' retrieved from /home/airflow/.local/lib/python3.8/site-packages/airflow/example_dags/example_task_group_decorator.py
[2026-06-12T11:18:18.250+0000] {logging_mixin.py:188} INFO - [2026-06-12T11:18:18.250+0000] {dag.py:3036} INFO - Sync 1 DAGs
[2026-06-12T11:18:18.290+0000] {logging_mixin.py:188} INFO - [2026-06-12T11:18:18.289+0000] {dag.py:3823} INFO - Setting next_dagrun for example_task_group_decorator to 2026-06-11 00:00:00+00:00, run_after=2026-06-12 00:00:00+00:00
[2026-06-12T11:18:18.321+0000] {processor.py:183} INFO - Processing /home/airflow/.local/lib/python3.8/site-packages/airflow/example_dags/example_task_group_decorator.py took 0.190 seconds
[2026-06-12T11:18:48.402+0000] {processor.py:161} INFO - Started process (PID=2146) to work on /home/airflow/.local/lib/python3.8/site-packages/airflow/example_dags/example_task_group_decorator.py
[2026-06-12T11:18:48.404+0000] {processor.py:830} INFO - Processing file /home/airflow/.local/lib/python3.8/site-packages/airflow/example_dags/example_task_group_decorator.py for tasks to queue
[2026-06-12T11:18:48.407+0000] {logging_mixin.py:188} INFO - [2026-06-12T11:18:48.406+0000] {dagbag.py:538} INFO - Filling up the DagBag from /home/airflow/.local/lib/python3.8/site-packages/airflow/example_dags/example_task_group_decorator.py
[2026-06-12T11:18:48.438+0000] {processor.py:840} INFO - DAG(s) 'example_task_group_decorator' retrieved from /home/airflow/.local/lib/python3.8/site-packages/airflow/example_dags/example_task_group_decorator.py
[2026-06-12T11:18:48.492+0000] {logging_mixin.py:188} INFO - [2026-06-12T11:18:48.492+0000] {dag.py:3036} INFO - Sync 1 DAGs
[2026-06-12T11:18:48.536+0000] {logging_mixin.py:188} INFO - [2026-06-12T11:18:48.535+0000] {dag.py:3823} INFO - Setting next_dagrun for example_task_group_decorator to 2026-06-11 00:00:00+00:00, run_after=2026-06-12 00:00:00+00:00
[2026-06-12T11:18:48.570+0000] {processor.py:183} INFO - Processing /home/airflow/.local/lib/python3.8/site-packages/airflow/example_dags/example_task_group_decorator.py took 0.174 seconds
[2026-06-12T11:19:18.679+0000] {processor.py:161} INFO - Started process (PID=2212) to work on /home/airflow/.local/lib/python3.8/site-packages/airflow/example_dags/example_task_group_decorator.py
[2026-06-12T11:19:18.680+0000] {processor.py:830} INFO - Processing file /home/airflow/.local/lib/python3.8/site-packages/airflow/example_dags/example_task_group_decorator.py for tasks to queue
[2026-06-12T11:19:18.683+0000] {logging_mixin.py:188} INFO - [2026-06-12T11:19:18.682+0000] {dagbag.py:538} INFO - Filling up the DagBag from /home/airflow/.local/lib/python3.8/site-packages/airflow/example_dags/example_task_group_decorator.py
[2026-06-12T11:19:18.712+0000] {processor.py:840} INFO - DAG(s) 'example_task_group_decorator' retrieved from /home/airflow/.local/lib/python3.8/site-packages/airflow/example_dags/example_task_group_decorator.py
[2026-06-12T11:19:18.767+0000] {logging_mixin.py:188} INFO - [2026-06-12T11:19:18.766+0000] {dag.py:3036} INFO - Sync 1 DAGs
[2026-06-12T11:19:18.810+0000] {logging_mixin.py:188} INFO - [2026-06-12T11:19:18.809+0000] {dag.py:3823} INFO - Setting next_dagrun for example_task_group_decorator to 2026-06-11 00:00:00+00:00, run_after=2026-06-12 00:00:00+00:00
[2026-06-12T11:19:18.843+0000] {processor.py:183} INFO - Processing /home/airflow/.local/lib/python3.8/site-packages/airflow/example_dags/example_task_group_decorator.py took 0.170 seconds
[2026-06-12T11:19:48.887+0000] {processor.py:161} INFO - Started process (PID=2277) to work on /home/airflow/.local/lib/python3.8/site-packages/airflow/example_dags/example_task_group_decorator.py
[2026-06-12T11:19:48.889+0000] {processor.py:830} INFO - Processing file /home/airflow/.local/lib/python3.8/site-packages/airflow/example_dags/example_task_group_decorator.py for tasks to queue
[2026-06-12T11:19:48.892+0000] {logging_mixin.py:188} INFO - [2026-06-12T11:19:48.892+0000] {dagbag.py:538} INFO - Filling up the DagBag from /home/airflow/.local/lib/python3.8/site-packages/airflow/example_dags/example_task_group_decorator.py
[2026-06-12T11:19:48.919+0000] {processor.py:840} INFO - DAG(s) 'example_task_group_decorator' retrieved from /home/airflow/.local/lib/python3.8/site-packages/airflow/example_dags/example_task_group_decorator.py
[2026-06-12T11:19:48.963+0000] {logging_mixin.py:188} INFO - [2026-06-12T11:19:48.963+0000] {dag.py:3036} INFO - Sync 1 DAGs
[2026-06-12T11:19:49.002+0000] {logging_mixin.py:188} INFO - [2026-06-12T11:19:49.002+0000] {dag.py:3823} INFO - Setting next_dagrun for example_task_group_decorator to 2026-06-11 00:00:00+00:00, run_after=2026-06-12 00:00:00+00:00
[2026-06-12T11:19:49.045+0000] {processor.py:183} INFO - Processing /home/airflow/.local/lib/python3.8/site-packages/airflow/example_dags/example_task_group_decorator.py took 0.162 seconds
[2026-06-12T11:20:19.142+0000] {processor.py:161} INFO - Started process (PID=2351) to work on /home/airflow/.local/lib/python3.8/site-packages/airflow/example_dags/example_task_group_decorator.py
[2026-06-12T11:20:19.143+0000] {processor.py:830} INFO - Processing file /home/airflow/.local/lib/python3.8/site-packages/airflow/example_dags/example_task_group_decorator.py for tasks to queue
[2026-06-12T11:20:19.145+0000] {logging_mixin.py:188} INFO - [2026-06-12T11:20:19.145+0000] {dagbag.py:538} INFO - Filling up the DagBag from /home/airflow/.local/lib/python3.8/site-packages/airflow/example_dags/example_task_group_decorator.py
[2026-06-12T11:20:19.172+0000] {processor.py:840} INFO - DAG(s) 'example_task_group_decorator' retrieved from /home/airflow/.local/lib/python3.8/site-packages/airflow/example_dags/example_task_group_decorator.py
[2026-06-12T11:20:19.227+0000] {logging_mixin.py:188} INFO - [2026-06-12T11:20:19.226+0000] {dag.py:3036} INFO - Sync 1 DAGs
[2026-06-12T11:20:19.269+0000] {logging_mixin.py:188} INFO - [2026-06-12T11:20:19.268+0000] {dag.py:3823} INFO - Setting next_dagrun for example_task_group_decorator to 2026-06-11 00:00:00+00:00, run_after=2026-06-12 00:00:00+00:00
[2026-06-12T11:20:19.309+0000] {processor.py:183} INFO - Processing /home/airflow/.local/lib/python3.8/site-packages/airflow/example_dags/example_task_group_decorator.py took 0.171 seconds
[2026-06-12T11:20:49.793+0000] {processor.py:161} INFO - Started process (PID=2418) to work on /home/airflow/.local/lib/python3.8/site-packages/airflow/example_dags/example_task_group_decorator.py
[2026-06-12T11:20:49.795+0000] {processor.py:830} INFO - Processing file /home/airflow/.local/lib/python3.8/site-packages/airflow/example_dags/example_task_group_decorator.py for tasks to queue
[2026-06-12T11:20:49.798+0000] {logging_mixin.py:188} INFO - [2026-06-12T11:20:49.798+0000] {dagbag.py:538} INFO - Filling up the DagBag from /home/airflow/.local/lib/python3.8/site-packages/airflow/example_dags/example_task_group_decorator.py
[2026-06-12T11:20:49.828+0000] {processor.py:840} INFO - DAG(s) 'example_task_group_decorator' retrieved from /home/airflow/.local/lib/python3.8/site-packages/airflow/example_dags/example_task_group_decorator.py
[2026-06-12T11:20:49.877+0000] {logging_mixin.py:188} INFO - [2026-06-12T11:20:49.876+0000] {dag.py:3036} INFO - Sync 1 DAGs
[2026-06-12T11:20:49.912+0000] {logging_mixin.py:188} INFO - [2026-06-12T11:20:49.911+0000] {dag.py:3823} INFO - Setting next_dagrun for example_task_group_decorator to 2026-06-11 00:00:00+00:00, run_after=2026-06-12 00:00:00+00:00
[2026-06-12T11:20:49.945+0000] {processor.py:183} INFO - Processing /home/airflow/.local/lib/python3.8/site-packages/airflow/example_dags/example_task_group_decorator.py took 0.158 seconds
[2026-06-12T11:21:20.513+0000] {processor.py:161} INFO - Started process (PID=2484) to work on /home/airflow/.local/lib/python3.8/site-packages/airflow/example_dags/example_task_group_decorator.py
[2026-06-12T11:21:20.515+0000] {processor.py:830} INFO - Processing file /home/airflow/.local/lib/python3.8/site-packages/airflow/example_dags/example_task_group_decorator.py for tasks to queue
[2026-06-12T11:21:20.517+0000] {logging_mixin.py:188} INFO - [2026-06-12T11:21:20.517+0000] {dagbag.py:538} INFO - Filling up the DagBag from /home/airflow/.local/lib/python3.8/site-packages/airflow/example_dags/example_task_group_decorator.py
[2026-06-12T11:21:20.546+0000] {processor.py:840} INFO - DAG(s) 'example_task_group_decorator' retrieved from /home/airflow/.local/lib/python3.8/site-packages/airflow/example_dags/example_task_group_decorator.py
[2026-06-12T11:21:20.590+0000] {logging_mixin.py:188} INFO - [2026-06-12T11:21:20.590+0000] {dag.py:3036} INFO - Sync 1 DAGs
[2026-06-12T11:21:20.625+0000] {logging_mixin.py:188} INFO - [2026-06-12T11:21:20.625+0000] {dag.py:3823} INFO - Setting next_dagrun for example_task_group_decorator to 2026-06-11 00:00:00+00:00, run_after=2026-06-12 00:00:00+00:00
[2026-06-12T11:21:20.653+0000] {processor.py:183} INFO - Processing /home/airflow/.local/lib/python3.8/site-packages/airflow/example_dags/example_task_group_decorator.py took 0.146 seconds
[2026-06-12T11:21:51.090+0000] {processor.py:161} INFO - Started process (PID=2550) to work on /home/airflow/.local/lib/python3.8/site-packages/airflow/example_dags/example_task_group_decorator.py
[2026-06-12T11:21:51.092+0000] {processor.py:830} INFO - Processing file /home/airflow/.local/lib/python3.8/site-packages/airflow/example_dags/example_task_group_decorator.py for tasks to queue
[2026-06-12T11:21:51.095+0000] {logging_mixin.py:188} INFO - [2026-06-12T11:21:51.094+0000] {dagbag.py:538} INFO - Filling up the DagBag from /home/airflow/.local/lib/python3.8/site-packages/airflow/example_dags/example_task_group_decorator.py
[2026-06-12T11:21:51.120+0000] {processor.py:840} INFO - DAG(s) 'example_task_group_decorator' retrieved from /home/airflow/.local/lib/python3.8/site-packages/airflow/example_dags/example_task_group_decorator.py
[2026-06-12T11:21:51.166+0000] {logging_mixin.py:188} INFO - [2026-06-12T11:21:51.165+0000] {dag.py:3036} INFO - Sync 1 DAGs
[2026-06-12T11:21:51.201+0000] {logging_mixin.py:188} INFO - [2026-06-12T11:21:51.201+0000] {dag.py:3823} INFO - Setting next_dagrun for example_task_group_decorator to 2026-06-11 00:00:00+00:00, run_after=2026-06-12 00:00:00+00:00
[2026-06-12T11:21:51.226+0000] {processor.py:183} INFO - Processing /home/airflow/.local/lib/python3.8/site-packages/airflow/example_dags/example_task_group_decorator.py took 0.141 seconds
[2026-06-12T11:22:21.903+0000] {processor.py:161} INFO - Started process (PID=2616) to work on /home/airflow/.local/lib/python3.8/site-packages/airflow/example_dags/example_task_group_decorator.py
[2026-06-12T11:22:21.904+0000] {processor.py:830} INFO - Processing file /home/airflow/.local/lib/python3.8/site-packages/airflow/example_dags/example_task_group_decorator.py for tasks to queue
[2026-06-12T11:22:21.907+0000] {logging_mixin.py:188} INFO - [2026-06-12T11:22:21.907+0000] {dagbag.py:538} INFO - Filling up the DagBag from /home/airflow/.local/lib/python3.8/site-packages/airflow/example_dags/example_task_group_decorator.py
[2026-06-12T11:22:21.937+0000] {processor.py:840} INFO - DAG(s) 'example_task_group_decorator' retrieved from /home/airflow/.local/lib/python3.8/site-packages/airflow/example_dags/example_task_group_decorator.py
[2026-06-12T11:22:21.994+0000] {logging_mixin.py:188} INFO - [2026-06-12T11:22:21.994+0000] {dag.py:3036} INFO - Sync 1 DAGs
[2026-06-12T11:22:22.041+0000] {logging_mixin.py:188} INFO - [2026-06-12T11:22:22.040+0000] {dag.py:3823} INFO - Setting next_dagrun for example_task_group_decorator to 2026-06-11 00:00:00+00:00, run_after=2026-06-12 00:00:00+00:00
[2026-06-12T11:22:22.085+0000] {processor.py:183} INFO - Processing /home/airflow/.local/lib/python3.8/site-packages/airflow/example_dags/example_task_group_decorator.py took 0.188 seconds
[2026-06-12T11:22:52.620+0000] {processor.py:161} INFO - Started process (PID=2682) to work on /home/airflow/.local/lib/python3.8/site-packages/airflow/example_dags/example_task_group_decorator.py
[2026-06-12T11:22:52.621+0000] {processor.py:830} INFO - Processing file /home/airflow/.local/lib/python3.8/site-packages/airflow/example_dags/example_task_group_decorator.py for tasks to queue
[2026-06-12T11:22:52.624+0000] {logging_mixin.py:188} INFO - [2026-06-12T11:22:52.623+0000] {dagbag.py:538} INFO - Filling up the DagBag from /home/airflow/.local/lib/python3.8/site-packages/airflow/example_dags/example_task_group_decorator.py
[2026-06-12T11:22:52.647+0000] {processor.py:840} INFO - DAG(s) 'example_task_group_decorator' retrieved from /home/airflow/.local/lib/python3.8/site-packages/airflow/example_dags/example_task_group_decorator.py
[2026-06-12T11:22:52.694+0000] {logging_mixin.py:188} INFO - [2026-06-12T11:22:52.694+0000] {dag.py:3036} INFO - Sync 1 DAGs
[2026-06-12T11:22:52.734+0000] {logging_mixin.py:188} INFO - [2026-06-12T11:22:52.734+0000] {dag.py:3823} INFO - Setting next_dagrun for example_task_group_decorator to 2026-06-11 00:00:00+00:00, run_after=2026-06-12 00:00:00+00:00
[2026-06-12T11:22:52.762+0000] {processor.py:183} INFO - Processing /home/airflow/.local/lib/python3.8/site-packages/airflow/example_dags/example_task_group_decorator.py took 0.148 seconds
[2026-06-12T11:23:23.041+0000] {processor.py:161} INFO - Started process (PID=2748) to work on /home/airflow/.local/lib/python3.8/site-packages/airflow/example_dags/example_task_group_decorator.py
[2026-06-12T11:23:23.043+0000] {processor.py:830} INFO - Processing file /home/airflow/.local/lib/python3.8/site-packages/airflow/example_dags/example_task_group_decorator.py for tasks to queue
[2026-06-12T11:23:23.047+0000] {logging_mixin.py:188} INFO - [2026-06-12T11:23:23.046+0000] {dagbag.py:538} INFO - Filling up the DagBag from /home/airflow/.local/lib/python3.8/site-packages/airflow/example_dags/example_task_group_decorator.py
[2026-06-12T11:23:23.075+0000] {processor.py:840} INFO - DAG(s) 'example_task_group_decorator' retrieved from /home/airflow/.local/lib/python3.8/site-packages/airflow/example_dags/example_task_group_decorator.py
[2026-06-12T11:23:23.124+0000] {logging_mixin.py:188} INFO - [2026-06-12T11:23:23.124+0000] {dag.py:3036} INFO - Sync 1 DAGs
[2026-06-12T11:23:23.163+0000] {logging_mixin.py:188} INFO - [2026-06-12T11:23:23.163+0000] {dag.py:3823} INFO - Setting next_dagrun for example_task_group_decorator to 2026-06-11 00:00:00+00:00, run_after=2026-06-12 00:00:00+00:00
[2026-06-12T11:23:23.379+0000] {processor.py:183} INFO - Processing /home/airflow/.local/lib/python3.8/site-packages/airflow/example_dags/example_task_group_decorator.py took 0.343 seconds
[2026-06-12T11:23:54.154+0000] {processor.py:161} INFO - Started process (PID=2820) to work on /home/airflow/.local/lib/python3.8/site-packages/airflow/example_dags/example_task_group_decorator.py
[2026-06-12T11:23:54.156+0000] {processor.py:830} INFO - Processing file /home/airflow/.local/lib/python3.8/site-packages/airflow/example_dags/example_task_group_decorator.py for tasks to queue
[2026-06-12T11:23:54.160+0000] {logging_mixin.py:188} INFO - [2026-06-12T11:23:54.158+0000] {dagbag.py:538} INFO - Filling up the DagBag from /home/airflow/.local/lib/python3.8/site-packages/airflow/example_dags/example_task_group_decorator.py
[2026-06-12T11:23:54.192+0000] {processor.py:840} INFO - DAG(s) 'example_task_group_decorator' retrieved from /home/airflow/.local/lib/python3.8/site-packages/airflow/example_dags/example_task_group_decorator.py
[2026-06-12T11:23:54.253+0000] {logging_mixin.py:188} INFO - [2026-06-12T11:23:54.252+0000] {dag.py:3036} INFO - Sync 1 DAGs
[2026-06-12T11:23:54.322+0000] {logging_mixin.py:188} INFO - [2026-06-12T11:23:54.322+0000] {dag.py:3823} INFO - Setting next_dagrun for example_task_group_decorator to 2026-06-11 00:00:00+00:00, run_after=2026-06-12 00:00:00+00:00
[2026-06-12T11:23:54.353+0000] {processor.py:183} INFO - Processing /home/airflow/.local/lib/python3.8/site-packages/airflow/example_dags/example_task_group_decorator.py took 0.205 seconds
[2026-06-12T11:24:24.803+0000] {processor.py:161} INFO - Started process (PID=2887) to work on /home/airflow/.local/lib/python3.8/site-packages/airflow/example_dags/example_task_group_decorator.py
[2026-06-12T11:24:24.805+0000] {processor.py:830} INFO - Processing file /home/airflow/.local/lib/python3.8/site-packages/airflow/example_dags/example_task_group_decorator.py for tasks to queue
[2026-06-12T11:24:24.807+0000] {logging_mixin.py:188} INFO - [2026-06-12T11:24:24.807+0000] {dagbag.py:538} INFO - Filling up the DagBag from /home/airflow/.local/lib/python3.8/site-packages/airflow/example_dags/example_task_group_decorator.py
[2026-06-12T11:24:24.834+0000] {processor.py:840} INFO - DAG(s) 'example_task_group_decorator' retrieved from /home/airflow/.local/lib/python3.8/site-packages/airflow/example_dags/example_task_group_decorator.py
[2026-06-12T11:24:24.881+0000] {logging_mixin.py:188} INFO - [2026-06-12T11:24:24.881+0000] {dag.py:3036} INFO - Sync 1 DAGs
[2026-06-12T11:24:24.915+0000] {logging_mixin.py:188} INFO - [2026-06-12T11:24:24.915+0000] {dag.py:3823} INFO - Setting next_dagrun for example_task_group_decorator to 2026-06-11 00:00:00+00:00, run_after=2026-06-12 00:00:00+00:00
[2026-06-12T11:24:24.945+0000] {processor.py:183} INFO - Processing /home/airflow/.local/lib/python3.8/site-packages/airflow/example_dags/example_task_group_decorator.py took 0.147 seconds
[2026-06-12T11:24:55.619+0000] {processor.py:161} INFO - Started process (PID=2953) to work on /home/airflow/.local/lib/python3.8/site-packages/airflow/example_dags/example_task_group_decorator.py
[2026-06-12T11:24:55.620+0000] {processor.py:830} INFO - Processing file /home/airflow/.local/lib/python3.8/site-packages/airflow/example_dags/example_task_group_decorator.py for tasks to queue
[2026-06-12T11:24:55.624+0000] {logging_mixin.py:188} INFO - [2026-06-12T11:24:55.623+0000] {dagbag.py:538} INFO - Filling up the DagBag from /home/airflow/.local/lib/python3.8/site-packages/airflow/example_dags/example_task_group_decorator.py
[2026-06-12T11:24:55.655+0000] {processor.py:840} INFO - DAG(s) 'example_task_group_decorator' retrieved from /home/airflow/.local/lib/python3.8/site-packages/airflow/example_dags/example_task_group_decorator.py
[2026-06-12T11:24:55.708+0000] {logging_mixin.py:188} INFO - [2026-06-12T11:24:55.708+0000] {dag.py:3036} INFO - Sync 1 DAGs
[2026-06-12T11:24:55.756+0000] {logging_mixin.py:188} INFO - [2026-06-12T11:24:55.756+0000] {dag.py:3823} INFO - Setting next_dagrun for example_task_group_decorator to 2026-06-11 00:00:00+00:00, run_after=2026-06-12 00:00:00+00:00
[2026-06-12T11:24:55.790+0000] {processor.py:183} INFO - Processing /home/airflow/.local/lib/python3.8/site-packages/airflow/example_dags/example_task_group_decorator.py took 0.177 seconds
[2026-06-12T11:25:26.725+0000] {processor.py:161} INFO - Started process (PID=3018) to work on /home/airflow/.local/lib/python3.8/site-packages/airflow/example_dags/example_task_group_decorator.py
[2026-06-12T11:25:26.728+0000] {processor.py:830} INFO - Processing file /home/airflow/.local/lib/python3.8/site-packages/airflow/example_dags/example_task_group_decorator.py for tasks to queue
[2026-06-12T11:25:26.731+0000] {logging_mixin.py:188} INFO - [2026-06-12T11:25:26.730+0000] {dagbag.py:538} INFO - Filling up the DagBag from /home/airflow/.local/lib/python3.8/site-packages/airflow/example_dags/example_task_group_decorator.py
[2026-06-12T11:25:26.763+0000] {processor.py:840} INFO - DAG(s) 'example_task_group_decorator' retrieved from /home/airflow/.local/lib/python3.8/site-packages/airflow/example_dags/example_task_group_decorator.py
[2026-06-12T11:25:26.818+0000] {logging_mixin.py:188} INFO - [2026-06-12T11:25:26.817+0000] {dag.py:3036} INFO - Sync 1 DAGs
[2026-06-12T11:25:27.109+0000] {logging_mixin.py:188} INFO - [2026-06-12T11:25:27.109+0000] {dag.py:3823} INFO - Setting next_dagrun for example_task_group_decorator to 2026-06-11 00:00:00+00:00, run_after=2026-06-12 00:00:00+00:00
[2026-06-12T11:25:27.148+0000] {processor.py:183} INFO - Processing /home/airflow/.local/lib/python3.8/site-packages/airflow/example_dags/example_task_group_decorator.py took 0.428 seconds
[2026-06-12T11:25:57.401+0000] {processor.py:161} INFO - Started process (PID=3083) to work on /home/airflow/.local/lib/python3.8/site-packages/airflow/example_dags/example_task_group_decorator.py
[2026-06-12T11:25:57.403+0000] {processor.py:830} INFO - Processing file /home/airflow/.local/lib/python3.8/site-packages/airflow/example_dags/example_task_group_decorator.py for tasks to queue
[2026-06-12T11:25:57.405+0000] {logging_mixin.py:188} INFO - [2026-06-12T11:25:57.405+0000] {dagbag.py:538} INFO - Filling up the DagBag from /home/airflow/.local/lib/python3.8/site-packages/airflow/example_dags/example_task_group_decorator.py
[2026-06-12T11:25:57.430+0000] {processor.py:840} INFO - DAG(s) 'example_task_group_decorator' retrieved from /home/airflow/.local/lib/python3.8/site-packages/airflow/example_dags/example_task_group_decorator.py
[2026-06-12T11:25:57.481+0000] {logging_mixin.py:188} INFO - [2026-06-12T11:25:57.481+0000] {dag.py:3036} INFO - Sync 1 DAGs
[2026-06-12T11:25:57.696+0000] {logging_mixin.py:188} INFO - [2026-06-12T11:25:57.695+0000] {dag.py:3823} INFO - Setting next_dagrun for example_task_group_decorator to 2026-06-11 00:00:00+00:00, run_after=2026-06-12 00:00:00+00:00
[2026-06-12T11:25:57.723+0000] {processor.py:183} INFO - Processing /home/airflow/.local/lib/python3.8/site-packages/airflow/example_dags/example_task_group_decorator.py took 0.326 seconds
[2026-06-12T11:26:28.497+0000] {processor.py:161} INFO - Started process (PID=3150) to work on /home/airflow/.local/lib/python3.8/site-packages/airflow/example_dags/example_task_group_decorator.py
[2026-06-12T11:26:28.499+0000] {processor.py:830} INFO - Processing file /home/airflow/.local/lib/python3.8/site-packages/airflow/example_dags/example_task_group_decorator.py for tasks to queue
[2026-06-12T11:26:28.501+0000] {logging_mixin.py:188} INFO - [2026-06-12T11:26:28.501+0000] {dagbag.py:538} INFO - Filling up the DagBag from /home/airflow/.local/lib/python3.8/site-packages/airflow/example_dags/example_task_group_decorator.py
[2026-06-12T11:26:28.526+0000] {processor.py:840} INFO - DAG(s) 'example_task_group_decorator' retrieved from /home/airflow/.local/lib/python3.8/site-packages/airflow/example_dags/example_task_group_decorator.py
[2026-06-12T11:26:28.570+0000] {logging_mixin.py:188} INFO - [2026-06-12T11:26:28.569+0000] {dag.py:3036} INFO - Sync 1 DAGs
[2026-06-12T11:26:28.603+0000] {logging_mixin.py:188} INFO - [2026-06-12T11:26:28.602+0000] {dag.py:3823} INFO - Setting next_dagrun for example_task_group_decorator to 2026-06-11 00:00:00+00:00, run_after=2026-06-12 00:00:00+00:00
[2026-06-12T11:26:28.656+0000] {processor.py:183} INFO - Processing /home/airflow/.local/lib/python3.8/site-packages/airflow/example_dags/example_task_group_decorator.py took 0.164 seconds
[2026-06-12T11:26:58.784+0000] {processor.py:161} INFO - Started process (PID=3217) to work on /home/airflow/.local/lib/python3.8/site-packages/airflow/example_dags/example_task_group_decorator.py
[2026-06-12T11:26:58.785+0000] {processor.py:830} INFO - Processing file /home/airflow/.local/lib/python3.8/site-packages/airflow/example_dags/example_task_group_decorator.py for tasks to queue
[2026-06-12T11:26:58.787+0000] {logging_mixin.py:188} INFO - [2026-06-12T11:26:58.787+0000] {dagbag.py:538} INFO - Filling up the DagBag from /home/airflow/.local/lib/python3.8/site-packages/airflow/example_dags/example_task_group_decorator.py
[2026-06-12T11:26:58.813+0000] {processor.py:840} INFO - DAG(s) 'example_task_group_decorator' retrieved from /home/airflow/.local/lib/python3.8/site-packages/airflow/example_dags/example_task_group_decorator.py
[2026-06-12T11:26:58.865+0000] {logging_mixin.py:188} INFO - [2026-06-12T11:26:58.865+0000] {dag.py:3036} INFO - Sync 1 DAGs
[2026-06-12T11:26:58.904+0000] {logging_mixin.py:188} INFO - [2026-06-12T11:26:58.904+0000] {dag.py:3823} INFO - Setting next_dagrun for example_task_group_decorator to 2026-06-11 00:00:00+00:00, run_after=2026-06-12 00:00:00+00:00
[2026-06-12T11:26:58.933+0000] {processor.py:183} INFO - Processing /home/airflow/.local/lib/python3.8/site-packages/airflow/example_dags/example_task_group_decorator.py took 0.155 seconds
[2026-06-12T11:27:29.620+0000] {processor.py:161} INFO - Started process (PID=3283) to work on /home/airflow/.local/lib/python3.8/site-packages/airflow/example_dags/example_task_group_decorator.py
[2026-06-12T11:27:29.621+0000] {processor.py:830} INFO - Processing file /home/airflow/.local/lib/python3.8/site-packages/airflow/example_dags/example_task_group_decorator.py for tasks to queue
[2026-06-12T11:27:29.624+0000] {logging_mixin.py:188} INFO - [2026-06-12T11:27:29.623+0000] {dagbag.py:538} INFO - Filling up the DagBag from /home/airflow/.local/lib/python3.8/site-packages/airflow/example_dags/example_task_group_decorator.py
[2026-06-12T11:27:29.647+0000] {processor.py:840} INFO - DAG(s) 'example_task_group_decorator' retrieved from /home/airflow/.local/lib/python3.8/site-packages/airflow/example_dags/example_task_group_decorator.py
[2026-06-12T11:27:29.694+0000] {logging_mixin.py:188} INFO - [2026-06-12T11:27:29.693+0000] {dag.py:3036} INFO - Sync 1 DAGs
[2026-06-12T11:27:29.729+0000] {logging_mixin.py:188} INFO - [2026-06-12T11:27:29.728+0000] {dag.py:3823} INFO - Setting next_dagrun for example_task_group_decorator to 2026-06-11 00:00:00+00:00, run_after=2026-06-12 00:00:00+00:00
[2026-06-12T11:27:29.760+0000] {processor.py:183} INFO - Processing /home/airflow/.local/lib/python3.8/site-packages/airflow/example_dags/example_task_group_decorator.py took 0.145 seconds
[2026-06-12T11:28:00.064+0000] {processor.py:161} INFO - Started process (PID=3348) to work on /home/airflow/.local/lib/python3.8/site-packages/airflow/example_dags/example_task_group_decorator.py
[2026-06-12T11:28:00.066+0000] {processor.py:830} INFO - Processing file /home/airflow/.local/lib/python3.8/site-packages/airflow/example_dags/example_task_group_decorator.py for tasks to queue
[2026-06-12T11:28:00.070+0000] {logging_mixin.py:188} INFO - [2026-06-12T11:28:00.069+0000] {dagbag.py:538} INFO - Filling up the DagBag from /home/airflow/.local/lib/python3.8/site-packages/airflow/example_dags/example_task_group_decorator.py
[2026-06-12T11:28:00.102+0000] {processor.py:840} INFO - DAG(s) 'example_task_group_decorator' retrieved from /home/airflow/.local/lib/python3.8/site-packages/airflow/example_dags/example_task_group_decorator.py
[2026-06-12T11:28:00.157+0000] {logging_mixin.py:188} INFO - [2026-06-12T11:28:00.157+0000] {dag.py:3036} INFO - Sync 1 DAGs
[2026-06-12T11:28:00.201+0000] {logging_mixin.py:188} INFO - [2026-06-12T11:28:00.201+0000] {dag.py:3823} INFO - Setting next_dagrun for example_task_group_decorator to 2026-06-11 00:00:00+00:00, run_after=2026-06-12 00:00:00+00:00
[2026-06-12T11:28:00.233+0000] {processor.py:183} INFO - Processing /home/airflow/.local/lib/python3.8/site-packages/airflow/example_dags/example_task_group_decorator.py took 0.178 seconds
[2026-06-12T11:28:30.501+0000] {processor.py:161} INFO - Started process (PID=3420) to work on /home/airflow/.local/lib/python3.8/site-packages/airflow/example_dags/example_task_group_decorator.py
[2026-06-12T11:28:30.503+0000] {processor.py:830} INFO - Processing file /home/airflow/.local/lib/python3.8/site-packages/airflow/example_dags/example_task_group_decorator.py for tasks to queue
[2026-06-12T11:28:30.507+0000] {logging_mixin.py:188} INFO - [2026-06-12T11:28:30.506+0000] {dagbag.py:538} INFO - Filling up the DagBag from /home/airflow/.local/lib/python3.8/site-packages/airflow/example_dags/example_task_group_decorator.py
[2026-06-12T11:28:30.541+0000] {processor.py:840} INFO - DAG(s) 'example_task_group_decorator' retrieved from /home/airflow/.local/lib/python3.8/site-packages/airflow/example_dags/example_task_group_decorator.py
[2026-06-12T11:28:30.603+0000] {logging_mixin.py:188} INFO - [2026-06-12T11:28:30.602+0000] {dag.py:3036} INFO - Sync 1 DAGs
[2026-06-12T11:28:30.659+0000] {logging_mixin.py:188} INFO - [2026-06-12T11:28:30.659+0000] {dag.py:3823} INFO - Setting next_dagrun for example_task_group_decorator to 2026-06-11 00:00:00+00:00, run_after=2026-06-12 00:00:00+00:00
[2026-06-12T11:28:30.692+0000] {processor.py:183} INFO - Processing /home/airflow/.local/lib/python3.8/site-packages/airflow/example_dags/example_task_group_decorator.py took 0.197 seconds
[2026-06-12T11:29:01.009+0000] {processor.py:161} INFO - Started process (PID=3487) to work on /home/airflow/.local/lib/python3.8/site-packages/airflow/example_dags/example_task_group_decorator.py
[2026-06-12T11:29:01.011+0000] {processor.py:830} INFO - Processing file /home/airflow/.local/lib/python3.8/site-packages/airflow/example_dags/example_task_group_decorator.py for tasks to queue
[2026-06-12T11:29:01.013+0000] {logging_mixin.py:188} INFO - [2026-06-12T11:29:01.013+0000] {dagbag.py:538} INFO - Filling up the DagBag from /home/airflow/.local/lib/python3.8/site-packages/airflow/example_dags/example_task_group_decorator.py
[2026-06-12T11:29:01.036+0000] {processor.py:840} INFO - DAG(s) 'example_task_group_decorator' retrieved from /home/airflow/.local/lib/python3.8/site-packages/airflow/example_dags/example_task_group_decorator.py
[2026-06-12T11:29:01.078+0000] {logging_mixin.py:188} INFO - [2026-06-12T11:29:01.078+0000] {dag.py:3036} INFO - Sync 1 DAGs
[2026-06-12T11:29:01.117+0000] {logging_mixin.py:188} INFO - [2026-06-12T11:29:01.116+0000] {dag.py:3823} INFO - Setting next_dagrun for example_task_group_decorator to 2026-06-11 00:00:00+00:00, run_after=2026-06-12 00:00:00+00:00
[2026-06-12T11:29:01.144+0000] {processor.py:183} INFO - Processing /home/airflow/.local/lib/python3.8/site-packages/airflow/example_dags/example_task_group_decorator.py took 0.139 seconds
[2026-06-12T11:29:31.853+0000] {processor.py:161} INFO - Started process (PID=3552) to work on /home/airflow/.local/lib/python3.8/site-packages/airflow/example_dags/example_task_group_decorator.py
[2026-06-12T11:29:31.855+0000] {processor.py:830} INFO - Processing file /home/airflow/.local/lib/python3.8/site-packages/airflow/example_dags/example_task_group_decorator.py for tasks to queue
[2026-06-12T11:29:31.858+0000] {logging_mixin.py:188} INFO - [2026-06-12T11:29:31.857+0000] {dagbag.py:538} INFO - Filling up the DagBag from /home/airflow/.local/lib/python3.8/site-packages/airflow/example_dags/example_task_group_decorator.py
[2026-06-12T11:29:31.886+0000] {processor.py:840} INFO - DAG(s) 'example_task_group_decorator' retrieved from /home/airflow/.local/lib/python3.8/site-packages/airflow/example_dags/example_task_group_decorator.py
[2026-06-12T11:29:31.935+0000] {logging_mixin.py:188} INFO - [2026-06-12T11:29:31.935+0000] {dag.py:3036} INFO - Sync 1 DAGs
[2026-06-12T11:29:31.975+0000] {logging_mixin.py:188} INFO - [2026-06-12T11:29:31.975+0000] {dag.py:3823} INFO - Setting next_dagrun for example_task_group_decorator to 2026-06-11 00:00:00+00:00, run_after=2026-06-12 00:00:00+00:00
[2026-06-12T11:29:32.021+0000] {processor.py:183} INFO - Processing /home/airflow/.local/lib/python3.8/site-packages/airflow/example_dags/example_task_group_decorator.py took 0.173 seconds
[2026-06-12T11:30:02.211+0000] {processor.py:161} INFO - Started process (PID=3617) to work on /home/airflow/.local/lib/python3.8/site-packages/airflow/example_dags/example_task_group_decorator.py
[2026-06-12T11:30:02.213+0000] {processor.py:830} INFO - Processing file /home/airflow/.local/lib/python3.8/site-packages/airflow/example_dags/example_task_group_decorator.py for tasks to queue
[2026-06-12T11:30:02.216+0000] {logging_mixin.py:188} INFO - [2026-06-12T11:30:02.215+0000] {dagbag.py:538} INFO - Filling up the DagBag from /home/airflow/.local/lib/python3.8/site-packages/airflow/example_dags/example_task_group_decorator.py
[2026-06-12T11:30:02.242+0000] {processor.py:840} INFO - DAG(s) 'example_task_group_decorator' retrieved from /home/airflow/.local/lib/python3.8/site-packages/airflow/example_dags/example_task_group_decorator.py
[2026-06-12T11:30:02.288+0000] {logging_mixin.py:188} INFO - [2026-06-12T11:30:02.288+0000] {dag.py:3036} INFO - Sync 1 DAGs
[2026-06-12T11:30:02.328+0000] {logging_mixin.py:188} INFO - [2026-06-12T11:30:02.328+0000] {dag.py:3823} INFO - Setting next_dagrun for example_task_group_decorator to 2026-06-11 00:00:00+00:00, run_after=2026-06-12 00:00:00+00:00
[2026-06-12T11:30:02.362+0000] {processor.py:183} INFO - Processing /home/airflow/.local/lib/python3.8/site-packages/airflow/example_dags/example_task_group_decorator.py took 0.155 seconds
[2026-06-12T11:30:32.693+0000] {processor.py:161} INFO - Started process (PID=3683) to work on /home/airflow/.local/lib/python3.8/site-packages/airflow/example_dags/example_task_group_decorator.py
[2026-06-12T11:30:32.695+0000] {processor.py:830} INFO - Processing file /home/airflow/.local/lib/python3.8/site-packages/airflow/example_dags/example_task_group_decorator.py for tasks to queue
[2026-06-12T11:30:32.698+0000] {logging_mixin.py:188} INFO - [2026-06-12T11:30:32.697+0000] {dagbag.py:538} INFO - Filling up the DagBag from /home/airflow/.local/lib/python3.8/site-packages/airflow/example_dags/example_task_group_decorator.py
[2026-06-12T11:30:32.728+0000] {processor.py:840} INFO - DAG(s) 'example_task_group_decorator' retrieved from /home/airflow/.local/lib/python3.8/site-packages/airflow/example_dags/example_task_group_decorator.py
[2026-06-12T11:30:32.777+0000] {logging_mixin.py:188} INFO - [2026-06-12T11:30:32.776+0000] {dag.py:3036} INFO - Sync 1 DAGs
[2026-06-12T11:30:32.813+0000] {logging_mixin.py:188} INFO - [2026-06-12T11:30:32.813+0000] {dag.py:3823} INFO - Setting next_dagrun for example_task_group_decorator to 2026-06-11 00:00:00+00:00, run_after=2026-06-12 00:00:00+00:00
[2026-06-12T11:30:32.845+0000] {processor.py:183} INFO - Processing /home/airflow/.local/lib/python3.8/site-packages/airflow/example_dags/example_task_group_decorator.py took 0.157 seconds
[2026-06-12T11:31:03.254+0000] {processor.py:161} INFO - Started process (PID=3750) to work on /home/airflow/.local/lib/python3.8/site-packages/airflow/example_dags/example_task_group_decorator.py
[2026-06-12T11:31:03.256+0000] {processor.py:830} INFO - Processing file /home/airflow/.local/lib/python3.8/site-packages/airflow/example_dags/example_task_group_decorator.py for tasks to queue
[2026-06-12T11:31:03.259+0000] {logging_mixin.py:188} INFO - [2026-06-12T11:31:03.258+0000] {dagbag.py:538} INFO - Filling up the DagBag from /home/airflow/.local/lib/python3.8/site-packages/airflow/example_dags/example_task_group_decorator.py
[2026-06-12T11:31:03.286+0000] {processor.py:840} INFO - DAG(s) 'example_task_group_decorator' retrieved from /home/airflow/.local/lib/python3.8/site-packages/airflow/example_dags/example_task_group_decorator.py
[2026-06-12T11:31:03.332+0000] {logging_mixin.py:188} INFO - [2026-06-12T11:31:03.332+0000] {dag.py:3036} INFO - Sync 1 DAGs
[2026-06-12T11:31:03.367+0000] {logging_mixin.py:188} INFO - [2026-06-12T11:31:03.367+0000] {dag.py:3823} INFO - Setting next_dagrun for example_task_group_decorator to 2026-06-11 00:00:00+00:00, run_after=2026-06-12 00:00:00+00:00
[2026-06-12T11:31:03.398+0000] {processor.py:183} INFO - Processing /home/airflow/.local/lib/python3.8/site-packages/airflow/example_dags/example_task_group_decorator.py took 0.150 seconds
[2026-06-12T11:31:33.565+0000] {processor.py:161} INFO - Started process (PID=3817) to work on /home/airflow/.local/lib/python3.8/site-packages/airflow/example_dags/example_task_group_decorator.py
[2026-06-12T11:31:33.566+0000] {processor.py:830} INFO - Processing file /home/airflow/.local/lib/python3.8/site-packages/airflow/example_dags/example_task_group_decorator.py for tasks to queue
[2026-06-12T11:31:33.569+0000] {logging_mixin.py:188} INFO - [2026-06-12T11:31:33.568+0000] {dagbag.py:538} INFO - Filling up the DagBag from /home/airflow/.local/lib/python3.8/site-packages/airflow/example_dags/example_task_group_decorator.py
[2026-06-12T11:31:33.598+0000] {processor.py:840} INFO - DAG(s) 'example_task_group_decorator' retrieved from /home/airflow/.local/lib/python3.8/site-packages/airflow/example_dags/example_task_group_decorator.py
[2026-06-12T11:31:33.654+0000] {logging_mixin.py:188} INFO - [2026-06-12T11:31:33.653+0000] {dag.py:3036} INFO - Sync 1 DAGs
[2026-06-12T11:31:33.700+0000] {logging_mixin.py:188} INFO - [2026-06-12T11:31:33.700+0000] {dag.py:3823} INFO - Setting next_dagrun for example_task_group_decorator to 2026-06-11 00:00:00+00:00, run_after=2026-06-12 00:00:00+00:00
[2026-06-12T11:31:33.737+0000] {processor.py:183} INFO - Processing /home/airflow/.local/lib/python3.8/site-packages/airflow/example_dags/example_task_group_decorator.py took 0.178 seconds
[2026-06-12T11:32:04.082+0000] {processor.py:161} INFO - Started process (PID=3884) to work on /home/airflow/.local/lib/python3.8/site-packages/airflow/example_dags/example_task_group_decorator.py
[2026-06-12T11:32:04.084+0000] {processor.py:830} INFO - Processing file /home/airflow/.local/lib/python3.8/site-packages/airflow/example_dags/example_task_group_decorator.py for tasks to queue
[2026-06-12T11:32:04.087+0000] {logging_mixin.py:188} INFO - [2026-06-12T11:32:04.086+0000] {dagbag.py:538} INFO - Filling up the DagBag from /home/airflow/.local/lib/python3.8/site-packages/airflow/example_dags/example_task_group_decorator.py
[2026-06-12T11:32:04.112+0000] {processor.py:840} INFO - DAG(s) 'example_task_group_decorator' retrieved from /home/airflow/.local/lib/python3.8/site-packages/airflow/example_dags/example_task_group_decorator.py
[2026-06-12T11:32:04.164+0000] {logging_mixin.py:188} INFO - [2026-06-12T11:32:04.164+0000] {dag.py:3036} INFO - Sync 1 DAGs
[2026-06-12T11:32:04.203+0000] {logging_mixin.py:188} INFO - [2026-06-12T11:32:04.203+0000] {dag.py:3823} INFO - Setting next_dagrun for example_task_group_decorator to 2026-06-11 00:00:00+00:00, run_after=2026-06-12 00:00:00+00:00
[2026-06-12T11:32:04.233+0000] {processor.py:183} INFO - Processing /home/airflow/.local/lib/python3.8/site-packages/airflow/example_dags/example_task_group_decorator.py took 0.156 seconds
[2026-06-12T11:32:34.484+0000] {processor.py:161} INFO - Started process (PID=3956) to work on /home/airflow/.local/lib/python3.8/site-packages/airflow/example_dags/example_task_group_decorator.py
[2026-06-12T11:32:34.485+0000] {processor.py:830} INFO - Processing file /home/airflow/.local/lib/python3.8/site-packages/airflow/example_dags/example_task_group_decorator.py for tasks to queue
[2026-06-12T11:32:34.488+0000] {logging_mixin.py:188} INFO - [2026-06-12T11:32:34.487+0000] {dagbag.py:538} INFO - Filling up the DagBag from /home/airflow/.local/lib/python3.8/site-packages/airflow/example_dags/example_task_group_decorator.py
[2026-06-12T11:32:34.513+0000] {processor.py:840} INFO - DAG(s) 'example_task_group_decorator' retrieved from /home/airflow/.local/lib/python3.8/site-packages/airflow/example_dags/example_task_group_decorator.py
[2026-06-12T11:32:34.557+0000] {logging_mixin.py:188} INFO - [2026-06-12T11:32:34.556+0000] {dag.py:3036} INFO - Sync 1 DAGs
[2026-06-12T11:32:34.595+0000] {logging_mixin.py:188} INFO - [2026-06-12T11:32:34.594+0000] {dag.py:3823} INFO - Setting next_dagrun for example_task_group_decorator to 2026-06-11 00:00:00+00:00, run_after=2026-06-12 00:00:00+00:00
[2026-06-12T11:32:34.623+0000] {processor.py:183} INFO - Processing /home/airflow/.local/lib/python3.8/site-packages/airflow/example_dags/example_task_group_decorator.py took 0.145 seconds
[2026-06-12T11:33:05.142+0000] {processor.py:161} INFO - Started process (PID=4022) to work on /home/airflow/.local/lib/python3.8/site-packages/airflow/example_dags/example_task_group_decorator.py
[2026-06-12T11:33:05.144+0000] {processor.py:830} INFO - Processing file /home/airflow/.local/lib/python3.8/site-packages/airflow/example_dags/example_task_group_decorator.py for tasks to queue
[2026-06-12T11:33:05.147+0000] {logging_mixin.py:188} INFO - [2026-06-12T11:33:05.146+0000] {dagbag.py:538} INFO - Filling up the DagBag from /home/airflow/.local/lib/python3.8/site-packages/airflow/example_dags/example_task_group_decorator.py
[2026-06-12T11:33:05.180+0000] {processor.py:840} INFO - DAG(s) 'example_task_group_decorator' retrieved from /home/airflow/.local/lib/python3.8/site-packages/airflow/example_dags/example_task_group_decorator.py
[2026-06-12T11:33:05.235+0000] {logging_mixin.py:188} INFO - [2026-06-12T11:33:05.235+0000] {dag.py:3036} INFO - Sync 1 DAGs
[2026-06-12T11:33:05.278+0000] {logging_mixin.py:188} INFO - [2026-06-12T11:33:05.277+0000] {dag.py:3823} INFO - Setting next_dagrun for example_task_group_decorator to 2026-06-11 00:00:00+00:00, run_after=2026-06-12 00:00:00+00:00
[2026-06-12T11:33:05.307+0000] {processor.py:183} INFO - Processing /home/airflow/.local/lib/python3.8/site-packages/airflow/example_dags/example_task_group_decorator.py took 0.171 seconds
[2026-06-12T11:33:35.771+0000] {processor.py:161} INFO - Started process (PID=4088) to work on /home/airflow/.local/lib/python3.8/site-packages/airflow/example_dags/example_task_group_decorator.py
[2026-06-12T11:33:35.773+0000] {processor.py:830} INFO - Processing file /home/airflow/.local/lib/python3.8/site-packages/airflow/example_dags/example_task_group_decorator.py for tasks to queue
[2026-06-12T11:33:35.775+0000] {logging_mixin.py:188} INFO - [2026-06-12T11:33:35.775+0000] {dagbag.py:538} INFO - Filling up the DagBag from /home/airflow/.local/lib/python3.8/site-packages/airflow/example_dags/example_task_group_decorator.py
[2026-06-12T11:33:35.802+0000] {processor.py:840} INFO - DAG(s) 'example_task_group_decorator' retrieved from /home/airflow/.local/lib/python3.8/site-packages/airflow/example_dags/example_task_group_decorator.py
[2026-06-12T11:33:35.859+0000] {logging_mixin.py:188} INFO - [2026-06-12T11:33:35.859+0000] {dag.py:3036} INFO - Sync 1 DAGs
[2026-06-12T11:33:35.901+0000] {logging_mixin.py:188} INFO - [2026-06-12T11:33:35.900+0000] {dag.py:3823} INFO - Setting next_dagrun for example_task_group_decorator to 2026-06-11 00:00:00+00:00, run_after=2026-06-12 00:00:00+00:00
[2026-06-12T11:33:35.935+0000] {processor.py:183} INFO - Processing /home/airflow/.local/lib/python3.8/site-packages/airflow/example_dags/example_task_group_decorator.py took 0.181 seconds
[2026-06-12T11:34:06.475+0000] {processor.py:161} INFO - Started process (PID=4154) to work on /home/airflow/.local/lib/python3.8/site-packages/airflow/example_dags/example_task_group_decorator.py
[2026-06-12T11:34:06.477+0000] {processor.py:830} INFO - Processing file /home/airflow/.local/lib/python3.8/site-packages/airflow/example_dags/example_task_group_decorator.py for tasks to queue
[2026-06-12T11:34:06.480+0000] {logging_mixin.py:188} INFO - [2026-06-12T11:34:06.480+0000] {dagbag.py:538} INFO - Filling up the DagBag from /home/airflow/.local/lib/python3.8/site-packages/airflow/example_dags/example_task_group_decorator.py
[2026-06-12T11:34:06.509+0000] {processor.py:840} INFO - DAG(s) 'example_task_group_decorator' retrieved from /home/airflow/.local/lib/python3.8/site-packages/airflow/example_dags/example_task_group_decorator.py
[2026-06-12T11:34:06.559+0000] {logging_mixin.py:188} INFO - [2026-06-12T11:34:06.558+0000] {dag.py:3036} INFO - Sync 1 DAGs
[2026-06-12T11:34:06.599+0000] {logging_mixin.py:188} INFO - [2026-06-12T11:34:06.599+0000] {dag.py:3823} INFO - Setting next_dagrun for example_task_group_decorator to 2026-06-11 00:00:00+00:00, run_after=2026-06-12 00:00:00+00:00
[2026-06-12T11:34:06.631+0000] {processor.py:183} INFO - Processing /home/airflow/.local/lib/python3.8/site-packages/airflow/example_dags/example_task_group_decorator.py took 0.161 seconds
[2026-06-12T11:34:37.377+0000] {processor.py:161} INFO - Started process (PID=4220) to work on /home/airflow/.local/lib/python3.8/site-packages/airflow/example_dags/example_task_group_decorator.py
[2026-06-12T11:34:37.379+0000] {processor.py:830} INFO - Processing file /home/airflow/.local/lib/python3.8/site-packages/airflow/example_dags/example_task_group_decorator.py for tasks to queue
[2026-06-12T11:34:37.382+0000] {logging_mixin.py:188} INFO - [2026-06-12T11:34:37.381+0000] {dagbag.py:538} INFO - Filling up the DagBag from /home/airflow/.local/lib/python3.8/site-packages/airflow/example_dags/example_task_group_decorator.py
[2026-06-12T11:34:37.408+0000] {processor.py:840} INFO - DAG(s) 'example_task_group_decorator' retrieved from /home/airflow/.local/lib/python3.8/site-packages/airflow/example_dags/example_task_group_decorator.py
[2026-06-12T11:34:37.457+0000] {logging_mixin.py:188} INFO - [2026-06-12T11:34:37.457+0000] {dag.py:3036} INFO - Sync 1 DAGs
[2026-06-12T11:34:37.495+0000] {logging_mixin.py:188} INFO - [2026-06-12T11:34:37.495+0000] {dag.py:3823} INFO - Setting next_dagrun for example_task_group_decorator to 2026-06-11 00:00:00+00:00, run_after=2026-06-12 00:00:00+00:00
[2026-06-12T11:34:37.524+0000] {processor.py:183} INFO - Processing /home/airflow/.local/lib/python3.8/site-packages/airflow/example_dags/example_task_group_decorator.py took 0.152 seconds
[2026-06-12T11:35:07.735+0000] {processor.py:161} INFO - Started process (PID=4286) to work on /home/airflow/.local/lib/python3.8/site-packages/airflow/example_dags/example_task_group_decorator.py
[2026-06-12T11:35:07.736+0000] {processor.py:830} INFO - Processing file /home/airflow/.local/lib/python3.8/site-packages/airflow/example_dags/example_task_group_decorator.py for tasks to queue
[2026-06-12T11:35:07.739+0000] {logging_mixin.py:188} INFO - [2026-06-12T11:35:07.738+0000] {dagbag.py:538} INFO - Filling up the DagBag from /home/airflow/.local/lib/python3.8/site-packages/airflow/example_dags/example_task_group_decorator.py
[2026-06-12T11:35:07.764+0000] {processor.py:840} INFO - DAG(s) 'example_task_group_decorator' retrieved from /home/airflow/.local/lib/python3.8/site-packages/airflow/example_dags/example_task_group_decorator.py
[2026-06-12T11:35:07.814+0000] {logging_mixin.py:188} INFO - [2026-06-12T11:35:07.814+0000] {dag.py:3036} INFO - Sync 1 DAGs
[2026-06-12T11:35:07.851+0000] {logging_mixin.py:188} INFO - [2026-06-12T11:35:07.851+0000] {dag.py:3823} INFO - Setting next_dagrun for example_task_group_decorator to 2026-06-11 00:00:00+00:00, run_after=2026-06-12 00:00:00+00:00
[2026-06-12T11:35:07.881+0000] {processor.py:183} INFO - Processing /home/airflow/.local/lib/python3.8/site-packages/airflow/example_dags/example_task_group_decorator.py took 0.151 seconds
[2026-06-12T11:35:38.236+0000] {processor.py:161} INFO - Started process (PID=4351) to work on /home/airflow/.local/lib/python3.8/site-packages/airflow/example_dags/example_task_group_decorator.py
[2026-06-12T11:35:38.238+0000] {processor.py:830} INFO - Processing file /home/airflow/.local/lib/python3.8/site-packages/airflow/example_dags/example_task_group_decorator.py for tasks to queue
[2026-06-12T11:35:38.241+0000] {logging_mixin.py:188} INFO - [2026-06-12T11:35:38.240+0000] {dagbag.py:538} INFO - Filling up the DagBag from /home/airflow/.local/lib/python3.8/site-packages/airflow/example_dags/example_task_group_decorator.py
[2026-06-12T11:35:38.269+0000] {processor.py:840} INFO - DAG(s) 'example_task_group_decorator' retrieved from /home/airflow/.local/lib/python3.8/site-packages/airflow/example_dags/example_task_group_decorator.py
[2026-06-12T11:35:38.321+0000] {logging_mixin.py:188} INFO - [2026-06-12T11:35:38.321+0000] {dag.py:3036} INFO - Sync 1 DAGs
[2026-06-12T11:35:38.355+0000] {logging_mixin.py:188} INFO - [2026-06-12T11:35:38.355+0000] {dag.py:3823} INFO - Setting next_dagrun for example_task_group_decorator to 2026-06-11 00:00:00+00:00, run_after=2026-06-12 00:00:00+00:00
[2026-06-12T11:35:38.389+0000] {processor.py:183} INFO - Processing /home/airflow/.local/lib/python3.8/site-packages/airflow/example_dags/example_task_group_decorator.py took 0.157 seconds
[2026-06-12T11:36:08.639+0000] {processor.py:161} INFO - Started process (PID=4415) to work on /home/airflow/.local/lib/python3.8/site-packages/airflow/example_dags/example_task_group_decorator.py
[2026-06-12T11:36:08.640+0000] {processor.py:830} INFO - Processing file /home/airflow/.local/lib/python3.8/site-packages/airflow/example_dags/example_task_group_decorator.py for tasks to queue
[2026-06-12T11:36:08.642+0000] {logging_mixin.py:188} INFO - [2026-06-12T11:36:08.642+0000] {dagbag.py:538} INFO - Filling up the DagBag from /home/airflow/.local/lib/python3.8/site-packages/airflow/example_dags/example_task_group_decorator.py
[2026-06-12T11:36:08.667+0000] {processor.py:840} INFO - DAG(s) 'example_task_group_decorator' retrieved from /home/airflow/.local/lib/python3.8/site-packages/airflow/example_dags/example_task_group_decorator.py
[2026-06-12T11:36:08.716+0000] {logging_mixin.py:188} INFO - [2026-06-12T11:36:08.716+0000] {dag.py:3036} INFO - Sync 1 DAGs
[2026-06-12T11:36:08.749+0000] {logging_mixin.py:188} INFO - [2026-06-12T11:36:08.749+0000] {dag.py:3823} INFO - Setting next_dagrun for example_task_group_decorator to 2026-06-11 00:00:00+00:00, run_after=2026-06-12 00:00:00+00:00
[2026-06-12T11:36:08.781+0000] {processor.py:183} INFO - Processing /home/airflow/.local/lib/python3.8/site-packages/airflow/example_dags/example_task_group_decorator.py took 0.147 seconds
[2026-06-12T11:36:39.197+0000] {processor.py:161} INFO - Started process (PID=4488) to work on /home/airflow/.local/lib/python3.8/site-packages/airflow/example_dags/example_task_group_decorator.py
[2026-06-12T11:36:39.199+0000] {processor.py:830} INFO - Processing file /home/airflow/.local/lib/python3.8/site-packages/airflow/example_dags/example_task_group_decorator.py for tasks to queue
[2026-06-12T11:36:39.202+0000] {logging_mixin.py:188} INFO - [2026-06-12T11:36:39.201+0000] {dagbag.py:538} INFO - Filling up the DagBag from /home/airflow/.local/lib/python3.8/site-packages/airflow/example_dags/example_task_group_decorator.py
[2026-06-12T11:36:39.232+0000] {processor.py:840} INFO - DAG(s) 'example_task_group_decorator' retrieved from /home/airflow/.local/lib/python3.8/site-packages/airflow/example_dags/example_task_group_decorator.py
[2026-06-12T11:36:39.283+0000] {logging_mixin.py:188} INFO - [2026-06-12T11:36:39.283+0000] {dag.py:3036} INFO - Sync 1 DAGs
[2026-06-12T11:36:39.324+0000] {logging_mixin.py:188} INFO - [2026-06-12T11:36:39.323+0000] {dag.py:3823} INFO - Setting next_dagrun for example_task_group_decorator to 2026-06-11 00:00:00+00:00, run_after=2026-06-12 00:00:00+00:00
[2026-06-12T11:36:39.361+0000] {processor.py:183} INFO - Processing /home/airflow/.local/lib/python3.8/site-packages/airflow/example_dags/example_task_group_decorator.py took 0.170 seconds
