[2026-06-12T11:03:03.467+0000] {processor.py:161} INFO - Started process (PID=87) to work on /home/airflow/.local/lib/python3.8/site-packages/airflow/example_dags/example_short_circuit_operator.py
[2026-06-12T11:03:03.468+0000] {processor.py:830} INFO - Processing file /home/airflow/.local/lib/python3.8/site-packages/airflow/example_dags/example_short_circuit_operator.py for tasks to queue
[2026-06-12T11:03:03.472+0000] {logging_mixin.py:188} INFO - [2026-06-12T11:03:03.471+0000] {dagbag.py:538} INFO - Filling up the DagBag from /home/airflow/.local/lib/python3.8/site-packages/airflow/example_dags/example_short_circuit_operator.py
[2026-06-12T11:03:03.488+0000] {processor.py:840} INFO - DAG(s) 'example_short_circuit_operator' retrieved from /home/airflow/.local/lib/python3.8/site-packages/airflow/example_dags/example_short_circuit_operator.py
[2026-06-12T11:03:03.513+0000] {logging_mixin.py:188} INFO - [2026-06-12T11:03:03.512+0000] {dag.py:3036} INFO - Sync 1 DAGs
[2026-06-12T11:03:03.557+0000] {logging_mixin.py:188} INFO - [2026-06-12T11:03:03.556+0000] {dag.py:3823} INFO - Setting next_dagrun for example_short_circuit_operator to 2026-06-11 00:00:00+00:00, run_after=2026-06-12 00:00:00+00:00
[2026-06-12T11:03:03.593+0000] {processor.py:183} INFO - Processing /home/airflow/.local/lib/python3.8/site-packages/airflow/example_dags/example_short_circuit_operator.py took 0.131 seconds
[2026-06-12T11:03:35.062+0000] {processor.py:161} INFO - Started process (PID=153) to work on /home/airflow/.local/lib/python3.8/site-packages/airflow/example_dags/example_short_circuit_operator.py
[2026-06-12T11:03:35.063+0000] {processor.py:830} INFO - Processing file /home/airflow/.local/lib/python3.8/site-packages/airflow/example_dags/example_short_circuit_operator.py for tasks to queue
[2026-06-12T11:03:35.066+0000] {logging_mixin.py:188} INFO - [2026-06-12T11:03:35.066+0000] {dagbag.py:538} INFO - Filling up the DagBag from /home/airflow/.local/lib/python3.8/site-packages/airflow/example_dags/example_short_circuit_operator.py
[2026-06-12T11:03:35.078+0000] {processor.py:840} INFO - DAG(s) 'example_short_circuit_operator' retrieved from /home/airflow/.local/lib/python3.8/site-packages/airflow/example_dags/example_short_circuit_operator.py
[2026-06-12T11:03:35.261+0000] {logging_mixin.py:188} INFO - [2026-06-12T11:03:35.261+0000] {dag.py:3036} INFO - Sync 1 DAGs
[2026-06-12T11:03:35.296+0000] {logging_mixin.py:188} INFO - [2026-06-12T11:03:35.296+0000] {dag.py:3823} INFO - Setting next_dagrun for example_short_circuit_operator to 2026-06-11 00:00:00+00:00, run_after=2026-06-12 00:00:00+00:00
[2026-06-12T11:03:35.331+0000] {processor.py:183} INFO - Processing /home/airflow/.local/lib/python3.8/site-packages/airflow/example_dags/example_short_circuit_operator.py took 0.274 seconds
[2026-06-12T11:04:05.582+0000] {processor.py:161} INFO - Started process (PID=219) to work on /home/airflow/.local/lib/python3.8/site-packages/airflow/example_dags/example_short_circuit_operator.py
[2026-06-12T11:04:05.584+0000] {processor.py:830} INFO - Processing file /home/airflow/.local/lib/python3.8/site-packages/airflow/example_dags/example_short_circuit_operator.py for tasks to queue
[2026-06-12T11:04:05.586+0000] {logging_mixin.py:188} INFO - [2026-06-12T11:04:05.586+0000] {dagbag.py:538} INFO - Filling up the DagBag from /home/airflow/.local/lib/python3.8/site-packages/airflow/example_dags/example_short_circuit_operator.py
[2026-06-12T11:04:05.598+0000] {processor.py:840} INFO - DAG(s) 'example_short_circuit_operator' retrieved from /home/airflow/.local/lib/python3.8/site-packages/airflow/example_dags/example_short_circuit_operator.py
[2026-06-12T11:04:05.643+0000] {logging_mixin.py:188} INFO - [2026-06-12T11:04:05.642+0000] {dag.py:3036} INFO - Sync 1 DAGs
[2026-06-12T11:04:05.681+0000] {logging_mixin.py:188} INFO - [2026-06-12T11:04:05.680+0000] {dag.py:3823} INFO - Setting next_dagrun for example_short_circuit_operator to 2026-06-11 00:00:00+00:00, run_after=2026-06-12 00:00:00+00:00
[2026-06-12T11:04:05.712+0000] {processor.py:183} INFO - Processing /home/airflow/.local/lib/python3.8/site-packages/airflow/example_dags/example_short_circuit_operator.py took 0.135 seconds
[2026-06-12T11:04:36.407+0000] {processor.py:161} INFO - Started process (PID=286) to work on /home/airflow/.local/lib/python3.8/site-packages/airflow/example_dags/example_short_circuit_operator.py
[2026-06-12T11:04:36.408+0000] {processor.py:830} INFO - Processing file /home/airflow/.local/lib/python3.8/site-packages/airflow/example_dags/example_short_circuit_operator.py for tasks to queue
[2026-06-12T11:04:36.410+0000] {logging_mixin.py:188} INFO - [2026-06-12T11:04:36.410+0000] {dagbag.py:538} INFO - Filling up the DagBag from /home/airflow/.local/lib/python3.8/site-packages/airflow/example_dags/example_short_circuit_operator.py
[2026-06-12T11:04:36.422+0000] {processor.py:840} INFO - DAG(s) 'example_short_circuit_operator' retrieved from /home/airflow/.local/lib/python3.8/site-packages/airflow/example_dags/example_short_circuit_operator.py
[2026-06-12T11:04:36.462+0000] {logging_mixin.py:188} INFO - [2026-06-12T11:04:36.461+0000] {dag.py:3036} INFO - Sync 1 DAGs
[2026-06-12T11:04:36.496+0000] {logging_mixin.py:188} INFO - [2026-06-12T11:04:36.496+0000] {dag.py:3823} INFO - Setting next_dagrun for example_short_circuit_operator to 2026-06-11 00:00:00+00:00, run_after=2026-06-12 00:00:00+00:00
[2026-06-12T11:04:36.524+0000] {processor.py:183} INFO - Processing /home/airflow/.local/lib/python3.8/site-packages/airflow/example_dags/example_short_circuit_operator.py took 0.123 seconds
[2026-06-12T11:05:06.947+0000] {processor.py:161} INFO - Started process (PID=352) to work on /home/airflow/.local/lib/python3.8/site-packages/airflow/example_dags/example_short_circuit_operator.py
[2026-06-12T11:05:06.949+0000] {processor.py:830} INFO - Processing file /home/airflow/.local/lib/python3.8/site-packages/airflow/example_dags/example_short_circuit_operator.py for tasks to queue
[2026-06-12T11:05:06.952+0000] {logging_mixin.py:188} INFO - [2026-06-12T11:05:06.951+0000] {dagbag.py:538} INFO - Filling up the DagBag from /home/airflow/.local/lib/python3.8/site-packages/airflow/example_dags/example_short_circuit_operator.py
[2026-06-12T11:05:06.965+0000] {processor.py:840} INFO - DAG(s) 'example_short_circuit_operator' retrieved from /home/airflow/.local/lib/python3.8/site-packages/airflow/example_dags/example_short_circuit_operator.py
[2026-06-12T11:05:07.013+0000] {logging_mixin.py:188} INFO - [2026-06-12T11:05:07.013+0000] {dag.py:3036} INFO - Sync 1 DAGs
[2026-06-12T11:05:07.055+0000] {logging_mixin.py:188} INFO - [2026-06-12T11:05:07.054+0000] {dag.py:3823} INFO - Setting next_dagrun for example_short_circuit_operator to 2026-06-11 00:00:00+00:00, run_after=2026-06-12 00:00:00+00:00
[2026-06-12T11:05:07.088+0000] {processor.py:183} INFO - Processing /home/airflow/.local/lib/python3.8/site-packages/airflow/example_dags/example_short_circuit_operator.py took 0.146 seconds
[2026-06-12T11:05:37.332+0000] {processor.py:161} INFO - Started process (PID=418) to work on /home/airflow/.local/lib/python3.8/site-packages/airflow/example_dags/example_short_circuit_operator.py
[2026-06-12T11:05:37.334+0000] {processor.py:830} INFO - Processing file /home/airflow/.local/lib/python3.8/site-packages/airflow/example_dags/example_short_circuit_operator.py for tasks to queue
[2026-06-12T11:05:37.337+0000] {logging_mixin.py:188} INFO - [2026-06-12T11:05:37.336+0000] {dagbag.py:538} INFO - Filling up the DagBag from /home/airflow/.local/lib/python3.8/site-packages/airflow/example_dags/example_short_circuit_operator.py
[2026-06-12T11:05:37.355+0000] {processor.py:840} INFO - DAG(s) 'example_short_circuit_operator' retrieved from /home/airflow/.local/lib/python3.8/site-packages/airflow/example_dags/example_short_circuit_operator.py
[2026-06-12T11:05:37.408+0000] {logging_mixin.py:188} INFO - [2026-06-12T11:05:37.407+0000] {dag.py:3036} INFO - Sync 1 DAGs
[2026-06-12T11:05:37.443+0000] {logging_mixin.py:188} INFO - [2026-06-12T11:05:37.443+0000] {dag.py:3823} INFO - Setting next_dagrun for example_short_circuit_operator to 2026-06-11 00:00:00+00:00, run_after=2026-06-12 00:00:00+00:00
[2026-06-12T11:05:37.472+0000] {processor.py:183} INFO - Processing /home/airflow/.local/lib/python3.8/site-packages/airflow/example_dags/example_short_circuit_operator.py took 0.145 seconds
[2026-06-12T11:06:07.872+0000] {processor.py:161} INFO - Started process (PID=492) to work on /home/airflow/.local/lib/python3.8/site-packages/airflow/example_dags/example_short_circuit_operator.py
[2026-06-12T11:06:07.886+0000] {processor.py:830} INFO - Processing file /home/airflow/.local/lib/python3.8/site-packages/airflow/example_dags/example_short_circuit_operator.py for tasks to queue
[2026-06-12T11:06:07.889+0000] {logging_mixin.py:188} INFO - [2026-06-12T11:06:07.888+0000] {dagbag.py:538} INFO - Filling up the DagBag from /home/airflow/.local/lib/python3.8/site-packages/airflow/example_dags/example_short_circuit_operator.py
[2026-06-12T11:06:07.910+0000] {processor.py:840} INFO - DAG(s) 'example_short_circuit_operator' retrieved from /home/airflow/.local/lib/python3.8/site-packages/airflow/example_dags/example_short_circuit_operator.py
[2026-06-12T11:06:07.960+0000] {logging_mixin.py:188} INFO - [2026-06-12T11:06:07.959+0000] {dag.py:3036} INFO - Sync 1 DAGs
[2026-06-12T11:06:08.005+0000] {logging_mixin.py:188} INFO - [2026-06-12T11:06:08.004+0000] {dag.py:3823} INFO - Setting next_dagrun for example_short_circuit_operator to 2026-06-11 00:00:00+00:00, run_after=2026-06-12 00:00:00+00:00
[2026-06-12T11:06:08.038+0000] {processor.py:183} INFO - Processing /home/airflow/.local/lib/python3.8/site-packages/airflow/example_dags/example_short_circuit_operator.py took 0.171 seconds
[2026-06-12T11:06:38.124+0000] {processor.py:161} INFO - Started process (PID=555) to work on /home/airflow/.local/lib/python3.8/site-packages/airflow/example_dags/example_short_circuit_operator.py
[2026-06-12T11:06:38.126+0000] {processor.py:830} INFO - Processing file /home/airflow/.local/lib/python3.8/site-packages/airflow/example_dags/example_short_circuit_operator.py for tasks to queue
[2026-06-12T11:06:38.128+0000] {logging_mixin.py:188} INFO - [2026-06-12T11:06:38.128+0000] {dagbag.py:538} INFO - Filling up the DagBag from /home/airflow/.local/lib/python3.8/site-packages/airflow/example_dags/example_short_circuit_operator.py
[2026-06-12T11:06:38.141+0000] {processor.py:840} INFO - DAG(s) 'example_short_circuit_operator' retrieved from /home/airflow/.local/lib/python3.8/site-packages/airflow/example_dags/example_short_circuit_operator.py
[2026-06-12T11:06:38.186+0000] {logging_mixin.py:188} INFO - [2026-06-12T11:06:38.185+0000] {dag.py:3036} INFO - Sync 1 DAGs
[2026-06-12T11:06:38.226+0000] {logging_mixin.py:188} INFO - [2026-06-12T11:06:38.225+0000] {dag.py:3823} INFO - Setting next_dagrun for example_short_circuit_operator to 2026-06-11 00:00:00+00:00, run_after=2026-06-12 00:00:00+00:00
[2026-06-12T11:06:38.256+0000] {processor.py:183} INFO - Processing /home/airflow/.local/lib/python3.8/site-packages/airflow/example_dags/example_short_circuit_operator.py took 0.137 seconds
[2026-06-12T11:07:08.668+0000] {processor.py:161} INFO - Started process (PID=620) to work on /home/airflow/.local/lib/python3.8/site-packages/airflow/example_dags/example_short_circuit_operator.py
[2026-06-12T11:07:08.670+0000] {processor.py:830} INFO - Processing file /home/airflow/.local/lib/python3.8/site-packages/airflow/example_dags/example_short_circuit_operator.py for tasks to queue
[2026-06-12T11:07:08.672+0000] {logging_mixin.py:188} INFO - [2026-06-12T11:07:08.671+0000] {dagbag.py:538} INFO - Filling up the DagBag from /home/airflow/.local/lib/python3.8/site-packages/airflow/example_dags/example_short_circuit_operator.py
[2026-06-12T11:07:08.683+0000] {processor.py:840} INFO - DAG(s) 'example_short_circuit_operator' retrieved from /home/airflow/.local/lib/python3.8/site-packages/airflow/example_dags/example_short_circuit_operator.py
[2026-06-12T11:07:08.725+0000] {logging_mixin.py:188} INFO - [2026-06-12T11:07:08.725+0000] {dag.py:3036} INFO - Sync 1 DAGs
[2026-06-12T11:07:08.768+0000] {logging_mixin.py:188} INFO - [2026-06-12T11:07:08.768+0000] {dag.py:3823} INFO - Setting next_dagrun for example_short_circuit_operator to 2026-06-11 00:00:00+00:00, run_after=2026-06-12 00:00:00+00:00
[2026-06-12T11:07:08.805+0000] {processor.py:183} INFO - Processing /home/airflow/.local/lib/python3.8/site-packages/airflow/example_dags/example_short_circuit_operator.py took 0.142 seconds
[2026-06-12T11:07:38.906+0000] {processor.py:161} INFO - Started process (PID=686) to work on /home/airflow/.local/lib/python3.8/site-packages/airflow/example_dags/example_short_circuit_operator.py
[2026-06-12T11:07:38.907+0000] {processor.py:830} INFO - Processing file /home/airflow/.local/lib/python3.8/site-packages/airflow/example_dags/example_short_circuit_operator.py for tasks to queue
[2026-06-12T11:07:38.910+0000] {logging_mixin.py:188} INFO - [2026-06-12T11:07:38.909+0000] {dagbag.py:538} INFO - Filling up the DagBag from /home/airflow/.local/lib/python3.8/site-packages/airflow/example_dags/example_short_circuit_operator.py
[2026-06-12T11:07:38.921+0000] {processor.py:840} INFO - DAG(s) 'example_short_circuit_operator' retrieved from /home/airflow/.local/lib/python3.8/site-packages/airflow/example_dags/example_short_circuit_operator.py
[2026-06-12T11:07:38.962+0000] {logging_mixin.py:188} INFO - [2026-06-12T11:07:38.961+0000] {dag.py:3036} INFO - Sync 1 DAGs
[2026-06-12T11:07:38.999+0000] {logging_mixin.py:188} INFO - [2026-06-12T11:07:38.999+0000] {dag.py:3823} INFO - Setting next_dagrun for example_short_circuit_operator to 2026-06-11 00:00:00+00:00, run_after=2026-06-12 00:00:00+00:00
[2026-06-12T11:07:39.028+0000] {processor.py:183} INFO - Processing /home/airflow/.local/lib/python3.8/site-packages/airflow/example_dags/example_short_circuit_operator.py took 0.127 seconds
[2026-06-12T11:08:09.207+0000] {processor.py:161} INFO - Started process (PID=752) to work on /home/airflow/.local/lib/python3.8/site-packages/airflow/example_dags/example_short_circuit_operator.py
[2026-06-12T11:08:09.209+0000] {processor.py:830} INFO - Processing file /home/airflow/.local/lib/python3.8/site-packages/airflow/example_dags/example_short_circuit_operator.py for tasks to queue
[2026-06-12T11:08:09.212+0000] {logging_mixin.py:188} INFO - [2026-06-12T11:08:09.211+0000] {dagbag.py:538} INFO - Filling up the DagBag from /home/airflow/.local/lib/python3.8/site-packages/airflow/example_dags/example_short_circuit_operator.py
[2026-06-12T11:08:09.226+0000] {processor.py:840} INFO - DAG(s) 'example_short_circuit_operator' retrieved from /home/airflow/.local/lib/python3.8/site-packages/airflow/example_dags/example_short_circuit_operator.py
[2026-06-12T11:08:09.272+0000] {logging_mixin.py:188} INFO - [2026-06-12T11:08:09.272+0000] {dag.py:3036} INFO - Sync 1 DAGs
[2026-06-12T11:08:09.309+0000] {logging_mixin.py:188} INFO - [2026-06-12T11:08:09.308+0000] {dag.py:3823} INFO - Setting next_dagrun for example_short_circuit_operator to 2026-06-11 00:00:00+00:00, run_after=2026-06-12 00:00:00+00:00
[2026-06-12T11:08:09.337+0000] {processor.py:183} INFO - Processing /home/airflow/.local/lib/python3.8/site-packages/airflow/example_dags/example_short_circuit_operator.py took 0.135 seconds
[2026-06-12T11:08:39.608+0000] {processor.py:161} INFO - Started process (PID=819) to work on /home/airflow/.local/lib/python3.8/site-packages/airflow/example_dags/example_short_circuit_operator.py
[2026-06-12T11:08:39.609+0000] {processor.py:830} INFO - Processing file /home/airflow/.local/lib/python3.8/site-packages/airflow/example_dags/example_short_circuit_operator.py for tasks to queue
[2026-06-12T11:08:39.612+0000] {logging_mixin.py:188} INFO - [2026-06-12T11:08:39.611+0000] {dagbag.py:538} INFO - Filling up the DagBag from /home/airflow/.local/lib/python3.8/site-packages/airflow/example_dags/example_short_circuit_operator.py
[2026-06-12T11:08:39.624+0000] {processor.py:840} INFO - DAG(s) 'example_short_circuit_operator' retrieved from /home/airflow/.local/lib/python3.8/site-packages/airflow/example_dags/example_short_circuit_operator.py
[2026-06-12T11:08:39.670+0000] {logging_mixin.py:188} INFO - [2026-06-12T11:08:39.669+0000] {dag.py:3036} INFO - Sync 1 DAGs
[2026-06-12T11:08:39.712+0000] {logging_mixin.py:188} INFO - [2026-06-12T11:08:39.711+0000] {dag.py:3823} INFO - Setting next_dagrun for example_short_circuit_operator to 2026-06-11 00:00:00+00:00, run_after=2026-06-12 00:00:00+00:00
[2026-06-12T11:08:39.743+0000] {processor.py:183} INFO - Processing /home/airflow/.local/lib/python3.8/site-packages/airflow/example_dags/example_short_circuit_operator.py took 0.140 seconds
[2026-06-12T11:09:10.033+0000] {processor.py:161} INFO - Started process (PID=884) to work on /home/airflow/.local/lib/python3.8/site-packages/airflow/example_dags/example_short_circuit_operator.py
[2026-06-12T11:09:10.035+0000] {processor.py:830} INFO - Processing file /home/airflow/.local/lib/python3.8/site-packages/airflow/example_dags/example_short_circuit_operator.py for tasks to queue
[2026-06-12T11:09:10.037+0000] {logging_mixin.py:188} INFO - [2026-06-12T11:09:10.037+0000] {dagbag.py:538} INFO - Filling up the DagBag from /home/airflow/.local/lib/python3.8/site-packages/airflow/example_dags/example_short_circuit_operator.py
[2026-06-12T11:09:10.050+0000] {processor.py:840} INFO - DAG(s) 'example_short_circuit_operator' retrieved from /home/airflow/.local/lib/python3.8/site-packages/airflow/example_dags/example_short_circuit_operator.py
[2026-06-12T11:09:10.093+0000] {logging_mixin.py:188} INFO - [2026-06-12T11:09:10.092+0000] {dag.py:3036} INFO - Sync 1 DAGs
[2026-06-12T11:09:10.131+0000] {logging_mixin.py:188} INFO - [2026-06-12T11:09:10.131+0000] {dag.py:3823} INFO - Setting next_dagrun for example_short_circuit_operator to 2026-06-11 00:00:00+00:00, run_after=2026-06-12 00:00:00+00:00
[2026-06-12T11:09:10.168+0000] {processor.py:183} INFO - Processing /home/airflow/.local/lib/python3.8/site-packages/airflow/example_dags/example_short_circuit_operator.py took 0.140 seconds
[2026-06-12T11:09:40.649+0000] {processor.py:161} INFO - Started process (PID=951) to work on /home/airflow/.local/lib/python3.8/site-packages/airflow/example_dags/example_short_circuit_operator.py
[2026-06-12T11:09:40.650+0000] {processor.py:830} INFO - Processing file /home/airflow/.local/lib/python3.8/site-packages/airflow/example_dags/example_short_circuit_operator.py for tasks to queue
[2026-06-12T11:09:40.653+0000] {logging_mixin.py:188} INFO - [2026-06-12T11:09:40.652+0000] {dagbag.py:538} INFO - Filling up the DagBag from /home/airflow/.local/lib/python3.8/site-packages/airflow/example_dags/example_short_circuit_operator.py
[2026-06-12T11:09:40.665+0000] {processor.py:840} INFO - DAG(s) 'example_short_circuit_operator' retrieved from /home/airflow/.local/lib/python3.8/site-packages/airflow/example_dags/example_short_circuit_operator.py
[2026-06-12T11:09:40.713+0000] {logging_mixin.py:188} INFO - [2026-06-12T11:09:40.712+0000] {dag.py:3036} INFO - Sync 1 DAGs
[2026-06-12T11:09:40.751+0000] {logging_mixin.py:188} INFO - [2026-06-12T11:09:40.750+0000] {dag.py:3823} INFO - Setting next_dagrun for example_short_circuit_operator to 2026-06-11 00:00:00+00:00, run_after=2026-06-12 00:00:00+00:00
[2026-06-12T11:09:40.783+0000] {processor.py:183} INFO - Processing /home/airflow/.local/lib/python3.8/site-packages/airflow/example_dags/example_short_circuit_operator.py took 0.139 seconds
[2026-06-12T11:10:11.296+0000] {processor.py:161} INFO - Started process (PID=1024) to work on /home/airflow/.local/lib/python3.8/site-packages/airflow/example_dags/example_short_circuit_operator.py
[2026-06-12T11:10:11.298+0000] {processor.py:830} INFO - Processing file /home/airflow/.local/lib/python3.8/site-packages/airflow/example_dags/example_short_circuit_operator.py for tasks to queue
[2026-06-12T11:10:11.300+0000] {logging_mixin.py:188} INFO - [2026-06-12T11:10:11.300+0000] {dagbag.py:538} INFO - Filling up the DagBag from /home/airflow/.local/lib/python3.8/site-packages/airflow/example_dags/example_short_circuit_operator.py
[2026-06-12T11:10:11.312+0000] {processor.py:840} INFO - DAG(s) 'example_short_circuit_operator' retrieved from /home/airflow/.local/lib/python3.8/site-packages/airflow/example_dags/example_short_circuit_operator.py
[2026-06-12T11:10:11.355+0000] {logging_mixin.py:188} INFO - [2026-06-12T11:10:11.354+0000] {dag.py:3036} INFO - Sync 1 DAGs
[2026-06-12T11:10:11.389+0000] {logging_mixin.py:188} INFO - [2026-06-12T11:10:11.389+0000] {dag.py:3823} INFO - Setting next_dagrun for example_short_circuit_operator to 2026-06-11 00:00:00+00:00, run_after=2026-06-12 00:00:00+00:00
[2026-06-12T11:10:11.420+0000] {processor.py:183} INFO - Processing /home/airflow/.local/lib/python3.8/site-packages/airflow/example_dags/example_short_circuit_operator.py took 0.129 seconds
[2026-06-12T11:10:41.503+0000] {processor.py:161} INFO - Started process (PID=1089) to work on /home/airflow/.local/lib/python3.8/site-packages/airflow/example_dags/example_short_circuit_operator.py
[2026-06-12T11:10:41.504+0000] {processor.py:830} INFO - Processing file /home/airflow/.local/lib/python3.8/site-packages/airflow/example_dags/example_short_circuit_operator.py for tasks to queue
[2026-06-12T11:10:41.507+0000] {logging_mixin.py:188} INFO - [2026-06-12T11:10:41.506+0000] {dagbag.py:538} INFO - Filling up the DagBag from /home/airflow/.local/lib/python3.8/site-packages/airflow/example_dags/example_short_circuit_operator.py
[2026-06-12T11:10:41.518+0000] {processor.py:840} INFO - DAG(s) 'example_short_circuit_operator' retrieved from /home/airflow/.local/lib/python3.8/site-packages/airflow/example_dags/example_short_circuit_operator.py
[2026-06-12T11:10:41.559+0000] {logging_mixin.py:188} INFO - [2026-06-12T11:10:41.559+0000] {dag.py:3036} INFO - Sync 1 DAGs
[2026-06-12T11:10:41.595+0000] {logging_mixin.py:188} INFO - [2026-06-12T11:10:41.594+0000] {dag.py:3823} INFO - Setting next_dagrun for example_short_circuit_operator to 2026-06-11 00:00:00+00:00, run_after=2026-06-12 00:00:00+00:00
[2026-06-12T11:10:41.621+0000] {processor.py:183} INFO - Processing /home/airflow/.local/lib/python3.8/site-packages/airflow/example_dags/example_short_circuit_operator.py took 0.123 seconds
[2026-06-12T11:11:11.719+0000] {processor.py:161} INFO - Started process (PID=1155) to work on /home/airflow/.local/lib/python3.8/site-packages/airflow/example_dags/example_short_circuit_operator.py
[2026-06-12T11:11:11.721+0000] {processor.py:830} INFO - Processing file /home/airflow/.local/lib/python3.8/site-packages/airflow/example_dags/example_short_circuit_operator.py for tasks to queue
[2026-06-12T11:11:11.724+0000] {logging_mixin.py:188} INFO - [2026-06-12T11:11:11.724+0000] {dagbag.py:538} INFO - Filling up the DagBag from /home/airflow/.local/lib/python3.8/site-packages/airflow/example_dags/example_short_circuit_operator.py
[2026-06-12T11:11:11.739+0000] {processor.py:840} INFO - DAG(s) 'example_short_circuit_operator' retrieved from /home/airflow/.local/lib/python3.8/site-packages/airflow/example_dags/example_short_circuit_operator.py
[2026-06-12T11:11:11.783+0000] {logging_mixin.py:188} INFO - [2026-06-12T11:11:11.783+0000] {dag.py:3036} INFO - Sync 1 DAGs
[2026-06-12T11:11:11.819+0000] {logging_mixin.py:188} INFO - [2026-06-12T11:11:11.819+0000] {dag.py:3823} INFO - Setting next_dagrun for example_short_circuit_operator to 2026-06-11 00:00:00+00:00, run_after=2026-06-12 00:00:00+00:00
[2026-06-12T11:11:11.848+0000] {processor.py:183} INFO - Processing /home/airflow/.local/lib/python3.8/site-packages/airflow/example_dags/example_short_circuit_operator.py took 0.135 seconds
[2026-06-12T11:11:42.318+0000] {processor.py:161} INFO - Started process (PID=1222) to work on /home/airflow/.local/lib/python3.8/site-packages/airflow/example_dags/example_short_circuit_operator.py
[2026-06-12T11:11:42.320+0000] {processor.py:830} INFO - Processing file /home/airflow/.local/lib/python3.8/site-packages/airflow/example_dags/example_short_circuit_operator.py for tasks to queue
[2026-06-12T11:11:42.323+0000] {logging_mixin.py:188} INFO - [2026-06-12T11:11:42.322+0000] {dagbag.py:538} INFO - Filling up the DagBag from /home/airflow/.local/lib/python3.8/site-packages/airflow/example_dags/example_short_circuit_operator.py
[2026-06-12T11:11:42.335+0000] {processor.py:840} INFO - DAG(s) 'example_short_circuit_operator' retrieved from /home/airflow/.local/lib/python3.8/site-packages/airflow/example_dags/example_short_circuit_operator.py
[2026-06-12T11:11:42.386+0000] {logging_mixin.py:188} INFO - [2026-06-12T11:11:42.386+0000] {dag.py:3036} INFO - Sync 1 DAGs
[2026-06-12T11:11:42.428+0000] {logging_mixin.py:188} INFO - [2026-06-12T11:11:42.428+0000] {dag.py:3823} INFO - Setting next_dagrun for example_short_circuit_operator to 2026-06-11 00:00:00+00:00, run_after=2026-06-12 00:00:00+00:00
[2026-06-12T11:11:42.461+0000] {processor.py:183} INFO - Processing /home/airflow/.local/lib/python3.8/site-packages/airflow/example_dags/example_short_circuit_operator.py took 0.149 seconds
[2026-06-12T11:12:12.733+0000] {processor.py:161} INFO - Started process (PID=1288) to work on /home/airflow/.local/lib/python3.8/site-packages/airflow/example_dags/example_short_circuit_operator.py
[2026-06-12T11:12:12.735+0000] {processor.py:830} INFO - Processing file /home/airflow/.local/lib/python3.8/site-packages/airflow/example_dags/example_short_circuit_operator.py for tasks to queue
[2026-06-12T11:12:12.738+0000] {logging_mixin.py:188} INFO - [2026-06-12T11:12:12.737+0000] {dagbag.py:538} INFO - Filling up the DagBag from /home/airflow/.local/lib/python3.8/site-packages/airflow/example_dags/example_short_circuit_operator.py
[2026-06-12T11:12:12.752+0000] {processor.py:840} INFO - DAG(s) 'example_short_circuit_operator' retrieved from /home/airflow/.local/lib/python3.8/site-packages/airflow/example_dags/example_short_circuit_operator.py
[2026-06-12T11:12:12.798+0000] {logging_mixin.py:188} INFO - [2026-06-12T11:12:12.798+0000] {dag.py:3036} INFO - Sync 1 DAGs
[2026-06-12T11:12:12.838+0000] {logging_mixin.py:188} INFO - [2026-06-12T11:12:12.838+0000] {dag.py:3823} INFO - Setting next_dagrun for example_short_circuit_operator to 2026-06-11 00:00:00+00:00, run_after=2026-06-12 00:00:00+00:00
[2026-06-12T11:12:12.872+0000] {processor.py:183} INFO - Processing /home/airflow/.local/lib/python3.8/site-packages/airflow/example_dags/example_short_circuit_operator.py took 0.145 seconds
[2026-06-12T11:12:42.975+0000] {processor.py:161} INFO - Started process (PID=1355) to work on /home/airflow/.local/lib/python3.8/site-packages/airflow/example_dags/example_short_circuit_operator.py
[2026-06-12T11:12:42.977+0000] {processor.py:830} INFO - Processing file /home/airflow/.local/lib/python3.8/site-packages/airflow/example_dags/example_short_circuit_operator.py for tasks to queue
[2026-06-12T11:12:42.980+0000] {logging_mixin.py:188} INFO - [2026-06-12T11:12:42.979+0000] {dagbag.py:538} INFO - Filling up the DagBag from /home/airflow/.local/lib/python3.8/site-packages/airflow/example_dags/example_short_circuit_operator.py
[2026-06-12T11:12:42.998+0000] {processor.py:840} INFO - DAG(s) 'example_short_circuit_operator' retrieved from /home/airflow/.local/lib/python3.8/site-packages/airflow/example_dags/example_short_circuit_operator.py
[2026-06-12T11:12:43.053+0000] {logging_mixin.py:188} INFO - [2026-06-12T11:12:43.053+0000] {dag.py:3036} INFO - Sync 1 DAGs
[2026-06-12T11:12:43.092+0000] {logging_mixin.py:188} INFO - [2026-06-12T11:12:43.092+0000] {dag.py:3823} INFO - Setting next_dagrun for example_short_circuit_operator to 2026-06-11 00:00:00+00:00, run_after=2026-06-12 00:00:00+00:00
[2026-06-12T11:12:43.121+0000] {processor.py:183} INFO - Processing /home/airflow/.local/lib/python3.8/site-packages/airflow/example_dags/example_short_circuit_operator.py took 0.152 seconds
[2026-06-12T11:13:13.482+0000] {processor.py:161} INFO - Started process (PID=1421) to work on /home/airflow/.local/lib/python3.8/site-packages/airflow/example_dags/example_short_circuit_operator.py
[2026-06-12T11:13:13.485+0000] {processor.py:830} INFO - Processing file /home/airflow/.local/lib/python3.8/site-packages/airflow/example_dags/example_short_circuit_operator.py for tasks to queue
[2026-06-12T11:13:13.488+0000] {logging_mixin.py:188} INFO - [2026-06-12T11:13:13.487+0000] {dagbag.py:538} INFO - Filling up the DagBag from /home/airflow/.local/lib/python3.8/site-packages/airflow/example_dags/example_short_circuit_operator.py
[2026-06-12T11:13:13.501+0000] {processor.py:840} INFO - DAG(s) 'example_short_circuit_operator' retrieved from /home/airflow/.local/lib/python3.8/site-packages/airflow/example_dags/example_short_circuit_operator.py
[2026-06-12T11:13:13.545+0000] {logging_mixin.py:188} INFO - [2026-06-12T11:13:13.545+0000] {dag.py:3036} INFO - Sync 1 DAGs
[2026-06-12T11:13:13.579+0000] {logging_mixin.py:188} INFO - [2026-06-12T11:13:13.578+0000] {dag.py:3823} INFO - Setting next_dagrun for example_short_circuit_operator to 2026-06-11 00:00:00+00:00, run_after=2026-06-12 00:00:00+00:00
[2026-06-12T11:13:13.609+0000] {processor.py:183} INFO - Processing /home/airflow/.local/lib/python3.8/site-packages/airflow/example_dags/example_short_circuit_operator.py took 0.132 seconds
[2026-06-12T11:13:44.120+0000] {processor.py:161} INFO - Started process (PID=1487) to work on /home/airflow/.local/lib/python3.8/site-packages/airflow/example_dags/example_short_circuit_operator.py
[2026-06-12T11:13:44.121+0000] {processor.py:830} INFO - Processing file /home/airflow/.local/lib/python3.8/site-packages/airflow/example_dags/example_short_circuit_operator.py for tasks to queue
[2026-06-12T11:13:44.124+0000] {logging_mixin.py:188} INFO - [2026-06-12T11:13:44.123+0000] {dagbag.py:538} INFO - Filling up the DagBag from /home/airflow/.local/lib/python3.8/site-packages/airflow/example_dags/example_short_circuit_operator.py
[2026-06-12T11:13:44.136+0000] {processor.py:840} INFO - DAG(s) 'example_short_circuit_operator' retrieved from /home/airflow/.local/lib/python3.8/site-packages/airflow/example_dags/example_short_circuit_operator.py
[2026-06-12T11:13:44.188+0000] {logging_mixin.py:188} INFO - [2026-06-12T11:13:44.187+0000] {dag.py:3036} INFO - Sync 1 DAGs
[2026-06-12T11:13:44.225+0000] {logging_mixin.py:188} INFO - [2026-06-12T11:13:44.225+0000] {dag.py:3823} INFO - Setting next_dagrun for example_short_circuit_operator to 2026-06-11 00:00:00+00:00, run_after=2026-06-12 00:00:00+00:00
[2026-06-12T11:13:44.259+0000] {processor.py:183} INFO - Processing /home/airflow/.local/lib/python3.8/site-packages/airflow/example_dags/example_short_circuit_operator.py took 0.144 seconds
[2026-06-12T11:14:15.169+0000] {processor.py:161} INFO - Started process (PID=1561) to work on /home/airflow/.local/lib/python3.8/site-packages/airflow/example_dags/example_short_circuit_operator.py
[2026-06-12T11:14:15.171+0000] {processor.py:830} INFO - Processing file /home/airflow/.local/lib/python3.8/site-packages/airflow/example_dags/example_short_circuit_operator.py for tasks to queue
[2026-06-12T11:14:15.174+0000] {logging_mixin.py:188} INFO - [2026-06-12T11:14:15.174+0000] {dagbag.py:538} INFO - Filling up the DagBag from /home/airflow/.local/lib/python3.8/site-packages/airflow/example_dags/example_short_circuit_operator.py
[2026-06-12T11:14:15.188+0000] {processor.py:840} INFO - DAG(s) 'example_short_circuit_operator' retrieved from /home/airflow/.local/lib/python3.8/site-packages/airflow/example_dags/example_short_circuit_operator.py
[2026-06-12T11:14:15.230+0000] {logging_mixin.py:188} INFO - [2026-06-12T11:14:15.230+0000] {dag.py:3036} INFO - Sync 1 DAGs
[2026-06-12T11:14:15.267+0000] {logging_mixin.py:188} INFO - [2026-06-12T11:14:15.267+0000] {dag.py:3823} INFO - Setting next_dagrun for example_short_circuit_operator to 2026-06-11 00:00:00+00:00, run_after=2026-06-12 00:00:00+00:00
[2026-06-12T11:14:15.295+0000] {processor.py:183} INFO - Processing /home/airflow/.local/lib/python3.8/site-packages/airflow/example_dags/example_short_circuit_operator.py took 0.130 seconds
[2026-06-12T11:14:45.812+0000] {processor.py:161} INFO - Started process (PID=1628) to work on /home/airflow/.local/lib/python3.8/site-packages/airflow/example_dags/example_short_circuit_operator.py
[2026-06-12T11:14:45.814+0000] {processor.py:830} INFO - Processing file /home/airflow/.local/lib/python3.8/site-packages/airflow/example_dags/example_short_circuit_operator.py for tasks to queue
[2026-06-12T11:14:45.817+0000] {logging_mixin.py:188} INFO - [2026-06-12T11:14:45.816+0000] {dagbag.py:538} INFO - Filling up the DagBag from /home/airflow/.local/lib/python3.8/site-packages/airflow/example_dags/example_short_circuit_operator.py
[2026-06-12T11:14:45.829+0000] {processor.py:840} INFO - DAG(s) 'example_short_circuit_operator' retrieved from /home/airflow/.local/lib/python3.8/site-packages/airflow/example_dags/example_short_circuit_operator.py
[2026-06-12T11:14:45.878+0000] {logging_mixin.py:188} INFO - [2026-06-12T11:14:45.877+0000] {dag.py:3036} INFO - Sync 1 DAGs
[2026-06-12T11:14:45.921+0000] {logging_mixin.py:188} INFO - [2026-06-12T11:14:45.921+0000] {dag.py:3823} INFO - Setting next_dagrun for example_short_circuit_operator to 2026-06-11 00:00:00+00:00, run_after=2026-06-12 00:00:00+00:00
[2026-06-12T11:14:45.963+0000] {processor.py:183} INFO - Processing /home/airflow/.local/lib/python3.8/site-packages/airflow/example_dags/example_short_circuit_operator.py took 0.156 seconds
[2026-06-12T11:15:16.257+0000] {processor.py:161} INFO - Started process (PID=1694) to work on /home/airflow/.local/lib/python3.8/site-packages/airflow/example_dags/example_short_circuit_operator.py
[2026-06-12T11:15:16.259+0000] {processor.py:830} INFO - Processing file /home/airflow/.local/lib/python3.8/site-packages/airflow/example_dags/example_short_circuit_operator.py for tasks to queue
[2026-06-12T11:15:16.262+0000] {logging_mixin.py:188} INFO - [2026-06-12T11:15:16.261+0000] {dagbag.py:538} INFO - Filling up the DagBag from /home/airflow/.local/lib/python3.8/site-packages/airflow/example_dags/example_short_circuit_operator.py
[2026-06-12T11:15:16.273+0000] {processor.py:840} INFO - DAG(s) 'example_short_circuit_operator' retrieved from /home/airflow/.local/lib/python3.8/site-packages/airflow/example_dags/example_short_circuit_operator.py
[2026-06-12T11:15:16.312+0000] {logging_mixin.py:188} INFO - [2026-06-12T11:15:16.312+0000] {dag.py:3036} INFO - Sync 1 DAGs
[2026-06-12T11:15:16.345+0000] {logging_mixin.py:188} INFO - [2026-06-12T11:15:16.345+0000] {dag.py:3823} INFO - Setting next_dagrun for example_short_circuit_operator to 2026-06-11 00:00:00+00:00, run_after=2026-06-12 00:00:00+00:00
[2026-06-12T11:15:16.374+0000] {processor.py:183} INFO - Processing /home/airflow/.local/lib/python3.8/site-packages/airflow/example_dags/example_short_circuit_operator.py took 0.122 seconds
[2026-06-12T11:15:46.643+0000] {processor.py:161} INFO - Started process (PID=1760) to work on /home/airflow/.local/lib/python3.8/site-packages/airflow/example_dags/example_short_circuit_operator.py
[2026-06-12T11:15:46.644+0000] {processor.py:830} INFO - Processing file /home/airflow/.local/lib/python3.8/site-packages/airflow/example_dags/example_short_circuit_operator.py for tasks to queue
[2026-06-12T11:15:46.647+0000] {logging_mixin.py:188} INFO - [2026-06-12T11:15:46.647+0000] {dagbag.py:538} INFO - Filling up the DagBag from /home/airflow/.local/lib/python3.8/site-packages/airflow/example_dags/example_short_circuit_operator.py
[2026-06-12T11:15:46.662+0000] {processor.py:840} INFO - DAG(s) 'example_short_circuit_operator' retrieved from /home/airflow/.local/lib/python3.8/site-packages/airflow/example_dags/example_short_circuit_operator.py
[2026-06-12T11:15:46.712+0000] {logging_mixin.py:188} INFO - [2026-06-12T11:15:46.711+0000] {dag.py:3036} INFO - Sync 1 DAGs
[2026-06-12T11:15:46.755+0000] {logging_mixin.py:188} INFO - [2026-06-12T11:15:46.755+0000] {dag.py:3823} INFO - Setting next_dagrun for example_short_circuit_operator to 2026-06-11 00:00:00+00:00, run_after=2026-06-12 00:00:00+00:00
[2026-06-12T11:15:46.790+0000] {processor.py:183} INFO - Processing /home/airflow/.local/lib/python3.8/site-packages/airflow/example_dags/example_short_circuit_operator.py took 0.153 seconds
[2026-06-12T11:16:17.308+0000] {processor.py:161} INFO - Started process (PID=1825) to work on /home/airflow/.local/lib/python3.8/site-packages/airflow/example_dags/example_short_circuit_operator.py
[2026-06-12T11:16:17.310+0000] {processor.py:830} INFO - Processing file /home/airflow/.local/lib/python3.8/site-packages/airflow/example_dags/example_short_circuit_operator.py for tasks to queue
[2026-06-12T11:16:17.313+0000] {logging_mixin.py:188} INFO - [2026-06-12T11:16:17.313+0000] {dagbag.py:538} INFO - Filling up the DagBag from /home/airflow/.local/lib/python3.8/site-packages/airflow/example_dags/example_short_circuit_operator.py
[2026-06-12T11:16:17.329+0000] {processor.py:840} INFO - DAG(s) 'example_short_circuit_operator' retrieved from /home/airflow/.local/lib/python3.8/site-packages/airflow/example_dags/example_short_circuit_operator.py
[2026-06-12T11:16:17.374+0000] {logging_mixin.py:188} INFO - [2026-06-12T11:16:17.373+0000] {dag.py:3036} INFO - Sync 1 DAGs
[2026-06-12T11:16:17.408+0000] {logging_mixin.py:188} INFO - [2026-06-12T11:16:17.408+0000] {dag.py:3823} INFO - Setting next_dagrun for example_short_circuit_operator to 2026-06-11 00:00:00+00:00, run_after=2026-06-12 00:00:00+00:00
[2026-06-12T11:16:17.443+0000] {processor.py:183} INFO - Processing /home/airflow/.local/lib/python3.8/site-packages/airflow/example_dags/example_short_circuit_operator.py took 0.141 seconds
[2026-06-12T11:16:47.740+0000] {processor.py:161} INFO - Started process (PID=1891) to work on /home/airflow/.local/lib/python3.8/site-packages/airflow/example_dags/example_short_circuit_operator.py
[2026-06-12T11:16:47.742+0000] {processor.py:830} INFO - Processing file /home/airflow/.local/lib/python3.8/site-packages/airflow/example_dags/example_short_circuit_operator.py for tasks to queue
[2026-06-12T11:16:47.744+0000] {logging_mixin.py:188} INFO - [2026-06-12T11:16:47.744+0000] {dagbag.py:538} INFO - Filling up the DagBag from /home/airflow/.local/lib/python3.8/site-packages/airflow/example_dags/example_short_circuit_operator.py
[2026-06-12T11:16:47.756+0000] {processor.py:840} INFO - DAG(s) 'example_short_circuit_operator' retrieved from /home/airflow/.local/lib/python3.8/site-packages/airflow/example_dags/example_short_circuit_operator.py
[2026-06-12T11:16:47.799+0000] {logging_mixin.py:188} INFO - [2026-06-12T11:16:47.799+0000] {dag.py:3036} INFO - Sync 1 DAGs
[2026-06-12T11:16:47.835+0000] {logging_mixin.py:188} INFO - [2026-06-12T11:16:47.835+0000] {dag.py:3823} INFO - Setting next_dagrun for example_short_circuit_operator to 2026-06-11 00:00:00+00:00, run_after=2026-06-12 00:00:00+00:00
[2026-06-12T11:16:47.862+0000] {processor.py:183} INFO - Processing /home/airflow/.local/lib/python3.8/site-packages/airflow/example_dags/example_short_circuit_operator.py took 0.127 seconds
[2026-06-12T11:17:18.223+0000] {processor.py:161} INFO - Started process (PID=1956) to work on /home/airflow/.local/lib/python3.8/site-packages/airflow/example_dags/example_short_circuit_operator.py
[2026-06-12T11:17:18.224+0000] {processor.py:830} INFO - Processing file /home/airflow/.local/lib/python3.8/site-packages/airflow/example_dags/example_short_circuit_operator.py for tasks to queue
[2026-06-12T11:17:18.227+0000] {logging_mixin.py:188} INFO - [2026-06-12T11:17:18.227+0000] {dagbag.py:538} INFO - Filling up the DagBag from /home/airflow/.local/lib/python3.8/site-packages/airflow/example_dags/example_short_circuit_operator.py
[2026-06-12T11:17:18.240+0000] {processor.py:840} INFO - DAG(s) 'example_short_circuit_operator' retrieved from /home/airflow/.local/lib/python3.8/site-packages/airflow/example_dags/example_short_circuit_operator.py
[2026-06-12T11:17:18.286+0000] {logging_mixin.py:188} INFO - [2026-06-12T11:17:18.286+0000] {dag.py:3036} INFO - Sync 1 DAGs
[2026-06-12T11:17:18.331+0000] {logging_mixin.py:188} INFO - [2026-06-12T11:17:18.331+0000] {dag.py:3823} INFO - Setting next_dagrun for example_short_circuit_operator to 2026-06-11 00:00:00+00:00, run_after=2026-06-12 00:00:00+00:00
[2026-06-12T11:17:18.361+0000] {processor.py:183} INFO - Processing /home/airflow/.local/lib/python3.8/site-packages/airflow/example_dags/example_short_circuit_operator.py took 0.143 seconds
[2026-06-12T11:17:48.610+0000] {processor.py:161} INFO - Started process (PID=2022) to work on /home/airflow/.local/lib/python3.8/site-packages/airflow/example_dags/example_short_circuit_operator.py
[2026-06-12T11:17:48.612+0000] {processor.py:830} INFO - Processing file /home/airflow/.local/lib/python3.8/site-packages/airflow/example_dags/example_short_circuit_operator.py for tasks to queue
[2026-06-12T11:17:48.614+0000] {logging_mixin.py:188} INFO - [2026-06-12T11:17:48.614+0000] {dagbag.py:538} INFO - Filling up the DagBag from /home/airflow/.local/lib/python3.8/site-packages/airflow/example_dags/example_short_circuit_operator.py
[2026-06-12T11:17:48.625+0000] {processor.py:840} INFO - DAG(s) 'example_short_circuit_operator' retrieved from /home/airflow/.local/lib/python3.8/site-packages/airflow/example_dags/example_short_circuit_operator.py
[2026-06-12T11:17:48.664+0000] {logging_mixin.py:188} INFO - [2026-06-12T11:17:48.663+0000] {dag.py:3036} INFO - Sync 1 DAGs
[2026-06-12T11:17:48.696+0000] {logging_mixin.py:188} INFO - [2026-06-12T11:17:48.696+0000] {dag.py:3823} INFO - Setting next_dagrun for example_short_circuit_operator to 2026-06-11 00:00:00+00:00, run_after=2026-06-12 00:00:00+00:00
[2026-06-12T11:17:48.724+0000] {processor.py:183} INFO - Processing /home/airflow/.local/lib/python3.8/site-packages/airflow/example_dags/example_short_circuit_operator.py took 0.119 seconds
[2026-06-12T11:18:18.875+0000] {processor.py:161} INFO - Started process (PID=2088) to work on /home/airflow/.local/lib/python3.8/site-packages/airflow/example_dags/example_short_circuit_operator.py
[2026-06-12T11:18:18.877+0000] {processor.py:830} INFO - Processing file /home/airflow/.local/lib/python3.8/site-packages/airflow/example_dags/example_short_circuit_operator.py for tasks to queue
[2026-06-12T11:18:18.879+0000] {logging_mixin.py:188} INFO - [2026-06-12T11:18:18.879+0000] {dagbag.py:538} INFO - Filling up the DagBag from /home/airflow/.local/lib/python3.8/site-packages/airflow/example_dags/example_short_circuit_operator.py
[2026-06-12T11:18:18.892+0000] {processor.py:840} INFO - DAG(s) 'example_short_circuit_operator' retrieved from /home/airflow/.local/lib/python3.8/site-packages/airflow/example_dags/example_short_circuit_operator.py
[2026-06-12T11:18:18.930+0000] {logging_mixin.py:188} INFO - [2026-06-12T11:18:18.930+0000] {dag.py:3036} INFO - Sync 1 DAGs
[2026-06-12T11:18:18.962+0000] {logging_mixin.py:188} INFO - [2026-06-12T11:18:18.962+0000] {dag.py:3823} INFO - Setting next_dagrun for example_short_circuit_operator to 2026-06-11 00:00:00+00:00, run_after=2026-06-12 00:00:00+00:00
[2026-06-12T11:18:18.988+0000] {processor.py:183} INFO - Processing /home/airflow/.local/lib/python3.8/site-packages/airflow/example_dags/example_short_circuit_operator.py took 0.118 seconds
[2026-06-12T11:18:49.279+0000] {processor.py:161} INFO - Started process (PID=2154) to work on /home/airflow/.local/lib/python3.8/site-packages/airflow/example_dags/example_short_circuit_operator.py
[2026-06-12T11:18:49.282+0000] {processor.py:830} INFO - Processing file /home/airflow/.local/lib/python3.8/site-packages/airflow/example_dags/example_short_circuit_operator.py for tasks to queue
[2026-06-12T11:18:49.285+0000] {logging_mixin.py:188} INFO - [2026-06-12T11:18:49.284+0000] {dagbag.py:538} INFO - Filling up the DagBag from /home/airflow/.local/lib/python3.8/site-packages/airflow/example_dags/example_short_circuit_operator.py
[2026-06-12T11:18:49.298+0000] {processor.py:840} INFO - DAG(s) 'example_short_circuit_operator' retrieved from /home/airflow/.local/lib/python3.8/site-packages/airflow/example_dags/example_short_circuit_operator.py
[2026-06-12T11:18:49.346+0000] {logging_mixin.py:188} INFO - [2026-06-12T11:18:49.345+0000] {dag.py:3036} INFO - Sync 1 DAGs
[2026-06-12T11:18:49.388+0000] {logging_mixin.py:188} INFO - [2026-06-12T11:18:49.388+0000] {dag.py:3823} INFO - Setting next_dagrun for example_short_circuit_operator to 2026-06-11 00:00:00+00:00, run_after=2026-06-12 00:00:00+00:00
[2026-06-12T11:18:49.423+0000] {processor.py:183} INFO - Processing /home/airflow/.local/lib/python3.8/site-packages/airflow/example_dags/example_short_circuit_operator.py took 0.150 seconds
[2026-06-12T11:19:19.657+0000] {processor.py:161} INFO - Started process (PID=2220) to work on /home/airflow/.local/lib/python3.8/site-packages/airflow/example_dags/example_short_circuit_operator.py
[2026-06-12T11:19:19.660+0000] {processor.py:830} INFO - Processing file /home/airflow/.local/lib/python3.8/site-packages/airflow/example_dags/example_short_circuit_operator.py for tasks to queue
[2026-06-12T11:19:19.665+0000] {logging_mixin.py:188} INFO - [2026-06-12T11:19:19.664+0000] {dagbag.py:538} INFO - Filling up the DagBag from /home/airflow/.local/lib/python3.8/site-packages/airflow/example_dags/example_short_circuit_operator.py
[2026-06-12T11:19:19.684+0000] {processor.py:840} INFO - DAG(s) 'example_short_circuit_operator' retrieved from /home/airflow/.local/lib/python3.8/site-packages/airflow/example_dags/example_short_circuit_operator.py
[2026-06-12T11:19:19.760+0000] {logging_mixin.py:188} INFO - [2026-06-12T11:19:19.760+0000] {dag.py:3036} INFO - Sync 1 DAGs
[2026-06-12T11:19:19.827+0000] {logging_mixin.py:188} INFO - [2026-06-12T11:19:19.827+0000] {dag.py:3823} INFO - Setting next_dagrun for example_short_circuit_operator to 2026-06-11 00:00:00+00:00, run_after=2026-06-12 00:00:00+00:00
[2026-06-12T11:19:19.872+0000] {processor.py:183} INFO - Processing /home/airflow/.local/lib/python3.8/site-packages/airflow/example_dags/example_short_circuit_operator.py took 0.221 seconds
[2026-06-12T11:19:50.104+0000] {processor.py:161} INFO - Started process (PID=2294) to work on /home/airflow/.local/lib/python3.8/site-packages/airflow/example_dags/example_short_circuit_operator.py
[2026-06-12T11:19:50.106+0000] {processor.py:830} INFO - Processing file /home/airflow/.local/lib/python3.8/site-packages/airflow/example_dags/example_short_circuit_operator.py for tasks to queue
[2026-06-12T11:19:50.108+0000] {logging_mixin.py:188} INFO - [2026-06-12T11:19:50.108+0000] {dagbag.py:538} INFO - Filling up the DagBag from /home/airflow/.local/lib/python3.8/site-packages/airflow/example_dags/example_short_circuit_operator.py
[2026-06-12T11:19:50.121+0000] {processor.py:840} INFO - DAG(s) 'example_short_circuit_operator' retrieved from /home/airflow/.local/lib/python3.8/site-packages/airflow/example_dags/example_short_circuit_operator.py
[2026-06-12T11:19:50.167+0000] {logging_mixin.py:188} INFO - [2026-06-12T11:19:50.166+0000] {dag.py:3036} INFO - Sync 1 DAGs
[2026-06-12T11:19:50.210+0000] {logging_mixin.py:188} INFO - [2026-06-12T11:19:50.210+0000] {dag.py:3823} INFO - Setting next_dagrun for example_short_circuit_operator to 2026-06-11 00:00:00+00:00, run_after=2026-06-12 00:00:00+00:00
[2026-06-12T11:19:50.246+0000] {processor.py:183} INFO - Processing /home/airflow/.local/lib/python3.8/site-packages/airflow/example_dags/example_short_circuit_operator.py took 0.147 seconds
[2026-06-12T11:20:20.392+0000] {processor.py:161} INFO - Started process (PID=2360) to work on /home/airflow/.local/lib/python3.8/site-packages/airflow/example_dags/example_short_circuit_operator.py
[2026-06-12T11:20:20.393+0000] {processor.py:830} INFO - Processing file /home/airflow/.local/lib/python3.8/site-packages/airflow/example_dags/example_short_circuit_operator.py for tasks to queue
[2026-06-12T11:20:20.396+0000] {logging_mixin.py:188} INFO - [2026-06-12T11:20:20.395+0000] {dagbag.py:538} INFO - Filling up the DagBag from /home/airflow/.local/lib/python3.8/site-packages/airflow/example_dags/example_short_circuit_operator.py
[2026-06-12T11:20:20.408+0000] {processor.py:840} INFO - DAG(s) 'example_short_circuit_operator' retrieved from /home/airflow/.local/lib/python3.8/site-packages/airflow/example_dags/example_short_circuit_operator.py
[2026-06-12T11:20:20.454+0000] {logging_mixin.py:188} INFO - [2026-06-12T11:20:20.453+0000] {dag.py:3036} INFO - Sync 1 DAGs
[2026-06-12T11:20:20.498+0000] {logging_mixin.py:188} INFO - [2026-06-12T11:20:20.497+0000] {dag.py:3823} INFO - Setting next_dagrun for example_short_circuit_operator to 2026-06-11 00:00:00+00:00, run_after=2026-06-12 00:00:00+00:00
[2026-06-12T11:20:20.536+0000] {processor.py:183} INFO - Processing /home/airflow/.local/lib/python3.8/site-packages/airflow/example_dags/example_short_circuit_operator.py took 0.149 seconds
[2026-06-12T11:20:50.765+0000] {processor.py:161} INFO - Started process (PID=2426) to work on /home/airflow/.local/lib/python3.8/site-packages/airflow/example_dags/example_short_circuit_operator.py
[2026-06-12T11:20:50.767+0000] {processor.py:830} INFO - Processing file /home/airflow/.local/lib/python3.8/site-packages/airflow/example_dags/example_short_circuit_operator.py for tasks to queue
[2026-06-12T11:20:50.770+0000] {logging_mixin.py:188} INFO - [2026-06-12T11:20:50.769+0000] {dagbag.py:538} INFO - Filling up the DagBag from /home/airflow/.local/lib/python3.8/site-packages/airflow/example_dags/example_short_circuit_operator.py
[2026-06-12T11:20:50.783+0000] {processor.py:840} INFO - DAG(s) 'example_short_circuit_operator' retrieved from /home/airflow/.local/lib/python3.8/site-packages/airflow/example_dags/example_short_circuit_operator.py
[2026-06-12T11:20:50.832+0000] {logging_mixin.py:188} INFO - [2026-06-12T11:20:50.832+0000] {dag.py:3036} INFO - Sync 1 DAGs
[2026-06-12T11:20:50.875+0000] {logging_mixin.py:188} INFO - [2026-06-12T11:20:50.875+0000] {dag.py:3823} INFO - Setting next_dagrun for example_short_circuit_operator to 2026-06-11 00:00:00+00:00, run_after=2026-06-12 00:00:00+00:00
[2026-06-12T11:20:50.908+0000] {processor.py:183} INFO - Processing /home/airflow/.local/lib/python3.8/site-packages/airflow/example_dags/example_short_circuit_operator.py took 0.148 seconds
[2026-06-12T11:21:21.246+0000] {processor.py:161} INFO - Started process (PID=2492) to work on /home/airflow/.local/lib/python3.8/site-packages/airflow/example_dags/example_short_circuit_operator.py
[2026-06-12T11:21:21.248+0000] {processor.py:830} INFO - Processing file /home/airflow/.local/lib/python3.8/site-packages/airflow/example_dags/example_short_circuit_operator.py for tasks to queue
[2026-06-12T11:21:21.250+0000] {logging_mixin.py:188} INFO - [2026-06-12T11:21:21.250+0000] {dagbag.py:538} INFO - Filling up the DagBag from /home/airflow/.local/lib/python3.8/site-packages/airflow/example_dags/example_short_circuit_operator.py
[2026-06-12T11:21:21.262+0000] {processor.py:840} INFO - DAG(s) 'example_short_circuit_operator' retrieved from /home/airflow/.local/lib/python3.8/site-packages/airflow/example_dags/example_short_circuit_operator.py
[2026-06-12T11:21:21.305+0000] {logging_mixin.py:188} INFO - [2026-06-12T11:21:21.305+0000] {dag.py:3036} INFO - Sync 1 DAGs
[2026-06-12T11:21:21.343+0000] {logging_mixin.py:188} INFO - [2026-06-12T11:21:21.342+0000] {dag.py:3823} INFO - Setting next_dagrun for example_short_circuit_operator to 2026-06-11 00:00:00+00:00, run_after=2026-06-12 00:00:00+00:00
[2026-06-12T11:21:21.371+0000] {processor.py:183} INFO - Processing /home/airflow/.local/lib/python3.8/site-packages/airflow/example_dags/example_short_circuit_operator.py took 0.130 seconds
[2026-06-12T11:21:51.853+0000] {processor.py:161} INFO - Started process (PID=2558) to work on /home/airflow/.local/lib/python3.8/site-packages/airflow/example_dags/example_short_circuit_operator.py
[2026-06-12T11:21:51.856+0000] {processor.py:830} INFO - Processing file /home/airflow/.local/lib/python3.8/site-packages/airflow/example_dags/example_short_circuit_operator.py for tasks to queue
[2026-06-12T11:21:51.859+0000] {logging_mixin.py:188} INFO - [2026-06-12T11:21:51.859+0000] {dagbag.py:538} INFO - Filling up the DagBag from /home/airflow/.local/lib/python3.8/site-packages/airflow/example_dags/example_short_circuit_operator.py
[2026-06-12T11:21:51.872+0000] {processor.py:840} INFO - DAG(s) 'example_short_circuit_operator' retrieved from /home/airflow/.local/lib/python3.8/site-packages/airflow/example_dags/example_short_circuit_operator.py
[2026-06-12T11:21:51.922+0000] {logging_mixin.py:188} INFO - [2026-06-12T11:21:51.921+0000] {dag.py:3036} INFO - Sync 1 DAGs
[2026-06-12T11:21:51.966+0000] {logging_mixin.py:188} INFO - [2026-06-12T11:21:51.966+0000] {dag.py:3823} INFO - Setting next_dagrun for example_short_circuit_operator to 2026-06-11 00:00:00+00:00, run_after=2026-06-12 00:00:00+00:00
[2026-06-12T11:21:52.004+0000] {processor.py:183} INFO - Processing /home/airflow/.local/lib/python3.8/site-packages/airflow/example_dags/example_short_circuit_operator.py took 0.158 seconds
[2026-06-12T11:22:22.722+0000] {processor.py:161} INFO - Started process (PID=2624) to work on /home/airflow/.local/lib/python3.8/site-packages/airflow/example_dags/example_short_circuit_operator.py
[2026-06-12T11:22:22.723+0000] {processor.py:830} INFO - Processing file /home/airflow/.local/lib/python3.8/site-packages/airflow/example_dags/example_short_circuit_operator.py for tasks to queue
[2026-06-12T11:22:22.726+0000] {logging_mixin.py:188} INFO - [2026-06-12T11:22:22.726+0000] {dagbag.py:538} INFO - Filling up the DagBag from /home/airflow/.local/lib/python3.8/site-packages/airflow/example_dags/example_short_circuit_operator.py
[2026-06-12T11:22:22.738+0000] {processor.py:840} INFO - DAG(s) 'example_short_circuit_operator' retrieved from /home/airflow/.local/lib/python3.8/site-packages/airflow/example_dags/example_short_circuit_operator.py
[2026-06-12T11:22:22.781+0000] {logging_mixin.py:188} INFO - [2026-06-12T11:22:22.780+0000] {dag.py:3036} INFO - Sync 1 DAGs
[2026-06-12T11:22:22.818+0000] {logging_mixin.py:188} INFO - [2026-06-12T11:22:22.818+0000] {dag.py:3823} INFO - Setting next_dagrun for example_short_circuit_operator to 2026-06-11 00:00:00+00:00, run_after=2026-06-12 00:00:00+00:00
[2026-06-12T11:22:22.857+0000] {processor.py:183} INFO - Processing /home/airflow/.local/lib/python3.8/site-packages/airflow/example_dags/example_short_circuit_operator.py took 0.141 seconds
[2026-06-12T11:22:53.325+0000] {processor.py:161} INFO - Started process (PID=2690) to work on /home/airflow/.local/lib/python3.8/site-packages/airflow/example_dags/example_short_circuit_operator.py
[2026-06-12T11:22:53.327+0000] {processor.py:830} INFO - Processing file /home/airflow/.local/lib/python3.8/site-packages/airflow/example_dags/example_short_circuit_operator.py for tasks to queue
[2026-06-12T11:22:53.329+0000] {logging_mixin.py:188} INFO - [2026-06-12T11:22:53.329+0000] {dagbag.py:538} INFO - Filling up the DagBag from /home/airflow/.local/lib/python3.8/site-packages/airflow/example_dags/example_short_circuit_operator.py
[2026-06-12T11:22:53.341+0000] {processor.py:840} INFO - DAG(s) 'example_short_circuit_operator' retrieved from /home/airflow/.local/lib/python3.8/site-packages/airflow/example_dags/example_short_circuit_operator.py
[2026-06-12T11:22:53.382+0000] {logging_mixin.py:188} INFO - [2026-06-12T11:22:53.381+0000] {dag.py:3036} INFO - Sync 1 DAGs
[2026-06-12T11:22:53.418+0000] {logging_mixin.py:188} INFO - [2026-06-12T11:22:53.417+0000] {dag.py:3823} INFO - Setting next_dagrun for example_short_circuit_operator to 2026-06-11 00:00:00+00:00, run_after=2026-06-12 00:00:00+00:00
[2026-06-12T11:22:53.447+0000] {processor.py:183} INFO - Processing /home/airflow/.local/lib/python3.8/site-packages/airflow/example_dags/example_short_circuit_operator.py took 0.128 seconds
[2026-06-12T11:23:24.247+0000] {processor.py:161} INFO - Started process (PID=2756) to work on /home/airflow/.local/lib/python3.8/site-packages/airflow/example_dags/example_short_circuit_operator.py
[2026-06-12T11:23:24.249+0000] {processor.py:830} INFO - Processing file /home/airflow/.local/lib/python3.8/site-packages/airflow/example_dags/example_short_circuit_operator.py for tasks to queue
[2026-06-12T11:23:24.251+0000] {logging_mixin.py:188} INFO - [2026-06-12T11:23:24.250+0000] {dagbag.py:538} INFO - Filling up the DagBag from /home/airflow/.local/lib/python3.8/site-packages/airflow/example_dags/example_short_circuit_operator.py
[2026-06-12T11:23:24.263+0000] {processor.py:840} INFO - DAG(s) 'example_short_circuit_operator' retrieved from /home/airflow/.local/lib/python3.8/site-packages/airflow/example_dags/example_short_circuit_operator.py
[2026-06-12T11:23:24.308+0000] {logging_mixin.py:188} INFO - [2026-06-12T11:23:24.307+0000] {dag.py:3036} INFO - Sync 1 DAGs
[2026-06-12T11:23:24.346+0000] {logging_mixin.py:188} INFO - [2026-06-12T11:23:24.345+0000] {dag.py:3823} INFO - Setting next_dagrun for example_short_circuit_operator to 2026-06-11 00:00:00+00:00, run_after=2026-06-12 00:00:00+00:00
[2026-06-12T11:23:24.378+0000] {processor.py:183} INFO - Processing /home/airflow/.local/lib/python3.8/site-packages/airflow/example_dags/example_short_circuit_operator.py took 0.136 seconds
[2026-06-12T11:23:55.223+0000] {processor.py:161} INFO - Started process (PID=2829) to work on /home/airflow/.local/lib/python3.8/site-packages/airflow/example_dags/example_short_circuit_operator.py
[2026-06-12T11:23:55.225+0000] {processor.py:830} INFO - Processing file /home/airflow/.local/lib/python3.8/site-packages/airflow/example_dags/example_short_circuit_operator.py for tasks to queue
[2026-06-12T11:23:55.227+0000] {logging_mixin.py:188} INFO - [2026-06-12T11:23:55.227+0000] {dagbag.py:538} INFO - Filling up the DagBag from /home/airflow/.local/lib/python3.8/site-packages/airflow/example_dags/example_short_circuit_operator.py
[2026-06-12T11:23:55.240+0000] {processor.py:840} INFO - DAG(s) 'example_short_circuit_operator' retrieved from /home/airflow/.local/lib/python3.8/site-packages/airflow/example_dags/example_short_circuit_operator.py
[2026-06-12T11:23:55.281+0000] {logging_mixin.py:188} INFO - [2026-06-12T11:23:55.281+0000] {dag.py:3036} INFO - Sync 1 DAGs
[2026-06-12T11:23:55.320+0000] {logging_mixin.py:188} INFO - [2026-06-12T11:23:55.319+0000] {dag.py:3823} INFO - Setting next_dagrun for example_short_circuit_operator to 2026-06-11 00:00:00+00:00, run_after=2026-06-12 00:00:00+00:00
[2026-06-12T11:23:55.354+0000] {processor.py:183} INFO - Processing /home/airflow/.local/lib/python3.8/site-packages/airflow/example_dags/example_short_circuit_operator.py took 0.136 seconds
[2026-06-12T11:24:25.616+0000] {processor.py:161} INFO - Started process (PID=2895) to work on /home/airflow/.local/lib/python3.8/site-packages/airflow/example_dags/example_short_circuit_operator.py
[2026-06-12T11:24:25.618+0000] {processor.py:830} INFO - Processing file /home/airflow/.local/lib/python3.8/site-packages/airflow/example_dags/example_short_circuit_operator.py for tasks to queue
[2026-06-12T11:24:25.621+0000] {logging_mixin.py:188} INFO - [2026-06-12T11:24:25.621+0000] {dagbag.py:538} INFO - Filling up the DagBag from /home/airflow/.local/lib/python3.8/site-packages/airflow/example_dags/example_short_circuit_operator.py
[2026-06-12T11:24:25.636+0000] {processor.py:840} INFO - DAG(s) 'example_short_circuit_operator' retrieved from /home/airflow/.local/lib/python3.8/site-packages/airflow/example_dags/example_short_circuit_operator.py
[2026-06-12T11:24:25.684+0000] {logging_mixin.py:188} INFO - [2026-06-12T11:24:25.683+0000] {dag.py:3036} INFO - Sync 1 DAGs
[2026-06-12T11:24:25.727+0000] {logging_mixin.py:188} INFO - [2026-06-12T11:24:25.726+0000] {dag.py:3823} INFO - Setting next_dagrun for example_short_circuit_operator to 2026-06-11 00:00:00+00:00, run_after=2026-06-12 00:00:00+00:00
[2026-06-12T11:24:25.759+0000] {processor.py:183} INFO - Processing /home/airflow/.local/lib/python3.8/site-packages/airflow/example_dags/example_short_circuit_operator.py took 0.148 seconds
[2026-06-12T11:24:56.455+0000] {processor.py:161} INFO - Started process (PID=2961) to work on /home/airflow/.local/lib/python3.8/site-packages/airflow/example_dags/example_short_circuit_operator.py
[2026-06-12T11:24:56.456+0000] {processor.py:830} INFO - Processing file /home/airflow/.local/lib/python3.8/site-packages/airflow/example_dags/example_short_circuit_operator.py for tasks to queue
[2026-06-12T11:24:56.459+0000] {logging_mixin.py:188} INFO - [2026-06-12T11:24:56.459+0000] {dagbag.py:538} INFO - Filling up the DagBag from /home/airflow/.local/lib/python3.8/site-packages/airflow/example_dags/example_short_circuit_operator.py
[2026-06-12T11:24:56.474+0000] {processor.py:840} INFO - DAG(s) 'example_short_circuit_operator' retrieved from /home/airflow/.local/lib/python3.8/site-packages/airflow/example_dags/example_short_circuit_operator.py
[2026-06-12T11:24:56.530+0000] {logging_mixin.py:188} INFO - [2026-06-12T11:24:56.529+0000] {dag.py:3036} INFO - Sync 1 DAGs
[2026-06-12T11:24:56.571+0000] {logging_mixin.py:188} INFO - [2026-06-12T11:24:56.571+0000] {dag.py:3823} INFO - Setting next_dagrun for example_short_circuit_operator to 2026-06-11 00:00:00+00:00, run_after=2026-06-12 00:00:00+00:00
[2026-06-12T11:24:56.606+0000] {processor.py:183} INFO - Processing /home/airflow/.local/lib/python3.8/site-packages/airflow/example_dags/example_short_circuit_operator.py took 0.157 seconds
[2026-06-12T11:25:28.379+0000] {processor.py:161} INFO - Started process (PID=3026) to work on /home/airflow/.local/lib/python3.8/site-packages/airflow/example_dags/example_short_circuit_operator.py
[2026-06-12T11:25:28.381+0000] {processor.py:830} INFO - Processing file /home/airflow/.local/lib/python3.8/site-packages/airflow/example_dags/example_short_circuit_operator.py for tasks to queue
[2026-06-12T11:25:28.384+0000] {logging_mixin.py:188} INFO - [2026-06-12T11:25:28.383+0000] {dagbag.py:538} INFO - Filling up the DagBag from /home/airflow/.local/lib/python3.8/site-packages/airflow/example_dags/example_short_circuit_operator.py
[2026-06-12T11:25:28.398+0000] {processor.py:840} INFO - DAG(s) 'example_short_circuit_operator' retrieved from /home/airflow/.local/lib/python3.8/site-packages/airflow/example_dags/example_short_circuit_operator.py
[2026-06-12T11:25:28.446+0000] {logging_mixin.py:188} INFO - [2026-06-12T11:25:28.446+0000] {dag.py:3036} INFO - Sync 1 DAGs
[2026-06-12T11:25:28.486+0000] {logging_mixin.py:188} INFO - [2026-06-12T11:25:28.486+0000] {dag.py:3823} INFO - Setting next_dagrun for example_short_circuit_operator to 2026-06-11 00:00:00+00:00, run_after=2026-06-12 00:00:00+00:00
[2026-06-12T11:25:28.514+0000] {processor.py:183} INFO - Processing /home/airflow/.local/lib/python3.8/site-packages/airflow/example_dags/example_short_circuit_operator.py took 0.140 seconds
[2026-06-12T11:25:59.147+0000] {processor.py:161} INFO - Started process (PID=3091) to work on /home/airflow/.local/lib/python3.8/site-packages/airflow/example_dags/example_short_circuit_operator.py
[2026-06-12T11:25:59.148+0000] {processor.py:830} INFO - Processing file /home/airflow/.local/lib/python3.8/site-packages/airflow/example_dags/example_short_circuit_operator.py for tasks to queue
[2026-06-12T11:25:59.151+0000] {logging_mixin.py:188} INFO - [2026-06-12T11:25:59.150+0000] {dagbag.py:538} INFO - Filling up the DagBag from /home/airflow/.local/lib/python3.8/site-packages/airflow/example_dags/example_short_circuit_operator.py
[2026-06-12T11:25:59.163+0000] {processor.py:840} INFO - DAG(s) 'example_short_circuit_operator' retrieved from /home/airflow/.local/lib/python3.8/site-packages/airflow/example_dags/example_short_circuit_operator.py
[2026-06-12T11:25:59.205+0000] {logging_mixin.py:188} INFO - [2026-06-12T11:25:59.205+0000] {dag.py:3036} INFO - Sync 1 DAGs
[2026-06-12T11:25:59.409+0000] {logging_mixin.py:188} INFO - [2026-06-12T11:25:59.409+0000] {dag.py:3823} INFO - Setting next_dagrun for example_short_circuit_operator to 2026-06-11 00:00:00+00:00, run_after=2026-06-12 00:00:00+00:00
[2026-06-12T11:25:59.435+0000] {processor.py:183} INFO - Processing /home/airflow/.local/lib/python3.8/site-packages/airflow/example_dags/example_short_circuit_operator.py took 0.293 seconds
[2026-06-12T11:26:30.199+0000] {processor.py:161} INFO - Started process (PID=3158) to work on /home/airflow/.local/lib/python3.8/site-packages/airflow/example_dags/example_short_circuit_operator.py
[2026-06-12T11:26:30.201+0000] {processor.py:830} INFO - Processing file /home/airflow/.local/lib/python3.8/site-packages/airflow/example_dags/example_short_circuit_operator.py for tasks to queue
[2026-06-12T11:26:30.204+0000] {logging_mixin.py:188} INFO - [2026-06-12T11:26:30.203+0000] {dagbag.py:538} INFO - Filling up the DagBag from /home/airflow/.local/lib/python3.8/site-packages/airflow/example_dags/example_short_circuit_operator.py
[2026-06-12T11:26:30.215+0000] {processor.py:840} INFO - DAG(s) 'example_short_circuit_operator' retrieved from /home/airflow/.local/lib/python3.8/site-packages/airflow/example_dags/example_short_circuit_operator.py
[2026-06-12T11:26:30.260+0000] {logging_mixin.py:188} INFO - [2026-06-12T11:26:30.259+0000] {dag.py:3036} INFO - Sync 1 DAGs
[2026-06-12T11:26:30.295+0000] {logging_mixin.py:188} INFO - [2026-06-12T11:26:30.295+0000] {dag.py:3823} INFO - Setting next_dagrun for example_short_circuit_operator to 2026-06-11 00:00:00+00:00, run_after=2026-06-12 00:00:00+00:00
[2026-06-12T11:26:30.325+0000] {processor.py:183} INFO - Processing /home/airflow/.local/lib/python3.8/site-packages/airflow/example_dags/example_short_circuit_operator.py took 0.130 seconds
[2026-06-12T11:27:00.537+0000] {processor.py:161} INFO - Started process (PID=3225) to work on /home/airflow/.local/lib/python3.8/site-packages/airflow/example_dags/example_short_circuit_operator.py
[2026-06-12T11:27:00.539+0000] {processor.py:830} INFO - Processing file /home/airflow/.local/lib/python3.8/site-packages/airflow/example_dags/example_short_circuit_operator.py for tasks to queue
[2026-06-12T11:27:00.541+0000] {logging_mixin.py:188} INFO - [2026-06-12T11:27:00.541+0000] {dagbag.py:538} INFO - Filling up the DagBag from /home/airflow/.local/lib/python3.8/site-packages/airflow/example_dags/example_short_circuit_operator.py
[2026-06-12T11:27:00.553+0000] {processor.py:840} INFO - DAG(s) 'example_short_circuit_operator' retrieved from /home/airflow/.local/lib/python3.8/site-packages/airflow/example_dags/example_short_circuit_operator.py
[2026-06-12T11:27:00.599+0000] {logging_mixin.py:188} INFO - [2026-06-12T11:27:00.599+0000] {dag.py:3036} INFO - Sync 1 DAGs
[2026-06-12T11:27:00.636+0000] {logging_mixin.py:188} INFO - [2026-06-12T11:27:00.636+0000] {dag.py:3823} INFO - Setting next_dagrun for example_short_circuit_operator to 2026-06-11 00:00:00+00:00, run_after=2026-06-12 00:00:00+00:00
[2026-06-12T11:27:00.667+0000] {processor.py:183} INFO - Processing /home/airflow/.local/lib/python3.8/site-packages/airflow/example_dags/example_short_circuit_operator.py took 0.134 seconds
[2026-06-12T11:27:31.326+0000] {processor.py:161} INFO - Started process (PID=3291) to work on /home/airflow/.local/lib/python3.8/site-packages/airflow/example_dags/example_short_circuit_operator.py
[2026-06-12T11:27:31.328+0000] {processor.py:830} INFO - Processing file /home/airflow/.local/lib/python3.8/site-packages/airflow/example_dags/example_short_circuit_operator.py for tasks to queue
[2026-06-12T11:27:31.331+0000] {logging_mixin.py:188} INFO - [2026-06-12T11:27:31.331+0000] {dagbag.py:538} INFO - Filling up the DagBag from /home/airflow/.local/lib/python3.8/site-packages/airflow/example_dags/example_short_circuit_operator.py
[2026-06-12T11:27:31.345+0000] {processor.py:840} INFO - DAG(s) 'example_short_circuit_operator' retrieved from /home/airflow/.local/lib/python3.8/site-packages/airflow/example_dags/example_short_circuit_operator.py
[2026-06-12T11:27:31.396+0000] {logging_mixin.py:188} INFO - [2026-06-12T11:27:31.396+0000] {dag.py:3036} INFO - Sync 1 DAGs
[2026-06-12T11:27:31.442+0000] {logging_mixin.py:188} INFO - [2026-06-12T11:27:31.442+0000] {dag.py:3823} INFO - Setting next_dagrun for example_short_circuit_operator to 2026-06-11 00:00:00+00:00, run_after=2026-06-12 00:00:00+00:00
[2026-06-12T11:27:31.474+0000] {processor.py:183} INFO - Processing /home/airflow/.local/lib/python3.8/site-packages/airflow/example_dags/example_short_circuit_operator.py took 0.152 seconds
[2026-06-12T11:28:01.844+0000] {processor.py:161} INFO - Started process (PID=3363) to work on /home/airflow/.local/lib/python3.8/site-packages/airflow/example_dags/example_short_circuit_operator.py
[2026-06-12T11:28:01.846+0000] {processor.py:830} INFO - Processing file /home/airflow/.local/lib/python3.8/site-packages/airflow/example_dags/example_short_circuit_operator.py for tasks to queue
[2026-06-12T11:28:01.849+0000] {logging_mixin.py:188} INFO - [2026-06-12T11:28:01.848+0000] {dagbag.py:538} INFO - Filling up the DagBag from /home/airflow/.local/lib/python3.8/site-packages/airflow/example_dags/example_short_circuit_operator.py
[2026-06-12T11:28:01.864+0000] {processor.py:840} INFO - DAG(s) 'example_short_circuit_operator' retrieved from /home/airflow/.local/lib/python3.8/site-packages/airflow/example_dags/example_short_circuit_operator.py
[2026-06-12T11:28:01.916+0000] {logging_mixin.py:188} INFO - [2026-06-12T11:28:01.916+0000] {dag.py:3036} INFO - Sync 1 DAGs
[2026-06-12T11:28:01.965+0000] {logging_mixin.py:188} INFO - [2026-06-12T11:28:01.965+0000] {dag.py:3823} INFO - Setting next_dagrun for example_short_circuit_operator to 2026-06-11 00:00:00+00:00, run_after=2026-06-12 00:00:00+00:00
[2026-06-12T11:28:02.001+0000] {processor.py:183} INFO - Processing /home/airflow/.local/lib/python3.8/site-packages/airflow/example_dags/example_short_circuit_operator.py took 0.163 seconds
[2026-06-12T11:28:32.469+0000] {processor.py:161} INFO - Started process (PID=3429) to work on /home/airflow/.local/lib/python3.8/site-packages/airflow/example_dags/example_short_circuit_operator.py
[2026-06-12T11:28:32.473+0000] {processor.py:830} INFO - Processing file /home/airflow/.local/lib/python3.8/site-packages/airflow/example_dags/example_short_circuit_operator.py for tasks to queue
[2026-06-12T11:28:32.476+0000] {logging_mixin.py:188} INFO - [2026-06-12T11:28:32.475+0000] {dagbag.py:538} INFO - Filling up the DagBag from /home/airflow/.local/lib/python3.8/site-packages/airflow/example_dags/example_short_circuit_operator.py
[2026-06-12T11:28:32.489+0000] {processor.py:840} INFO - DAG(s) 'example_short_circuit_operator' retrieved from /home/airflow/.local/lib/python3.8/site-packages/airflow/example_dags/example_short_circuit_operator.py
[2026-06-12T11:28:32.554+0000] {logging_mixin.py:188} INFO - [2026-06-12T11:28:32.554+0000] {dag.py:3036} INFO - Sync 1 DAGs
[2026-06-12T11:28:32.597+0000] {logging_mixin.py:188} INFO - [2026-06-12T11:28:32.596+0000] {dag.py:3823} INFO - Setting next_dagrun for example_short_circuit_operator to 2026-06-11 00:00:00+00:00, run_after=2026-06-12 00:00:00+00:00
[2026-06-12T11:28:32.628+0000] {processor.py:183} INFO - Processing /home/airflow/.local/lib/python3.8/site-packages/airflow/example_dags/example_short_circuit_operator.py took 0.164 seconds
[2026-06-12T11:29:02.837+0000] {processor.py:161} INFO - Started process (PID=3495) to work on /home/airflow/.local/lib/python3.8/site-packages/airflow/example_dags/example_short_circuit_operator.py
[2026-06-12T11:29:02.839+0000] {processor.py:830} INFO - Processing file /home/airflow/.local/lib/python3.8/site-packages/airflow/example_dags/example_short_circuit_operator.py for tasks to queue
[2026-06-12T11:29:02.841+0000] {logging_mixin.py:188} INFO - [2026-06-12T11:29:02.841+0000] {dagbag.py:538} INFO - Filling up the DagBag from /home/airflow/.local/lib/python3.8/site-packages/airflow/example_dags/example_short_circuit_operator.py
[2026-06-12T11:29:02.854+0000] {processor.py:840} INFO - DAG(s) 'example_short_circuit_operator' retrieved from /home/airflow/.local/lib/python3.8/site-packages/airflow/example_dags/example_short_circuit_operator.py
[2026-06-12T11:29:02.897+0000] {logging_mixin.py:188} INFO - [2026-06-12T11:29:02.896+0000] {dag.py:3036} INFO - Sync 1 DAGs
[2026-06-12T11:29:02.940+0000] {logging_mixin.py:188} INFO - [2026-06-12T11:29:02.940+0000] {dag.py:3823} INFO - Setting next_dagrun for example_short_circuit_operator to 2026-06-11 00:00:00+00:00, run_after=2026-06-12 00:00:00+00:00
[2026-06-12T11:29:02.979+0000] {processor.py:183} INFO - Processing /home/airflow/.local/lib/python3.8/site-packages/airflow/example_dags/example_short_circuit_operator.py took 0.146 seconds
[2026-06-12T11:29:33.651+0000] {processor.py:161} INFO - Started process (PID=3560) to work on /home/airflow/.local/lib/python3.8/site-packages/airflow/example_dags/example_short_circuit_operator.py
[2026-06-12T11:29:33.653+0000] {processor.py:830} INFO - Processing file /home/airflow/.local/lib/python3.8/site-packages/airflow/example_dags/example_short_circuit_operator.py for tasks to queue
[2026-06-12T11:29:33.656+0000] {logging_mixin.py:188} INFO - [2026-06-12T11:29:33.655+0000] {dagbag.py:538} INFO - Filling up the DagBag from /home/airflow/.local/lib/python3.8/site-packages/airflow/example_dags/example_short_circuit_operator.py
[2026-06-12T11:29:33.670+0000] {processor.py:840} INFO - DAG(s) 'example_short_circuit_operator' retrieved from /home/airflow/.local/lib/python3.8/site-packages/airflow/example_dags/example_short_circuit_operator.py
[2026-06-12T11:29:33.718+0000] {logging_mixin.py:188} INFO - [2026-06-12T11:29:33.718+0000] {dag.py:3036} INFO - Sync 1 DAGs
[2026-06-12T11:29:33.762+0000] {logging_mixin.py:188} INFO - [2026-06-12T11:29:33.762+0000] {dag.py:3823} INFO - Setting next_dagrun for example_short_circuit_operator to 2026-06-11 00:00:00+00:00, run_after=2026-06-12 00:00:00+00:00
[2026-06-12T11:29:33.798+0000] {processor.py:183} INFO - Processing /home/airflow/.local/lib/python3.8/site-packages/airflow/example_dags/example_short_circuit_operator.py took 0.152 seconds
[2026-06-12T11:30:04.139+0000] {processor.py:161} INFO - Started process (PID=3625) to work on /home/airflow/.local/lib/python3.8/site-packages/airflow/example_dags/example_short_circuit_operator.py
[2026-06-12T11:30:04.141+0000] {processor.py:830} INFO - Processing file /home/airflow/.local/lib/python3.8/site-packages/airflow/example_dags/example_short_circuit_operator.py for tasks to queue
[2026-06-12T11:30:04.143+0000] {logging_mixin.py:188} INFO - [2026-06-12T11:30:04.143+0000] {dagbag.py:538} INFO - Filling up the DagBag from /home/airflow/.local/lib/python3.8/site-packages/airflow/example_dags/example_short_circuit_operator.py
[2026-06-12T11:30:04.159+0000] {processor.py:840} INFO - DAG(s) 'example_short_circuit_operator' retrieved from /home/airflow/.local/lib/python3.8/site-packages/airflow/example_dags/example_short_circuit_operator.py
[2026-06-12T11:30:04.209+0000] {logging_mixin.py:188} INFO - [2026-06-12T11:30:04.209+0000] {dag.py:3036} INFO - Sync 1 DAGs
[2026-06-12T11:30:04.253+0000] {logging_mixin.py:188} INFO - [2026-06-12T11:30:04.253+0000] {dag.py:3823} INFO - Setting next_dagrun for example_short_circuit_operator to 2026-06-11 00:00:00+00:00, run_after=2026-06-12 00:00:00+00:00
[2026-06-12T11:30:04.287+0000] {processor.py:183} INFO - Processing /home/airflow/.local/lib/python3.8/site-packages/airflow/example_dags/example_short_circuit_operator.py took 0.153 seconds
[2026-06-12T11:30:34.553+0000] {processor.py:161} INFO - Started process (PID=3691) to work on /home/airflow/.local/lib/python3.8/site-packages/airflow/example_dags/example_short_circuit_operator.py
[2026-06-12T11:30:34.555+0000] {processor.py:830} INFO - Processing file /home/airflow/.local/lib/python3.8/site-packages/airflow/example_dags/example_short_circuit_operator.py for tasks to queue
[2026-06-12T11:30:34.558+0000] {logging_mixin.py:188} INFO - [2026-06-12T11:30:34.558+0000] {dagbag.py:538} INFO - Filling up the DagBag from /home/airflow/.local/lib/python3.8/site-packages/airflow/example_dags/example_short_circuit_operator.py
[2026-06-12T11:30:34.578+0000] {processor.py:840} INFO - DAG(s) 'example_short_circuit_operator' retrieved from /home/airflow/.local/lib/python3.8/site-packages/airflow/example_dags/example_short_circuit_operator.py
[2026-06-12T11:30:34.622+0000] {logging_mixin.py:188} INFO - [2026-06-12T11:30:34.622+0000] {dag.py:3036} INFO - Sync 1 DAGs
[2026-06-12T11:30:34.659+0000] {logging_mixin.py:188} INFO - [2026-06-12T11:30:34.659+0000] {dag.py:3823} INFO - Setting next_dagrun for example_short_circuit_operator to 2026-06-11 00:00:00+00:00, run_after=2026-06-12 00:00:00+00:00
[2026-06-12T11:30:34.691+0000] {processor.py:183} INFO - Processing /home/airflow/.local/lib/python3.8/site-packages/airflow/example_dags/example_short_circuit_operator.py took 0.143 seconds
[2026-06-12T11:31:05.010+0000] {processor.py:161} INFO - Started process (PID=3758) to work on /home/airflow/.local/lib/python3.8/site-packages/airflow/example_dags/example_short_circuit_operator.py
[2026-06-12T11:31:05.012+0000] {processor.py:830} INFO - Processing file /home/airflow/.local/lib/python3.8/site-packages/airflow/example_dags/example_short_circuit_operator.py for tasks to queue
[2026-06-12T11:31:05.015+0000] {logging_mixin.py:188} INFO - [2026-06-12T11:31:05.014+0000] {dagbag.py:538} INFO - Filling up the DagBag from /home/airflow/.local/lib/python3.8/site-packages/airflow/example_dags/example_short_circuit_operator.py
[2026-06-12T11:31:05.026+0000] {processor.py:840} INFO - DAG(s) 'example_short_circuit_operator' retrieved from /home/airflow/.local/lib/python3.8/site-packages/airflow/example_dags/example_short_circuit_operator.py
[2026-06-12T11:31:05.077+0000] {logging_mixin.py:188} INFO - [2026-06-12T11:31:05.076+0000] {dag.py:3036} INFO - Sync 1 DAGs
[2026-06-12T11:31:05.123+0000] {logging_mixin.py:188} INFO - [2026-06-12T11:31:05.123+0000] {dag.py:3823} INFO - Setting next_dagrun for example_short_circuit_operator to 2026-06-11 00:00:00+00:00, run_after=2026-06-12 00:00:00+00:00
[2026-06-12T11:31:05.156+0000] {processor.py:183} INFO - Processing /home/airflow/.local/lib/python3.8/site-packages/airflow/example_dags/example_short_circuit_operator.py took 0.151 seconds
[2026-06-12T11:31:35.405+0000] {processor.py:161} INFO - Started process (PID=3825) to work on /home/airflow/.local/lib/python3.8/site-packages/airflow/example_dags/example_short_circuit_operator.py
[2026-06-12T11:31:35.406+0000] {processor.py:830} INFO - Processing file /home/airflow/.local/lib/python3.8/site-packages/airflow/example_dags/example_short_circuit_operator.py for tasks to queue
[2026-06-12T11:31:35.409+0000] {logging_mixin.py:188} INFO - [2026-06-12T11:31:35.408+0000] {dagbag.py:538} INFO - Filling up the DagBag from /home/airflow/.local/lib/python3.8/site-packages/airflow/example_dags/example_short_circuit_operator.py
[2026-06-12T11:31:35.421+0000] {processor.py:840} INFO - DAG(s) 'example_short_circuit_operator' retrieved from /home/airflow/.local/lib/python3.8/site-packages/airflow/example_dags/example_short_circuit_operator.py
[2026-06-12T11:31:35.463+0000] {logging_mixin.py:188} INFO - [2026-06-12T11:31:35.463+0000] {dag.py:3036} INFO - Sync 1 DAGs
[2026-06-12T11:31:35.499+0000] {logging_mixin.py:188} INFO - [2026-06-12T11:31:35.498+0000] {dag.py:3823} INFO - Setting next_dagrun for example_short_circuit_operator to 2026-06-11 00:00:00+00:00, run_after=2026-06-12 00:00:00+00:00
[2026-06-12T11:31:35.531+0000] {processor.py:183} INFO - Processing /home/airflow/.local/lib/python3.8/site-packages/airflow/example_dags/example_short_circuit_operator.py took 0.131 seconds
[2026-06-12T11:32:05.804+0000] {processor.py:161} INFO - Started process (PID=3892) to work on /home/airflow/.local/lib/python3.8/site-packages/airflow/example_dags/example_short_circuit_operator.py
[2026-06-12T11:32:05.806+0000] {processor.py:830} INFO - Processing file /home/airflow/.local/lib/python3.8/site-packages/airflow/example_dags/example_short_circuit_operator.py for tasks to queue
[2026-06-12T11:32:05.814+0000] {logging_mixin.py:188} INFO - [2026-06-12T11:32:05.814+0000] {dagbag.py:538} INFO - Filling up the DagBag from /home/airflow/.local/lib/python3.8/site-packages/airflow/example_dags/example_short_circuit_operator.py
[2026-06-12T11:32:05.827+0000] {processor.py:840} INFO - DAG(s) 'example_short_circuit_operator' retrieved from /home/airflow/.local/lib/python3.8/site-packages/airflow/example_dags/example_short_circuit_operator.py
[2026-06-12T11:32:05.876+0000] {logging_mixin.py:188} INFO - [2026-06-12T11:32:05.875+0000] {dag.py:3036} INFO - Sync 1 DAGs
[2026-06-12T11:32:05.911+0000] {logging_mixin.py:188} INFO - [2026-06-12T11:32:05.910+0000] {dag.py:3823} INFO - Setting next_dagrun for example_short_circuit_operator to 2026-06-11 00:00:00+00:00, run_after=2026-06-12 00:00:00+00:00
[2026-06-12T11:32:05.939+0000] {processor.py:183} INFO - Processing /home/airflow/.local/lib/python3.8/site-packages/airflow/example_dags/example_short_circuit_operator.py took 0.141 seconds
[2026-06-12T11:32:36.238+0000] {processor.py:161} INFO - Started process (PID=3965) to work on /home/airflow/.local/lib/python3.8/site-packages/airflow/example_dags/example_short_circuit_operator.py
[2026-06-12T11:32:36.239+0000] {processor.py:830} INFO - Processing file /home/airflow/.local/lib/python3.8/site-packages/airflow/example_dags/example_short_circuit_operator.py for tasks to queue
[2026-06-12T11:32:36.242+0000] {logging_mixin.py:188} INFO - [2026-06-12T11:32:36.242+0000] {dagbag.py:538} INFO - Filling up the DagBag from /home/airflow/.local/lib/python3.8/site-packages/airflow/example_dags/example_short_circuit_operator.py
[2026-06-12T11:32:36.254+0000] {processor.py:840} INFO - DAG(s) 'example_short_circuit_operator' retrieved from /home/airflow/.local/lib/python3.8/site-packages/airflow/example_dags/example_short_circuit_operator.py
[2026-06-12T11:32:36.296+0000] {logging_mixin.py:188} INFO - [2026-06-12T11:32:36.295+0000] {dag.py:3036} INFO - Sync 1 DAGs
[2026-06-12T11:32:36.332+0000] {logging_mixin.py:188} INFO - [2026-06-12T11:32:36.332+0000] {dag.py:3823} INFO - Setting next_dagrun for example_short_circuit_operator to 2026-06-11 00:00:00+00:00, run_after=2026-06-12 00:00:00+00:00
[2026-06-12T11:32:36.363+0000] {processor.py:183} INFO - Processing /home/airflow/.local/lib/python3.8/site-packages/airflow/example_dags/example_short_circuit_operator.py took 0.129 seconds
[2026-06-12T11:33:06.975+0000] {processor.py:161} INFO - Started process (PID=4030) to work on /home/airflow/.local/lib/python3.8/site-packages/airflow/example_dags/example_short_circuit_operator.py
[2026-06-12T11:33:06.977+0000] {processor.py:830} INFO - Processing file /home/airflow/.local/lib/python3.8/site-packages/airflow/example_dags/example_short_circuit_operator.py for tasks to queue
[2026-06-12T11:33:06.983+0000] {logging_mixin.py:188} INFO - [2026-06-12T11:33:06.982+0000] {dagbag.py:538} INFO - Filling up the DagBag from /home/airflow/.local/lib/python3.8/site-packages/airflow/example_dags/example_short_circuit_operator.py
[2026-06-12T11:33:06.996+0000] {processor.py:840} INFO - DAG(s) 'example_short_circuit_operator' retrieved from /home/airflow/.local/lib/python3.8/site-packages/airflow/example_dags/example_short_circuit_operator.py
[2026-06-12T11:33:07.042+0000] {logging_mixin.py:188} INFO - [2026-06-12T11:33:07.041+0000] {dag.py:3036} INFO - Sync 1 DAGs
[2026-06-12T11:33:07.079+0000] {logging_mixin.py:188} INFO - [2026-06-12T11:33:07.079+0000] {dag.py:3823} INFO - Setting next_dagrun for example_short_circuit_operator to 2026-06-11 00:00:00+00:00, run_after=2026-06-12 00:00:00+00:00
[2026-06-12T11:33:07.106+0000] {processor.py:183} INFO - Processing /home/airflow/.local/lib/python3.8/site-packages/airflow/example_dags/example_short_circuit_operator.py took 0.139 seconds
[2026-06-12T11:33:37.571+0000] {processor.py:161} INFO - Started process (PID=4096) to work on /home/airflow/.local/lib/python3.8/site-packages/airflow/example_dags/example_short_circuit_operator.py
[2026-06-12T11:33:37.572+0000] {processor.py:830} INFO - Processing file /home/airflow/.local/lib/python3.8/site-packages/airflow/example_dags/example_short_circuit_operator.py for tasks to queue
[2026-06-12T11:33:37.574+0000] {logging_mixin.py:188} INFO - [2026-06-12T11:33:37.574+0000] {dagbag.py:538} INFO - Filling up the DagBag from /home/airflow/.local/lib/python3.8/site-packages/airflow/example_dags/example_short_circuit_operator.py
[2026-06-12T11:33:37.586+0000] {processor.py:840} INFO - DAG(s) 'example_short_circuit_operator' retrieved from /home/airflow/.local/lib/python3.8/site-packages/airflow/example_dags/example_short_circuit_operator.py
[2026-06-12T11:33:37.627+0000] {logging_mixin.py:188} INFO - [2026-06-12T11:33:37.626+0000] {dag.py:3036} INFO - Sync 1 DAGs
[2026-06-12T11:33:37.667+0000] {logging_mixin.py:188} INFO - [2026-06-12T11:33:37.666+0000] {dag.py:3823} INFO - Setting next_dagrun for example_short_circuit_operator to 2026-06-11 00:00:00+00:00, run_after=2026-06-12 00:00:00+00:00
[2026-06-12T11:33:37.699+0000] {processor.py:183} INFO - Processing /home/airflow/.local/lib/python3.8/site-packages/airflow/example_dags/example_short_circuit_operator.py took 0.134 seconds
[2026-06-12T11:34:08.292+0000] {processor.py:161} INFO - Started process (PID=4162) to work on /home/airflow/.local/lib/python3.8/site-packages/airflow/example_dags/example_short_circuit_operator.py
[2026-06-12T11:34:08.294+0000] {processor.py:830} INFO - Processing file /home/airflow/.local/lib/python3.8/site-packages/airflow/example_dags/example_short_circuit_operator.py for tasks to queue
[2026-06-12T11:34:08.297+0000] {logging_mixin.py:188} INFO - [2026-06-12T11:34:08.296+0000] {dagbag.py:538} INFO - Filling up the DagBag from /home/airflow/.local/lib/python3.8/site-packages/airflow/example_dags/example_short_circuit_operator.py
[2026-06-12T11:34:08.310+0000] {processor.py:840} INFO - DAG(s) 'example_short_circuit_operator' retrieved from /home/airflow/.local/lib/python3.8/site-packages/airflow/example_dags/example_short_circuit_operator.py
[2026-06-12T11:34:08.352+0000] {logging_mixin.py:188} INFO - [2026-06-12T11:34:08.352+0000] {dag.py:3036} INFO - Sync 1 DAGs
[2026-06-12T11:34:08.400+0000] {logging_mixin.py:188} INFO - [2026-06-12T11:34:08.399+0000] {dag.py:3823} INFO - Setting next_dagrun for example_short_circuit_operator to 2026-06-11 00:00:00+00:00, run_after=2026-06-12 00:00:00+00:00
[2026-06-12T11:34:08.433+0000] {processor.py:183} INFO - Processing /home/airflow/.local/lib/python3.8/site-packages/airflow/example_dags/example_short_circuit_operator.py took 0.146 seconds
[2026-06-12T11:34:39.286+0000] {processor.py:161} INFO - Started process (PID=4228) to work on /home/airflow/.local/lib/python3.8/site-packages/airflow/example_dags/example_short_circuit_operator.py
[2026-06-12T11:34:39.287+0000] {processor.py:830} INFO - Processing file /home/airflow/.local/lib/python3.8/site-packages/airflow/example_dags/example_short_circuit_operator.py for tasks to queue
[2026-06-12T11:34:39.290+0000] {logging_mixin.py:188} INFO - [2026-06-12T11:34:39.289+0000] {dagbag.py:538} INFO - Filling up the DagBag from /home/airflow/.local/lib/python3.8/site-packages/airflow/example_dags/example_short_circuit_operator.py
[2026-06-12T11:34:39.302+0000] {processor.py:840} INFO - DAG(s) 'example_short_circuit_operator' retrieved from /home/airflow/.local/lib/python3.8/site-packages/airflow/example_dags/example_short_circuit_operator.py
[2026-06-12T11:34:39.351+0000] {logging_mixin.py:188} INFO - [2026-06-12T11:34:39.351+0000] {dag.py:3036} INFO - Sync 1 DAGs
[2026-06-12T11:34:39.391+0000] {logging_mixin.py:188} INFO - [2026-06-12T11:34:39.390+0000] {dag.py:3823} INFO - Setting next_dagrun for example_short_circuit_operator to 2026-06-11 00:00:00+00:00, run_after=2026-06-12 00:00:00+00:00
[2026-06-12T11:34:39.422+0000] {processor.py:183} INFO - Processing /home/airflow/.local/lib/python3.8/site-packages/airflow/example_dags/example_short_circuit_operator.py took 0.142 seconds
[2026-06-12T11:35:09.494+0000] {processor.py:161} INFO - Started process (PID=4294) to work on /home/airflow/.local/lib/python3.8/site-packages/airflow/example_dags/example_short_circuit_operator.py
[2026-06-12T11:35:09.496+0000] {processor.py:830} INFO - Processing file /home/airflow/.local/lib/python3.8/site-packages/airflow/example_dags/example_short_circuit_operator.py for tasks to queue
[2026-06-12T11:35:09.499+0000] {logging_mixin.py:188} INFO - [2026-06-12T11:35:09.498+0000] {dagbag.py:538} INFO - Filling up the DagBag from /home/airflow/.local/lib/python3.8/site-packages/airflow/example_dags/example_short_circuit_operator.py
[2026-06-12T11:35:09.510+0000] {processor.py:840} INFO - DAG(s) 'example_short_circuit_operator' retrieved from /home/airflow/.local/lib/python3.8/site-packages/airflow/example_dags/example_short_circuit_operator.py
[2026-06-12T11:35:09.556+0000] {logging_mixin.py:188} INFO - [2026-06-12T11:35:09.555+0000] {dag.py:3036} INFO - Sync 1 DAGs
[2026-06-12T11:35:09.601+0000] {logging_mixin.py:188} INFO - [2026-06-12T11:35:09.601+0000] {dag.py:3823} INFO - Setting next_dagrun for example_short_circuit_operator to 2026-06-11 00:00:00+00:00, run_after=2026-06-12 00:00:00+00:00
[2026-06-12T11:35:09.633+0000] {processor.py:183} INFO - Processing /home/airflow/.local/lib/python3.8/site-packages/airflow/example_dags/example_short_circuit_operator.py took 0.143 seconds
[2026-06-12T11:35:39.954+0000] {processor.py:161} INFO - Started process (PID=4359) to work on /home/airflow/.local/lib/python3.8/site-packages/airflow/example_dags/example_short_circuit_operator.py
[2026-06-12T11:35:39.955+0000] {processor.py:830} INFO - Processing file /home/airflow/.local/lib/python3.8/site-packages/airflow/example_dags/example_short_circuit_operator.py for tasks to queue
[2026-06-12T11:35:39.959+0000] {logging_mixin.py:188} INFO - [2026-06-12T11:35:39.958+0000] {dagbag.py:538} INFO - Filling up the DagBag from /home/airflow/.local/lib/python3.8/site-packages/airflow/example_dags/example_short_circuit_operator.py
[2026-06-12T11:35:39.971+0000] {processor.py:840} INFO - DAG(s) 'example_short_circuit_operator' retrieved from /home/airflow/.local/lib/python3.8/site-packages/airflow/example_dags/example_short_circuit_operator.py
[2026-06-12T11:35:40.018+0000] {logging_mixin.py:188} INFO - [2026-06-12T11:35:40.018+0000] {dag.py:3036} INFO - Sync 1 DAGs
[2026-06-12T11:35:40.055+0000] {logging_mixin.py:188} INFO - [2026-06-12T11:35:40.055+0000] {dag.py:3823} INFO - Setting next_dagrun for example_short_circuit_operator to 2026-06-11 00:00:00+00:00, run_after=2026-06-12 00:00:00+00:00
[2026-06-12T11:35:40.084+0000] {processor.py:183} INFO - Processing /home/airflow/.local/lib/python3.8/site-packages/airflow/example_dags/example_short_circuit_operator.py took 0.136 seconds
[2026-06-12T11:36:10.370+0000] {processor.py:161} INFO - Started process (PID=4431) to work on /home/airflow/.local/lib/python3.8/site-packages/airflow/example_dags/example_short_circuit_operator.py
[2026-06-12T11:36:10.372+0000] {processor.py:830} INFO - Processing file /home/airflow/.local/lib/python3.8/site-packages/airflow/example_dags/example_short_circuit_operator.py for tasks to queue
[2026-06-12T11:36:10.375+0000] {logging_mixin.py:188} INFO - [2026-06-12T11:36:10.374+0000] {dagbag.py:538} INFO - Filling up the DagBag from /home/airflow/.local/lib/python3.8/site-packages/airflow/example_dags/example_short_circuit_operator.py
[2026-06-12T11:36:10.388+0000] {processor.py:840} INFO - DAG(s) 'example_short_circuit_operator' retrieved from /home/airflow/.local/lib/python3.8/site-packages/airflow/example_dags/example_short_circuit_operator.py
[2026-06-12T11:36:10.432+0000] {logging_mixin.py:188} INFO - [2026-06-12T11:36:10.432+0000] {dag.py:3036} INFO - Sync 1 DAGs
[2026-06-12T11:36:10.470+0000] {logging_mixin.py:188} INFO - [2026-06-12T11:36:10.470+0000] {dag.py:3823} INFO - Setting next_dagrun for example_short_circuit_operator to 2026-06-11 00:00:00+00:00, run_after=2026-06-12 00:00:00+00:00
[2026-06-12T11:36:10.503+0000] {processor.py:183} INFO - Processing /home/airflow/.local/lib/python3.8/site-packages/airflow/example_dags/example_short_circuit_operator.py took 0.137 seconds
[2026-06-12T11:36:41.015+0000] {processor.py:161} INFO - Started process (PID=4497) to work on /home/airflow/.local/lib/python3.8/site-packages/airflow/example_dags/example_short_circuit_operator.py
[2026-06-12T11:36:41.017+0000] {processor.py:830} INFO - Processing file /home/airflow/.local/lib/python3.8/site-packages/airflow/example_dags/example_short_circuit_operator.py for tasks to queue
[2026-06-12T11:36:41.021+0000] {logging_mixin.py:188} INFO - [2026-06-12T11:36:41.020+0000] {dagbag.py:538} INFO - Filling up the DagBag from /home/airflow/.local/lib/python3.8/site-packages/airflow/example_dags/example_short_circuit_operator.py
[2026-06-12T11:36:41.039+0000] {processor.py:840} INFO - DAG(s) 'example_short_circuit_operator' retrieved from /home/airflow/.local/lib/python3.8/site-packages/airflow/example_dags/example_short_circuit_operator.py
[2026-06-12T11:36:41.093+0000] {logging_mixin.py:188} INFO - [2026-06-12T11:36:41.092+0000] {dag.py:3036} INFO - Sync 1 DAGs
[2026-06-12T11:36:41.141+0000] {logging_mixin.py:188} INFO - [2026-06-12T11:36:41.141+0000] {dag.py:3823} INFO - Setting next_dagrun for example_short_circuit_operator to 2026-06-11 00:00:00+00:00, run_after=2026-06-12 00:00:00+00:00
[2026-06-12T11:36:41.178+0000] {processor.py:183} INFO - Processing /home/airflow/.local/lib/python3.8/site-packages/airflow/example_dags/example_short_circuit_operator.py took 0.171 seconds
