[2026-06-12T11:02:58.450+0000] {processor.py:161} INFO - Started process (PID=58) to work on /home/airflow/.local/lib/python3.8/site-packages/airflow/example_dags/tutorial.py
[2026-06-12T11:02:58.452+0000] {processor.py:830} INFO - Processing file /home/airflow/.local/lib/python3.8/site-packages/airflow/example_dags/tutorial.py for tasks to queue
[2026-06-12T11:02:58.455+0000] {logging_mixin.py:188} INFO - [2026-06-12T11:02:58.454+0000] {dagbag.py:538} INFO - Filling up the DagBag from /home/airflow/.local/lib/python3.8/site-packages/airflow/example_dags/tutorial.py
[2026-06-12T11:02:58.494+0000] {processor.py:840} INFO - DAG(s) 'tutorial' retrieved from /home/airflow/.local/lib/python3.8/site-packages/airflow/example_dags/tutorial.py
[2026-06-12T11:02:58.527+0000] {logging_mixin.py:188} INFO - [2026-06-12T11:02:58.526+0000] {dag.py:3036} INFO - Sync 1 DAGs
[2026-06-12T11:02:58.626+0000] {logging_mixin.py:188} INFO - [2026-06-12T11:02:58.626+0000] {dag.py:3823} INFO - Setting next_dagrun for tutorial to 2026-06-11 00:00:00+00:00, run_after=2026-06-12 00:00:00+00:00
[2026-06-12T11:02:58.708+0000] {processor.py:183} INFO - Processing /home/airflow/.local/lib/python3.8/site-packages/airflow/example_dags/tutorial.py took 0.276 seconds
[2026-06-12T11:03:29.110+0000] {processor.py:161} INFO - Started process (PID=124) to work on /home/airflow/.local/lib/python3.8/site-packages/airflow/example_dags/tutorial.py
[2026-06-12T11:03:29.111+0000] {processor.py:830} INFO - Processing file /home/airflow/.local/lib/python3.8/site-packages/airflow/example_dags/tutorial.py for tasks to queue
[2026-06-12T11:03:29.117+0000] {logging_mixin.py:188} INFO - [2026-06-12T11:03:29.114+0000] {dagbag.py:538} INFO - Filling up the DagBag from /home/airflow/.local/lib/python3.8/site-packages/airflow/example_dags/tutorial.py
[2026-06-12T11:03:29.126+0000] {processor.py:840} INFO - DAG(s) 'tutorial' retrieved from /home/airflow/.local/lib/python3.8/site-packages/airflow/example_dags/tutorial.py
[2026-06-12T11:03:29.403+0000] {logging_mixin.py:188} INFO - [2026-06-12T11:03:29.402+0000] {dag.py:3036} INFO - Sync 1 DAGs
[2026-06-12T11:03:29.494+0000] {logging_mixin.py:188} INFO - [2026-06-12T11:03:29.494+0000] {dag.py:3823} INFO - Setting next_dagrun for tutorial to 2026-06-11 00:00:00+00:00, run_after=2026-06-12 00:00:00+00:00
[2026-06-12T11:03:29.546+0000] {processor.py:183} INFO - Processing /home/airflow/.local/lib/python3.8/site-packages/airflow/example_dags/tutorial.py took 0.441 seconds
[2026-06-12T11:04:00.384+0000] {processor.py:161} INFO - Started process (PID=190) to work on /home/airflow/.local/lib/python3.8/site-packages/airflow/example_dags/tutorial.py
[2026-06-12T11:04:00.386+0000] {processor.py:830} INFO - Processing file /home/airflow/.local/lib/python3.8/site-packages/airflow/example_dags/tutorial.py for tasks to queue
[2026-06-12T11:04:00.389+0000] {logging_mixin.py:188} INFO - [2026-06-12T11:04:00.388+0000] {dagbag.py:538} INFO - Filling up the DagBag from /home/airflow/.local/lib/python3.8/site-packages/airflow/example_dags/tutorial.py
[2026-06-12T11:04:00.399+0000] {processor.py:840} INFO - DAG(s) 'tutorial' retrieved from /home/airflow/.local/lib/python3.8/site-packages/airflow/example_dags/tutorial.py
[2026-06-12T11:04:00.442+0000] {logging_mixin.py:188} INFO - [2026-06-12T11:04:00.441+0000] {dag.py:3036} INFO - Sync 1 DAGs
[2026-06-12T11:04:00.489+0000] {logging_mixin.py:188} INFO - [2026-06-12T11:04:00.488+0000] {dag.py:3823} INFO - Setting next_dagrun for tutorial to 2026-06-11 00:00:00+00:00, run_after=2026-06-12 00:00:00+00:00
[2026-06-12T11:04:00.524+0000] {processor.py:183} INFO - Processing /home/airflow/.local/lib/python3.8/site-packages/airflow/example_dags/tutorial.py took 0.146 seconds
[2026-06-12T11:04:30.775+0000] {processor.py:161} INFO - Started process (PID=257) to work on /home/airflow/.local/lib/python3.8/site-packages/airflow/example_dags/tutorial.py
[2026-06-12T11:04:30.776+0000] {processor.py:830} INFO - Processing file /home/airflow/.local/lib/python3.8/site-packages/airflow/example_dags/tutorial.py for tasks to queue
[2026-06-12T11:04:30.779+0000] {logging_mixin.py:188} INFO - [2026-06-12T11:04:30.779+0000] {dagbag.py:538} INFO - Filling up the DagBag from /home/airflow/.local/lib/python3.8/site-packages/airflow/example_dags/tutorial.py
[2026-06-12T11:04:30.787+0000] {processor.py:840} INFO - DAG(s) 'tutorial' retrieved from /home/airflow/.local/lib/python3.8/site-packages/airflow/example_dags/tutorial.py
[2026-06-12T11:04:30.822+0000] {logging_mixin.py:188} INFO - [2026-06-12T11:04:30.822+0000] {dag.py:3036} INFO - Sync 1 DAGs
[2026-06-12T11:04:30.857+0000] {logging_mixin.py:188} INFO - [2026-06-12T11:04:30.856+0000] {dag.py:3823} INFO - Setting next_dagrun for tutorial to 2026-06-11 00:00:00+00:00, run_after=2026-06-12 00:00:00+00:00
[2026-06-12T11:04:30.885+0000] {processor.py:183} INFO - Processing /home/airflow/.local/lib/python3.8/site-packages/airflow/example_dags/tutorial.py took 0.115 seconds
[2026-06-12T11:05:01.076+0000] {processor.py:161} INFO - Started process (PID=323) to work on /home/airflow/.local/lib/python3.8/site-packages/airflow/example_dags/tutorial.py
[2026-06-12T11:05:01.079+0000] {processor.py:830} INFO - Processing file /home/airflow/.local/lib/python3.8/site-packages/airflow/example_dags/tutorial.py for tasks to queue
[2026-06-12T11:05:01.083+0000] {logging_mixin.py:188} INFO - [2026-06-12T11:05:01.083+0000] {dagbag.py:538} INFO - Filling up the DagBag from /home/airflow/.local/lib/python3.8/site-packages/airflow/example_dags/tutorial.py
[2026-06-12T11:05:01.093+0000] {processor.py:840} INFO - DAG(s) 'tutorial' retrieved from /home/airflow/.local/lib/python3.8/site-packages/airflow/example_dags/tutorial.py
[2026-06-12T11:05:01.132+0000] {logging_mixin.py:188} INFO - [2026-06-12T11:05:01.132+0000] {dag.py:3036} INFO - Sync 1 DAGs
[2026-06-12T11:05:01.171+0000] {logging_mixin.py:188} INFO - [2026-06-12T11:05:01.170+0000] {dag.py:3823} INFO - Setting next_dagrun for tutorial to 2026-06-11 00:00:00+00:00, run_after=2026-06-12 00:00:00+00:00
[2026-06-12T11:05:01.206+0000] {processor.py:183} INFO - Processing /home/airflow/.local/lib/python3.8/site-packages/airflow/example_dags/tutorial.py took 0.136 seconds
[2026-06-12T11:05:31.646+0000] {processor.py:161} INFO - Started process (PID=389) to work on /home/airflow/.local/lib/python3.8/site-packages/airflow/example_dags/tutorial.py
[2026-06-12T11:05:31.648+0000] {processor.py:830} INFO - Processing file /home/airflow/.local/lib/python3.8/site-packages/airflow/example_dags/tutorial.py for tasks to queue
[2026-06-12T11:05:31.650+0000] {logging_mixin.py:188} INFO - [2026-06-12T11:05:31.650+0000] {dagbag.py:538} INFO - Filling up the DagBag from /home/airflow/.local/lib/python3.8/site-packages/airflow/example_dags/tutorial.py
[2026-06-12T11:05:31.658+0000] {processor.py:840} INFO - DAG(s) 'tutorial' retrieved from /home/airflow/.local/lib/python3.8/site-packages/airflow/example_dags/tutorial.py
[2026-06-12T11:05:31.694+0000] {logging_mixin.py:188} INFO - [2026-06-12T11:05:31.693+0000] {dag.py:3036} INFO - Sync 1 DAGs
[2026-06-12T11:05:31.730+0000] {logging_mixin.py:188} INFO - [2026-06-12T11:05:31.729+0000] {dag.py:3823} INFO - Setting next_dagrun for tutorial to 2026-06-11 00:00:00+00:00, run_after=2026-06-12 00:00:00+00:00
[2026-06-12T11:05:31.761+0000] {processor.py:183} INFO - Processing /home/airflow/.local/lib/python3.8/site-packages/airflow/example_dags/tutorial.py took 0.120 seconds
[2026-06-12T11:06:02.053+0000] {processor.py:161} INFO - Started process (PID=455) to work on /home/airflow/.local/lib/python3.8/site-packages/airflow/example_dags/tutorial.py
[2026-06-12T11:06:02.055+0000] {processor.py:830} INFO - Processing file /home/airflow/.local/lib/python3.8/site-packages/airflow/example_dags/tutorial.py for tasks to queue
[2026-06-12T11:06:02.058+0000] {logging_mixin.py:188} INFO - [2026-06-12T11:06:02.058+0000] {dagbag.py:538} INFO - Filling up the DagBag from /home/airflow/.local/lib/python3.8/site-packages/airflow/example_dags/tutorial.py
[2026-06-12T11:06:02.066+0000] {processor.py:840} INFO - DAG(s) 'tutorial' retrieved from /home/airflow/.local/lib/python3.8/site-packages/airflow/example_dags/tutorial.py
[2026-06-12T11:06:02.110+0000] {logging_mixin.py:188} INFO - [2026-06-12T11:06:02.109+0000] {dag.py:3036} INFO - Sync 1 DAGs
[2026-06-12T11:06:02.152+0000] {logging_mixin.py:188} INFO - [2026-06-12T11:06:02.152+0000] {dag.py:3823} INFO - Setting next_dagrun for tutorial to 2026-06-11 00:00:00+00:00, run_after=2026-06-12 00:00:00+00:00
[2026-06-12T11:06:02.186+0000] {processor.py:183} INFO - Processing /home/airflow/.local/lib/python3.8/site-packages/airflow/example_dags/tutorial.py took 0.138 seconds
[2026-06-12T11:06:32.473+0000] {processor.py:161} INFO - Started process (PID=520) to work on /home/airflow/.local/lib/python3.8/site-packages/airflow/example_dags/tutorial.py
[2026-06-12T11:06:32.475+0000] {processor.py:830} INFO - Processing file /home/airflow/.local/lib/python3.8/site-packages/airflow/example_dags/tutorial.py for tasks to queue
[2026-06-12T11:06:32.477+0000] {logging_mixin.py:188} INFO - [2026-06-12T11:06:32.477+0000] {dagbag.py:538} INFO - Filling up the DagBag from /home/airflow/.local/lib/python3.8/site-packages/airflow/example_dags/tutorial.py
[2026-06-12T11:06:32.485+0000] {processor.py:840} INFO - DAG(s) 'tutorial' retrieved from /home/airflow/.local/lib/python3.8/site-packages/airflow/example_dags/tutorial.py
[2026-06-12T11:06:32.524+0000] {logging_mixin.py:188} INFO - [2026-06-12T11:06:32.523+0000] {dag.py:3036} INFO - Sync 1 DAGs
[2026-06-12T11:06:32.561+0000] {logging_mixin.py:188} INFO - [2026-06-12T11:06:32.561+0000] {dag.py:3823} INFO - Setting next_dagrun for tutorial to 2026-06-11 00:00:00+00:00, run_after=2026-06-12 00:00:00+00:00
[2026-06-12T11:06:32.593+0000] {processor.py:183} INFO - Processing /home/airflow/.local/lib/python3.8/site-packages/airflow/example_dags/tutorial.py took 0.125 seconds
[2026-06-12T11:07:02.882+0000] {processor.py:161} INFO - Started process (PID=585) to work on /home/airflow/.local/lib/python3.8/site-packages/airflow/example_dags/tutorial.py
[2026-06-12T11:07:02.883+0000] {processor.py:830} INFO - Processing file /home/airflow/.local/lib/python3.8/site-packages/airflow/example_dags/tutorial.py for tasks to queue
[2026-06-12T11:07:02.886+0000] {logging_mixin.py:188} INFO - [2026-06-12T11:07:02.886+0000] {dagbag.py:538} INFO - Filling up the DagBag from /home/airflow/.local/lib/python3.8/site-packages/airflow/example_dags/tutorial.py
[2026-06-12T11:07:02.894+0000] {processor.py:840} INFO - DAG(s) 'tutorial' retrieved from /home/airflow/.local/lib/python3.8/site-packages/airflow/example_dags/tutorial.py
[2026-06-12T11:07:02.932+0000] {logging_mixin.py:188} INFO - [2026-06-12T11:07:02.931+0000] {dag.py:3036} INFO - Sync 1 DAGs
[2026-06-12T11:07:02.966+0000] {logging_mixin.py:188} INFO - [2026-06-12T11:07:02.966+0000] {dag.py:3823} INFO - Setting next_dagrun for tutorial to 2026-06-11 00:00:00+00:00, run_after=2026-06-12 00:00:00+00:00
[2026-06-12T11:07:02.994+0000] {processor.py:183} INFO - Processing /home/airflow/.local/lib/python3.8/site-packages/airflow/example_dags/tutorial.py took 0.118 seconds
[2026-06-12T11:07:33.158+0000] {processor.py:161} INFO - Started process (PID=650) to work on /home/airflow/.local/lib/python3.8/site-packages/airflow/example_dags/tutorial.py
[2026-06-12T11:07:33.159+0000] {processor.py:830} INFO - Processing file /home/airflow/.local/lib/python3.8/site-packages/airflow/example_dags/tutorial.py for tasks to queue
[2026-06-12T11:07:33.161+0000] {logging_mixin.py:188} INFO - [2026-06-12T11:07:33.161+0000] {dagbag.py:538} INFO - Filling up the DagBag from /home/airflow/.local/lib/python3.8/site-packages/airflow/example_dags/tutorial.py
[2026-06-12T11:07:33.169+0000] {processor.py:840} INFO - DAG(s) 'tutorial' retrieved from /home/airflow/.local/lib/python3.8/site-packages/airflow/example_dags/tutorial.py
[2026-06-12T11:07:33.206+0000] {logging_mixin.py:188} INFO - [2026-06-12T11:07:33.206+0000] {dag.py:3036} INFO - Sync 1 DAGs
[2026-06-12T11:07:33.248+0000] {logging_mixin.py:188} INFO - [2026-06-12T11:07:33.248+0000] {dag.py:3823} INFO - Setting next_dagrun for tutorial to 2026-06-11 00:00:00+00:00, run_after=2026-06-12 00:00:00+00:00
[2026-06-12T11:07:33.283+0000] {processor.py:183} INFO - Processing /home/airflow/.local/lib/python3.8/site-packages/airflow/example_dags/tutorial.py took 0.130 seconds
[2026-06-12T11:08:03.501+0000] {processor.py:161} INFO - Started process (PID=724) to work on /home/airflow/.local/lib/python3.8/site-packages/airflow/example_dags/tutorial.py
[2026-06-12T11:08:03.504+0000] {processor.py:830} INFO - Processing file /home/airflow/.local/lib/python3.8/site-packages/airflow/example_dags/tutorial.py for tasks to queue
[2026-06-12T11:08:03.507+0000] {logging_mixin.py:188} INFO - [2026-06-12T11:08:03.506+0000] {dagbag.py:538} INFO - Filling up the DagBag from /home/airflow/.local/lib/python3.8/site-packages/airflow/example_dags/tutorial.py
[2026-06-12T11:08:03.517+0000] {processor.py:840} INFO - DAG(s) 'tutorial' retrieved from /home/airflow/.local/lib/python3.8/site-packages/airflow/example_dags/tutorial.py
[2026-06-12T11:08:03.559+0000] {logging_mixin.py:188} INFO - [2026-06-12T11:08:03.558+0000] {dag.py:3036} INFO - Sync 1 DAGs
[2026-06-12T11:08:03.602+0000] {logging_mixin.py:188} INFO - [2026-06-12T11:08:03.602+0000] {dag.py:3823} INFO - Setting next_dagrun for tutorial to 2026-06-11 00:00:00+00:00, run_after=2026-06-12 00:00:00+00:00
[2026-06-12T11:08:03.634+0000] {processor.py:183} INFO - Processing /home/airflow/.local/lib/python3.8/site-packages/airflow/example_dags/tutorial.py took 0.138 seconds
[2026-06-12T11:08:33.988+0000] {processor.py:161} INFO - Started process (PID=791) to work on /home/airflow/.local/lib/python3.8/site-packages/airflow/example_dags/tutorial.py
[2026-06-12T11:08:33.989+0000] {processor.py:830} INFO - Processing file /home/airflow/.local/lib/python3.8/site-packages/airflow/example_dags/tutorial.py for tasks to queue
[2026-06-12T11:08:33.992+0000] {logging_mixin.py:188} INFO - [2026-06-12T11:08:33.991+0000] {dagbag.py:538} INFO - Filling up the DagBag from /home/airflow/.local/lib/python3.8/site-packages/airflow/example_dags/tutorial.py
[2026-06-12T11:08:34.002+0000] {processor.py:840} INFO - DAG(s) 'tutorial' retrieved from /home/airflow/.local/lib/python3.8/site-packages/airflow/example_dags/tutorial.py
[2026-06-12T11:08:34.041+0000] {logging_mixin.py:188} INFO - [2026-06-12T11:08:34.041+0000] {dag.py:3036} INFO - Sync 1 DAGs
[2026-06-12T11:08:34.087+0000] {logging_mixin.py:188} INFO - [2026-06-12T11:08:34.086+0000] {dag.py:3823} INFO - Setting next_dagrun for tutorial to 2026-06-11 00:00:00+00:00, run_after=2026-06-12 00:00:00+00:00
[2026-06-12T11:08:34.118+0000] {processor.py:183} INFO - Processing /home/airflow/.local/lib/python3.8/site-packages/airflow/example_dags/tutorial.py took 0.135 seconds
[2026-06-12T11:09:04.347+0000] {processor.py:161} INFO - Started process (PID=856) to work on /home/airflow/.local/lib/python3.8/site-packages/airflow/example_dags/tutorial.py
[2026-06-12T11:09:04.349+0000] {processor.py:830} INFO - Processing file /home/airflow/.local/lib/python3.8/site-packages/airflow/example_dags/tutorial.py for tasks to queue
[2026-06-12T11:09:04.351+0000] {logging_mixin.py:188} INFO - [2026-06-12T11:09:04.351+0000] {dagbag.py:538} INFO - Filling up the DagBag from /home/airflow/.local/lib/python3.8/site-packages/airflow/example_dags/tutorial.py
[2026-06-12T11:09:04.359+0000] {processor.py:840} INFO - DAG(s) 'tutorial' retrieved from /home/airflow/.local/lib/python3.8/site-packages/airflow/example_dags/tutorial.py
[2026-06-12T11:09:04.400+0000] {logging_mixin.py:188} INFO - [2026-06-12T11:09:04.400+0000] {dag.py:3036} INFO - Sync 1 DAGs
[2026-06-12T11:09:04.441+0000] {logging_mixin.py:188} INFO - [2026-06-12T11:09:04.441+0000] {dag.py:3823} INFO - Setting next_dagrun for tutorial to 2026-06-11 00:00:00+00:00, run_after=2026-06-12 00:00:00+00:00
[2026-06-12T11:09:04.471+0000] {processor.py:183} INFO - Processing /home/airflow/.local/lib/python3.8/site-packages/airflow/example_dags/tutorial.py took 0.129 seconds
[2026-06-12T11:09:34.954+0000] {processor.py:161} INFO - Started process (PID=923) to work on /home/airflow/.local/lib/python3.8/site-packages/airflow/example_dags/tutorial.py
[2026-06-12T11:09:34.956+0000] {processor.py:830} INFO - Processing file /home/airflow/.local/lib/python3.8/site-packages/airflow/example_dags/tutorial.py for tasks to queue
[2026-06-12T11:09:34.959+0000] {logging_mixin.py:188} INFO - [2026-06-12T11:09:34.958+0000] {dagbag.py:538} INFO - Filling up the DagBag from /home/airflow/.local/lib/python3.8/site-packages/airflow/example_dags/tutorial.py
[2026-06-12T11:09:34.967+0000] {processor.py:840} INFO - DAG(s) 'tutorial' retrieved from /home/airflow/.local/lib/python3.8/site-packages/airflow/example_dags/tutorial.py
[2026-06-12T11:09:35.004+0000] {logging_mixin.py:188} INFO - [2026-06-12T11:09:35.003+0000] {dag.py:3036} INFO - Sync 1 DAGs
[2026-06-12T11:09:35.045+0000] {logging_mixin.py:188} INFO - [2026-06-12T11:09:35.045+0000] {dag.py:3823} INFO - Setting next_dagrun for tutorial to 2026-06-11 00:00:00+00:00, run_after=2026-06-12 00:00:00+00:00
[2026-06-12T11:09:35.079+0000] {processor.py:183} INFO - Processing /home/airflow/.local/lib/python3.8/site-packages/airflow/example_dags/tutorial.py took 0.130 seconds
[2026-06-12T11:10:05.189+0000] {processor.py:161} INFO - Started process (PID=988) to work on /home/airflow/.local/lib/python3.8/site-packages/airflow/example_dags/tutorial.py
[2026-06-12T11:10:05.191+0000] {processor.py:830} INFO - Processing file /home/airflow/.local/lib/python3.8/site-packages/airflow/example_dags/tutorial.py for tasks to queue
[2026-06-12T11:10:05.194+0000] {logging_mixin.py:188} INFO - [2026-06-12T11:10:05.194+0000] {dagbag.py:538} INFO - Filling up the DagBag from /home/airflow/.local/lib/python3.8/site-packages/airflow/example_dags/tutorial.py
[2026-06-12T11:10:05.204+0000] {processor.py:840} INFO - DAG(s) 'tutorial' retrieved from /home/airflow/.local/lib/python3.8/site-packages/airflow/example_dags/tutorial.py
[2026-06-12T11:10:05.244+0000] {logging_mixin.py:188} INFO - [2026-06-12T11:10:05.243+0000] {dag.py:3036} INFO - Sync 1 DAGs
[2026-06-12T11:10:05.280+0000] {logging_mixin.py:188} INFO - [2026-06-12T11:10:05.280+0000] {dag.py:3823} INFO - Setting next_dagrun for tutorial to 2026-06-11 00:00:00+00:00, run_after=2026-06-12 00:00:00+00:00
[2026-06-12T11:10:05.315+0000] {processor.py:183} INFO - Processing /home/airflow/.local/lib/python3.8/site-packages/airflow/example_dags/tutorial.py took 0.131 seconds
[2026-06-12T11:10:35.808+0000] {processor.py:161} INFO - Started process (PID=1053) to work on /home/airflow/.local/lib/python3.8/site-packages/airflow/example_dags/tutorial.py
[2026-06-12T11:10:35.809+0000] {processor.py:830} INFO - Processing file /home/airflow/.local/lib/python3.8/site-packages/airflow/example_dags/tutorial.py for tasks to queue
[2026-06-12T11:10:35.812+0000] {logging_mixin.py:188} INFO - [2026-06-12T11:10:35.812+0000] {dagbag.py:538} INFO - Filling up the DagBag from /home/airflow/.local/lib/python3.8/site-packages/airflow/example_dags/tutorial.py
[2026-06-12T11:10:35.822+0000] {processor.py:840} INFO - DAG(s) 'tutorial' retrieved from /home/airflow/.local/lib/python3.8/site-packages/airflow/example_dags/tutorial.py
[2026-06-12T11:10:35.860+0000] {logging_mixin.py:188} INFO - [2026-06-12T11:10:35.860+0000] {dag.py:3036} INFO - Sync 1 DAGs
[2026-06-12T11:10:35.902+0000] {logging_mixin.py:188} INFO - [2026-06-12T11:10:35.902+0000] {dag.py:3823} INFO - Setting next_dagrun for tutorial to 2026-06-11 00:00:00+00:00, run_after=2026-06-12 00:00:00+00:00
[2026-06-12T11:10:35.931+0000] {processor.py:183} INFO - Processing /home/airflow/.local/lib/python3.8/site-packages/airflow/example_dags/tutorial.py took 0.128 seconds
[2026-06-12T11:11:06.073+0000] {processor.py:161} INFO - Started process (PID=1119) to work on /home/airflow/.local/lib/python3.8/site-packages/airflow/example_dags/tutorial.py
[2026-06-12T11:11:06.075+0000] {processor.py:830} INFO - Processing file /home/airflow/.local/lib/python3.8/site-packages/airflow/example_dags/tutorial.py for tasks to queue
[2026-06-12T11:11:06.078+0000] {logging_mixin.py:188} INFO - [2026-06-12T11:11:06.077+0000] {dagbag.py:538} INFO - Filling up the DagBag from /home/airflow/.local/lib/python3.8/site-packages/airflow/example_dags/tutorial.py
[2026-06-12T11:11:06.086+0000] {processor.py:840} INFO - DAG(s) 'tutorial' retrieved from /home/airflow/.local/lib/python3.8/site-packages/airflow/example_dags/tutorial.py
[2026-06-12T11:11:06.126+0000] {logging_mixin.py:188} INFO - [2026-06-12T11:11:06.126+0000] {dag.py:3036} INFO - Sync 1 DAGs
[2026-06-12T11:11:06.163+0000] {logging_mixin.py:188} INFO - [2026-06-12T11:11:06.163+0000] {dag.py:3823} INFO - Setting next_dagrun for tutorial to 2026-06-11 00:00:00+00:00, run_after=2026-06-12 00:00:00+00:00
[2026-06-12T11:11:06.195+0000] {processor.py:183} INFO - Processing /home/airflow/.local/lib/python3.8/site-packages/airflow/example_dags/tutorial.py took 0.127 seconds
[2026-06-12T11:11:36.278+0000] {processor.py:161} INFO - Started process (PID=1186) to work on /home/airflow/.local/lib/python3.8/site-packages/airflow/example_dags/tutorial.py
[2026-06-12T11:11:36.280+0000] {processor.py:830} INFO - Processing file /home/airflow/.local/lib/python3.8/site-packages/airflow/example_dags/tutorial.py for tasks to queue
[2026-06-12T11:11:36.283+0000] {logging_mixin.py:188} INFO - [2026-06-12T11:11:36.282+0000] {dagbag.py:538} INFO - Filling up the DagBag from /home/airflow/.local/lib/python3.8/site-packages/airflow/example_dags/tutorial.py
[2026-06-12T11:11:36.291+0000] {processor.py:840} INFO - DAG(s) 'tutorial' retrieved from /home/airflow/.local/lib/python3.8/site-packages/airflow/example_dags/tutorial.py
[2026-06-12T11:11:36.326+0000] {logging_mixin.py:188} INFO - [2026-06-12T11:11:36.326+0000] {dag.py:3036} INFO - Sync 1 DAGs
[2026-06-12T11:11:36.359+0000] {logging_mixin.py:188} INFO - [2026-06-12T11:11:36.359+0000] {dag.py:3823} INFO - Setting next_dagrun for tutorial to 2026-06-11 00:00:00+00:00, run_after=2026-06-12 00:00:00+00:00
[2026-06-12T11:11:36.387+0000] {processor.py:183} INFO - Processing /home/airflow/.local/lib/python3.8/site-packages/airflow/example_dags/tutorial.py took 0.113 seconds
[2026-06-12T11:12:06.500+0000] {processor.py:161} INFO - Started process (PID=1260) to work on /home/airflow/.local/lib/python3.8/site-packages/airflow/example_dags/tutorial.py
[2026-06-12T11:12:06.502+0000] {processor.py:830} INFO - Processing file /home/airflow/.local/lib/python3.8/site-packages/airflow/example_dags/tutorial.py for tasks to queue
[2026-06-12T11:12:06.504+0000] {logging_mixin.py:188} INFO - [2026-06-12T11:12:06.504+0000] {dagbag.py:538} INFO - Filling up the DagBag from /home/airflow/.local/lib/python3.8/site-packages/airflow/example_dags/tutorial.py
[2026-06-12T11:12:06.512+0000] {processor.py:840} INFO - DAG(s) 'tutorial' retrieved from /home/airflow/.local/lib/python3.8/site-packages/airflow/example_dags/tutorial.py
[2026-06-12T11:12:06.547+0000] {logging_mixin.py:188} INFO - [2026-06-12T11:12:06.547+0000] {dag.py:3036} INFO - Sync 1 DAGs
[2026-06-12T11:12:06.583+0000] {logging_mixin.py:188} INFO - [2026-06-12T11:12:06.583+0000] {dag.py:3823} INFO - Setting next_dagrun for tutorial to 2026-06-11 00:00:00+00:00, run_after=2026-06-12 00:00:00+00:00
[2026-06-12T11:12:06.614+0000] {processor.py:183} INFO - Processing /home/airflow/.local/lib/python3.8/site-packages/airflow/example_dags/tutorial.py took 0.119 seconds
[2026-06-12T11:12:36.821+0000] {processor.py:161} INFO - Started process (PID=1327) to work on /home/airflow/.local/lib/python3.8/site-packages/airflow/example_dags/tutorial.py
[2026-06-12T11:12:36.823+0000] {processor.py:830} INFO - Processing file /home/airflow/.local/lib/python3.8/site-packages/airflow/example_dags/tutorial.py for tasks to queue
[2026-06-12T11:12:36.827+0000] {logging_mixin.py:188} INFO - [2026-06-12T11:12:36.826+0000] {dagbag.py:538} INFO - Filling up the DagBag from /home/airflow/.local/lib/python3.8/site-packages/airflow/example_dags/tutorial.py
[2026-06-12T11:12:36.837+0000] {processor.py:840} INFO - DAG(s) 'tutorial' retrieved from /home/airflow/.local/lib/python3.8/site-packages/airflow/example_dags/tutorial.py
[2026-06-12T11:12:36.877+0000] {logging_mixin.py:188} INFO - [2026-06-12T11:12:36.876+0000] {dag.py:3036} INFO - Sync 1 DAGs
[2026-06-12T11:12:36.912+0000] {logging_mixin.py:188} INFO - [2026-06-12T11:12:36.912+0000] {dag.py:3823} INFO - Setting next_dagrun for tutorial to 2026-06-11 00:00:00+00:00, run_after=2026-06-12 00:00:00+00:00
[2026-06-12T11:12:36.945+0000] {processor.py:183} INFO - Processing /home/airflow/.local/lib/python3.8/site-packages/airflow/example_dags/tutorial.py took 0.129 seconds
[2026-06-12T11:13:07.898+0000] {processor.py:161} INFO - Started process (PID=1393) to work on /home/airflow/.local/lib/python3.8/site-packages/airflow/example_dags/tutorial.py
[2026-06-12T11:13:07.900+0000] {processor.py:830} INFO - Processing file /home/airflow/.local/lib/python3.8/site-packages/airflow/example_dags/tutorial.py for tasks to queue
[2026-06-12T11:13:07.902+0000] {logging_mixin.py:188} INFO - [2026-06-12T11:13:07.902+0000] {dagbag.py:538} INFO - Filling up the DagBag from /home/airflow/.local/lib/python3.8/site-packages/airflow/example_dags/tutorial.py
[2026-06-12T11:13:07.913+0000] {processor.py:840} INFO - DAG(s) 'tutorial' retrieved from /home/airflow/.local/lib/python3.8/site-packages/airflow/example_dags/tutorial.py
[2026-06-12T11:13:07.950+0000] {logging_mixin.py:188} INFO - [2026-06-12T11:13:07.950+0000] {dag.py:3036} INFO - Sync 1 DAGs
[2026-06-12T11:13:07.994+0000] {logging_mixin.py:188} INFO - [2026-06-12T11:13:07.993+0000] {dag.py:3823} INFO - Setting next_dagrun for tutorial to 2026-06-11 00:00:00+00:00, run_after=2026-06-12 00:00:00+00:00
[2026-06-12T11:13:08.026+0000] {processor.py:183} INFO - Processing /home/airflow/.local/lib/python3.8/site-packages/airflow/example_dags/tutorial.py took 0.133 seconds
[2026-06-12T11:13:38.589+0000] {processor.py:161} INFO - Started process (PID=1459) to work on /home/airflow/.local/lib/python3.8/site-packages/airflow/example_dags/tutorial.py
[2026-06-12T11:13:38.591+0000] {processor.py:830} INFO - Processing file /home/airflow/.local/lib/python3.8/site-packages/airflow/example_dags/tutorial.py for tasks to queue
[2026-06-12T11:13:38.594+0000] {logging_mixin.py:188} INFO - [2026-06-12T11:13:38.593+0000] {dagbag.py:538} INFO - Filling up the DagBag from /home/airflow/.local/lib/python3.8/site-packages/airflow/example_dags/tutorial.py
[2026-06-12T11:13:38.603+0000] {processor.py:840} INFO - DAG(s) 'tutorial' retrieved from /home/airflow/.local/lib/python3.8/site-packages/airflow/example_dags/tutorial.py
[2026-06-12T11:13:38.641+0000] {logging_mixin.py:188} INFO - [2026-06-12T11:13:38.640+0000] {dag.py:3036} INFO - Sync 1 DAGs
[2026-06-12T11:13:38.677+0000] {logging_mixin.py:188} INFO - [2026-06-12T11:13:38.677+0000] {dag.py:3823} INFO - Setting next_dagrun for tutorial to 2026-06-11 00:00:00+00:00, run_after=2026-06-12 00:00:00+00:00
[2026-06-12T11:13:38.706+0000] {processor.py:183} INFO - Processing /home/airflow/.local/lib/python3.8/site-packages/airflow/example_dags/tutorial.py took 0.122 seconds
[2026-06-12T11:14:09.401+0000] {processor.py:161} INFO - Started process (PID=1526) to work on /home/airflow/.local/lib/python3.8/site-packages/airflow/example_dags/tutorial.py
[2026-06-12T11:14:09.402+0000] {processor.py:830} INFO - Processing file /home/airflow/.local/lib/python3.8/site-packages/airflow/example_dags/tutorial.py for tasks to queue
[2026-06-12T11:14:09.405+0000] {logging_mixin.py:188} INFO - [2026-06-12T11:14:09.405+0000] {dagbag.py:538} INFO - Filling up the DagBag from /home/airflow/.local/lib/python3.8/site-packages/airflow/example_dags/tutorial.py
[2026-06-12T11:14:09.415+0000] {processor.py:840} INFO - DAG(s) 'tutorial' retrieved from /home/airflow/.local/lib/python3.8/site-packages/airflow/example_dags/tutorial.py
[2026-06-12T11:14:09.456+0000] {logging_mixin.py:188} INFO - [2026-06-12T11:14:09.456+0000] {dag.py:3036} INFO - Sync 1 DAGs
[2026-06-12T11:14:09.495+0000] {logging_mixin.py:188} INFO - [2026-06-12T11:14:09.495+0000] {dag.py:3823} INFO - Setting next_dagrun for tutorial to 2026-06-11 00:00:00+00:00, run_after=2026-06-12 00:00:00+00:00
[2026-06-12T11:14:09.528+0000] {processor.py:183} INFO - Processing /home/airflow/.local/lib/python3.8/site-packages/airflow/example_dags/tutorial.py took 0.133 seconds
[2026-06-12T11:14:40.196+0000] {processor.py:161} INFO - Started process (PID=1592) to work on /home/airflow/.local/lib/python3.8/site-packages/airflow/example_dags/tutorial.py
[2026-06-12T11:14:40.198+0000] {processor.py:830} INFO - Processing file /home/airflow/.local/lib/python3.8/site-packages/airflow/example_dags/tutorial.py for tasks to queue
[2026-06-12T11:14:40.201+0000] {logging_mixin.py:188} INFO - [2026-06-12T11:14:40.200+0000] {dagbag.py:538} INFO - Filling up the DagBag from /home/airflow/.local/lib/python3.8/site-packages/airflow/example_dags/tutorial.py
[2026-06-12T11:14:40.211+0000] {processor.py:840} INFO - DAG(s) 'tutorial' retrieved from /home/airflow/.local/lib/python3.8/site-packages/airflow/example_dags/tutorial.py
[2026-06-12T11:14:40.250+0000] {logging_mixin.py:188} INFO - [2026-06-12T11:14:40.249+0000] {dag.py:3036} INFO - Sync 1 DAGs
[2026-06-12T11:14:40.295+0000] {logging_mixin.py:188} INFO - [2026-06-12T11:14:40.294+0000] {dag.py:3823} INFO - Setting next_dagrun for tutorial to 2026-06-11 00:00:00+00:00, run_after=2026-06-12 00:00:00+00:00
[2026-06-12T11:14:40.328+0000] {processor.py:183} INFO - Processing /home/airflow/.local/lib/python3.8/site-packages/airflow/example_dags/tutorial.py took 0.136 seconds
[2026-06-12T11:15:10.424+0000] {processor.py:161} INFO - Started process (PID=1658) to work on /home/airflow/.local/lib/python3.8/site-packages/airflow/example_dags/tutorial.py
[2026-06-12T11:15:10.425+0000] {processor.py:830} INFO - Processing file /home/airflow/.local/lib/python3.8/site-packages/airflow/example_dags/tutorial.py for tasks to queue
[2026-06-12T11:15:10.428+0000] {logging_mixin.py:188} INFO - [2026-06-12T11:15:10.427+0000] {dagbag.py:538} INFO - Filling up the DagBag from /home/airflow/.local/lib/python3.8/site-packages/airflow/example_dags/tutorial.py
[2026-06-12T11:15:10.437+0000] {processor.py:840} INFO - DAG(s) 'tutorial' retrieved from /home/airflow/.local/lib/python3.8/site-packages/airflow/example_dags/tutorial.py
[2026-06-12T11:15:10.479+0000] {logging_mixin.py:188} INFO - [2026-06-12T11:15:10.479+0000] {dag.py:3036} INFO - Sync 1 DAGs
[2026-06-12T11:15:10.528+0000] {logging_mixin.py:188} INFO - [2026-06-12T11:15:10.527+0000] {dag.py:3823} INFO - Setting next_dagrun for tutorial to 2026-06-11 00:00:00+00:00, run_after=2026-06-12 00:00:00+00:00
[2026-06-12T11:15:10.566+0000] {processor.py:183} INFO - Processing /home/airflow/.local/lib/python3.8/site-packages/airflow/example_dags/tutorial.py took 0.146 seconds
[2026-06-12T11:15:40.989+0000] {processor.py:161} INFO - Started process (PID=1725) to work on /home/airflow/.local/lib/python3.8/site-packages/airflow/example_dags/tutorial.py
[2026-06-12T11:15:40.991+0000] {processor.py:830} INFO - Processing file /home/airflow/.local/lib/python3.8/site-packages/airflow/example_dags/tutorial.py for tasks to queue
[2026-06-12T11:15:40.994+0000] {logging_mixin.py:188} INFO - [2026-06-12T11:15:40.993+0000] {dagbag.py:538} INFO - Filling up the DagBag from /home/airflow/.local/lib/python3.8/site-packages/airflow/example_dags/tutorial.py
[2026-06-12T11:15:41.002+0000] {processor.py:840} INFO - DAG(s) 'tutorial' retrieved from /home/airflow/.local/lib/python3.8/site-packages/airflow/example_dags/tutorial.py
[2026-06-12T11:15:41.041+0000] {logging_mixin.py:188} INFO - [2026-06-12T11:15:41.040+0000] {dag.py:3036} INFO - Sync 1 DAGs
[2026-06-12T11:15:41.076+0000] {logging_mixin.py:188} INFO - [2026-06-12T11:15:41.075+0000] {dag.py:3823} INFO - Setting next_dagrun for tutorial to 2026-06-11 00:00:00+00:00, run_after=2026-06-12 00:00:00+00:00
[2026-06-12T11:15:41.106+0000] {processor.py:183} INFO - Processing /home/airflow/.local/lib/python3.8/site-packages/airflow/example_dags/tutorial.py took 0.122 seconds
[2026-06-12T11:16:11.285+0000] {processor.py:161} INFO - Started process (PID=1789) to work on /home/airflow/.local/lib/python3.8/site-packages/airflow/example_dags/tutorial.py
[2026-06-12T11:16:11.287+0000] {processor.py:830} INFO - Processing file /home/airflow/.local/lib/python3.8/site-packages/airflow/example_dags/tutorial.py for tasks to queue
[2026-06-12T11:16:11.290+0000] {logging_mixin.py:188} INFO - [2026-06-12T11:16:11.289+0000] {dagbag.py:538} INFO - Filling up the DagBag from /home/airflow/.local/lib/python3.8/site-packages/airflow/example_dags/tutorial.py
[2026-06-12T11:16:11.301+0000] {processor.py:840} INFO - DAG(s) 'tutorial' retrieved from /home/airflow/.local/lib/python3.8/site-packages/airflow/example_dags/tutorial.py
[2026-06-12T11:16:11.342+0000] {logging_mixin.py:188} INFO - [2026-06-12T11:16:11.342+0000] {dag.py:3036} INFO - Sync 1 DAGs
[2026-06-12T11:16:11.385+0000] {logging_mixin.py:188} INFO - [2026-06-12T11:16:11.384+0000] {dag.py:3823} INFO - Setting next_dagrun for tutorial to 2026-06-11 00:00:00+00:00, run_after=2026-06-12 00:00:00+00:00
[2026-06-12T11:16:11.415+0000] {processor.py:183} INFO - Processing /home/airflow/.local/lib/python3.8/site-packages/airflow/example_dags/tutorial.py took 0.136 seconds
[2026-06-12T11:16:42.108+0000] {processor.py:161} INFO - Started process (PID=1855) to work on /home/airflow/.local/lib/python3.8/site-packages/airflow/example_dags/tutorial.py
[2026-06-12T11:16:42.110+0000] {processor.py:830} INFO - Processing file /home/airflow/.local/lib/python3.8/site-packages/airflow/example_dags/tutorial.py for tasks to queue
[2026-06-12T11:16:42.113+0000] {logging_mixin.py:188} INFO - [2026-06-12T11:16:42.112+0000] {dagbag.py:538} INFO - Filling up the DagBag from /home/airflow/.local/lib/python3.8/site-packages/airflow/example_dags/tutorial.py
[2026-06-12T11:16:42.123+0000] {processor.py:840} INFO - DAG(s) 'tutorial' retrieved from /home/airflow/.local/lib/python3.8/site-packages/airflow/example_dags/tutorial.py
[2026-06-12T11:16:42.164+0000] {logging_mixin.py:188} INFO - [2026-06-12T11:16:42.163+0000] {dag.py:3036} INFO - Sync 1 DAGs
[2026-06-12T11:16:42.210+0000] {logging_mixin.py:188} INFO - [2026-06-12T11:16:42.210+0000] {dag.py:3823} INFO - Setting next_dagrun for tutorial to 2026-06-11 00:00:00+00:00, run_after=2026-06-12 00:00:00+00:00
[2026-06-12T11:16:42.253+0000] {processor.py:183} INFO - Processing /home/airflow/.local/lib/python3.8/site-packages/airflow/example_dags/tutorial.py took 0.151 seconds
[2026-06-12T11:17:12.602+0000] {processor.py:161} INFO - Started process (PID=1928) to work on /home/airflow/.local/lib/python3.8/site-packages/airflow/example_dags/tutorial.py
[2026-06-12T11:17:12.603+0000] {processor.py:830} INFO - Processing file /home/airflow/.local/lib/python3.8/site-packages/airflow/example_dags/tutorial.py for tasks to queue
[2026-06-12T11:17:12.606+0000] {logging_mixin.py:188} INFO - [2026-06-12T11:17:12.605+0000] {dagbag.py:538} INFO - Filling up the DagBag from /home/airflow/.local/lib/python3.8/site-packages/airflow/example_dags/tutorial.py
[2026-06-12T11:17:12.616+0000] {processor.py:840} INFO - DAG(s) 'tutorial' retrieved from /home/airflow/.local/lib/python3.8/site-packages/airflow/example_dags/tutorial.py
[2026-06-12T11:17:12.657+0000] {logging_mixin.py:188} INFO - [2026-06-12T11:17:12.657+0000] {dag.py:3036} INFO - Sync 1 DAGs
[2026-06-12T11:17:12.700+0000] {logging_mixin.py:188} INFO - [2026-06-12T11:17:12.699+0000] {dag.py:3823} INFO - Setting next_dagrun for tutorial to 2026-06-11 00:00:00+00:00, run_after=2026-06-12 00:00:00+00:00
[2026-06-12T11:17:12.731+0000] {processor.py:183} INFO - Processing /home/airflow/.local/lib/python3.8/site-packages/airflow/example_dags/tutorial.py took 0.134 seconds
[2026-06-12T11:17:42.877+0000] {processor.py:161} INFO - Started process (PID=1994) to work on /home/airflow/.local/lib/python3.8/site-packages/airflow/example_dags/tutorial.py
[2026-06-12T11:17:42.879+0000] {processor.py:830} INFO - Processing file /home/airflow/.local/lib/python3.8/site-packages/airflow/example_dags/tutorial.py for tasks to queue
[2026-06-12T11:17:42.882+0000] {logging_mixin.py:188} INFO - [2026-06-12T11:17:42.882+0000] {dagbag.py:538} INFO - Filling up the DagBag from /home/airflow/.local/lib/python3.8/site-packages/airflow/example_dags/tutorial.py
[2026-06-12T11:17:42.891+0000] {processor.py:840} INFO - DAG(s) 'tutorial' retrieved from /home/airflow/.local/lib/python3.8/site-packages/airflow/example_dags/tutorial.py
[2026-06-12T11:17:42.926+0000] {logging_mixin.py:188} INFO - [2026-06-12T11:17:42.925+0000] {dag.py:3036} INFO - Sync 1 DAGs
[2026-06-12T11:17:42.968+0000] {logging_mixin.py:188} INFO - [2026-06-12T11:17:42.967+0000] {dag.py:3823} INFO - Setting next_dagrun for tutorial to 2026-06-11 00:00:00+00:00, run_after=2026-06-12 00:00:00+00:00
[2026-06-12T11:17:42.998+0000] {processor.py:183} INFO - Processing /home/airflow/.local/lib/python3.8/site-packages/airflow/example_dags/tutorial.py took 0.125 seconds
[2026-06-12T11:18:13.152+0000] {processor.py:161} INFO - Started process (PID=2060) to work on /home/airflow/.local/lib/python3.8/site-packages/airflow/example_dags/tutorial.py
[2026-06-12T11:18:13.154+0000] {processor.py:830} INFO - Processing file /home/airflow/.local/lib/python3.8/site-packages/airflow/example_dags/tutorial.py for tasks to queue
[2026-06-12T11:18:13.157+0000] {logging_mixin.py:188} INFO - [2026-06-12T11:18:13.156+0000] {dagbag.py:538} INFO - Filling up the DagBag from /home/airflow/.local/lib/python3.8/site-packages/airflow/example_dags/tutorial.py
[2026-06-12T11:18:13.171+0000] {processor.py:840} INFO - DAG(s) 'tutorial' retrieved from /home/airflow/.local/lib/python3.8/site-packages/airflow/example_dags/tutorial.py
[2026-06-12T11:18:13.218+0000] {logging_mixin.py:188} INFO - [2026-06-12T11:18:13.218+0000] {dag.py:3036} INFO - Sync 1 DAGs
[2026-06-12T11:18:13.252+0000] {logging_mixin.py:188} INFO - [2026-06-12T11:18:13.251+0000] {dag.py:3823} INFO - Setting next_dagrun for tutorial to 2026-06-11 00:00:00+00:00, run_after=2026-06-12 00:00:00+00:00
[2026-06-12T11:18:13.279+0000] {processor.py:183} INFO - Processing /home/airflow/.local/lib/python3.8/site-packages/airflow/example_dags/tutorial.py took 0.134 seconds
[2026-06-12T11:18:43.813+0000] {processor.py:161} INFO - Started process (PID=2126) to work on /home/airflow/.local/lib/python3.8/site-packages/airflow/example_dags/tutorial.py
[2026-06-12T11:18:43.816+0000] {processor.py:830} INFO - Processing file /home/airflow/.local/lib/python3.8/site-packages/airflow/example_dags/tutorial.py for tasks to queue
[2026-06-12T11:18:43.820+0000] {logging_mixin.py:188} INFO - [2026-06-12T11:18:43.820+0000] {dagbag.py:538} INFO - Filling up the DagBag from /home/airflow/.local/lib/python3.8/site-packages/airflow/example_dags/tutorial.py
[2026-06-12T11:18:43.831+0000] {processor.py:840} INFO - DAG(s) 'tutorial' retrieved from /home/airflow/.local/lib/python3.8/site-packages/airflow/example_dags/tutorial.py
[2026-06-12T11:18:43.869+0000] {logging_mixin.py:188} INFO - [2026-06-12T11:18:43.868+0000] {dag.py:3036} INFO - Sync 1 DAGs
[2026-06-12T11:18:43.913+0000] {logging_mixin.py:188} INFO - [2026-06-12T11:18:43.912+0000] {dag.py:3823} INFO - Setting next_dagrun for tutorial to 2026-06-11 00:00:00+00:00, run_after=2026-06-12 00:00:00+00:00
[2026-06-12T11:18:43.950+0000] {processor.py:183} INFO - Processing /home/airflow/.local/lib/python3.8/site-packages/airflow/example_dags/tutorial.py took 0.142 seconds
[2026-06-12T11:19:14.728+0000] {processor.py:161} INFO - Started process (PID=2192) to work on /home/airflow/.local/lib/python3.8/site-packages/airflow/example_dags/tutorial.py
[2026-06-12T11:19:14.730+0000] {processor.py:830} INFO - Processing file /home/airflow/.local/lib/python3.8/site-packages/airflow/example_dags/tutorial.py for tasks to queue
[2026-06-12T11:19:14.732+0000] {logging_mixin.py:188} INFO - [2026-06-12T11:19:14.732+0000] {dagbag.py:538} INFO - Filling up the DagBag from /home/airflow/.local/lib/python3.8/site-packages/airflow/example_dags/tutorial.py
[2026-06-12T11:19:14.741+0000] {processor.py:840} INFO - DAG(s) 'tutorial' retrieved from /home/airflow/.local/lib/python3.8/site-packages/airflow/example_dags/tutorial.py
[2026-06-12T11:19:14.781+0000] {logging_mixin.py:188} INFO - [2026-06-12T11:19:14.780+0000] {dag.py:3036} INFO - Sync 1 DAGs
[2026-06-12T11:19:14.816+0000] {logging_mixin.py:188} INFO - [2026-06-12T11:19:14.815+0000] {dag.py:3823} INFO - Setting next_dagrun for tutorial to 2026-06-11 00:00:00+00:00, run_after=2026-06-12 00:00:00+00:00
[2026-06-12T11:19:14.843+0000] {processor.py:183} INFO - Processing /home/airflow/.local/lib/python3.8/site-packages/airflow/example_dags/tutorial.py took 0.121 seconds
[2026-06-12T11:19:44.966+0000] {processor.py:161} INFO - Started process (PID=2258) to work on /home/airflow/.local/lib/python3.8/site-packages/airflow/example_dags/tutorial.py
[2026-06-12T11:19:44.968+0000] {processor.py:830} INFO - Processing file /home/airflow/.local/lib/python3.8/site-packages/airflow/example_dags/tutorial.py for tasks to queue
[2026-06-12T11:19:44.971+0000] {logging_mixin.py:188} INFO - [2026-06-12T11:19:44.970+0000] {dagbag.py:538} INFO - Filling up the DagBag from /home/airflow/.local/lib/python3.8/site-packages/airflow/example_dags/tutorial.py
[2026-06-12T11:19:44.981+0000] {processor.py:840} INFO - DAG(s) 'tutorial' retrieved from /home/airflow/.local/lib/python3.8/site-packages/airflow/example_dags/tutorial.py
[2026-06-12T11:19:45.020+0000] {logging_mixin.py:188} INFO - [2026-06-12T11:19:45.020+0000] {dag.py:3036} INFO - Sync 1 DAGs
[2026-06-12T11:19:45.063+0000] {logging_mixin.py:188} INFO - [2026-06-12T11:19:45.062+0000] {dag.py:3823} INFO - Setting next_dagrun for tutorial to 2026-06-11 00:00:00+00:00, run_after=2026-06-12 00:00:00+00:00
[2026-06-12T11:19:45.097+0000] {processor.py:183} INFO - Processing /home/airflow/.local/lib/python3.8/site-packages/airflow/example_dags/tutorial.py took 0.137 seconds
[2026-06-12T11:20:15.302+0000] {processor.py:161} INFO - Started process (PID=2324) to work on /home/airflow/.local/lib/python3.8/site-packages/airflow/example_dags/tutorial.py
[2026-06-12T11:20:15.303+0000] {processor.py:830} INFO - Processing file /home/airflow/.local/lib/python3.8/site-packages/airflow/example_dags/tutorial.py for tasks to queue
[2026-06-12T11:20:15.306+0000] {logging_mixin.py:188} INFO - [2026-06-12T11:20:15.306+0000] {dagbag.py:538} INFO - Filling up the DagBag from /home/airflow/.local/lib/python3.8/site-packages/airflow/example_dags/tutorial.py
[2026-06-12T11:20:15.317+0000] {processor.py:840} INFO - DAG(s) 'tutorial' retrieved from /home/airflow/.local/lib/python3.8/site-packages/airflow/example_dags/tutorial.py
[2026-06-12T11:20:15.362+0000] {logging_mixin.py:188} INFO - [2026-06-12T11:20:15.361+0000] {dag.py:3036} INFO - Sync 1 DAGs
[2026-06-12T11:20:15.408+0000] {logging_mixin.py:188} INFO - [2026-06-12T11:20:15.407+0000] {dag.py:3823} INFO - Setting next_dagrun for tutorial to 2026-06-11 00:00:00+00:00, run_after=2026-06-12 00:00:00+00:00
[2026-06-12T11:20:15.442+0000] {processor.py:183} INFO - Processing /home/airflow/.local/lib/python3.8/site-packages/airflow/example_dags/tutorial.py took 0.147 seconds
[2026-06-12T11:20:45.951+0000] {processor.py:161} INFO - Started process (PID=2389) to work on /home/airflow/.local/lib/python3.8/site-packages/airflow/example_dags/tutorial.py
[2026-06-12T11:20:45.953+0000] {processor.py:830} INFO - Processing file /home/airflow/.local/lib/python3.8/site-packages/airflow/example_dags/tutorial.py for tasks to queue
[2026-06-12T11:20:45.956+0000] {logging_mixin.py:188} INFO - [2026-06-12T11:20:45.955+0000] {dagbag.py:538} INFO - Filling up the DagBag from /home/airflow/.local/lib/python3.8/site-packages/airflow/example_dags/tutorial.py
[2026-06-12T11:20:45.965+0000] {processor.py:840} INFO - DAG(s) 'tutorial' retrieved from /home/airflow/.local/lib/python3.8/site-packages/airflow/example_dags/tutorial.py
[2026-06-12T11:20:46.002+0000] {logging_mixin.py:188} INFO - [2026-06-12T11:20:46.001+0000] {dag.py:3036} INFO - Sync 1 DAGs
[2026-06-12T11:20:46.039+0000] {logging_mixin.py:188} INFO - [2026-06-12T11:20:46.038+0000] {dag.py:3823} INFO - Setting next_dagrun for tutorial to 2026-06-11 00:00:00+00:00, run_after=2026-06-12 00:00:00+00:00
[2026-06-12T11:20:46.066+0000] {processor.py:183} INFO - Processing /home/airflow/.local/lib/python3.8/site-packages/airflow/example_dags/tutorial.py took 0.120 seconds
[2026-06-12T11:21:16.682+0000] {processor.py:161} INFO - Started process (PID=2463) to work on /home/airflow/.local/lib/python3.8/site-packages/airflow/example_dags/tutorial.py
[2026-06-12T11:21:16.683+0000] {processor.py:830} INFO - Processing file /home/airflow/.local/lib/python3.8/site-packages/airflow/example_dags/tutorial.py for tasks to queue
[2026-06-12T11:21:16.686+0000] {logging_mixin.py:188} INFO - [2026-06-12T11:21:16.685+0000] {dagbag.py:538} INFO - Filling up the DagBag from /home/airflow/.local/lib/python3.8/site-packages/airflow/example_dags/tutorial.py
[2026-06-12T11:21:16.695+0000] {processor.py:840} INFO - DAG(s) 'tutorial' retrieved from /home/airflow/.local/lib/python3.8/site-packages/airflow/example_dags/tutorial.py
[2026-06-12T11:21:16.738+0000] {logging_mixin.py:188} INFO - [2026-06-12T11:21:16.738+0000] {dag.py:3036} INFO - Sync 1 DAGs
[2026-06-12T11:21:16.782+0000] {logging_mixin.py:188} INFO - [2026-06-12T11:21:16.782+0000] {dag.py:3823} INFO - Setting next_dagrun for tutorial to 2026-06-11 00:00:00+00:00, run_after=2026-06-12 00:00:00+00:00
[2026-06-12T11:21:16.817+0000] {processor.py:183} INFO - Processing /home/airflow/.local/lib/python3.8/site-packages/airflow/example_dags/tutorial.py took 0.139 seconds
[2026-06-12T11:21:46.950+0000] {processor.py:161} INFO - Started process (PID=2530) to work on /home/airflow/.local/lib/python3.8/site-packages/airflow/example_dags/tutorial.py
[2026-06-12T11:21:46.952+0000] {processor.py:830} INFO - Processing file /home/airflow/.local/lib/python3.8/site-packages/airflow/example_dags/tutorial.py for tasks to queue
[2026-06-12T11:21:46.955+0000] {logging_mixin.py:188} INFO - [2026-06-12T11:21:46.954+0000] {dagbag.py:538} INFO - Filling up the DagBag from /home/airflow/.local/lib/python3.8/site-packages/airflow/example_dags/tutorial.py
[2026-06-12T11:21:46.966+0000] {processor.py:840} INFO - DAG(s) 'tutorial' retrieved from /home/airflow/.local/lib/python3.8/site-packages/airflow/example_dags/tutorial.py
[2026-06-12T11:21:47.007+0000] {logging_mixin.py:188} INFO - [2026-06-12T11:21:47.007+0000] {dag.py:3036} INFO - Sync 1 DAGs
[2026-06-12T11:21:47.053+0000] {logging_mixin.py:188} INFO - [2026-06-12T11:21:47.053+0000] {dag.py:3823} INFO - Setting next_dagrun for tutorial to 2026-06-11 00:00:00+00:00, run_after=2026-06-12 00:00:00+00:00
[2026-06-12T11:21:47.085+0000] {processor.py:183} INFO - Processing /home/airflow/.local/lib/python3.8/site-packages/airflow/example_dags/tutorial.py took 0.141 seconds
[2026-06-12T11:22:18.075+0000] {processor.py:161} INFO - Started process (PID=2596) to work on /home/airflow/.local/lib/python3.8/site-packages/airflow/example_dags/tutorial.py
[2026-06-12T11:22:18.076+0000] {processor.py:830} INFO - Processing file /home/airflow/.local/lib/python3.8/site-packages/airflow/example_dags/tutorial.py for tasks to queue
[2026-06-12T11:22:18.079+0000] {logging_mixin.py:188} INFO - [2026-06-12T11:22:18.079+0000] {dagbag.py:538} INFO - Filling up the DagBag from /home/airflow/.local/lib/python3.8/site-packages/airflow/example_dags/tutorial.py
[2026-06-12T11:22:18.089+0000] {processor.py:840} INFO - DAG(s) 'tutorial' retrieved from /home/airflow/.local/lib/python3.8/site-packages/airflow/example_dags/tutorial.py
[2026-06-12T11:22:18.123+0000] {logging_mixin.py:188} INFO - [2026-06-12T11:22:18.123+0000] {dag.py:3036} INFO - Sync 1 DAGs
[2026-06-12T11:22:18.162+0000] {logging_mixin.py:188} INFO - [2026-06-12T11:22:18.162+0000] {dag.py:3823} INFO - Setting next_dagrun for tutorial to 2026-06-11 00:00:00+00:00, run_after=2026-06-12 00:00:00+00:00
[2026-06-12T11:22:18.195+0000] {processor.py:183} INFO - Processing /home/airflow/.local/lib/python3.8/site-packages/airflow/example_dags/tutorial.py took 0.125 seconds
[2026-06-12T11:22:48.921+0000] {processor.py:161} INFO - Started process (PID=2660) to work on /home/airflow/.local/lib/python3.8/site-packages/airflow/example_dags/tutorial.py
[2026-06-12T11:22:48.923+0000] {processor.py:830} INFO - Processing file /home/airflow/.local/lib/python3.8/site-packages/airflow/example_dags/tutorial.py for tasks to queue
[2026-06-12T11:22:48.926+0000] {logging_mixin.py:188} INFO - [2026-06-12T11:22:48.925+0000] {dagbag.py:538} INFO - Filling up the DagBag from /home/airflow/.local/lib/python3.8/site-packages/airflow/example_dags/tutorial.py
[2026-06-12T11:22:48.937+0000] {processor.py:840} INFO - DAG(s) 'tutorial' retrieved from /home/airflow/.local/lib/python3.8/site-packages/airflow/example_dags/tutorial.py
[2026-06-12T11:22:48.974+0000] {logging_mixin.py:188} INFO - [2026-06-12T11:22:48.973+0000] {dag.py:3036} INFO - Sync 1 DAGs
[2026-06-12T11:22:49.010+0000] {logging_mixin.py:188} INFO - [2026-06-12T11:22:49.010+0000] {dag.py:3823} INFO - Setting next_dagrun for tutorial to 2026-06-11 00:00:00+00:00, run_after=2026-06-12 00:00:00+00:00
[2026-06-12T11:22:49.039+0000] {processor.py:183} INFO - Processing /home/airflow/.local/lib/python3.8/site-packages/airflow/example_dags/tutorial.py took 0.125 seconds
[2026-06-12T11:23:19.494+0000] {processor.py:161} INFO - Started process (PID=2726) to work on /home/airflow/.local/lib/python3.8/site-packages/airflow/example_dags/tutorial.py
[2026-06-12T11:23:19.496+0000] {processor.py:830} INFO - Processing file /home/airflow/.local/lib/python3.8/site-packages/airflow/example_dags/tutorial.py for tasks to queue
[2026-06-12T11:23:19.499+0000] {logging_mixin.py:188} INFO - [2026-06-12T11:23:19.499+0000] {dagbag.py:538} INFO - Filling up the DagBag from /home/airflow/.local/lib/python3.8/site-packages/airflow/example_dags/tutorial.py
[2026-06-12T11:23:19.509+0000] {processor.py:840} INFO - DAG(s) 'tutorial' retrieved from /home/airflow/.local/lib/python3.8/site-packages/airflow/example_dags/tutorial.py
[2026-06-12T11:23:19.541+0000] {logging_mixin.py:188} INFO - [2026-06-12T11:23:19.541+0000] {dag.py:3036} INFO - Sync 1 DAGs
[2026-06-12T11:23:19.579+0000] {logging_mixin.py:188} INFO - [2026-06-12T11:23:19.578+0000] {dag.py:3823} INFO - Setting next_dagrun for tutorial to 2026-06-11 00:00:00+00:00, run_after=2026-06-12 00:00:00+00:00
[2026-06-12T11:23:19.606+0000] {processor.py:183} INFO - Processing /home/airflow/.local/lib/python3.8/site-packages/airflow/example_dags/tutorial.py took 0.118 seconds
[2026-06-12T11:23:49.841+0000] {processor.py:161} INFO - Started process (PID=2791) to work on /home/airflow/.local/lib/python3.8/site-packages/airflow/example_dags/tutorial.py
[2026-06-12T11:23:49.842+0000] {processor.py:830} INFO - Processing file /home/airflow/.local/lib/python3.8/site-packages/airflow/example_dags/tutorial.py for tasks to queue
[2026-06-12T11:23:49.845+0000] {logging_mixin.py:188} INFO - [2026-06-12T11:23:49.845+0000] {dagbag.py:538} INFO - Filling up the DagBag from /home/airflow/.local/lib/python3.8/site-packages/airflow/example_dags/tutorial.py
[2026-06-12T11:23:49.854+0000] {processor.py:840} INFO - DAG(s) 'tutorial' retrieved from /home/airflow/.local/lib/python3.8/site-packages/airflow/example_dags/tutorial.py
[2026-06-12T11:23:49.889+0000] {logging_mixin.py:188} INFO - [2026-06-12T11:23:49.889+0000] {dag.py:3036} INFO - Sync 1 DAGs
[2026-06-12T11:23:49.924+0000] {logging_mixin.py:188} INFO - [2026-06-12T11:23:49.924+0000] {dag.py:3823} INFO - Setting next_dagrun for tutorial to 2026-06-11 00:00:00+00:00, run_after=2026-06-12 00:00:00+00:00
[2026-06-12T11:23:49.953+0000] {processor.py:183} INFO - Processing /home/airflow/.local/lib/python3.8/site-packages/airflow/example_dags/tutorial.py took 0.117 seconds
[2026-06-12T11:24:20.269+0000] {processor.py:161} INFO - Started process (PID=2857) to work on /home/airflow/.local/lib/python3.8/site-packages/airflow/example_dags/tutorial.py
[2026-06-12T11:24:20.271+0000] {processor.py:830} INFO - Processing file /home/airflow/.local/lib/python3.8/site-packages/airflow/example_dags/tutorial.py for tasks to queue
[2026-06-12T11:24:20.274+0000] {logging_mixin.py:188} INFO - [2026-06-12T11:24:20.273+0000] {dagbag.py:538} INFO - Filling up the DagBag from /home/airflow/.local/lib/python3.8/site-packages/airflow/example_dags/tutorial.py
[2026-06-12T11:24:20.284+0000] {processor.py:840} INFO - DAG(s) 'tutorial' retrieved from /home/airflow/.local/lib/python3.8/site-packages/airflow/example_dags/tutorial.py
[2026-06-12T11:24:20.322+0000] {logging_mixin.py:188} INFO - [2026-06-12T11:24:20.322+0000] {dag.py:3036} INFO - Sync 1 DAGs
[2026-06-12T11:24:20.363+0000] {logging_mixin.py:188} INFO - [2026-06-12T11:24:20.362+0000] {dag.py:3823} INFO - Setting next_dagrun for tutorial to 2026-06-11 00:00:00+00:00, run_after=2026-06-12 00:00:00+00:00
[2026-06-12T11:24:20.394+0000] {processor.py:183} INFO - Processing /home/airflow/.local/lib/python3.8/site-packages/airflow/example_dags/tutorial.py took 0.131 seconds
[2026-06-12T11:24:50.924+0000] {processor.py:161} INFO - Started process (PID=2923) to work on /home/airflow/.local/lib/python3.8/site-packages/airflow/example_dags/tutorial.py
[2026-06-12T11:24:50.925+0000] {processor.py:830} INFO - Processing file /home/airflow/.local/lib/python3.8/site-packages/airflow/example_dags/tutorial.py for tasks to queue
[2026-06-12T11:24:50.928+0000] {logging_mixin.py:188} INFO - [2026-06-12T11:24:50.927+0000] {dagbag.py:538} INFO - Filling up the DagBag from /home/airflow/.local/lib/python3.8/site-packages/airflow/example_dags/tutorial.py
[2026-06-12T11:24:50.937+0000] {processor.py:840} INFO - DAG(s) 'tutorial' retrieved from /home/airflow/.local/lib/python3.8/site-packages/airflow/example_dags/tutorial.py
[2026-06-12T11:24:50.976+0000] {logging_mixin.py:188} INFO - [2026-06-12T11:24:50.975+0000] {dag.py:3036} INFO - Sync 1 DAGs
[2026-06-12T11:24:51.209+0000] {logging_mixin.py:188} INFO - [2026-06-12T11:24:51.209+0000] {dag.py:3823} INFO - Setting next_dagrun for tutorial to 2026-06-11 00:00:00+00:00, run_after=2026-06-12 00:00:00+00:00
[2026-06-12T11:24:51.237+0000] {processor.py:183} INFO - Processing /home/airflow/.local/lib/python3.8/site-packages/airflow/example_dags/tutorial.py took 0.319 seconds
[2026-06-12T11:25:21.451+0000] {processor.py:161} INFO - Started process (PID=2989) to work on /home/airflow/.local/lib/python3.8/site-packages/airflow/example_dags/tutorial.py
[2026-06-12T11:25:21.453+0000] {processor.py:830} INFO - Processing file /home/airflow/.local/lib/python3.8/site-packages/airflow/example_dags/tutorial.py for tasks to queue
[2026-06-12T11:25:21.456+0000] {logging_mixin.py:188} INFO - [2026-06-12T11:25:21.455+0000] {dagbag.py:538} INFO - Filling up the DagBag from /home/airflow/.local/lib/python3.8/site-packages/airflow/example_dags/tutorial.py
[2026-06-12T11:25:21.469+0000] {processor.py:840} INFO - DAG(s) 'tutorial' retrieved from /home/airflow/.local/lib/python3.8/site-packages/airflow/example_dags/tutorial.py
[2026-06-12T11:25:21.511+0000] {logging_mixin.py:188} INFO - [2026-06-12T11:25:21.511+0000] {dag.py:3036} INFO - Sync 1 DAGs
[2026-06-12T11:25:21.556+0000] {logging_mixin.py:188} INFO - [2026-06-12T11:25:21.555+0000] {dag.py:3823} INFO - Setting next_dagrun for tutorial to 2026-06-11 00:00:00+00:00, run_after=2026-06-12 00:00:00+00:00
[2026-06-12T11:25:21.781+0000] {processor.py:183} INFO - Processing /home/airflow/.local/lib/python3.8/site-packages/airflow/example_dags/tutorial.py took 0.334 seconds
[2026-06-12T11:25:51.936+0000] {processor.py:161} INFO - Started process (PID=3063) to work on /home/airflow/.local/lib/python3.8/site-packages/airflow/example_dags/tutorial.py
[2026-06-12T11:25:51.937+0000] {processor.py:830} INFO - Processing file /home/airflow/.local/lib/python3.8/site-packages/airflow/example_dags/tutorial.py for tasks to queue
[2026-06-12T11:25:51.939+0000] {logging_mixin.py:188} INFO - [2026-06-12T11:25:51.939+0000] {dagbag.py:538} INFO - Filling up the DagBag from /home/airflow/.local/lib/python3.8/site-packages/airflow/example_dags/tutorial.py
[2026-06-12T11:25:51.947+0000] {processor.py:840} INFO - DAG(s) 'tutorial' retrieved from /home/airflow/.local/lib/python3.8/site-packages/airflow/example_dags/tutorial.py
[2026-06-12T11:25:51.987+0000] {logging_mixin.py:188} INFO - [2026-06-12T11:25:51.986+0000] {dag.py:3036} INFO - Sync 1 DAGs
[2026-06-12T11:25:52.032+0000] {logging_mixin.py:188} INFO - [2026-06-12T11:25:52.031+0000] {dag.py:3823} INFO - Setting next_dagrun for tutorial to 2026-06-11 00:00:00+00:00, run_after=2026-06-12 00:00:00+00:00
[2026-06-12T11:25:52.068+0000] {processor.py:183} INFO - Processing /home/airflow/.local/lib/python3.8/site-packages/airflow/example_dags/tutorial.py took 0.137 seconds
[2026-06-12T11:26:22.582+0000] {processor.py:161} INFO - Started process (PID=3130) to work on /home/airflow/.local/lib/python3.8/site-packages/airflow/example_dags/tutorial.py
[2026-06-12T11:26:22.585+0000] {processor.py:830} INFO - Processing file /home/airflow/.local/lib/python3.8/site-packages/airflow/example_dags/tutorial.py for tasks to queue
[2026-06-12T11:26:22.588+0000] {logging_mixin.py:188} INFO - [2026-06-12T11:26:22.587+0000] {dagbag.py:538} INFO - Filling up the DagBag from /home/airflow/.local/lib/python3.8/site-packages/airflow/example_dags/tutorial.py
[2026-06-12T11:26:22.603+0000] {processor.py:840} INFO - DAG(s) 'tutorial' retrieved from /home/airflow/.local/lib/python3.8/site-packages/airflow/example_dags/tutorial.py
[2026-06-12T11:26:22.653+0000] {logging_mixin.py:188} INFO - [2026-06-12T11:26:22.653+0000] {dag.py:3036} INFO - Sync 1 DAGs
[2026-06-12T11:26:22.699+0000] {logging_mixin.py:188} INFO - [2026-06-12T11:26:22.699+0000] {dag.py:3823} INFO - Setting next_dagrun for tutorial to 2026-06-11 00:00:00+00:00, run_after=2026-06-12 00:00:00+00:00
[2026-06-12T11:26:22.733+0000] {processor.py:183} INFO - Processing /home/airflow/.local/lib/python3.8/site-packages/airflow/example_dags/tutorial.py took 0.158 seconds
[2026-06-12T11:26:53.239+0000] {processor.py:161} INFO - Started process (PID=3197) to work on /home/airflow/.local/lib/python3.8/site-packages/airflow/example_dags/tutorial.py
[2026-06-12T11:26:53.240+0000] {processor.py:830} INFO - Processing file /home/airflow/.local/lib/python3.8/site-packages/airflow/example_dags/tutorial.py for tasks to queue
[2026-06-12T11:26:53.243+0000] {logging_mixin.py:188} INFO - [2026-06-12T11:26:53.243+0000] {dagbag.py:538} INFO - Filling up the DagBag from /home/airflow/.local/lib/python3.8/site-packages/airflow/example_dags/tutorial.py
[2026-06-12T11:26:53.254+0000] {processor.py:840} INFO - DAG(s) 'tutorial' retrieved from /home/airflow/.local/lib/python3.8/site-packages/airflow/example_dags/tutorial.py
[2026-06-12T11:26:53.480+0000] {logging_mixin.py:188} INFO - [2026-06-12T11:26:53.480+0000] {dag.py:3036} INFO - Sync 1 DAGs
[2026-06-12T11:26:53.539+0000] {logging_mixin.py:188} INFO - [2026-06-12T11:26:53.539+0000] {dag.py:3823} INFO - Setting next_dagrun for tutorial to 2026-06-11 00:00:00+00:00, run_after=2026-06-12 00:00:00+00:00
[2026-06-12T11:26:53.572+0000] {processor.py:183} INFO - Processing /home/airflow/.local/lib/python3.8/site-packages/airflow/example_dags/tutorial.py took 0.339 seconds
[2026-06-12T11:27:23.994+0000] {processor.py:161} INFO - Started process (PID=3263) to work on /home/airflow/.local/lib/python3.8/site-packages/airflow/example_dags/tutorial.py
[2026-06-12T11:27:23.996+0000] {processor.py:830} INFO - Processing file /home/airflow/.local/lib/python3.8/site-packages/airflow/example_dags/tutorial.py for tasks to queue
[2026-06-12T11:27:23.999+0000] {logging_mixin.py:188} INFO - [2026-06-12T11:27:23.999+0000] {dagbag.py:538} INFO - Filling up the DagBag from /home/airflow/.local/lib/python3.8/site-packages/airflow/example_dags/tutorial.py
[2026-06-12T11:27:24.007+0000] {processor.py:840} INFO - DAG(s) 'tutorial' retrieved from /home/airflow/.local/lib/python3.8/site-packages/airflow/example_dags/tutorial.py
[2026-06-12T11:27:24.045+0000] {logging_mixin.py:188} INFO - [2026-06-12T11:27:24.044+0000] {dag.py:3036} INFO - Sync 1 DAGs
[2026-06-12T11:27:24.086+0000] {logging_mixin.py:188} INFO - [2026-06-12T11:27:24.085+0000] {dag.py:3823} INFO - Setting next_dagrun for tutorial to 2026-06-11 00:00:00+00:00, run_after=2026-06-12 00:00:00+00:00
[2026-06-12T11:27:24.114+0000] {processor.py:183} INFO - Processing /home/airflow/.local/lib/python3.8/site-packages/airflow/example_dags/tutorial.py took 0.125 seconds
[2026-06-12T11:27:54.271+0000] {processor.py:161} INFO - Started process (PID=3328) to work on /home/airflow/.local/lib/python3.8/site-packages/airflow/example_dags/tutorial.py
[2026-06-12T11:27:54.272+0000] {processor.py:830} INFO - Processing file /home/airflow/.local/lib/python3.8/site-packages/airflow/example_dags/tutorial.py for tasks to queue
[2026-06-12T11:27:54.275+0000] {logging_mixin.py:188} INFO - [2026-06-12T11:27:54.274+0000] {dagbag.py:538} INFO - Filling up the DagBag from /home/airflow/.local/lib/python3.8/site-packages/airflow/example_dags/tutorial.py
[2026-06-12T11:27:54.283+0000] {processor.py:840} INFO - DAG(s) 'tutorial' retrieved from /home/airflow/.local/lib/python3.8/site-packages/airflow/example_dags/tutorial.py
[2026-06-12T11:27:54.320+0000] {logging_mixin.py:188} INFO - [2026-06-12T11:27:54.320+0000] {dag.py:3036} INFO - Sync 1 DAGs
[2026-06-12T11:27:54.361+0000] {logging_mixin.py:188} INFO - [2026-06-12T11:27:54.361+0000] {dag.py:3823} INFO - Setting next_dagrun for tutorial to 2026-06-11 00:00:00+00:00, run_after=2026-06-12 00:00:00+00:00
[2026-06-12T11:27:54.395+0000] {processor.py:183} INFO - Processing /home/airflow/.local/lib/python3.8/site-packages/airflow/example_dags/tutorial.py took 0.129 seconds
[2026-06-12T11:28:24.558+0000] {processor.py:161} INFO - Started process (PID=3394) to work on /home/airflow/.local/lib/python3.8/site-packages/airflow/example_dags/tutorial.py
[2026-06-12T11:28:24.560+0000] {processor.py:830} INFO - Processing file /home/airflow/.local/lib/python3.8/site-packages/airflow/example_dags/tutorial.py for tasks to queue
[2026-06-12T11:28:24.563+0000] {logging_mixin.py:188} INFO - [2026-06-12T11:28:24.562+0000] {dagbag.py:538} INFO - Filling up the DagBag from /home/airflow/.local/lib/python3.8/site-packages/airflow/example_dags/tutorial.py
[2026-06-12T11:28:24.571+0000] {processor.py:840} INFO - DAG(s) 'tutorial' retrieved from /home/airflow/.local/lib/python3.8/site-packages/airflow/example_dags/tutorial.py
[2026-06-12T11:28:24.610+0000] {logging_mixin.py:188} INFO - [2026-06-12T11:28:24.610+0000] {dag.py:3036} INFO - Sync 1 DAGs
[2026-06-12T11:28:24.649+0000] {logging_mixin.py:188} INFO - [2026-06-12T11:28:24.649+0000] {dag.py:3823} INFO - Setting next_dagrun for tutorial to 2026-06-11 00:00:00+00:00, run_after=2026-06-12 00:00:00+00:00
[2026-06-12T11:28:24.681+0000] {processor.py:183} INFO - Processing /home/airflow/.local/lib/python3.8/site-packages/airflow/example_dags/tutorial.py took 0.129 seconds
[2026-06-12T11:28:55.159+0000] {processor.py:161} INFO - Started process (PID=3459) to work on /home/airflow/.local/lib/python3.8/site-packages/airflow/example_dags/tutorial.py
[2026-06-12T11:28:55.160+0000] {processor.py:830} INFO - Processing file /home/airflow/.local/lib/python3.8/site-packages/airflow/example_dags/tutorial.py for tasks to queue
[2026-06-12T11:28:55.162+0000] {logging_mixin.py:188} INFO - [2026-06-12T11:28:55.162+0000] {dagbag.py:538} INFO - Filling up the DagBag from /home/airflow/.local/lib/python3.8/site-packages/airflow/example_dags/tutorial.py
[2026-06-12T11:28:55.171+0000] {processor.py:840} INFO - DAG(s) 'tutorial' retrieved from /home/airflow/.local/lib/python3.8/site-packages/airflow/example_dags/tutorial.py
[2026-06-12T11:28:55.205+0000] {logging_mixin.py:188} INFO - [2026-06-12T11:28:55.204+0000] {dag.py:3036} INFO - Sync 1 DAGs
[2026-06-12T11:28:55.240+0000] {logging_mixin.py:188} INFO - [2026-06-12T11:28:55.239+0000] {dag.py:3823} INFO - Setting next_dagrun for tutorial to 2026-06-11 00:00:00+00:00, run_after=2026-06-12 00:00:00+00:00
[2026-06-12T11:28:55.268+0000] {processor.py:183} INFO - Processing /home/airflow/.local/lib/python3.8/site-packages/airflow/example_dags/tutorial.py took 0.116 seconds
[2026-06-12T11:29:25.859+0000] {processor.py:161} INFO - Started process (PID=3525) to work on /home/airflow/.local/lib/python3.8/site-packages/airflow/example_dags/tutorial.py
[2026-06-12T11:29:25.861+0000] {processor.py:830} INFO - Processing file /home/airflow/.local/lib/python3.8/site-packages/airflow/example_dags/tutorial.py for tasks to queue
[2026-06-12T11:29:25.864+0000] {logging_mixin.py:188} INFO - [2026-06-12T11:29:25.864+0000] {dagbag.py:538} INFO - Filling up the DagBag from /home/airflow/.local/lib/python3.8/site-packages/airflow/example_dags/tutorial.py
[2026-06-12T11:29:25.875+0000] {processor.py:840} INFO - DAG(s) 'tutorial' retrieved from /home/airflow/.local/lib/python3.8/site-packages/airflow/example_dags/tutorial.py
[2026-06-12T11:29:25.916+0000] {logging_mixin.py:188} INFO - [2026-06-12T11:29:25.916+0000] {dag.py:3036} INFO - Sync 1 DAGs
[2026-06-12T11:29:25.961+0000] {logging_mixin.py:188} INFO - [2026-06-12T11:29:25.960+0000] {dag.py:3823} INFO - Setting next_dagrun for tutorial to 2026-06-11 00:00:00+00:00, run_after=2026-06-12 00:00:00+00:00
[2026-06-12T11:29:26.000+0000] {processor.py:183} INFO - Processing /home/airflow/.local/lib/python3.8/site-packages/airflow/example_dags/tutorial.py took 0.147 seconds
[2026-06-12T11:29:56.198+0000] {processor.py:161} INFO - Started process (PID=3590) to work on /home/airflow/.local/lib/python3.8/site-packages/airflow/example_dags/tutorial.py
[2026-06-12T11:29:56.200+0000] {processor.py:830} INFO - Processing file /home/airflow/.local/lib/python3.8/site-packages/airflow/example_dags/tutorial.py for tasks to queue
[2026-06-12T11:29:56.203+0000] {logging_mixin.py:188} INFO - [2026-06-12T11:29:56.203+0000] {dagbag.py:538} INFO - Filling up the DagBag from /home/airflow/.local/lib/python3.8/site-packages/airflow/example_dags/tutorial.py
[2026-06-12T11:29:56.212+0000] {processor.py:840} INFO - DAG(s) 'tutorial' retrieved from /home/airflow/.local/lib/python3.8/site-packages/airflow/example_dags/tutorial.py
[2026-06-12T11:29:56.248+0000] {logging_mixin.py:188} INFO - [2026-06-12T11:29:56.248+0000] {dag.py:3036} INFO - Sync 1 DAGs
[2026-06-12T11:29:56.291+0000] {logging_mixin.py:188} INFO - [2026-06-12T11:29:56.291+0000] {dag.py:3823} INFO - Setting next_dagrun for tutorial to 2026-06-11 00:00:00+00:00, run_after=2026-06-12 00:00:00+00:00
[2026-06-12T11:29:56.323+0000] {processor.py:183} INFO - Processing /home/airflow/.local/lib/python3.8/site-packages/airflow/example_dags/tutorial.py took 0.130 seconds
[2026-06-12T11:30:26.714+0000] {processor.py:161} INFO - Started process (PID=3662) to work on /home/airflow/.local/lib/python3.8/site-packages/airflow/example_dags/tutorial.py
[2026-06-12T11:30:26.716+0000] {processor.py:830} INFO - Processing file /home/airflow/.local/lib/python3.8/site-packages/airflow/example_dags/tutorial.py for tasks to queue
[2026-06-12T11:30:26.719+0000] {logging_mixin.py:188} INFO - [2026-06-12T11:30:26.718+0000] {dagbag.py:538} INFO - Filling up the DagBag from /home/airflow/.local/lib/python3.8/site-packages/airflow/example_dags/tutorial.py
[2026-06-12T11:30:26.729+0000] {processor.py:840} INFO - DAG(s) 'tutorial' retrieved from /home/airflow/.local/lib/python3.8/site-packages/airflow/example_dags/tutorial.py
[2026-06-12T11:30:26.768+0000] {logging_mixin.py:188} INFO - [2026-06-12T11:30:26.768+0000] {dag.py:3036} INFO - Sync 1 DAGs
[2026-06-12T11:30:26.812+0000] {logging_mixin.py:188} INFO - [2026-06-12T11:30:26.812+0000] {dag.py:3823} INFO - Setting next_dagrun for tutorial to 2026-06-11 00:00:00+00:00, run_after=2026-06-12 00:00:00+00:00
[2026-06-12T11:30:26.847+0000] {processor.py:183} INFO - Processing /home/airflow/.local/lib/python3.8/site-packages/airflow/example_dags/tutorial.py took 0.138 seconds
[2026-06-12T11:30:57.372+0000] {processor.py:161} INFO - Started process (PID=3730) to work on /home/airflow/.local/lib/python3.8/site-packages/airflow/example_dags/tutorial.py
[2026-06-12T11:30:57.374+0000] {processor.py:830} INFO - Processing file /home/airflow/.local/lib/python3.8/site-packages/airflow/example_dags/tutorial.py for tasks to queue
[2026-06-12T11:30:57.376+0000] {logging_mixin.py:188} INFO - [2026-06-12T11:30:57.376+0000] {dagbag.py:538} INFO - Filling up the DagBag from /home/airflow/.local/lib/python3.8/site-packages/airflow/example_dags/tutorial.py
[2026-06-12T11:30:57.387+0000] {processor.py:840} INFO - DAG(s) 'tutorial' retrieved from /home/airflow/.local/lib/python3.8/site-packages/airflow/example_dags/tutorial.py
[2026-06-12T11:30:57.443+0000] {logging_mixin.py:188} INFO - [2026-06-12T11:30:57.443+0000] {dag.py:3036} INFO - Sync 1 DAGs
[2026-06-12T11:30:57.486+0000] {logging_mixin.py:188} INFO - [2026-06-12T11:30:57.485+0000] {dag.py:3823} INFO - Setting next_dagrun for tutorial to 2026-06-11 00:00:00+00:00, run_after=2026-06-12 00:00:00+00:00
[2026-06-12T11:30:57.517+0000] {processor.py:183} INFO - Processing /home/airflow/.local/lib/python3.8/site-packages/airflow/example_dags/tutorial.py took 0.150 seconds
[2026-06-12T11:31:27.710+0000] {processor.py:161} INFO - Started process (PID=3797) to work on /home/airflow/.local/lib/python3.8/site-packages/airflow/example_dags/tutorial.py
[2026-06-12T11:31:27.712+0000] {processor.py:830} INFO - Processing file /home/airflow/.local/lib/python3.8/site-packages/airflow/example_dags/tutorial.py for tasks to queue
[2026-06-12T11:31:27.715+0000] {logging_mixin.py:188} INFO - [2026-06-12T11:31:27.714+0000] {dagbag.py:538} INFO - Filling up the DagBag from /home/airflow/.local/lib/python3.8/site-packages/airflow/example_dags/tutorial.py
[2026-06-12T11:31:27.725+0000] {processor.py:840} INFO - DAG(s) 'tutorial' retrieved from /home/airflow/.local/lib/python3.8/site-packages/airflow/example_dags/tutorial.py
[2026-06-12T11:31:27.760+0000] {logging_mixin.py:188} INFO - [2026-06-12T11:31:27.759+0000] {dag.py:3036} INFO - Sync 1 DAGs
[2026-06-12T11:31:27.796+0000] {logging_mixin.py:188} INFO - [2026-06-12T11:31:27.795+0000] {dag.py:3823} INFO - Setting next_dagrun for tutorial to 2026-06-11 00:00:00+00:00, run_after=2026-06-12 00:00:00+00:00
[2026-06-12T11:31:27.825+0000] {processor.py:183} INFO - Processing /home/airflow/.local/lib/python3.8/site-packages/airflow/example_dags/tutorial.py took 0.121 seconds
[2026-06-12T11:31:58.256+0000] {processor.py:161} INFO - Started process (PID=3864) to work on /home/airflow/.local/lib/python3.8/site-packages/airflow/example_dags/tutorial.py
[2026-06-12T11:31:58.258+0000] {processor.py:830} INFO - Processing file /home/airflow/.local/lib/python3.8/site-packages/airflow/example_dags/tutorial.py for tasks to queue
[2026-06-12T11:31:58.260+0000] {logging_mixin.py:188} INFO - [2026-06-12T11:31:58.260+0000] {dagbag.py:538} INFO - Filling up the DagBag from /home/airflow/.local/lib/python3.8/site-packages/airflow/example_dags/tutorial.py
[2026-06-12T11:31:58.271+0000] {processor.py:840} INFO - DAG(s) 'tutorial' retrieved from /home/airflow/.local/lib/python3.8/site-packages/airflow/example_dags/tutorial.py
[2026-06-12T11:31:58.311+0000] {logging_mixin.py:188} INFO - [2026-06-12T11:31:58.311+0000] {dag.py:3036} INFO - Sync 1 DAGs
[2026-06-12T11:31:58.352+0000] {logging_mixin.py:188} INFO - [2026-06-12T11:31:58.352+0000] {dag.py:3823} INFO - Setting next_dagrun for tutorial to 2026-06-11 00:00:00+00:00, run_after=2026-06-12 00:00:00+00:00
[2026-06-12T11:31:58.386+0000] {processor.py:183} INFO - Processing /home/airflow/.local/lib/python3.8/site-packages/airflow/example_dags/tutorial.py took 0.135 seconds
[2026-06-12T11:32:28.783+0000] {processor.py:161} INFO - Started process (PID=3930) to work on /home/airflow/.local/lib/python3.8/site-packages/airflow/example_dags/tutorial.py
[2026-06-12T11:32:28.784+0000] {processor.py:830} INFO - Processing file /home/airflow/.local/lib/python3.8/site-packages/airflow/example_dags/tutorial.py for tasks to queue
[2026-06-12T11:32:28.787+0000] {logging_mixin.py:188} INFO - [2026-06-12T11:32:28.786+0000] {dagbag.py:538} INFO - Filling up the DagBag from /home/airflow/.local/lib/python3.8/site-packages/airflow/example_dags/tutorial.py
[2026-06-12T11:32:28.797+0000] {processor.py:840} INFO - DAG(s) 'tutorial' retrieved from /home/airflow/.local/lib/python3.8/site-packages/airflow/example_dags/tutorial.py
[2026-06-12T11:32:28.834+0000] {logging_mixin.py:188} INFO - [2026-06-12T11:32:28.833+0000] {dag.py:3036} INFO - Sync 1 DAGs
[2026-06-12T11:32:28.871+0000] {logging_mixin.py:188} INFO - [2026-06-12T11:32:28.871+0000] {dag.py:3823} INFO - Setting next_dagrun for tutorial to 2026-06-11 00:00:00+00:00, run_after=2026-06-12 00:00:00+00:00
[2026-06-12T11:32:28.898+0000] {processor.py:183} INFO - Processing /home/airflow/.local/lib/python3.8/site-packages/airflow/example_dags/tutorial.py took 0.122 seconds
[2026-06-12T11:32:59.351+0000] {processor.py:161} INFO - Started process (PID=3995) to work on /home/airflow/.local/lib/python3.8/site-packages/airflow/example_dags/tutorial.py
[2026-06-12T11:32:59.353+0000] {processor.py:830} INFO - Processing file /home/airflow/.local/lib/python3.8/site-packages/airflow/example_dags/tutorial.py for tasks to queue
[2026-06-12T11:32:59.355+0000] {logging_mixin.py:188} INFO - [2026-06-12T11:32:59.355+0000] {dagbag.py:538} INFO - Filling up the DagBag from /home/airflow/.local/lib/python3.8/site-packages/airflow/example_dags/tutorial.py
[2026-06-12T11:32:59.365+0000] {processor.py:840} INFO - DAG(s) 'tutorial' retrieved from /home/airflow/.local/lib/python3.8/site-packages/airflow/example_dags/tutorial.py
[2026-06-12T11:32:59.403+0000] {logging_mixin.py:188} INFO - [2026-06-12T11:32:59.402+0000] {dag.py:3036} INFO - Sync 1 DAGs
[2026-06-12T11:32:59.443+0000] {logging_mixin.py:188} INFO - [2026-06-12T11:32:59.443+0000] {dag.py:3823} INFO - Setting next_dagrun for tutorial to 2026-06-11 00:00:00+00:00, run_after=2026-06-12 00:00:00+00:00
[2026-06-12T11:32:59.474+0000] {processor.py:183} INFO - Processing /home/airflow/.local/lib/python3.8/site-packages/airflow/example_dags/tutorial.py took 0.128 seconds
[2026-06-12T11:33:29.917+0000] {processor.py:161} INFO - Started process (PID=4060) to work on /home/airflow/.local/lib/python3.8/site-packages/airflow/example_dags/tutorial.py
[2026-06-12T11:33:29.918+0000] {processor.py:830} INFO - Processing file /home/airflow/.local/lib/python3.8/site-packages/airflow/example_dags/tutorial.py for tasks to queue
[2026-06-12T11:33:29.920+0000] {logging_mixin.py:188} INFO - [2026-06-12T11:33:29.920+0000] {dagbag.py:538} INFO - Filling up the DagBag from /home/airflow/.local/lib/python3.8/site-packages/airflow/example_dags/tutorial.py
[2026-06-12T11:33:29.929+0000] {processor.py:840} INFO - DAG(s) 'tutorial' retrieved from /home/airflow/.local/lib/python3.8/site-packages/airflow/example_dags/tutorial.py
[2026-06-12T11:33:29.969+0000] {logging_mixin.py:188} INFO - [2026-06-12T11:33:29.968+0000] {dag.py:3036} INFO - Sync 1 DAGs
[2026-06-12T11:33:30.010+0000] {logging_mixin.py:188} INFO - [2026-06-12T11:33:30.010+0000] {dag.py:3823} INFO - Setting next_dagrun for tutorial to 2026-06-11 00:00:00+00:00, run_after=2026-06-12 00:00:00+00:00
[2026-06-12T11:33:30.042+0000] {processor.py:183} INFO - Processing /home/airflow/.local/lib/python3.8/site-packages/airflow/example_dags/tutorial.py took 0.130 seconds
[2026-06-12T11:34:00.637+0000] {processor.py:161} INFO - Started process (PID=4133) to work on /home/airflow/.local/lib/python3.8/site-packages/airflow/example_dags/tutorial.py
[2026-06-12T11:34:00.639+0000] {processor.py:830} INFO - Processing file /home/airflow/.local/lib/python3.8/site-packages/airflow/example_dags/tutorial.py for tasks to queue
[2026-06-12T11:34:00.642+0000] {logging_mixin.py:188} INFO - [2026-06-12T11:34:00.641+0000] {dagbag.py:538} INFO - Filling up the DagBag from /home/airflow/.local/lib/python3.8/site-packages/airflow/example_dags/tutorial.py
[2026-06-12T11:34:00.652+0000] {processor.py:840} INFO - DAG(s) 'tutorial' retrieved from /home/airflow/.local/lib/python3.8/site-packages/airflow/example_dags/tutorial.py
[2026-06-12T11:34:00.691+0000] {logging_mixin.py:188} INFO - [2026-06-12T11:34:00.691+0000] {dag.py:3036} INFO - Sync 1 DAGs
[2026-06-12T11:34:00.734+0000] {logging_mixin.py:188} INFO - [2026-06-12T11:34:00.734+0000] {dag.py:3823} INFO - Setting next_dagrun for tutorial to 2026-06-11 00:00:00+00:00, run_after=2026-06-12 00:00:00+00:00
[2026-06-12T11:34:00.768+0000] {processor.py:183} INFO - Processing /home/airflow/.local/lib/python3.8/site-packages/airflow/example_dags/tutorial.py took 0.135 seconds
[2026-06-12T11:34:31.389+0000] {processor.py:161} INFO - Started process (PID=4200) to work on /home/airflow/.local/lib/python3.8/site-packages/airflow/example_dags/tutorial.py
[2026-06-12T11:34:31.390+0000] {processor.py:830} INFO - Processing file /home/airflow/.local/lib/python3.8/site-packages/airflow/example_dags/tutorial.py for tasks to queue
[2026-06-12T11:34:31.393+0000] {logging_mixin.py:188} INFO - [2026-06-12T11:34:31.392+0000] {dagbag.py:538} INFO - Filling up the DagBag from /home/airflow/.local/lib/python3.8/site-packages/airflow/example_dags/tutorial.py
[2026-06-12T11:34:31.402+0000] {processor.py:840} INFO - DAG(s) 'tutorial' retrieved from /home/airflow/.local/lib/python3.8/site-packages/airflow/example_dags/tutorial.py
[2026-06-12T11:34:31.438+0000] {logging_mixin.py:188} INFO - [2026-06-12T11:34:31.437+0000] {dag.py:3036} INFO - Sync 1 DAGs
[2026-06-12T11:34:31.473+0000] {logging_mixin.py:188} INFO - [2026-06-12T11:34:31.473+0000] {dag.py:3823} INFO - Setting next_dagrun for tutorial to 2026-06-11 00:00:00+00:00, run_after=2026-06-12 00:00:00+00:00
[2026-06-12T11:34:31.508+0000] {processor.py:183} INFO - Processing /home/airflow/.local/lib/python3.8/site-packages/airflow/example_dags/tutorial.py took 0.124 seconds
[2026-06-12T11:35:01.922+0000] {processor.py:161} INFO - Started process (PID=4266) to work on /home/airflow/.local/lib/python3.8/site-packages/airflow/example_dags/tutorial.py
[2026-06-12T11:35:01.924+0000] {processor.py:830} INFO - Processing file /home/airflow/.local/lib/python3.8/site-packages/airflow/example_dags/tutorial.py for tasks to queue
[2026-06-12T11:35:01.927+0000] {logging_mixin.py:188} INFO - [2026-06-12T11:35:01.926+0000] {dagbag.py:538} INFO - Filling up the DagBag from /home/airflow/.local/lib/python3.8/site-packages/airflow/example_dags/tutorial.py
[2026-06-12T11:35:01.936+0000] {processor.py:840} INFO - DAG(s) 'tutorial' retrieved from /home/airflow/.local/lib/python3.8/site-packages/airflow/example_dags/tutorial.py
[2026-06-12T11:35:01.976+0000] {logging_mixin.py:188} INFO - [2026-06-12T11:35:01.976+0000] {dag.py:3036} INFO - Sync 1 DAGs
[2026-06-12T11:35:02.015+0000] {logging_mixin.py:188} INFO - [2026-06-12T11:35:02.014+0000] {dag.py:3823} INFO - Setting next_dagrun for tutorial to 2026-06-11 00:00:00+00:00, run_after=2026-06-12 00:00:00+00:00
[2026-06-12T11:35:02.053+0000] {processor.py:183} INFO - Processing /home/airflow/.local/lib/python3.8/site-packages/airflow/example_dags/tutorial.py took 0.141 seconds
[2026-06-12T11:35:32.478+0000] {processor.py:161} INFO - Started process (PID=4331) to work on /home/airflow/.local/lib/python3.8/site-packages/airflow/example_dags/tutorial.py
[2026-06-12T11:35:32.479+0000] {processor.py:830} INFO - Processing file /home/airflow/.local/lib/python3.8/site-packages/airflow/example_dags/tutorial.py for tasks to queue
[2026-06-12T11:35:32.482+0000] {logging_mixin.py:188} INFO - [2026-06-12T11:35:32.481+0000] {dagbag.py:538} INFO - Filling up the DagBag from /home/airflow/.local/lib/python3.8/site-packages/airflow/example_dags/tutorial.py
[2026-06-12T11:35:32.492+0000] {processor.py:840} INFO - DAG(s) 'tutorial' retrieved from /home/airflow/.local/lib/python3.8/site-packages/airflow/example_dags/tutorial.py
[2026-06-12T11:35:32.542+0000] {logging_mixin.py:188} INFO - [2026-06-12T11:35:32.542+0000] {dag.py:3036} INFO - Sync 1 DAGs
[2026-06-12T11:35:32.592+0000] {logging_mixin.py:188} INFO - [2026-06-12T11:35:32.591+0000] {dag.py:3823} INFO - Setting next_dagrun for tutorial to 2026-06-11 00:00:00+00:00, run_after=2026-06-12 00:00:00+00:00
[2026-06-12T11:35:32.628+0000] {processor.py:183} INFO - Processing /home/airflow/.local/lib/python3.8/site-packages/airflow/example_dags/tutorial.py took 0.156 seconds
[2026-06-12T11:36:02.883+0000] {processor.py:161} INFO - Started process (PID=4395) to work on /home/airflow/.local/lib/python3.8/site-packages/airflow/example_dags/tutorial.py
[2026-06-12T11:36:02.885+0000] {processor.py:830} INFO - Processing file /home/airflow/.local/lib/python3.8/site-packages/airflow/example_dags/tutorial.py for tasks to queue
[2026-06-12T11:36:02.889+0000] {logging_mixin.py:188} INFO - [2026-06-12T11:36:02.888+0000] {dagbag.py:538} INFO - Filling up the DagBag from /home/airflow/.local/lib/python3.8/site-packages/airflow/example_dags/tutorial.py
[2026-06-12T11:36:02.899+0000] {processor.py:840} INFO - DAG(s) 'tutorial' retrieved from /home/airflow/.local/lib/python3.8/site-packages/airflow/example_dags/tutorial.py
[2026-06-12T11:36:02.945+0000] {logging_mixin.py:188} INFO - [2026-06-12T11:36:02.945+0000] {dag.py:3036} INFO - Sync 1 DAGs
[2026-06-12T11:36:02.987+0000] {logging_mixin.py:188} INFO - [2026-06-12T11:36:02.986+0000] {dag.py:3823} INFO - Setting next_dagrun for tutorial to 2026-06-11 00:00:00+00:00, run_after=2026-06-12 00:00:00+00:00
[2026-06-12T11:36:03.021+0000] {processor.py:183} INFO - Processing /home/airflow/.local/lib/python3.8/site-packages/airflow/example_dags/tutorial.py took 0.142 seconds
[2026-06-12T11:36:33.444+0000] {processor.py:161} INFO - Started process (PID=4460) to work on /home/airflow/.local/lib/python3.8/site-packages/airflow/example_dags/tutorial.py
[2026-06-12T11:36:33.446+0000] {processor.py:830} INFO - Processing file /home/airflow/.local/lib/python3.8/site-packages/airflow/example_dags/tutorial.py for tasks to queue
[2026-06-12T11:36:33.449+0000] {logging_mixin.py:188} INFO - [2026-06-12T11:36:33.448+0000] {dagbag.py:538} INFO - Filling up the DagBag from /home/airflow/.local/lib/python3.8/site-packages/airflow/example_dags/tutorial.py
[2026-06-12T11:36:33.459+0000] {processor.py:840} INFO - DAG(s) 'tutorial' retrieved from /home/airflow/.local/lib/python3.8/site-packages/airflow/example_dags/tutorial.py
[2026-06-12T11:36:33.493+0000] {logging_mixin.py:188} INFO - [2026-06-12T11:36:33.493+0000] {dag.py:3036} INFO - Sync 1 DAGs
[2026-06-12T11:36:33.528+0000] {logging_mixin.py:188} INFO - [2026-06-12T11:36:33.528+0000] {dag.py:3823} INFO - Setting next_dagrun for tutorial to 2026-06-11 00:00:00+00:00, run_after=2026-06-12 00:00:00+00:00
[2026-06-12T11:36:33.559+0000] {processor.py:183} INFO - Processing /home/airflow/.local/lib/python3.8/site-packages/airflow/example_dags/tutorial.py took 0.120 seconds
[2026-06-12T11:37:03.806+0000] {processor.py:161} INFO - Started process (PID=4527) to work on /home/airflow/.local/lib/python3.8/site-packages/airflow/example_dags/tutorial.py
[2026-06-12T11:37:03.808+0000] {processor.py:830} INFO - Processing file /home/airflow/.local/lib/python3.8/site-packages/airflow/example_dags/tutorial.py for tasks to queue
[2026-06-12T11:37:03.811+0000] {logging_mixin.py:188} INFO - [2026-06-12T11:37:03.811+0000] {dagbag.py:538} INFO - Filling up the DagBag from /home/airflow/.local/lib/python3.8/site-packages/airflow/example_dags/tutorial.py
[2026-06-12T11:37:03.821+0000] {processor.py:840} INFO - DAG(s) 'tutorial' retrieved from /home/airflow/.local/lib/python3.8/site-packages/airflow/example_dags/tutorial.py
[2026-06-12T11:37:03.862+0000] {logging_mixin.py:188} INFO - [2026-06-12T11:37:03.862+0000] {dag.py:3036} INFO - Sync 1 DAGs
[2026-06-12T11:37:03.904+0000] {logging_mixin.py:188} INFO - [2026-06-12T11:37:03.903+0000] {dag.py:3823} INFO - Setting next_dagrun for tutorial to 2026-06-11 00:00:00+00:00, run_after=2026-06-12 00:00:00+00:00
[2026-06-12T11:37:03.936+0000] {processor.py:183} INFO - Processing /home/airflow/.local/lib/python3.8/site-packages/airflow/example_dags/tutorial.py took 0.136 seconds
