[2026-06-12T11:02:58.108+0000] {processor.py:161} INFO - Started process (PID=56) to work on /home/airflow/.local/lib/python3.8/site-packages/airflow/example_dags/tutorial_dag.py
[2026-06-12T11:02:58.110+0000] {processor.py:830} INFO - Processing file /home/airflow/.local/lib/python3.8/site-packages/airflow/example_dags/tutorial_dag.py for tasks to queue
[2026-06-12T11:02:58.113+0000] {logging_mixin.py:188} INFO - [2026-06-12T11:02:58.112+0000] {dagbag.py:538} INFO - Filling up the DagBag from /home/airflow/.local/lib/python3.8/site-packages/airflow/example_dags/tutorial_dag.py
[2026-06-12T11:02:58.135+0000] {processor.py:840} INFO - DAG(s) 'tutorial_dag' retrieved from /home/airflow/.local/lib/python3.8/site-packages/airflow/example_dags/tutorial_dag.py
[2026-06-12T11:02:58.205+0000] {logging_mixin.py:188} INFO - [2026-06-12T11:02:58.205+0000] {dag.py:3036} INFO - Sync 1 DAGs
[2026-06-12T11:02:58.271+0000] {logging_mixin.py:188} INFO - [2026-06-12T11:02:58.270+0000] {dag.py:3823} INFO - Setting next_dagrun for tutorial_dag to None, run_after=None
[2026-06-12T11:02:58.361+0000] {processor.py:183} INFO - Processing /home/airflow/.local/lib/python3.8/site-packages/airflow/example_dags/tutorial_dag.py took 0.267 seconds
[2026-06-12T11:03:28.728+0000] {processor.py:161} INFO - Started process (PID=122) to work on /home/airflow/.local/lib/python3.8/site-packages/airflow/example_dags/tutorial_dag.py
[2026-06-12T11:03:28.730+0000] {processor.py:830} INFO - Processing file /home/airflow/.local/lib/python3.8/site-packages/airflow/example_dags/tutorial_dag.py for tasks to queue
[2026-06-12T11:03:28.733+0000] {logging_mixin.py:188} INFO - [2026-06-12T11:03:28.732+0000] {dagbag.py:538} INFO - Filling up the DagBag from /home/airflow/.local/lib/python3.8/site-packages/airflow/example_dags/tutorial_dag.py
[2026-06-12T11:03:28.742+0000] {processor.py:840} INFO - DAG(s) 'tutorial_dag' retrieved from /home/airflow/.local/lib/python3.8/site-packages/airflow/example_dags/tutorial_dag.py
[2026-06-12T11:03:28.984+0000] {logging_mixin.py:188} INFO - [2026-06-12T11:03:28.984+0000] {dag.py:3036} INFO - Sync 1 DAGs
[2026-06-12T11:03:29.005+0000] {logging_mixin.py:188} INFO - [2026-06-12T11:03:29.005+0000] {dag.py:3823} INFO - Setting next_dagrun for tutorial_dag to None, run_after=None
[2026-06-12T11:03:29.057+0000] {processor.py:183} INFO - Processing /home/airflow/.local/lib/python3.8/site-packages/airflow/example_dags/tutorial_dag.py took 0.335 seconds
[2026-06-12T11:03:59.212+0000] {processor.py:161} INFO - Started process (PID=188) to work on /home/airflow/.local/lib/python3.8/site-packages/airflow/example_dags/tutorial_dag.py
[2026-06-12T11:03:59.215+0000] {processor.py:830} INFO - Processing file /home/airflow/.local/lib/python3.8/site-packages/airflow/example_dags/tutorial_dag.py for tasks to queue
[2026-06-12T11:03:59.218+0000] {logging_mixin.py:188} INFO - [2026-06-12T11:03:59.217+0000] {dagbag.py:538} INFO - Filling up the DagBag from /home/airflow/.local/lib/python3.8/site-packages/airflow/example_dags/tutorial_dag.py
[2026-06-12T11:03:59.227+0000] {processor.py:840} INFO - DAG(s) 'tutorial_dag' retrieved from /home/airflow/.local/lib/python3.8/site-packages/airflow/example_dags/tutorial_dag.py
[2026-06-12T11:03:59.270+0000] {logging_mixin.py:188} INFO - [2026-06-12T11:03:59.270+0000] {dag.py:3036} INFO - Sync 1 DAGs
[2026-06-12T11:03:59.296+0000] {logging_mixin.py:188} INFO - [2026-06-12T11:03:59.296+0000] {dag.py:3823} INFO - Setting next_dagrun for tutorial_dag to None, run_after=None
[2026-06-12T11:03:59.331+0000] {processor.py:183} INFO - Processing /home/airflow/.local/lib/python3.8/site-packages/airflow/example_dags/tutorial_dag.py took 0.125 seconds
[2026-06-12T11:04:29.612+0000] {processor.py:161} INFO - Started process (PID=255) to work on /home/airflow/.local/lib/python3.8/site-packages/airflow/example_dags/tutorial_dag.py
[2026-06-12T11:04:29.613+0000] {processor.py:830} INFO - Processing file /home/airflow/.local/lib/python3.8/site-packages/airflow/example_dags/tutorial_dag.py for tasks to queue
[2026-06-12T11:04:29.616+0000] {logging_mixin.py:188} INFO - [2026-06-12T11:04:29.616+0000] {dagbag.py:538} INFO - Filling up the DagBag from /home/airflow/.local/lib/python3.8/site-packages/airflow/example_dags/tutorial_dag.py
[2026-06-12T11:04:29.626+0000] {processor.py:840} INFO - DAG(s) 'tutorial_dag' retrieved from /home/airflow/.local/lib/python3.8/site-packages/airflow/example_dags/tutorial_dag.py
[2026-06-12T11:04:29.668+0000] {logging_mixin.py:188} INFO - [2026-06-12T11:04:29.668+0000] {dag.py:3036} INFO - Sync 1 DAGs
[2026-06-12T11:04:29.693+0000] {logging_mixin.py:188} INFO - [2026-06-12T11:04:29.693+0000] {dag.py:3823} INFO - Setting next_dagrun for tutorial_dag to None, run_after=None
[2026-06-12T11:04:29.729+0000] {processor.py:183} INFO - Processing /home/airflow/.local/lib/python3.8/site-packages/airflow/example_dags/tutorial_dag.py took 0.123 seconds
[2026-06-12T11:04:59.932+0000] {processor.py:161} INFO - Started process (PID=321) to work on /home/airflow/.local/lib/python3.8/site-packages/airflow/example_dags/tutorial_dag.py
[2026-06-12T11:04:59.934+0000] {processor.py:830} INFO - Processing file /home/airflow/.local/lib/python3.8/site-packages/airflow/example_dags/tutorial_dag.py for tasks to queue
[2026-06-12T11:04:59.936+0000] {logging_mixin.py:188} INFO - [2026-06-12T11:04:59.935+0000] {dagbag.py:538} INFO - Filling up the DagBag from /home/airflow/.local/lib/python3.8/site-packages/airflow/example_dags/tutorial_dag.py
[2026-06-12T11:04:59.943+0000] {processor.py:840} INFO - DAG(s) 'tutorial_dag' retrieved from /home/airflow/.local/lib/python3.8/site-packages/airflow/example_dags/tutorial_dag.py
[2026-06-12T11:04:59.976+0000] {logging_mixin.py:188} INFO - [2026-06-12T11:04:59.975+0000] {dag.py:3036} INFO - Sync 1 DAGs
[2026-06-12T11:04:59.994+0000] {logging_mixin.py:188} INFO - [2026-06-12T11:04:59.994+0000] {dag.py:3823} INFO - Setting next_dagrun for tutorial_dag to None, run_after=None
[2026-06-12T11:05:00.025+0000] {processor.py:183} INFO - Processing /home/airflow/.local/lib/python3.8/site-packages/airflow/example_dags/tutorial_dag.py took 0.098 seconds
[2026-06-12T11:05:30.494+0000] {processor.py:161} INFO - Started process (PID=387) to work on /home/airflow/.local/lib/python3.8/site-packages/airflow/example_dags/tutorial_dag.py
[2026-06-12T11:05:30.496+0000] {processor.py:830} INFO - Processing file /home/airflow/.local/lib/python3.8/site-packages/airflow/example_dags/tutorial_dag.py for tasks to queue
[2026-06-12T11:05:30.499+0000] {logging_mixin.py:188} INFO - [2026-06-12T11:05:30.498+0000] {dagbag.py:538} INFO - Filling up the DagBag from /home/airflow/.local/lib/python3.8/site-packages/airflow/example_dags/tutorial_dag.py
[2026-06-12T11:05:30.506+0000] {processor.py:840} INFO - DAG(s) 'tutorial_dag' retrieved from /home/airflow/.local/lib/python3.8/site-packages/airflow/example_dags/tutorial_dag.py
[2026-06-12T11:05:30.541+0000] {logging_mixin.py:188} INFO - [2026-06-12T11:05:30.540+0000] {dag.py:3036} INFO - Sync 1 DAGs
[2026-06-12T11:05:30.561+0000] {logging_mixin.py:188} INFO - [2026-06-12T11:05:30.560+0000] {dag.py:3823} INFO - Setting next_dagrun for tutorial_dag to None, run_after=None
[2026-06-12T11:05:30.591+0000] {processor.py:183} INFO - Processing /home/airflow/.local/lib/python3.8/site-packages/airflow/example_dags/tutorial_dag.py took 0.101 seconds
[2026-06-12T11:06:00.901+0000] {processor.py:161} INFO - Started process (PID=453) to work on /home/airflow/.local/lib/python3.8/site-packages/airflow/example_dags/tutorial_dag.py
[2026-06-12T11:06:00.903+0000] {processor.py:830} INFO - Processing file /home/airflow/.local/lib/python3.8/site-packages/airflow/example_dags/tutorial_dag.py for tasks to queue
[2026-06-12T11:06:00.906+0000] {logging_mixin.py:188} INFO - [2026-06-12T11:06:00.905+0000] {dagbag.py:538} INFO - Filling up the DagBag from /home/airflow/.local/lib/python3.8/site-packages/airflow/example_dags/tutorial_dag.py
[2026-06-12T11:06:00.914+0000] {processor.py:840} INFO - DAG(s) 'tutorial_dag' retrieved from /home/airflow/.local/lib/python3.8/site-packages/airflow/example_dags/tutorial_dag.py
[2026-06-12T11:06:00.951+0000] {logging_mixin.py:188} INFO - [2026-06-12T11:06:00.951+0000] {dag.py:3036} INFO - Sync 1 DAGs
[2026-06-12T11:06:00.975+0000] {logging_mixin.py:188} INFO - [2026-06-12T11:06:00.974+0000] {dag.py:3823} INFO - Setting next_dagrun for tutorial_dag to None, run_after=None
[2026-06-12T11:06:01.007+0000] {processor.py:183} INFO - Processing /home/airflow/.local/lib/python3.8/site-packages/airflow/example_dags/tutorial_dag.py took 0.111 seconds
[2026-06-12T11:06:31.337+0000] {processor.py:161} INFO - Started process (PID=518) to work on /home/airflow/.local/lib/python3.8/site-packages/airflow/example_dags/tutorial_dag.py
[2026-06-12T11:06:31.338+0000] {processor.py:830} INFO - Processing file /home/airflow/.local/lib/python3.8/site-packages/airflow/example_dags/tutorial_dag.py for tasks to queue
[2026-06-12T11:06:31.340+0000] {logging_mixin.py:188} INFO - [2026-06-12T11:06:31.340+0000] {dagbag.py:538} INFO - Filling up the DagBag from /home/airflow/.local/lib/python3.8/site-packages/airflow/example_dags/tutorial_dag.py
[2026-06-12T11:06:31.348+0000] {processor.py:840} INFO - DAG(s) 'tutorial_dag' retrieved from /home/airflow/.local/lib/python3.8/site-packages/airflow/example_dags/tutorial_dag.py
[2026-06-12T11:06:31.384+0000] {logging_mixin.py:188} INFO - [2026-06-12T11:06:31.384+0000] {dag.py:3036} INFO - Sync 1 DAGs
[2026-06-12T11:06:31.404+0000] {logging_mixin.py:188} INFO - [2026-06-12T11:06:31.404+0000] {dag.py:3823} INFO - Setting next_dagrun for tutorial_dag to None, run_after=None
[2026-06-12T11:06:31.432+0000] {processor.py:183} INFO - Processing /home/airflow/.local/lib/python3.8/site-packages/airflow/example_dags/tutorial_dag.py took 0.100 seconds
[2026-06-12T11:07:01.731+0000] {processor.py:161} INFO - Started process (PID=583) to work on /home/airflow/.local/lib/python3.8/site-packages/airflow/example_dags/tutorial_dag.py
[2026-06-12T11:07:01.733+0000] {processor.py:830} INFO - Processing file /home/airflow/.local/lib/python3.8/site-packages/airflow/example_dags/tutorial_dag.py for tasks to queue
[2026-06-12T11:07:01.736+0000] {logging_mixin.py:188} INFO - [2026-06-12T11:07:01.735+0000] {dagbag.py:538} INFO - Filling up the DagBag from /home/airflow/.local/lib/python3.8/site-packages/airflow/example_dags/tutorial_dag.py
[2026-06-12T11:07:01.743+0000] {processor.py:840} INFO - DAG(s) 'tutorial_dag' retrieved from /home/airflow/.local/lib/python3.8/site-packages/airflow/example_dags/tutorial_dag.py
[2026-06-12T11:07:01.779+0000] {logging_mixin.py:188} INFO - [2026-06-12T11:07:01.778+0000] {dag.py:3036} INFO - Sync 1 DAGs
[2026-06-12T11:07:01.803+0000] {logging_mixin.py:188} INFO - [2026-06-12T11:07:01.802+0000] {dag.py:3823} INFO - Setting next_dagrun for tutorial_dag to None, run_after=None
[2026-06-12T11:07:01.835+0000] {processor.py:183} INFO - Processing /home/airflow/.local/lib/python3.8/site-packages/airflow/example_dags/tutorial_dag.py took 0.109 seconds
[2026-06-12T11:07:31.970+0000] {processor.py:161} INFO - Started process (PID=648) to work on /home/airflow/.local/lib/python3.8/site-packages/airflow/example_dags/tutorial_dag.py
[2026-06-12T11:07:31.971+0000] {processor.py:830} INFO - Processing file /home/airflow/.local/lib/python3.8/site-packages/airflow/example_dags/tutorial_dag.py for tasks to queue
[2026-06-12T11:07:31.974+0000] {logging_mixin.py:188} INFO - [2026-06-12T11:07:31.974+0000] {dagbag.py:538} INFO - Filling up the DagBag from /home/airflow/.local/lib/python3.8/site-packages/airflow/example_dags/tutorial_dag.py
[2026-06-12T11:07:31.983+0000] {processor.py:840} INFO - DAG(s) 'tutorial_dag' retrieved from /home/airflow/.local/lib/python3.8/site-packages/airflow/example_dags/tutorial_dag.py
[2026-06-12T11:07:32.021+0000] {logging_mixin.py:188} INFO - [2026-06-12T11:07:32.020+0000] {dag.py:3036} INFO - Sync 1 DAGs
[2026-06-12T11:07:32.041+0000] {logging_mixin.py:188} INFO - [2026-06-12T11:07:32.041+0000] {dag.py:3823} INFO - Setting next_dagrun for tutorial_dag to None, run_after=None
[2026-06-12T11:07:32.071+0000] {processor.py:183} INFO - Processing /home/airflow/.local/lib/python3.8/site-packages/airflow/example_dags/tutorial_dag.py took 0.106 seconds
[2026-06-12T11:08:02.344+0000] {processor.py:161} INFO - Started process (PID=721) to work on /home/airflow/.local/lib/python3.8/site-packages/airflow/example_dags/tutorial_dag.py
[2026-06-12T11:08:02.345+0000] {processor.py:830} INFO - Processing file /home/airflow/.local/lib/python3.8/site-packages/airflow/example_dags/tutorial_dag.py for tasks to queue
[2026-06-12T11:08:02.347+0000] {logging_mixin.py:188} INFO - [2026-06-12T11:08:02.347+0000] {dagbag.py:538} INFO - Filling up the DagBag from /home/airflow/.local/lib/python3.8/site-packages/airflow/example_dags/tutorial_dag.py
[2026-06-12T11:08:02.355+0000] {processor.py:840} INFO - DAG(s) 'tutorial_dag' retrieved from /home/airflow/.local/lib/python3.8/site-packages/airflow/example_dags/tutorial_dag.py
[2026-06-12T11:08:02.393+0000] {logging_mixin.py:188} INFO - [2026-06-12T11:08:02.393+0000] {dag.py:3036} INFO - Sync 1 DAGs
[2026-06-12T11:08:02.414+0000] {logging_mixin.py:188} INFO - [2026-06-12T11:08:02.414+0000] {dag.py:3823} INFO - Setting next_dagrun for tutorial_dag to None, run_after=None
[2026-06-12T11:08:02.446+0000] {processor.py:183} INFO - Processing /home/airflow/.local/lib/python3.8/site-packages/airflow/example_dags/tutorial_dag.py took 0.108 seconds
[2026-06-12T11:08:32.811+0000] {processor.py:161} INFO - Started process (PID=789) to work on /home/airflow/.local/lib/python3.8/site-packages/airflow/example_dags/tutorial_dag.py
[2026-06-12T11:08:32.813+0000] {processor.py:830} INFO - Processing file /home/airflow/.local/lib/python3.8/site-packages/airflow/example_dags/tutorial_dag.py for tasks to queue
[2026-06-12T11:08:32.815+0000] {logging_mixin.py:188} INFO - [2026-06-12T11:08:32.815+0000] {dagbag.py:538} INFO - Filling up the DagBag from /home/airflow/.local/lib/python3.8/site-packages/airflow/example_dags/tutorial_dag.py
[2026-06-12T11:08:32.824+0000] {processor.py:840} INFO - DAG(s) 'tutorial_dag' retrieved from /home/airflow/.local/lib/python3.8/site-packages/airflow/example_dags/tutorial_dag.py
[2026-06-12T11:08:32.867+0000] {logging_mixin.py:188} INFO - [2026-06-12T11:08:32.867+0000] {dag.py:3036} INFO - Sync 1 DAGs
[2026-06-12T11:08:32.891+0000] {logging_mixin.py:188} INFO - [2026-06-12T11:08:32.891+0000] {dag.py:3823} INFO - Setting next_dagrun for tutorial_dag to None, run_after=None
[2026-06-12T11:08:32.937+0000] {processor.py:183} INFO - Processing /home/airflow/.local/lib/python3.8/site-packages/airflow/example_dags/tutorial_dag.py took 0.131 seconds
[2026-06-12T11:09:03.200+0000] {processor.py:161} INFO - Started process (PID=854) to work on /home/airflow/.local/lib/python3.8/site-packages/airflow/example_dags/tutorial_dag.py
[2026-06-12T11:09:03.201+0000] {processor.py:830} INFO - Processing file /home/airflow/.local/lib/python3.8/site-packages/airflow/example_dags/tutorial_dag.py for tasks to queue
[2026-06-12T11:09:03.204+0000] {logging_mixin.py:188} INFO - [2026-06-12T11:09:03.203+0000] {dagbag.py:538} INFO - Filling up the DagBag from /home/airflow/.local/lib/python3.8/site-packages/airflow/example_dags/tutorial_dag.py
[2026-06-12T11:09:03.211+0000] {processor.py:840} INFO - DAG(s) 'tutorial_dag' retrieved from /home/airflow/.local/lib/python3.8/site-packages/airflow/example_dags/tutorial_dag.py
[2026-06-12T11:09:03.246+0000] {logging_mixin.py:188} INFO - [2026-06-12T11:09:03.246+0000] {dag.py:3036} INFO - Sync 1 DAGs
[2026-06-12T11:09:03.266+0000] {logging_mixin.py:188} INFO - [2026-06-12T11:09:03.265+0000] {dag.py:3823} INFO - Setting next_dagrun for tutorial_dag to None, run_after=None
[2026-06-12T11:09:03.293+0000] {processor.py:183} INFO - Processing /home/airflow/.local/lib/python3.8/site-packages/airflow/example_dags/tutorial_dag.py took 0.099 seconds
[2026-06-12T11:09:33.802+0000] {processor.py:161} INFO - Started process (PID=921) to work on /home/airflow/.local/lib/python3.8/site-packages/airflow/example_dags/tutorial_dag.py
[2026-06-12T11:09:33.804+0000] {processor.py:830} INFO - Processing file /home/airflow/.local/lib/python3.8/site-packages/airflow/example_dags/tutorial_dag.py for tasks to queue
[2026-06-12T11:09:33.808+0000] {logging_mixin.py:188} INFO - [2026-06-12T11:09:33.807+0000] {dagbag.py:538} INFO - Filling up the DagBag from /home/airflow/.local/lib/python3.8/site-packages/airflow/example_dags/tutorial_dag.py
[2026-06-12T11:09:33.816+0000] {processor.py:840} INFO - DAG(s) 'tutorial_dag' retrieved from /home/airflow/.local/lib/python3.8/site-packages/airflow/example_dags/tutorial_dag.py
[2026-06-12T11:09:33.854+0000] {logging_mixin.py:188} INFO - [2026-06-12T11:09:33.854+0000] {dag.py:3036} INFO - Sync 1 DAGs
[2026-06-12T11:09:33.878+0000] {logging_mixin.py:188} INFO - [2026-06-12T11:09:33.878+0000] {dag.py:3823} INFO - Setting next_dagrun for tutorial_dag to None, run_after=None
[2026-06-12T11:09:33.911+0000] {processor.py:183} INFO - Processing /home/airflow/.local/lib/python3.8/site-packages/airflow/example_dags/tutorial_dag.py took 0.114 seconds
[2026-06-12T11:10:04.014+0000] {processor.py:161} INFO - Started process (PID=986) to work on /home/airflow/.local/lib/python3.8/site-packages/airflow/example_dags/tutorial_dag.py
[2026-06-12T11:10:04.016+0000] {processor.py:830} INFO - Processing file /home/airflow/.local/lib/python3.8/site-packages/airflow/example_dags/tutorial_dag.py for tasks to queue
[2026-06-12T11:10:04.019+0000] {logging_mixin.py:188} INFO - [2026-06-12T11:10:04.019+0000] {dagbag.py:538} INFO - Filling up the DagBag from /home/airflow/.local/lib/python3.8/site-packages/airflow/example_dags/tutorial_dag.py
[2026-06-12T11:10:04.028+0000] {processor.py:840} INFO - DAG(s) 'tutorial_dag' retrieved from /home/airflow/.local/lib/python3.8/site-packages/airflow/example_dags/tutorial_dag.py
[2026-06-12T11:10:04.070+0000] {logging_mixin.py:188} INFO - [2026-06-12T11:10:04.069+0000] {dag.py:3036} INFO - Sync 1 DAGs
[2026-06-12T11:10:04.095+0000] {logging_mixin.py:188} INFO - [2026-06-12T11:10:04.095+0000] {dag.py:3823} INFO - Setting next_dagrun for tutorial_dag to None, run_after=None
[2026-06-12T11:10:04.133+0000] {processor.py:183} INFO - Processing /home/airflow/.local/lib/python3.8/site-packages/airflow/example_dags/tutorial_dag.py took 0.126 seconds
[2026-06-12T11:10:34.631+0000] {processor.py:161} INFO - Started process (PID=1051) to work on /home/airflow/.local/lib/python3.8/site-packages/airflow/example_dags/tutorial_dag.py
[2026-06-12T11:10:34.632+0000] {processor.py:830} INFO - Processing file /home/airflow/.local/lib/python3.8/site-packages/airflow/example_dags/tutorial_dag.py for tasks to queue
[2026-06-12T11:10:34.634+0000] {logging_mixin.py:188} INFO - [2026-06-12T11:10:34.634+0000] {dagbag.py:538} INFO - Filling up the DagBag from /home/airflow/.local/lib/python3.8/site-packages/airflow/example_dags/tutorial_dag.py
[2026-06-12T11:10:34.642+0000] {processor.py:840} INFO - DAG(s) 'tutorial_dag' retrieved from /home/airflow/.local/lib/python3.8/site-packages/airflow/example_dags/tutorial_dag.py
[2026-06-12T11:10:34.689+0000] {logging_mixin.py:188} INFO - [2026-06-12T11:10:34.688+0000] {dag.py:3036} INFO - Sync 1 DAGs
[2026-06-12T11:10:34.716+0000] {logging_mixin.py:188} INFO - [2026-06-12T11:10:34.716+0000] {dag.py:3823} INFO - Setting next_dagrun for tutorial_dag to None, run_after=None
[2026-06-12T11:10:34.752+0000] {processor.py:183} INFO - Processing /home/airflow/.local/lib/python3.8/site-packages/airflow/example_dags/tutorial_dag.py took 0.126 seconds
[2026-06-12T11:11:04.925+0000] {processor.py:161} INFO - Started process (PID=1117) to work on /home/airflow/.local/lib/python3.8/site-packages/airflow/example_dags/tutorial_dag.py
[2026-06-12T11:11:04.927+0000] {processor.py:830} INFO - Processing file /home/airflow/.local/lib/python3.8/site-packages/airflow/example_dags/tutorial_dag.py for tasks to queue
[2026-06-12T11:11:04.929+0000] {logging_mixin.py:188} INFO - [2026-06-12T11:11:04.929+0000] {dagbag.py:538} INFO - Filling up the DagBag from /home/airflow/.local/lib/python3.8/site-packages/airflow/example_dags/tutorial_dag.py
[2026-06-12T11:11:04.936+0000] {processor.py:840} INFO - DAG(s) 'tutorial_dag' retrieved from /home/airflow/.local/lib/python3.8/site-packages/airflow/example_dags/tutorial_dag.py
[2026-06-12T11:11:04.970+0000] {logging_mixin.py:188} INFO - [2026-06-12T11:11:04.970+0000] {dag.py:3036} INFO - Sync 1 DAGs
[2026-06-12T11:11:04.989+0000] {logging_mixin.py:188} INFO - [2026-06-12T11:11:04.988+0000] {dag.py:3823} INFO - Setting next_dagrun for tutorial_dag to None, run_after=None
[2026-06-12T11:11:05.019+0000] {processor.py:183} INFO - Processing /home/airflow/.local/lib/python3.8/site-packages/airflow/example_dags/tutorial_dag.py took 0.099 seconds
[2026-06-12T11:11:35.136+0000] {processor.py:161} INFO - Started process (PID=1184) to work on /home/airflow/.local/lib/python3.8/site-packages/airflow/example_dags/tutorial_dag.py
[2026-06-12T11:11:35.138+0000] {processor.py:830} INFO - Processing file /home/airflow/.local/lib/python3.8/site-packages/airflow/example_dags/tutorial_dag.py for tasks to queue
[2026-06-12T11:11:35.140+0000] {logging_mixin.py:188} INFO - [2026-06-12T11:11:35.140+0000] {dagbag.py:538} INFO - Filling up the DagBag from /home/airflow/.local/lib/python3.8/site-packages/airflow/example_dags/tutorial_dag.py
[2026-06-12T11:11:35.149+0000] {processor.py:840} INFO - DAG(s) 'tutorial_dag' retrieved from /home/airflow/.local/lib/python3.8/site-packages/airflow/example_dags/tutorial_dag.py
[2026-06-12T11:11:35.184+0000] {logging_mixin.py:188} INFO - [2026-06-12T11:11:35.184+0000] {dag.py:3036} INFO - Sync 1 DAGs
[2026-06-12T11:11:35.203+0000] {logging_mixin.py:188} INFO - [2026-06-12T11:11:35.203+0000] {dag.py:3823} INFO - Setting next_dagrun for tutorial_dag to None, run_after=None
[2026-06-12T11:11:35.229+0000] {processor.py:183} INFO - Processing /home/airflow/.local/lib/python3.8/site-packages/airflow/example_dags/tutorial_dag.py took 0.098 seconds
[2026-06-12T11:12:05.351+0000] {processor.py:161} INFO - Started process (PID=1257) to work on /home/airflow/.local/lib/python3.8/site-packages/airflow/example_dags/tutorial_dag.py
[2026-06-12T11:12:05.352+0000] {processor.py:830} INFO - Processing file /home/airflow/.local/lib/python3.8/site-packages/airflow/example_dags/tutorial_dag.py for tasks to queue
[2026-06-12T11:12:05.355+0000] {logging_mixin.py:188} INFO - [2026-06-12T11:12:05.354+0000] {dagbag.py:538} INFO - Filling up the DagBag from /home/airflow/.local/lib/python3.8/site-packages/airflow/example_dags/tutorial_dag.py
[2026-06-12T11:12:05.363+0000] {processor.py:840} INFO - DAG(s) 'tutorial_dag' retrieved from /home/airflow/.local/lib/python3.8/site-packages/airflow/example_dags/tutorial_dag.py
[2026-06-12T11:12:05.396+0000] {logging_mixin.py:188} INFO - [2026-06-12T11:12:05.395+0000] {dag.py:3036} INFO - Sync 1 DAGs
[2026-06-12T11:12:05.418+0000] {logging_mixin.py:188} INFO - [2026-06-12T11:12:05.418+0000] {dag.py:3823} INFO - Setting next_dagrun for tutorial_dag to None, run_after=None
[2026-06-12T11:12:05.448+0000] {processor.py:183} INFO - Processing /home/airflow/.local/lib/python3.8/site-packages/airflow/example_dags/tutorial_dag.py took 0.101 seconds
[2026-06-12T11:12:35.641+0000] {processor.py:161} INFO - Started process (PID=1325) to work on /home/airflow/.local/lib/python3.8/site-packages/airflow/example_dags/tutorial_dag.py
[2026-06-12T11:12:35.643+0000] {processor.py:830} INFO - Processing file /home/airflow/.local/lib/python3.8/site-packages/airflow/example_dags/tutorial_dag.py for tasks to queue
[2026-06-12T11:12:35.645+0000] {logging_mixin.py:188} INFO - [2026-06-12T11:12:35.645+0000] {dagbag.py:538} INFO - Filling up the DagBag from /home/airflow/.local/lib/python3.8/site-packages/airflow/example_dags/tutorial_dag.py
[2026-06-12T11:12:35.653+0000] {processor.py:840} INFO - DAG(s) 'tutorial_dag' retrieved from /home/airflow/.local/lib/python3.8/site-packages/airflow/example_dags/tutorial_dag.py
[2026-06-12T11:12:35.692+0000] {logging_mixin.py:188} INFO - [2026-06-12T11:12:35.692+0000] {dag.py:3036} INFO - Sync 1 DAGs
[2026-06-12T11:12:35.717+0000] {logging_mixin.py:188} INFO - [2026-06-12T11:12:35.716+0000] {dag.py:3823} INFO - Setting next_dagrun for tutorial_dag to None, run_after=None
[2026-06-12T11:12:35.750+0000] {processor.py:183} INFO - Processing /home/airflow/.local/lib/python3.8/site-packages/airflow/example_dags/tutorial_dag.py took 0.114 seconds
[2026-06-12T11:13:06.732+0000] {processor.py:161} INFO - Started process (PID=1391) to work on /home/airflow/.local/lib/python3.8/site-packages/airflow/example_dags/tutorial_dag.py
[2026-06-12T11:13:06.734+0000] {processor.py:830} INFO - Processing file /home/airflow/.local/lib/python3.8/site-packages/airflow/example_dags/tutorial_dag.py for tasks to queue
[2026-06-12T11:13:06.737+0000] {logging_mixin.py:188} INFO - [2026-06-12T11:13:06.736+0000] {dagbag.py:538} INFO - Filling up the DagBag from /home/airflow/.local/lib/python3.8/site-packages/airflow/example_dags/tutorial_dag.py
[2026-06-12T11:13:06.746+0000] {processor.py:840} INFO - DAG(s) 'tutorial_dag' retrieved from /home/airflow/.local/lib/python3.8/site-packages/airflow/example_dags/tutorial_dag.py
[2026-06-12T11:13:06.788+0000] {logging_mixin.py:188} INFO - [2026-06-12T11:13:06.787+0000] {dag.py:3036} INFO - Sync 1 DAGs
[2026-06-12T11:13:06.812+0000] {logging_mixin.py:188} INFO - [2026-06-12T11:13:06.811+0000] {dag.py:3823} INFO - Setting next_dagrun for tutorial_dag to None, run_after=None
[2026-06-12T11:13:06.847+0000] {processor.py:183} INFO - Processing /home/airflow/.local/lib/python3.8/site-packages/airflow/example_dags/tutorial_dag.py took 0.121 seconds
[2026-06-12T11:13:37.416+0000] {processor.py:161} INFO - Started process (PID=1457) to work on /home/airflow/.local/lib/python3.8/site-packages/airflow/example_dags/tutorial_dag.py
[2026-06-12T11:13:37.417+0000] {processor.py:830} INFO - Processing file /home/airflow/.local/lib/python3.8/site-packages/airflow/example_dags/tutorial_dag.py for tasks to queue
[2026-06-12T11:13:37.419+0000] {logging_mixin.py:188} INFO - [2026-06-12T11:13:37.419+0000] {dagbag.py:538} INFO - Filling up the DagBag from /home/airflow/.local/lib/python3.8/site-packages/airflow/example_dags/tutorial_dag.py
[2026-06-12T11:13:37.427+0000] {processor.py:840} INFO - DAG(s) 'tutorial_dag' retrieved from /home/airflow/.local/lib/python3.8/site-packages/airflow/example_dags/tutorial_dag.py
[2026-06-12T11:13:37.469+0000] {logging_mixin.py:188} INFO - [2026-06-12T11:13:37.468+0000] {dag.py:3036} INFO - Sync 1 DAGs
[2026-06-12T11:13:37.489+0000] {logging_mixin.py:188} INFO - [2026-06-12T11:13:37.489+0000] {dag.py:3823} INFO - Setting next_dagrun for tutorial_dag to None, run_after=None
[2026-06-12T11:13:37.515+0000] {processor.py:183} INFO - Processing /home/airflow/.local/lib/python3.8/site-packages/airflow/example_dags/tutorial_dag.py took 0.104 seconds
[2026-06-12T11:14:08.247+0000] {processor.py:161} INFO - Started process (PID=1524) to work on /home/airflow/.local/lib/python3.8/site-packages/airflow/example_dags/tutorial_dag.py
[2026-06-12T11:14:08.249+0000] {processor.py:830} INFO - Processing file /home/airflow/.local/lib/python3.8/site-packages/airflow/example_dags/tutorial_dag.py for tasks to queue
[2026-06-12T11:14:08.252+0000] {logging_mixin.py:188} INFO - [2026-06-12T11:14:08.252+0000] {dagbag.py:538} INFO - Filling up the DagBag from /home/airflow/.local/lib/python3.8/site-packages/airflow/example_dags/tutorial_dag.py
[2026-06-12T11:14:08.260+0000] {processor.py:840} INFO - DAG(s) 'tutorial_dag' retrieved from /home/airflow/.local/lib/python3.8/site-packages/airflow/example_dags/tutorial_dag.py
[2026-06-12T11:14:08.299+0000] {logging_mixin.py:188} INFO - [2026-06-12T11:14:08.298+0000] {dag.py:3036} INFO - Sync 1 DAGs
[2026-06-12T11:14:08.321+0000] {logging_mixin.py:188} INFO - [2026-06-12T11:14:08.320+0000] {dag.py:3823} INFO - Setting next_dagrun for tutorial_dag to None, run_after=None
[2026-06-12T11:14:08.354+0000] {processor.py:183} INFO - Processing /home/airflow/.local/lib/python3.8/site-packages/airflow/example_dags/tutorial_dag.py took 0.111 seconds
[2026-06-12T11:14:39.046+0000] {processor.py:161} INFO - Started process (PID=1590) to work on /home/airflow/.local/lib/python3.8/site-packages/airflow/example_dags/tutorial_dag.py
[2026-06-12T11:14:39.048+0000] {processor.py:830} INFO - Processing file /home/airflow/.local/lib/python3.8/site-packages/airflow/example_dags/tutorial_dag.py for tasks to queue
[2026-06-12T11:14:39.052+0000] {logging_mixin.py:188} INFO - [2026-06-12T11:14:39.051+0000] {dagbag.py:538} INFO - Filling up the DagBag from /home/airflow/.local/lib/python3.8/site-packages/airflow/example_dags/tutorial_dag.py
[2026-06-12T11:14:39.060+0000] {processor.py:840} INFO - DAG(s) 'tutorial_dag' retrieved from /home/airflow/.local/lib/python3.8/site-packages/airflow/example_dags/tutorial_dag.py
[2026-06-12T11:14:39.097+0000] {logging_mixin.py:188} INFO - [2026-06-12T11:14:39.097+0000] {dag.py:3036} INFO - Sync 1 DAGs
[2026-06-12T11:14:39.118+0000] {logging_mixin.py:188} INFO - [2026-06-12T11:14:39.118+0000] {dag.py:3823} INFO - Setting next_dagrun for tutorial_dag to None, run_after=None
[2026-06-12T11:14:39.149+0000] {processor.py:183} INFO - Processing /home/airflow/.local/lib/python3.8/site-packages/airflow/example_dags/tutorial_dag.py took 0.108 seconds
[2026-06-12T11:15:09.276+0000] {processor.py:161} INFO - Started process (PID=1656) to work on /home/airflow/.local/lib/python3.8/site-packages/airflow/example_dags/tutorial_dag.py
[2026-06-12T11:15:09.277+0000] {processor.py:830} INFO - Processing file /home/airflow/.local/lib/python3.8/site-packages/airflow/example_dags/tutorial_dag.py for tasks to queue
[2026-06-12T11:15:09.279+0000] {logging_mixin.py:188} INFO - [2026-06-12T11:15:09.279+0000] {dagbag.py:538} INFO - Filling up the DagBag from /home/airflow/.local/lib/python3.8/site-packages/airflow/example_dags/tutorial_dag.py
[2026-06-12T11:15:09.287+0000] {processor.py:840} INFO - DAG(s) 'tutorial_dag' retrieved from /home/airflow/.local/lib/python3.8/site-packages/airflow/example_dags/tutorial_dag.py
[2026-06-12T11:15:09.325+0000] {logging_mixin.py:188} INFO - [2026-06-12T11:15:09.324+0000] {dag.py:3036} INFO - Sync 1 DAGs
[2026-06-12T11:15:09.345+0000] {logging_mixin.py:188} INFO - [2026-06-12T11:15:09.345+0000] {dag.py:3823} INFO - Setting next_dagrun for tutorial_dag to None, run_after=None
[2026-06-12T11:15:09.380+0000] {processor.py:183} INFO - Processing /home/airflow/.local/lib/python3.8/site-packages/airflow/example_dags/tutorial_dag.py took 0.109 seconds
[2026-06-12T11:15:39.817+0000] {processor.py:161} INFO - Started process (PID=1723) to work on /home/airflow/.local/lib/python3.8/site-packages/airflow/example_dags/tutorial_dag.py
[2026-06-12T11:15:39.819+0000] {processor.py:830} INFO - Processing file /home/airflow/.local/lib/python3.8/site-packages/airflow/example_dags/tutorial_dag.py for tasks to queue
[2026-06-12T11:15:39.822+0000] {logging_mixin.py:188} INFO - [2026-06-12T11:15:39.821+0000] {dagbag.py:538} INFO - Filling up the DagBag from /home/airflow/.local/lib/python3.8/site-packages/airflow/example_dags/tutorial_dag.py
[2026-06-12T11:15:39.830+0000] {processor.py:840} INFO - DAG(s) 'tutorial_dag' retrieved from /home/airflow/.local/lib/python3.8/site-packages/airflow/example_dags/tutorial_dag.py
[2026-06-12T11:15:39.868+0000] {logging_mixin.py:188} INFO - [2026-06-12T11:15:39.868+0000] {dag.py:3036} INFO - Sync 1 DAGs
[2026-06-12T11:15:39.888+0000] {logging_mixin.py:188} INFO - [2026-06-12T11:15:39.888+0000] {dag.py:3823} INFO - Setting next_dagrun for tutorial_dag to None, run_after=None
[2026-06-12T11:15:39.916+0000] {processor.py:183} INFO - Processing /home/airflow/.local/lib/python3.8/site-packages/airflow/example_dags/tutorial_dag.py took 0.104 seconds
[2026-06-12T11:16:10.122+0000] {processor.py:161} INFO - Started process (PID=1786) to work on /home/airflow/.local/lib/python3.8/site-packages/airflow/example_dags/tutorial_dag.py
[2026-06-12T11:16:10.124+0000] {processor.py:830} INFO - Processing file /home/airflow/.local/lib/python3.8/site-packages/airflow/example_dags/tutorial_dag.py for tasks to queue
[2026-06-12T11:16:10.126+0000] {logging_mixin.py:188} INFO - [2026-06-12T11:16:10.126+0000] {dagbag.py:538} INFO - Filling up the DagBag from /home/airflow/.local/lib/python3.8/site-packages/airflow/example_dags/tutorial_dag.py
[2026-06-12T11:16:10.134+0000] {processor.py:840} INFO - DAG(s) 'tutorial_dag' retrieved from /home/airflow/.local/lib/python3.8/site-packages/airflow/example_dags/tutorial_dag.py
[2026-06-12T11:16:10.171+0000] {logging_mixin.py:188} INFO - [2026-06-12T11:16:10.170+0000] {dag.py:3036} INFO - Sync 1 DAGs
[2026-06-12T11:16:10.192+0000] {logging_mixin.py:188} INFO - [2026-06-12T11:16:10.192+0000] {dag.py:3823} INFO - Setting next_dagrun for tutorial_dag to None, run_after=None
[2026-06-12T11:16:10.221+0000] {processor.py:183} INFO - Processing /home/airflow/.local/lib/python3.8/site-packages/airflow/example_dags/tutorial_dag.py took 0.103 seconds
[2026-06-12T11:16:40.962+0000] {processor.py:161} INFO - Started process (PID=1853) to work on /home/airflow/.local/lib/python3.8/site-packages/airflow/example_dags/tutorial_dag.py
[2026-06-12T11:16:40.964+0000] {processor.py:830} INFO - Processing file /home/airflow/.local/lib/python3.8/site-packages/airflow/example_dags/tutorial_dag.py for tasks to queue
[2026-06-12T11:16:40.966+0000] {logging_mixin.py:188} INFO - [2026-06-12T11:16:40.966+0000] {dagbag.py:538} INFO - Filling up the DagBag from /home/airflow/.local/lib/python3.8/site-packages/airflow/example_dags/tutorial_dag.py
[2026-06-12T11:16:40.974+0000] {processor.py:840} INFO - DAG(s) 'tutorial_dag' retrieved from /home/airflow/.local/lib/python3.8/site-packages/airflow/example_dags/tutorial_dag.py
[2026-06-12T11:16:41.009+0000] {logging_mixin.py:188} INFO - [2026-06-12T11:16:41.009+0000] {dag.py:3036} INFO - Sync 1 DAGs
[2026-06-12T11:16:41.032+0000] {logging_mixin.py:188} INFO - [2026-06-12T11:16:41.032+0000] {dag.py:3823} INFO - Setting next_dagrun for tutorial_dag to None, run_after=None
[2026-06-12T11:16:41.063+0000] {processor.py:183} INFO - Processing /home/airflow/.local/lib/python3.8/site-packages/airflow/example_dags/tutorial_dag.py took 0.107 seconds
[2026-06-12T11:17:11.375+0000] {processor.py:161} INFO - Started process (PID=1919) to work on /home/airflow/.local/lib/python3.8/site-packages/airflow/example_dags/tutorial_dag.py
[2026-06-12T11:17:11.377+0000] {processor.py:830} INFO - Processing file /home/airflow/.local/lib/python3.8/site-packages/airflow/example_dags/tutorial_dag.py for tasks to queue
[2026-06-12T11:17:11.380+0000] {logging_mixin.py:188} INFO - [2026-06-12T11:17:11.379+0000] {dagbag.py:538} INFO - Filling up the DagBag from /home/airflow/.local/lib/python3.8/site-packages/airflow/example_dags/tutorial_dag.py
[2026-06-12T11:17:11.389+0000] {processor.py:840} INFO - DAG(s) 'tutorial_dag' retrieved from /home/airflow/.local/lib/python3.8/site-packages/airflow/example_dags/tutorial_dag.py
[2026-06-12T11:17:11.450+0000] {logging_mixin.py:188} INFO - [2026-06-12T11:17:11.450+0000] {dag.py:3036} INFO - Sync 1 DAGs
[2026-06-12T11:17:11.484+0000] {logging_mixin.py:188} INFO - [2026-06-12T11:17:11.483+0000] {dag.py:3823} INFO - Setting next_dagrun for tutorial_dag to None, run_after=None
[2026-06-12T11:17:11.553+0000] {processor.py:183} INFO - Processing /home/airflow/.local/lib/python3.8/site-packages/airflow/example_dags/tutorial_dag.py took 0.184 seconds
[2026-06-12T11:17:41.686+0000] {processor.py:161} INFO - Started process (PID=1992) to work on /home/airflow/.local/lib/python3.8/site-packages/airflow/example_dags/tutorial_dag.py
[2026-06-12T11:17:41.687+0000] {processor.py:830} INFO - Processing file /home/airflow/.local/lib/python3.8/site-packages/airflow/example_dags/tutorial_dag.py for tasks to queue
[2026-06-12T11:17:41.689+0000] {logging_mixin.py:188} INFO - [2026-06-12T11:17:41.689+0000] {dagbag.py:538} INFO - Filling up the DagBag from /home/airflow/.local/lib/python3.8/site-packages/airflow/example_dags/tutorial_dag.py
[2026-06-12T11:17:41.698+0000] {processor.py:840} INFO - DAG(s) 'tutorial_dag' retrieved from /home/airflow/.local/lib/python3.8/site-packages/airflow/example_dags/tutorial_dag.py
[2026-06-12T11:17:41.733+0000] {logging_mixin.py:188} INFO - [2026-06-12T11:17:41.732+0000] {dag.py:3036} INFO - Sync 1 DAGs
[2026-06-12T11:17:41.753+0000] {logging_mixin.py:188} INFO - [2026-06-12T11:17:41.753+0000] {dag.py:3823} INFO - Setting next_dagrun for tutorial_dag to None, run_after=None
[2026-06-12T11:17:41.786+0000] {processor.py:183} INFO - Processing /home/airflow/.local/lib/python3.8/site-packages/airflow/example_dags/tutorial_dag.py took 0.106 seconds
[2026-06-12T11:18:12.785+0000] {processor.py:161} INFO - Started process (PID=2058) to work on /home/airflow/.local/lib/python3.8/site-packages/airflow/example_dags/tutorial_dag.py
[2026-06-12T11:18:12.787+0000] {processor.py:830} INFO - Processing file /home/airflow/.local/lib/python3.8/site-packages/airflow/example_dags/tutorial_dag.py for tasks to queue
[2026-06-12T11:18:12.790+0000] {logging_mixin.py:188} INFO - [2026-06-12T11:18:12.790+0000] {dagbag.py:538} INFO - Filling up the DagBag from /home/airflow/.local/lib/python3.8/site-packages/airflow/example_dags/tutorial_dag.py
[2026-06-12T11:18:12.800+0000] {processor.py:840} INFO - DAG(s) 'tutorial_dag' retrieved from /home/airflow/.local/lib/python3.8/site-packages/airflow/example_dags/tutorial_dag.py
[2026-06-12T11:18:12.841+0000] {logging_mixin.py:188} INFO - [2026-06-12T11:18:12.840+0000] {dag.py:3036} INFO - Sync 1 DAGs
[2026-06-12T11:18:12.864+0000] {logging_mixin.py:188} INFO - [2026-06-12T11:18:12.863+0000] {dag.py:3823} INFO - Setting next_dagrun for tutorial_dag to None, run_after=None
[2026-06-12T11:18:12.896+0000] {processor.py:183} INFO - Processing /home/airflow/.local/lib/python3.8/site-packages/airflow/example_dags/tutorial_dag.py took 0.115 seconds
[2026-06-12T11:18:43.496+0000] {processor.py:161} INFO - Started process (PID=2124) to work on /home/airflow/.local/lib/python3.8/site-packages/airflow/example_dags/tutorial_dag.py
[2026-06-12T11:18:43.498+0000] {processor.py:830} INFO - Processing file /home/airflow/.local/lib/python3.8/site-packages/airflow/example_dags/tutorial_dag.py for tasks to queue
[2026-06-12T11:18:43.500+0000] {logging_mixin.py:188} INFO - [2026-06-12T11:18:43.500+0000] {dagbag.py:538} INFO - Filling up the DagBag from /home/airflow/.local/lib/python3.8/site-packages/airflow/example_dags/tutorial_dag.py
[2026-06-12T11:18:43.509+0000] {processor.py:840} INFO - DAG(s) 'tutorial_dag' retrieved from /home/airflow/.local/lib/python3.8/site-packages/airflow/example_dags/tutorial_dag.py
[2026-06-12T11:18:43.542+0000] {logging_mixin.py:188} INFO - [2026-06-12T11:18:43.541+0000] {dag.py:3036} INFO - Sync 1 DAGs
[2026-06-12T11:18:43.561+0000] {logging_mixin.py:188} INFO - [2026-06-12T11:18:43.561+0000] {dag.py:3823} INFO - Setting next_dagrun for tutorial_dag to None, run_after=None
[2026-06-12T11:18:43.593+0000] {processor.py:183} INFO - Processing /home/airflow/.local/lib/python3.8/site-packages/airflow/example_dags/tutorial_dag.py took 0.103 seconds
[2026-06-12T11:19:14.573+0000] {processor.py:161} INFO - Started process (PID=2190) to work on /home/airflow/.local/lib/python3.8/site-packages/airflow/example_dags/tutorial_dag.py
[2026-06-12T11:19:14.575+0000] {processor.py:830} INFO - Processing file /home/airflow/.local/lib/python3.8/site-packages/airflow/example_dags/tutorial_dag.py for tasks to queue
[2026-06-12T11:19:14.578+0000] {logging_mixin.py:188} INFO - [2026-06-12T11:19:14.577+0000] {dagbag.py:538} INFO - Filling up the DagBag from /home/airflow/.local/lib/python3.8/site-packages/airflow/example_dags/tutorial_dag.py
[2026-06-12T11:19:14.586+0000] {processor.py:840} INFO - DAG(s) 'tutorial_dag' retrieved from /home/airflow/.local/lib/python3.8/site-packages/airflow/example_dags/tutorial_dag.py
[2026-06-12T11:19:14.624+0000] {logging_mixin.py:188} INFO - [2026-06-12T11:19:14.624+0000] {dag.py:3036} INFO - Sync 1 DAGs
[2026-06-12T11:19:14.649+0000] {logging_mixin.py:188} INFO - [2026-06-12T11:19:14.649+0000] {dag.py:3823} INFO - Setting next_dagrun for tutorial_dag to None, run_after=None
[2026-06-12T11:19:14.687+0000] {processor.py:183} INFO - Processing /home/airflow/.local/lib/python3.8/site-packages/airflow/example_dags/tutorial_dag.py took 0.119 seconds
[2026-06-12T11:19:44.822+0000] {processor.py:161} INFO - Started process (PID=2256) to work on /home/airflow/.local/lib/python3.8/site-packages/airflow/example_dags/tutorial_dag.py
[2026-06-12T11:19:44.823+0000] {processor.py:830} INFO - Processing file /home/airflow/.local/lib/python3.8/site-packages/airflow/example_dags/tutorial_dag.py for tasks to queue
[2026-06-12T11:19:44.825+0000] {logging_mixin.py:188} INFO - [2026-06-12T11:19:44.825+0000] {dagbag.py:538} INFO - Filling up the DagBag from /home/airflow/.local/lib/python3.8/site-packages/airflow/example_dags/tutorial_dag.py
[2026-06-12T11:19:44.833+0000] {processor.py:840} INFO - DAG(s) 'tutorial_dag' retrieved from /home/airflow/.local/lib/python3.8/site-packages/airflow/example_dags/tutorial_dag.py
[2026-06-12T11:19:44.868+0000] {logging_mixin.py:188} INFO - [2026-06-12T11:19:44.868+0000] {dag.py:3036} INFO - Sync 1 DAGs
[2026-06-12T11:19:44.889+0000] {logging_mixin.py:188} INFO - [2026-06-12T11:19:44.889+0000] {dag.py:3823} INFO - Setting next_dagrun for tutorial_dag to None, run_after=None
[2026-06-12T11:19:44.922+0000] {processor.py:183} INFO - Processing /home/airflow/.local/lib/python3.8/site-packages/airflow/example_dags/tutorial_dag.py took 0.105 seconds
[2026-06-12T11:20:15.132+0000] {processor.py:161} INFO - Started process (PID=2322) to work on /home/airflow/.local/lib/python3.8/site-packages/airflow/example_dags/tutorial_dag.py
[2026-06-12T11:20:15.135+0000] {processor.py:830} INFO - Processing file /home/airflow/.local/lib/python3.8/site-packages/airflow/example_dags/tutorial_dag.py for tasks to queue
[2026-06-12T11:20:15.138+0000] {logging_mixin.py:188} INFO - [2026-06-12T11:20:15.137+0000] {dagbag.py:538} INFO - Filling up the DagBag from /home/airflow/.local/lib/python3.8/site-packages/airflow/example_dags/tutorial_dag.py
[2026-06-12T11:20:15.148+0000] {processor.py:840} INFO - DAG(s) 'tutorial_dag' retrieved from /home/airflow/.local/lib/python3.8/site-packages/airflow/example_dags/tutorial_dag.py
[2026-06-12T11:20:15.191+0000] {logging_mixin.py:188} INFO - [2026-06-12T11:20:15.191+0000] {dag.py:3036} INFO - Sync 1 DAGs
[2026-06-12T11:20:15.216+0000] {logging_mixin.py:188} INFO - [2026-06-12T11:20:15.215+0000] {dag.py:3823} INFO - Setting next_dagrun for tutorial_dag to None, run_after=None
[2026-06-12T11:20:15.253+0000] {processor.py:183} INFO - Processing /home/airflow/.local/lib/python3.8/site-packages/airflow/example_dags/tutorial_dag.py took 0.126 seconds
[2026-06-12T11:20:45.806+0000] {processor.py:161} INFO - Started process (PID=2387) to work on /home/airflow/.local/lib/python3.8/site-packages/airflow/example_dags/tutorial_dag.py
[2026-06-12T11:20:45.808+0000] {processor.py:830} INFO - Processing file /home/airflow/.local/lib/python3.8/site-packages/airflow/example_dags/tutorial_dag.py for tasks to queue
[2026-06-12T11:20:45.810+0000] {logging_mixin.py:188} INFO - [2026-06-12T11:20:45.810+0000] {dagbag.py:538} INFO - Filling up the DagBag from /home/airflow/.local/lib/python3.8/site-packages/airflow/example_dags/tutorial_dag.py
[2026-06-12T11:20:45.818+0000] {processor.py:840} INFO - DAG(s) 'tutorial_dag' retrieved from /home/airflow/.local/lib/python3.8/site-packages/airflow/example_dags/tutorial_dag.py
[2026-06-12T11:20:45.856+0000] {logging_mixin.py:188} INFO - [2026-06-12T11:20:45.855+0000] {dag.py:3036} INFO - Sync 1 DAGs
[2026-06-12T11:20:45.878+0000] {logging_mixin.py:188} INFO - [2026-06-12T11:20:45.878+0000] {dag.py:3823} INFO - Setting next_dagrun for tutorial_dag to None, run_after=None
[2026-06-12T11:20:45.913+0000] {processor.py:183} INFO - Processing /home/airflow/.local/lib/python3.8/site-packages/airflow/example_dags/tutorial_dag.py took 0.111 seconds
[2026-06-12T11:21:16.395+0000] {processor.py:161} INFO - Started process (PID=2461) to work on /home/airflow/.local/lib/python3.8/site-packages/airflow/example_dags/tutorial_dag.py
[2026-06-12T11:21:16.397+0000] {processor.py:830} INFO - Processing file /home/airflow/.local/lib/python3.8/site-packages/airflow/example_dags/tutorial_dag.py for tasks to queue
[2026-06-12T11:21:16.399+0000] {logging_mixin.py:188} INFO - [2026-06-12T11:21:16.399+0000] {dagbag.py:538} INFO - Filling up the DagBag from /home/airflow/.local/lib/python3.8/site-packages/airflow/example_dags/tutorial_dag.py
[2026-06-12T11:21:16.409+0000] {processor.py:840} INFO - DAG(s) 'tutorial_dag' retrieved from /home/airflow/.local/lib/python3.8/site-packages/airflow/example_dags/tutorial_dag.py
[2026-06-12T11:21:16.451+0000] {logging_mixin.py:188} INFO - [2026-06-12T11:21:16.450+0000] {dag.py:3036} INFO - Sync 1 DAGs
[2026-06-12T11:21:16.475+0000] {logging_mixin.py:188} INFO - [2026-06-12T11:21:16.474+0000] {dag.py:3823} INFO - Setting next_dagrun for tutorial_dag to None, run_after=None
[2026-06-12T11:21:16.504+0000] {processor.py:183} INFO - Processing /home/airflow/.local/lib/python3.8/site-packages/airflow/example_dags/tutorial_dag.py took 0.115 seconds
[2026-06-12T11:21:46.788+0000] {processor.py:161} INFO - Started process (PID=2528) to work on /home/airflow/.local/lib/python3.8/site-packages/airflow/example_dags/tutorial_dag.py
[2026-06-12T11:21:46.789+0000] {processor.py:830} INFO - Processing file /home/airflow/.local/lib/python3.8/site-packages/airflow/example_dags/tutorial_dag.py for tasks to queue
[2026-06-12T11:21:46.792+0000] {logging_mixin.py:188} INFO - [2026-06-12T11:21:46.792+0000] {dagbag.py:538} INFO - Filling up the DagBag from /home/airflow/.local/lib/python3.8/site-packages/airflow/example_dags/tutorial_dag.py
[2026-06-12T11:21:46.802+0000] {processor.py:840} INFO - DAG(s) 'tutorial_dag' retrieved from /home/airflow/.local/lib/python3.8/site-packages/airflow/example_dags/tutorial_dag.py
[2026-06-12T11:21:46.843+0000] {logging_mixin.py:188} INFO - [2026-06-12T11:21:46.843+0000] {dag.py:3036} INFO - Sync 1 DAGs
[2026-06-12T11:21:46.868+0000] {logging_mixin.py:188} INFO - [2026-06-12T11:21:46.867+0000] {dag.py:3823} INFO - Setting next_dagrun for tutorial_dag to None, run_after=None
[2026-06-12T11:21:46.902+0000] {processor.py:183} INFO - Processing /home/airflow/.local/lib/python3.8/site-packages/airflow/example_dags/tutorial_dag.py took 0.119 seconds
[2026-06-12T11:22:17.933+0000] {processor.py:161} INFO - Started process (PID=2594) to work on /home/airflow/.local/lib/python3.8/site-packages/airflow/example_dags/tutorial_dag.py
[2026-06-12T11:22:17.935+0000] {processor.py:830} INFO - Processing file /home/airflow/.local/lib/python3.8/site-packages/airflow/example_dags/tutorial_dag.py for tasks to queue
[2026-06-12T11:22:17.938+0000] {logging_mixin.py:188} INFO - [2026-06-12T11:22:17.938+0000] {dagbag.py:538} INFO - Filling up the DagBag from /home/airflow/.local/lib/python3.8/site-packages/airflow/example_dags/tutorial_dag.py
[2026-06-12T11:22:17.947+0000] {processor.py:840} INFO - DAG(s) 'tutorial_dag' retrieved from /home/airflow/.local/lib/python3.8/site-packages/airflow/example_dags/tutorial_dag.py
[2026-06-12T11:22:17.984+0000] {logging_mixin.py:188} INFO - [2026-06-12T11:22:17.984+0000] {dag.py:3036} INFO - Sync 1 DAGs
[2026-06-12T11:22:18.006+0000] {logging_mixin.py:188} INFO - [2026-06-12T11:22:18.006+0000] {dag.py:3823} INFO - Setting next_dagrun for tutorial_dag to None, run_after=None
[2026-06-12T11:22:18.037+0000] {processor.py:183} INFO - Processing /home/airflow/.local/lib/python3.8/site-packages/airflow/example_dags/tutorial_dag.py took 0.109 seconds
[2026-06-12T11:22:48.778+0000] {processor.py:161} INFO - Started process (PID=2658) to work on /home/airflow/.local/lib/python3.8/site-packages/airflow/example_dags/tutorial_dag.py
[2026-06-12T11:22:48.779+0000] {processor.py:830} INFO - Processing file /home/airflow/.local/lib/python3.8/site-packages/airflow/example_dags/tutorial_dag.py for tasks to queue
[2026-06-12T11:22:48.782+0000] {logging_mixin.py:188} INFO - [2026-06-12T11:22:48.781+0000] {dagbag.py:538} INFO - Filling up the DagBag from /home/airflow/.local/lib/python3.8/site-packages/airflow/example_dags/tutorial_dag.py
[2026-06-12T11:22:48.790+0000] {processor.py:840} INFO - DAG(s) 'tutorial_dag' retrieved from /home/airflow/.local/lib/python3.8/site-packages/airflow/example_dags/tutorial_dag.py
[2026-06-12T11:22:48.825+0000] {logging_mixin.py:188} INFO - [2026-06-12T11:22:48.824+0000] {dag.py:3036} INFO - Sync 1 DAGs
[2026-06-12T11:22:48.847+0000] {logging_mixin.py:188} INFO - [2026-06-12T11:22:48.847+0000] {dag.py:3823} INFO - Setting next_dagrun for tutorial_dag to None, run_after=None
[2026-06-12T11:22:48.879+0000] {processor.py:183} INFO - Processing /home/airflow/.local/lib/python3.8/site-packages/airflow/example_dags/tutorial_dag.py took 0.107 seconds
[2026-06-12T11:23:19.356+0000] {processor.py:161} INFO - Started process (PID=2724) to work on /home/airflow/.local/lib/python3.8/site-packages/airflow/example_dags/tutorial_dag.py
[2026-06-12T11:23:19.357+0000] {processor.py:830} INFO - Processing file /home/airflow/.local/lib/python3.8/site-packages/airflow/example_dags/tutorial_dag.py for tasks to queue
[2026-06-12T11:23:19.360+0000] {logging_mixin.py:188} INFO - [2026-06-12T11:23:19.360+0000] {dagbag.py:538} INFO - Filling up the DagBag from /home/airflow/.local/lib/python3.8/site-packages/airflow/example_dags/tutorial_dag.py
[2026-06-12T11:23:19.369+0000] {processor.py:840} INFO - DAG(s) 'tutorial_dag' retrieved from /home/airflow/.local/lib/python3.8/site-packages/airflow/example_dags/tutorial_dag.py
[2026-06-12T11:23:19.406+0000] {logging_mixin.py:188} INFO - [2026-06-12T11:23:19.405+0000] {dag.py:3036} INFO - Sync 1 DAGs
[2026-06-12T11:23:19.425+0000] {logging_mixin.py:188} INFO - [2026-06-12T11:23:19.425+0000] {dag.py:3823} INFO - Setting next_dagrun for tutorial_dag to None, run_after=None
[2026-06-12T11:23:19.454+0000] {processor.py:183} INFO - Processing /home/airflow/.local/lib/python3.8/site-packages/airflow/example_dags/tutorial_dag.py took 0.103 seconds
[2026-06-12T11:23:49.697+0000] {processor.py:161} INFO - Started process (PID=2789) to work on /home/airflow/.local/lib/python3.8/site-packages/airflow/example_dags/tutorial_dag.py
[2026-06-12T11:23:49.698+0000] {processor.py:830} INFO - Processing file /home/airflow/.local/lib/python3.8/site-packages/airflow/example_dags/tutorial_dag.py for tasks to queue
[2026-06-12T11:23:49.700+0000] {logging_mixin.py:188} INFO - [2026-06-12T11:23:49.700+0000] {dagbag.py:538} INFO - Filling up the DagBag from /home/airflow/.local/lib/python3.8/site-packages/airflow/example_dags/tutorial_dag.py
[2026-06-12T11:23:49.708+0000] {processor.py:840} INFO - DAG(s) 'tutorial_dag' retrieved from /home/airflow/.local/lib/python3.8/site-packages/airflow/example_dags/tutorial_dag.py
[2026-06-12T11:23:49.743+0000] {logging_mixin.py:188} INFO - [2026-06-12T11:23:49.743+0000] {dag.py:3036} INFO - Sync 1 DAGs
[2026-06-12T11:23:49.767+0000] {logging_mixin.py:188} INFO - [2026-06-12T11:23:49.767+0000] {dag.py:3823} INFO - Setting next_dagrun for tutorial_dag to None, run_after=None
[2026-06-12T11:23:49.801+0000] {processor.py:183} INFO - Processing /home/airflow/.local/lib/python3.8/site-packages/airflow/example_dags/tutorial_dag.py took 0.109 seconds
[2026-06-12T11:24:20.128+0000] {processor.py:161} INFO - Started process (PID=2855) to work on /home/airflow/.local/lib/python3.8/site-packages/airflow/example_dags/tutorial_dag.py
[2026-06-12T11:24:20.130+0000] {processor.py:830} INFO - Processing file /home/airflow/.local/lib/python3.8/site-packages/airflow/example_dags/tutorial_dag.py for tasks to queue
[2026-06-12T11:24:20.133+0000] {logging_mixin.py:188} INFO - [2026-06-12T11:24:20.132+0000] {dagbag.py:538} INFO - Filling up the DagBag from /home/airflow/.local/lib/python3.8/site-packages/airflow/example_dags/tutorial_dag.py
[2026-06-12T11:24:20.140+0000] {processor.py:840} INFO - DAG(s) 'tutorial_dag' retrieved from /home/airflow/.local/lib/python3.8/site-packages/airflow/example_dags/tutorial_dag.py
[2026-06-12T11:24:20.177+0000] {logging_mixin.py:188} INFO - [2026-06-12T11:24:20.177+0000] {dag.py:3036} INFO - Sync 1 DAGs
[2026-06-12T11:24:20.197+0000] {logging_mixin.py:188} INFO - [2026-06-12T11:24:20.197+0000] {dag.py:3823} INFO - Setting next_dagrun for tutorial_dag to None, run_after=None
[2026-06-12T11:24:20.229+0000] {processor.py:183} INFO - Processing /home/airflow/.local/lib/python3.8/site-packages/airflow/example_dags/tutorial_dag.py took 0.106 seconds
[2026-06-12T11:24:50.589+0000] {processor.py:161} INFO - Started process (PID=2921) to work on /home/airflow/.local/lib/python3.8/site-packages/airflow/example_dags/tutorial_dag.py
[2026-06-12T11:24:50.591+0000] {processor.py:830} INFO - Processing file /home/airflow/.local/lib/python3.8/site-packages/airflow/example_dags/tutorial_dag.py for tasks to queue
[2026-06-12T11:24:50.594+0000] {logging_mixin.py:188} INFO - [2026-06-12T11:24:50.593+0000] {dagbag.py:538} INFO - Filling up the DagBag from /home/airflow/.local/lib/python3.8/site-packages/airflow/example_dags/tutorial_dag.py
[2026-06-12T11:24:50.603+0000] {processor.py:840} INFO - DAG(s) 'tutorial_dag' retrieved from /home/airflow/.local/lib/python3.8/site-packages/airflow/example_dags/tutorial_dag.py
[2026-06-12T11:24:50.641+0000] {logging_mixin.py:188} INFO - [2026-06-12T11:24:50.640+0000] {dag.py:3036} INFO - Sync 1 DAGs
[2026-06-12T11:24:50.664+0000] {logging_mixin.py:188} INFO - [2026-06-12T11:24:50.664+0000] {dag.py:3823} INFO - Setting next_dagrun for tutorial_dag to None, run_after=None
[2026-06-12T11:24:50.879+0000] {processor.py:183} INFO - Processing /home/airflow/.local/lib/python3.8/site-packages/airflow/example_dags/tutorial_dag.py took 0.294 seconds
[2026-06-12T11:25:21.103+0000] {processor.py:161} INFO - Started process (PID=2987) to work on /home/airflow/.local/lib/python3.8/site-packages/airflow/example_dags/tutorial_dag.py
[2026-06-12T11:25:21.105+0000] {processor.py:830} INFO - Processing file /home/airflow/.local/lib/python3.8/site-packages/airflow/example_dags/tutorial_dag.py for tasks to queue
[2026-06-12T11:25:21.108+0000] {logging_mixin.py:188} INFO - [2026-06-12T11:25:21.107+0000] {dagbag.py:538} INFO - Filling up the DagBag from /home/airflow/.local/lib/python3.8/site-packages/airflow/example_dags/tutorial_dag.py
[2026-06-12T11:25:21.117+0000] {processor.py:840} INFO - DAG(s) 'tutorial_dag' retrieved from /home/airflow/.local/lib/python3.8/site-packages/airflow/example_dags/tutorial_dag.py
[2026-06-12T11:25:21.154+0000] {logging_mixin.py:188} INFO - [2026-06-12T11:25:21.154+0000] {dag.py:3036} INFO - Sync 1 DAGs
[2026-06-12T11:25:21.176+0000] {logging_mixin.py:188} INFO - [2026-06-12T11:25:21.176+0000] {dag.py:3823} INFO - Setting next_dagrun for tutorial_dag to None, run_after=None
[2026-06-12T11:25:21.205+0000] {processor.py:183} INFO - Processing /home/airflow/.local/lib/python3.8/site-packages/airflow/example_dags/tutorial_dag.py took 0.107 seconds
[2026-06-12T11:25:51.623+0000] {processor.py:161} INFO - Started process (PID=3060) to work on /home/airflow/.local/lib/python3.8/site-packages/airflow/example_dags/tutorial_dag.py
[2026-06-12T11:25:51.624+0000] {processor.py:830} INFO - Processing file /home/airflow/.local/lib/python3.8/site-packages/airflow/example_dags/tutorial_dag.py for tasks to queue
[2026-06-12T11:25:51.627+0000] {logging_mixin.py:188} INFO - [2026-06-12T11:25:51.627+0000] {dagbag.py:538} INFO - Filling up the DagBag from /home/airflow/.local/lib/python3.8/site-packages/airflow/example_dags/tutorial_dag.py
[2026-06-12T11:25:51.636+0000] {processor.py:840} INFO - DAG(s) 'tutorial_dag' retrieved from /home/airflow/.local/lib/python3.8/site-packages/airflow/example_dags/tutorial_dag.py
[2026-06-12T11:25:51.677+0000] {logging_mixin.py:188} INFO - [2026-06-12T11:25:51.676+0000] {dag.py:3036} INFO - Sync 1 DAGs
[2026-06-12T11:25:51.700+0000] {logging_mixin.py:188} INFO - [2026-06-12T11:25:51.700+0000] {dag.py:3823} INFO - Setting next_dagrun for tutorial_dag to None, run_after=None
[2026-06-12T11:25:51.735+0000] {processor.py:183} INFO - Processing /home/airflow/.local/lib/python3.8/site-packages/airflow/example_dags/tutorial_dag.py took 0.117 seconds
[2026-06-12T11:26:22.413+0000] {processor.py:161} INFO - Started process (PID=3128) to work on /home/airflow/.local/lib/python3.8/site-packages/airflow/example_dags/tutorial_dag.py
[2026-06-12T11:26:22.415+0000] {processor.py:830} INFO - Processing file /home/airflow/.local/lib/python3.8/site-packages/airflow/example_dags/tutorial_dag.py for tasks to queue
[2026-06-12T11:26:22.418+0000] {logging_mixin.py:188} INFO - [2026-06-12T11:26:22.418+0000] {dagbag.py:538} INFO - Filling up the DagBag from /home/airflow/.local/lib/python3.8/site-packages/airflow/example_dags/tutorial_dag.py
[2026-06-12T11:26:22.428+0000] {processor.py:840} INFO - DAG(s) 'tutorial_dag' retrieved from /home/airflow/.local/lib/python3.8/site-packages/airflow/example_dags/tutorial_dag.py
[2026-06-12T11:26:22.472+0000] {logging_mixin.py:188} INFO - [2026-06-12T11:26:22.472+0000] {dag.py:3036} INFO - Sync 1 DAGs
[2026-06-12T11:26:22.497+0000] {logging_mixin.py:188} INFO - [2026-06-12T11:26:22.497+0000] {dag.py:3823} INFO - Setting next_dagrun for tutorial_dag to None, run_after=None
[2026-06-12T11:26:22.531+0000] {processor.py:183} INFO - Processing /home/airflow/.local/lib/python3.8/site-packages/airflow/example_dags/tutorial_dag.py took 0.124 seconds
[2026-06-12T11:26:52.798+0000] {processor.py:161} INFO - Started process (PID=3195) to work on /home/airflow/.local/lib/python3.8/site-packages/airflow/example_dags/tutorial_dag.py
[2026-06-12T11:26:52.800+0000] {processor.py:830} INFO - Processing file /home/airflow/.local/lib/python3.8/site-packages/airflow/example_dags/tutorial_dag.py for tasks to queue
[2026-06-12T11:26:52.803+0000] {logging_mixin.py:188} INFO - [2026-06-12T11:26:52.802+0000] {dagbag.py:538} INFO - Filling up the DagBag from /home/airflow/.local/lib/python3.8/site-packages/airflow/example_dags/tutorial_dag.py
[2026-06-12T11:26:52.827+0000] {processor.py:840} INFO - DAG(s) 'tutorial_dag' retrieved from /home/airflow/.local/lib/python3.8/site-packages/airflow/example_dags/tutorial_dag.py
[2026-06-12T11:26:53.156+0000] {logging_mixin.py:188} INFO - [2026-06-12T11:26:53.156+0000] {dag.py:3036} INFO - Sync 1 DAGs
[2026-06-12T11:26:53.181+0000] {logging_mixin.py:188} INFO - [2026-06-12T11:26:53.181+0000] {dag.py:3823} INFO - Setting next_dagrun for tutorial_dag to None, run_after=None
[2026-06-12T11:26:53.215+0000] {processor.py:183} INFO - Processing /home/airflow/.local/lib/python3.8/site-packages/airflow/example_dags/tutorial_dag.py took 0.424 seconds
[2026-06-12T11:27:23.816+0000] {processor.py:161} INFO - Started process (PID=3261) to work on /home/airflow/.local/lib/python3.8/site-packages/airflow/example_dags/tutorial_dag.py
[2026-06-12T11:27:23.818+0000] {processor.py:830} INFO - Processing file /home/airflow/.local/lib/python3.8/site-packages/airflow/example_dags/tutorial_dag.py for tasks to queue
[2026-06-12T11:27:23.821+0000] {logging_mixin.py:188} INFO - [2026-06-12T11:27:23.820+0000] {dagbag.py:538} INFO - Filling up the DagBag from /home/airflow/.local/lib/python3.8/site-packages/airflow/example_dags/tutorial_dag.py
[2026-06-12T11:27:23.829+0000] {processor.py:840} INFO - DAG(s) 'tutorial_dag' retrieved from /home/airflow/.local/lib/python3.8/site-packages/airflow/example_dags/tutorial_dag.py
[2026-06-12T11:27:23.867+0000] {logging_mixin.py:188} INFO - [2026-06-12T11:27:23.867+0000] {dag.py:3036} INFO - Sync 1 DAGs
[2026-06-12T11:27:23.892+0000] {logging_mixin.py:188} INFO - [2026-06-12T11:27:23.891+0000] {dag.py:3823} INFO - Setting next_dagrun for tutorial_dag to None, run_after=None
[2026-06-12T11:27:23.926+0000] {processor.py:183} INFO - Processing /home/airflow/.local/lib/python3.8/site-packages/airflow/example_dags/tutorial_dag.py took 0.115 seconds
[2026-06-12T11:27:54.126+0000] {processor.py:161} INFO - Started process (PID=3326) to work on /home/airflow/.local/lib/python3.8/site-packages/airflow/example_dags/tutorial_dag.py
[2026-06-12T11:27:54.127+0000] {processor.py:830} INFO - Processing file /home/airflow/.local/lib/python3.8/site-packages/airflow/example_dags/tutorial_dag.py for tasks to queue
[2026-06-12T11:27:54.129+0000] {logging_mixin.py:188} INFO - [2026-06-12T11:27:54.129+0000] {dagbag.py:538} INFO - Filling up the DagBag from /home/airflow/.local/lib/python3.8/site-packages/airflow/example_dags/tutorial_dag.py
[2026-06-12T11:27:54.137+0000] {processor.py:840} INFO - DAG(s) 'tutorial_dag' retrieved from /home/airflow/.local/lib/python3.8/site-packages/airflow/example_dags/tutorial_dag.py
[2026-06-12T11:27:54.175+0000] {logging_mixin.py:188} INFO - [2026-06-12T11:27:54.175+0000] {dag.py:3036} INFO - Sync 1 DAGs
[2026-06-12T11:27:54.199+0000] {logging_mixin.py:188} INFO - [2026-06-12T11:27:54.198+0000] {dag.py:3823} INFO - Setting next_dagrun for tutorial_dag to None, run_after=None
[2026-06-12T11:27:54.231+0000] {processor.py:183} INFO - Processing /home/airflow/.local/lib/python3.8/site-packages/airflow/example_dags/tutorial_dag.py took 0.110 seconds
[2026-06-12T11:28:24.404+0000] {processor.py:161} INFO - Started process (PID=3392) to work on /home/airflow/.local/lib/python3.8/site-packages/airflow/example_dags/tutorial_dag.py
[2026-06-12T11:28:24.406+0000] {processor.py:830} INFO - Processing file /home/airflow/.local/lib/python3.8/site-packages/airflow/example_dags/tutorial_dag.py for tasks to queue
[2026-06-12T11:28:24.408+0000] {logging_mixin.py:188} INFO - [2026-06-12T11:28:24.408+0000] {dagbag.py:538} INFO - Filling up the DagBag from /home/airflow/.local/lib/python3.8/site-packages/airflow/example_dags/tutorial_dag.py
[2026-06-12T11:28:24.417+0000] {processor.py:840} INFO - DAG(s) 'tutorial_dag' retrieved from /home/airflow/.local/lib/python3.8/site-packages/airflow/example_dags/tutorial_dag.py
[2026-06-12T11:28:24.455+0000] {logging_mixin.py:188} INFO - [2026-06-12T11:28:24.454+0000] {dag.py:3036} INFO - Sync 1 DAGs
[2026-06-12T11:28:24.483+0000] {logging_mixin.py:188} INFO - [2026-06-12T11:28:24.482+0000] {dag.py:3823} INFO - Setting next_dagrun for tutorial_dag to None, run_after=None
[2026-06-12T11:28:24.516+0000] {processor.py:183} INFO - Processing /home/airflow/.local/lib/python3.8/site-packages/airflow/example_dags/tutorial_dag.py took 0.117 seconds
[2026-06-12T11:28:55.027+0000] {processor.py:161} INFO - Started process (PID=3457) to work on /home/airflow/.local/lib/python3.8/site-packages/airflow/example_dags/tutorial_dag.py
[2026-06-12T11:28:55.028+0000] {processor.py:830} INFO - Processing file /home/airflow/.local/lib/python3.8/site-packages/airflow/example_dags/tutorial_dag.py for tasks to queue
[2026-06-12T11:28:55.030+0000] {logging_mixin.py:188} INFO - [2026-06-12T11:28:55.030+0000] {dagbag.py:538} INFO - Filling up the DagBag from /home/airflow/.local/lib/python3.8/site-packages/airflow/example_dags/tutorial_dag.py
[2026-06-12T11:28:55.038+0000] {processor.py:840} INFO - DAG(s) 'tutorial_dag' retrieved from /home/airflow/.local/lib/python3.8/site-packages/airflow/example_dags/tutorial_dag.py
[2026-06-12T11:28:55.072+0000] {logging_mixin.py:188} INFO - [2026-06-12T11:28:55.071+0000] {dag.py:3036} INFO - Sync 1 DAGs
[2026-06-12T11:28:55.090+0000] {logging_mixin.py:188} INFO - [2026-06-12T11:28:55.090+0000] {dag.py:3823} INFO - Setting next_dagrun for tutorial_dag to None, run_after=None
[2026-06-12T11:28:55.117+0000] {processor.py:183} INFO - Processing /home/airflow/.local/lib/python3.8/site-packages/airflow/example_dags/tutorial_dag.py took 0.095 seconds
[2026-06-12T11:29:25.714+0000] {processor.py:161} INFO - Started process (PID=3523) to work on /home/airflow/.local/lib/python3.8/site-packages/airflow/example_dags/tutorial_dag.py
[2026-06-12T11:29:25.716+0000] {processor.py:830} INFO - Processing file /home/airflow/.local/lib/python3.8/site-packages/airflow/example_dags/tutorial_dag.py for tasks to queue
[2026-06-12T11:29:25.719+0000] {logging_mixin.py:188} INFO - [2026-06-12T11:29:25.719+0000] {dagbag.py:538} INFO - Filling up the DagBag from /home/airflow/.local/lib/python3.8/site-packages/airflow/example_dags/tutorial_dag.py
[2026-06-12T11:29:25.727+0000] {processor.py:840} INFO - DAG(s) 'tutorial_dag' retrieved from /home/airflow/.local/lib/python3.8/site-packages/airflow/example_dags/tutorial_dag.py
[2026-06-12T11:29:25.765+0000] {logging_mixin.py:188} INFO - [2026-06-12T11:29:25.765+0000] {dag.py:3036} INFO - Sync 1 DAGs
[2026-06-12T11:29:25.785+0000] {logging_mixin.py:188} INFO - [2026-06-12T11:29:25.785+0000] {dag.py:3823} INFO - Setting next_dagrun for tutorial_dag to None, run_after=None
[2026-06-12T11:29:25.817+0000] {processor.py:183} INFO - Processing /home/airflow/.local/lib/python3.8/site-packages/airflow/example_dags/tutorial_dag.py took 0.107 seconds
[2026-06-12T11:29:56.013+0000] {processor.py:161} INFO - Started process (PID=3588) to work on /home/airflow/.local/lib/python3.8/site-packages/airflow/example_dags/tutorial_dag.py
[2026-06-12T11:29:56.015+0000] {processor.py:830} INFO - Processing file /home/airflow/.local/lib/python3.8/site-packages/airflow/example_dags/tutorial_dag.py for tasks to queue
[2026-06-12T11:29:56.018+0000] {logging_mixin.py:188} INFO - [2026-06-12T11:29:56.017+0000] {dagbag.py:538} INFO - Filling up the DagBag from /home/airflow/.local/lib/python3.8/site-packages/airflow/example_dags/tutorial_dag.py
[2026-06-12T11:29:56.027+0000] {processor.py:840} INFO - DAG(s) 'tutorial_dag' retrieved from /home/airflow/.local/lib/python3.8/site-packages/airflow/example_dags/tutorial_dag.py
[2026-06-12T11:29:56.068+0000] {logging_mixin.py:188} INFO - [2026-06-12T11:29:56.068+0000] {dag.py:3036} INFO - Sync 1 DAGs
[2026-06-12T11:29:56.094+0000] {logging_mixin.py:188} INFO - [2026-06-12T11:29:56.094+0000] {dag.py:3823} INFO - Setting next_dagrun for tutorial_dag to None, run_after=None
[2026-06-12T11:29:56.130+0000] {processor.py:183} INFO - Processing /home/airflow/.local/lib/python3.8/site-packages/airflow/example_dags/tutorial_dag.py took 0.123 seconds
[2026-06-12T11:30:26.514+0000] {processor.py:161} INFO - Started process (PID=3660) to work on /home/airflow/.local/lib/python3.8/site-packages/airflow/example_dags/tutorial_dag.py
[2026-06-12T11:30:26.516+0000] {processor.py:830} INFO - Processing file /home/airflow/.local/lib/python3.8/site-packages/airflow/example_dags/tutorial_dag.py for tasks to queue
[2026-06-12T11:30:26.519+0000] {logging_mixin.py:188} INFO - [2026-06-12T11:30:26.518+0000] {dagbag.py:538} INFO - Filling up the DagBag from /home/airflow/.local/lib/python3.8/site-packages/airflow/example_dags/tutorial_dag.py
[2026-06-12T11:30:26.528+0000] {processor.py:840} INFO - DAG(s) 'tutorial_dag' retrieved from /home/airflow/.local/lib/python3.8/site-packages/airflow/example_dags/tutorial_dag.py
[2026-06-12T11:30:26.568+0000] {logging_mixin.py:188} INFO - [2026-06-12T11:30:26.567+0000] {dag.py:3036} INFO - Sync 1 DAGs
[2026-06-12T11:30:26.593+0000] {logging_mixin.py:188} INFO - [2026-06-12T11:30:26.592+0000] {dag.py:3823} INFO - Setting next_dagrun for tutorial_dag to None, run_after=None
[2026-06-12T11:30:26.640+0000] {processor.py:183} INFO - Processing /home/airflow/.local/lib/python3.8/site-packages/airflow/example_dags/tutorial_dag.py took 0.131 seconds
[2026-06-12T11:30:57.226+0000] {processor.py:161} INFO - Started process (PID=3728) to work on /home/airflow/.local/lib/python3.8/site-packages/airflow/example_dags/tutorial_dag.py
[2026-06-12T11:30:57.228+0000] {processor.py:830} INFO - Processing file /home/airflow/.local/lib/python3.8/site-packages/airflow/example_dags/tutorial_dag.py for tasks to queue
[2026-06-12T11:30:57.230+0000] {logging_mixin.py:188} INFO - [2026-06-12T11:30:57.230+0000] {dagbag.py:538} INFO - Filling up the DagBag from /home/airflow/.local/lib/python3.8/site-packages/airflow/example_dags/tutorial_dag.py
[2026-06-12T11:30:57.238+0000] {processor.py:840} INFO - DAG(s) 'tutorial_dag' retrieved from /home/airflow/.local/lib/python3.8/site-packages/airflow/example_dags/tutorial_dag.py
[2026-06-12T11:30:57.276+0000] {logging_mixin.py:188} INFO - [2026-06-12T11:30:57.275+0000] {dag.py:3036} INFO - Sync 1 DAGs
[2026-06-12T11:30:57.300+0000] {logging_mixin.py:188} INFO - [2026-06-12T11:30:57.300+0000] {dag.py:3823} INFO - Setting next_dagrun for tutorial_dag to None, run_after=None
[2026-06-12T11:30:57.334+0000] {processor.py:183} INFO - Processing /home/airflow/.local/lib/python3.8/site-packages/airflow/example_dags/tutorial_dag.py took 0.113 seconds
[2026-06-12T11:31:27.568+0000] {processor.py:161} INFO - Started process (PID=3795) to work on /home/airflow/.local/lib/python3.8/site-packages/airflow/example_dags/tutorial_dag.py
[2026-06-12T11:31:27.569+0000] {processor.py:830} INFO - Processing file /home/airflow/.local/lib/python3.8/site-packages/airflow/example_dags/tutorial_dag.py for tasks to queue
[2026-06-12T11:31:27.571+0000] {logging_mixin.py:188} INFO - [2026-06-12T11:31:27.571+0000] {dagbag.py:538} INFO - Filling up the DagBag from /home/airflow/.local/lib/python3.8/site-packages/airflow/example_dags/tutorial_dag.py
[2026-06-12T11:31:27.579+0000] {processor.py:840} INFO - DAG(s) 'tutorial_dag' retrieved from /home/airflow/.local/lib/python3.8/site-packages/airflow/example_dags/tutorial_dag.py
[2026-06-12T11:31:27.616+0000] {logging_mixin.py:188} INFO - [2026-06-12T11:31:27.615+0000] {dag.py:3036} INFO - Sync 1 DAGs
[2026-06-12T11:31:27.639+0000] {logging_mixin.py:188} INFO - [2026-06-12T11:31:27.639+0000] {dag.py:3823} INFO - Setting next_dagrun for tutorial_dag to None, run_after=None
[2026-06-12T11:31:27.671+0000] {processor.py:183} INFO - Processing /home/airflow/.local/lib/python3.8/site-packages/airflow/example_dags/tutorial_dag.py took 0.108 seconds
[2026-06-12T11:31:58.115+0000] {processor.py:161} INFO - Started process (PID=3862) to work on /home/airflow/.local/lib/python3.8/site-packages/airflow/example_dags/tutorial_dag.py
[2026-06-12T11:31:58.117+0000] {processor.py:830} INFO - Processing file /home/airflow/.local/lib/python3.8/site-packages/airflow/example_dags/tutorial_dag.py for tasks to queue
[2026-06-12T11:31:58.120+0000] {logging_mixin.py:188} INFO - [2026-06-12T11:31:58.119+0000] {dagbag.py:538} INFO - Filling up the DagBag from /home/airflow/.local/lib/python3.8/site-packages/airflow/example_dags/tutorial_dag.py
[2026-06-12T11:31:58.129+0000] {processor.py:840} INFO - DAG(s) 'tutorial_dag' retrieved from /home/airflow/.local/lib/python3.8/site-packages/airflow/example_dags/tutorial_dag.py
[2026-06-12T11:31:58.165+0000] {logging_mixin.py:188} INFO - [2026-06-12T11:31:58.165+0000] {dag.py:3036} INFO - Sync 1 DAGs
[2026-06-12T11:31:58.186+0000] {logging_mixin.py:188} INFO - [2026-06-12T11:31:58.185+0000] {dag.py:3823} INFO - Setting next_dagrun for tutorial_dag to None, run_after=None
[2026-06-12T11:31:58.218+0000] {processor.py:183} INFO - Processing /home/airflow/.local/lib/python3.8/site-packages/airflow/example_dags/tutorial_dag.py took 0.109 seconds
[2026-06-12T11:32:28.634+0000] {processor.py:161} INFO - Started process (PID=3928) to work on /home/airflow/.local/lib/python3.8/site-packages/airflow/example_dags/tutorial_dag.py
[2026-06-12T11:32:28.636+0000] {processor.py:830} INFO - Processing file /home/airflow/.local/lib/python3.8/site-packages/airflow/example_dags/tutorial_dag.py for tasks to queue
[2026-06-12T11:32:28.638+0000] {logging_mixin.py:188} INFO - [2026-06-12T11:32:28.638+0000] {dagbag.py:538} INFO - Filling up the DagBag from /home/airflow/.local/lib/python3.8/site-packages/airflow/example_dags/tutorial_dag.py
[2026-06-12T11:32:28.646+0000] {processor.py:840} INFO - DAG(s) 'tutorial_dag' retrieved from /home/airflow/.local/lib/python3.8/site-packages/airflow/example_dags/tutorial_dag.py
[2026-06-12T11:32:28.683+0000] {logging_mixin.py:188} INFO - [2026-06-12T11:32:28.682+0000] {dag.py:3036} INFO - Sync 1 DAGs
[2026-06-12T11:32:28.704+0000] {logging_mixin.py:188} INFO - [2026-06-12T11:32:28.703+0000] {dag.py:3823} INFO - Setting next_dagrun for tutorial_dag to None, run_after=None
[2026-06-12T11:32:28.735+0000] {processor.py:183} INFO - Processing /home/airflow/.local/lib/python3.8/site-packages/airflow/example_dags/tutorial_dag.py took 0.105 seconds
[2026-06-12T11:32:59.213+0000] {processor.py:161} INFO - Started process (PID=3993) to work on /home/airflow/.local/lib/python3.8/site-packages/airflow/example_dags/tutorial_dag.py
[2026-06-12T11:32:59.214+0000] {processor.py:830} INFO - Processing file /home/airflow/.local/lib/python3.8/site-packages/airflow/example_dags/tutorial_dag.py for tasks to queue
[2026-06-12T11:32:59.217+0000] {logging_mixin.py:188} INFO - [2026-06-12T11:32:59.217+0000] {dagbag.py:538} INFO - Filling up the DagBag from /home/airflow/.local/lib/python3.8/site-packages/airflow/example_dags/tutorial_dag.py
[2026-06-12T11:32:59.225+0000] {processor.py:840} INFO - DAG(s) 'tutorial_dag' retrieved from /home/airflow/.local/lib/python3.8/site-packages/airflow/example_dags/tutorial_dag.py
[2026-06-12T11:32:59.263+0000] {logging_mixin.py:188} INFO - [2026-06-12T11:32:59.263+0000] {dag.py:3036} INFO - Sync 1 DAGs
[2026-06-12T11:32:59.285+0000] {logging_mixin.py:188} INFO - [2026-06-12T11:32:59.285+0000] {dag.py:3823} INFO - Setting next_dagrun for tutorial_dag to None, run_after=None
[2026-06-12T11:32:59.315+0000] {processor.py:183} INFO - Processing /home/airflow/.local/lib/python3.8/site-packages/airflow/example_dags/tutorial_dag.py took 0.107 seconds
[2026-06-12T11:33:29.777+0000] {processor.py:161} INFO - Started process (PID=4058) to work on /home/airflow/.local/lib/python3.8/site-packages/airflow/example_dags/tutorial_dag.py
[2026-06-12T11:33:29.778+0000] {processor.py:830} INFO - Processing file /home/airflow/.local/lib/python3.8/site-packages/airflow/example_dags/tutorial_dag.py for tasks to queue
[2026-06-12T11:33:29.781+0000] {logging_mixin.py:188} INFO - [2026-06-12T11:33:29.780+0000] {dagbag.py:538} INFO - Filling up the DagBag from /home/airflow/.local/lib/python3.8/site-packages/airflow/example_dags/tutorial_dag.py
[2026-06-12T11:33:29.788+0000] {processor.py:840} INFO - DAG(s) 'tutorial_dag' retrieved from /home/airflow/.local/lib/python3.8/site-packages/airflow/example_dags/tutorial_dag.py
[2026-06-12T11:33:29.825+0000] {logging_mixin.py:188} INFO - [2026-06-12T11:33:29.824+0000] {dag.py:3036} INFO - Sync 1 DAGs
[2026-06-12T11:33:29.849+0000] {logging_mixin.py:188} INFO - [2026-06-12T11:33:29.848+0000] {dag.py:3823} INFO - Setting next_dagrun for tutorial_dag to None, run_after=None
[2026-06-12T11:33:29.878+0000] {processor.py:183} INFO - Processing /home/airflow/.local/lib/python3.8/site-packages/airflow/example_dags/tutorial_dag.py took 0.107 seconds
[2026-06-12T11:34:00.450+0000] {processor.py:161} INFO - Started process (PID=4130) to work on /home/airflow/.local/lib/python3.8/site-packages/airflow/example_dags/tutorial_dag.py
[2026-06-12T11:34:00.452+0000] {processor.py:830} INFO - Processing file /home/airflow/.local/lib/python3.8/site-packages/airflow/example_dags/tutorial_dag.py for tasks to queue
[2026-06-12T11:34:00.455+0000] {logging_mixin.py:188} INFO - [2026-06-12T11:34:00.455+0000] {dagbag.py:538} INFO - Filling up the DagBag from /home/airflow/.local/lib/python3.8/site-packages/airflow/example_dags/tutorial_dag.py
[2026-06-12T11:34:00.465+0000] {processor.py:840} INFO - DAG(s) 'tutorial_dag' retrieved from /home/airflow/.local/lib/python3.8/site-packages/airflow/example_dags/tutorial_dag.py
[2026-06-12T11:34:00.506+0000] {logging_mixin.py:188} INFO - [2026-06-12T11:34:00.506+0000] {dag.py:3036} INFO - Sync 1 DAGs
[2026-06-12T11:34:00.526+0000] {logging_mixin.py:188} INFO - [2026-06-12T11:34:00.526+0000] {dag.py:3823} INFO - Setting next_dagrun for tutorial_dag to None, run_after=None
[2026-06-12T11:34:00.554+0000] {processor.py:183} INFO - Processing /home/airflow/.local/lib/python3.8/site-packages/airflow/example_dags/tutorial_dag.py took 0.110 seconds
[2026-06-12T11:34:31.238+0000] {processor.py:161} INFO - Started process (PID=4198) to work on /home/airflow/.local/lib/python3.8/site-packages/airflow/example_dags/tutorial_dag.py
[2026-06-12T11:34:31.240+0000] {processor.py:830} INFO - Processing file /home/airflow/.local/lib/python3.8/site-packages/airflow/example_dags/tutorial_dag.py for tasks to queue
[2026-06-12T11:34:31.242+0000] {logging_mixin.py:188} INFO - [2026-06-12T11:34:31.242+0000] {dagbag.py:538} INFO - Filling up the DagBag from /home/airflow/.local/lib/python3.8/site-packages/airflow/example_dags/tutorial_dag.py
[2026-06-12T11:34:31.250+0000] {processor.py:840} INFO - DAG(s) 'tutorial_dag' retrieved from /home/airflow/.local/lib/python3.8/site-packages/airflow/example_dags/tutorial_dag.py
[2026-06-12T11:34:31.289+0000] {logging_mixin.py:188} INFO - [2026-06-12T11:34:31.289+0000] {dag.py:3036} INFO - Sync 1 DAGs
[2026-06-12T11:34:31.311+0000] {logging_mixin.py:188} INFO - [2026-06-12T11:34:31.310+0000] {dag.py:3823} INFO - Setting next_dagrun for tutorial_dag to None, run_after=None
[2026-06-12T11:34:31.345+0000] {processor.py:183} INFO - Processing /home/airflow/.local/lib/python3.8/site-packages/airflow/example_dags/tutorial_dag.py took 0.112 seconds
[2026-06-12T11:35:01.722+0000] {processor.py:161} INFO - Started process (PID=4264) to work on /home/airflow/.local/lib/python3.8/site-packages/airflow/example_dags/tutorial_dag.py
[2026-06-12T11:35:01.725+0000] {processor.py:830} INFO - Processing file /home/airflow/.local/lib/python3.8/site-packages/airflow/example_dags/tutorial_dag.py for tasks to queue
[2026-06-12T11:35:01.728+0000] {logging_mixin.py:188} INFO - [2026-06-12T11:35:01.728+0000] {dagbag.py:538} INFO - Filling up the DagBag from /home/airflow/.local/lib/python3.8/site-packages/airflow/example_dags/tutorial_dag.py
[2026-06-12T11:35:01.751+0000] {processor.py:840} INFO - DAG(s) 'tutorial_dag' retrieved from /home/airflow/.local/lib/python3.8/site-packages/airflow/example_dags/tutorial_dag.py
[2026-06-12T11:35:01.801+0000] {logging_mixin.py:188} INFO - [2026-06-12T11:35:01.800+0000] {dag.py:3036} INFO - Sync 1 DAGs
[2026-06-12T11:35:01.824+0000] {logging_mixin.py:188} INFO - [2026-06-12T11:35:01.824+0000] {dag.py:3823} INFO - Setting next_dagrun for tutorial_dag to None, run_after=None
[2026-06-12T11:35:01.863+0000] {processor.py:183} INFO - Processing /home/airflow/.local/lib/python3.8/site-packages/airflow/example_dags/tutorial_dag.py took 0.148 seconds
[2026-06-12T11:35:32.331+0000] {processor.py:161} INFO - Started process (PID=4329) to work on /home/airflow/.local/lib/python3.8/site-packages/airflow/example_dags/tutorial_dag.py
[2026-06-12T11:35:32.332+0000] {processor.py:830} INFO - Processing file /home/airflow/.local/lib/python3.8/site-packages/airflow/example_dags/tutorial_dag.py for tasks to queue
[2026-06-12T11:35:32.334+0000] {logging_mixin.py:188} INFO - [2026-06-12T11:35:32.334+0000] {dagbag.py:538} INFO - Filling up the DagBag from /home/airflow/.local/lib/python3.8/site-packages/airflow/example_dags/tutorial_dag.py
[2026-06-12T11:35:32.344+0000] {processor.py:840} INFO - DAG(s) 'tutorial_dag' retrieved from /home/airflow/.local/lib/python3.8/site-packages/airflow/example_dags/tutorial_dag.py
[2026-06-12T11:35:32.384+0000] {logging_mixin.py:188} INFO - [2026-06-12T11:35:32.383+0000] {dag.py:3036} INFO - Sync 1 DAGs
[2026-06-12T11:35:32.403+0000] {logging_mixin.py:188} INFO - [2026-06-12T11:35:32.402+0000] {dag.py:3823} INFO - Setting next_dagrun for tutorial_dag to None, run_after=None
[2026-06-12T11:35:32.432+0000] {processor.py:183} INFO - Processing /home/airflow/.local/lib/python3.8/site-packages/airflow/example_dags/tutorial_dag.py took 0.106 seconds
[2026-06-12T11:36:02.738+0000] {processor.py:161} INFO - Started process (PID=4393) to work on /home/airflow/.local/lib/python3.8/site-packages/airflow/example_dags/tutorial_dag.py
[2026-06-12T11:36:02.740+0000] {processor.py:830} INFO - Processing file /home/airflow/.local/lib/python3.8/site-packages/airflow/example_dags/tutorial_dag.py for tasks to queue
[2026-06-12T11:36:02.742+0000] {logging_mixin.py:188} INFO - [2026-06-12T11:36:02.742+0000] {dagbag.py:538} INFO - Filling up the DagBag from /home/airflow/.local/lib/python3.8/site-packages/airflow/example_dags/tutorial_dag.py
[2026-06-12T11:36:02.750+0000] {processor.py:840} INFO - DAG(s) 'tutorial_dag' retrieved from /home/airflow/.local/lib/python3.8/site-packages/airflow/example_dags/tutorial_dag.py
[2026-06-12T11:36:02.788+0000] {logging_mixin.py:188} INFO - [2026-06-12T11:36:02.787+0000] {dag.py:3036} INFO - Sync 1 DAGs
[2026-06-12T11:36:02.808+0000] {logging_mixin.py:188} INFO - [2026-06-12T11:36:02.807+0000] {dag.py:3823} INFO - Setting next_dagrun for tutorial_dag to None, run_after=None
[2026-06-12T11:36:02.839+0000] {processor.py:183} INFO - Processing /home/airflow/.local/lib/python3.8/site-packages/airflow/example_dags/tutorial_dag.py took 0.106 seconds
[2026-06-12T11:36:33.305+0000] {processor.py:161} INFO - Started process (PID=4458) to work on /home/airflow/.local/lib/python3.8/site-packages/airflow/example_dags/tutorial_dag.py
[2026-06-12T11:36:33.306+0000] {processor.py:830} INFO - Processing file /home/airflow/.local/lib/python3.8/site-packages/airflow/example_dags/tutorial_dag.py for tasks to queue
[2026-06-12T11:36:33.309+0000] {logging_mixin.py:188} INFO - [2026-06-12T11:36:33.308+0000] {dagbag.py:538} INFO - Filling up the DagBag from /home/airflow/.local/lib/python3.8/site-packages/airflow/example_dags/tutorial_dag.py
[2026-06-12T11:36:33.316+0000] {processor.py:840} INFO - DAG(s) 'tutorial_dag' retrieved from /home/airflow/.local/lib/python3.8/site-packages/airflow/example_dags/tutorial_dag.py
[2026-06-12T11:36:33.355+0000] {logging_mixin.py:188} INFO - [2026-06-12T11:36:33.355+0000] {dag.py:3036} INFO - Sync 1 DAGs
[2026-06-12T11:36:33.376+0000] {logging_mixin.py:188} INFO - [2026-06-12T11:36:33.375+0000] {dag.py:3823} INFO - Setting next_dagrun for tutorial_dag to None, run_after=None
[2026-06-12T11:36:33.404+0000] {processor.py:183} INFO - Processing /home/airflow/.local/lib/python3.8/site-packages/airflow/example_dags/tutorial_dag.py took 0.103 seconds
[2026-06-12T11:37:03.660+0000] {processor.py:161} INFO - Started process (PID=4525) to work on /home/airflow/.local/lib/python3.8/site-packages/airflow/example_dags/tutorial_dag.py
[2026-06-12T11:37:03.662+0000] {processor.py:830} INFO - Processing file /home/airflow/.local/lib/python3.8/site-packages/airflow/example_dags/tutorial_dag.py for tasks to queue
[2026-06-12T11:37:03.665+0000] {logging_mixin.py:188} INFO - [2026-06-12T11:37:03.665+0000] {dagbag.py:538} INFO - Filling up the DagBag from /home/airflow/.local/lib/python3.8/site-packages/airflow/example_dags/tutorial_dag.py
[2026-06-12T11:37:03.673+0000] {processor.py:840} INFO - DAG(s) 'tutorial_dag' retrieved from /home/airflow/.local/lib/python3.8/site-packages/airflow/example_dags/tutorial_dag.py
[2026-06-12T11:37:03.710+0000] {logging_mixin.py:188} INFO - [2026-06-12T11:37:03.710+0000] {dag.py:3036} INFO - Sync 1 DAGs
[2026-06-12T11:37:03.731+0000] {logging_mixin.py:188} INFO - [2026-06-12T11:37:03.730+0000] {dag.py:3823} INFO - Setting next_dagrun for tutorial_dag to None, run_after=None
[2026-06-12T11:37:03.763+0000] {processor.py:183} INFO - Processing /home/airflow/.local/lib/python3.8/site-packages/airflow/example_dags/tutorial_dag.py took 0.108 seconds
