[2026-06-12T11:02:57.217+0000] {processor.py:161} INFO - Started process (PID=53) to work on /opt/airflow/dags/retrain_dag.py
[2026-06-12T11:02:57.219+0000] {processor.py:830} INFO - Processing file /opt/airflow/dags/retrain_dag.py for tasks to queue
[2026-06-12T11:02:57.221+0000] {logging_mixin.py:188} INFO - [2026-06-12T11:02:57.221+0000] {dagbag.py:538} INFO - Filling up the DagBag from /opt/airflow/dags/retrain_dag.py
[2026-06-12T11:02:57.284+0000] {processor.py:840} INFO - DAG(s) 'retrain_sentimentai' retrieved from /opt/airflow/dags/retrain_dag.py
[2026-06-12T11:02:57.431+0000] {logging_mixin.py:188} INFO - [2026-06-12T11:02:57.430+0000] {dag.py:3036} INFO - Sync 1 DAGs
[2026-06-12T11:02:57.546+0000] {logging_mixin.py:188} INFO - [2026-06-12T11:02:57.546+0000] {dag.py:3823} INFO - Setting next_dagrun for retrain_sentimentai to 2026-06-11 02:00:00+00:00, run_after=2026-06-12 02:00:00+00:00
[2026-06-12T11:02:57.640+0000] {processor.py:183} INFO - Processing /opt/airflow/dags/retrain_dag.py took 0.435 seconds
[2026-06-12T11:03:27.807+0000] {processor.py:161} INFO - Started process (PID=119) to work on /opt/airflow/dags/retrain_dag.py
[2026-06-12T11:03:27.809+0000] {processor.py:830} INFO - Processing file /opt/airflow/dags/retrain_dag.py for tasks to queue
[2026-06-12T11:03:27.812+0000] {logging_mixin.py:188} INFO - [2026-06-12T11:03:27.811+0000] {dagbag.py:538} INFO - Filling up the DagBag from /opt/airflow/dags/retrain_dag.py
[2026-06-12T11:03:27.826+0000] {processor.py:840} INFO - DAG(s) 'retrain_sentimentai' retrieved from /opt/airflow/dags/retrain_dag.py
[2026-06-12T11:03:28.215+0000] {logging_mixin.py:188} INFO - [2026-06-12T11:03:28.214+0000] {dag.py:3036} INFO - Sync 1 DAGs
[2026-06-12T11:03:28.257+0000] {logging_mixin.py:188} INFO - [2026-06-12T11:03:28.257+0000] {dag.py:3823} INFO - Setting next_dagrun for retrain_sentimentai to 2026-06-11 02:00:00+00:00, run_after=2026-06-12 02:00:00+00:00
[2026-06-12T11:03:28.291+0000] {processor.py:183} INFO - Processing /opt/airflow/dags/retrain_dag.py took 0.490 seconds
[2026-06-12T11:03:58.813+0000] {processor.py:161} INFO - Started process (PID=185) to work on /opt/airflow/dags/retrain_dag.py
[2026-06-12T11:03:58.815+0000] {processor.py:830} INFO - Processing file /opt/airflow/dags/retrain_dag.py for tasks to queue
[2026-06-12T11:03:58.818+0000] {logging_mixin.py:188} INFO - [2026-06-12T11:03:58.818+0000] {dagbag.py:538} INFO - Filling up the DagBag from /opt/airflow/dags/retrain_dag.py
[2026-06-12T11:03:58.833+0000] {processor.py:840} INFO - DAG(s) 'retrain_sentimentai' retrieved from /opt/airflow/dags/retrain_dag.py
[2026-06-12T11:03:58.875+0000] {logging_mixin.py:188} INFO - [2026-06-12T11:03:58.875+0000] {dag.py:3036} INFO - Sync 1 DAGs
[2026-06-12T11:03:58.923+0000] {logging_mixin.py:188} INFO - [2026-06-12T11:03:58.923+0000] {dag.py:3823} INFO - Setting next_dagrun for retrain_sentimentai to 2026-06-11 02:00:00+00:00, run_after=2026-06-12 02:00:00+00:00
[2026-06-12T11:03:58.956+0000] {processor.py:183} INFO - Processing /opt/airflow/dags/retrain_dag.py took 0.149 seconds
[2026-06-12T11:04:29.408+0000] {processor.py:161} INFO - Started process (PID=252) to work on /opt/airflow/dags/retrain_dag.py
[2026-06-12T11:04:29.410+0000] {processor.py:830} INFO - Processing file /opt/airflow/dags/retrain_dag.py for tasks to queue
[2026-06-12T11:04:29.412+0000] {logging_mixin.py:188} INFO - [2026-06-12T11:04:29.412+0000] {dagbag.py:538} INFO - Filling up the DagBag from /opt/airflow/dags/retrain_dag.py
[2026-06-12T11:04:29.424+0000] {processor.py:840} INFO - DAG(s) 'retrain_sentimentai' retrieved from /opt/airflow/dags/retrain_dag.py
[2026-06-12T11:04:29.462+0000] {logging_mixin.py:188} INFO - [2026-06-12T11:04:29.462+0000] {dag.py:3036} INFO - Sync 1 DAGs
[2026-06-12T11:04:29.500+0000] {logging_mixin.py:188} INFO - [2026-06-12T11:04:29.500+0000] {dag.py:3823} INFO - Setting next_dagrun for retrain_sentimentai to 2026-06-11 02:00:00+00:00, run_after=2026-06-12 02:00:00+00:00
[2026-06-12T11:04:29.531+0000] {processor.py:183} INFO - Processing /opt/airflow/dags/retrain_dag.py took 0.128 seconds
[2026-06-12T11:04:59.608+0000] {processor.py:161} INFO - Started process (PID=318) to work on /opt/airflow/dags/retrain_dag.py
[2026-06-12T11:04:59.610+0000] {processor.py:830} INFO - Processing file /opt/airflow/dags/retrain_dag.py for tasks to queue
[2026-06-12T11:04:59.613+0000] {logging_mixin.py:188} INFO - [2026-06-12T11:04:59.613+0000] {dagbag.py:538} INFO - Filling up the DagBag from /opt/airflow/dags/retrain_dag.py
[2026-06-12T11:04:59.625+0000] {processor.py:840} INFO - DAG(s) 'retrain_sentimentai' retrieved from /opt/airflow/dags/retrain_dag.py
[2026-06-12T11:04:59.664+0000] {logging_mixin.py:188} INFO - [2026-06-12T11:04:59.664+0000] {dag.py:3036} INFO - Sync 1 DAGs
[2026-06-12T11:04:59.709+0000] {logging_mixin.py:188} INFO - [2026-06-12T11:04:59.709+0000] {dag.py:3823} INFO - Setting next_dagrun for retrain_sentimentai to 2026-06-11 02:00:00+00:00, run_after=2026-06-12 02:00:00+00:00
[2026-06-12T11:04:59.740+0000] {processor.py:183} INFO - Processing /opt/airflow/dags/retrain_dag.py took 0.137 seconds
[2026-06-12T11:05:30.185+0000] {processor.py:161} INFO - Started process (PID=384) to work on /opt/airflow/dags/retrain_dag.py
[2026-06-12T11:05:30.186+0000] {processor.py:830} INFO - Processing file /opt/airflow/dags/retrain_dag.py for tasks to queue
[2026-06-12T11:05:30.189+0000] {logging_mixin.py:188} INFO - [2026-06-12T11:05:30.188+0000] {dagbag.py:538} INFO - Filling up the DagBag from /opt/airflow/dags/retrain_dag.py
[2026-06-12T11:05:30.201+0000] {processor.py:840} INFO - DAG(s) 'retrain_sentimentai' retrieved from /opt/airflow/dags/retrain_dag.py
[2026-06-12T11:05:30.239+0000] {logging_mixin.py:188} INFO - [2026-06-12T11:05:30.239+0000] {dag.py:3036} INFO - Sync 1 DAGs
[2026-06-12T11:05:30.277+0000] {logging_mixin.py:188} INFO - [2026-06-12T11:05:30.277+0000] {dag.py:3823} INFO - Setting next_dagrun for retrain_sentimentai to 2026-06-11 02:00:00+00:00, run_after=2026-06-12 02:00:00+00:00
[2026-06-12T11:05:30.304+0000] {processor.py:183} INFO - Processing /opt/airflow/dags/retrain_dag.py took 0.124 seconds
[2026-06-12T11:06:00.573+0000] {processor.py:161} INFO - Started process (PID=450) to work on /opt/airflow/dags/retrain_dag.py
[2026-06-12T11:06:00.575+0000] {processor.py:830} INFO - Processing file /opt/airflow/dags/retrain_dag.py for tasks to queue
[2026-06-12T11:06:00.578+0000] {logging_mixin.py:188} INFO - [2026-06-12T11:06:00.577+0000] {dagbag.py:538} INFO - Filling up the DagBag from /opt/airflow/dags/retrain_dag.py
[2026-06-12T11:06:00.590+0000] {processor.py:840} INFO - DAG(s) 'retrain_sentimentai' retrieved from /opt/airflow/dags/retrain_dag.py
[2026-06-12T11:06:00.632+0000] {logging_mixin.py:188} INFO - [2026-06-12T11:06:00.632+0000] {dag.py:3036} INFO - Sync 1 DAGs
[2026-06-12T11:06:00.675+0000] {logging_mixin.py:188} INFO - [2026-06-12T11:06:00.675+0000] {dag.py:3823} INFO - Setting next_dagrun for retrain_sentimentai to 2026-06-11 02:00:00+00:00, run_after=2026-06-12 02:00:00+00:00
[2026-06-12T11:06:00.703+0000] {processor.py:183} INFO - Processing /opt/airflow/dags/retrain_dag.py took 0.134 seconds
[2026-06-12T11:06:31.009+0000] {processor.py:161} INFO - Started process (PID=515) to work on /opt/airflow/dags/retrain_dag.py
[2026-06-12T11:06:31.010+0000] {processor.py:830} INFO - Processing file /opt/airflow/dags/retrain_dag.py for tasks to queue
[2026-06-12T11:06:31.013+0000] {logging_mixin.py:188} INFO - [2026-06-12T11:06:31.012+0000] {dagbag.py:538} INFO - Filling up the DagBag from /opt/airflow/dags/retrain_dag.py
[2026-06-12T11:06:31.024+0000] {processor.py:840} INFO - DAG(s) 'retrain_sentimentai' retrieved from /opt/airflow/dags/retrain_dag.py
[2026-06-12T11:06:31.062+0000] {logging_mixin.py:188} INFO - [2026-06-12T11:06:31.062+0000] {dag.py:3036} INFO - Sync 1 DAGs
[2026-06-12T11:06:31.106+0000] {logging_mixin.py:188} INFO - [2026-06-12T11:06:31.105+0000] {dag.py:3823} INFO - Setting next_dagrun for retrain_sentimentai to 2026-06-11 02:00:00+00:00, run_after=2026-06-12 02:00:00+00:00
[2026-06-12T11:06:31.138+0000] {processor.py:183} INFO - Processing /opt/airflow/dags/retrain_dag.py took 0.133 seconds
[2026-06-12T11:07:01.368+0000] {processor.py:161} INFO - Started process (PID=580) to work on /opt/airflow/dags/retrain_dag.py
[2026-06-12T11:07:01.374+0000] {processor.py:830} INFO - Processing file /opt/airflow/dags/retrain_dag.py for tasks to queue
[2026-06-12T11:07:01.378+0000] {logging_mixin.py:188} INFO - [2026-06-12T11:07:01.377+0000] {dagbag.py:538} INFO - Filling up the DagBag from /opt/airflow/dags/retrain_dag.py
[2026-06-12T11:07:01.396+0000] {processor.py:840} INFO - DAG(s) 'retrain_sentimentai' retrieved from /opt/airflow/dags/retrain_dag.py
[2026-06-12T11:07:01.440+0000] {logging_mixin.py:188} INFO - [2026-06-12T11:07:01.439+0000] {dag.py:3036} INFO - Sync 1 DAGs
[2026-06-12T11:07:01.488+0000] {logging_mixin.py:188} INFO - [2026-06-12T11:07:01.488+0000] {dag.py:3823} INFO - Setting next_dagrun for retrain_sentimentai to 2026-06-11 02:00:00+00:00, run_after=2026-06-12 02:00:00+00:00
[2026-06-12T11:07:01.519+0000] {processor.py:183} INFO - Processing /opt/airflow/dags/retrain_dag.py took 0.162 seconds
[2026-06-12T11:07:31.772+0000] {processor.py:161} INFO - Started process (PID=645) to work on /opt/airflow/dags/retrain_dag.py
[2026-06-12T11:07:31.773+0000] {processor.py:830} INFO - Processing file /opt/airflow/dags/retrain_dag.py for tasks to queue
[2026-06-12T11:07:31.776+0000] {logging_mixin.py:188} INFO - [2026-06-12T11:07:31.775+0000] {dagbag.py:538} INFO - Filling up the DagBag from /opt/airflow/dags/retrain_dag.py
[2026-06-12T11:07:31.789+0000] {processor.py:840} INFO - DAG(s) 'retrain_sentimentai' retrieved from /opt/airflow/dags/retrain_dag.py
[2026-06-12T11:07:31.829+0000] {logging_mixin.py:188} INFO - [2026-06-12T11:07:31.829+0000] {dag.py:3036} INFO - Sync 1 DAGs
[2026-06-12T11:07:31.877+0000] {logging_mixin.py:188} INFO - [2026-06-12T11:07:31.877+0000] {dag.py:3823} INFO - Setting next_dagrun for retrain_sentimentai to 2026-06-11 02:00:00+00:00, run_after=2026-06-12 02:00:00+00:00
[2026-06-12T11:07:31.908+0000] {processor.py:183} INFO - Processing /opt/airflow/dags/retrain_dag.py took 0.141 seconds
[2026-06-12T11:08:01.972+0000] {processor.py:161} INFO - Started process (PID=711) to work on /opt/airflow/dags/retrain_dag.py
[2026-06-12T11:08:01.974+0000] {processor.py:830} INFO - Processing file /opt/airflow/dags/retrain_dag.py for tasks to queue
[2026-06-12T11:08:01.978+0000] {logging_mixin.py:188} INFO - [2026-06-12T11:08:01.977+0000] {dagbag.py:538} INFO - Filling up the DagBag from /opt/airflow/dags/retrain_dag.py
[2026-06-12T11:08:01.993+0000] {processor.py:840} INFO - DAG(s) 'retrain_sentimentai' retrieved from /opt/airflow/dags/retrain_dag.py
[2026-06-12T11:08:02.037+0000] {logging_mixin.py:188} INFO - [2026-06-12T11:08:02.036+0000] {dag.py:3036} INFO - Sync 1 DAGs
[2026-06-12T11:08:02.077+0000] {logging_mixin.py:188} INFO - [2026-06-12T11:08:02.076+0000] {dag.py:3823} INFO - Setting next_dagrun for retrain_sentimentai to 2026-06-11 02:00:00+00:00, run_after=2026-06-12 02:00:00+00:00
[2026-06-12T11:08:02.109+0000] {processor.py:183} INFO - Processing /opt/airflow/dags/retrain_dag.py took 0.142 seconds
[2026-06-12T11:08:32.464+0000] {processor.py:161} INFO - Started process (PID=786) to work on /opt/airflow/dags/retrain_dag.py
[2026-06-12T11:08:32.466+0000] {processor.py:830} INFO - Processing file /opt/airflow/dags/retrain_dag.py for tasks to queue
[2026-06-12T11:08:32.471+0000] {logging_mixin.py:188} INFO - [2026-06-12T11:08:32.470+0000] {dagbag.py:538} INFO - Filling up the DagBag from /opt/airflow/dags/retrain_dag.py
[2026-06-12T11:08:32.485+0000] {processor.py:840} INFO - DAG(s) 'retrain_sentimentai' retrieved from /opt/airflow/dags/retrain_dag.py
[2026-06-12T11:08:32.526+0000] {logging_mixin.py:188} INFO - [2026-06-12T11:08:32.526+0000] {dag.py:3036} INFO - Sync 1 DAGs
[2026-06-12T11:08:32.572+0000] {logging_mixin.py:188} INFO - [2026-06-12T11:08:32.572+0000] {dag.py:3823} INFO - Setting next_dagrun for retrain_sentimentai to 2026-06-11 02:00:00+00:00, run_after=2026-06-12 02:00:00+00:00
[2026-06-12T11:08:32.604+0000] {processor.py:183} INFO - Processing /opt/airflow/dags/retrain_dag.py took 0.145 seconds
[2026-06-12T11:09:02.859+0000] {processor.py:161} INFO - Started process (PID=851) to work on /opt/airflow/dags/retrain_dag.py
[2026-06-12T11:09:02.860+0000] {processor.py:830} INFO - Processing file /opt/airflow/dags/retrain_dag.py for tasks to queue
[2026-06-12T11:09:02.863+0000] {logging_mixin.py:188} INFO - [2026-06-12T11:09:02.863+0000] {dagbag.py:538} INFO - Filling up the DagBag from /opt/airflow/dags/retrain_dag.py
[2026-06-12T11:09:02.875+0000] {processor.py:840} INFO - DAG(s) 'retrain_sentimentai' retrieved from /opt/airflow/dags/retrain_dag.py
[2026-06-12T11:09:02.910+0000] {logging_mixin.py:188} INFO - [2026-06-12T11:09:02.910+0000] {dag.py:3036} INFO - Sync 1 DAGs
[2026-06-12T11:09:02.953+0000] {logging_mixin.py:188} INFO - [2026-06-12T11:09:02.953+0000] {dag.py:3823} INFO - Setting next_dagrun for retrain_sentimentai to 2026-06-11 02:00:00+00:00, run_after=2026-06-12 02:00:00+00:00
[2026-06-12T11:09:02.988+0000] {processor.py:183} INFO - Processing /opt/airflow/dags/retrain_dag.py took 0.134 seconds
[2026-06-12T11:09:33.478+0000] {processor.py:161} INFO - Started process (PID=918) to work on /opt/airflow/dags/retrain_dag.py
[2026-06-12T11:09:33.480+0000] {processor.py:830} INFO - Processing file /opt/airflow/dags/retrain_dag.py for tasks to queue
[2026-06-12T11:09:33.482+0000] {logging_mixin.py:188} INFO - [2026-06-12T11:09:33.482+0000] {dagbag.py:538} INFO - Filling up the DagBag from /opt/airflow/dags/retrain_dag.py
[2026-06-12T11:09:33.494+0000] {processor.py:840} INFO - DAG(s) 'retrain_sentimentai' retrieved from /opt/airflow/dags/retrain_dag.py
[2026-06-12T11:09:33.531+0000] {logging_mixin.py:188} INFO - [2026-06-12T11:09:33.531+0000] {dag.py:3036} INFO - Sync 1 DAGs
[2026-06-12T11:09:33.574+0000] {logging_mixin.py:188} INFO - [2026-06-12T11:09:33.574+0000] {dag.py:3823} INFO - Setting next_dagrun for retrain_sentimentai to 2026-06-11 02:00:00+00:00, run_after=2026-06-12 02:00:00+00:00
[2026-06-12T11:09:33.610+0000] {processor.py:183} INFO - Processing /opt/airflow/dags/retrain_dag.py took 0.137 seconds
[2026-06-12T11:10:03.811+0000] {processor.py:161} INFO - Started process (PID=983) to work on /opt/airflow/dags/retrain_dag.py
[2026-06-12T11:10:03.813+0000] {processor.py:830} INFO - Processing file /opt/airflow/dags/retrain_dag.py for tasks to queue
[2026-06-12T11:10:03.816+0000] {logging_mixin.py:188} INFO - [2026-06-12T11:10:03.815+0000] {dagbag.py:538} INFO - Filling up the DagBag from /opt/airflow/dags/retrain_dag.py
[2026-06-12T11:10:03.829+0000] {processor.py:840} INFO - DAG(s) 'retrain_sentimentai' retrieved from /opt/airflow/dags/retrain_dag.py
[2026-06-12T11:10:03.872+0000] {logging_mixin.py:188} INFO - [2026-06-12T11:10:03.872+0000] {dag.py:3036} INFO - Sync 1 DAGs
[2026-06-12T11:10:03.912+0000] {logging_mixin.py:188} INFO - [2026-06-12T11:10:03.911+0000] {dag.py:3823} INFO - Setting next_dagrun for retrain_sentimentai to 2026-06-11 02:00:00+00:00, run_after=2026-06-12 02:00:00+00:00
[2026-06-12T11:10:03.942+0000] {processor.py:183} INFO - Processing /opt/airflow/dags/retrain_dag.py took 0.137 seconds
[2026-06-12T11:10:34.290+0000] {processor.py:161} INFO - Started process (PID=1048) to work on /opt/airflow/dags/retrain_dag.py
[2026-06-12T11:10:34.291+0000] {processor.py:830} INFO - Processing file /opt/airflow/dags/retrain_dag.py for tasks to queue
[2026-06-12T11:10:34.294+0000] {logging_mixin.py:188} INFO - [2026-06-12T11:10:34.293+0000] {dagbag.py:538} INFO - Filling up the DagBag from /opt/airflow/dags/retrain_dag.py
[2026-06-12T11:10:34.305+0000] {processor.py:840} INFO - DAG(s) 'retrain_sentimentai' retrieved from /opt/airflow/dags/retrain_dag.py
[2026-06-12T11:10:34.343+0000] {logging_mixin.py:188} INFO - [2026-06-12T11:10:34.342+0000] {dag.py:3036} INFO - Sync 1 DAGs
[2026-06-12T11:10:34.391+0000] {logging_mixin.py:188} INFO - [2026-06-12T11:10:34.390+0000] {dag.py:3823} INFO - Setting next_dagrun for retrain_sentimentai to 2026-06-11 02:00:00+00:00, run_after=2026-06-12 02:00:00+00:00
[2026-06-12T11:10:34.426+0000] {processor.py:183} INFO - Processing /opt/airflow/dags/retrain_dag.py took 0.141 seconds
[2026-06-12T11:11:04.612+0000] {processor.py:161} INFO - Started process (PID=1114) to work on /opt/airflow/dags/retrain_dag.py
[2026-06-12T11:11:04.614+0000] {processor.py:830} INFO - Processing file /opt/airflow/dags/retrain_dag.py for tasks to queue
[2026-06-12T11:11:04.616+0000] {logging_mixin.py:188} INFO - [2026-06-12T11:11:04.616+0000] {dagbag.py:538} INFO - Filling up the DagBag from /opt/airflow/dags/retrain_dag.py
[2026-06-12T11:11:04.628+0000] {processor.py:840} INFO - DAG(s) 'retrain_sentimentai' retrieved from /opt/airflow/dags/retrain_dag.py
[2026-06-12T11:11:04.664+0000] {logging_mixin.py:188} INFO - [2026-06-12T11:11:04.664+0000] {dag.py:3036} INFO - Sync 1 DAGs
[2026-06-12T11:11:04.701+0000] {logging_mixin.py:188} INFO - [2026-06-12T11:11:04.701+0000] {dag.py:3823} INFO - Setting next_dagrun for retrain_sentimentai to 2026-06-11 02:00:00+00:00, run_after=2026-06-12 02:00:00+00:00
[2026-06-12T11:11:04.729+0000] {processor.py:183} INFO - Processing /opt/airflow/dags/retrain_dag.py took 0.122 seconds
[2026-06-12T11:11:34.825+0000] {processor.py:161} INFO - Started process (PID=1181) to work on /opt/airflow/dags/retrain_dag.py
[2026-06-12T11:11:34.827+0000] {processor.py:830} INFO - Processing file /opt/airflow/dags/retrain_dag.py for tasks to queue
[2026-06-12T11:11:34.830+0000] {logging_mixin.py:188} INFO - [2026-06-12T11:11:34.830+0000] {dagbag.py:538} INFO - Filling up the DagBag from /opt/airflow/dags/retrain_dag.py
[2026-06-12T11:11:34.842+0000] {processor.py:840} INFO - DAG(s) 'retrain_sentimentai' retrieved from /opt/airflow/dags/retrain_dag.py
[2026-06-12T11:11:34.876+0000] {logging_mixin.py:188} INFO - [2026-06-12T11:11:34.876+0000] {dag.py:3036} INFO - Sync 1 DAGs
[2026-06-12T11:11:34.912+0000] {logging_mixin.py:188} INFO - [2026-06-12T11:11:34.912+0000] {dag.py:3823} INFO - Setting next_dagrun for retrain_sentimentai to 2026-06-11 02:00:00+00:00, run_after=2026-06-12 02:00:00+00:00
[2026-06-12T11:11:34.939+0000] {processor.py:183} INFO - Processing /opt/airflow/dags/retrain_dag.py took 0.118 seconds
[2026-06-12T11:12:04.988+0000] {processor.py:161} INFO - Started process (PID=1247) to work on /opt/airflow/dags/retrain_dag.py
[2026-06-12T11:12:04.989+0000] {processor.py:830} INFO - Processing file /opt/airflow/dags/retrain_dag.py for tasks to queue
[2026-06-12T11:12:04.992+0000] {logging_mixin.py:188} INFO - [2026-06-12T11:12:04.991+0000] {dagbag.py:538} INFO - Filling up the DagBag from /opt/airflow/dags/retrain_dag.py
[2026-06-12T11:12:05.005+0000] {processor.py:840} INFO - DAG(s) 'retrain_sentimentai' retrieved from /opt/airflow/dags/retrain_dag.py
[2026-06-12T11:12:05.042+0000] {logging_mixin.py:188} INFO - [2026-06-12T11:12:05.042+0000] {dag.py:3036} INFO - Sync 1 DAGs
[2026-06-12T11:12:05.084+0000] {logging_mixin.py:188} INFO - [2026-06-12T11:12:05.084+0000] {dag.py:3823} INFO - Setting next_dagrun for retrain_sentimentai to 2026-06-11 02:00:00+00:00, run_after=2026-06-12 02:00:00+00:00
[2026-06-12T11:12:05.119+0000] {processor.py:183} INFO - Processing /opt/airflow/dags/retrain_dag.py took 0.136 seconds
[2026-06-12T11:12:35.448+0000] {processor.py:161} INFO - Started process (PID=1322) to work on /opt/airflow/dags/retrain_dag.py
[2026-06-12T11:12:35.450+0000] {processor.py:830} INFO - Processing file /opt/airflow/dags/retrain_dag.py for tasks to queue
[2026-06-12T11:12:35.453+0000] {logging_mixin.py:188} INFO - [2026-06-12T11:12:35.453+0000] {dagbag.py:538} INFO - Filling up the DagBag from /opt/airflow/dags/retrain_dag.py
[2026-06-12T11:12:35.465+0000] {processor.py:840} INFO - DAG(s) 'retrain_sentimentai' retrieved from /opt/airflow/dags/retrain_dag.py
[2026-06-12T11:12:35.503+0000] {logging_mixin.py:188} INFO - [2026-06-12T11:12:35.502+0000] {dag.py:3036} INFO - Sync 1 DAGs
[2026-06-12T11:12:35.549+0000] {logging_mixin.py:188} INFO - [2026-06-12T11:12:35.548+0000] {dag.py:3823} INFO - Setting next_dagrun for retrain_sentimentai to 2026-06-11 02:00:00+00:00, run_after=2026-06-12 02:00:00+00:00
[2026-06-12T11:12:35.580+0000] {processor.py:183} INFO - Processing /opt/airflow/dags/retrain_dag.py took 0.137 seconds
[2026-06-12T11:13:06.394+0000] {processor.py:161} INFO - Started process (PID=1388) to work on /opt/airflow/dags/retrain_dag.py
[2026-06-12T11:13:06.401+0000] {processor.py:830} INFO - Processing file /opt/airflow/dags/retrain_dag.py for tasks to queue
[2026-06-12T11:13:06.403+0000] {logging_mixin.py:188} INFO - [2026-06-12T11:13:06.403+0000] {dagbag.py:538} INFO - Filling up the DagBag from /opt/airflow/dags/retrain_dag.py
[2026-06-12T11:13:06.417+0000] {processor.py:840} INFO - DAG(s) 'retrain_sentimentai' retrieved from /opt/airflow/dags/retrain_dag.py
[2026-06-12T11:13:06.459+0000] {logging_mixin.py:188} INFO - [2026-06-12T11:13:06.459+0000] {dag.py:3036} INFO - Sync 1 DAGs
[2026-06-12T11:13:06.505+0000] {logging_mixin.py:188} INFO - [2026-06-12T11:13:06.505+0000] {dag.py:3823} INFO - Setting next_dagrun for retrain_sentimentai to 2026-06-11 02:00:00+00:00, run_after=2026-06-12 02:00:00+00:00
[2026-06-12T11:13:06.537+0000] {processor.py:183} INFO - Processing /opt/airflow/dags/retrain_dag.py took 0.149 seconds
[2026-06-12T11:13:37.226+0000] {processor.py:161} INFO - Started process (PID=1454) to work on /opt/airflow/dags/retrain_dag.py
[2026-06-12T11:13:37.227+0000] {processor.py:830} INFO - Processing file /opt/airflow/dags/retrain_dag.py for tasks to queue
[2026-06-12T11:13:37.229+0000] {logging_mixin.py:188} INFO - [2026-06-12T11:13:37.229+0000] {dagbag.py:538} INFO - Filling up the DagBag from /opt/airflow/dags/retrain_dag.py
[2026-06-12T11:13:37.241+0000] {processor.py:840} INFO - DAG(s) 'retrain_sentimentai' retrieved from /opt/airflow/dags/retrain_dag.py
[2026-06-12T11:13:37.280+0000] {logging_mixin.py:188} INFO - [2026-06-12T11:13:37.278+0000] {dag.py:3036} INFO - Sync 1 DAGs
[2026-06-12T11:13:37.320+0000] {logging_mixin.py:188} INFO - [2026-06-12T11:13:37.320+0000] {dag.py:3823} INFO - Setting next_dagrun for retrain_sentimentai to 2026-06-11 02:00:00+00:00, run_after=2026-06-12 02:00:00+00:00
[2026-06-12T11:13:37.352+0000] {processor.py:183} INFO - Processing /opt/airflow/dags/retrain_dag.py took 0.131 seconds
[2026-06-12T11:14:07.900+0000] {processor.py:161} INFO - Started process (PID=1521) to work on /opt/airflow/dags/retrain_dag.py
[2026-06-12T11:14:07.902+0000] {processor.py:830} INFO - Processing file /opt/airflow/dags/retrain_dag.py for tasks to queue
[2026-06-12T11:14:07.904+0000] {logging_mixin.py:188} INFO - [2026-06-12T11:14:07.904+0000] {dagbag.py:538} INFO - Filling up the DagBag from /opt/airflow/dags/retrain_dag.py
[2026-06-12T11:14:07.916+0000] {processor.py:840} INFO - DAG(s) 'retrain_sentimentai' retrieved from /opt/airflow/dags/retrain_dag.py
[2026-06-12T11:14:07.957+0000] {logging_mixin.py:188} INFO - [2026-06-12T11:14:07.957+0000] {dag.py:3036} INFO - Sync 1 DAGs
[2026-06-12T11:14:08.001+0000] {logging_mixin.py:188} INFO - [2026-06-12T11:14:08.001+0000] {dag.py:3823} INFO - Setting next_dagrun for retrain_sentimentai to 2026-06-11 02:00:00+00:00, run_after=2026-06-12 02:00:00+00:00
[2026-06-12T11:14:08.035+0000] {processor.py:183} INFO - Processing /opt/airflow/dags/retrain_dag.py took 0.141 seconds
[2026-06-12T11:14:38.721+0000] {processor.py:161} INFO - Started process (PID=1587) to work on /opt/airflow/dags/retrain_dag.py
[2026-06-12T11:14:38.722+0000] {processor.py:830} INFO - Processing file /opt/airflow/dags/retrain_dag.py for tasks to queue
[2026-06-12T11:14:38.725+0000] {logging_mixin.py:188} INFO - [2026-06-12T11:14:38.725+0000] {dagbag.py:538} INFO - Filling up the DagBag from /opt/airflow/dags/retrain_dag.py
[2026-06-12T11:14:38.739+0000] {processor.py:840} INFO - DAG(s) 'retrain_sentimentai' retrieved from /opt/airflow/dags/retrain_dag.py
[2026-06-12T11:14:38.777+0000] {logging_mixin.py:188} INFO - [2026-06-12T11:14:38.777+0000] {dag.py:3036} INFO - Sync 1 DAGs
[2026-06-12T11:14:38.815+0000] {logging_mixin.py:188} INFO - [2026-06-12T11:14:38.815+0000] {dag.py:3823} INFO - Setting next_dagrun for retrain_sentimentai to 2026-06-11 02:00:00+00:00, run_after=2026-06-12 02:00:00+00:00
[2026-06-12T11:14:38.848+0000] {processor.py:183} INFO - Processing /opt/airflow/dags/retrain_dag.py took 0.134 seconds
[2026-06-12T11:15:08.960+0000] {processor.py:161} INFO - Started process (PID=1653) to work on /opt/airflow/dags/retrain_dag.py
[2026-06-12T11:15:08.962+0000] {processor.py:830} INFO - Processing file /opt/airflow/dags/retrain_dag.py for tasks to queue
[2026-06-12T11:15:08.964+0000] {logging_mixin.py:188} INFO - [2026-06-12T11:15:08.964+0000] {dagbag.py:538} INFO - Filling up the DagBag from /opt/airflow/dags/retrain_dag.py
[2026-06-12T11:15:08.978+0000] {processor.py:840} INFO - DAG(s) 'retrain_sentimentai' retrieved from /opt/airflow/dags/retrain_dag.py
[2026-06-12T11:15:09.015+0000] {logging_mixin.py:188} INFO - [2026-06-12T11:15:09.015+0000] {dag.py:3036} INFO - Sync 1 DAGs
[2026-06-12T11:15:09.051+0000] {logging_mixin.py:188} INFO - [2026-06-12T11:15:09.051+0000] {dag.py:3823} INFO - Setting next_dagrun for retrain_sentimentai to 2026-06-11 02:00:00+00:00, run_after=2026-06-12 02:00:00+00:00
[2026-06-12T11:15:09.079+0000] {processor.py:183} INFO - Processing /opt/airflow/dags/retrain_dag.py took 0.125 seconds
[2026-06-12T11:15:39.645+0000] {processor.py:161} INFO - Started process (PID=1720) to work on /opt/airflow/dags/retrain_dag.py
[2026-06-12T11:15:39.647+0000] {processor.py:830} INFO - Processing file /opt/airflow/dags/retrain_dag.py for tasks to queue
[2026-06-12T11:15:39.649+0000] {logging_mixin.py:188} INFO - [2026-06-12T11:15:39.649+0000] {dagbag.py:538} INFO - Filling up the DagBag from /opt/airflow/dags/retrain_dag.py
[2026-06-12T11:15:39.661+0000] {processor.py:840} INFO - DAG(s) 'retrain_sentimentai' retrieved from /opt/airflow/dags/retrain_dag.py
[2026-06-12T11:15:39.699+0000] {logging_mixin.py:188} INFO - [2026-06-12T11:15:39.698+0000] {dag.py:3036} INFO - Sync 1 DAGs
[2026-06-12T11:15:39.738+0000] {logging_mixin.py:188} INFO - [2026-06-12T11:15:39.737+0000] {dag.py:3823} INFO - Setting next_dagrun for retrain_sentimentai to 2026-06-11 02:00:00+00:00, run_after=2026-06-12 02:00:00+00:00
[2026-06-12T11:15:39.769+0000] {processor.py:183} INFO - Processing /opt/airflow/dags/retrain_dag.py took 0.129 seconds
[2026-06-12T11:16:09.955+0000] {processor.py:161} INFO - Started process (PID=1784) to work on /opt/airflow/dags/retrain_dag.py
[2026-06-12T11:16:09.957+0000] {processor.py:830} INFO - Processing file /opt/airflow/dags/retrain_dag.py for tasks to queue
[2026-06-12T11:16:09.960+0000] {logging_mixin.py:188} INFO - [2026-06-12T11:16:09.960+0000] {dagbag.py:538} INFO - Filling up the DagBag from /opt/airflow/dags/retrain_dag.py
[2026-06-12T11:16:09.974+0000] {processor.py:840} INFO - DAG(s) 'retrain_sentimentai' retrieved from /opt/airflow/dags/retrain_dag.py
[2026-06-12T11:16:10.015+0000] {logging_mixin.py:188} INFO - [2026-06-12T11:16:10.014+0000] {dag.py:3036} INFO - Sync 1 DAGs
[2026-06-12T11:16:10.057+0000] {logging_mixin.py:188} INFO - [2026-06-12T11:16:10.057+0000] {dag.py:3823} INFO - Setting next_dagrun for retrain_sentimentai to 2026-06-11 02:00:00+00:00, run_after=2026-06-12 02:00:00+00:00
[2026-06-12T11:16:10.086+0000] {processor.py:183} INFO - Processing /opt/airflow/dags/retrain_dag.py took 0.136 seconds
[2026-06-12T11:16:40.624+0000] {processor.py:161} INFO - Started process (PID=1850) to work on /opt/airflow/dags/retrain_dag.py
[2026-06-12T11:16:40.625+0000] {processor.py:830} INFO - Processing file /opt/airflow/dags/retrain_dag.py for tasks to queue
[2026-06-12T11:16:40.628+0000] {logging_mixin.py:188} INFO - [2026-06-12T11:16:40.628+0000] {dagbag.py:538} INFO - Filling up the DagBag from /opt/airflow/dags/retrain_dag.py
[2026-06-12T11:16:40.641+0000] {processor.py:840} INFO - DAG(s) 'retrain_sentimentai' retrieved from /opt/airflow/dags/retrain_dag.py
[2026-06-12T11:16:40.676+0000] {logging_mixin.py:188} INFO - [2026-06-12T11:16:40.676+0000] {dag.py:3036} INFO - Sync 1 DAGs
[2026-06-12T11:16:40.715+0000] {logging_mixin.py:188} INFO - [2026-06-12T11:16:40.714+0000] {dag.py:3823} INFO - Setting next_dagrun for retrain_sentimentai to 2026-06-11 02:00:00+00:00, run_after=2026-06-12 02:00:00+00:00
[2026-06-12T11:16:40.749+0000] {processor.py:183} INFO - Processing /opt/airflow/dags/retrain_dag.py took 0.130 seconds
[2026-06-12T11:17:11.189+0000] {processor.py:161} INFO - Started process (PID=1916) to work on /opt/airflow/dags/retrain_dag.py
[2026-06-12T11:17:11.190+0000] {processor.py:830} INFO - Processing file /opt/airflow/dags/retrain_dag.py for tasks to queue
[2026-06-12T11:17:11.193+0000] {logging_mixin.py:188} INFO - [2026-06-12T11:17:11.193+0000] {dagbag.py:538} INFO - Filling up the DagBag from /opt/airflow/dags/retrain_dag.py
[2026-06-12T11:17:11.205+0000] {processor.py:840} INFO - DAG(s) 'retrain_sentimentai' retrieved from /opt/airflow/dags/retrain_dag.py
[2026-06-12T11:17:11.241+0000] {logging_mixin.py:188} INFO - [2026-06-12T11:17:11.240+0000] {dag.py:3036} INFO - Sync 1 DAGs
[2026-06-12T11:17:11.279+0000] {logging_mixin.py:188} INFO - [2026-06-12T11:17:11.278+0000] {dag.py:3823} INFO - Setting next_dagrun for retrain_sentimentai to 2026-06-11 02:00:00+00:00, run_after=2026-06-12 02:00:00+00:00
[2026-06-12T11:17:11.309+0000] {processor.py:183} INFO - Processing /opt/airflow/dags/retrain_dag.py took 0.125 seconds
[2026-06-12T11:17:41.501+0000] {processor.py:161} INFO - Started process (PID=1989) to work on /opt/airflow/dags/retrain_dag.py
[2026-06-12T11:17:41.503+0000] {processor.py:830} INFO - Processing file /opt/airflow/dags/retrain_dag.py for tasks to queue
[2026-06-12T11:17:41.506+0000] {logging_mixin.py:188} INFO - [2026-06-12T11:17:41.506+0000] {dagbag.py:538} INFO - Filling up the DagBag from /opt/airflow/dags/retrain_dag.py
[2026-06-12T11:17:41.518+0000] {processor.py:840} INFO - DAG(s) 'retrain_sentimentai' retrieved from /opt/airflow/dags/retrain_dag.py
[2026-06-12T11:17:41.554+0000] {logging_mixin.py:188} INFO - [2026-06-12T11:17:41.554+0000] {dag.py:3036} INFO - Sync 1 DAGs
[2026-06-12T11:17:41.594+0000] {logging_mixin.py:188} INFO - [2026-06-12T11:17:41.593+0000] {dag.py:3823} INFO - Setting next_dagrun for retrain_sentimentai to 2026-06-11 02:00:00+00:00, run_after=2026-06-12 02:00:00+00:00
[2026-06-12T11:17:41.625+0000] {processor.py:183} INFO - Processing /opt/airflow/dags/retrain_dag.py took 0.129 seconds
[2026-06-12T11:18:12.593+0000] {processor.py:161} INFO - Started process (PID=2055) to work on /opt/airflow/dags/retrain_dag.py
[2026-06-12T11:18:12.595+0000] {processor.py:830} INFO - Processing file /opt/airflow/dags/retrain_dag.py for tasks to queue
[2026-06-12T11:18:12.598+0000] {logging_mixin.py:188} INFO - [2026-06-12T11:18:12.597+0000] {dagbag.py:538} INFO - Filling up the DagBag from /opt/airflow/dags/retrain_dag.py
[2026-06-12T11:18:12.610+0000] {processor.py:840} INFO - DAG(s) 'retrain_sentimentai' retrieved from /opt/airflow/dags/retrain_dag.py
[2026-06-12T11:18:12.649+0000] {logging_mixin.py:188} INFO - [2026-06-12T11:18:12.649+0000] {dag.py:3036} INFO - Sync 1 DAGs
[2026-06-12T11:18:12.686+0000] {logging_mixin.py:188} INFO - [2026-06-12T11:18:12.686+0000] {dag.py:3823} INFO - Setting next_dagrun for retrain_sentimentai to 2026-06-11 02:00:00+00:00, run_after=2026-06-12 02:00:00+00:00
[2026-06-12T11:18:12.715+0000] {processor.py:183} INFO - Processing /opt/airflow/dags/retrain_dag.py took 0.127 seconds
[2026-06-12T11:18:43.303+0000] {processor.py:161} INFO - Started process (PID=2121) to work on /opt/airflow/dags/retrain_dag.py
[2026-06-12T11:18:43.306+0000] {processor.py:830} INFO - Processing file /opt/airflow/dags/retrain_dag.py for tasks to queue
[2026-06-12T11:18:43.308+0000] {logging_mixin.py:188} INFO - [2026-06-12T11:18:43.308+0000] {dagbag.py:538} INFO - Filling up the DagBag from /opt/airflow/dags/retrain_dag.py
[2026-06-12T11:18:43.323+0000] {processor.py:840} INFO - DAG(s) 'retrain_sentimentai' retrieved from /opt/airflow/dags/retrain_dag.py
[2026-06-12T11:18:43.364+0000] {logging_mixin.py:188} INFO - [2026-06-12T11:18:43.363+0000] {dag.py:3036} INFO - Sync 1 DAGs
[2026-06-12T11:18:43.409+0000] {logging_mixin.py:188} INFO - [2026-06-12T11:18:43.409+0000] {dag.py:3823} INFO - Setting next_dagrun for retrain_sentimentai to 2026-06-11 02:00:00+00:00, run_after=2026-06-12 02:00:00+00:00
[2026-06-12T11:18:43.440+0000] {processor.py:183} INFO - Processing /opt/airflow/dags/retrain_dag.py took 0.141 seconds
[2026-06-12T11:19:14.181+0000] {processor.py:161} INFO - Started process (PID=2187) to work on /opt/airflow/dags/retrain_dag.py
[2026-06-12T11:19:14.182+0000] {processor.py:830} INFO - Processing file /opt/airflow/dags/retrain_dag.py for tasks to queue
[2026-06-12T11:19:14.185+0000] {logging_mixin.py:188} INFO - [2026-06-12T11:19:14.184+0000] {dagbag.py:538} INFO - Filling up the DagBag from /opt/airflow/dags/retrain_dag.py
[2026-06-12T11:19:14.201+0000] {processor.py:840} INFO - DAG(s) 'retrain_sentimentai' retrieved from /opt/airflow/dags/retrain_dag.py
[2026-06-12T11:19:14.244+0000] {logging_mixin.py:188} INFO - [2026-06-12T11:19:14.243+0000] {dag.py:3036} INFO - Sync 1 DAGs
[2026-06-12T11:19:14.295+0000] {logging_mixin.py:188} INFO - [2026-06-12T11:19:14.294+0000] {dag.py:3823} INFO - Setting next_dagrun for retrain_sentimentai to 2026-06-11 02:00:00+00:00, run_after=2026-06-12 02:00:00+00:00
[2026-06-12T11:19:14.338+0000] {processor.py:183} INFO - Processing /opt/airflow/dags/retrain_dag.py took 0.162 seconds
[2026-06-12T11:19:44.460+0000] {processor.py:161} INFO - Started process (PID=2253) to work on /opt/airflow/dags/retrain_dag.py
[2026-06-12T11:19:44.462+0000] {processor.py:830} INFO - Processing file /opt/airflow/dags/retrain_dag.py for tasks to queue
[2026-06-12T11:19:44.465+0000] {logging_mixin.py:188} INFO - [2026-06-12T11:19:44.464+0000] {dagbag.py:538} INFO - Filling up the DagBag from /opt/airflow/dags/retrain_dag.py
[2026-06-12T11:19:44.479+0000] {processor.py:840} INFO - DAG(s) 'retrain_sentimentai' retrieved from /opt/airflow/dags/retrain_dag.py
[2026-06-12T11:19:44.522+0000] {logging_mixin.py:188} INFO - [2026-06-12T11:19:44.521+0000] {dag.py:3036} INFO - Sync 1 DAGs
[2026-06-12T11:19:44.570+0000] {logging_mixin.py:188} INFO - [2026-06-12T11:19:44.569+0000] {dag.py:3823} INFO - Setting next_dagrun for retrain_sentimentai to 2026-06-11 02:00:00+00:00, run_after=2026-06-12 02:00:00+00:00
[2026-06-12T11:19:44.612+0000] {processor.py:183} INFO - Processing /opt/airflow/dags/retrain_dag.py took 0.162 seconds
[2026-06-12T11:20:14.892+0000] {processor.py:161} INFO - Started process (PID=2319) to work on /opt/airflow/dags/retrain_dag.py
[2026-06-12T11:20:14.894+0000] {processor.py:830} INFO - Processing file /opt/airflow/dags/retrain_dag.py for tasks to queue
[2026-06-12T11:20:14.897+0000] {logging_mixin.py:188} INFO - [2026-06-12T11:20:14.896+0000] {dagbag.py:538} INFO - Filling up the DagBag from /opt/airflow/dags/retrain_dag.py
[2026-06-12T11:20:14.911+0000] {processor.py:840} INFO - DAG(s) 'retrain_sentimentai' retrieved from /opt/airflow/dags/retrain_dag.py
[2026-06-12T11:20:14.950+0000] {logging_mixin.py:188} INFO - [2026-06-12T11:20:14.949+0000] {dag.py:3036} INFO - Sync 1 DAGs
[2026-06-12T11:20:14.992+0000] {logging_mixin.py:188} INFO - [2026-06-12T11:20:14.992+0000] {dag.py:3823} INFO - Setting next_dagrun for retrain_sentimentai to 2026-06-11 02:00:00+00:00, run_after=2026-06-12 02:00:00+00:00
[2026-06-12T11:20:15.026+0000] {processor.py:183} INFO - Processing /opt/airflow/dags/retrain_dag.py took 0.140 seconds
[2026-06-12T11:20:45.474+0000] {processor.py:161} INFO - Started process (PID=2384) to work on /opt/airflow/dags/retrain_dag.py
[2026-06-12T11:20:45.475+0000] {processor.py:830} INFO - Processing file /opt/airflow/dags/retrain_dag.py for tasks to queue
[2026-06-12T11:20:45.478+0000] {logging_mixin.py:188} INFO - [2026-06-12T11:20:45.477+0000] {dagbag.py:538} INFO - Filling up the DagBag from /opt/airflow/dags/retrain_dag.py
[2026-06-12T11:20:45.490+0000] {processor.py:840} INFO - DAG(s) 'retrain_sentimentai' retrieved from /opt/airflow/dags/retrain_dag.py
[2026-06-12T11:20:45.534+0000] {logging_mixin.py:188} INFO - [2026-06-12T11:20:45.533+0000] {dag.py:3036} INFO - Sync 1 DAGs
[2026-06-12T11:20:45.580+0000] {logging_mixin.py:188} INFO - [2026-06-12T11:20:45.579+0000] {dag.py:3823} INFO - Setting next_dagrun for retrain_sentimentai to 2026-06-11 02:00:00+00:00, run_after=2026-06-12 02:00:00+00:00
[2026-06-12T11:20:45.613+0000] {processor.py:183} INFO - Processing /opt/airflow/dags/retrain_dag.py took 0.146 seconds
[2026-06-12T11:21:16.207+0000] {processor.py:161} INFO - Started process (PID=2457) to work on /opt/airflow/dags/retrain_dag.py
[2026-06-12T11:21:16.209+0000] {processor.py:830} INFO - Processing file /opt/airflow/dags/retrain_dag.py for tasks to queue
[2026-06-12T11:21:16.212+0000] {logging_mixin.py:188} INFO - [2026-06-12T11:21:16.212+0000] {dagbag.py:538} INFO - Filling up the DagBag from /opt/airflow/dags/retrain_dag.py
[2026-06-12T11:21:16.224+0000] {processor.py:840} INFO - DAG(s) 'retrain_sentimentai' retrieved from /opt/airflow/dags/retrain_dag.py
[2026-06-12T11:21:16.260+0000] {logging_mixin.py:188} INFO - [2026-06-12T11:21:16.260+0000] {dag.py:3036} INFO - Sync 1 DAGs
[2026-06-12T11:21:16.296+0000] {logging_mixin.py:188} INFO - [2026-06-12T11:21:16.296+0000] {dag.py:3823} INFO - Setting next_dagrun for retrain_sentimentai to 2026-06-11 02:00:00+00:00, run_after=2026-06-12 02:00:00+00:00
[2026-06-12T11:21:16.322+0000] {processor.py:183} INFO - Processing /opt/airflow/dags/retrain_dag.py took 0.121 seconds
[2026-06-12T11:21:46.435+0000] {processor.py:161} INFO - Started process (PID=2525) to work on /opt/airflow/dags/retrain_dag.py
[2026-06-12T11:21:46.436+0000] {processor.py:830} INFO - Processing file /opt/airflow/dags/retrain_dag.py for tasks to queue
[2026-06-12T11:21:46.439+0000] {logging_mixin.py:188} INFO - [2026-06-12T11:21:46.438+0000] {dagbag.py:538} INFO - Filling up the DagBag from /opt/airflow/dags/retrain_dag.py
[2026-06-12T11:21:46.457+0000] {processor.py:840} INFO - DAG(s) 'retrain_sentimentai' retrieved from /opt/airflow/dags/retrain_dag.py
[2026-06-12T11:21:46.520+0000] {logging_mixin.py:188} INFO - [2026-06-12T11:21:46.519+0000] {dag.py:3036} INFO - Sync 1 DAGs
[2026-06-12T11:21:46.566+0000] {logging_mixin.py:188} INFO - [2026-06-12T11:21:46.565+0000] {dag.py:3823} INFO - Setting next_dagrun for retrain_sentimentai to 2026-06-11 02:00:00+00:00, run_after=2026-06-12 02:00:00+00:00
[2026-06-12T11:21:46.598+0000] {processor.py:183} INFO - Processing /opt/airflow/dags/retrain_dag.py took 0.169 seconds
[2026-06-12T11:22:16.916+0000] {processor.py:161} INFO - Started process (PID=2589) to work on /opt/airflow/dags/retrain_dag.py
[2026-06-12T11:22:16.918+0000] {processor.py:830} INFO - Processing file /opt/airflow/dags/retrain_dag.py for tasks to queue
[2026-06-12T11:22:16.921+0000] {logging_mixin.py:188} INFO - [2026-06-12T11:22:16.920+0000] {dagbag.py:538} INFO - Filling up the DagBag from /opt/airflow/dags/retrain_dag.py
[2026-06-12T11:22:16.935+0000] {processor.py:840} INFO - DAG(s) 'retrain_sentimentai' retrieved from /opt/airflow/dags/retrain_dag.py
[2026-06-12T11:22:16.983+0000] {logging_mixin.py:188} INFO - [2026-06-12T11:22:16.983+0000] {dag.py:3036} INFO - Sync 1 DAGs
[2026-06-12T11:22:17.033+0000] {logging_mixin.py:188} INFO - [2026-06-12T11:22:17.032+0000] {dag.py:3823} INFO - Setting next_dagrun for retrain_sentimentai to 2026-06-11 02:00:00+00:00, run_after=2026-06-12 02:00:00+00:00
[2026-06-12T11:22:17.064+0000] {processor.py:183} INFO - Processing /opt/airflow/dags/retrain_dag.py took 0.154 seconds
[2026-06-12T11:22:47.584+0000] {processor.py:161} INFO - Started process (PID=2655) to work on /opt/airflow/dags/retrain_dag.py
[2026-06-12T11:22:47.585+0000] {processor.py:830} INFO - Processing file /opt/airflow/dags/retrain_dag.py for tasks to queue
[2026-06-12T11:22:47.588+0000] {logging_mixin.py:188} INFO - [2026-06-12T11:22:47.587+0000] {dagbag.py:538} INFO - Filling up the DagBag from /opt/airflow/dags/retrain_dag.py
[2026-06-12T11:22:47.600+0000] {processor.py:840} INFO - DAG(s) 'retrain_sentimentai' retrieved from /opt/airflow/dags/retrain_dag.py
[2026-06-12T11:22:47.636+0000] {logging_mixin.py:188} INFO - [2026-06-12T11:22:47.636+0000] {dag.py:3036} INFO - Sync 1 DAGs
[2026-06-12T11:22:47.678+0000] {logging_mixin.py:188} INFO - [2026-06-12T11:22:47.678+0000] {dag.py:3823} INFO - Setting next_dagrun for retrain_sentimentai to 2026-06-11 02:00:00+00:00, run_after=2026-06-12 02:00:00+00:00
[2026-06-12T11:22:47.710+0000] {processor.py:183} INFO - Processing /opt/airflow/dags/retrain_dag.py took 0.132 seconds
[2026-06-12T11:23:18.151+0000] {processor.py:161} INFO - Started process (PID=2721) to work on /opt/airflow/dags/retrain_dag.py
[2026-06-12T11:23:18.153+0000] {processor.py:830} INFO - Processing file /opt/airflow/dags/retrain_dag.py for tasks to queue
[2026-06-12T11:23:18.156+0000] {logging_mixin.py:188} INFO - [2026-06-12T11:23:18.155+0000] {dagbag.py:538} INFO - Filling up the DagBag from /opt/airflow/dags/retrain_dag.py
[2026-06-12T11:23:18.173+0000] {processor.py:840} INFO - DAG(s) 'retrain_sentimentai' retrieved from /opt/airflow/dags/retrain_dag.py
[2026-06-12T11:23:18.214+0000] {logging_mixin.py:188} INFO - [2026-06-12T11:23:18.214+0000] {dag.py:3036} INFO - Sync 1 DAGs
[2026-06-12T11:23:18.261+0000] {logging_mixin.py:188} INFO - [2026-06-12T11:23:18.261+0000] {dag.py:3823} INFO - Setting next_dagrun for retrain_sentimentai to 2026-06-11 02:00:00+00:00, run_after=2026-06-12 02:00:00+00:00
[2026-06-12T11:23:18.296+0000] {processor.py:183} INFO - Processing /opt/airflow/dags/retrain_dag.py took 0.151 seconds
[2026-06-12T11:23:48.531+0000] {processor.py:161} INFO - Started process (PID=2786) to work on /opt/airflow/dags/retrain_dag.py
[2026-06-12T11:23:48.532+0000] {processor.py:830} INFO - Processing file /opt/airflow/dags/retrain_dag.py for tasks to queue
[2026-06-12T11:23:48.535+0000] {logging_mixin.py:188} INFO - [2026-06-12T11:23:48.534+0000] {dagbag.py:538} INFO - Filling up the DagBag from /opt/airflow/dags/retrain_dag.py
[2026-06-12T11:23:48.546+0000] {processor.py:840} INFO - DAG(s) 'retrain_sentimentai' retrieved from /opt/airflow/dags/retrain_dag.py
[2026-06-12T11:23:48.582+0000] {logging_mixin.py:188} INFO - [2026-06-12T11:23:48.581+0000] {dag.py:3036} INFO - Sync 1 DAGs
[2026-06-12T11:23:48.618+0000] {logging_mixin.py:188} INFO - [2026-06-12T11:23:48.618+0000] {dag.py:3823} INFO - Setting next_dagrun for retrain_sentimentai to 2026-06-11 02:00:00+00:00, run_after=2026-06-12 02:00:00+00:00
[2026-06-12T11:23:48.645+0000] {processor.py:183} INFO - Processing /opt/airflow/dags/retrain_dag.py took 0.119 seconds
[2026-06-12T11:24:18.960+0000] {processor.py:161} INFO - Started process (PID=2852) to work on /opt/airflow/dags/retrain_dag.py
[2026-06-12T11:24:18.962+0000] {processor.py:830} INFO - Processing file /opt/airflow/dags/retrain_dag.py for tasks to queue
[2026-06-12T11:24:18.965+0000] {logging_mixin.py:188} INFO - [2026-06-12T11:24:18.964+0000] {dagbag.py:538} INFO - Filling up the DagBag from /opt/airflow/dags/retrain_dag.py
[2026-06-12T11:24:18.979+0000] {processor.py:840} INFO - DAG(s) 'retrain_sentimentai' retrieved from /opt/airflow/dags/retrain_dag.py
[2026-06-12T11:24:19.015+0000] {logging_mixin.py:188} INFO - [2026-06-12T11:24:19.015+0000] {dag.py:3036} INFO - Sync 1 DAGs
[2026-06-12T11:24:19.051+0000] {logging_mixin.py:188} INFO - [2026-06-12T11:24:19.050+0000] {dag.py:3823} INFO - Setting next_dagrun for retrain_sentimentai to 2026-06-11 02:00:00+00:00, run_after=2026-06-12 02:00:00+00:00
[2026-06-12T11:24:19.078+0000] {processor.py:183} INFO - Processing /opt/airflow/dags/retrain_dag.py took 0.123 seconds
[2026-06-12T11:24:49.215+0000] {processor.py:161} INFO - Started process (PID=2918) to work on /opt/airflow/dags/retrain_dag.py
[2026-06-12T11:24:49.216+0000] {processor.py:830} INFO - Processing file /opt/airflow/dags/retrain_dag.py for tasks to queue
[2026-06-12T11:24:49.219+0000] {logging_mixin.py:188} INFO - [2026-06-12T11:24:49.219+0000] {dagbag.py:538} INFO - Filling up the DagBag from /opt/airflow/dags/retrain_dag.py
[2026-06-12T11:24:49.231+0000] {processor.py:840} INFO - DAG(s) 'retrain_sentimentai' retrieved from /opt/airflow/dags/retrain_dag.py
[2026-06-12T11:24:49.284+0000] {logging_mixin.py:188} INFO - [2026-06-12T11:24:49.283+0000] {dag.py:3036} INFO - Sync 1 DAGs
[2026-06-12T11:24:49.511+0000] {logging_mixin.py:188} INFO - [2026-06-12T11:24:49.510+0000] {dag.py:3823} INFO - Setting next_dagrun for retrain_sentimentai to 2026-06-11 02:00:00+00:00, run_after=2026-06-12 02:00:00+00:00
[2026-06-12T11:24:49.541+0000] {processor.py:183} INFO - Processing /opt/airflow/dags/retrain_dag.py took 0.331 seconds
[2026-06-12T11:25:19.921+0000] {processor.py:161} INFO - Started process (PID=2984) to work on /opt/airflow/dags/retrain_dag.py
[2026-06-12T11:25:19.923+0000] {processor.py:830} INFO - Processing file /opt/airflow/dags/retrain_dag.py for tasks to queue
[2026-06-12T11:25:19.925+0000] {logging_mixin.py:188} INFO - [2026-06-12T11:25:19.925+0000] {dagbag.py:538} INFO - Filling up the DagBag from /opt/airflow/dags/retrain_dag.py
[2026-06-12T11:25:19.937+0000] {processor.py:840} INFO - DAG(s) 'retrain_sentimentai' retrieved from /opt/airflow/dags/retrain_dag.py
[2026-06-12T11:25:19.975+0000] {logging_mixin.py:188} INFO - [2026-06-12T11:25:19.975+0000] {dag.py:3036} INFO - Sync 1 DAGs
[2026-06-12T11:25:20.016+0000] {logging_mixin.py:188} INFO - [2026-06-12T11:25:20.016+0000] {dag.py:3823} INFO - Setting next_dagrun for retrain_sentimentai to 2026-06-11 02:00:00+00:00, run_after=2026-06-12 02:00:00+00:00
[2026-06-12T11:25:20.050+0000] {processor.py:183} INFO - Processing /opt/airflow/dags/retrain_dag.py took 0.134 seconds
[2026-06-12T11:25:50.447+0000] {processor.py:161} INFO - Started process (PID=3050) to work on /opt/airflow/dags/retrain_dag.py
[2026-06-12T11:25:50.448+0000] {processor.py:830} INFO - Processing file /opt/airflow/dags/retrain_dag.py for tasks to queue
[2026-06-12T11:25:50.450+0000] {logging_mixin.py:188} INFO - [2026-06-12T11:25:50.450+0000] {dagbag.py:538} INFO - Filling up the DagBag from /opt/airflow/dags/retrain_dag.py
[2026-06-12T11:25:50.463+0000] {processor.py:840} INFO - DAG(s) 'retrain_sentimentai' retrieved from /opt/airflow/dags/retrain_dag.py
[2026-06-12T11:25:50.501+0000] {logging_mixin.py:188} INFO - [2026-06-12T11:25:50.500+0000] {dag.py:3036} INFO - Sync 1 DAGs
[2026-06-12T11:25:50.542+0000] {logging_mixin.py:188} INFO - [2026-06-12T11:25:50.541+0000] {dag.py:3823} INFO - Setting next_dagrun for retrain_sentimentai to 2026-06-11 02:00:00+00:00, run_after=2026-06-12 02:00:00+00:00
[2026-06-12T11:25:50.570+0000] {processor.py:183} INFO - Processing /opt/airflow/dags/retrain_dag.py took 0.128 seconds
[2026-06-12T11:26:21.203+0000] {processor.py:161} INFO - Started process (PID=3125) to work on /opt/airflow/dags/retrain_dag.py
[2026-06-12T11:26:21.205+0000] {processor.py:830} INFO - Processing file /opt/airflow/dags/retrain_dag.py for tasks to queue
[2026-06-12T11:26:21.208+0000] {logging_mixin.py:188} INFO - [2026-06-12T11:26:21.207+0000] {dagbag.py:538} INFO - Filling up the DagBag from /opt/airflow/dags/retrain_dag.py
[2026-06-12T11:26:21.223+0000] {processor.py:840} INFO - DAG(s) 'retrain_sentimentai' retrieved from /opt/airflow/dags/retrain_dag.py
[2026-06-12T11:26:21.263+0000] {logging_mixin.py:188} INFO - [2026-06-12T11:26:21.263+0000] {dag.py:3036} INFO - Sync 1 DAGs
[2026-06-12T11:26:21.308+0000] {logging_mixin.py:188} INFO - [2026-06-12T11:26:21.306+0000] {dag.py:3823} INFO - Setting next_dagrun for retrain_sentimentai to 2026-06-11 02:00:00+00:00, run_after=2026-06-12 02:00:00+00:00
[2026-06-12T11:26:21.341+0000] {processor.py:183} INFO - Processing /opt/airflow/dags/retrain_dag.py took 0.145 seconds
[2026-06-12T11:26:51.993+0000] {processor.py:161} INFO - Started process (PID=3192) to work on /opt/airflow/dags/retrain_dag.py
[2026-06-12T11:26:51.994+0000] {processor.py:830} INFO - Processing file /opt/airflow/dags/retrain_dag.py for tasks to queue
[2026-06-12T11:26:51.997+0000] {logging_mixin.py:188} INFO - [2026-06-12T11:26:51.997+0000] {dagbag.py:538} INFO - Filling up the DagBag from /opt/airflow/dags/retrain_dag.py
[2026-06-12T11:26:52.012+0000] {processor.py:840} INFO - DAG(s) 'retrain_sentimentai' retrieved from /opt/airflow/dags/retrain_dag.py
[2026-06-12T11:26:52.251+0000] {logging_mixin.py:188} INFO - [2026-06-12T11:26:52.250+0000] {dag.py:3036} INFO - Sync 1 DAGs
[2026-06-12T11:26:52.293+0000] {logging_mixin.py:188} INFO - [2026-06-12T11:26:52.293+0000] {dag.py:3823} INFO - Setting next_dagrun for retrain_sentimentai to 2026-06-11 02:00:00+00:00, run_after=2026-06-12 02:00:00+00:00
[2026-06-12T11:26:52.325+0000] {processor.py:183} INFO - Processing /opt/airflow/dags/retrain_dag.py took 0.338 seconds
[2026-06-12T11:27:22.629+0000] {processor.py:161} INFO - Started process (PID=3258) to work on /opt/airflow/dags/retrain_dag.py
[2026-06-12T11:27:22.631+0000] {processor.py:830} INFO - Processing file /opt/airflow/dags/retrain_dag.py for tasks to queue
[2026-06-12T11:27:22.634+0000] {logging_mixin.py:188} INFO - [2026-06-12T11:27:22.633+0000] {dagbag.py:538} INFO - Filling up the DagBag from /opt/airflow/dags/retrain_dag.py
[2026-06-12T11:27:22.646+0000] {processor.py:840} INFO - DAG(s) 'retrain_sentimentai' retrieved from /opt/airflow/dags/retrain_dag.py
[2026-06-12T11:27:22.684+0000] {logging_mixin.py:188} INFO - [2026-06-12T11:27:22.683+0000] {dag.py:3036} INFO - Sync 1 DAGs
[2026-06-12T11:27:22.727+0000] {logging_mixin.py:188} INFO - [2026-06-12T11:27:22.727+0000] {dag.py:3823} INFO - Setting next_dagrun for retrain_sentimentai to 2026-06-11 02:00:00+00:00, run_after=2026-06-12 02:00:00+00:00
[2026-06-12T11:27:22.760+0000] {processor.py:183} INFO - Processing /opt/airflow/dags/retrain_dag.py took 0.135 seconds
[2026-06-12T11:27:52.949+0000] {processor.py:161} INFO - Started process (PID=3323) to work on /opt/airflow/dags/retrain_dag.py
[2026-06-12T11:27:52.951+0000] {processor.py:830} INFO - Processing file /opt/airflow/dags/retrain_dag.py for tasks to queue
[2026-06-12T11:27:52.953+0000] {logging_mixin.py:188} INFO - [2026-06-12T11:27:52.953+0000] {dagbag.py:538} INFO - Filling up the DagBag from /opt/airflow/dags/retrain_dag.py
[2026-06-12T11:27:52.965+0000] {processor.py:840} INFO - DAG(s) 'retrain_sentimentai' retrieved from /opt/airflow/dags/retrain_dag.py
[2026-06-12T11:27:53.003+0000] {logging_mixin.py:188} INFO - [2026-06-12T11:27:53.002+0000] {dag.py:3036} INFO - Sync 1 DAGs
[2026-06-12T11:27:53.041+0000] {logging_mixin.py:188} INFO - [2026-06-12T11:27:53.040+0000] {dag.py:3823} INFO - Setting next_dagrun for retrain_sentimentai to 2026-06-11 02:00:00+00:00, run_after=2026-06-12 02:00:00+00:00
[2026-06-12T11:27:53.074+0000] {processor.py:183} INFO - Processing /opt/airflow/dags/retrain_dag.py took 0.129 seconds
[2026-06-12T11:28:23.223+0000] {processor.py:161} INFO - Started process (PID=3389) to work on /opt/airflow/dags/retrain_dag.py
[2026-06-12T11:28:23.225+0000] {processor.py:830} INFO - Processing file /opt/airflow/dags/retrain_dag.py for tasks to queue
[2026-06-12T11:28:23.227+0000] {logging_mixin.py:188} INFO - [2026-06-12T11:28:23.227+0000] {dagbag.py:538} INFO - Filling up the DagBag from /opt/airflow/dags/retrain_dag.py
[2026-06-12T11:28:23.240+0000] {processor.py:840} INFO - DAG(s) 'retrain_sentimentai' retrieved from /opt/airflow/dags/retrain_dag.py
[2026-06-12T11:28:23.281+0000] {logging_mixin.py:188} INFO - [2026-06-12T11:28:23.280+0000] {dag.py:3036} INFO - Sync 1 DAGs
[2026-06-12T11:28:23.323+0000] {logging_mixin.py:188} INFO - [2026-06-12T11:28:23.323+0000] {dag.py:3823} INFO - Setting next_dagrun for retrain_sentimentai to 2026-06-11 02:00:00+00:00, run_after=2026-06-12 02:00:00+00:00
[2026-06-12T11:28:23.351+0000] {processor.py:183} INFO - Processing /opt/airflow/dags/retrain_dag.py took 0.133 seconds
[2026-06-12T11:28:53.848+0000] {processor.py:161} INFO - Started process (PID=3454) to work on /opt/airflow/dags/retrain_dag.py
[2026-06-12T11:28:53.850+0000] {processor.py:830} INFO - Processing file /opt/airflow/dags/retrain_dag.py for tasks to queue
[2026-06-12T11:28:53.853+0000] {logging_mixin.py:188} INFO - [2026-06-12T11:28:53.852+0000] {dagbag.py:538} INFO - Filling up the DagBag from /opt/airflow/dags/retrain_dag.py
[2026-06-12T11:28:53.866+0000] {processor.py:840} INFO - DAG(s) 'retrain_sentimentai' retrieved from /opt/airflow/dags/retrain_dag.py
[2026-06-12T11:28:53.902+0000] {logging_mixin.py:188} INFO - [2026-06-12T11:28:53.902+0000] {dag.py:3036} INFO - Sync 1 DAGs
[2026-06-12T11:28:53.941+0000] {logging_mixin.py:188} INFO - [2026-06-12T11:28:53.940+0000] {dag.py:3823} INFO - Setting next_dagrun for retrain_sentimentai to 2026-06-11 02:00:00+00:00, run_after=2026-06-12 02:00:00+00:00
[2026-06-12T11:28:53.971+0000] {processor.py:183} INFO - Processing /opt/airflow/dags/retrain_dag.py took 0.129 seconds
[2026-06-12T11:29:24.534+0000] {processor.py:161} INFO - Started process (PID=3520) to work on /opt/airflow/dags/retrain_dag.py
[2026-06-12T11:29:24.536+0000] {processor.py:830} INFO - Processing file /opt/airflow/dags/retrain_dag.py for tasks to queue
[2026-06-12T11:29:24.539+0000] {logging_mixin.py:188} INFO - [2026-06-12T11:29:24.538+0000] {dagbag.py:538} INFO - Filling up the DagBag from /opt/airflow/dags/retrain_dag.py
[2026-06-12T11:29:24.552+0000] {processor.py:840} INFO - DAG(s) 'retrain_sentimentai' retrieved from /opt/airflow/dags/retrain_dag.py
[2026-06-12T11:29:24.588+0000] {logging_mixin.py:188} INFO - [2026-06-12T11:29:24.588+0000] {dag.py:3036} INFO - Sync 1 DAGs
[2026-06-12T11:29:24.627+0000] {logging_mixin.py:188} INFO - [2026-06-12T11:29:24.627+0000] {dag.py:3823} INFO - Setting next_dagrun for retrain_sentimentai to 2026-06-11 02:00:00+00:00, run_after=2026-06-12 02:00:00+00:00
[2026-06-12T11:29:24.658+0000] {processor.py:183} INFO - Processing /opt/airflow/dags/retrain_dag.py took 0.128 seconds
[2026-06-12T11:29:54.809+0000] {processor.py:161} INFO - Started process (PID=3585) to work on /opt/airflow/dags/retrain_dag.py
[2026-06-12T11:29:54.811+0000] {processor.py:830} INFO - Processing file /opt/airflow/dags/retrain_dag.py for tasks to queue
[2026-06-12T11:29:54.813+0000] {logging_mixin.py:188} INFO - [2026-06-12T11:29:54.813+0000] {dagbag.py:538} INFO - Filling up the DagBag from /opt/airflow/dags/retrain_dag.py
[2026-06-12T11:29:54.827+0000] {processor.py:840} INFO - DAG(s) 'retrain_sentimentai' retrieved from /opt/airflow/dags/retrain_dag.py
[2026-06-12T11:29:54.876+0000] {logging_mixin.py:188} INFO - [2026-06-12T11:29:54.876+0000] {dag.py:3036} INFO - Sync 1 DAGs
[2026-06-12T11:29:54.922+0000] {logging_mixin.py:188} INFO - [2026-06-12T11:29:54.922+0000] {dag.py:3823} INFO - Setting next_dagrun for retrain_sentimentai to 2026-06-11 02:00:00+00:00, run_after=2026-06-12 02:00:00+00:00
[2026-06-12T11:29:54.956+0000] {processor.py:183} INFO - Processing /opt/airflow/dags/retrain_dag.py took 0.152 seconds
[2026-06-12T11:30:25.333+0000] {processor.py:161} INFO - Started process (PID=3650) to work on /opt/airflow/dags/retrain_dag.py
[2026-06-12T11:30:25.335+0000] {processor.py:830} INFO - Processing file /opt/airflow/dags/retrain_dag.py for tasks to queue
[2026-06-12T11:30:25.338+0000] {logging_mixin.py:188} INFO - [2026-06-12T11:30:25.337+0000] {dagbag.py:538} INFO - Filling up the DagBag from /opt/airflow/dags/retrain_dag.py
[2026-06-12T11:30:25.350+0000] {processor.py:840} INFO - DAG(s) 'retrain_sentimentai' retrieved from /opt/airflow/dags/retrain_dag.py
[2026-06-12T11:30:25.387+0000] {logging_mixin.py:188} INFO - [2026-06-12T11:30:25.386+0000] {dag.py:3036} INFO - Sync 1 DAGs
[2026-06-12T11:30:25.430+0000] {logging_mixin.py:188} INFO - [2026-06-12T11:30:25.430+0000] {dag.py:3823} INFO - Setting next_dagrun for retrain_sentimentai to 2026-06-11 02:00:00+00:00, run_after=2026-06-12 02:00:00+00:00
[2026-06-12T11:30:25.465+0000] {processor.py:183} INFO - Processing /opt/airflow/dags/retrain_dag.py took 0.137 seconds
[2026-06-12T11:30:56.031+0000] {processor.py:161} INFO - Started process (PID=3725) to work on /opt/airflow/dags/retrain_dag.py
[2026-06-12T11:30:56.033+0000] {processor.py:830} INFO - Processing file /opt/airflow/dags/retrain_dag.py for tasks to queue
[2026-06-12T11:30:56.036+0000] {logging_mixin.py:188} INFO - [2026-06-12T11:30:56.036+0000] {dagbag.py:538} INFO - Filling up the DagBag from /opt/airflow/dags/retrain_dag.py
[2026-06-12T11:30:56.050+0000] {processor.py:840} INFO - DAG(s) 'retrain_sentimentai' retrieved from /opt/airflow/dags/retrain_dag.py
[2026-06-12T11:30:56.095+0000] {logging_mixin.py:188} INFO - [2026-06-12T11:30:56.095+0000] {dag.py:3036} INFO - Sync 1 DAGs
[2026-06-12T11:30:56.143+0000] {logging_mixin.py:188} INFO - [2026-06-12T11:30:56.142+0000] {dag.py:3823} INFO - Setting next_dagrun for retrain_sentimentai to 2026-06-11 02:00:00+00:00, run_after=2026-06-12 02:00:00+00:00
[2026-06-12T11:30:56.183+0000] {processor.py:183} INFO - Processing /opt/airflow/dags/retrain_dag.py took 0.157 seconds
[2026-06-12T11:31:26.369+0000] {processor.py:161} INFO - Started process (PID=3792) to work on /opt/airflow/dags/retrain_dag.py
[2026-06-12T11:31:26.371+0000] {processor.py:830} INFO - Processing file /opt/airflow/dags/retrain_dag.py for tasks to queue
[2026-06-12T11:31:26.374+0000] {logging_mixin.py:188} INFO - [2026-06-12T11:31:26.373+0000] {dagbag.py:538} INFO - Filling up the DagBag from /opt/airflow/dags/retrain_dag.py
[2026-06-12T11:31:26.387+0000] {processor.py:840} INFO - DAG(s) 'retrain_sentimentai' retrieved from /opt/airflow/dags/retrain_dag.py
[2026-06-12T11:31:26.423+0000] {logging_mixin.py:188} INFO - [2026-06-12T11:31:26.423+0000] {dag.py:3036} INFO - Sync 1 DAGs
[2026-06-12T11:31:26.462+0000] {logging_mixin.py:188} INFO - [2026-06-12T11:31:26.462+0000] {dag.py:3823} INFO - Setting next_dagrun for retrain_sentimentai to 2026-06-11 02:00:00+00:00, run_after=2026-06-12 02:00:00+00:00
[2026-06-12T11:31:26.492+0000] {processor.py:183} INFO - Processing /opt/airflow/dags/retrain_dag.py took 0.128 seconds
[2026-06-12T11:31:56.930+0000] {processor.py:161} INFO - Started process (PID=3859) to work on /opt/airflow/dags/retrain_dag.py
[2026-06-12T11:31:56.932+0000] {processor.py:830} INFO - Processing file /opt/airflow/dags/retrain_dag.py for tasks to queue
[2026-06-12T11:31:56.934+0000] {logging_mixin.py:188} INFO - [2026-06-12T11:31:56.934+0000] {dagbag.py:538} INFO - Filling up the DagBag from /opt/airflow/dags/retrain_dag.py
[2026-06-12T11:31:56.947+0000] {processor.py:840} INFO - DAG(s) 'retrain_sentimentai' retrieved from /opt/airflow/dags/retrain_dag.py
[2026-06-12T11:31:56.986+0000] {logging_mixin.py:188} INFO - [2026-06-12T11:31:56.986+0000] {dag.py:3036} INFO - Sync 1 DAGs
[2026-06-12T11:31:57.033+0000] {logging_mixin.py:188} INFO - [2026-06-12T11:31:57.032+0000] {dag.py:3823} INFO - Setting next_dagrun for retrain_sentimentai to 2026-06-11 02:00:00+00:00, run_after=2026-06-12 02:00:00+00:00
[2026-06-12T11:31:57.063+0000] {processor.py:183} INFO - Processing /opt/airflow/dags/retrain_dag.py took 0.138 seconds
[2026-06-12T11:32:27.441+0000] {processor.py:161} INFO - Started process (PID=3925) to work on /opt/airflow/dags/retrain_dag.py
[2026-06-12T11:32:27.442+0000] {processor.py:830} INFO - Processing file /opt/airflow/dags/retrain_dag.py for tasks to queue
[2026-06-12T11:32:27.445+0000] {logging_mixin.py:188} INFO - [2026-06-12T11:32:27.444+0000] {dagbag.py:538} INFO - Filling up the DagBag from /opt/airflow/dags/retrain_dag.py
[2026-06-12T11:32:27.458+0000] {processor.py:840} INFO - DAG(s) 'retrain_sentimentai' retrieved from /opt/airflow/dags/retrain_dag.py
[2026-06-12T11:32:27.493+0000] {logging_mixin.py:188} INFO - [2026-06-12T11:32:27.493+0000] {dag.py:3036} INFO - Sync 1 DAGs
[2026-06-12T11:32:27.531+0000] {logging_mixin.py:188} INFO - [2026-06-12T11:32:27.531+0000] {dag.py:3823} INFO - Setting next_dagrun for retrain_sentimentai to 2026-06-11 02:00:00+00:00, run_after=2026-06-12 02:00:00+00:00
[2026-06-12T11:32:27.561+0000] {processor.py:183} INFO - Processing /opt/airflow/dags/retrain_dag.py took 0.125 seconds
[2026-06-12T11:32:57.965+0000] {processor.py:161} INFO - Started process (PID=3990) to work on /opt/airflow/dags/retrain_dag.py
[2026-06-12T11:32:57.967+0000] {processor.py:830} INFO - Processing file /opt/airflow/dags/retrain_dag.py for tasks to queue
[2026-06-12T11:32:57.970+0000] {logging_mixin.py:188} INFO - [2026-06-12T11:32:57.969+0000] {dagbag.py:538} INFO - Filling up the DagBag from /opt/airflow/dags/retrain_dag.py
[2026-06-12T11:32:57.983+0000] {processor.py:840} INFO - DAG(s) 'retrain_sentimentai' retrieved from /opt/airflow/dags/retrain_dag.py
[2026-06-12T11:32:58.024+0000] {logging_mixin.py:188} INFO - [2026-06-12T11:32:58.024+0000] {dag.py:3036} INFO - Sync 1 DAGs
[2026-06-12T11:32:58.065+0000] {logging_mixin.py:188} INFO - [2026-06-12T11:32:58.065+0000] {dag.py:3823} INFO - Setting next_dagrun for retrain_sentimentai to 2026-06-11 02:00:00+00:00, run_after=2026-06-12 02:00:00+00:00
[2026-06-12T11:32:58.094+0000] {processor.py:183} INFO - Processing /opt/airflow/dags/retrain_dag.py took 0.134 seconds
[2026-06-12T11:33:28.604+0000] {processor.py:161} INFO - Started process (PID=4055) to work on /opt/airflow/dags/retrain_dag.py
[2026-06-12T11:33:28.605+0000] {processor.py:830} INFO - Processing file /opt/airflow/dags/retrain_dag.py for tasks to queue
[2026-06-12T11:33:28.608+0000] {logging_mixin.py:188} INFO - [2026-06-12T11:33:28.607+0000] {dagbag.py:538} INFO - Filling up the DagBag from /opt/airflow/dags/retrain_dag.py
[2026-06-12T11:33:28.621+0000] {processor.py:840} INFO - DAG(s) 'retrain_sentimentai' retrieved from /opt/airflow/dags/retrain_dag.py
[2026-06-12T11:33:28.657+0000] {logging_mixin.py:188} INFO - [2026-06-12T11:33:28.656+0000] {dag.py:3036} INFO - Sync 1 DAGs
[2026-06-12T11:33:28.693+0000] {logging_mixin.py:188} INFO - [2026-06-12T11:33:28.693+0000] {dag.py:3823} INFO - Setting next_dagrun for retrain_sentimentai to 2026-06-11 02:00:00+00:00, run_after=2026-06-12 02:00:00+00:00
[2026-06-12T11:33:28.721+0000] {processor.py:183} INFO - Processing /opt/airflow/dags/retrain_dag.py took 0.123 seconds
[2026-06-12T11:33:59.270+0000] {processor.py:161} INFO - Started process (PID=4121) to work on /opt/airflow/dags/retrain_dag.py
[2026-06-12T11:33:59.272+0000] {processor.py:830} INFO - Processing file /opt/airflow/dags/retrain_dag.py for tasks to queue
[2026-06-12T11:33:59.275+0000] {logging_mixin.py:188} INFO - [2026-06-12T11:33:59.274+0000] {dagbag.py:538} INFO - Filling up the DagBag from /opt/airflow/dags/retrain_dag.py
[2026-06-12T11:33:59.289+0000] {processor.py:840} INFO - DAG(s) 'retrain_sentimentai' retrieved from /opt/airflow/dags/retrain_dag.py
[2026-06-12T11:33:59.326+0000] {logging_mixin.py:188} INFO - [2026-06-12T11:33:59.325+0000] {dag.py:3036} INFO - Sync 1 DAGs
[2026-06-12T11:33:59.362+0000] {logging_mixin.py:188} INFO - [2026-06-12T11:33:59.361+0000] {dag.py:3823} INFO - Setting next_dagrun for retrain_sentimentai to 2026-06-11 02:00:00+00:00, run_after=2026-06-12 02:00:00+00:00
[2026-06-12T11:33:59.390+0000] {processor.py:183} INFO - Processing /opt/airflow/dags/retrain_dag.py took 0.126 seconds
[2026-06-12T11:34:30.036+0000] {processor.py:161} INFO - Started process (PID=4195) to work on /opt/airflow/dags/retrain_dag.py
[2026-06-12T11:34:30.037+0000] {processor.py:830} INFO - Processing file /opt/airflow/dags/retrain_dag.py for tasks to queue
[2026-06-12T11:34:30.040+0000] {logging_mixin.py:188} INFO - [2026-06-12T11:34:30.039+0000] {dagbag.py:538} INFO - Filling up the DagBag from /opt/airflow/dags/retrain_dag.py
[2026-06-12T11:34:30.054+0000] {processor.py:840} INFO - DAG(s) 'retrain_sentimentai' retrieved from /opt/airflow/dags/retrain_dag.py
[2026-06-12T11:34:30.092+0000] {logging_mixin.py:188} INFO - [2026-06-12T11:34:30.092+0000] {dag.py:3036} INFO - Sync 1 DAGs
[2026-06-12T11:34:30.130+0000] {logging_mixin.py:188} INFO - [2026-06-12T11:34:30.130+0000] {dag.py:3823} INFO - Setting next_dagrun for retrain_sentimentai to 2026-06-11 02:00:00+00:00, run_after=2026-06-12 02:00:00+00:00
[2026-06-12T11:34:30.164+0000] {processor.py:183} INFO - Processing /opt/airflow/dags/retrain_dag.py took 0.134 seconds
[2026-06-12T11:35:00.503+0000] {processor.py:161} INFO - Started process (PID=4261) to work on /opt/airflow/dags/retrain_dag.py
[2026-06-12T11:35:00.505+0000] {processor.py:830} INFO - Processing file /opt/airflow/dags/retrain_dag.py for tasks to queue
[2026-06-12T11:35:00.509+0000] {logging_mixin.py:188} INFO - [2026-06-12T11:35:00.509+0000] {dagbag.py:538} INFO - Filling up the DagBag from /opt/airflow/dags/retrain_dag.py
[2026-06-12T11:35:00.526+0000] {processor.py:840} INFO - DAG(s) 'retrain_sentimentai' retrieved from /opt/airflow/dags/retrain_dag.py
[2026-06-12T11:35:00.570+0000] {logging_mixin.py:188} INFO - [2026-06-12T11:35:00.570+0000] {dag.py:3036} INFO - Sync 1 DAGs
[2026-06-12T11:35:00.617+0000] {logging_mixin.py:188} INFO - [2026-06-12T11:35:00.617+0000] {dag.py:3823} INFO - Setting next_dagrun for retrain_sentimentai to 2026-06-11 02:00:00+00:00, run_after=2026-06-12 02:00:00+00:00
[2026-06-12T11:35:00.651+0000] {processor.py:183} INFO - Processing /opt/airflow/dags/retrain_dag.py took 0.154 seconds
[2026-06-12T11:35:31.137+0000] {processor.py:161} INFO - Started process (PID=4326) to work on /opt/airflow/dags/retrain_dag.py
[2026-06-12T11:35:31.139+0000] {processor.py:830} INFO - Processing file /opt/airflow/dags/retrain_dag.py for tasks to queue
[2026-06-12T11:35:31.141+0000] {logging_mixin.py:188} INFO - [2026-06-12T11:35:31.141+0000] {dagbag.py:538} INFO - Filling up the DagBag from /opt/airflow/dags/retrain_dag.py
[2026-06-12T11:35:31.155+0000] {processor.py:840} INFO - DAG(s) 'retrain_sentimentai' retrieved from /opt/airflow/dags/retrain_dag.py
[2026-06-12T11:35:31.193+0000] {logging_mixin.py:188} INFO - [2026-06-12T11:35:31.193+0000] {dag.py:3036} INFO - Sync 1 DAGs
[2026-06-12T11:35:31.240+0000] {logging_mixin.py:188} INFO - [2026-06-12T11:35:31.239+0000] {dag.py:3823} INFO - Setting next_dagrun for retrain_sentimentai to 2026-06-11 02:00:00+00:00, run_after=2026-06-12 02:00:00+00:00
[2026-06-12T11:35:31.275+0000] {processor.py:183} INFO - Processing /opt/airflow/dags/retrain_dag.py took 0.143 seconds
[2026-06-12T11:36:01.549+0000] {processor.py:161} INFO - Started process (PID=4390) to work on /opt/airflow/dags/retrain_dag.py
[2026-06-12T11:36:01.551+0000] {processor.py:830} INFO - Processing file /opt/airflow/dags/retrain_dag.py for tasks to queue
[2026-06-12T11:36:01.553+0000] {logging_mixin.py:188} INFO - [2026-06-12T11:36:01.553+0000] {dagbag.py:538} INFO - Filling up the DagBag from /opt/airflow/dags/retrain_dag.py
[2026-06-12T11:36:01.566+0000] {processor.py:840} INFO - DAG(s) 'retrain_sentimentai' retrieved from /opt/airflow/dags/retrain_dag.py
[2026-06-12T11:36:01.605+0000] {logging_mixin.py:188} INFO - [2026-06-12T11:36:01.605+0000] {dag.py:3036} INFO - Sync 1 DAGs
[2026-06-12T11:36:01.650+0000] {logging_mixin.py:188} INFO - [2026-06-12T11:36:01.650+0000] {dag.py:3823} INFO - Setting next_dagrun for retrain_sentimentai to 2026-06-11 02:00:00+00:00, run_after=2026-06-12 02:00:00+00:00
[2026-06-12T11:36:01.682+0000] {processor.py:183} INFO - Processing /opt/airflow/dags/retrain_dag.py took 0.139 seconds
[2026-06-12T11:36:32.131+0000] {processor.py:161} INFO - Started process (PID=4455) to work on /opt/airflow/dags/retrain_dag.py
[2026-06-12T11:36:32.132+0000] {processor.py:830} INFO - Processing file /opt/airflow/dags/retrain_dag.py for tasks to queue
[2026-06-12T11:36:32.134+0000] {logging_mixin.py:188} INFO - [2026-06-12T11:36:32.134+0000] {dagbag.py:538} INFO - Filling up the DagBag from /opt/airflow/dags/retrain_dag.py
[2026-06-12T11:36:32.146+0000] {processor.py:840} INFO - DAG(s) 'retrain_sentimentai' retrieved from /opt/airflow/dags/retrain_dag.py
[2026-06-12T11:36:32.181+0000] {logging_mixin.py:188} INFO - [2026-06-12T11:36:32.181+0000] {dag.py:3036} INFO - Sync 1 DAGs
[2026-06-12T11:36:32.219+0000] {logging_mixin.py:188} INFO - [2026-06-12T11:36:32.218+0000] {dag.py:3823} INFO - Setting next_dagrun for retrain_sentimentai to 2026-06-11 02:00:00+00:00, run_after=2026-06-12 02:00:00+00:00
[2026-06-12T11:36:32.250+0000] {processor.py:183} INFO - Processing /opt/airflow/dags/retrain_dag.py took 0.124 seconds
[2026-06-12T11:37:02.473+0000] {processor.py:161} INFO - Started process (PID=4522) to work on /opt/airflow/dags/retrain_dag.py
[2026-06-12T11:37:02.475+0000] {processor.py:830} INFO - Processing file /opt/airflow/dags/retrain_dag.py for tasks to queue
[2026-06-12T11:37:02.478+0000] {logging_mixin.py:188} INFO - [2026-06-12T11:37:02.477+0000] {dagbag.py:538} INFO - Filling up the DagBag from /opt/airflow/dags/retrain_dag.py
[2026-06-12T11:37:02.490+0000] {processor.py:840} INFO - DAG(s) 'retrain_sentimentai' retrieved from /opt/airflow/dags/retrain_dag.py
[2026-06-12T11:37:02.532+0000] {logging_mixin.py:188} INFO - [2026-06-12T11:37:02.531+0000] {dag.py:3036} INFO - Sync 1 DAGs
[2026-06-12T11:37:02.574+0000] {logging_mixin.py:188} INFO - [2026-06-12T11:37:02.574+0000] {dag.py:3823} INFO - Setting next_dagrun for retrain_sentimentai to 2026-06-11 02:00:00+00:00, run_after=2026-06-12 02:00:00+00:00
[2026-06-12T11:37:02.607+0000] {processor.py:183} INFO - Processing /opt/airflow/dags/retrain_dag.py took 0.139 seconds
